Run ID: 20260507_180321_193898_compilergym_mixed_main_timeout60_seed456_split456
Suites: cbench, blas, opencv, mibench, chstone, tensorflow, npb
Manifest: /root/exp/PerProgramAutoTune/datasets/compiler_gym_llvm21/manifests/compilergym_baseline_ir_manifest.json
Train pool: 300, test: 732
Train quotas: {'cbench': 3, 'blas': 47, 'opencv': 53, 'mibench': 12, 'chstone': 3, 'tensorflow': 147, 'npb': 35}
Seed sequences: 19 (singletons)
Using timeout-aware instruction backend: 60.0s per opt subprocess
Preparing objective backend for 1032 unique programs...
============================================================
目标类型:      instrcount
目标基准:      -Oz
基准指标:      -Oz 基准指令数
优化指标:      归一化指令数
输入程序数:    300
输入次优序列数: 19
测试程序数:    732
Pass 词表大小: 19
协同边数:      176
自环 pass 数:  3
序列长度上限:  120
Loop 合法化策略: wrap
实验种子:      456
划分种子:      456
特征模式:      lite
RF 特征维度:   31
词表: ['module(attributor)', 'module(scc-oz-module-inliner)', 'cgscc(attributor-cgscc)', 'function(dse)', 'function(jump-threading)', 'function(mem2reg)', 'function(memcpyopt)', 'function(newgvn)', 'loop(loop-simplifycfg)', 'module(iroutliner)', 'function(dce)', 'function(instsimplify)', 'function(reassociate)', 'function(gvn-hoist)', 'module(elim-avail-extern)', 'module(globalopt)', 'function(lower-switch)', 'function(gvn-sink)', 'module(inferattrs)']
多目标权重:    mean=1.0, worsen=0.15, highvar=0.0

[Step 1.5] 训练程序切分...
  search_train 程序数: 200
  validation 程序数:   100
  split_signature(search_train): e69cc42435e65d3211e48ee5ac8d43cab540f83b
  split_signature(validation):   f321e3d496d37c262a9e891f50c438f47e7e092d
  split_signature(test):         e884fd6c4c2163ea569d6c2c3f2d498bb53915fc

[Step 2] 计算 search_train 程序 -Oz 基准指令数...
[Step 2b] 计算 validation 程序 -Oz 基准指令数...
[Step 2c] 计算测试集程序 -Oz 基准指令数...

[Step 3] 评估初始 seed 序列（共 19 条）...

[Step 4] 开始贝叶斯优化（100 轮）...
GA search time: 4.17s, candidates: 456
  [iter   1/100] search_obj=1.1217  search_best=1.0295  validation_best=1.0364  EI=0.0214  rnum=256.0  len=20  syn_rate=0.10  mean=1.0310  worsen=60.50%  highvar=0.00%
GA search time: 1.67s, candidates: 456
  [iter   2/100] search_obj=1.0373  search_best=1.0295  validation_best=1.0348  EI=0.0207  rnum=256.0  len=4  syn_rate=0.00  mean=0.9983  worsen=26.00%  highvar=0.00%
GA search time: 1.71s, candidates: 455
  [iter   3/100] search_obj=1.0537  search_best=1.0295  validation_best=1.0348  EI=0.0345  rnum=256.0  len=6  syn_rate=0.03  mean=1.0094  worsen=29.50%  highvar=0.00%
GA search time: 1.04s, candidates: 455
  [iter   4/100] search_obj=1.0566  search_best=1.0295  validation_best=1.0348  EI=0.0346  rnum=255.9  len=3  syn_rate=0.00  mean=1.0101  worsen=31.00%  highvar=0.00%
GA search time: 0.98s, candidates: 455
  [iter   5/100] search_obj=1.0245  search_best=1.0245  validation_best=1.0329  EI=0.0326  rnum=255.8  len=7  syn_rate=0.01  mean=0.9975  worsen=18.00%  highvar=0.00%
GA search time: 1.07s, candidates: 455
  [iter   6/100] search_obj=1.0273  search_best=1.0245  validation_best=1.0329  EI=0.0300  rnum=255.6  len=3  syn_rate=0.00  mean=0.9980  worsen=19.50%  highvar=0.00%
GA search time: 1.05s, candidates: 455
  [iter   7/100] search_obj=1.0273  search_best=1.0245  validation_best=1.0329  EI=0.0319  rnum=255.4  len=2  syn_rate=0.00  mean=0.9980  worsen=19.50%  highvar=0.00%
GA search time: 0.72s, candidates: 455
  [iter   8/100] search_obj=1.0273  search_best=1.0245  validation_best=1.0329  EI=0.0264  rnum=255.1  len=6  syn_rate=0.00  mean=0.9980  worsen=19.50%  highvar=0.00%
GA search time: 0.80s, candidates: 454
  [iter   9/100] search_obj=1.0236  search_best=1.0236  validation_best=1.0312  EI=0.0253  rnum=254.8  len=2  syn_rate=0.01  mean=0.9974  worsen=17.50%  highvar=0.00%
GA search time: 0.78s, candidates: 454
  [iter  10/100] search_obj=1.0273  search_best=1.0236  validation_best=1.0312  EI=0.0208  rnum=254.4  len=4  syn_rate=0.01  mean=0.9980  worsen=19.50%  highvar=0.00%
GA search time: 0.94s, candidates: 454
  [iter  11/100] search_obj=1.0273  search_best=1.0236  validation_best=1.0312  EI=0.0199  rnum=254.0  len=7  syn_rate=0.00  mean=0.9980  worsen=19.50%  highvar=0.00%
GA search time: 0.86s, candidates: 453
  [iter  12/100] search_obj=1.0336  search_best=1.0236  validation_best=1.0312  EI=0.0057  rnum=253.6  len=17  syn_rate=0.07  mean=0.9984  worsen=23.50%  highvar=0.00%
GA search time: 1.19s, candidates: 453
  [iter  13/100] search_obj=1.0295  search_best=1.0236  validation_best=1.0312  EI=0.0208  rnum=253.0  len=2  syn_rate=0.01  mean=0.9980  worsen=21.00%  highvar=0.00%
GA search time: 1.27s, candidates: 452
  [iter  14/100] search_obj=1.2346  search_best=1.0236  validation_best=1.0312  EI=0.0079  rnum=252.5  len=5  syn_rate=0.01  mean=1.1266  worsen=72.00%  highvar=0.00%
GA search time: 2.49s, candidates: 451
  [iter  15/100] search_obj=1.0264  search_best=1.0236  validation_best=1.0312  EI=0.0130  rnum=251.9  len=6  syn_rate=0.02  mean=0.9979  worsen=19.00%  highvar=0.00%
GA search time: 4.38s, candidates: 451
  [iter  16/100] search_obj=1.0264  search_best=1.0236  validation_best=1.0312  EI=0.0135  rnum=251.2  len=5  syn_rate=0.02  mean=0.9979  worsen=19.00%  highvar=0.00%
GA search time: 3.45s, candidates: 450
  [iter  17/100] search_obj=1.0254  search_best=1.0236  validation_best=1.0312  EI=0.0152  rnum=250.5  len=4  syn_rate=0.01  mean=0.9969  worsen=19.00%  highvar=0.00%
GA search time: 4.16s, candidates: 449
  [iter  18/100] search_obj=1.0206  search_best=1.0206  validation_best=1.0312  EI=0.0150  rnum=249.8  len=6  syn_rate=0.01  mean=0.9973  worsen=15.50%  highvar=0.00%
GA search time: 2.01s, candidates: 448
  [iter  19/100] search_obj=1.0206  search_best=1.0206  validation_best=1.0312  EI=0.0141  rnum=249.0  len=10  syn_rate=0.01  mean=0.9973  worsen=15.50%  highvar=0.00%
GA search time: 2.39s, candidates: 448
  [iter  20/100] search_obj=1.0992  search_best=1.0206  validation_best=1.0312  EI=0.0073  rnum=248.2  len=12  syn_rate=0.02  mean=1.0130  worsen=57.50%  highvar=0.00%
GA search time: 2.82s, candidates: 447
  [iter  21/100] search_obj=1.0206  search_best=1.0206  validation_best=1.0312  EI=0.0099  rnum=247.3  len=10  syn_rate=0.01  mean=0.9973  worsen=15.50%  highvar=0.00%
GA search time: 4.93s, candidates: 446
  [iter  22/100] search_obj=1.0198  search_best=1.0198  validation_best=1.0312  EI=0.0066  rnum=246.3  len=23  syn_rate=0.04  mean=0.9973  worsen=15.00%  highvar=0.00%
GA search time: 4.61s, candidates: 445
  [iter  23/100] search_obj=1.0119  search_best=1.0119  validation_best=1.0290  EI=0.0069  rnum=245.4  len=35  syn_rate=0.18  mean=0.9917  worsen=13.50%  highvar=0.00%
GA search time: 9.16s, candidates: 444
  [iter  24/100] search_obj=1.0138  search_best=1.0119  validation_best=1.0266  EI=0.0057  rnum=244.4  len=51  syn_rate=0.27  mean=0.9905  worsen=15.50%  highvar=0.00%
GA search time: 10.24s, candidates: 443
  [iter  25/100] search_obj=1.0547  search_best=1.0119  validation_best=1.0266  EI=0.0068  rnum=243.3  len=74  syn_rate=0.40  mean=0.9917  worsen=42.00%  highvar=0.00%
GA search time: 8.57s, candidates: 442
  [iter  26/100] search_obj=1.0136  search_best=1.0119  validation_best=1.0266  EI=0.0046  rnum=242.2  len=52  syn_rate=0.12  mean=0.9829  worsen=20.50%  highvar=0.00%
GA search time: 8.77s, candidates: 441
  [iter  27/100] search_obj=1.0284  search_best=1.0119  validation_best=1.0266  EI=0.0046  rnum=241.1  len=83  syn_rate=0.27  mean=0.9902  worsen=25.50%  highvar=0.00%
GA search time: 16.45s, candidates: 439
  [iter  28/100] search_obj=1.0492  search_best=1.0119  validation_best=1.0266  EI=0.0037  rnum=239.9  len=70  syn_rate=0.13  mean=0.9892  worsen=40.00%  highvar=0.00%
GA search time: 12.02s, candidates: 438
  [iter  29/100] search_obj=1.0563  search_best=1.0119  validation_best=1.0266  EI=0.0031  rnum=238.7  len=58  syn_rate=0.19  mean=1.0083  worsen=32.00%  highvar=0.00%
GA search time: 11.74s, candidates: 437
  [iter  30/100] search_obj=0.9997  search_best=0.9997  validation_best=1.0231  EI=0.0022  rnum=237.4  len=35  syn_rate=0.19  mean=0.9772  worsen=15.00%  highvar=0.00%
GA search time: 8.47s, candidates: 436
  [iter  31/100] search_obj=0.9756  search_best=0.9756  validation_best=0.9938  EI=0.0023  rnum=236.1  len=39  syn_rate=0.59  mean=0.9576  worsen=12.00%  highvar=0.00%
GA search time: 16.25s, candidates: 434
  [iter  32/100] search_obj=0.9916  search_best=0.9756  validation_best=0.9938  EI=0.0077  rnum=234.8  len=30  syn_rate=0.70  mean=0.9714  worsen=13.50%  highvar=0.00%
GA search time: 22.20s, candidates: 433
  [iter  33/100] search_obj=1.0691  search_best=0.9756  validation_best=0.9938  EI=0.0066  rnum=233.4  len=51  syn_rate=0.72  mean=1.0016  worsen=45.00%  highvar=0.00%
GA search time: 14.58s, candidates: 432
  [iter  34/100] search_obj=1.0556  search_best=0.9756  validation_best=0.9938  EI=0.0058  rnum=232.0  len=77  syn_rate=0.83  mean=0.9994  worsen=37.50%  highvar=0.00%
GA search time: 12.12s, candidates: 430
  [iter  35/100] search_obj=1.0304  search_best=0.9756  validation_best=0.9938  EI=0.0061  rnum=230.6  len=44  syn_rate=0.37  mean=0.9824  worsen=32.00%  highvar=0.00%
GA search time: 8.95s, candidates: 429
  [iter  36/100] search_obj=0.9923  search_best=0.9756  validation_best=0.9938  EI=0.0059  rnum=229.1  len=40  syn_rate=0.59  mean=0.9735  worsen=12.50%  highvar=0.00%
GA search time: 9.31s, candidates: 427
  [iter  37/100] search_obj=1.0349  search_best=0.9756  validation_best=0.9938  EI=0.0044  rnum=227.6  len=37  syn_rate=0.53  mean=0.9839  worsen=34.00%  highvar=0.00%
GA search time: 10.79s, candidates: 426
  [iter  38/100] search_obj=1.0572  search_best=0.9756  validation_best=0.9938  EI=0.0037  rnum=226.0  len=73  syn_rate=0.70  mean=0.9987  worsen=39.00%  highvar=0.00%
GA search time: 6.64s, candidates: 424
  [iter  39/100] search_obj=1.0792  search_best=0.9756  validation_best=0.9938  EI=0.0044  rnum=224.4  len=22  syn_rate=0.09  mean=1.0095  worsen=46.50%  highvar=0.00%
GA search time: 9.86s, candidates: 422
  [iter  40/100] search_obj=0.9814  search_best=0.9756  validation_best=0.9938  EI=0.0042  rnum=222.8  len=50  syn_rate=0.76  mean=0.9597  worsen=14.50%  highvar=0.00%
GA search time: 9.15s, candidates: 421
  [iter  41/100] search_obj=0.9807  search_best=0.9756  validation_best=0.9938  EI=0.0040  rnum=221.2  len=52  syn_rate=0.76  mean=0.9590  worsen=14.50%  highvar=0.00%
GA search time: 16.31s, candidates: 419
  [iter  42/100] search_obj=1.0405  search_best=0.9756  validation_best=0.9938  EI=0.0051  rnum=219.5  len=45  syn_rate=0.54  mean=0.9895  worsen=34.00%  highvar=0.00%
GA search time: 16.57s, candidates: 417
  [iter  43/100] search_obj=0.9809  search_best=0.9756  validation_best=0.9938  EI=0.0043  rnum=217.8  len=52  syn_rate=0.82  mean=0.9599  worsen=14.00%  highvar=0.00%
GA search time: 19.37s, candidates: 416
  [iter  44/100] search_obj=1.0607  search_best=0.9756  validation_best=0.9938  EI=0.0043  rnum=216.1  len=54  syn_rate=0.61  mean=1.0014  worsen=39.50%  highvar=0.00%
GA search time: 14.60s, candidates: 414
  [iter  45/100] search_obj=0.9766  search_best=0.9756  validation_best=0.9938  EI=0.0041  rnum=214.3  len=39  syn_rate=0.61  mean=0.9586  worsen=12.00%  highvar=0.00%
GA search time: 14.38s, candidates: 412
  [iter  46/100] search_obj=0.9975  search_best=0.9756  validation_best=0.9938  EI=0.0051  rnum=212.5  len=36  syn_rate=0.60  mean=0.9630  worsen=23.00%  highvar=0.00%
GA search time: 12.72s, candidates: 410
  [iter  47/100] search_obj=0.9751  search_best=0.9751  validation_best=0.9929  EI=0.0049  rnum=210.7  len=43  syn_rate=0.66  mean=0.9571  worsen=12.00%  highvar=0.00%
GA search time: 11.43s, candidates: 408
  [iter  48/100] search_obj=1.0049  search_best=0.9751  validation_best=0.9929  EI=0.0044  rnum=208.9  len=53  syn_rate=0.65  mean=0.9757  worsen=19.50%  highvar=0.00%
GA search time: 11.91s, candidates: 407
  [iter  49/100] search_obj=0.9768  search_best=0.9751  validation_best=0.9929  EI=0.0040  rnum=207.0  len=41  syn_rate=0.66  mean=0.9581  worsen=12.50%  highvar=0.00%
GA search time: 11.81s, candidates: 405
  [iter  50/100] search_obj=0.9768  search_best=0.9751  validation_best=0.9929  EI=0.0052  rnum=205.2  len=42  syn_rate=0.71  mean=0.9581  worsen=12.50%  highvar=0.00%
GA search time: 7.88s, candidates: 403
  [iter  51/100] search_obj=1.0203  search_best=0.9751  validation_best=0.9929  EI=0.0050  rnum=203.3  len=46  syn_rate=0.65  mean=0.9798  worsen=27.00%  highvar=0.00%
GA search time: 8.33s, candidates: 401
  [iter  52/100] search_obj=1.0587  search_best=0.9751  validation_best=0.9929  EI=0.0042  rnum=201.3  len=52  syn_rate=0.64  mean=1.0002  worsen=39.00%  highvar=0.00%
GA search time: 13.92s, candidates: 399
  [iter  53/100] search_obj=0.9749  search_best=0.9749  validation_best=0.9929  EI=0.0042  rnum=199.4  len=50  syn_rate=0.68  mean=0.9569  worsen=12.00%  highvar=0.00%
GA search time: 13.68s, candidates: 397
  [iter  54/100] search_obj=0.9768  search_best=0.9749  validation_best=0.9929  EI=0.0060  rnum=197.4  len=44  syn_rate=0.70  mean=0.9581  worsen=12.50%  highvar=0.00%
GA search time: 13.96s, candidates: 395
  [iter  55/100] search_obj=0.9768  search_best=0.9749  validation_best=0.9929  EI=0.0057  rnum=195.4  len=46  syn_rate=0.77  mean=0.9581  worsen=12.50%  highvar=0.00%
GA search time: 13.30s, candidates: 393
  [iter  56/100] search_obj=1.0101  search_best=0.9749  validation_best=0.9929  EI=0.0060  rnum=193.4  len=46  syn_rate=0.72  mean=0.9681  worsen=28.00%  highvar=0.00%
GA search time: 15.33s, candidates: 391
  [iter  57/100] search_obj=0.9964  search_best=0.9749  validation_best=0.9929  EI=0.0051  rnum=191.4  len=90  syn_rate=0.68  mean=0.9679  worsen=19.00%  highvar=0.00%
GA search time: 13.69s, candidates: 389
  [iter  58/100] search_obj=0.9768  search_best=0.9749  validation_best=0.9929  EI=0.0052  rnum=189.4  len=48  syn_rate=0.79  mean=0.9581  worsen=12.50%  highvar=0.00%
GA search time: 13.63s, candidates: 387
  [iter  59/100] search_obj=0.9917  search_best=0.9749  validation_best=0.9929  EI=0.0057  rnum=187.4  len=44  syn_rate=0.63  mean=0.9722  worsen=13.00%  highvar=0.00%
GA search time: 14.42s, candidates: 385
  [iter  60/100] search_obj=1.0802  search_best=0.9749  validation_best=0.9929  EI=0.0045  rnum=185.3  len=53  syn_rate=0.61  mean=1.0127  worsen=45.00%  highvar=0.00%
GA search time: 11.67s, candidates: 383
  [iter  61/100] search_obj=1.0447  search_best=0.9749  validation_best=0.9929  EI=0.0066  rnum=183.2  len=52  syn_rate=0.59  mean=1.0034  worsen=27.50%  highvar=0.00%
GA search time: 15.03s, candidates: 381
  [iter  62/100] search_obj=1.0633  search_best=0.9749  validation_best=0.9929  EI=0.0050  rnum=181.1  len=42  syn_rate=0.59  mean=1.0018  worsen=41.00%  highvar=0.00%
GA search time: 16.21s, candidates: 379
  [iter  63/100] search_obj=0.9768  search_best=0.9749  validation_best=0.9929  EI=0.0051  rnum=179.0  len=45  syn_rate=0.79  mean=0.9581  worsen=12.50%  highvar=0.00%
GA search time: 14.75s, candidates: 376
  [iter  64/100] search_obj=0.9755  search_best=0.9749  validation_best=0.9929  EI=0.0058  rnum=176.9  len=40  syn_rate=0.68  mean=0.9575  worsen=12.00%  highvar=0.00%
GA search time: 13.05s, candidates: 374
  [iter  65/100] search_obj=0.9966  search_best=0.9749  validation_best=0.9929  EI=0.0051  rnum=174.8  len=44  syn_rate=0.62  mean=0.9764  worsen=13.50%  highvar=0.00%
GA search time: 14.56s, candidates: 372
  [iter  66/100] search_obj=0.9768  search_best=0.9749  validation_best=0.9929  EI=0.0053  rnum=172.7  len=44  syn_rate=0.70  mean=0.9581  worsen=12.50%  highvar=0.00%
GA search time: 14.61s, candidates: 370
  [iter  67/100] search_obj=0.9756  search_best=0.9749  validation_best=0.9929  EI=0.0064  rnum=170.6  len=47  syn_rate=0.73  mean=0.9576  worsen=12.00%  highvar=0.00%
GA search time: 13.48s, candidates: 368
  [iter  68/100] search_obj=0.9755  search_best=0.9749  validation_best=0.9929  EI=0.0082  rnum=168.4  len=42  syn_rate=0.69  mean=0.9575  worsen=12.00%  highvar=0.00%
GA search time: 10.13s, candidates: 366
  [iter  69/100] search_obj=1.0206  search_best=0.9749  validation_best=0.9929  EI=0.0068  rnum=166.3  len=47  syn_rate=0.66  mean=0.9794  worsen=27.50%  highvar=0.00%
GA search time: 13.96s, candidates: 364
  [iter  70/100] search_obj=0.9957  search_best=0.9749  validation_best=0.9929  EI=0.0070  rnum=164.2  len=43  syn_rate=0.70  mean=0.9695  worsen=17.50%  highvar=0.00%
GA search time: 13.82s, candidates: 362
  [iter  71/100] search_obj=0.9772  search_best=0.9749  validation_best=0.9923  EI=0.0064  rnum=162.0  len=48  syn_rate=0.73  mean=0.9577  worsen=13.00%  highvar=0.00%
GA search time: 12.87s, candidates: 359
  [iter  72/100] search_obj=1.0476  search_best=0.9749  validation_best=0.9923  EI=0.0054  rnum=159.9  len=48  syn_rate=0.74  mean=0.9891  worsen=39.00%  highvar=0.00%
GA search time: 10.62s, candidates: 357
  [iter  73/100] search_obj=0.9755  search_best=0.9749  validation_best=0.9923  EI=0.0064  rnum=157.7  len=43  syn_rate=0.71  mean=0.9575  worsen=12.00%  highvar=0.00%
GA search time: 11.17s, candidates: 355
  [iter  74/100] search_obj=0.9756  search_best=0.9749  validation_best=0.9923  EI=0.0059  rnum=155.6  len=56  syn_rate=0.70  mean=0.9576  worsen=12.00%  highvar=0.00%
GA search time: 10.44s, candidates: 353
  [iter  75/100] search_obj=0.9755  search_best=0.9749  validation_best=0.9923  EI=0.0062  rnum=153.4  len=46  syn_rate=0.71  mean=0.9575  worsen=12.00%  highvar=0.00%
GA search time: 12.85s, candidates: 351
  [iter  76/100] search_obj=0.9763  search_best=0.9749  validation_best=0.9923  EI=0.0055  rnum=151.3  len=92  syn_rate=0.76  mean=0.9568  worsen=13.00%  highvar=0.00%
GA search time: 15.24s, candidates: 349
  [iter  77/100] search_obj=0.9909  search_best=0.9749  validation_best=0.9923  EI=0.0061  rnum=149.1  len=95  syn_rate=0.77  mean=0.9722  worsen=12.50%  highvar=0.00%
GA search time: 11.69s, candidates: 346
  [iter  78/100] search_obj=0.9755  search_best=0.9749  validation_best=0.9923  EI=0.0060  rnum=147.0  len=45  syn_rate=0.61  mean=0.9575  worsen=12.00%  highvar=0.00%
GA search time: 13.76s, candidates: 344
  [iter  79/100] search_obj=1.0187  search_best=0.9749  validation_best=0.9923  EI=0.0062  rnum=144.8  len=53  syn_rate=0.61  mean=0.9790  worsen=26.50%  highvar=0.00%
GA search time: 12.06s, candidates: 342
  [iter  80/100] search_obj=0.9755  search_best=0.9749  validation_best=0.9923  EI=0.0057  rnum=142.7  len=47  syn_rate=0.71  mean=0.9575  worsen=12.00%  highvar=0.00%
GA search time: 10.50s, candidates: 340
  [iter  81/100] search_obj=0.9783  search_best=0.9749  validation_best=0.9923  EI=0.0059  rnum=140.5  len=51  syn_rate=0.74  mean=0.9588  worsen=13.00%  highvar=0.00%
GA search time: 10.49s, candidates: 338
  [iter  82/100] search_obj=0.9755  search_best=0.9749  validation_best=0.9923  EI=0.0059  rnum=138.4  len=55  syn_rate=0.89  mean=0.9575  worsen=12.00%  highvar=0.00%
GA search time: 10.43s, candidates: 336
  [iter  83/100] search_obj=0.9761  search_best=0.9749  validation_best=0.9923  EI=0.0055  rnum=136.3  len=71  syn_rate=0.89  mean=0.9573  worsen=12.50%  highvar=0.00%
GA search time: 12.70s, candidates: 334
  [iter  84/100] search_obj=0.9910  search_best=0.9749  validation_best=0.9923  EI=0.0071  rnum=134.2  len=60  syn_rate=0.70  mean=0.9730  worsen=12.00%  highvar=0.00%
GA search time: 12.94s, candidates: 332
  [iter  85/100] search_obj=0.9755  search_best=0.9749  validation_best=0.9923  EI=0.0070  rnum=132.1  len=45  syn_rate=0.61  mean=0.9575  worsen=12.00%  highvar=0.00%
GA search time: 13.56s, candidates: 329
  [iter  86/100] search_obj=0.9755  search_best=0.9749  validation_best=0.9923  EI=0.0071  rnum=130.0  len=48  syn_rate=0.62  mean=0.9575  worsen=12.00%  highvar=0.00%
GA search time: 12.11s, candidates: 327
  [iter  87/100] search_obj=0.9769  search_best=0.9749  validation_best=0.9923  EI=0.0069  rnum=127.9  len=45  syn_rate=0.59  mean=0.9581  worsen=12.50%  highvar=0.00%
GA search time: 12.46s, candidates: 325
  [iter  88/100] search_obj=0.9790  search_best=0.9749  validation_best=0.9923  EI=0.0067  rnum=125.8  len=46  syn_rate=0.60  mean=0.9595  worsen=13.00%  highvar=0.00%
GA search time: 12.88s, candidates: 323
  [iter  89/100] search_obj=0.9769  search_best=0.9749  validation_best=0.9923  EI=0.0073  rnum=123.7  len=46  syn_rate=0.59  mean=0.9581  worsen=12.50%  highvar=0.00%
GA search time: 16.90s, candidates: 321
  [iter  90/100] search_obj=0.9755  search_best=0.9749  validation_best=0.9923  EI=0.0064  rnum=121.6  len=58  syn_rate=0.89  mean=0.9575  worsen=12.00%  highvar=0.00%
GA search time: 13.88s, candidates: 319
  [iter  91/100] search_obj=1.0609  search_best=0.9749  validation_best=0.9923  EI=0.0058  rnum=119.6  len=64  syn_rate=0.61  mean=1.0002  worsen=40.50%  highvar=0.00%
GA search time: 14.71s, candidates: 317
  [iter  92/100] search_obj=1.0660  search_best=0.9749  validation_best=0.9923  EI=0.0071  rnum=117.5  len=49  syn_rate=0.48  mean=1.0045  worsen=41.00%  highvar=0.00%
GA search time: 14.10s, candidates: 315
  [iter  93/100] search_obj=0.9755  search_best=0.9749  validation_best=0.9923  EI=0.0056  rnum=115.5  len=49  syn_rate=0.62  mean=0.9575  worsen=12.00%  highvar=0.00%
GA search time: 15.47s, candidates: 313
  [iter  94/100] search_obj=1.0916  search_best=0.9749  validation_best=0.9923  EI=0.0053  rnum=113.5  len=79  syn_rate=0.60  mean=1.0219  worsen=46.50%  highvar=0.00%
GA search time: 16.14s, candidates: 311
  [iter  95/100] search_obj=0.9756  search_best=0.9749  validation_best=0.9923  EI=0.0073  rnum=111.5  len=53  syn_rate=0.86  mean=0.9576  worsen=12.00%  highvar=0.00%
GA search time: 15.90s, candidates: 309
  [iter  96/100] search_obj=0.9765  search_best=0.9749  validation_best=0.9923  EI=0.0066  rnum=109.5  len=61  syn_rate=0.70  mean=0.9570  worsen=13.00%  highvar=0.00%
GA search time: 14.68s, candidates: 307
  [iter  97/100] search_obj=0.9755  search_best=0.9749  validation_best=0.9923  EI=0.0067  rnum=107.6  len=44  syn_rate=0.70  mean=0.9575  worsen=12.00%  highvar=0.00%
GA search time: 16.31s, candidates: 305
  [iter  98/100] search_obj=0.9769  search_best=0.9749  validation_best=0.9923  EI=0.0073  rnum=105.6  len=49  syn_rate=0.59  mean=0.9581  worsen=12.50%  highvar=0.00%
GA search time: 15.42s, candidates: 303
  [iter  99/100] search_obj=0.9780  search_best=0.9749  validation_best=0.9923  EI=0.0074  rnum=103.7  len=55  syn_rate=0.74  mean=0.9593  worsen=12.50%  highvar=0.00%
GA search time: 14.30s, candidates: 301
  [iter 100/100] search_obj=0.9758  search_best=0.9749  validation_best=0.9923  EI=0.0070  rnum=101.7  len=63  syn_rate=0.70  mean=0.9571  worsen=12.50%  highvar=0.00%

[Step 5] 按 validation 选择最终通用序列...
  选择结果:
    search_train_obj=0.9772, search_train_mean=0.9577, search_train_worsen=13.00%, search_train_highvar=0.00%
    validation_obj=0.9923, validation_mean=0.9623, validation_worsen=20.00%, validation_highvar=0.00%

[Step 6] 在 validation 上执行消融后处理...

[Ablation-validation] 初始序列长度: 48, objective: 0.9923, mean_norm: 0.9623, worsen_rate: 20.00%
  移除 [47] cgscc(attributor-cgscc): objective 0.9920, mean_norm 0.9620, worsen_rate 20.00% (保留移除)
  移除 [46] module(elim-avail-extern): objective 0.9921 > 0.9920 (恢复)
  移除 [45] function(gvn-sink): objective 0.9920, mean_norm 0.9620, worsen_rate 20.00% (保留移除)
  移除 [44] module(iroutliner): objective 0.9935 > 0.9920 (恢复)
  移除 [43] module(scc-oz-module-inliner): objective 0.9942 > 0.9920 (恢复)
  移除 [42] cgscc(attributor-cgscc): objective 0.9920, mean_norm 0.9620, worsen_rate 20.00% (保留移除)
  移除 [41] module(attributor): objective 0.9921 > 0.9920 (恢复)
  移除 [40] function(mem2reg): objective 0.9920, mean_norm 0.9620, worsen_rate 20.00% (保留移除)
  移除 [39] function(jump-threading): objective 0.9920, mean_norm 0.9620, worsen_rate 20.00% (保留移除)
  移除 [38] module(iroutliner): objective 1.0000 > 0.9920 (恢复)
  移除 [37] module(inferattrs): objective 0.9920, mean_norm 0.9620, worsen_rate 20.00% (保留移除)
  移除 [36] function(memcpyopt): objective 0.9920, mean_norm 0.9620, worsen_rate 20.00% (保留移除)
  移除 [35] module(scc-oz-module-inliner): objective 0.9917, mean_norm 0.9617, worsen_rate 20.00% (保留移除)
  移除 [34] module(attributor): objective 0.9917, mean_norm 0.9617, worsen_rate 20.00% (保留移除)
  移除 [33] loop(loop-simplifycfg): objective 0.9917, mean_norm 0.9617, worsen_rate 20.00% (保留移除)
  移除 [32] module(inferattrs): objective 0.9917, mean_norm 0.9617, worsen_rate 20.00% (保留移除)
  移除 [31] cgscc(attributor-cgscc): objective 0.9916, mean_norm 0.9616, worsen_rate 20.00% (保留移除)
  移除 [30] module(globalopt): objective 0.9916, mean_norm 0.9616, worsen_rate 20.00% (保留移除)
  移除 [29] function(newgvn): objective 0.9916, mean_norm 0.9616, worsen_rate 20.00% (保留移除)
  移除 [28] loop(loop-simplifycfg): objective 0.9921 > 0.9916 (恢复)
  移除 [27] module(inferattrs): objective 0.9937 > 0.9916 (恢复)
  移除 [26] function(reassociate): objective 0.9916, mean_norm 0.9616, worsen_rate 20.00% (保留移除)
  移除 [25] function(gvn-hoist): objective 0.9934 > 0.9916 (恢复)
  移除 [24] function(mem2reg): objective 0.9916, mean_norm 0.9616, worsen_rate 20.00% (保留移除)
  移除 [23] function(mem2reg): objective 0.9916, mean_norm 0.9616, worsen_rate 20.00% (保留移除)
  移除 [22] function(jump-threading): objective 0.9916, mean_norm 0.9616, worsen_rate 20.00% (保留移除)
  移除 [21] function(jump-threading): objective 0.9916, mean_norm 0.9616, worsen_rate 20.00% (保留移除)
  移除 [20] function(newgvn): objective 0.9916, mean_norm 0.9616, worsen_rate 20.00% (保留移除)
  移除 [19] function(dse): objective 0.9916, mean_norm 0.9616, worsen_rate 20.00% (保留移除)
  移除 [18] module(scc-oz-module-inliner): objective 0.9916, mean_norm 0.9616, worsen_rate 20.00% (保留移除)
  移除 [17] function(reassociate): objective 0.9916, mean_norm 0.9616, worsen_rate 20.00% (保留移除)
  移除 [16] function(gvn-sink): objective 0.9932 > 0.9916 (恢复)
  移除 [15] module(attributor): objective 0.9916, mean_norm 0.9616, worsen_rate 20.00% (保留移除)
  移除 [14] cgscc(attributor-cgscc): objective 0.9916, mean_norm 0.9616, worsen_rate 20.00% (保留移除)
  移除 [13] cgscc(attributor-cgscc): objective 0.9916, mean_norm 0.9616, worsen_rate 20.00% (保留移除)
  移除 [12] cgscc(attributor-cgscc): objective 0.9916, mean_norm 0.9616, worsen_rate 20.00% (保留移除)
  移除 [11] function(jump-threading): objective 0.9916, mean_norm 0.9616, worsen_rate 20.00% (保留移除)
  移除 [10] function(newgvn): objective 0.9924 > 0.9916 (恢复)
  移除 [9] function(dce): objective 0.9916, mean_norm 0.9616, worsen_rate 20.00% (保留移除)
  移除 [8] cgscc(attributor-cgscc): objective 0.9916, mean_norm 0.9616, worsen_rate 20.00% (保留移除)
  移除 [7] module(scc-oz-module-inliner): objective 0.9911, mean_norm 0.9611, worsen_rate 20.00% (保留移除)
  移除 [6] module(attributor): objective 0.9911, mean_norm 0.9611, worsen_rate 20.00% (保留移除)
  移除 [5] module(attributor): objective 0.9911, mean_norm 0.9611, worsen_rate 20.00% (保留移除)
  移除 [4] module(attributor): objective 0.9935 > 0.9911 (恢复)
  移除 [3] module(scc-oz-module-inliner): objective 0.9981 > 0.9911 (恢复)
  移除 [2] module(attributor): objective 0.9911, mean_norm 0.9611, worsen_rate 20.00% (保留移除)
  移除 [1] cgscc(attributor-cgscc): objective 0.9911 > 0.9911 (恢复)
  移除 [0] module(attributor): objective 0.9911, mean_norm 0.9611, worsen_rate 20.00% (保留移除)
[Ablation-validation] 最终序列长度: 13, objective: 0.9911, mean_norm: 0.9611, worsen_rate: 20.00%, 移除了 35 个 pass
  消融有效: 48 → 13 passes, validation_objective: 0.9923 → 0.9911

最终通用 pass 序列（effective=13 个顶层 pass, raw=13 个 pass, syn_rate(raw)=0.18）:
  cgscc(attributor-cgscc) → module(scc-oz-module-inliner) → module(attributor) → function(newgvn) → function(gvn-sink) → function(gvn-hoist) → module(inferattrs) → function(loop(loop-simplifycfg)) → module(iroutliner) → module(attributor) → module(scc-oz-module-inliner) → module(iroutliner) → module(elim-avail-extern)
  search_train_obj=0.9773, search_train_mean=0.9578, search_train_worsen=13.00%, search_train_highvar=0.00%
  validation_obj=0.9911, validation_mean=0.9611, validation_worsen=20.00%, validation_highvar=0.00%
  test_obj=0.9700, test_mean=0.9522, test_worsen=11.89%, test_highvar=0.00%
  raw_sequence (13 passes):
  cgscc(attributor-cgscc) → module(scc-oz-module-inliner) → module(attributor) → function(newgvn) → function(gvn-sink) → function(gvn-hoist) → module(inferattrs) → loop(loop-simplifycfg) → module(iroutliner) → module(attributor) → module(scc-oz-module-inliner) → module(iroutliner) → module(elim-avail-extern)
  effective_pipeline: cgscc(attributor-cgscc),module(scc-oz-module-inliner),module(attributor),function(newgvn),function(gvn-sink),function(gvn-hoist),module(inferattrs),function(loop(loop-simplifycfg)),module(iroutliner),module(attributor),module(scc-oz-module-inliner),module(iroutliner),module(elim-avail-extern)

Top-5 最佳序列（按 validation 多目标 objective 升序）:
  #1: validation_obj=0.9923, validation_mean=0.9623, validation_worsen=20.00%, validation_highvar=0.00%, train_obj=0.9772, train_mean=0.9577, train_highvar=0.00%, len=48, syn_rate=0.73, test_obj=0.9696, test_mean=0.9518, test_worsen=11.89%, test_highvar=0.00%
     module(attributor) → cgscc(attributor-cgscc) → module(attributor) → module(scc-oz-module-inliner) → module(attributor) → module(attributor) → module(attributor) → module(scc-oz-module-inliner) → cgscc(attributor-cgscc) → function(dce) → function(newgvn) → function(jump-threading) → cgscc(attributor-cgscc) → cgscc(attributor-cgscc) → cgscc(attributor-cgscc) → module(attributor) → function(gvn-sink) → function(reassociate) → module(scc-oz-module-inliner) → function(dse) → function(newgvn) → function(jump-threading) → function(jump-threading) → function(mem2reg) → function(mem2reg) → function(gvn-hoist) → function(reassociate) → module(inferattrs) → function(loop(loop-simplifycfg)) → function(newgvn) → module(globalopt) → cgscc(attributor-cgscc) → module(inferattrs) → function(loop(loop-simplifycfg)) → module(attributor) → module(scc-oz-module-inliner) → function(memcpyopt) → module(inferattrs) → module(iroutliner) → function(jump-threading) → function(mem2reg) → module(attributor) → cgscc(attributor-cgscc) → module(scc-oz-module-inliner) → module(iroutliner) → function(gvn-sink) → module(elim-avail-extern) → cgscc(attributor-cgscc)
     raw: module(attributor) → cgscc(attributor-cgscc) → module(attributor) → module(scc-oz-module-inliner) → module(attributor) → module(attributor) → module(attributor) → module(scc-oz-module-inliner) → cgscc(attributor-cgscc) → function(dce) → function(newgvn) → function(jump-threading) → cgscc(attributor-cgscc) → cgscc(attributor-cgscc) → cgscc(attributor-cgscc) → module(attributor) → function(gvn-sink) → function(reassociate) → module(scc-oz-module-inliner) → function(dse) → function(newgvn) → function(jump-threading) → function(jump-threading) → function(mem2reg) → function(mem2reg) → function(gvn-hoist) → function(reassociate) → module(inferattrs) → loop(loop-simplifycfg) → function(newgvn) → module(globalopt) → cgscc(attributor-cgscc) → module(inferattrs) → loop(loop-simplifycfg) → module(attributor) → module(scc-oz-module-inliner) → function(memcpyopt) → module(inferattrs) → module(iroutliner) → function(jump-threading) → function(mem2reg) → module(attributor) → cgscc(attributor-cgscc) → module(scc-oz-module-inliner) → module(iroutliner) → function(gvn-sink) → module(elim-avail-extern) → cgscc(attributor-cgscc)
  #2: validation_obj=0.9926, validation_mean=0.9626, validation_worsen=20.00%, validation_highvar=0.00%, train_obj=0.9763, train_mean=0.9568, train_highvar=0.00%, len=92, syn_rate=0.76, test_obj=0.9717, test_mean=0.9532, test_worsen=12.30%, test_highvar=0.00%
     module(attributor) → module(attributor) → module(attributor) → module(attributor) → module(scc-oz-module-inliner) → cgscc(attributor-cgscc) → module(scc-oz-module-inliner) → function(gvn-sink) → function(newgvn) → function(jump-threading) → cgscc(attributor-cgscc) → cgscc(attributor-cgscc) → cgscc(attributor-cgscc) → cgscc(attributor-cgscc) → module(scc-oz-module-inliner) → function(dse) → function(newgvn) → function(jump-threading) → function(jump-threading) → function(mem2reg) → function(mem2reg) → function(gvn-hoist) → function(reassociate) → module(inferattrs) → function(newgvn) → module(globalopt) → module(attributor) → module(iroutliner) → cgscc(attributor-cgscc) → module(inferattrs) → module(attributor) → module(scc-oz-module-inliner) → function(memcpyopt) → module(inferattrs) → module(iroutliner) → function(jump-threading) → function(mem2reg) → function(memcpyopt) → cgscc(attributor-cgscc) → module(scc-oz-module-inliner) → function(gvn-sink) → module(elim-avail-extern) → cgscc(attributor-cgscc) → module(attributor) → module(attributor) → module(attributor) → module(attributor) → module(scc-oz-module-inliner) → cgscc(attributor-cgscc) → module(scc-oz-module-inliner) → module(scc-oz-module-inliner) → function(gvn-sink) → function(newgvn) → cgscc(attributor-cgscc) → cgscc(attributor-cgscc) → cgscc(attributor-cgscc) → cgscc(attributor-cgscc) → module(scc-oz-module-inliner) → function(dse) → function(newgvn) → module(inferattrs) → cgscc(attributor-cgscc) → function(jump-threading) → module(attributor) → module(scc-oz-module-inliner) → function(mem2reg) → function(reassociate) → function(newgvn) → function(dse) → module(attributor) → function(newgvn) → module(inferattrs) → function(loop(loop-simplifycfg)) → module(scc-oz-module-inliner) → cgscc(attributor-cgscc) → module(scc-oz-module-inliner) → function(mem2reg) → module(attributor) → module(scc-oz-module-inliner) → function(mem2reg) → cgscc(attributor-cgscc) → cgscc(attributor-cgscc) → function(reassociate) → function(reassociate) → function(reassociate) → function(newgvn) → function(reassociate) → module(inferattrs) → module(inferattrs) → cgscc(attributor-cgscc) → module(scc-oz-module-inliner) → function(mem2reg)
     raw: module(attributor) → module(attributor) → module(attributor) → module(attributor) → module(scc-oz-module-inliner) → cgscc(attributor-cgscc) → module(scc-oz-module-inliner) → function(gvn-sink) → function(newgvn) → function(jump-threading) → cgscc(attributor-cgscc) → cgscc(attributor-cgscc) → cgscc(attributor-cgscc) → cgscc(attributor-cgscc) → module(scc-oz-module-inliner) → function(dse) → function(newgvn) → function(jump-threading) → function(jump-threading) → function(mem2reg) → function(mem2reg) → function(gvn-hoist) → function(reassociate) → module(inferattrs) → function(newgvn) → module(globalopt) → module(attributor) → module(iroutliner) → cgscc(attributor-cgscc) → module(inferattrs) → module(attributor) → module(scc-oz-module-inliner) → function(memcpyopt) → module(inferattrs) → module(iroutliner) → function(jump-threading) → function(mem2reg) → function(memcpyopt) → cgscc(attributor-cgscc) → module(scc-oz-module-inliner) → function(gvn-sink) → module(elim-avail-extern) → cgscc(attributor-cgscc) → module(attributor) → module(attributor) → module(attributor) → module(attributor) → module(scc-oz-module-inliner) → cgscc(attributor-cgscc) → module(scc-oz-module-inliner) → module(scc-oz-module-inliner) → function(gvn-sink) → function(newgvn) → cgscc(attributor-cgscc) → cgscc(attributor-cgscc) → cgscc(attributor-cgscc) → cgscc(attributor-cgscc) → module(scc-oz-module-inliner) → function(dse) → function(newgvn) → module(inferattrs) → cgscc(attributor-cgscc) → function(jump-threading) → module(attributor) → module(scc-oz-module-inliner) → function(mem2reg) → function(reassociate) → function(newgvn) → function(dse) → module(attributor) → function(newgvn) → module(inferattrs) → loop(loop-simplifycfg) → module(scc-oz-module-inliner) → cgscc(attributor-cgscc) → module(scc-oz-module-inliner) → function(mem2reg) → module(attributor) → module(scc-oz-module-inliner) → function(mem2reg) → cgscc(attributor-cgscc) → cgscc(attributor-cgscc) → function(reassociate) → function(reassociate) → function(reassociate) → function(newgvn) → function(reassociate) → module(inferattrs) → module(inferattrs) → cgscc(attributor-cgscc) → module(scc-oz-module-inliner) → function(mem2reg)
  #3: validation_obj=0.9926, validation_mean=0.9626, validation_worsen=20.00%, validation_highvar=0.00%, train_obj=0.9761, train_mean=0.9573, train_highvar=0.00%, len=71, syn_rate=0.89, test_obj=0.9716, test_mean=0.9536, test_worsen=12.02%, test_highvar=0.00%
     module(attributor) → module(attributor) → module(attributor) → module(attributor) → module(scc-oz-module-inliner) → cgscc(attributor-cgscc) → module(scc-oz-module-inliner) → function(newgvn) → function(jump-threading) → cgscc(attributor-cgscc) → cgscc(attributor-cgscc) → cgscc(attributor-cgscc) → cgscc(attributor-cgscc) → module(scc-oz-module-inliner) → function(dse) → function(newgvn) → cgscc(attributor-cgscc) → cgscc(attributor-cgscc) → module(scc-oz-module-inliner) → function(gvn-sink) → function(jump-threading) → function(jump-threading) → function(mem2reg) → module(elim-avail-extern) → function(mem2reg) → function(dce) → function(gvn-hoist) → function(reassociate) → module(inferattrs) → function(loop(loop-simplifycfg)) → function(newgvn) → module(inferattrs) → function(gvn-hoist) → function(mem2reg) → module(attributor) → module(attributor) → function(instsimplify) → module(globalopt) → cgscc(attributor-cgscc) → module(inferattrs) → module(attributor) → module(scc-oz-module-inliner) → function(memcpyopt) → module(inferattrs) → module(iroutliner) → module(scc-oz-module-inliner) → function(memcpyopt) → module(inferattrs) → module(iroutliner) → function(dce) → function(jump-threading) → function(mem2reg) → module(attributor) → cgscc(attributor-cgscc) → cgscc(attributor-cgscc) → cgscc(attributor-cgscc) → function(dce) → module(scc-oz-module-inliner) → module(attributor) → module(inferattrs) → cgscc(attributor-cgscc) → module(attributor) → function(newgvn) → cgscc(attributor-cgscc) → function(jump-threading) → function(newgvn) → module(inferattrs) → function(gvn-sink) → function(newgvn) → cgscc(attributor-cgscc) → module(inferattrs)
     raw: module(attributor) → module(attributor) → module(attributor) → module(attributor) → module(scc-oz-module-inliner) → cgscc(attributor-cgscc) → module(scc-oz-module-inliner) → function(newgvn) → function(jump-threading) → cgscc(attributor-cgscc) → cgscc(attributor-cgscc) → cgscc(attributor-cgscc) → cgscc(attributor-cgscc) → module(scc-oz-module-inliner) → function(dse) → function(newgvn) → cgscc(attributor-cgscc) → cgscc(attributor-cgscc) → module(scc-oz-module-inliner) → function(gvn-sink) → function(jump-threading) → function(jump-threading) → function(mem2reg) → module(elim-avail-extern) → function(mem2reg) → function(dce) → function(gvn-hoist) → function(reassociate) → module(inferattrs) → loop(loop-simplifycfg) → function(newgvn) → module(inferattrs) → function(gvn-hoist) → function(mem2reg) → module(attributor) → module(attributor) → function(instsimplify) → module(globalopt) → cgscc(attributor-cgscc) → module(inferattrs) → module(attributor) → module(scc-oz-module-inliner) → function(memcpyopt) → module(inferattrs) → module(iroutliner) → module(scc-oz-module-inliner) → function(memcpyopt) → module(inferattrs) → module(iroutliner) → function(dce) → function(jump-threading) → function(mem2reg) → module(attributor) → cgscc(attributor-cgscc) → cgscc(attributor-cgscc) → cgscc(attributor-cgscc) → function(dce) → module(scc-oz-module-inliner) → module(attributor) → module(inferattrs) → cgscc(attributor-cgscc) → module(attributor) → function(newgvn) → cgscc(attributor-cgscc) → function(jump-threading) → function(newgvn) → module(inferattrs) → function(gvn-sink) → function(newgvn) → cgscc(attributor-cgscc) → module(inferattrs)
  #4: validation_obj=0.9929, validation_mean=0.9629, validation_worsen=20.00%, validation_highvar=0.00%, train_obj=0.9751, train_mean=0.9571, train_highvar=0.00%, len=43, syn_rate=0.66, test_obj=0.9710, test_mean=0.9533, test_worsen=11.75%, test_highvar=0.00%
     module(attributor) → module(attributor) → module(attributor) → module(attributor) → module(scc-oz-module-inliner) → cgscc(attributor-cgscc) → function(gvn-sink) → module(scc-oz-module-inliner) → function(newgvn) → function(jump-threading) → cgscc(attributor-cgscc) → cgscc(attributor-cgscc) → cgscc(attributor-cgscc) → cgscc(attributor-cgscc) → function(dse) → function(newgvn) → function(jump-threading) → module(scc-oz-module-inliner) → function(jump-threading) → function(mem2reg) → function(mem2reg) → function(gvn-hoist) → function(reassociate) → module(inferattrs) → function(newgvn) → module(globalopt) → module(attributor) → module(iroutliner) → cgscc(attributor-cgscc) → module(inferattrs) → module(attributor) → module(scc-oz-module-inliner) → function(memcpyopt) → module(inferattrs) → module(iroutliner) → function(jump-threading) → function(mem2reg) → module(attributor) → cgscc(attributor-cgscc) → module(scc-oz-module-inliner) → function(gvn-sink) → module(elim-avail-extern) → cgscc(attributor-cgscc)
  #5: validation_obj=0.9929, validation_mean=0.9629, validation_worsen=20.00%, validation_highvar=0.00%, train_obj=0.9749, train_mean=0.9569, train_highvar=0.00%, len=50, syn_rate=0.68, test_obj=0.9713, test_mean=0.9533, test_worsen=12.02%, test_highvar=0.00%
     module(attributor) → module(attributor) → module(attributor) → module(attributor) → module(scc-oz-module-inliner) → cgscc(attributor-cgscc) → function(gvn-sink) → module(scc-oz-module-inliner) → function(newgvn) → function(jump-threading) → cgscc(attributor-cgscc) → cgscc(attributor-cgscc) → cgscc(attributor-cgscc) → cgscc(attributor-cgscc) → function(dse) → function(newgvn) → function(jump-threading) → module(scc-oz-module-inliner) → function(jump-threading) → function(mem2reg) → function(mem2reg) → function(gvn-hoist) → function(reassociate) → module(inferattrs) → function(loop(loop-simplifycfg)) → function(gvn-sink) → cgscc(attributor-cgscc) → cgscc(attributor-cgscc) → function(jump-threading) → function(newgvn) → module(attributor) → function(newgvn) → module(globalopt) → module(attributor) → module(iroutliner) → cgscc(attributor-cgscc) → module(inferattrs) → module(attributor) → module(scc-oz-module-inliner) → function(memcpyopt) → module(inferattrs) → module(iroutliner) → function(jump-threading) → function(mem2reg) → module(attributor) → cgscc(attributor-cgscc) → module(scc-oz-module-inliner) → function(gvn-sink) → module(elim-avail-extern) → cgscc(attributor-cgscc)
     raw: module(attributor) → module(attributor) → module(attributor) → module(attributor) → module(scc-oz-module-inliner) → cgscc(attributor-cgscc) → function(gvn-sink) → module(scc-oz-module-inliner) → function(newgvn) → function(jump-threading) → cgscc(attributor-cgscc) → cgscc(attributor-cgscc) → cgscc(attributor-cgscc) → cgscc(attributor-cgscc) → function(dse) → function(newgvn) → function(jump-threading) → module(scc-oz-module-inliner) → function(jump-threading) → function(mem2reg) → function(mem2reg) → function(gvn-hoist) → function(reassociate) → module(inferattrs) → loop(loop-simplifycfg) → function(gvn-sink) → cgscc(attributor-cgscc) → cgscc(attributor-cgscc) → function(jump-threading) → function(newgvn) → module(attributor) → function(newgvn) → module(globalopt) → module(attributor) → module(iroutliner) → cgscc(attributor-cgscc) → module(inferattrs) → module(attributor) → module(scc-oz-module-inliner) → function(memcpyopt) → module(inferattrs) → module(iroutliner) → function(jump-threading) → function(mem2reg) → module(attributor) → cgscc(attributor-cgscc) → module(scc-oz-module-inliner) → function(gvn-sink) → module(elim-avail-extern) → cgscc(attributor-cgscc)

[Post] Computing per-suite test metrics for final sequence...
  cbench: objective=1.030187, mean_norm=0.992687, median_norm=0.995495, improved=4/8 (50.00%), worsened=2/8 (25.00%), invalid=0, timeout=0
  blas: objective=0.992717, mean_norm=0.965326, median_norm=0.980392, improved=64/115 (55.65%), worsened=21/115 (18.26%), invalid=0, timeout=0
  opencv: objective=0.989874, mean_norm=0.959405, median_norm=1.000000, improved=58/128 (45.31%), worsened=26/128 (20.31%), invalid=6, timeout=0
  mibench: objective=0.964602, mean_norm=0.953888, median_norm=0.956146, improved=26/28 (92.86%), worsened=2/28 (7.14%), invalid=0, timeout=0
  chstone: objective=0.933210, mean_norm=0.933210, median_norm=0.963664, improved=7/9 (77.78%), worsened=0/9 (0.00%), invalid=0, timeout=0
  tensorflow: objective=0.964582, mean_norm=0.950755, median_norm=0.995671, improved=183/358 (51.12%), worsened=33/358 (9.22%), invalid=5, timeout=0
  npb: objective=0.932870, mean_norm=0.927638, median_norm=0.995047, improved=44/86 (51.16%), worsened=3/86 (3.49%), invalid=0, timeout=0
