# run_id: 20260410_220355_585040_feature_lite
# name: feature_lite
# group: feature_ablation
# description: 切换到 Lite 特征编码，保留其余搜索流程不变。
# changed: FEATURE_MODE=lite
# started_at: 2026-04-10T22:03:55
# control_env:
#   DECAY=0.5
#   FEATURE_MODE=lite
#   GA_ELITE=0.1
#   GA_GEN=3
#   GA_MUT=0.8
#   GA_POP=30
#   GA_TOUR=3
#   ITERS=6
#   MAX_SEQ_LEN=60
#   MIN_VAL_PROGRAMS=4
#   OBJ_WORSEN_W=0.15
#   OFFSET=20
#   RNUM=256
#   RUNS=1
#   SCALE=10
#   SEED_TOPK=20
#   TEST_TOPK=40
#   TRAIN_TOPK=20
#   VAL_RATIO=0.3

Loading train/test rows from: /root/exp/RFunipassLab/data/tuning_results.csv
Loaded train programs:       20
Loaded initial seed seqs:    15
Loaded test programs:        40

Loading synergy graph from: /root/exp/RFunipassLab/data/Step3_EnumeratedPairs.csv
All passes (19): ['module(elim-avail-extern)', 'module(scc-oz-module-inliner)', 'function(dse)', 'module(globalopt)', 'module(attributor)', 'cgscc(attributor-cgscc)', 'module(iroutliner)', 'function(reassociate)', 'function(memcpyopt)', 'function(dce)', 'function(newgvn)', 'function(instsimplify)', 'function(mem2reg)', 'function(jump-threading)', 'function(gvn-hoist)', 'function(gvn-sink)', 'function(lower-switch)', 'loop(loop-simplifycfg)', 'module(inferattrs)']
Synergy edges: 176
Self-loop passes: {'cgscc(attributor-cgscc)', 'module(attributor)', 'function(newgvn)'}

============================================================
实验轮次 1 / 1
============================================================
============================================================
输入程序数:    20
输入次优序列数: 15
测试程序数:    40
Pass 词表大小: 19
协同边数:      176
自环 pass 数:  3
序列长度上限:  60
特征模式:      lite
RF 特征维度:   31
词表: ['module(elim-avail-extern)', 'module(scc-oz-module-inliner)', 'function(dse)', 'module(globalopt)', 'module(attributor)', 'cgscc(attributor-cgscc)', 'module(iroutliner)', 'function(reassociate)', 'function(memcpyopt)', 'function(dce)', 'function(newgvn)', 'function(instsimplify)', 'function(mem2reg)', 'function(jump-threading)', 'function(gvn-hoist)', 'function(gvn-sink)', 'function(lower-switch)', 'loop(loop-simplifycfg)', 'module(inferattrs)']
多目标权重:    mean=1.0, worsen=0.15

[Step 1.5] 训练程序切分...
  search_train 程序数: 14
  validation 程序数:   6

[Step 2] 计算 search_train 程序 -Oz 基准指令数...
[Step 2b] 计算 validation 程序 -Oz 基准指令数...
[Step 2c] 计算测试集程序 -Oz 基准指令数...

[Step 3] 评估初始 seed 序列（共 15 条）...

[Step 4] 开始贝叶斯优化（6 轮）...
GA search time: 0.82s, candidates: 286
  [iter   1/6] search_obj=0.7862  search_best=0.7862  validation_best=0.8551  EI=0.0292  rnum=256.0  len=17  syn_rate=0.36  mean=0.7755  worsen=7.14%
GA search time: 0.96s, candidates: 286
  [iter   2/6] search_obj=0.9256  search_best=0.7862  validation_best=0.8551  EI=0.0271  rnum=256.0  len=18  syn_rate=0.37  mean=0.9149  worsen=7.14%
GA search time: 0.56s, candidates: 286
  [iter   3/6] search_obj=1.0052  search_best=0.7862  validation_best=0.8551  EI=0.0228  rnum=256.0  len=13  syn_rate=0.23  mean=0.9837  worsen=14.29%
GA search time: 0.52s, candidates: 286
  [iter   4/6] search_obj=1.1356  search_best=0.7862  validation_best=0.8551  EI=0.0191  rnum=256.0  len=24  syn_rate=0.41  mean=1.0392  worsen=64.29%
GA search time: 0.39s, candidates: 286
  [iter   5/6] search_obj=1.1390  search_best=0.7862  validation_best=0.8551  EI=0.0215  rnum=256.0  len=12  syn_rate=0.15  mean=1.0426  worsen=64.29%
GA search time: 0.44s, candidates: 286
  [iter   6/6] search_obj=1.0428  search_best=0.7862  validation_best=0.8551  EI=0.0183  rnum=256.0  len=11  syn_rate=0.19  mean=0.9571  worsen=57.14%

[Step 5] 按 validation 选择最终通用序列...
  选择结果:
    search_train_obj=0.8410, search_train_mean=0.8302, search_train_worsen=7.14%
    validation_obj=0.8551, validation_mean=0.8301, validation_worsen=16.67%

[Step 6] 在 validation 上执行消融后处理...

[Ablation-validation] 初始序列长度: 13, objective: 0.8551, mean_norm: 0.8301, worsen_rate: 16.67%
  移除 [12] function(mem2reg): objective 0.8551, mean_norm 0.8301, worsen_rate 16.67% (保留移除)
  移除 [11] function(newgvn): objective 0.8551, mean_norm 0.8301, worsen_rate 16.67% (保留移除)
  移除 [10] function(instsimplify): objective 0.8551, mean_norm 0.8301, worsen_rate 16.67% (保留移除)
  移除 [9] function(newgvn): objective 0.8551, mean_norm 0.8301, worsen_rate 16.67% (保留移除)
  移除 [8] module(scc-oz-module-inliner): objective 0.8608 > 0.8551 (恢复)
  移除 [7] module(elim-avail-extern): objective 0.8551, mean_norm 0.8301, worsen_rate 16.67% (保留移除)
  移除 [6] module(globalopt): objective 0.8551, mean_norm 0.8301, worsen_rate 16.67% (保留移除)
  移除 [5] module(scc-oz-module-inliner): objective 0.8608 > 0.8551 (恢复)
  移除 [4] module(attributor): objective 0.9945 > 0.8551 (恢复)
  移除 [3] module(iroutliner): objective 0.9688 > 0.8551 (恢复)
  移除 [2] module(elim-avail-extern): objective 0.8551, mean_norm 0.8301, worsen_rate 16.67% (保留移除)
  移除 [1] module(globalopt): objective 1.1955 > 0.8551 (恢复)
  移除 [0] module(elim-avail-extern): objective 1.3528 > 0.8551 (恢复)
[Ablation-validation] 最终序列长度: 6, objective: 0.8551, mean_norm: 0.8301, worsen_rate: 16.67%, 移除了 7 个 pass
  消融有效: 13 → 6 passes, validation_objective: 0.8551 → 0.8551

最终通用 pass 序列（6 个 pass, syn_rate=0.05）:
  module(elim-avail-extern) → module(globalopt) → module(iroutliner) → module(attributor) → module(scc-oz-module-inliner) → module(scc-oz-module-inliner)
  search_train_obj=0.8419, search_train_mean=0.8312, search_train_worsen=7.14%
  validation_obj=0.8551, validation_mean=0.8301, validation_worsen=16.67%
  test_obj=0.7862, test_mean=0.7712, test_worsen=10.00%

Top-5 最佳序列（按 validation 多目标 objective 升序）:
  #1: validation_obj=0.8551, validation_mean=0.8301, validation_worsen=16.67%, train_obj=0.8410, train_mean=0.8302, len=13, syn_rate=0.16, test_obj=0.7809, test_mean=0.7659, test_worsen=10.00%
     module(elim-avail-extern) → module(globalopt) → module(elim-avail-extern) → module(iroutliner) → module(attributor) → module(scc-oz-module-inliner) → module(globalopt) → module(elim-avail-extern) → module(scc-oz-module-inliner) → function(newgvn) → function(instsimplify) → function(newgvn) → function(mem2reg)
  #2: validation_obj=0.8663, validation_mean=0.8413, validation_worsen=16.67%, train_obj=0.8104, train_mean=0.7997, len=17, syn_rate=0.35, test_obj=0.8120, test_mean=0.7970, test_worsen=10.00%
     module(elim-avail-extern) → module(iroutliner) → function(instsimplify) → function(gvn-hoist) → module(attributor) → function(memcpyopt) → function(jump-threading) → module(globalopt) → function(gvn-sink) → function(newgvn) → function(gvn-sink) → module(globalopt) → module(attributor) → function(dce) → module(iroutliner) → module(elim-avail-extern) → module(scc-oz-module-inliner)
  #3: validation_obj=0.8872, validation_mean=0.8622, validation_worsen=16.67%, train_obj=0.8722, train_mean=0.8508, len=16, syn_rate=0.43, test_obj=0.8192, test_mean=0.8005, test_worsen=12.50%
     function(gvn-sink) → module(iroutliner) → function(dce) → function(newgvn) → function(memcpyopt) → cgscc(attributor-cgscc) → module(attributor) → function(dse) → function(jump-threading) → function(instsimplify) → module(iroutliner) → module(elim-avail-extern) → module(scc-oz-module-inliner) → module(globalopt) → function(mem2reg) → function(gvn-hoist)
  #4: validation_obj=0.9688, validation_mean=0.9438, validation_worsen=16.67%, train_obj=0.8685, train_mean=0.8578, len=6, syn_rate=0.06, test_obj=0.9482, test_mean=0.9332, test_worsen=10.00%
     module(elim-avail-extern) → cgscc(attributor-cgscc) → module(globalopt) → module(elim-avail-extern) → module(scc-oz-module-inliner) → function(newgvn)
  #5: validation_obj=0.9705, validation_mean=0.9455, validation_worsen=16.67%, train_obj=0.8506, train_mean=0.8399, len=15, syn_rate=0.35, test_obj=0.8775, test_mean=0.8625, test_worsen=10.00%
     module(elim-avail-extern) → cgscc(attributor-cgscc) → module(scc-oz-module-inliner) → module(globalopt) → function(newgvn) → function(mem2reg) → module(iroutliner) → function(jump-threading) → module(globalopt) → module(attributor) → function(dce) → function(newgvn) → module(iroutliner) → cgscc(attributor-cgscc) → module(scc-oz-module-inliner)

============================================================
所有轮次中最优 validation objective: 0.8551
最优通用 pass 序列 (6 passes):
  module(elim-avail-extern) → module(globalopt) → module(iroutliner) → module(attributor) → module(scc-oz-module-inliner) → module(scc-oz-module-inliner)
  search_train: obj=0.8419, mean=0.8312, worsen=7.14%
  validation:   obj=0.8551, mean=0.8301, worsen=16.67%
  test:         obj=0.7862, mean=0.7712, worsen=10.00%
总运行时间: 54.33 秒
