# run_id: 20260507_222014_087837_feature_lite_seed460
# name: feature_lite
# group: feature_ablation
# description: 切换到 Lite 特征编码，保留其余搜索流程不变。
# changed: FEATURE_MODE=lite, GA_GEN=5, GA_POP=200, ITERS=100, MAX_SEQ_LEN=120, MIN_VAL_PROGRAMS=5, SEED_TOPK=0, TEST_TOPK=50, TRAIN_TOPK=200, VAL_RATIO=0.5
# result_json: /root/exp/RFunipassLab/results/instrcount/summaries/20260507_222014_087837_feature_lite_seed460.json
# started_at: 2026-05-07T22:20:14
# control_env:
#   BACKEND_OPT_LEVEL=-O0
#   BINARY_SIZE_METRIC=stripped_file_bytes
#   BINARY_SIZE_REPORT_METRICS=text_bytes,data_bytes,bss_bytes,dec_bytes
#   DECAY=0.5
#   EXPERIMENT_SEED=460
#   FEATURE_MODE=lite
#   GA_ELITE=0.1
#   GA_GEN=5
#   GA_MUT=0.8
#   GA_POP=200
#   GA_TOUR=3
#   ITERS=100
#   LOOP_NESTING_POLICY=wrap
#   MAX_SEQ_LEN=120
#   MIN_VAL_PROGRAMS=5
#   OBJECTIVE_BASELINE=oz
#   OBJECTIVE_KIND=instrcount
#   OBJ_HIGHVAR_W=0.0
#   OBJ_WORSEN_W=0.00
#   OFFSET=20
#   PROGRAM_POOL_KIND=auto
#   RF_EXPLAIN_COUNTERFACTUAL_ENABLE=1
#   RF_EXPLAIN_COUNTERFACTUAL_MAX_EVALS=50
#   RF_EXPLAIN_COUNTERFACTUAL_SPLIT=selection
#   RF_EXPLAIN_COUNTERFACTUAL_TOPK=5
#   RF_EXPLAIN_ENABLE=0
#   RF_EXPLAIN_HOLDOUT_RATIO=0.3
#   RF_EXPLAIN_MIN_SAMPLES=20
#   RF_EXPLAIN_MODE=final
#   RF_EXPLAIN_PERM_REPEATS=10
#   RF_EXPLAIN_TOPK=20
#   RNUM=256
#   RUNS=1
#   RUNTIME_EVAL_MAX_VARIANCE_PCT=15.0
#   RUNTIME_MAX_INNER_REPEATS=64
#   RUNTIME_MAX_VARIANCE_PCT=10.0
#   RUNTIME_REQUIRED_ROWS=0
#   RUNTIME_SAMPLES=5
#   RUNTIME_TARGET_SAMPLE_MS=30.0
#   RUNTIME_TIMEOUT_SEC=2.0
#   SCALE=10
#   SEED_TOPK=0
#   SPLIT_SEED=460
#   TEST_TOPK=50
#   TRAIN_TOPK=200
#   VAL_RATIO=0.5

Loading train/test rows from: /root/exp/RFunipassLab/data/tuning_results.csv
Loaded train programs:       200
Loaded initial seed seqs:    90
Loaded test programs:        50
Objective kind:              instrcount
Program pool kind:           tuning

Loading synergy graph from: /root/exp/RFunipassLab/data/Step3_EnumeratedPairs.csv
All passes (19): ['module(inferattrs)', 'module(scc-oz-module-inliner)', 'function(gvn-hoist)', 'cgscc(attributor-cgscc)', 'function(dse)', 'function(jump-threading)', 'function(dce)', 'module(attributor)', 'module(globalopt)', 'module(elim-avail-extern)', 'function(reassociate)', 'function(memcpyopt)', 'module(iroutliner)', 'function(instsimplify)', 'function(gvn-sink)', 'function(newgvn)', 'function(mem2reg)', 'loop(loop-simplifycfg)', 'function(lower-switch)']
Synergy edges: 176
Self-loop passes: {'module(attributor)', 'function(newgvn)', 'cgscc(attributor-cgscc)'}

============================================================
实验轮次 1 / 1
============================================================
============================================================
目标类型:      instrcount
目标基准:      -Oz
基准指标:      -Oz 基准指令数
优化指标:      归一化指令数
输入程序数:    200
输入次优序列数: 90
测试程序数:    50
Pass 词表大小: 19
协同边数:      176
自环 pass 数:  3
序列长度上限:  120
Loop 合法化策略: wrap
实验种子:      460
划分种子:      460
特征模式:      lite
RF 特征维度:   31
词表: ['module(inferattrs)', 'module(scc-oz-module-inliner)', 'function(gvn-hoist)', 'cgscc(attributor-cgscc)', 'function(dse)', 'function(jump-threading)', 'function(dce)', 'module(attributor)', 'module(globalopt)', 'module(elim-avail-extern)', 'function(reassociate)', 'function(memcpyopt)', 'module(iroutliner)', 'function(instsimplify)', 'function(gvn-sink)', 'function(newgvn)', 'function(mem2reg)', 'loop(loop-simplifycfg)', 'function(lower-switch)']
多目标权重:    mean=1.0, worsen=0.0, highvar=0.0

[Step 1.5] 训练程序切分...
  search_train 程序数: 100
  validation 程序数:   100
  split_signature(search_train): 0bf75313023fcd96df23526ac6add04788b5e92c
  split_signature(validation):   b982062f90419fc2260c12e6732e3483464dd095
  split_signature(test):         338de2e9059a195def93ad25199831a1b4a18c04

[Step 2] 计算 search_train 程序 -Oz 基准指令数...
[Step 2b] 计算 validation 程序 -Oz 基准指令数...
[Step 2c] 计算测试集程序 -Oz 基准指令数...

[Step 3] 评估初始 seed 序列（共 90 条）...

[Step 4] 开始贝叶斯优化（100 轮）...
GA search time: 13.24s, candidates: 359
  [iter   1/100] search_obj=0.9551  search_best=0.7606  validation_best=0.7942  EI=0.0083  rnum=159.9  len=28  syn_rate=0.28  mean=0.9551  worsen=58.00%  highvar=0.00%
GA search time: 8.55s, candidates: 357
  [iter   2/100] search_obj=1.0546  search_best=0.7606  validation_best=0.7942  EI=0.0073  rnum=157.7  len=17  syn_rate=0.26  mean=1.0546  worsen=44.00%  highvar=0.00%
GA search time: 10.19s, candidates: 355
  [iter   3/100] search_obj=1.0694  search_best=0.7606  validation_best=0.7942  EI=0.0059  rnum=155.6  len=18  syn_rate=0.43  mean=1.0694  worsen=45.00%  highvar=0.00%
GA search time: 10.84s, candidates: 353
  [iter   4/100] search_obj=1.0327  search_best=0.7606  validation_best=0.7942  EI=0.0070  rnum=153.4  len=18  syn_rate=0.30  mean=1.0327  worsen=43.00%  highvar=0.00%
GA search time: 12.19s, candidates: 351
  [iter   5/100] search_obj=1.0195  search_best=0.7606  validation_best=0.7942  EI=0.0056  rnum=151.3  len=19  syn_rate=0.40  mean=1.0195  worsen=39.00%  highvar=0.00%
GA search time: 11.81s, candidates: 349
  [iter   6/100] search_obj=0.7606  search_best=0.7606  validation_best=0.7942  EI=0.0085  rnum=149.1  len=17  syn_rate=0.33  mean=0.7606  worsen=9.00%  highvar=0.00%
GA search time: 4.57s, candidates: 346
  [iter   7/100] search_obj=0.9472  search_best=0.7606  validation_best=0.7942  EI=0.0131  rnum=147.0  len=16  syn_rate=0.29  mean=0.9472  worsen=20.00%  highvar=0.00%
GA search time: 7.30s, candidates: 344
  [iter   8/100] search_obj=0.9121  search_best=0.7606  validation_best=0.7942  EI=0.0143  rnum=144.8  len=22  syn_rate=0.32  mean=0.9121  worsen=18.00%  highvar=0.00%
GA search time: 7.91s, candidates: 342
  [iter   9/100] search_obj=0.9963  search_best=0.7606  validation_best=0.7942  EI=0.0080  rnum=142.7  len=24  syn_rate=0.44  mean=0.9963  worsen=21.00%  highvar=0.00%
GA search time: 8.24s, candidates: 340
  [iter  10/100] search_obj=0.8122  search_best=0.7606  validation_best=0.7942  EI=0.0097  rnum=140.5  len=17  syn_rate=0.34  mean=0.8122  worsen=10.00%  highvar=0.00%
GA search time: 5.22s, candidates: 338
  [iter  11/100] search_obj=1.0050  search_best=0.7606  validation_best=0.7942  EI=0.0100  rnum=138.4  len=18  syn_rate=0.34  mean=1.0050  worsen=23.00%  highvar=0.00%
GA search time: 3.99s, candidates: 336
  [iter  12/100] search_obj=0.8832  search_best=0.7606  validation_best=0.7942  EI=0.0120  rnum=136.3  len=17  syn_rate=0.34  mean=0.8832  worsen=17.00%  highvar=0.00%
GA search time: 3.39s, candidates: 334
  [iter  13/100] search_obj=1.3650  search_best=0.7606  validation_best=0.7942  EI=0.0077  rnum=134.2  len=17  syn_rate=0.32  mean=1.3650  worsen=92.00%  highvar=0.00%
GA search time: 2.62s, candidates: 332
  [iter  14/100] search_obj=1.0050  search_best=0.7606  validation_best=0.7942  EI=0.0145  rnum=132.1  len=17  syn_rate=0.28  mean=1.0050  worsen=23.00%  highvar=0.00%
GA search time: 1.94s, candidates: 329
  [iter  15/100] search_obj=0.7606  search_best=0.7606  validation_best=0.7942  EI=0.0096  rnum=130.0  len=15  syn_rate=0.33  mean=0.7606  worsen=9.00%  highvar=0.00%
GA search time: 2.70s, candidates: 327
  [iter  16/100] search_obj=1.1019  search_best=0.7606  validation_best=0.7942  EI=0.0070  rnum=127.9  len=18  syn_rate=0.32  mean=1.1019  worsen=64.00%  highvar=0.00%
GA search time: 3.07s, candidates: 325
  [iter  17/100] search_obj=0.7606  search_best=0.7606  validation_best=0.7942  EI=0.0128  rnum=125.8  len=16  syn_rate=0.33  mean=0.7606  worsen=9.00%  highvar=0.00%
GA search time: 3.53s, candidates: 323
  [iter  18/100] search_obj=0.7368  search_best=0.7368  validation_best=0.7484  EI=0.0146  rnum=123.7  len=17  syn_rate=0.33  mean=0.7368  worsen=9.00%  highvar=0.00%
GA search time: 4.02s, candidates: 321
  [iter  19/100] search_obj=0.9121  search_best=0.7368  validation_best=0.7484  EI=0.0119  rnum=121.6  len=23  syn_rate=0.33  mean=0.9121  worsen=18.00%  highvar=0.00%
GA search time: 4.25s, candidates: 319
  [iter  20/100] search_obj=0.7606  search_best=0.7368  validation_best=0.7484  EI=0.0093  rnum=119.6  len=16  syn_rate=0.32  mean=0.7606  worsen=9.00%  highvar=0.00%
GA search time: 3.35s, candidates: 317
  [iter  21/100] search_obj=0.7909  search_best=0.7368  validation_best=0.7484  EI=0.0068  rnum=117.5  len=18  syn_rate=0.33  mean=0.7909  worsen=11.00%  highvar=0.00%
GA search time: 3.87s, candidates: 315
  [iter  22/100] search_obj=1.0024  search_best=0.7368  validation_best=0.7484  EI=0.0082  rnum=115.5  len=17  syn_rate=0.32  mean=1.0024  worsen=20.00%  highvar=0.00%
GA search time: 5.70s, candidates: 313
  [iter  23/100] search_obj=0.7527  search_best=0.7368  validation_best=0.7484  EI=0.0087  rnum=113.5  len=18  syn_rate=0.32  mean=0.7527  worsen=9.00%  highvar=0.00%
GA search time: 1.85s, candidates: 311
  [iter  24/100] search_obj=0.9136  search_best=0.7368  validation_best=0.7484  EI=0.0109  rnum=111.5  len=18  syn_rate=0.32  mean=0.9136  worsen=18.00%  highvar=0.00%
GA search time: 4.34s, candidates: 309
  [iter  25/100] search_obj=0.7606  search_best=0.7368  validation_best=0.7484  EI=0.0069  rnum=109.5  len=17  syn_rate=0.34  mean=0.7606  worsen=9.00%  highvar=0.00%
GA search time: 3.60s, candidates: 307
  [iter  26/100] search_obj=1.0034  search_best=0.7368  validation_best=0.7484  EI=0.0155  rnum=107.6  len=17  syn_rate=0.33  mean=1.0034  worsen=22.00%  highvar=0.00%
GA search time: 2.74s, candidates: 305
  [iter  27/100] search_obj=0.9453  search_best=0.7368  validation_best=0.7484  EI=0.0143  rnum=105.6  len=18  syn_rate=0.32  mean=0.9453  worsen=17.00%  highvar=0.00%
GA search time: 3.80s, candidates: 303
  [iter  28/100] search_obj=0.7458  search_best=0.7368  validation_best=0.7484  EI=0.0093  rnum=103.7  len=19  syn_rate=0.33  mean=0.7458  worsen=5.00%  highvar=0.00%
GA search time: 3.45s, candidates: 301
  [iter  29/100] search_obj=1.0034  search_best=0.7368  validation_best=0.7484  EI=0.0132  rnum=101.7  len=17  syn_rate=0.33  mean=1.0034  worsen=22.00%  highvar=0.00%
GA search time: 2.20s, candidates: 299
  [iter  30/100] search_obj=0.7547  search_best=0.7368  validation_best=0.7484  EI=0.0127  rnum=99.8  len=16  syn_rate=0.34  mean=0.7547  worsen=9.00%  highvar=0.00%
GA search time: 1.69s, candidates: 297
  [iter  31/100] search_obj=1.0683  search_best=0.7368  validation_best=0.7484  EI=0.0115  rnum=97.9  len=19  syn_rate=0.32  mean=1.0683  worsen=82.00%  highvar=0.00%
GA search time: 2.92s, candidates: 296
  [iter  32/100] search_obj=0.7547  search_best=0.7368  validation_best=0.7484  EI=0.0136  rnum=96.1  len=17  syn_rate=0.34  mean=0.7547  worsen=9.00%  highvar=0.00%
GA search time: 1.59s, candidates: 294
  [iter  33/100] search_obj=1.0063  search_best=0.7368  validation_best=0.7484  EI=0.0111  rnum=94.2  len=19  syn_rate=0.33  mean=1.0063  worsen=62.00%  highvar=0.00%
GA search time: 1.93s, candidates: 292
  [iter  34/100] search_obj=0.7534  search_best=0.7368  validation_best=0.7484  EI=0.0125  rnum=92.4  len=16  syn_rate=0.34  mean=0.7534  worsen=9.00%  highvar=0.00%
GA search time: 1.85s, candidates: 290
  [iter  35/100] search_obj=1.0050  search_best=0.7368  validation_best=0.7484  EI=0.0155  rnum=90.5  len=15  syn_rate=0.32  mean=1.0050  worsen=23.00%  highvar=0.00%
GA search time: 1.51s, candidates: 288
  [iter  36/100] search_obj=0.8560  search_best=0.7368  validation_best=0.7484  EI=0.0135  rnum=88.7  len=16  syn_rate=0.33  mean=0.8560  worsen=11.00%  highvar=0.00%
GA search time: 1.14s, candidates: 286
  [iter  37/100] search_obj=0.7293  search_best=0.7293  validation_best=0.7467  EI=0.0121  rnum=87.0  len=18  syn_rate=0.34  mean=0.7293  worsen=5.00%  highvar=0.00%
GA search time: 1.49s, candidates: 285
  [iter  38/100] search_obj=0.7429  search_best=0.7293  validation_best=0.7467  EI=0.0110  rnum=85.2  len=17  syn_rate=0.34  mean=0.7429  worsen=5.00%  highvar=0.00%
GA search time: 1.36s, candidates: 283
  [iter  39/100] search_obj=0.7429  search_best=0.7293  validation_best=0.7467  EI=0.0105  rnum=83.5  len=19  syn_rate=0.34  mean=0.7429  worsen=5.00%  highvar=0.00%
GA search time: 3.57s, candidates: 281
  [iter  40/100] search_obj=0.9088  search_best=0.7293  validation_best=0.7467  EI=0.0131  rnum=81.7  len=17  syn_rate=0.34  mean=0.9088  worsen=31.00%  highvar=0.00%
GA search time: 4.72s, candidates: 280
  [iter  41/100] search_obj=0.9836  search_best=0.7293  validation_best=0.7467  EI=0.0110  rnum=80.0  len=20  syn_rate=0.34  mean=0.9836  worsen=60.00%  highvar=0.00%
GA search time: 2.49s, candidates: 278
  [iter  42/100] search_obj=0.9174  search_best=0.7293  validation_best=0.7467  EI=0.0132  rnum=78.4  len=18  syn_rate=0.34  mean=0.9174  worsen=19.00%  highvar=0.00%
GA search time: 1.66s, candidates: 276
  [iter  43/100] search_obj=0.7293  search_best=0.7293  validation_best=0.7467  EI=0.0142  rnum=76.7  len=19  syn_rate=0.34  mean=0.7293  worsen=5.00%  highvar=0.00%
GA search time: 2.51s, candidates: 275
  [iter  44/100] search_obj=0.7653  search_best=0.7293  validation_best=0.7467  EI=0.0136  rnum=75.1  len=20  syn_rate=0.34  mean=0.7653  worsen=10.00%  highvar=0.00%
GA search time: 1.55s, candidates: 273
  [iter  45/100] search_obj=0.7368  search_best=0.7293  validation_best=0.7467  EI=0.0144  rnum=73.4  len=19  syn_rate=0.39  mean=0.7368  worsen=9.00%  highvar=0.00%
GA search time: 1.79s, candidates: 271
  [iter  46/100] search_obj=1.5278  search_best=0.7293  validation_best=0.7467  EI=0.0106  rnum=71.8  len=21  syn_rate=0.36  mean=1.5278  worsen=87.00%  highvar=0.00%
GA search time: 1.71s, candidates: 270
  [iter  47/100] search_obj=0.9972  search_best=0.7293  validation_best=0.7467  EI=0.0167  rnum=70.3  len=18  syn_rate=0.38  mean=0.9972  worsen=21.00%  highvar=0.00%
GA search time: 1.77s, candidates: 268
  [iter  48/100] search_obj=0.7530  search_best=0.7293  validation_best=0.7467  EI=0.0128  rnum=68.7  len=17  syn_rate=0.32  mean=0.7530  worsen=6.00%  highvar=0.00%
GA search time: 2.26s, candidates: 267
  [iter  49/100] search_obj=0.9948  search_best=0.7293  validation_best=0.7467  EI=0.0154  rnum=67.2  len=19  syn_rate=0.38  mean=0.9948  worsen=18.00%  highvar=0.00%
GA search time: 1.53s, candidates: 265
  [iter  50/100] search_obj=0.9432  search_best=0.7293  validation_best=0.7467  EI=0.0135  rnum=65.7  len=17  syn_rate=0.36  mean=0.9432  worsen=16.00%  highvar=0.00%
GA search time: 1.30s, candidates: 264
  [iter  51/100] search_obj=1.0483  search_best=0.7293  validation_best=0.7467  EI=0.0148  rnum=64.2  len=18  syn_rate=0.32  mean=1.0483  worsen=80.00%  highvar=0.00%
GA search time: 2.90s, candidates: 262
  [iter  52/100] search_obj=0.8061  search_best=0.7293  validation_best=0.7467  EI=0.0139  rnum=62.7  len=19  syn_rate=0.36  mean=0.8061  worsen=11.00%  highvar=0.00%
GA search time: 2.12s, candidates: 261
  [iter  53/100] search_obj=0.7293  search_best=0.7293  validation_best=0.7467  EI=0.0137  rnum=61.3  len=19  syn_rate=0.35  mean=0.7293  worsen=5.00%  highvar=0.00%
GA search time: 1.83s, candidates: 259
  [iter  54/100] search_obj=0.8614  search_best=0.7293  validation_best=0.7467  EI=0.0145  rnum=59.8  len=20  syn_rate=0.35  mean=0.8614  worsen=11.00%  highvar=0.00%
GA search time: 1.98s, candidates: 258
  [iter  55/100] search_obj=0.7537  search_best=0.7293  validation_best=0.7467  EI=0.0114  rnum=58.4  len=19  syn_rate=0.35  mean=0.7537  worsen=5.00%  highvar=0.00%
GA search time: 1.57s, candidates: 257
  [iter  56/100] search_obj=0.7606  search_best=0.7293  validation_best=0.7467  EI=0.0117  rnum=57.0  len=19  syn_rate=0.34  mean=0.7606  worsen=9.00%  highvar=0.00%
GA search time: 1.19s, candidates: 255
  [iter  57/100] search_obj=0.7429  search_best=0.7293  validation_best=0.7467  EI=0.0169  rnum=55.7  len=19  syn_rate=0.35  mean=0.7429  worsen=5.00%  highvar=0.00%
GA search time: 1.56s, candidates: 254
  [iter  58/100] search_obj=0.9836  search_best=0.7293  validation_best=0.7467  EI=0.0156  rnum=54.3  len=18  syn_rate=0.32  mean=0.9836  worsen=60.00%  highvar=0.00%
GA search time: 1.60s, candidates: 253
  [iter  59/100] search_obj=0.9580  search_best=0.7293  validation_best=0.7467  EI=0.0149  rnum=53.0  len=19  syn_rate=0.34  mean=0.9580  worsen=45.00%  highvar=0.00%
GA search time: 1.30s, candidates: 251
  [iter  60/100] search_obj=0.9121  search_best=0.7293  validation_best=0.7467  EI=0.0161  rnum=51.7  len=19  syn_rate=0.34  mean=0.9121  worsen=18.00%  highvar=0.00%
GA search time: 0.98s, candidates: 250
  [iter  61/100] search_obj=0.8578  search_best=0.7293  validation_best=0.7467  EI=0.0139  rnum=50.5  len=19  syn_rate=0.35  mean=0.8578  worsen=26.00%  highvar=0.00%
GA search time: 0.78s, candidates: 249
  [iter  62/100] search_obj=0.9348  search_best=0.7293  validation_best=0.7467  EI=0.0126  rnum=49.2  len=19  syn_rate=0.33  mean=0.9348  worsen=23.00%  highvar=0.00%
GA search time: 1.76s, candidates: 247
  [iter  63/100] search_obj=0.9446  search_best=0.7293  validation_best=0.7467  EI=0.0120  rnum=48.0  len=20  syn_rate=0.34  mean=0.9446  worsen=16.00%  highvar=0.00%
GA search time: 0.93s, candidates: 246
  [iter  64/100] search_obj=0.7218  search_best=0.7218  validation_best=0.7396  EI=0.0116  rnum=46.8  len=19  syn_rate=0.34  mean=0.7218  worsen=5.00%  highvar=0.00%
GA search time: 1.37s, candidates: 245
  [iter  65/100] search_obj=1.0203  search_best=0.7218  validation_best=0.7396  EI=0.0106  rnum=45.6  len=20  syn_rate=0.37  mean=1.0203  worsen=26.00%  highvar=0.00%
GA search time: 1.16s, candidates: 244
  [iter  66/100] search_obj=0.7537  search_best=0.7218  validation_best=0.7396  EI=0.0091  rnum=44.4  len=18  syn_rate=0.35  mean=0.7537  worsen=5.00%  highvar=0.00%
GA search time: 2.75s, candidates: 243
  [iter  67/100] search_obj=0.9129  search_best=0.7218  validation_best=0.7396  EI=0.0089  rnum=43.3  len=20  syn_rate=0.36  mean=0.9129  worsen=17.00%  highvar=0.00%
GA search time: 2.35s, candidates: 242
  [iter  68/100] search_obj=0.7653  search_best=0.7218  validation_best=0.7396  EI=0.0100  rnum=42.2  len=22  syn_rate=0.35  mean=0.7653  worsen=10.00%  highvar=0.00%
GA search time: 1.95s, candidates: 241
  [iter  69/100] search_obj=0.7045  search_best=0.7045  validation_best=0.7274  EI=0.0083  rnum=41.1  len=23  syn_rate=0.35  mean=0.7045  worsen=5.00%  highvar=0.00%
GA search time: 2.21s, candidates: 239
  [iter  70/100] search_obj=0.7285  search_best=0.7045  validation_best=0.7274  EI=0.0103  rnum=40.0  len=20  syn_rate=0.35  mean=0.7285  worsen=5.00%  highvar=0.00%
GA search time: 2.13s, candidates: 238
  [iter  71/100] search_obj=0.9464  search_best=0.7045  validation_best=0.7274  EI=0.0116  rnum=38.9  len=23  syn_rate=0.33  mean=0.9464  worsen=21.00%  highvar=0.00%
GA search time: 2.13s, candidates: 237
  [iter  72/100] search_obj=0.7242  search_best=0.7045  validation_best=0.7274  EI=0.0133  rnum=37.9  len=21  syn_rate=0.34  mean=0.7242  worsen=5.00%  highvar=0.00%
GA search time: 1.68s, candidates: 236
  [iter  73/100] search_obj=0.9121  search_best=0.7045  validation_best=0.7274  EI=0.0120  rnum=36.9  len=23  syn_rate=0.35  mean=0.9121  worsen=18.00%  highvar=0.00%
GA search time: 2.31s, candidates: 235
  [iter  74/100] search_obj=1.1518  search_best=0.7045  validation_best=0.7274  EI=0.0105  rnum=35.9  len=56  syn_rate=0.55  mean=1.1518  worsen=65.00%  highvar=0.00%
GA search time: 1.33s, candidates: 234
  [iter  75/100] search_obj=0.7530  search_best=0.7045  validation_best=0.7274  EI=0.0084  rnum=34.9  len=19  syn_rate=0.35  mean=0.7530  worsen=6.00%  highvar=0.00%
GA search time: 1.11s, candidates: 233
  [iter  76/100] search_obj=0.7423  search_best=0.7045  validation_best=0.7274  EI=0.0098  rnum=33.9  len=20  syn_rate=0.34  mean=0.7423  worsen=5.00%  highvar=0.00%
GA search time: 1.48s, candidates: 233
  [iter  77/100] search_obj=0.7293  search_best=0.7045  validation_best=0.7274  EI=0.0126  rnum=33.0  len=21  syn_rate=0.34  mean=0.7293  worsen=5.00%  highvar=0.00%
GA search time: 1.34s, candidates: 232
  [iter  78/100] search_obj=0.9276  search_best=0.7045  validation_best=0.7274  EI=0.0068  rnum=32.1  len=21  syn_rate=0.34  mean=0.9276  worsen=44.00%  highvar=0.00%
GA search time: 1.13s, candidates: 231
  [iter  79/100] search_obj=0.7295  search_best=0.7045  validation_best=0.7274  EI=0.0073  rnum=31.2  len=19  syn_rate=0.33  mean=0.7295  worsen=5.00%  highvar=0.00%
GA search time: 1.47s, candidates: 230
  [iter  80/100] search_obj=0.8307  search_best=0.7045  validation_best=0.7274  EI=0.0104  rnum=30.3  len=23  syn_rate=0.33  mean=0.8307  worsen=11.00%  highvar=0.00%
GA search time: 1.85s, candidates: 229
  [iter  81/100] search_obj=0.9121  search_best=0.7045  validation_best=0.7274  EI=0.0064  rnum=29.5  len=19  syn_rate=0.35  mean=0.9121  worsen=18.00%  highvar=0.00%
GA search time: 1.33s, candidates: 228
  [iter  82/100] search_obj=1.0034  search_best=0.7045  validation_best=0.7274  EI=0.0069  rnum=28.6  len=17  syn_rate=0.34  mean=1.0034  worsen=22.00%  highvar=0.00%
GA search time: 1.08s, candidates: 227
  [iter  83/100] search_obj=0.8033  search_best=0.7045  validation_best=0.7274  EI=0.0066  rnum=27.8  len=23  syn_rate=0.35  mean=0.8033  worsen=7.00%  highvar=0.00%
GA search time: 1.25s, candidates: 226
  [iter  84/100] search_obj=0.9114  search_best=0.7045  validation_best=0.7274  EI=0.0064  rnum=27.0  len=19  syn_rate=0.34  mean=0.9114  worsen=17.00%  highvar=0.00%
GA search time: 1.76s, candidates: 226
  [iter  85/100] search_obj=0.7667  search_best=0.7045  validation_best=0.7274  EI=0.0086  rnum=26.2  len=21  syn_rate=0.34  mean=0.7667  worsen=10.00%  highvar=0.00%
GA search time: 1.73s, candidates: 225
  [iter  86/100] search_obj=0.8600  search_best=0.7045  validation_best=0.7274  EI=0.0113  rnum=25.4  len=18  syn_rate=0.35  mean=0.8600  worsen=12.00%  highvar=0.00%
GA search time: 1.25s, candidates: 224
  [iter  87/100] search_obj=0.9951  search_best=0.7045  validation_best=0.7274  EI=0.0072  rnum=24.7  len=21  syn_rate=0.33  mean=0.9951  worsen=18.00%  highvar=0.00%
GA search time: 1.35s, candidates: 223
  [iter  88/100] search_obj=0.9405  search_best=0.7045  validation_best=0.7274  EI=0.0083  rnum=24.0  len=19  syn_rate=0.32  mean=0.9405  worsen=13.00%  highvar=0.00%
GA search time: 1.70s, candidates: 223
  [iter  89/100] search_obj=0.9505  search_best=0.7045  validation_best=0.7274  EI=0.0058  rnum=23.3  len=70  syn_rate=0.58  mean=0.9505  worsen=56.00%  highvar=0.00%
GA search time: 1.19s, candidates: 222
  [iter  90/100] search_obj=0.7285  search_best=0.7045  validation_best=0.7274  EI=0.0065  rnum=22.6  len=19  syn_rate=0.34  mean=0.7285  worsen=5.00%  highvar=0.00%
GA search time: 0.62s, candidates: 221
  [iter  91/100] search_obj=1.0296  search_best=0.7045  validation_best=0.7274  EI=0.0063  rnum=21.9  len=20  syn_rate=0.33  mean=1.0296  worsen=35.00%  highvar=0.00%
GA search time: 1.09s, candidates: 221
  [iter  92/100] search_obj=0.7504  search_best=0.7045  validation_best=0.7274  EI=0.0079  rnum=21.2  len=28  syn_rate=0.35  mean=0.7504  worsen=7.00%  highvar=0.00%
GA search time: 0.94s, candidates: 220
  [iter  93/100] search_obj=0.9121  search_best=0.7045  validation_best=0.7274  EI=0.0053  rnum=20.6  len=18  syn_rate=0.32  mean=0.9121  worsen=18.00%  highvar=0.00%
GA search time: 0.92s, candidates: 219
  [iter  94/100] search_obj=0.7436  search_best=0.7045  validation_best=0.7274  EI=0.0060  rnum=19.9  len=20  syn_rate=0.34  mean=0.7436  worsen=5.00%  highvar=0.00%
GA search time: 1.42s, candidates: 219
  [iter  95/100] search_obj=0.7106  search_best=0.7045  validation_best=0.7274  EI=0.0103  rnum=19.3  len=25  syn_rate=0.35  mean=0.7106  worsen=5.00%  highvar=0.00%
GA search time: 2.05s, candidates: 218
  [iter  96/100] search_obj=1.0190  search_best=0.7045  validation_best=0.7274  EI=0.0055  rnum=18.7  len=36  syn_rate=0.34  mean=1.0190  worsen=26.00%  highvar=0.00%
GA search time: 1.20s, candidates: 218
  [iter  97/100] search_obj=0.9135  search_best=0.7045  validation_best=0.7274  EI=0.0074  rnum=18.1  len=24  syn_rate=0.36  mean=0.9135  worsen=18.00%  highvar=0.00%
GA search time: 0.73s, candidates: 217
  [iter  98/100] search_obj=0.9940  search_best=0.7045  validation_best=0.7274  EI=0.0059  rnum=17.6  len=21  syn_rate=0.34  mean=0.9940  worsen=18.00%  highvar=0.00%
GA search time: 0.76s, candidates: 216
  [iter  99/100] search_obj=0.8004  search_best=0.7045  validation_best=0.7274  EI=0.0047  rnum=17.0  len=34  syn_rate=0.34  mean=0.8004  worsen=9.00%  highvar=0.00%
GA search time: 1.00s, candidates: 216
  [iter 100/100] search_obj=0.9852  search_best=0.7045  validation_best=0.7274  EI=0.0070  rnum=16.5  len=23  syn_rate=0.34  mean=0.9852  worsen=38.00%  highvar=0.00%

[Step 5] 按 validation 选择最终通用序列...
  选择结果:
    search_train_obj=0.7045, search_train_mean=0.7045, search_train_worsen=5.00%, search_train_highvar=0.00%
    validation_obj=0.7274, validation_mean=0.7274, validation_worsen=4.00%, validation_highvar=0.00%

[Step 6] 在 validation 上执行消融后处理...

[Ablation-validation] 初始序列长度: 23, objective: 0.7274, mean_norm: 0.7274, worsen_rate: 4.00%
  移除 [22] function(gvn-sink): objective 0.7277 > 0.7274 (恢复)
  移除 [21] module(scc-oz-module-inliner): objective 0.7484 > 0.7274 (恢复)
  移除 [20] module(inferattrs): objective 0.7289 > 0.7274 (恢复)
  移除 [19] module(globalopt): objective 0.7274, mean_norm 0.7274, worsen_rate 4.00% (保留移除)
  移除 [18] module(attributor): objective 0.7274, mean_norm 0.7274, worsen_rate 4.00% (保留移除)
  移除 [17] module(attributor): objective 0.7463 > 0.7274 (恢复)
  移除 [16] module(iroutliner): objective 0.7293 > 0.7274 (恢复)
  移除 [15] function(instsimplify): objective 0.7274, mean_norm 0.7274, worsen_rate 4.00% (保留移除)
  移除 [14] module(scc-oz-module-inliner): objective 0.7713 > 0.7274 (恢复)
  移除 [13] module(attributor): objective 0.7347 > 0.7274 (恢复)
  移除 [12] function(memcpyopt): objective 0.7274, mean_norm 0.7274, worsen_rate 4.00% (保留移除)
  移除 [11] module(globalopt): objective 0.7274, mean_norm 0.7274, worsen_rate 4.00% (保留移除)
  移除 [10] cgscc(attributor-cgscc): objective 0.7285 > 0.7274 (恢复)
  移除 [9] function(memcpyopt): objective 0.7274, mean_norm 0.7274, worsen_rate 4.00% (保留移除)
  移除 [8] function(dse): objective 0.7385 > 0.7274 (恢复)
  移除 [7] function(jump-threading): objective 0.7363 > 0.7274 (恢复)
  移除 [6] module(attributor): objective 0.7678 > 0.7274 (恢复)
  移除 [5] module(globalopt): objective 0.7274, mean_norm 0.7274, worsen_rate 4.00% (保留移除)
  移除 [4] module(iroutliner): objective 0.8286 > 0.7274 (恢复)
  移除 [3] module(elim-avail-extern): objective 0.7274, mean_norm 0.7274, worsen_rate 4.00% (保留移除)
  移除 [2] module(globalopt): objective 0.8388 > 0.7274 (恢复)
  移除 [1] module(elim-avail-extern): objective 0.9175 > 0.7274 (恢复)
  移除 [0] module(globalopt): objective 0.7274, mean_norm 0.7274, worsen_rate 4.00% (保留移除)
[Ablation-validation] 最终序列长度: 14, objective: 0.7274, mean_norm: 0.7274, worsen_rate: 4.00%, 移除了 9 个 pass
  消融有效: 23 → 14 passes, validation_objective: 0.7274 → 0.7274

最终通用 pass 序列（effective=14 个顶层 pass, raw=14 个 pass, syn_rate(raw)=0.23）:
  module(elim-avail-extern) → module(globalopt) → module(iroutliner) → module(attributor) → function(jump-threading) → function(dse) → cgscc(attributor-cgscc) → module(attributor) → module(scc-oz-module-inliner) → module(iroutliner) → module(attributor) → module(inferattrs) → module(scc-oz-module-inliner) → function(gvn-sink)
  search_train_obj=0.7045, search_train_mean=0.7045, search_train_worsen=5.00%, search_train_highvar=0.00%
  validation_obj=0.7274, validation_mean=0.7274, validation_worsen=4.00%, validation_highvar=0.00%
  test_obj=0.7117, test_mean=0.7117, test_worsen=6.00%, test_highvar=0.00%

Top-5 最佳序列（按 validation 多目标 objective 升序）:
  #1: validation_obj=0.7274, validation_mean=0.7274, validation_worsen=4.00%, validation_highvar=0.00%, train_obj=0.7045, train_mean=0.7045, train_highvar=0.00%, len=23, syn_rate=0.35, test_obj=0.7117, test_mean=0.7117, test_worsen=6.00%, test_highvar=0.00%
     module(globalopt) → module(elim-avail-extern) → module(globalopt) → module(elim-avail-extern) → module(iroutliner) → module(globalopt) → module(attributor) → function(jump-threading) → function(dse) → function(memcpyopt) → cgscc(attributor-cgscc) → module(globalopt) → function(memcpyopt) → module(attributor) → module(scc-oz-module-inliner) → function(instsimplify) → module(iroutliner) → module(attributor) → module(attributor) → module(globalopt) → module(inferattrs) → module(scc-oz-module-inliner) → function(gvn-sink)
  #2: validation_obj=0.7364, validation_mean=0.7364, validation_worsen=4.00%, validation_highvar=0.00%, train_obj=0.7106, train_mean=0.7106, train_highvar=0.00%, len=25, syn_rate=0.35, test_obj=0.7031, test_mean=0.7031, test_worsen=4.00%, test_highvar=0.00%
     module(globalopt) → module(elim-avail-extern) → module(attributor) → module(globalopt) → module(globalopt) → module(iroutliner) → module(attributor) → module(globalopt) → module(inferattrs) → function(dse) → function(jump-threading) → function(instsimplify) → module(elim-avail-extern) → module(attributor) → module(scc-oz-module-inliner) → module(scc-oz-module-inliner) → module(iroutliner) → module(globalopt) → function(memcpyopt) → module(attributor) → function(memcpyopt) → module(attributor) → module(globalopt) → function(newgvn) → cgscc(attributor-cgscc)
  #3: validation_obj=0.7396, validation_mean=0.7396, validation_worsen=5.00%, validation_highvar=0.00%, train_obj=0.7218, train_mean=0.7218, train_highvar=0.00%, len=19, syn_rate=0.34, test_obj=0.7412, test_mean=0.7412, test_worsen=8.00%, test_highvar=0.00%
     module(globalopt) → module(elim-avail-extern) → module(globalopt) → module(attributor) → module(iroutliner) → function(jump-threading) → function(dse) → function(memcpyopt) → cgscc(attributor-cgscc) → module(iroutliner) → module(globalopt) → function(memcpyopt) → module(attributor) → module(scc-oz-module-inliner) → function(instsimplify) → module(attributor) → module(inferattrs) → module(scc-oz-module-inliner) → function(gvn-sink)
  #4: validation_obj=0.7454, validation_mean=0.7454, validation_worsen=5.00%, validation_highvar=0.00%, train_obj=0.7242, train_mean=0.7242, train_highvar=0.00%, len=21, syn_rate=0.34, test_obj=0.7451, test_mean=0.7451, test_worsen=8.00%, test_highvar=0.00%
     module(elim-avail-extern) → module(globalopt) → module(elim-avail-extern) → module(globalopt) → module(attributor) → module(iroutliner) → function(jump-threading) → function(dse) → function(memcpyopt) → cgscc(attributor-cgscc) → module(globalopt) → module(attributor) → module(scc-oz-module-inliner) → module(iroutliner) → module(attributor) → module(inferattrs) → module(scc-oz-module-inliner) → module(attributor) → module(scc-oz-module-inliner) → function(instsimplify) → function(gvn-sink)
  #5: validation_obj=0.7466, validation_mean=0.7466, validation_worsen=5.00%, validation_highvar=0.00%, train_obj=0.7285, train_mean=0.7285, train_highvar=0.00%, len=19, syn_rate=0.34, test_obj=0.7452, test_mean=0.7452, test_worsen=8.00%, test_highvar=0.00%
     module(globalopt) → module(elim-avail-extern) → module(globalopt) → module(attributor) → module(iroutliner) → function(jump-threading) → function(dse) → function(memcpyopt) → cgscc(attributor-cgscc) → module(globalopt) → module(attributor) → module(scc-oz-module-inliner) → function(instsimplify) → module(iroutliner) → module(attributor) → module(inferattrs) → module(scc-oz-module-inliner) → module(attributor) → function(gvn-sink)

============================================================
所有轮次中最优 validation objective: 0.7274
最优通用 pass 序列 (14 passes):
  module(elim-avail-extern) → module(globalopt) → module(iroutliner) → module(attributor) → function(jump-threading) → function(dse) → cgscc(attributor-cgscc) → module(attributor) → module(scc-oz-module-inliner) → module(iroutliner) → module(attributor) → module(inferattrs) → module(scc-oz-module-inliner) → function(gvn-sink)
  search_train_obj=0.7045, search_train_mean=0.7045, search_train_worsen=5.00%, search_train_highvar=0.00%
  validation_obj=0.7274, validation_mean=0.7274, validation_worsen=4.00%, validation_highvar=0.00%
  test_obj=0.7117, test_mean=0.7117, test_worsen=6.00%, test_highvar=0.00%

最优轮次 Top-5 序列（含测试集效果，按 validation objective 升序）:
  #1: validation_obj=0.7274, validation_mean=0.7274, validation_worsen=4.00%, validation_highvar=0.00%, train_obj=0.7045, train_mean=0.7045, train_highvar=0.00%, len=23, syn_rate=0.35, test_obj=0.7117, test_mean=0.7117, test_worsen=6.00%, test_highvar=0.00%
     module(globalopt) → module(elim-avail-extern) → module(globalopt) → module(elim-avail-extern) → module(iroutliner) → module(globalopt) → module(attributor) → function(jump-threading) → function(dse) → function(memcpyopt) → cgscc(attributor-cgscc) → module(globalopt) → function(memcpyopt) → module(attributor) → module(scc-oz-module-inliner) → function(instsimplify) → module(iroutliner) → module(attributor) → module(attributor) → module(globalopt) → module(inferattrs) → module(scc-oz-module-inliner) → function(gvn-sink)
  #2: validation_obj=0.7364, validation_mean=0.7364, validation_worsen=4.00%, validation_highvar=0.00%, train_obj=0.7106, train_mean=0.7106, train_highvar=0.00%, len=25, syn_rate=0.35, test_obj=0.7031, test_mean=0.7031, test_worsen=4.00%, test_highvar=0.00%
     module(globalopt) → module(elim-avail-extern) → module(attributor) → module(globalopt) → module(globalopt) → module(iroutliner) → module(attributor) → module(globalopt) → module(inferattrs) → function(dse) → function(jump-threading) → function(instsimplify) → module(elim-avail-extern) → module(attributor) → module(scc-oz-module-inliner) → module(scc-oz-module-inliner) → module(iroutliner) → module(globalopt) → function(memcpyopt) → module(attributor) → function(memcpyopt) → module(attributor) → module(globalopt) → function(newgvn) → cgscc(attributor-cgscc)
  #3: validation_obj=0.7396, validation_mean=0.7396, validation_worsen=5.00%, validation_highvar=0.00%, train_obj=0.7218, train_mean=0.7218, train_highvar=0.00%, len=19, syn_rate=0.34, test_obj=0.7412, test_mean=0.7412, test_worsen=8.00%, test_highvar=0.00%
     module(globalopt) → module(elim-avail-extern) → module(globalopt) → module(attributor) → module(iroutliner) → function(jump-threading) → function(dse) → function(memcpyopt) → cgscc(attributor-cgscc) → module(iroutliner) → module(globalopt) → function(memcpyopt) → module(attributor) → module(scc-oz-module-inliner) → function(instsimplify) → module(attributor) → module(inferattrs) → module(scc-oz-module-inliner) → function(gvn-sink)
  #4: validation_obj=0.7454, validation_mean=0.7454, validation_worsen=5.00%, validation_highvar=0.00%, train_obj=0.7242, train_mean=0.7242, train_highvar=0.00%, len=21, syn_rate=0.34, test_obj=0.7451, test_mean=0.7451, test_worsen=8.00%, test_highvar=0.00%
     module(elim-avail-extern) → module(globalopt) → module(elim-avail-extern) → module(globalopt) → module(attributor) → module(iroutliner) → function(jump-threading) → function(dse) → function(memcpyopt) → cgscc(attributor-cgscc) → module(globalopt) → module(attributor) → module(scc-oz-module-inliner) → module(iroutliner) → module(attributor) → module(inferattrs) → module(scc-oz-module-inliner) → module(attributor) → module(scc-oz-module-inliner) → function(instsimplify) → function(gvn-sink)
  #5: validation_obj=0.7466, validation_mean=0.7466, validation_worsen=5.00%, validation_highvar=0.00%, train_obj=0.7285, train_mean=0.7285, train_highvar=0.00%, len=19, syn_rate=0.34, test_obj=0.7452, test_mean=0.7452, test_worsen=8.00%, test_highvar=0.00%
     module(globalopt) → module(elim-avail-extern) → module(globalopt) → module(attributor) → module(iroutliner) → function(jump-threading) → function(dse) → function(memcpyopt) → cgscc(attributor-cgscc) → module(globalopt) → module(attributor) → module(scc-oz-module-inliner) → function(instsimplify) → module(iroutliner) → module(attributor) → module(inferattrs) → module(scc-oz-module-inliner) → module(attributor) → function(gvn-sink)
binarysize_test: vs_none=0.999 (+0.1%)  vs_oz=0.999 (+0.1%)  vs_o3=0.981 (+1.9%) [metric=stripped_file_bytes]
binarysize_test[text_bytes]: vs_none=0.874 (+12.6%)  vs_oz=0.899 (+10.1%)  vs_o3=0.763 (+23.7%)
binarysize_test[data_bytes]: vs_none=0.984 (+1.6%)  vs_oz=0.992 (+0.8%)  vs_o3=0.986 (+1.4%)
binarysize_test[bss_bytes]: vs_none=1.000 (+0.0%)  vs_oz=1.000 (+0.0%)  vs_o3=1.000 (+0.0%)
binarysize_test[dec_bytes]: vs_none=0.899 (+10.1%)  vs_oz=0.923 (+7.7%)  vs_o3=0.823 (+17.7%)

最优轮次 Top-5 binarysize_test 序列面板（primary=stripped_file_bytes）:
  #1: len=23, syn_rate=0.35
     stripped_file_bytes: obj=0.9993, mean=0.9993, worsen=4.00%, vs_none=0.999 (+0.1%)  vs_oz=0.999 (+0.1%)  vs_o3=0.981 (+1.9%)
     text_bytes: obj=0.8978, mean=0.8978, worsen=10.00%, vs_none=0.873 (+12.7%)  vs_oz=0.898 (+10.2%)  vs_o3=0.762 (+23.8%)
     data_bytes: obj=0.9921, mean=0.9921, worsen=6.00%, vs_none=0.984 (+1.6%)  vs_oz=0.992 (+0.8%)  vs_o3=0.986 (+1.4%)
     bss_bytes: obj=1.0000, mean=1.0000, worsen=0.00%, vs_none=1.000 (+0.0%)  vs_oz=1.000 (+0.0%)  vs_o3=1.000 (+0.0%)
     dec_bytes: obj=0.9221, mean=0.9221, worsen=10.00%, vs_none=0.898 (+10.2%)  vs_oz=0.922 (+7.8%)  vs_o3=0.823 (+17.7%)
  #2: len=25, syn_rate=0.35
     stripped_file_bytes: obj=0.9993, mean=0.9993, worsen=4.00%, vs_none=0.999 (+0.1%)  vs_oz=0.999 (+0.1%)  vs_o3=0.981 (+1.9%)
     text_bytes: obj=0.8936, mean=0.8936, worsen=8.00%, vs_none=0.870 (+13.0%)  vs_oz=0.894 (+10.6%)  vs_o3=0.758 (+24.2%)
     data_bytes: obj=0.9919, mean=0.9919, worsen=6.00%, vs_none=0.984 (+1.6%)  vs_oz=0.992 (+0.8%)  vs_o3=0.986 (+1.4%)
     bss_bytes: obj=1.0000, mean=1.0000, worsen=0.00%, vs_none=1.000 (+0.0%)  vs_oz=1.000 (+0.0%)  vs_o3=1.000 (+0.0%)
     dec_bytes: obj=0.9188, mean=0.9188, worsen=8.00%, vs_none=0.895 (+10.5%)  vs_oz=0.919 (+8.1%)  vs_o3=0.820 (+18.0%)
  #3: len=19, syn_rate=0.34
     stripped_file_bytes: obj=0.9994, mean=0.9994, worsen=4.00%, vs_none=0.999 (+0.1%)  vs_oz=0.999 (+0.1%)  vs_o3=0.981 (+1.9%)
     text_bytes: obj=0.9071, mean=0.9071, worsen=16.00%, vs_none=0.883 (+11.7%)  vs_oz=0.907 (+9.3%)  vs_o3=0.770 (+23.0%)
     data_bytes: obj=0.9933, mean=0.9933, worsen=6.00%, vs_none=0.986 (+1.4%)  vs_oz=0.993 (+0.7%)  vs_o3=0.988 (+1.2%)
     bss_bytes: obj=1.0000, mean=1.0000, worsen=0.00%, vs_none=1.000 (+0.0%)  vs_oz=1.000 (+0.0%)  vs_o3=1.000 (+0.0%)
     dec_bytes: obj=0.9294, mean=0.9294, worsen=14.00%, vs_none=0.905 (+9.5%)  vs_oz=0.929 (+7.1%)  vs_o3=0.830 (+17.0%)
  #4: len=21, syn_rate=0.34
     stripped_file_bytes: obj=0.9994, mean=0.9994, worsen=4.00%, vs_none=0.999 (+0.1%)  vs_oz=0.999 (+0.1%)  vs_o3=0.981 (+1.9%)
     text_bytes: obj=0.9089, mean=0.9089, worsen=16.00%, vs_none=0.884 (+11.6%)  vs_oz=0.909 (+9.1%)  vs_o3=0.771 (+22.9%)
     data_bytes: obj=0.9933, mean=0.9933, worsen=6.00%, vs_none=0.986 (+1.4%)  vs_oz=0.993 (+0.7%)  vs_o3=0.988 (+1.2%)
     bss_bytes: obj=1.0000, mean=1.0000, worsen=0.00%, vs_none=1.000 (+0.0%)  vs_oz=1.000 (+0.0%)  vs_o3=1.000 (+0.0%)
     dec_bytes: obj=0.9309, mean=0.9309, worsen=14.00%, vs_none=0.907 (+9.3%)  vs_oz=0.931 (+6.9%)  vs_o3=0.830 (+17.0%)
  #5: len=19, syn_rate=0.34
     stripped_file_bytes: obj=0.9994, mean=0.9994, worsen=4.00%, vs_none=0.999 (+0.1%)  vs_oz=0.999 (+0.1%)  vs_o3=0.981 (+1.9%)
     text_bytes: obj=0.9089, mean=0.9089, worsen=16.00%, vs_none=0.885 (+11.5%)  vs_oz=0.909 (+9.1%)  vs_o3=0.771 (+22.9%)
     data_bytes: obj=0.9933, mean=0.9933, worsen=6.00%, vs_none=0.986 (+1.4%)  vs_oz=0.993 (+0.7%)  vs_o3=0.988 (+1.2%)
     bss_bytes: obj=1.0000, mean=1.0000, worsen=0.00%, vs_none=1.000 (+0.0%)  vs_oz=1.000 (+0.0%)  vs_o3=1.000 (+0.0%)
     dec_bytes: obj=0.9309, mean=0.9309, worsen=14.00%, vs_none=0.907 (+9.3%)  vs_oz=0.931 (+6.9%)  vs_o3=0.830 (+17.0%)
核心调优成本已写入: /root/exp/RFunipassLab/results/instrcount/summaries/20260507_222014_087837_feature_lite_seed460_core_tuning_cost.json
结果已写入: /root/exp/RFunipassLab/results/instrcount/summaries/20260507_222014_087837_feature_lite_seed460.json
总运行时间: 1088.75 秒
