# run_id: 20260423_181846_349217_feature_lite_seed456
# name: feature_lite
# group: feature_ablation
# description: 切换到 Lite 特征编码，保留其余搜索流程不变。
# changed: FEATURE_MODE=lite, GA_GEN=5, GA_POP=200, ITERS=100, MAX_SEQ_LEN=120, MIN_VAL_PROGRAMS=5, SEED_TOPK=0, TEST_TOPK=50, TRAIN_TOPK=200, VAL_RATIO=0.5
# result_json: /root/exp/RFunipassLab/results/instrcount/summaries/20260423_181846_349217_feature_lite_seed456.json
# started_at: 2026-04-23T18:18:46
# control_env:
#   BACKEND_OPT_LEVEL=-O0
#   BINARY_SIZE_METRIC=stripped_file_bytes
#   BINARY_SIZE_REPORT_METRICS=text_bytes,data_bytes,bss_bytes,dec_bytes
#   DECAY=0.5
#   EXPERIMENT_SEED=456
#   FEATURE_MODE=lite
#   GA_ELITE=0.1
#   GA_GEN=5
#   GA_MUT=0.8
#   GA_POP=200
#   GA_TOUR=3
#   ITERS=100
#   LOOP_NESTING_POLICY=wrap
#   MAX_SEQ_LEN=120
#   MIN_VAL_PROGRAMS=5
#   OBJECTIVE_BASELINE=oz
#   OBJECTIVE_KIND=instrcount
#   OBJ_HIGHVAR_W=0.0
#   OBJ_WORSEN_W=0.15
#   OFFSET=20
#   PROGRAM_POOL_KIND=auto
#   RNUM=256
#   RUNS=1
#   RUNTIME_EVAL_MAX_VARIANCE_PCT=15.0
#   RUNTIME_MAX_INNER_REPEATS=64
#   RUNTIME_MAX_VARIANCE_PCT=10.0
#   RUNTIME_REQUIRED_ROWS=0
#   RUNTIME_SAMPLES=5
#   RUNTIME_TARGET_SAMPLE_MS=30.0
#   RUNTIME_TIMEOUT_SEC=2.0
#   SCALE=10
#   SEED_TOPK=0
#   SPLIT_SEED=456
#   TEST_TOPK=50
#   TRAIN_TOPK=200
#   VAL_RATIO=0.5

Loading train/test rows from: /root/exp/RFunipassLab/data/tuning_results.csv
Loaded train programs:       200
Loaded initial seed seqs:    86
Loaded test programs:        50
Objective kind:              instrcount
Program pool kind:           tuning

Loading synergy graph from: /root/exp/RFunipassLab/data/Step3_EnumeratedPairs.csv
All passes (19): ['module(elim-avail-extern)', 'module(globalopt)', 'cgscc(attributor-cgscc)', 'module(scc-oz-module-inliner)', 'function(mem2reg)', 'function(instsimplify)', 'module(iroutliner)', 'function(reassociate)', 'function(memcpyopt)', 'function(gvn-hoist)', 'function(dce)', 'function(jump-threading)', 'module(attributor)', 'function(dse)', 'function(newgvn)', 'function(gvn-sink)', 'module(inferattrs)', 'loop(loop-simplifycfg)', 'function(lower-switch)']
Synergy edges: 176
Self-loop passes: {'function(newgvn)', 'module(attributor)', 'cgscc(attributor-cgscc)'}

============================================================
实验轮次 1 / 1
============================================================
============================================================
目标类型:      instrcount
目标基准:      -Oz
基准指标:      -Oz 基准指令数
优化指标:      归一化指令数
输入程序数:    200
输入次优序列数: 86
测试程序数:    50
Pass 词表大小: 19
协同边数:      176
自环 pass 数:  3
序列长度上限:  120
Loop 合法化策略: wrap
实验种子:      456
划分种子:      456
特征模式:      lite
RF 特征维度:   31
词表: ['module(elim-avail-extern)', 'module(globalopt)', 'cgscc(attributor-cgscc)', 'module(scc-oz-module-inliner)', 'function(mem2reg)', 'function(instsimplify)', 'module(iroutliner)', 'function(reassociate)', 'function(memcpyopt)', 'function(gvn-hoist)', 'function(dce)', 'function(jump-threading)', 'module(attributor)', 'function(dse)', 'function(newgvn)', 'function(gvn-sink)', 'module(inferattrs)', 'loop(loop-simplifycfg)', 'function(lower-switch)']
多目标权重:    mean=1.0, worsen=0.15, highvar=0.0

[Step 1.5] 训练程序切分...
  search_train 程序数: 100
  validation 程序数:   100
  split_signature(search_train): 3ad90166bf9bd1af93680f15067615fd4f341481
  split_signature(validation):   bd5a000b3f740ace9576f4dfa0d99ceaf5cd6247
  split_signature(test):         42411d4d4c9d084430c688042fea453b6b352eea

[Step 2] 计算 search_train 程序 -Oz 基准指令数...
[Step 2b] 计算 validation 程序 -Oz 基准指令数...
[Step 2c] 计算测试集程序 -Oz 基准指令数...

[Step 3] 评估初始 seed 序列（共 86 条）...

[Step 4] 开始贝叶斯优化（100 轮）...
GA search time: 7.96s, candidates: 368
  [iter   1/100] search_obj=1.3186  search_best=0.8133  validation_best=0.8529  EI=0.0150  rnum=168.4  len=13  syn_rate=0.23  mean=1.1821  worsen=91.00%  highvar=0.00%
GA search time: 13.57s, candidates: 366
  [iter   2/100] search_obj=1.2041  search_best=0.8133  validation_best=0.8529  EI=0.0189  rnum=166.3  len=24  syn_rate=0.47  mean=1.0856  worsen=79.00%  highvar=0.00%
GA search time: 6.05s, candidates: 364
  [iter   3/100] search_obj=1.0777  search_best=0.8133  validation_best=0.8529  EI=0.0099  rnum=164.2  len=20  syn_rate=0.57  mean=1.0447  worsen=22.00%  highvar=0.00%
GA search time: 5.82s, candidates: 362
  [iter   4/100] search_obj=0.8582  search_best=0.8133  validation_best=0.8529  EI=0.0148  rnum=162.0  len=19  syn_rate=0.36  mean=0.8432  worsen=10.00%  highvar=0.00%
GA search time: 5.29s, candidates: 359
  [iter   5/100] search_obj=0.9947  search_best=0.8133  validation_best=0.8529  EI=0.0156  rnum=159.9  len=22  syn_rate=0.40  mean=0.9767  worsen=12.00%  highvar=0.00%
GA search time: 5.37s, candidates: 357
  [iter   6/100] search_obj=0.9266  search_best=0.8133  validation_best=0.8529  EI=0.0095  rnum=157.7  len=25  syn_rate=0.45  mean=0.9101  worsen=11.00%  highvar=0.00%
GA search time: 3.75s, candidates: 355
  [iter   7/100] search_obj=1.1726  search_best=0.8133  validation_best=0.8529  EI=0.0091  rnum=155.6  len=19  syn_rate=0.38  mean=1.0676  worsen=70.00%  highvar=0.00%
GA search time: 4.48s, candidates: 353
  [iter   8/100] search_obj=1.0295  search_best=0.8133  validation_best=0.8529  EI=0.0091  rnum=153.4  len=13  syn_rate=0.18  mean=0.9590  worsen=47.00%  highvar=0.00%
GA search time: 3.53s, candidates: 351
  [iter   9/100] search_obj=1.0753  search_best=0.8133  validation_best=0.8529  EI=0.0117  rnum=151.3  len=17  syn_rate=0.31  mean=1.0438  worsen=21.00%  highvar=0.00%
GA search time: 2.49s, candidates: 349
  [iter  10/100] search_obj=0.9514  search_best=0.8133  validation_best=0.8529  EI=0.0097  rnum=149.1  len=17  syn_rate=0.36  mean=0.9349  worsen=11.00%  highvar=0.00%
GA search time: 2.51s, candidates: 346
  [iter  11/100] search_obj=1.0067  search_best=0.8133  validation_best=0.8529  EI=0.0073  rnum=147.0  len=19  syn_rate=0.36  mean=0.9782  worsen=19.00%  highvar=0.00%
GA search time: 2.04s, candidates: 344
  [iter  12/100] search_obj=1.1206  search_best=0.8133  validation_best=0.8529  EI=0.0057  rnum=144.8  len=26  syn_rate=0.38  mean=1.0756  worsen=30.00%  highvar=0.00%
GA search time: 1.86s, candidates: 342
  [iter  13/100] search_obj=0.8070  search_best=0.8070  validation_best=0.8442  EI=0.0058  rnum=142.7  len=19  syn_rate=0.40  mean=0.7950  worsen=8.00%  highvar=0.00%
GA search time: 3.22s, candidates: 340
  [iter  14/100] search_obj=1.2449  search_best=0.8070  validation_best=0.8442  EI=0.0095  rnum=140.5  len=23  syn_rate=0.45  mean=1.1204  worsen=83.00%  highvar=0.00%
GA search time: 2.14s, candidates: 338
  [iter  15/100] search_obj=1.0068  search_best=0.8070  validation_best=0.8442  EI=0.0102  rnum=138.4  len=23  syn_rate=0.45  mean=0.9783  worsen=19.00%  highvar=0.00%
GA search time: 1.90s, candidates: 336
  [iter  16/100] search_obj=1.0837  search_best=0.8070  validation_best=0.8442  EI=0.0067  rnum=136.3  len=15  syn_rate=0.36  mean=1.0447  worsen=26.00%  highvar=0.00%
GA search time: 1.69s, candidates: 334
  [iter  17/100] search_obj=0.8133  search_best=0.8070  validation_best=0.8442  EI=0.0069  rnum=134.2  len=18  syn_rate=0.35  mean=0.7998  worsen=9.00%  highvar=0.00%
GA search time: 1.44s, candidates: 332
  [iter  18/100] search_obj=1.0754  search_best=0.8070  validation_best=0.8442  EI=0.0172  rnum=132.1  len=19  syn_rate=0.40  mean=1.0439  worsen=21.00%  highvar=0.00%
GA search time: 1.81s, candidates: 329
  [iter  19/100] search_obj=0.9989  search_best=0.8070  validation_best=0.8442  EI=0.0111  rnum=130.0  len=18  syn_rate=0.41  mean=0.9794  worsen=13.00%  highvar=0.00%
GA search time: 1.95s, candidates: 327
  [iter  20/100] search_obj=0.8133  search_best=0.8070  validation_best=0.8442  EI=0.0085  rnum=127.9  len=18  syn_rate=0.35  mean=0.7998  worsen=9.00%  highvar=0.00%
GA search time: 1.97s, candidates: 325
  [iter  21/100] search_obj=0.8133  search_best=0.8070  validation_best=0.8442  EI=0.0133  rnum=125.8  len=17  syn_rate=0.35  mean=0.7998  worsen=9.00%  highvar=0.00%
GA search time: 2.02s, candidates: 323
  [iter  22/100] search_obj=0.8133  search_best=0.8070  validation_best=0.8442  EI=0.0132  rnum=123.7  len=19  syn_rate=0.35  mean=0.7998  worsen=9.00%  highvar=0.00%
GA search time: 1.87s, candidates: 321
  [iter  23/100] search_obj=0.8133  search_best=0.8070  validation_best=0.8442  EI=0.0129  rnum=121.6  len=19  syn_rate=0.35  mean=0.7998  worsen=9.00%  highvar=0.00%
GA search time: 1.91s, candidates: 319
  [iter  24/100] search_obj=0.8752  search_best=0.8070  validation_best=0.8442  EI=0.0156  rnum=119.6  len=18  syn_rate=0.34  mean=0.8602  worsen=10.00%  highvar=0.00%
GA search time: 2.13s, candidates: 317
  [iter  25/100] search_obj=0.8133  search_best=0.8070  validation_best=0.8442  EI=0.0156  rnum=117.5  len=20  syn_rate=0.35  mean=0.7998  worsen=9.00%  highvar=0.00%
GA search time: 3.40s, candidates: 315
  [iter  26/100] search_obj=0.8138  search_best=0.8070  validation_best=0.8442  EI=0.0165  rnum=115.5  len=23  syn_rate=0.40  mean=0.7988  worsen=10.00%  highvar=0.00%
GA search time: 3.20s, candidates: 313
  [iter  27/100] search_obj=0.9850  search_best=0.8070  validation_best=0.8442  EI=0.0173  rnum=113.5  len=21  syn_rate=0.35  mean=0.9295  worsen=37.00%  highvar=0.00%
GA search time: 3.02s, candidates: 311
  [iter  28/100] search_obj=1.2532  search_best=0.8070  validation_best=0.8442  EI=0.0189  rnum=111.5  len=25  syn_rate=0.36  mean=1.1692  worsen=56.00%  highvar=0.00%
GA search time: 2.08s, candidates: 309
  [iter  29/100] search_obj=0.8133  search_best=0.8070  validation_best=0.8442  EI=0.0192  rnum=109.5  len=25  syn_rate=0.35  mean=0.7998  worsen=9.00%  highvar=0.00%
GA search time: 2.24s, candidates: 307
  [iter  30/100] search_obj=0.8933  search_best=0.8070  validation_best=0.8442  EI=0.0300  rnum=107.6  len=25  syn_rate=0.40  mean=0.8753  worsen=12.00%  highvar=0.00%
GA search time: 1.82s, candidates: 305
  [iter  31/100] search_obj=0.8133  search_best=0.8070  validation_best=0.8442  EI=0.0249  rnum=105.6  len=19  syn_rate=0.36  mean=0.7998  worsen=9.00%  highvar=0.00%
GA search time: 2.40s, candidates: 303
  [iter  32/100] search_obj=0.8133  search_best=0.8070  validation_best=0.8442  EI=0.0233  rnum=103.7  len=20  syn_rate=0.36  mean=0.7998  worsen=9.00%  highvar=0.00%
GA search time: 2.29s, candidates: 301
  [iter  33/100] search_obj=0.8116  search_best=0.8070  validation_best=0.8442  EI=0.0227  rnum=101.7  len=22  syn_rate=0.38  mean=0.7996  worsen=8.00%  highvar=0.00%
GA search time: 1.64s, candidates: 299
  [iter  34/100] search_obj=0.8142  search_best=0.8070  validation_best=0.8442  EI=0.0215  rnum=99.8  len=27  syn_rate=0.36  mean=0.7992  worsen=10.00%  highvar=0.00%
GA search time: 1.69s, candidates: 297
  [iter  35/100] search_obj=1.1863  search_best=0.8070  validation_best=0.8442  EI=0.0266  rnum=97.9  len=24  syn_rate=0.36  mean=1.0948  worsen=61.00%  highvar=0.00%
GA search time: 2.14s, candidates: 296
  [iter  36/100] search_obj=1.1213  search_best=0.8070  validation_best=0.8442  EI=0.0244  rnum=96.1  len=26  syn_rate=0.35  mean=1.0793  worsen=28.00%  highvar=0.00%
GA search time: 2.10s, candidates: 294
  [iter  37/100] search_obj=0.8133  search_best=0.8070  validation_best=0.8442  EI=0.0208  rnum=94.2  len=22  syn_rate=0.39  mean=0.7998  worsen=9.00%  highvar=0.00%
GA search time: 2.02s, candidates: 292
  [iter  38/100] search_obj=0.8177  search_best=0.8070  validation_best=0.8442  EI=0.0211  rnum=92.4  len=22  syn_rate=0.40  mean=0.8042  worsen=9.00%  highvar=0.00%
GA search time: 1.77s, candidates: 290
  [iter  39/100] search_obj=0.8116  search_best=0.8070  validation_best=0.8442  EI=0.0252  rnum=90.5  len=23  syn_rate=0.35  mean=0.7996  worsen=8.00%  highvar=0.00%
GA search time: 1.78s, candidates: 288
  [iter  40/100] search_obj=1.2510  search_best=0.8070  validation_best=0.8442  EI=0.0208  rnum=88.7  len=23  syn_rate=0.35  mean=1.1685  worsen=55.00%  highvar=0.00%
GA search time: 2.18s, candidates: 286
  [iter  41/100] search_obj=0.7925  search_best=0.7925  validation_best=0.8367  EI=0.0242  rnum=87.0  len=21  syn_rate=0.37  mean=0.7805  worsen=8.00%  highvar=0.00%
GA search time: 2.31s, candidates: 285
  [iter  42/100] search_obj=0.7965  search_best=0.7925  validation_best=0.8336  EI=0.0244  rnum=85.2  len=21  syn_rate=0.38  mean=0.7830  worsen=9.00%  highvar=0.00%
GA search time: 2.04s, candidates: 283
  [iter  43/100] search_obj=0.7965  search_best=0.7925  validation_best=0.8336  EI=0.0261  rnum=83.5  len=21  syn_rate=0.37  mean=0.7830  worsen=9.00%  highvar=0.00%
GA search time: 1.91s, candidates: 281
  [iter  44/100] search_obj=0.8133  search_best=0.7925  validation_best=0.8336  EI=0.0221  rnum=81.7  len=24  syn_rate=0.38  mean=0.7998  worsen=9.00%  highvar=0.00%
GA search time: 2.61s, candidates: 280
  [iter  45/100] search_obj=0.8133  search_best=0.7925  validation_best=0.8336  EI=0.0250  rnum=80.0  len=23  syn_rate=0.36  mean=0.7998  worsen=9.00%  highvar=0.00%
GA search time: 2.26s, candidates: 278
  [iter  46/100] search_obj=0.8407  search_best=0.7925  validation_best=0.8336  EI=0.0222  rnum=78.4  len=22  syn_rate=0.36  mean=0.8272  worsen=9.00%  highvar=0.00%
GA search time: 1.72s, candidates: 276
  [iter  47/100] search_obj=1.0792  search_best=0.7925  validation_best=0.8336  EI=0.0219  rnum=76.7  len=24  syn_rate=0.36  mean=1.0447  worsen=23.00%  highvar=0.00%
GA search time: 2.20s, candidates: 275
  [iter  48/100] search_obj=1.0778  search_best=0.7925  validation_best=0.8336  EI=0.0184  rnum=75.1  len=23  syn_rate=0.37  mean=1.0448  worsen=22.00%  highvar=0.00%
GA search time: 2.08s, candidates: 273
  [iter  49/100] search_obj=0.8117  search_best=0.7925  validation_best=0.8336  EI=0.0216  rnum=73.4  len=24  syn_rate=0.38  mean=0.7997  worsen=8.00%  highvar=0.00%
GA search time: 1.65s, candidates: 271
  [iter  50/100] search_obj=1.1215  search_best=0.7925  validation_best=0.8336  EI=0.0213  rnum=71.8  len=25  syn_rate=0.35  mean=1.0795  worsen=28.00%  highvar=0.00%
GA search time: 1.52s, candidates: 270
  [iter  51/100] search_obj=0.8133  search_best=0.7925  validation_best=0.8336  EI=0.0183  rnum=70.3  len=21  syn_rate=0.36  mean=0.7998  worsen=9.00%  highvar=0.00%
GA search time: 1.61s, candidates: 268
  [iter  52/100] search_obj=0.9607  search_best=0.7925  validation_best=0.8336  EI=0.0175  rnum=68.7  len=22  syn_rate=0.44  mean=0.9397  worsen=14.00%  highvar=0.00%
GA search time: 1.78s, candidates: 267
  [iter  53/100] search_obj=1.2037  search_best=0.7925  validation_best=0.8336  EI=0.0186  rnum=67.2  len=22  syn_rate=0.35  mean=1.0852  worsen=79.00%  highvar=0.00%
GA search time: 2.07s, candidates: 265
  [iter  54/100] search_obj=0.8407  search_best=0.7925  validation_best=0.8336  EI=0.0197  rnum=65.7  len=24  syn_rate=0.38  mean=0.8272  worsen=9.00%  highvar=0.00%
GA search time: 2.06s, candidates: 264
  [iter  55/100] search_obj=1.2023  search_best=0.7925  validation_best=0.8336  EI=0.0196  rnum=64.2  len=23  syn_rate=0.35  mean=1.0838  worsen=79.00%  highvar=0.00%
GA search time: 2.15s, candidates: 262
  [iter  56/100] search_obj=0.8133  search_best=0.7925  validation_best=0.8336  EI=0.0208  rnum=62.7  len=23  syn_rate=0.36  mean=0.7998  worsen=9.00%  highvar=0.00%
GA search time: 1.92s, candidates: 261
  [iter  57/100] search_obj=0.8133  search_best=0.7925  validation_best=0.8336  EI=0.0233  rnum=61.3  len=23  syn_rate=0.36  mean=0.7998  worsen=9.00%  highvar=0.00%
GA search time: 1.79s, candidates: 259
  [iter  58/100] search_obj=0.8133  search_best=0.7925  validation_best=0.8336  EI=0.0161  rnum=59.8  len=26  syn_rate=0.36  mean=0.7998  worsen=9.00%  highvar=0.00%
GA search time: 1.66s, candidates: 258
  [iter  59/100] search_obj=0.8117  search_best=0.7925  validation_best=0.8336  EI=0.0221  rnum=58.4  len=24  syn_rate=0.38  mean=0.7997  worsen=8.00%  highvar=0.00%
GA search time: 1.52s, candidates: 257
  [iter  60/100] search_obj=0.8103  search_best=0.7925  validation_best=0.8336  EI=0.0226  rnum=57.0  len=24  syn_rate=0.35  mean=0.7968  worsen=9.00%  highvar=0.00%
GA search time: 2.01s, candidates: 255
  [iter  61/100] search_obj=1.2073  search_best=0.7925  validation_best=0.8336  EI=0.0247  rnum=55.7  len=24  syn_rate=0.36  mean=1.0873  worsen=80.00%  highvar=0.00%
GA search time: 1.63s, candidates: 254
  [iter  62/100] search_obj=1.2073  search_best=0.7925  validation_best=0.8336  EI=0.0205  rnum=54.3  len=24  syn_rate=0.35  mean=1.0873  worsen=80.00%  highvar=0.00%
GA search time: 1.76s, candidates: 253
  [iter  63/100] search_obj=0.8117  search_best=0.7925  validation_best=0.8336  EI=0.0196  rnum=53.0  len=25  syn_rate=0.38  mean=0.7997  worsen=8.00%  highvar=0.00%
GA search time: 2.03s, candidates: 251
  [iter  64/100] search_obj=0.8288  search_best=0.7925  validation_best=0.8336  EI=0.0210  rnum=51.7  len=21  syn_rate=0.35  mean=0.8138  worsen=10.00%  highvar=0.00%
GA search time: 1.62s, candidates: 250
  [iter  65/100] search_obj=0.8133  search_best=0.7925  validation_best=0.8336  EI=0.0213  rnum=50.5  len=26  syn_rate=0.36  mean=0.7998  worsen=9.00%  highvar=0.00%
GA search time: 2.01s, candidates: 249
  [iter  66/100] search_obj=0.8133  search_best=0.7925  validation_best=0.8336  EI=0.0235  rnum=49.2  len=24  syn_rate=0.36  mean=0.7998  worsen=9.00%  highvar=0.00%
GA search time: 2.11s, candidates: 247
  [iter  67/100] search_obj=1.0754  search_best=0.7925  validation_best=0.8336  EI=0.0211  rnum=48.0  len=36  syn_rate=0.37  mean=1.0439  worsen=21.00%  highvar=0.00%
GA search time: 1.82s, candidates: 246
  [iter  68/100] search_obj=0.8115  search_best=0.7925  validation_best=0.8336  EI=0.0215  rnum=46.8  len=27  syn_rate=0.38  mean=0.7980  worsen=9.00%  highvar=0.00%
GA search time: 1.80s, candidates: 245
  [iter  69/100] search_obj=0.8485  search_best=0.7925  validation_best=0.8336  EI=0.0230  rnum=45.6  len=24  syn_rate=0.37  mean=0.8335  worsen=10.00%  highvar=0.00%
GA search time: 2.14s, candidates: 244
  [iter  70/100] search_obj=0.8117  search_best=0.7925  validation_best=0.8336  EI=0.0232  rnum=44.4  len=24  syn_rate=0.38  mean=0.7997  worsen=8.00%  highvar=0.00%
GA search time: 2.63s, candidates: 243
  [iter  71/100] search_obj=0.8080  search_best=0.7925  validation_best=0.8336  EI=0.0208  rnum=43.3  len=27  syn_rate=0.38  mean=0.7960  worsen=8.00%  highvar=0.00%
GA search time: 1.87s, candidates: 242
  [iter  72/100] search_obj=0.8249  search_best=0.7925  validation_best=0.8336  EI=0.0186  rnum=42.2  len=23  syn_rate=0.39  mean=0.8099  worsen=10.00%  highvar=0.00%
GA search time: 1.90s, candidates: 241
  [iter  73/100] search_obj=1.1188  search_best=0.7925  validation_best=0.8336  EI=0.0277  rnum=41.1  len=23  syn_rate=0.36  mean=1.0768  worsen=28.00%  highvar=0.00%
GA search time: 1.76s, candidates: 239
  [iter  74/100] search_obj=0.8133  search_best=0.7925  validation_best=0.8336  EI=0.0230  rnum=40.0  len=27  syn_rate=0.38  mean=0.7998  worsen=9.00%  highvar=0.00%
GA search time: 1.71s, candidates: 238
  [iter  75/100] search_obj=0.8133  search_best=0.7925  validation_best=0.8336  EI=0.0235  rnum=38.9  len=29  syn_rate=0.36  mean=0.7998  worsen=9.00%  highvar=0.00%
GA search time: 1.39s, candidates: 237
  [iter  76/100] search_obj=0.8133  search_best=0.7925  validation_best=0.8336  EI=0.0251  rnum=37.9  len=28  syn_rate=0.38  mean=0.7998  worsen=9.00%  highvar=0.00%
GA search time: 1.61s, candidates: 236
  [iter  77/100] search_obj=1.2037  search_best=0.7925  validation_best=0.8336  EI=0.0234  rnum=36.9  len=24  syn_rate=0.38  mean=1.0852  worsen=79.00%  highvar=0.00%
GA search time: 1.55s, candidates: 235
  [iter  78/100] search_obj=1.2023  search_best=0.7925  validation_best=0.8336  EI=0.0218  rnum=35.9  len=26  syn_rate=0.36  mean=1.0853  worsen=78.00%  highvar=0.00%
GA search time: 1.50s, candidates: 234
  [iter  79/100] search_obj=0.8133  search_best=0.7925  validation_best=0.8336  EI=0.0240  rnum=34.9  len=27  syn_rate=0.36  mean=0.7998  worsen=9.00%  highvar=0.00%
GA search time: 1.37s, candidates: 233
  [iter  80/100] search_obj=0.8133  search_best=0.7925  validation_best=0.8336  EI=0.0197  rnum=33.9  len=26  syn_rate=0.36  mean=0.7998  worsen=9.00%  highvar=0.00%
GA search time: 1.49s, candidates: 233
  [iter  81/100] search_obj=0.9189  search_best=0.7925  validation_best=0.8336  EI=0.0188  rnum=33.0  len=21  syn_rate=0.35  mean=0.9024  worsen=11.00%  highvar=0.00%
GA search time: 1.36s, candidates: 232
  [iter  82/100] search_obj=1.3460  search_best=0.7925  validation_best=0.8336  EI=0.0239  rnum=32.1  len=34  syn_rate=0.36  mean=1.2095  worsen=91.00%  highvar=0.00%
GA search time: 1.31s, candidates: 231
  [iter  83/100] search_obj=0.8135  search_best=0.7925  validation_best=0.8336  EI=0.0272  rnum=31.2  len=30  syn_rate=0.36  mean=0.8000  worsen=9.00%  highvar=0.00%
GA search time: 1.48s, candidates: 230
  [iter  84/100] search_obj=1.2073  search_best=0.7925  validation_best=0.8336  EI=0.0301  rnum=30.3  len=34  syn_rate=0.39  mean=1.0873  worsen=80.00%  highvar=0.00%
GA search time: 1.19s, candidates: 229
  [iter  85/100] search_obj=0.8133  search_best=0.7925  validation_best=0.8336  EI=0.0236  rnum=29.5  len=24  syn_rate=0.36  mean=0.7998  worsen=9.00%  highvar=0.00%
GA search time: 1.40s, candidates: 228
  [iter  86/100] search_obj=1.0678  search_best=0.7925  validation_best=0.8336  EI=0.0235  rnum=28.6  len=28  syn_rate=0.38  mean=1.0288  worsen=26.00%  highvar=0.00%
GA search time: 1.21s, candidates: 227
  [iter  87/100] search_obj=0.8133  search_best=0.7925  validation_best=0.8336  EI=0.0235  rnum=27.8  len=31  syn_rate=0.35  mean=0.7998  worsen=9.00%  highvar=0.00%
GA search time: 1.24s, candidates: 226
  [iter  88/100] search_obj=0.8086  search_best=0.7925  validation_best=0.8336  EI=0.0280  rnum=27.0  len=32  syn_rate=0.36  mean=0.7951  worsen=9.00%  highvar=0.00%
GA search time: 1.60s, candidates: 226
  [iter  89/100] search_obj=1.2325  search_best=0.7925  validation_best=0.8336  EI=0.0219  rnum=26.2  len=29  syn_rate=0.35  mean=1.1395  worsen=62.00%  highvar=0.00%
GA search time: 1.00s, candidates: 225
  [iter  90/100] search_obj=0.8076  search_best=0.7925  validation_best=0.8336  EI=0.0250  rnum=25.4  len=29  syn_rate=0.37  mean=0.7941  worsen=9.00%  highvar=0.00%
GA search time: 1.06s, candidates: 224
  [iter  91/100] search_obj=0.8101  search_best=0.7925  validation_best=0.8336  EI=0.0189  rnum=24.7  len=25  syn_rate=0.38  mean=0.7981  worsen=8.00%  highvar=0.00%
GA search time: 1.46s, candidates: 223
  [iter  92/100] search_obj=1.2067  search_best=0.7925  validation_best=0.8336  EI=0.0247  rnum=24.0  len=31  syn_rate=0.35  mean=1.0867  worsen=80.00%  highvar=0.00%
GA search time: 1.30s, candidates: 223
  [iter  93/100] search_obj=0.8220  search_best=0.7925  validation_best=0.8336  EI=0.0282  rnum=23.3  len=31  syn_rate=0.38  mean=0.8070  worsen=10.00%  highvar=0.00%
GA search time: 1.60s, candidates: 222
  [iter  94/100] search_obj=0.8135  search_best=0.7925  validation_best=0.8336  EI=0.0248  rnum=22.6  len=27  syn_rate=0.35  mean=0.8000  worsen=9.00%  highvar=0.00%
GA search time: 1.10s, candidates: 221
  [iter  95/100] search_obj=1.2073  search_best=0.7925  validation_best=0.8336  EI=0.0210  rnum=21.9  len=21  syn_rate=0.35  mean=1.0873  worsen=80.00%  highvar=0.00%
GA search time: 1.08s, candidates: 221
  [iter  96/100] search_obj=0.9919  search_best=0.7925  validation_best=0.8336  EI=0.0231  rnum=21.2  len=23  syn_rate=0.36  mean=0.9484  worsen=29.00%  highvar=0.00%
GA search time: 1.25s, candidates: 220
  [iter  97/100] search_obj=0.8133  search_best=0.7925  validation_best=0.8336  EI=0.0233  rnum=20.6  len=23  syn_rate=0.35  mean=0.7998  worsen=9.00%  highvar=0.00%
GA search time: 1.12s, candidates: 219
  [iter  98/100] search_obj=0.8116  search_best=0.7925  validation_best=0.8336  EI=0.0199  rnum=19.9  len=27  syn_rate=0.37  mean=0.7996  worsen=8.00%  highvar=0.00%
GA search time: 1.08s, candidates: 219
  [iter  99/100] search_obj=0.8572  search_best=0.7925  validation_best=0.8336  EI=0.0219  rnum=19.3  len=32  syn_rate=0.47  mean=0.8182  worsen=26.00%  highvar=0.00%
GA search time: 1.36s, candidates: 218
  [iter 100/100] search_obj=1.2468  search_best=0.7925  validation_best=0.8336  EI=0.0196  rnum=18.7  len=32  syn_rate=0.47  mean=1.1223  worsen=83.00%  highvar=0.00%

[Step 5] 按 validation 选择最终通用序列...
  选择结果:
    search_train_obj=0.7965, search_train_mean=0.7830, search_train_worsen=9.00%, search_train_highvar=0.00%
    validation_obj=0.8336, validation_mean=0.8171, validation_worsen=11.00%, validation_highvar=0.00%

[Step 6] 在 validation 上执行消融后处理...

[Ablation-validation] 初始序列长度: 21, objective: 0.8336, mean_norm: 0.8171, worsen_rate: 11.00%
  移除 [20] function(dce): objective 0.8371 > 0.8336 (恢复)
  移除 [19] module(attributor): objective 0.8539 > 0.8336 (恢复)
  移除 [18] module(scc-oz-module-inliner): objective 1.3722 > 0.8336 (恢复)
  移除 [17] module(elim-avail-extern): objective 0.8336, mean_norm 0.8171, worsen_rate 11.00% (保留移除)
  移除 [16] module(iroutliner): objective 0.8336, mean_norm 0.8171, worsen_rate 11.00% (保留移除)
  移除 [15] module(iroutliner): objective 0.8314, mean_norm 0.8164, worsen_rate 10.00% (保留移除)
  移除 [14] function(dce): objective 0.8314, mean_norm 0.8164, worsen_rate 10.00% (保留移除)
  移除 [13] module(attributor): objective 0.8546 > 0.8314 (恢复)
  移除 [12] function(gvn-sink): objective 0.8343 > 0.8314 (恢复)
  移除 [11] function(memcpyopt): objective 0.8314, mean_norm 0.8164, worsen_rate 10.00% (保留移除)
  移除 [10] function(newgvn): objective 0.8499 > 0.8314 (恢复)
  移除 [9] function(gvn-sink): objective 0.8349 > 0.8314 (恢复)
  移除 [8] module(globalopt): objective 1.0044 > 0.8314 (恢复)
  移除 [7] function(jump-threading): objective 0.8309, mean_norm 0.8159, worsen_rate 10.00% (保留移除)
  移除 [6] function(gvn-hoist): objective 0.8309, mean_norm 0.8159, worsen_rate 10.00% (保留移除)
  移除 [5] function(memcpyopt): objective 0.8309, mean_norm 0.8159, worsen_rate 10.00% (保留移除)
  移除 [4] module(attributor): objective 0.8807 > 0.8309 (恢复)
  移除 [3] function(gvn-hoist): objective 0.8300, mean_norm 0.8135, worsen_rate 11.00% (保留移除)
  移除 [2] function(instsimplify): objective 0.8300, mean_norm 0.8135, worsen_rate 11.00% (保留移除)
  移除 [1] module(iroutliner): objective 0.9224 > 0.8300 (恢复)
  移除 [0] module(elim-avail-extern): objective 1.1394 > 0.8300 (恢复)
[Ablation-validation] 最终序列长度: 11, objective: 0.8300, mean_norm: 0.8135, worsen_rate: 11.00%, 移除了 10 个 pass
  消融有效: 21 → 11 passes, validation_objective: 0.8336 → 0.8300

最终通用 pass 序列（effective=11 个顶层 pass, raw=11 个 pass, syn_rate(raw)=0.14）:
  module(elim-avail-extern) → module(iroutliner) → module(attributor) → module(globalopt) → function(gvn-sink) → function(newgvn) → function(gvn-sink) → module(attributor) → module(scc-oz-module-inliner) → module(attributor) → function(dce)
  search_train_obj=0.8100, search_train_mean=0.7950, search_train_worsen=10.00%, search_train_highvar=0.00%
  validation_obj=0.8300, validation_mean=0.8135, validation_worsen=11.00%, validation_highvar=0.00%
  test_obj=0.8170, test_mean=0.7930, test_worsen=16.00%, test_highvar=0.00%

Top-5 最佳序列（按 validation 多目标 objective 升序）:
  #1: validation_obj=0.8336, validation_mean=0.8171, validation_worsen=11.00%, validation_highvar=0.00%, train_obj=0.7965, train_mean=0.7830, train_highvar=0.00%, len=21, syn_rate=0.38, test_obj=0.8003, test_mean=0.7793, test_worsen=14.00%, test_highvar=0.00%
     module(elim-avail-extern) → module(iroutliner) → function(instsimplify) → function(gvn-hoist) → module(attributor) → function(memcpyopt) → function(gvn-hoist) → function(jump-threading) → module(globalopt) → function(gvn-sink) → function(newgvn) → function(memcpyopt) → function(gvn-sink) → module(attributor) → function(dce) → module(iroutliner) → module(iroutliner) → module(elim-avail-extern) → module(scc-oz-module-inliner) → module(attributor) → function(dce)
  #2: validation_obj=0.8350, validation_mean=0.8185, validation_worsen=11.00%, validation_highvar=0.00%, train_obj=0.8407, train_mean=0.8272, train_highvar=0.00%, len=22, syn_rate=0.36, test_obj=0.8144, test_mean=0.7904, test_worsen=16.00%, test_highvar=0.00%
     module(elim-avail-extern) → function(gvn-hoist) → function(instsimplify) → module(iroutliner) → module(attributor) → function(memcpyopt) → function(newgvn) → module(globalopt) → function(gvn-sink) → function(jump-threading) → function(gvn-hoist) → module(elim-avail-extern) → module(iroutliner) → module(attributor) → module(iroutliner) → module(attributor) → function(gvn-sink) → function(dce) → module(iroutliner) → module(elim-avail-extern) → module(scc-oz-module-inliner) → function(dce)
  #3: validation_obj=0.8350, validation_mean=0.8185, validation_worsen=11.00%, validation_highvar=0.00%, train_obj=0.8407, train_mean=0.8272, train_highvar=0.00%, len=24, syn_rate=0.38, test_obj=0.8232, test_mean=0.7962, test_worsen=18.00%, test_highvar=0.00%
     module(elim-avail-extern) → function(gvn-hoist) → function(instsimplify) → module(iroutliner) → module(attributor) → function(memcpyopt) → function(newgvn) → module(globalopt) → function(gvn-sink) → function(jump-threading) → function(lower-switch) → function(gvn-hoist) → module(elim-avail-extern) → module(iroutliner) → module(attributor) → function(memcpyopt) → module(iroutliner) → module(attributor) → function(gvn-sink) → function(dce) → module(iroutliner) → module(elim-avail-extern) → module(scc-oz-module-inliner) → function(dce)
  #4: validation_obj=0.8350, validation_mean=0.8185, validation_worsen=11.00%, validation_highvar=0.00%, train_obj=0.8220, train_mean=0.8070, train_highvar=0.00%, len=31, syn_rate=0.38, test_obj=0.8173, test_mean=0.7963, test_worsen=14.00%, test_highvar=0.00%
     module(elim-avail-extern) → module(iroutliner) → module(iroutliner) → function(instsimplify) → module(attributor) → function(memcpyopt) → function(jump-threading) → module(globalopt) → function(gvn-sink) → function(gvn-sink) → module(globalopt) → module(attributor) → function(dce) → function(dce) → module(iroutliner) → module(attributor) → function(dce) → function(dce) → module(iroutliner) → module(elim-avail-extern) → function(newgvn) → function(gvn-sink) → function(mem2reg) → module(globalopt) → module(globalopt) → module(attributor) → function(dce) → function(dce) → module(iroutliner) → module(elim-avail-extern) → module(scc-oz-module-inliner)
  #5: validation_obj=0.8367, validation_mean=0.8187, validation_worsen=12.00%, validation_highvar=0.00%, train_obj=0.7925, train_mean=0.7805, train_highvar=0.00%, len=21, syn_rate=0.37, test_obj=0.8213, test_mean=0.8003, test_worsen=14.00%, test_highvar=0.00%
     module(elim-avail-extern) → function(gvn-hoist) → function(instsimplify) → module(iroutliner) → module(attributor) → function(memcpyopt) → function(jump-threading) → module(globalopt) → function(gvn-sink) → function(newgvn) → function(gvn-hoist) → module(iroutliner) → module(attributor) → module(iroutliner) → module(attributor) → function(gvn-sink) → function(dce) → module(iroutliner) → module(elim-avail-extern) → module(scc-oz-module-inliner) → function(dce)

============================================================
所有轮次中最优 validation objective: 0.8300
最优通用 pass 序列 (11 passes):
  module(elim-avail-extern) → module(iroutliner) → module(attributor) → module(globalopt) → function(gvn-sink) → function(newgvn) → function(gvn-sink) → module(attributor) → module(scc-oz-module-inliner) → module(attributor) → function(dce)
  search_train_obj=0.8100, search_train_mean=0.7950, search_train_worsen=10.00%, search_train_highvar=0.00%
  validation_obj=0.8300, validation_mean=0.8135, validation_worsen=11.00%, validation_highvar=0.00%
  test_obj=0.8170, test_mean=0.7930, test_worsen=16.00%, test_highvar=0.00%

最优轮次 Top-5 序列（含测试集效果，按 validation objective 升序）:
  #1: validation_obj=0.8336, validation_mean=0.8171, validation_worsen=11.00%, validation_highvar=0.00%, train_obj=0.7965, train_mean=0.7830, train_highvar=0.00%, len=21, syn_rate=0.38, test_obj=0.8003, test_mean=0.7793, test_worsen=14.00%, test_highvar=0.00%
     module(elim-avail-extern) → module(iroutliner) → function(instsimplify) → function(gvn-hoist) → module(attributor) → function(memcpyopt) → function(gvn-hoist) → function(jump-threading) → module(globalopt) → function(gvn-sink) → function(newgvn) → function(memcpyopt) → function(gvn-sink) → module(attributor) → function(dce) → module(iroutliner) → module(iroutliner) → module(elim-avail-extern) → module(scc-oz-module-inliner) → module(attributor) → function(dce)
  #2: validation_obj=0.8350, validation_mean=0.8185, validation_worsen=11.00%, validation_highvar=0.00%, train_obj=0.8407, train_mean=0.8272, train_highvar=0.00%, len=22, syn_rate=0.36, test_obj=0.8144, test_mean=0.7904, test_worsen=16.00%, test_highvar=0.00%
     module(elim-avail-extern) → function(gvn-hoist) → function(instsimplify) → module(iroutliner) → module(attributor) → function(memcpyopt) → function(newgvn) → module(globalopt) → function(gvn-sink) → function(jump-threading) → function(gvn-hoist) → module(elim-avail-extern) → module(iroutliner) → module(attributor) → module(iroutliner) → module(attributor) → function(gvn-sink) → function(dce) → module(iroutliner) → module(elim-avail-extern) → module(scc-oz-module-inliner) → function(dce)
  #3: validation_obj=0.8350, validation_mean=0.8185, validation_worsen=11.00%, validation_highvar=0.00%, train_obj=0.8407, train_mean=0.8272, train_highvar=0.00%, len=24, syn_rate=0.38, test_obj=0.8232, test_mean=0.7962, test_worsen=18.00%, test_highvar=0.00%
     module(elim-avail-extern) → function(gvn-hoist) → function(instsimplify) → module(iroutliner) → module(attributor) → function(memcpyopt) → function(newgvn) → module(globalopt) → function(gvn-sink) → function(jump-threading) → function(lower-switch) → function(gvn-hoist) → module(elim-avail-extern) → module(iroutliner) → module(attributor) → function(memcpyopt) → module(iroutliner) → module(attributor) → function(gvn-sink) → function(dce) → module(iroutliner) → module(elim-avail-extern) → module(scc-oz-module-inliner) → function(dce)
  #4: validation_obj=0.8350, validation_mean=0.8185, validation_worsen=11.00%, validation_highvar=0.00%, train_obj=0.8220, train_mean=0.8070, train_highvar=0.00%, len=31, syn_rate=0.38, test_obj=0.8173, test_mean=0.7963, test_worsen=14.00%, test_highvar=0.00%
     module(elim-avail-extern) → module(iroutliner) → module(iroutliner) → function(instsimplify) → module(attributor) → function(memcpyopt) → function(jump-threading) → module(globalopt) → function(gvn-sink) → function(gvn-sink) → module(globalopt) → module(attributor) → function(dce) → function(dce) → module(iroutliner) → module(attributor) → function(dce) → function(dce) → module(iroutliner) → module(elim-avail-extern) → function(newgvn) → function(gvn-sink) → function(mem2reg) → module(globalopt) → module(globalopt) → module(attributor) → function(dce) → function(dce) → module(iroutliner) → module(elim-avail-extern) → module(scc-oz-module-inliner)
  #5: validation_obj=0.8367, validation_mean=0.8187, validation_worsen=12.00%, validation_highvar=0.00%, train_obj=0.7925, train_mean=0.7805, train_highvar=0.00%, len=21, syn_rate=0.37, test_obj=0.8213, test_mean=0.8003, test_worsen=14.00%, test_highvar=0.00%
     module(elim-avail-extern) → function(gvn-hoist) → function(instsimplify) → module(iroutliner) → module(attributor) → function(memcpyopt) → function(jump-threading) → module(globalopt) → function(gvn-sink) → function(newgvn) → function(gvn-hoist) → module(iroutliner) → module(attributor) → module(iroutliner) → module(attributor) → function(gvn-sink) → function(dce) → module(iroutliner) → module(elim-avail-extern) → module(scc-oz-module-inliner) → function(dce)
binarysize_test: vs_none=0.995 (+0.5%)  vs_oz=1.000 (+0.0%)  vs_o3=0.982 (+1.8%) [metric=stripped_file_bytes]
binarysize_test[text_bytes]: vs_none=0.912 (+8.8%)  vs_oz=0.933 (+6.7%)  vs_o3=0.807 (+19.3%)
binarysize_test[data_bytes]: vs_none=0.987 (+1.3%)  vs_oz=0.995 (+0.5%)  vs_o3=0.989 (+1.1%)
binarysize_test[bss_bytes]: vs_none=1.000 (+0.0%)  vs_oz=1.000 (+0.0%)  vs_o3=1.000 (+0.0%)
binarysize_test[dec_bytes]: vs_none=0.925 (+7.5%)  vs_oz=0.947 (+5.3%)  vs_o3=0.850 (+15.0%)

最优轮次 Top-5 binarysize_test 序列面板（primary=stripped_file_bytes）:
  #1: len=21, syn_rate=0.38
     stripped_file_bytes: obj=1.0116, mean=0.9996, worsen=8.00%, vs_none=0.995 (+0.5%)  vs_oz=1.000 (+0.0%)  vs_o3=0.982 (+1.8%)
     text_bytes: obj=0.9631, mean=0.9301, worsen=22.00%, vs_none=0.909 (+9.1%)  vs_oz=0.930 (+7.0%)  vs_o3=0.805 (+19.5%)
     data_bytes: obj=1.0072, mean=0.9952, worsen=8.00%, vs_none=0.987 (+1.3%)  vs_oz=0.995 (+0.5%)  vs_o3=0.989 (+1.1%)
     bss_bytes: obj=1.0000, mean=1.0000, worsen=0.00%, vs_none=1.000 (+0.0%)  vs_oz=1.000 (+0.0%)  vs_o3=1.000 (+0.0%)
     dec_bytes: obj=0.9784, mean=0.9454, worsen=22.00%, vs_none=0.923 (+7.7%)  vs_oz=0.945 (+5.5%)  vs_o3=0.848 (+15.2%)
  #2: len=22, syn_rate=0.36
     stripped_file_bytes: obj=1.0116, mean=0.9996, worsen=8.00%, vs_none=0.995 (+0.5%)  vs_oz=1.000 (+0.0%)  vs_o3=0.982 (+1.8%)
     text_bytes: obj=0.9725, mean=0.9335, worsen=26.00%, vs_none=0.911 (+8.9%)  vs_oz=0.933 (+6.7%)  vs_o3=0.809 (+19.1%)
     data_bytes: obj=1.0082, mean=0.9962, worsen=8.00%, vs_none=0.988 (+1.2%)  vs_oz=0.996 (+0.4%)  vs_o3=0.990 (+1.0%)
     bss_bytes: obj=1.0000, mean=1.0000, worsen=0.00%, vs_none=1.000 (+0.0%)  vs_oz=1.000 (+0.0%)  vs_o3=1.000 (+0.0%)
     dec_bytes: obj=0.9869, mean=0.9479, worsen=26.00%, vs_none=0.924 (+7.6%)  vs_oz=0.948 (+5.2%)  vs_o3=0.852 (+14.8%)
  #3: len=24, syn_rate=0.38
     stripped_file_bytes: obj=1.0116, mean=0.9996, worsen=8.00%, vs_none=0.995 (+0.5%)  vs_oz=1.000 (+0.0%)  vs_o3=0.982 (+1.8%)
     text_bytes: obj=0.9684, mean=0.9324, worsen=24.00%, vs_none=0.910 (+9.0%)  vs_oz=0.932 (+6.8%)  vs_o3=0.808 (+19.2%)
     data_bytes: obj=1.0082, mean=0.9962, worsen=8.00%, vs_none=0.988 (+1.2%)  vs_oz=0.996 (+0.4%)  vs_o3=0.990 (+1.0%)
     bss_bytes: obj=1.0000, mean=1.0000, worsen=0.00%, vs_none=1.000 (+0.0%)  vs_oz=1.000 (+0.0%)  vs_o3=1.000 (+0.0%)
     dec_bytes: obj=0.9830, mean=0.9470, worsen=24.00%, vs_none=0.923 (+7.7%)  vs_oz=0.947 (+5.3%)  vs_o3=0.851 (+14.9%)
  #4: len=31, syn_rate=0.38
     stripped_file_bytes: obj=1.0116, mean=0.9996, worsen=8.00%, vs_none=0.995 (+0.5%)  vs_oz=1.000 (+0.0%)  vs_o3=0.982 (+1.8%)
     text_bytes: obj=0.9684, mean=0.9324, worsen=24.00%, vs_none=0.910 (+9.0%)  vs_oz=0.932 (+6.8%)  vs_o3=0.809 (+19.1%)
     data_bytes: obj=1.0075, mean=0.9955, worsen=8.00%, vs_none=0.987 (+1.3%)  vs_oz=0.995 (+0.5%)  vs_o3=0.989 (+1.1%)
     bss_bytes: obj=1.0000, mean=1.0000, worsen=0.00%, vs_none=1.000 (+0.0%)  vs_oz=1.000 (+0.0%)  vs_o3=1.000 (+0.0%)
     dec_bytes: obj=0.9831, mean=0.9471, worsen=24.00%, vs_none=0.924 (+7.6%)  vs_oz=0.947 (+5.3%)  vs_o3=0.851 (+14.9%)
  #5: len=21, syn_rate=0.37
     stripped_file_bytes: obj=1.0116, mean=0.9996, worsen=8.00%, vs_none=0.995 (+0.5%)  vs_oz=1.000 (+0.0%)  vs_o3=0.982 (+1.8%)
     text_bytes: obj=0.9736, mean=0.9406, worsen=22.00%, vs_none=0.919 (+8.1%)  vs_oz=0.941 (+5.9%)  vs_o3=0.813 (+18.7%)
     data_bytes: obj=1.0082, mean=0.9962, worsen=8.00%, vs_none=0.988 (+1.2%)  vs_oz=0.996 (+0.4%)  vs_o3=0.990 (+1.0%)
     bss_bytes: obj=1.0000, mean=1.0000, worsen=0.00%, vs_none=1.000 (+0.0%)  vs_oz=1.000 (+0.0%)  vs_o3=1.000 (+0.0%)
     dec_bytes: obj=0.9870, mean=0.9540, worsen=22.00%, vs_none=0.931 (+6.9%)  vs_oz=0.954 (+4.6%)  vs_o3=0.855 (+14.5%)
结果已写入: /root/exp/RFunipassLab/results/instrcount/summaries/20260423_181846_349217_feature_lite_seed456.json
总运行时间: 1725.45 秒
