# run_id: 20260508_043007_149153_feature_lite_seed460
# name: feature_lite
# group: feature_ablation
# description: 切换到 Lite 特征编码，保留其余搜索流程不变。
# changed: FEATURE_MODE=lite, GA_GEN=5, GA_POP=200, ITERS=100, MAX_SEQ_LEN=120, MIN_VAL_PROGRAMS=5, SEED_TOPK=0, TEST_TOPK=50, TRAIN_TOPK=200, VAL_RATIO=0.5
# result_json: /root/exp/RFunipassLab/results/instrcount/summaries/20260508_043007_149153_feature_lite_seed460.json
# started_at: 2026-05-08T04:30:07
# control_env:
#   BACKEND_OPT_LEVEL=-O0
#   BINARY_SIZE_METRIC=stripped_file_bytes
#   BINARY_SIZE_REPORT_METRICS=text_bytes,data_bytes,bss_bytes,dec_bytes
#   DECAY=0.5
#   EXPERIMENT_SEED=460
#   FEATURE_MODE=lite
#   GA_ELITE=0.1
#   GA_GEN=5
#   GA_MUT=0.8
#   GA_POP=200
#   GA_TOUR=3
#   ITERS=100
#   LOOP_NESTING_POLICY=wrap
#   MAX_SEQ_LEN=120
#   MIN_VAL_PROGRAMS=5
#   OBJECTIVE_BASELINE=oz
#   OBJECTIVE_KIND=instrcount
#   OBJ_HIGHVAR_W=0.0
#   OBJ_WORSEN_W=0.10
#   OFFSET=20
#   PROGRAM_POOL_KIND=auto
#   RF_EXPLAIN_COUNTERFACTUAL_ENABLE=1
#   RF_EXPLAIN_COUNTERFACTUAL_MAX_EVALS=50
#   RF_EXPLAIN_COUNTERFACTUAL_SPLIT=selection
#   RF_EXPLAIN_COUNTERFACTUAL_TOPK=5
#   RF_EXPLAIN_ENABLE=0
#   RF_EXPLAIN_HOLDOUT_RATIO=0.3
#   RF_EXPLAIN_MIN_SAMPLES=20
#   RF_EXPLAIN_MODE=final
#   RF_EXPLAIN_PERM_REPEATS=10
#   RF_EXPLAIN_TOPK=20
#   RNUM=256
#   RUNS=1
#   RUNTIME_EVAL_MAX_VARIANCE_PCT=15.0
#   RUNTIME_MAX_INNER_REPEATS=64
#   RUNTIME_MAX_VARIANCE_PCT=10.0
#   RUNTIME_REQUIRED_ROWS=0
#   RUNTIME_SAMPLES=5
#   RUNTIME_TARGET_SAMPLE_MS=30.0
#   RUNTIME_TIMEOUT_SEC=2.0
#   SCALE=10
#   SEED_TOPK=0
#   SPLIT_SEED=460
#   TEST_TOPK=50
#   TRAIN_TOPK=200
#   VAL_RATIO=0.5

Loading train/test rows from: /root/exp/RFunipassLab/data/tuning_results.csv
Loaded train programs:       200
Loaded initial seed seqs:    90
Loaded test programs:        50
Objective kind:              instrcount
Program pool kind:           tuning

Loading synergy graph from: /root/exp/RFunipassLab/data/Step3_EnumeratedPairs.csv
All passes (19): ['module(inferattrs)', 'module(scc-oz-module-inliner)', 'function(gvn-hoist)', 'cgscc(attributor-cgscc)', 'function(dse)', 'function(jump-threading)', 'function(dce)', 'module(attributor)', 'module(globalopt)', 'module(elim-avail-extern)', 'function(reassociate)', 'function(memcpyopt)', 'module(iroutliner)', 'function(instsimplify)', 'function(gvn-sink)', 'function(newgvn)', 'function(mem2reg)', 'loop(loop-simplifycfg)', 'function(lower-switch)']
Synergy edges: 176
Self-loop passes: {'cgscc(attributor-cgscc)', 'module(attributor)', 'function(newgvn)'}

============================================================
实验轮次 1 / 1
============================================================
============================================================
目标类型:      instrcount
目标基准:      -Oz
基准指标:      -Oz 基准指令数
优化指标:      归一化指令数
输入程序数:    200
输入次优序列数: 90
测试程序数:    50
Pass 词表大小: 19
协同边数:      176
自环 pass 数:  3
序列长度上限:  120
Loop 合法化策略: wrap
实验种子:      460
划分种子:      460
特征模式:      lite
RF 特征维度:   31
词表: ['module(inferattrs)', 'module(scc-oz-module-inliner)', 'function(gvn-hoist)', 'cgscc(attributor-cgscc)', 'function(dse)', 'function(jump-threading)', 'function(dce)', 'module(attributor)', 'module(globalopt)', 'module(elim-avail-extern)', 'function(reassociate)', 'function(memcpyopt)', 'module(iroutliner)', 'function(instsimplify)', 'function(gvn-sink)', 'function(newgvn)', 'function(mem2reg)', 'loop(loop-simplifycfg)', 'function(lower-switch)']
多目标权重:    mean=1.0, worsen=0.1, highvar=0.0

[Step 1.5] 训练程序切分...
  search_train 程序数: 100
  validation 程序数:   100
  split_signature(search_train): 0bf75313023fcd96df23526ac6add04788b5e92c
  split_signature(validation):   b982062f90419fc2260c12e6732e3483464dd095
  split_signature(test):         338de2e9059a195def93ad25199831a1b4a18c04

[Step 2] 计算 search_train 程序 -Oz 基准指令数...
[Step 2b] 计算 validation 程序 -Oz 基准指令数...
[Step 2c] 计算测试集程序 -Oz 基准指令数...

[Step 3] 评估初始 seed 序列（共 90 条）...

[Step 4] 开始贝叶斯优化（100 轮）...
GA search time: 9.10s, candidates: 359
  [iter   1/100] search_obj=0.7698  search_best=0.7696  validation_best=0.8037  EI=0.0095  rnum=159.9  len=16  syn_rate=0.31  mean=0.7608  worsen=9.00%  highvar=0.00%
GA search time: 6.64s, candidates: 357
  [iter   2/100] search_obj=0.9672  search_best=0.7696  validation_best=0.8037  EI=0.0144  rnum=157.7  len=16  syn_rate=0.27  mean=0.9472  worsen=20.00%  highvar=0.00%
GA search time: 6.67s, candidates: 355
  [iter   3/100] search_obj=0.7681  search_best=0.7681  validation_best=0.8037  EI=0.0138  rnum=155.6  len=14  syn_rate=0.31  mean=0.7601  worsen=8.00%  highvar=0.00%
GA search time: 4.43s, candidates: 353
  [iter   4/100] search_obj=0.7458  search_best=0.7458  validation_best=0.7544  EI=0.0173  rnum=153.4  len=16  syn_rate=0.30  mean=0.7368  worsen=9.00%  highvar=0.00%
GA search time: 4.66s, candidates: 351
  [iter   5/100] search_obj=0.7910  search_best=0.7458  validation_best=0.7544  EI=0.0176  rnum=151.3  len=16  syn_rate=0.29  mean=0.7800  worsen=11.00%  highvar=0.00%
GA search time: 9.64s, candidates: 349
  [iter   6/100] search_obj=0.8831  search_best=0.7458  validation_best=0.7544  EI=0.0121  rnum=149.1  len=28  syn_rate=0.47  mean=0.8651  worsen=18.00%  highvar=0.00%
GA search time: 3.95s, candidates: 346
  [iter   7/100] search_obj=0.9676  search_best=0.7458  validation_best=0.7544  EI=0.0168  rnum=147.0  len=18  syn_rate=0.30  mean=0.9486  worsen=19.00%  highvar=0.00%
GA search time: 5.83s, candidates: 344
  [iter   8/100] search_obj=0.7140  search_best=0.7140  validation_best=0.7246  EI=0.0104  rnum=144.8  len=19  syn_rate=0.31  mean=0.7050  worsen=9.00%  highvar=0.00%
GA search time: 6.74s, candidates: 342
  [iter   9/100] search_obj=0.9616  search_best=0.7140  validation_best=0.7246  EI=0.0103  rnum=142.7  len=17  syn_rate=0.31  mean=0.9456  worsen=16.00%  highvar=0.00%
GA search time: 6.53s, candidates: 340
  [iter  10/100] search_obj=0.9302  search_best=0.7140  validation_best=0.7246  EI=0.0115  rnum=140.5  len=20  syn_rate=0.30  mean=0.9122  worsen=18.00%  highvar=0.00%
GA search time: 6.10s, candidates: 338
  [iter  11/100] search_obj=0.9323  search_best=0.7140  validation_best=0.7246  EI=0.0115  rnum=138.4  len=16  syn_rate=0.31  mean=0.9143  worsen=18.00%  highvar=0.00%
GA search time: 8.56s, candidates: 336
  [iter  12/100] search_obj=0.7681  search_best=0.7140  validation_best=0.7246  EI=0.0063  rnum=136.3  len=15  syn_rate=0.31  mean=0.7601  worsen=8.00%  highvar=0.00%
GA search time: 6.85s, candidates: 334
  [iter  13/100] search_obj=0.7458  search_best=0.7140  validation_best=0.7246  EI=0.0081  rnum=134.2  len=19  syn_rate=0.37  mean=0.7368  worsen=9.00%  highvar=0.00%
GA search time: 6.69s, candidates: 332
  [iter  14/100] search_obj=1.5880  search_best=0.7140  validation_best=0.7246  EI=0.0145  rnum=132.1  len=19  syn_rate=0.32  mean=1.5030  worsen=85.00%  highvar=0.00%
GA search time: 6.03s, candidates: 329
  [iter  15/100] search_obj=1.0207  search_best=0.7140  validation_best=0.7246  EI=0.0294  rnum=130.0  len=19  syn_rate=0.32  mean=0.9997  worsen=21.00%  highvar=0.00%
GA search time: 4.83s, candidates: 327
  [iter  16/100] search_obj=0.9297  search_best=0.7140  validation_best=0.7246  EI=0.0179  rnum=127.9  len=37  syn_rate=0.46  mean=0.9117  worsen=18.00%  highvar=0.00%
GA search time: 5.03s, candidates: 325
  [iter  17/100] search_obj=0.9338  search_best=0.7140  validation_best=0.7246  EI=0.0248  rnum=125.8  len=19  syn_rate=0.31  mean=0.9158  worsen=18.00%  highvar=0.00%
GA search time: 5.35s, candidates: 323
  [iter  18/100] search_obj=0.9301  search_best=0.7140  validation_best=0.7246  EI=0.0149  rnum=123.7  len=20  syn_rate=0.31  mean=0.9121  worsen=18.00%  highvar=0.00%
GA search time: 2.68s, candidates: 321
  [iter  19/100] search_obj=0.9733  search_best=0.7140  validation_best=0.7246  EI=0.0097  rnum=121.6  len=14  syn_rate=0.31  mean=0.9393  worsen=34.00%  highvar=0.00%
GA search time: 3.05s, candidates: 319
  [iter  20/100] search_obj=0.7463  search_best=0.7140  validation_best=0.7246  EI=0.0073  rnum=119.6  len=19  syn_rate=0.32  mean=0.7373  worsen=9.00%  highvar=0.00%
GA search time: 2.36s, candidates: 317
  [iter  21/100] search_obj=0.7464  search_best=0.7140  validation_best=0.7246  EI=0.0097  rnum=117.5  len=17  syn_rate=0.30  mean=0.7374  worsen=9.00%  highvar=0.00%
GA search time: 2.92s, candidates: 315
  [iter  22/100] search_obj=0.7446  search_best=0.7140  validation_best=0.7246  EI=0.0138  rnum=115.5  len=19  syn_rate=0.39  mean=0.7366  worsen=8.00%  highvar=0.00%
GA search time: 2.07s, candidates: 313
  [iter  23/100] search_obj=0.7464  search_best=0.7140  validation_best=0.7246  EI=0.0140  rnum=113.5  len=19  syn_rate=0.30  mean=0.7374  worsen=9.00%  highvar=0.00%
GA search time: 3.02s, candidates: 311
  [iter  24/100] search_obj=0.8000  search_best=0.7140  validation_best=0.7246  EI=0.0130  rnum=111.5  len=19  syn_rate=0.33  mean=0.7700  worsen=30.00%  highvar=0.00%
GA search time: 1.73s, candidates: 309
  [iter  25/100] search_obj=0.7463  search_best=0.7140  validation_best=0.7246  EI=0.0080  rnum=109.5  len=23  syn_rate=0.30  mean=0.7373  worsen=9.00%  highvar=0.00%
GA search time: 2.49s, candidates: 307
  [iter  26/100] search_obj=0.9301  search_best=0.7140  validation_best=0.7246  EI=0.0107  rnum=107.6  len=26  syn_rate=0.32  mean=0.9121  worsen=18.00%  highvar=0.00%
GA search time: 1.91s, candidates: 305
  [iter  27/100] search_obj=0.9301  search_best=0.7140  validation_best=0.7246  EI=0.0135  rnum=105.6  len=19  syn_rate=0.30  mean=0.9121  worsen=18.00%  highvar=0.00%
GA search time: 2.21s, candidates: 303
  [iter  28/100] search_obj=1.2265  search_best=0.7140  validation_best=0.7246  EI=0.0088  rnum=103.7  len=34  syn_rate=0.33  mean=1.1505  worsen=76.00%  highvar=0.00%
GA search time: 2.80s, candidates: 301
  [iter  29/100] search_obj=0.9307  search_best=0.7140  validation_best=0.7246  EI=0.0104  rnum=101.7  len=22  syn_rate=0.37  mean=0.9127  worsen=18.00%  highvar=0.00%
GA search time: 2.17s, candidates: 299
  [iter  30/100] search_obj=0.8696  search_best=0.7140  validation_best=0.7246  EI=0.0111  rnum=99.8  len=23  syn_rate=0.34  mean=0.8586  worsen=11.00%  highvar=0.00%
GA search time: 1.45s, candidates: 297
  [iter  31/100] search_obj=0.9307  search_best=0.7140  validation_best=0.7246  EI=0.0117  rnum=97.9  len=19  syn_rate=0.31  mean=0.9137  worsen=17.00%  highvar=0.00%
GA search time: 1.69s, candidates: 296
  [iter  32/100] search_obj=0.8682  search_best=0.7140  validation_best=0.7246  EI=0.0074  rnum=96.1  len=19  syn_rate=0.37  mean=0.8582  worsen=10.00%  highvar=0.00%
GA search time: 1.89s, candidates: 294
  [iter  33/100] search_obj=0.8159  search_best=0.7140  validation_best=0.7246  EI=0.0108  rnum=94.2  len=19  syn_rate=0.31  mean=0.8059  worsen=10.00%  highvar=0.00%
GA search time: 1.72s, candidates: 292
  [iter  34/100] search_obj=0.8662  search_best=0.7140  validation_best=0.7246  EI=0.0079  rnum=92.4  len=18  syn_rate=0.36  mean=0.8562  worsen=10.00%  highvar=0.00%
GA search time: 2.01s, candidates: 290
  [iter  35/100] search_obj=0.9589  search_best=0.7140  validation_best=0.7246  EI=0.0123  rnum=90.5  len=19  syn_rate=0.32  mean=0.9429  worsen=16.00%  highvar=0.00%
GA search time: 1.35s, candidates: 288
  [iter  36/100] search_obj=0.9301  search_best=0.7140  validation_best=0.7246  EI=0.0085  rnum=88.7  len=19  syn_rate=0.32  mean=0.9121  worsen=18.00%  highvar=0.00%
GA search time: 1.25s, candidates: 286
  [iter  37/100] search_obj=0.9301  search_best=0.7140  validation_best=0.7246  EI=0.0141  rnum=87.0  len=19  syn_rate=0.31  mean=0.9121  worsen=18.00%  highvar=0.00%
GA search time: 1.69s, candidates: 285
  [iter  38/100] search_obj=0.8336  search_best=0.7140  validation_best=0.7246  EI=0.0084  rnum=85.2  len=24  syn_rate=0.30  mean=0.8226  worsen=11.00%  highvar=0.00%
GA search time: 1.23s, candidates: 283
  [iter  39/100] search_obj=0.7464  search_best=0.7140  validation_best=0.7246  EI=0.0078  rnum=83.5  len=19  syn_rate=0.30  mean=0.7374  worsen=9.00%  highvar=0.00%
GA search time: 1.31s, candidates: 281
  [iter  40/100] search_obj=0.7400  search_best=0.7140  validation_best=0.7246  EI=0.0099  rnum=81.7  len=17  syn_rate=0.28  mean=0.7320  worsen=8.00%  highvar=0.00%
GA search time: 1.25s, candidates: 280
  [iter  41/100] search_obj=0.7458  search_best=0.7140  validation_best=0.7246  EI=0.0070  rnum=80.0  len=19  syn_rate=0.35  mean=0.7368  worsen=9.00%  highvar=0.00%
GA search time: 1.80s, candidates: 278
  [iter  42/100] search_obj=0.7400  search_best=0.7140  validation_best=0.7246  EI=0.0089  rnum=78.4  len=19  syn_rate=0.28  mean=0.7320  worsen=8.00%  highvar=0.00%
GA search time: 1.36s, candidates: 276
  [iter  43/100] search_obj=0.8395  search_best=0.7140  validation_best=0.7246  EI=0.0090  rnum=76.7  len=27  syn_rate=0.30  mean=0.8295  worsen=10.00%  highvar=0.00%
GA search time: 1.04s, candidates: 275
  [iter  44/100] search_obj=0.7889  search_best=0.7140  validation_best=0.7246  EI=0.0086  rnum=75.1  len=17  syn_rate=0.27  mean=0.7809  worsen=8.00%  highvar=0.00%
GA search time: 1.04s, candidates: 273
  [iter  45/100] search_obj=0.7893  search_best=0.7140  validation_best=0.7246  EI=0.0080  rnum=73.4  len=17  syn_rate=0.23  mean=0.7813  worsen=8.00%  highvar=0.00%
GA search time: 1.07s, candidates: 271
  [iter  46/100] search_obj=1.0199  search_best=0.7140  validation_best=0.7246  EI=0.0087  rnum=71.8  len=19  syn_rate=0.26  mean=0.9989  worsen=21.00%  highvar=0.00%
GA search time: 1.35s, candidates: 270
  [iter  47/100] search_obj=0.7895  search_best=0.7140  validation_best=0.7246  EI=0.0078  rnum=70.3  len=20  syn_rate=0.25  mean=0.7815  worsen=8.00%  highvar=0.00%
GA search time: 1.14s, candidates: 268
  [iter  48/100] search_obj=0.8378  search_best=0.7140  validation_best=0.7246  EI=0.0083  rnum=68.7  len=20  syn_rate=0.35  mean=0.8248  worsen=13.00%  highvar=0.00%
GA search time: 1.24s, candidates: 267
  [iter  49/100] search_obj=0.8200  search_best=0.7140  validation_best=0.7246  EI=0.0074  rnum=67.2  len=18  syn_rate=0.28  mean=0.8090  worsen=11.00%  highvar=0.00%
GA search time: 1.10s, candidates: 265
  [iter  50/100] search_obj=0.7696  search_best=0.7140  validation_best=0.7246  EI=0.0056  rnum=65.7  len=19  syn_rate=0.33  mean=0.7606  worsen=9.00%  highvar=0.00%
GA search time: 0.86s, candidates: 264
  [iter  51/100] search_obj=0.7438  search_best=0.7140  validation_best=0.7246  EI=0.0071  rnum=64.2  len=19  syn_rate=0.40  mean=0.7358  worsen=8.00%  highvar=0.00%
GA search time: 0.77s, candidates: 262
  [iter  52/100] search_obj=0.7456  search_best=0.7140  validation_best=0.7246  EI=0.0074  rnum=62.7  len=19  syn_rate=0.36  mean=0.7366  worsen=9.00%  highvar=0.00%
GA search time: 1.02s, candidates: 261
  [iter  53/100] search_obj=0.9301  search_best=0.7140  validation_best=0.7246  EI=0.0064  rnum=61.3  len=19  syn_rate=0.31  mean=0.9121  worsen=18.00%  highvar=0.00%
GA search time: 0.94s, candidates: 259
  [iter  54/100] search_obj=0.7464  search_best=0.7140  validation_best=0.7246  EI=0.0090  rnum=59.8  len=19  syn_rate=0.31  mean=0.7374  worsen=9.00%  highvar=0.00%
GA search time: 1.13s, candidates: 258
  [iter  55/100] search_obj=1.0177  search_best=0.7140  validation_best=0.7246  EI=0.0072  rnum=58.4  len=19  syn_rate=0.33  mean=0.9967  worsen=21.00%  highvar=0.00%
GA search time: 1.21s, candidates: 257
  [iter  56/100] search_obj=0.7430  search_best=0.7140  validation_best=0.7246  EI=0.0058  rnum=57.0  len=17  syn_rate=0.31  mean=0.7350  worsen=8.00%  highvar=0.00%
GA search time: 0.91s, candidates: 255
  [iter  57/100] search_obj=0.7400  search_best=0.7140  validation_best=0.7246  EI=0.0085  rnum=55.7  len=19  syn_rate=0.28  mean=0.7320  worsen=8.00%  highvar=0.00%
GA search time: 1.00s, candidates: 254
  [iter  58/100] search_obj=0.9639  search_best=0.7140  validation_best=0.7246  EI=0.0082  rnum=54.3  len=19  syn_rate=0.31  mean=0.9459  worsen=18.00%  highvar=0.00%
GA search time: 0.79s, candidates: 253
  [iter  59/100] search_obj=0.7463  search_best=0.7140  validation_best=0.7246  EI=0.0076  rnum=53.0  len=19  syn_rate=0.31  mean=0.7373  worsen=9.00%  highvar=0.00%
GA search time: 0.83s, candidates: 251
  [iter  60/100] search_obj=0.7140  search_best=0.7140  validation_best=0.7246  EI=0.0068  rnum=51.7  len=19  syn_rate=0.35  mean=0.7050  worsen=9.00%  highvar=0.00%
GA search time: 0.85s, candidates: 250
  [iter  61/100] search_obj=0.7443  search_best=0.7140  validation_best=0.7246  EI=0.0111  rnum=50.5  len=19  syn_rate=0.36  mean=0.7363  worsen=8.00%  highvar=0.00%
GA search time: 0.78s, candidates: 249
  [iter  62/100] search_obj=0.7856  search_best=0.7140  validation_best=0.7246  EI=0.0130  rnum=49.2  len=27  syn_rate=0.35  mean=0.7756  worsen=10.00%  highvar=0.00%
GA search time: 1.21s, candidates: 247
  [iter  63/100] search_obj=0.7412  search_best=0.7140  validation_best=0.7246  EI=0.0109  rnum=48.0  len=22  syn_rate=0.38  mean=0.7332  worsen=8.00%  highvar=0.00%
GA search time: 1.60s, candidates: 246
  [iter  64/100] search_obj=0.7443  search_best=0.7140  validation_best=0.7246  EI=0.0117  rnum=46.8  len=30  syn_rate=0.41  mean=0.7363  worsen=8.00%  highvar=0.00%
GA search time: 1.09s, candidates: 245
  [iter  65/100] search_obj=0.7464  search_best=0.7140  validation_best=0.7246  EI=0.0108  rnum=45.6  len=19  syn_rate=0.30  mean=0.7374  worsen=9.00%  highvar=0.00%
GA search time: 1.13s, candidates: 244
  [iter  66/100] search_obj=0.7376  search_best=0.7140  validation_best=0.7246  EI=0.0110  rnum=44.4  len=19  syn_rate=0.35  mean=0.7286  worsen=9.00%  highvar=0.00%
GA search time: 1.35s, candidates: 243
  [iter  67/100] search_obj=0.7603  search_best=0.7140  validation_best=0.7246  EI=0.0106  rnum=43.3  len=22  syn_rate=0.44  mean=0.7533  worsen=7.00%  highvar=0.00%
GA search time: 1.21s, candidates: 242
  [iter  68/100] search_obj=0.9364  search_best=0.7140  validation_best=0.7246  EI=0.0120  rnum=42.2  len=25  syn_rate=0.36  mean=0.9174  worsen=19.00%  highvar=0.00%
GA search time: 0.78s, candidates: 241
  [iter  69/100] search_obj=0.7260  search_best=0.7140  validation_best=0.7246  EI=0.0086  rnum=41.1  len=19  syn_rate=0.32  mean=0.7170  worsen=9.00%  highvar=0.00%
GA search time: 0.91s, candidates: 239
  [iter  70/100] search_obj=0.8028  search_best=0.7140  validation_best=0.7246  EI=0.0121  rnum=40.0  len=19  syn_rate=0.36  mean=0.7918  worsen=11.00%  highvar=0.00%
GA search time: 0.99s, candidates: 238
  [iter  71/100] search_obj=1.0199  search_best=0.7140  validation_best=0.7246  EI=0.0082  rnum=38.9  len=19  syn_rate=0.27  mean=0.9989  worsen=21.00%  highvar=0.00%
GA search time: 1.24s, candidates: 237
  [iter  72/100] search_obj=1.0165  search_best=0.7140  validation_best=0.7246  EI=0.0088  rnum=37.9  len=44  syn_rate=0.36  mean=0.9955  worsen=21.00%  highvar=0.00%
GA search time: 1.08s, candidates: 236
  [iter  73/100] search_obj=0.9301  search_best=0.7140  validation_best=0.7246  EI=0.0090  rnum=36.9  len=22  syn_rate=0.31  mean=0.9121  worsen=18.00%  highvar=0.00%
GA search time: 0.99s, candidates: 235
  [iter  74/100] search_obj=0.7446  search_best=0.7140  validation_best=0.7246  EI=0.0078  rnum=35.9  len=24  syn_rate=0.41  mean=0.7366  worsen=8.00%  highvar=0.00%
GA search time: 1.17s, candidates: 234
  [iter  75/100] search_obj=0.9573  search_best=0.7140  validation_best=0.7246  EI=0.0099  rnum=34.9  len=28  syn_rate=0.35  mean=0.9403  worsen=17.00%  highvar=0.00%
GA search time: 0.98s, candidates: 233
  [iter  76/100] search_obj=0.7438  search_best=0.7140  validation_best=0.7246  EI=0.0108  rnum=33.9  len=21  syn_rate=0.36  mean=0.7358  worsen=8.00%  highvar=0.00%
GA search time: 0.85s, candidates: 233
  [iter  77/100] search_obj=1.5807  search_best=0.7140  validation_best=0.7246  EI=0.0077  rnum=33.0  len=24  syn_rate=0.30  mean=1.4967  worsen=84.00%  highvar=0.00%
GA search time: 0.80s, candidates: 232
  [iter  78/100] search_obj=0.7526  search_best=0.7140  validation_best=0.7246  EI=0.0093  rnum=32.1  len=22  syn_rate=0.34  mean=0.7436  worsen=9.00%  highvar=0.00%
GA search time: 1.06s, candidates: 231
  [iter  79/100] search_obj=0.7455  search_best=0.7140  validation_best=0.7246  EI=0.0086  rnum=31.2  len=24  syn_rate=0.35  mean=0.7365  worsen=9.00%  highvar=0.00%
GA search time: 0.87s, candidates: 230
  [iter  80/100] search_obj=1.0177  search_best=0.7140  validation_best=0.7246  EI=0.0096  rnum=30.3  len=22  syn_rate=0.34  mean=0.9967  worsen=21.00%  highvar=0.00%
GA search time: 1.33s, candidates: 229
  [iter  81/100] search_obj=0.9279  search_best=0.7140  validation_best=0.7246  EI=0.0113  rnum=29.5  len=23  syn_rate=0.35  mean=0.9099  worsen=18.00%  highvar=0.00%
GA search time: 0.80s, candidates: 228
  [iter  82/100] search_obj=0.8885  search_best=0.7140  validation_best=0.7246  EI=0.0107  rnum=28.6  len=21  syn_rate=0.32  mean=0.8785  worsen=10.00%  highvar=0.00%
GA search time: 1.10s, candidates: 227
  [iter  83/100] search_obj=0.9301  search_best=0.7140  validation_best=0.7246  EI=0.0076  rnum=27.8  len=22  syn_rate=0.33  mean=0.9121  worsen=18.00%  highvar=0.00%
GA search time: 1.30s, candidates: 226
  [iter  84/100] search_obj=0.7446  search_best=0.7140  validation_best=0.7246  EI=0.0090  rnum=27.0  len=20  syn_rate=0.39  mean=0.7366  worsen=8.00%  highvar=0.00%
GA search time: 1.05s, candidates: 226
  [iter  85/100] search_obj=0.8328  search_best=0.7140  validation_best=0.7246  EI=0.0100  rnum=26.2  len=19  syn_rate=0.35  mean=0.8218  worsen=11.00%  highvar=0.00%
GA search time: 1.01s, candidates: 225
  [iter  86/100] search_obj=0.7146  search_best=0.7140  validation_best=0.7183  EI=0.0098  rnum=25.4  len=19  syn_rate=0.38  mean=0.7066  worsen=8.00%  highvar=0.00%
GA search time: 1.05s, candidates: 224
  [iter  87/100] search_obj=0.8002  search_best=0.7140  validation_best=0.7183  EI=0.0085  rnum=24.7  len=22  syn_rate=0.39  mean=0.7702  worsen=30.00%  highvar=0.00%
GA search time: 0.88s, candidates: 223
  [iter  88/100] search_obj=0.9682  search_best=0.7140  validation_best=0.7183  EI=0.0088  rnum=24.0  len=27  syn_rate=0.41  mean=0.9482  worsen=20.00%  highvar=0.00%
GA search time: 0.83s, candidates: 223
  [iter  89/100] search_obj=0.9793  search_best=0.7140  validation_best=0.7183  EI=0.0074  rnum=23.3  len=19  syn_rate=0.20  mean=0.9343  worsen=45.00%  highvar=0.00%
GA search time: 0.90s, candidates: 222
  [iter  90/100] search_obj=1.0197  search_best=0.7140  validation_best=0.7183  EI=0.0077  rnum=22.6  len=33  syn_rate=0.38  mean=0.9987  worsen=21.00%  highvar=0.00%
GA search time: 0.75s, candidates: 221
  [iter  91/100] search_obj=0.7464  search_best=0.7140  validation_best=0.7183  EI=0.0068  rnum=21.9  len=18  syn_rate=0.29  mean=0.7374  worsen=9.00%  highvar=0.00%
GA search time: 0.77s, candidates: 221
  [iter  92/100] search_obj=0.7361  search_best=0.7140  validation_best=0.7183  EI=0.0083  rnum=21.2  len=19  syn_rate=0.34  mean=0.7281  worsen=8.00%  highvar=0.00%
GA search time: 0.83s, candidates: 220
  [iter  93/100] search_obj=0.7601  search_best=0.7140  validation_best=0.7183  EI=0.0104  rnum=20.6  len=20  syn_rate=0.34  mean=0.7521  worsen=8.00%  highvar=0.00%
GA search time: 0.90s, candidates: 219
  [iter  94/100] search_obj=0.9330  search_best=0.7140  validation_best=0.7183  EI=0.0071  rnum=19.9  len=24  syn_rate=0.35  mean=0.9150  worsen=18.00%  highvar=0.00%
GA search time: 0.66s, candidates: 219
  [iter  95/100] search_obj=1.0196  search_best=0.7140  validation_best=0.7183  EI=0.0077  rnum=19.3  len=19  syn_rate=0.32  mean=0.9986  worsen=21.00%  highvar=0.00%
GA search time: 0.58s, candidates: 218
  [iter  96/100] search_obj=0.9300  search_best=0.7140  validation_best=0.7183  EI=0.0068  rnum=18.7  len=19  syn_rate=0.28  mean=0.9130  worsen=17.00%  highvar=0.00%
GA search time: 0.67s, candidates: 218
  [iter  97/100] search_obj=0.7844  search_best=0.7140  validation_best=0.7183  EI=0.0127  rnum=18.1  len=18  syn_rate=0.36  mean=0.7754  worsen=9.00%  highvar=0.00%
GA search time: 0.52s, candidates: 217
  [iter  98/100] search_obj=0.7569  search_best=0.7140  validation_best=0.7183  EI=0.0086  rnum=17.6  len=19  syn_rate=0.34  mean=0.7479  worsen=9.00%  highvar=0.00%
GA search time: 0.68s, candidates: 216
  [iter  99/100] search_obj=0.7458  search_best=0.7140  validation_best=0.7183  EI=0.0097  rnum=17.0  len=19  syn_rate=0.34  mean=0.7368  worsen=9.00%  highvar=0.00%
GA search time: 0.71s, candidates: 216
  [iter 100/100] search_obj=0.9606  search_best=0.7140  validation_best=0.7183  EI=0.0106  rnum=16.5  len=19  syn_rate=0.33  mean=0.9446  worsen=16.00%  highvar=0.00%

[Step 5] 按 validation 选择最终通用序列...
  选择结果:
    search_train_obj=0.7146, search_train_mean=0.7066, search_train_worsen=8.00%, search_train_highvar=0.00%
    validation_obj=0.7183, validation_mean=0.7133, validation_worsen=5.00%, validation_highvar=0.00%

[Step 6] 在 validation 上执行消融后处理...

[Ablation-validation] 初始序列长度: 19, objective: 0.7183, mean_norm: 0.7133, worsen_rate: 5.00%
  移除 [18] module(elim-avail-extern): objective 0.7183, mean_norm 0.7133, worsen_rate 5.00% (保留移除)
  移除 [17] function(gvn-hoist): objective 0.7188 > 0.7183 (恢复)
  移除 [16] module(iroutliner): objective 0.7197 > 0.7183 (恢复)
  移除 [15] module(scc-oz-module-inliner): objective 0.7378 > 0.7183 (恢复)
  移除 [14] module(attributor): objective 0.7183, mean_norm 0.7133, worsen_rate 5.00% (保留移除)
  移除 [13] module(globalopt): objective 0.8476 > 0.7183 (恢复)
  移除 [12] function(dse): objective 0.7183, mean_norm 0.7133, worsen_rate 5.00% (保留移除)
  移除 [11] function(instsimplify): objective 0.7183, mean_norm 0.7133, worsen_rate 5.00% (保留移除)
  移除 [10] module(attributor): objective 0.7368 > 0.7183 (恢复)
  移除 [9] module(scc-oz-module-inliner): objective 0.7674 > 0.7183 (恢复)
  移除 [8] module(attributor): objective 0.7418 > 0.7183 (恢复)
  移除 [7] cgscc(attributor-cgscc): objective 0.7205 > 0.7183 (恢复)
  移除 [6] function(memcpyopt): objective 0.7183, mean_norm 0.7133, worsen_rate 5.00% (保留移除)
  移除 [5] function(dse): objective 0.7293 > 0.7183 (恢复)
  移除 [4] function(jump-threading): objective 0.7271 > 0.7183 (恢复)
  移除 [3] module(iroutliner): objective 0.7350 > 0.7183 (恢复)
  移除 [2] module(attributor): objective 0.7753 > 0.7183 (恢复)
  移除 [1] module(iroutliner): objective 0.7540 > 0.7183 (恢复)
  移除 [0] module(elim-avail-extern): objective 0.9234 > 0.7183 (恢复)
[Ablation-validation] 最终序列长度: 14, objective: 0.7183, mean_norm: 0.7133, worsen_rate: 5.00%, 移除了 5 个 pass
  消融有效: 19 → 14 passes, validation_objective: 0.7183 → 0.7183

最终通用 pass 序列（effective=14 个顶层 pass, raw=14 个 pass, syn_rate(raw)=0.23）:
  module(elim-avail-extern) → module(iroutliner) → module(attributor) → module(iroutliner) → function(jump-threading) → function(dse) → cgscc(attributor-cgscc) → module(attributor) → module(scc-oz-module-inliner) → module(attributor) → module(globalopt) → module(scc-oz-module-inliner) → module(iroutliner) → function(gvn-hoist)
  search_train_obj=0.7146, search_train_mean=0.7066, search_train_worsen=8.00%, search_train_highvar=0.00%
  validation_obj=0.7183, validation_mean=0.7133, validation_worsen=5.00%, validation_highvar=0.00%
  test_obj=0.7120, test_mean=0.7080, test_worsen=4.00%, test_highvar=0.00%

Top-5 最佳序列（按 validation 多目标 objective 升序）:
  #1: validation_obj=0.7183, validation_mean=0.7133, validation_worsen=5.00%, validation_highvar=0.00%, train_obj=0.7146, train_mean=0.7066, train_highvar=0.00%, len=19, syn_rate=0.38, test_obj=0.7120, test_mean=0.7080, test_worsen=4.00%, test_highvar=0.00%
     module(elim-avail-extern) → module(iroutliner) → module(attributor) → module(iroutliner) → function(jump-threading) → function(dse) → function(memcpyopt) → cgscc(attributor-cgscc) → module(attributor) → module(scc-oz-module-inliner) → module(attributor) → function(instsimplify) → function(dse) → module(globalopt) → module(attributor) → module(scc-oz-module-inliner) → module(iroutliner) → function(gvn-hoist) → module(elim-avail-extern)
  #2: validation_obj=0.7246, validation_mean=0.7196, validation_worsen=5.00%, validation_highvar=0.00%, train_obj=0.7140, train_mean=0.7050, train_highvar=0.00%, len=19, syn_rate=0.31, test_obj=0.7153, test_mean=0.7113, test_worsen=4.00%, test_highvar=0.00%
     module(elim-avail-extern) → module(globalopt) → module(attributor) → module(iroutliner) → module(globalopt) → module(attributor) → function(jump-threading) → function(dse) → function(memcpyopt) → module(iroutliner) → cgscc(attributor-cgscc) → module(attributor) → module(scc-oz-module-inliner) → module(attributor) → module(scc-oz-module-inliner) → function(instsimplify) → function(instsimplify) → module(iroutliner) → function(gvn-sink)
  #3: validation_obj=0.7246, validation_mean=0.7196, validation_worsen=5.00%, validation_highvar=0.00%, train_obj=0.7140, train_mean=0.7050, train_highvar=0.00%, len=19, syn_rate=0.35, test_obj=0.7153, test_mean=0.7113, test_worsen=4.00%, test_highvar=0.00%
     module(elim-avail-extern) → module(attributor) → module(iroutliner) → module(globalopt) → module(attributor) → function(jump-threading) → function(dse) → function(memcpyopt) → module(iroutliner) → cgscc(attributor-cgscc) → module(attributor) → module(scc-oz-module-inliner) → module(attributor) → module(scc-oz-module-inliner) → function(instsimplify) → function(instsimplify) → module(elim-avail-extern) → module(iroutliner) → function(gvn-sink)
  #4: validation_obj=0.7422, validation_mean=0.7362, validation_worsen=6.00%, validation_highvar=0.00%, train_obj=0.7260, train_mean=0.7170, train_highvar=0.00%, len=19, syn_rate=0.32, test_obj=0.7293, test_mean=0.7233, test_worsen=6.00%, test_highvar=0.00%
     module(iroutliner) → module(attributor) → module(attributor) → module(elim-avail-extern) → module(globalopt) → module(attributor) → module(iroutliner) → function(jump-threading) → function(dse) → function(memcpyopt) → cgscc(attributor-cgscc) → module(scc-oz-module-inliner) → module(attributor) → function(instsimplify) → module(attributor) → module(scc-oz-module-inliner) → function(instsimplify) → module(iroutliner) → function(gvn-sink)
  #5: validation_obj=0.7530, validation_mean=0.7470, validation_worsen=6.00%, validation_highvar=0.00%, train_obj=0.7438, train_mean=0.7358, train_highvar=0.00%, len=21, syn_rate=0.36, test_obj=0.7648, test_mean=0.7568, test_worsen=8.00%, test_highvar=0.00%
     module(elim-avail-extern) → module(globalopt) → module(attributor) → module(iroutliner) → function(jump-threading) → function(dse) → function(memcpyopt) → cgscc(attributor-cgscc) → module(attributor) → module(scc-oz-module-inliner) → function(gvn-sink) → module(attributor) → function(dse) → module(globalopt) → module(attributor) → module(attributor) → module(globalopt) → module(attributor) → module(scc-oz-module-inliner) → module(iroutliner) → function(gvn-hoist)

============================================================
所有轮次中最优 validation objective: 0.7183
最优通用 pass 序列 (14 passes):
  module(elim-avail-extern) → module(iroutliner) → module(attributor) → module(iroutliner) → function(jump-threading) → function(dse) → cgscc(attributor-cgscc) → module(attributor) → module(scc-oz-module-inliner) → module(attributor) → module(globalopt) → module(scc-oz-module-inliner) → module(iroutliner) → function(gvn-hoist)
  search_train_obj=0.7146, search_train_mean=0.7066, search_train_worsen=8.00%, search_train_highvar=0.00%
  validation_obj=0.7183, validation_mean=0.7133, validation_worsen=5.00%, validation_highvar=0.00%
  test_obj=0.7120, test_mean=0.7080, test_worsen=4.00%, test_highvar=0.00%

最优轮次 Top-5 序列（含测试集效果，按 validation objective 升序）:
  #1: validation_obj=0.7183, validation_mean=0.7133, validation_worsen=5.00%, validation_highvar=0.00%, train_obj=0.7146, train_mean=0.7066, train_highvar=0.00%, len=19, syn_rate=0.38, test_obj=0.7120, test_mean=0.7080, test_worsen=4.00%, test_highvar=0.00%
     module(elim-avail-extern) → module(iroutliner) → module(attributor) → module(iroutliner) → function(jump-threading) → function(dse) → function(memcpyopt) → cgscc(attributor-cgscc) → module(attributor) → module(scc-oz-module-inliner) → module(attributor) → function(instsimplify) → function(dse) → module(globalopt) → module(attributor) → module(scc-oz-module-inliner) → module(iroutliner) → function(gvn-hoist) → module(elim-avail-extern)
  #2: validation_obj=0.7246, validation_mean=0.7196, validation_worsen=5.00%, validation_highvar=0.00%, train_obj=0.7140, train_mean=0.7050, train_highvar=0.00%, len=19, syn_rate=0.31, test_obj=0.7153, test_mean=0.7113, test_worsen=4.00%, test_highvar=0.00%
     module(elim-avail-extern) → module(globalopt) → module(attributor) → module(iroutliner) → module(globalopt) → module(attributor) → function(jump-threading) → function(dse) → function(memcpyopt) → module(iroutliner) → cgscc(attributor-cgscc) → module(attributor) → module(scc-oz-module-inliner) → module(attributor) → module(scc-oz-module-inliner) → function(instsimplify) → function(instsimplify) → module(iroutliner) → function(gvn-sink)
  #3: validation_obj=0.7246, validation_mean=0.7196, validation_worsen=5.00%, validation_highvar=0.00%, train_obj=0.7140, train_mean=0.7050, train_highvar=0.00%, len=19, syn_rate=0.35, test_obj=0.7153, test_mean=0.7113, test_worsen=4.00%, test_highvar=0.00%
     module(elim-avail-extern) → module(attributor) → module(iroutliner) → module(globalopt) → module(attributor) → function(jump-threading) → function(dse) → function(memcpyopt) → module(iroutliner) → cgscc(attributor-cgscc) → module(attributor) → module(scc-oz-module-inliner) → module(attributor) → module(scc-oz-module-inliner) → function(instsimplify) → function(instsimplify) → module(elim-avail-extern) → module(iroutliner) → function(gvn-sink)
  #4: validation_obj=0.7422, validation_mean=0.7362, validation_worsen=6.00%, validation_highvar=0.00%, train_obj=0.7260, train_mean=0.7170, train_highvar=0.00%, len=19, syn_rate=0.32, test_obj=0.7293, test_mean=0.7233, test_worsen=6.00%, test_highvar=0.00%
     module(iroutliner) → module(attributor) → module(attributor) → module(elim-avail-extern) → module(globalopt) → module(attributor) → module(iroutliner) → function(jump-threading) → function(dse) → function(memcpyopt) → cgscc(attributor-cgscc) → module(scc-oz-module-inliner) → module(attributor) → function(instsimplify) → module(attributor) → module(scc-oz-module-inliner) → function(instsimplify) → module(iroutliner) → function(gvn-sink)
  #5: validation_obj=0.7530, validation_mean=0.7470, validation_worsen=6.00%, validation_highvar=0.00%, train_obj=0.7438, train_mean=0.7358, train_highvar=0.00%, len=21, syn_rate=0.36, test_obj=0.7648, test_mean=0.7568, test_worsen=8.00%, test_highvar=0.00%
     module(elim-avail-extern) → module(globalopt) → module(attributor) → module(iroutliner) → function(jump-threading) → function(dse) → function(memcpyopt) → cgscc(attributor-cgscc) → module(attributor) → module(scc-oz-module-inliner) → function(gvn-sink) → module(attributor) → function(dse) → module(globalopt) → module(attributor) → module(attributor) → module(globalopt) → module(attributor) → module(scc-oz-module-inliner) → module(iroutliner) → function(gvn-hoist)
binarysize_test: vs_none=0.999 (+0.1%)  vs_oz=0.999 (+0.1%)  vs_o3=0.981 (+1.9%) [metric=stripped_file_bytes]
binarysize_test[text_bytes]: vs_none=0.870 (+13.0%)  vs_oz=0.894 (+10.6%)  vs_o3=0.760 (+24.0%)
binarysize_test[data_bytes]: vs_none=0.984 (+1.6%)  vs_oz=0.992 (+0.8%)  vs_o3=0.986 (+1.4%)
binarysize_test[bss_bytes]: vs_none=1.000 (+0.0%)  vs_oz=1.000 (+0.0%)  vs_o3=1.000 (+0.0%)
binarysize_test[dec_bytes]: vs_none=0.896 (+10.4%)  vs_oz=0.920 (+8.0%)  vs_o3=0.821 (+17.9%)

最优轮次 Top-5 binarysize_test 序列面板（primary=stripped_file_bytes）:
  #1: len=19, syn_rate=0.38
     stripped_file_bytes: obj=1.0033, mean=0.9993, worsen=4.00%, vs_none=0.999 (+0.1%)  vs_oz=0.999 (+0.1%)  vs_o3=0.981 (+1.9%)
     text_bytes: obj=0.9018, mean=0.8938, worsen=8.00%, vs_none=0.870 (+13.0%)  vs_oz=0.894 (+10.6%)  vs_o3=0.760 (+24.0%)
     data_bytes: obj=0.9981, mean=0.9921, worsen=6.00%, vs_none=0.984 (+1.6%)  vs_oz=0.992 (+0.8%)  vs_o3=0.986 (+1.4%)
     bss_bytes: obj=1.0000, mean=1.0000, worsen=0.00%, vs_none=1.000 (+0.0%)  vs_oz=1.000 (+0.0%)  vs_o3=1.000 (+0.0%)
     dec_bytes: obj=0.9276, mean=0.9196, worsen=8.00%, vs_none=0.896 (+10.4%)  vs_oz=0.920 (+8.0%)  vs_o3=0.821 (+17.9%)
  #2: len=19, syn_rate=0.31
     stripped_file_bytes: obj=1.0033, mean=0.9993, worsen=4.00%, vs_none=0.999 (+0.1%)  vs_oz=0.999 (+0.1%)  vs_o3=0.981 (+1.9%)
     text_bytes: obj=0.9106, mean=0.8966, worsen=14.00%, vs_none=0.873 (+12.7%)  vs_oz=0.897 (+10.3%)  vs_o3=0.762 (+23.8%)
     data_bytes: obj=0.9981, mean=0.9921, worsen=6.00%, vs_none=0.984 (+1.6%)  vs_oz=0.992 (+0.8%)  vs_o3=0.986 (+1.4%)
     bss_bytes: obj=1.0000, mean=1.0000, worsen=0.00%, vs_none=1.000 (+0.0%)  vs_oz=1.000 (+0.0%)  vs_o3=1.000 (+0.0%)
     dec_bytes: obj=0.9330, mean=0.9210, worsen=12.00%, vs_none=0.897 (+10.3%)  vs_oz=0.921 (+7.9%)  vs_o3=0.823 (+17.7%)
  #3: len=19, syn_rate=0.35
     stripped_file_bytes: obj=1.0033, mean=0.9993, worsen=4.00%, vs_none=0.999 (+0.1%)  vs_oz=0.999 (+0.1%)  vs_o3=0.981 (+1.9%)
     text_bytes: obj=0.9106, mean=0.8966, worsen=14.00%, vs_none=0.873 (+12.7%)  vs_oz=0.897 (+10.3%)  vs_o3=0.762 (+23.8%)
     data_bytes: obj=0.9981, mean=0.9921, worsen=6.00%, vs_none=0.984 (+1.6%)  vs_oz=0.992 (+0.8%)  vs_o3=0.986 (+1.4%)
     bss_bytes: obj=1.0000, mean=1.0000, worsen=0.00%, vs_none=1.000 (+0.0%)  vs_oz=1.000 (+0.0%)  vs_o3=1.000 (+0.0%)
     dec_bytes: obj=0.9330, mean=0.9210, worsen=12.00%, vs_none=0.897 (+10.3%)  vs_oz=0.921 (+7.9%)  vs_o3=0.823 (+17.7%)
  #4: len=19, syn_rate=0.32
     stripped_file_bytes: obj=1.0034, mean=0.9994, worsen=4.00%, vs_none=0.999 (+0.1%)  vs_oz=0.999 (+0.1%)  vs_o3=0.981 (+1.9%)
     text_bytes: obj=0.9181, mean=0.9021, worsen=16.00%, vs_none=0.877 (+12.3%)  vs_oz=0.902 (+9.8%)  vs_o3=0.766 (+23.4%)
     data_bytes: obj=0.9984, mean=0.9924, worsen=6.00%, vs_none=0.985 (+1.5%)  vs_oz=0.992 (+0.8%)  vs_o3=0.987 (+1.3%)
     bss_bytes: obj=1.0000, mean=1.0000, worsen=0.00%, vs_none=1.000 (+0.0%)  vs_oz=1.000 (+0.0%)  vs_o3=1.000 (+0.0%)
     dec_bytes: obj=0.9394, mean=0.9254, worsen=14.00%, vs_none=0.901 (+9.9%)  vs_oz=0.925 (+7.5%)  vs_o3=0.826 (+17.4%)
  #5: len=21, syn_rate=0.36
     stripped_file_bytes: obj=1.0034, mean=0.9994, worsen=4.00%, vs_none=0.999 (+0.1%)  vs_oz=0.999 (+0.1%)  vs_o3=0.981 (+1.9%)
     text_bytes: obj=0.9233, mean=0.9113, worsen=12.00%, vs_none=0.887 (+11.3%)  vs_oz=0.911 (+8.9%)  vs_o3=0.774 (+22.6%)
     data_bytes: obj=0.9996, mean=0.9936, worsen=6.00%, vs_none=0.986 (+1.4%)  vs_oz=0.994 (+0.6%)  vs_o3=0.988 (+1.2%)
     bss_bytes: obj=1.0000, mean=1.0000, worsen=0.00%, vs_none=1.000 (+0.0%)  vs_oz=1.000 (+0.0%)  vs_o3=1.000 (+0.0%)
     dec_bytes: obj=0.9447, mean=0.9327, worsen=12.00%, vs_none=0.908 (+9.2%)  vs_oz=0.933 (+6.7%)  vs_o3=0.832 (+16.8%)
核心调优成本已写入: /root/exp/RFunipassLab/results/instrcount/summaries/20260508_043007_149153_feature_lite_seed460_core_tuning_cost.json
结果已写入: /root/exp/RFunipassLab/results/instrcount/summaries/20260508_043007_149153_feature_lite_seed460.json
总运行时间: 1097.93 秒
