# run_id: 20260508_124532_262734_feature_lite_seed457
# name: feature_lite
# group: feature_ablation
# description: 切换到 Lite 特征编码，保留其余搜索流程不变。
# changed: FEATURE_MODE=lite, GA_GEN=5, GA_POP=200, ITERS=100, MAX_SEQ_LEN=120, MIN_VAL_PROGRAMS=5, SEED_TOPK=0, TEST_TOPK=50, TRAIN_TOPK=200, VAL_RATIO=0.5
# result_json: /root/exp/RFunipassLab/results/instrcount/summaries/20260508_124532_262734_feature_lite_seed457.json
# started_at: 2026-05-08T12:45:32
# control_env:
#   BACKEND_OPT_LEVEL=-O0
#   BINARY_SIZE_METRIC=stripped_file_bytes
#   BINARY_SIZE_REPORT_METRICS=text_bytes,data_bytes,bss_bytes,dec_bytes
#   DECAY=0.5
#   EXPERIMENT_SEED=457
#   FEATURE_MODE=lite
#   GA_ELITE=0.1
#   GA_GEN=5
#   GA_MUT=0.8
#   GA_POP=200
#   GA_TOUR=3
#   ITERS=100
#   LOOP_NESTING_POLICY=wrap
#   MAX_SEQ_LEN=120
#   MIN_VAL_PROGRAMS=5
#   OBJECTIVE_BASELINE=oz
#   OBJECTIVE_KIND=instrcount
#   OBJ_HIGHVAR_W=0.0
#   OBJ_WORSEN_W=0.30
#   OFFSET=20
#   PROGRAM_POOL_KIND=auto
#   RF_EXPLAIN_COUNTERFACTUAL_ENABLE=1
#   RF_EXPLAIN_COUNTERFACTUAL_MAX_EVALS=50
#   RF_EXPLAIN_COUNTERFACTUAL_SPLIT=selection
#   RF_EXPLAIN_COUNTERFACTUAL_TOPK=5
#   RF_EXPLAIN_ENABLE=0
#   RF_EXPLAIN_HOLDOUT_RATIO=0.3
#   RF_EXPLAIN_MIN_SAMPLES=20
#   RF_EXPLAIN_MODE=final
#   RF_EXPLAIN_PERM_REPEATS=10
#   RF_EXPLAIN_TOPK=20
#   RNUM=256
#   RUNS=1
#   RUNTIME_EVAL_MAX_VARIANCE_PCT=15.0
#   RUNTIME_MAX_INNER_REPEATS=64
#   RUNTIME_MAX_VARIANCE_PCT=10.0
#   RUNTIME_REQUIRED_ROWS=0
#   RUNTIME_SAMPLES=5
#   RUNTIME_TARGET_SAMPLE_MS=30.0
#   RUNTIME_TIMEOUT_SEC=2.0
#   SCALE=10
#   SEED_TOPK=0
#   SPLIT_SEED=457
#   TEST_TOPK=50
#   TRAIN_TOPK=200
#   VAL_RATIO=0.5

Loading train/test rows from: /root/exp/RFunipassLab/data/tuning_results.csv
Loaded train programs:       200
Loaded initial seed seqs:    84
Loaded test programs:        50
Objective kind:              instrcount
Program pool kind:           tuning

Loading synergy graph from: /root/exp/RFunipassLab/data/Step3_EnumeratedPairs.csv
All passes (19): ['module(elim-avail-extern)', 'module(scc-oz-module-inliner)', 'module(iroutliner)', 'module(globalopt)', 'function(newgvn)', 'function(mem2reg)', 'function(instsimplify)', 'function(reassociate)', 'function(memcpyopt)', 'function(gvn-hoist)', 'function(dce)', 'function(jump-threading)', 'function(gvn-sink)', 'cgscc(attributor-cgscc)', 'function(dse)', 'module(attributor)', 'module(inferattrs)', 'loop(loop-simplifycfg)', 'function(lower-switch)']
Synergy edges: 176
Self-loop passes: {'function(newgvn)', 'cgscc(attributor-cgscc)', 'module(attributor)'}

============================================================
实验轮次 1 / 1
============================================================
============================================================
目标类型:      instrcount
目标基准:      -Oz
基准指标:      -Oz 基准指令数
优化指标:      归一化指令数
输入程序数:    200
输入次优序列数: 84
测试程序数:    50
Pass 词表大小: 19
协同边数:      176
自环 pass 数:  3
序列长度上限:  120
Loop 合法化策略: wrap
实验种子:      457
划分种子:      457
特征模式:      lite
RF 特征维度:   31
词表: ['module(elim-avail-extern)', 'module(scc-oz-module-inliner)', 'module(iroutliner)', 'module(globalopt)', 'function(newgvn)', 'function(mem2reg)', 'function(instsimplify)', 'function(reassociate)', 'function(memcpyopt)', 'function(gvn-hoist)', 'function(dce)', 'function(jump-threading)', 'function(gvn-sink)', 'cgscc(attributor-cgscc)', 'function(dse)', 'module(attributor)', 'module(inferattrs)', 'loop(loop-simplifycfg)', 'function(lower-switch)']
多目标权重:    mean=1.0, worsen=0.3, highvar=0.0

[Step 1.5] 训练程序切分...
  search_train 程序数: 100
  validation 程序数:   100
  split_signature(search_train): 8cdb16291f35559effd96f7e4420b86a084ca961
  split_signature(validation):   0e8d483fbecaf170dc55da4f941b09188bbf9bf2
  split_signature(test):         f68c78b484e63824ec49becfd7a5e2e2baf475d5

[Step 2] 计算 search_train 程序 -Oz 基准指令数...
[Step 2b] 计算 validation 程序 -Oz 基准指令数...
[Step 2c] 计算测试集程序 -Oz 基准指令数...

[Step 3] 评估初始 seed 序列（共 84 条）...

[Step 4] 开始贝叶斯优化（100 轮）...
GA search time: 10.30s, candidates: 372
  [iter   1/100] search_obj=0.8373  search_best=0.8281  validation_best=0.8614  EI=0.0136  rnum=172.7  len=31  syn_rate=0.35  mean=0.7983  worsen=13.00%  highvar=0.00%
GA search time: 10.80s, candidates: 370
  [iter   2/100] search_obj=1.0571  search_best=0.8281  validation_best=0.8614  EI=0.0222  rnum=170.6  len=45  syn_rate=0.45  mean=0.9101  worsen=49.00%  highvar=0.00%
GA search time: 9.01s, candidates: 368
  [iter   3/100] search_obj=0.8299  search_best=0.8281  validation_best=0.8514  EI=0.0192  rnum=168.4  len=22  syn_rate=0.24  mean=0.7939  worsen=12.00%  highvar=0.00%
GA search time: 4.37s, candidates: 366
  [iter   4/100] search_obj=1.0650  search_best=0.8281  validation_best=0.8514  EI=0.0216  rnum=166.3  len=22  syn_rate=0.20  mean=0.9990  worsen=22.00%  highvar=0.00%
GA search time: 8.34s, candidates: 364
  [iter   5/100] search_obj=0.8537  search_best=0.8281  validation_best=0.8514  EI=0.0191  rnum=164.2  len=20  syn_rate=0.28  mean=0.8177  worsen=12.00%  highvar=0.00%
GA search time: 6.32s, candidates: 362
  [iter   6/100] search_obj=0.9444  search_best=0.8281  validation_best=0.8514  EI=0.0166  rnum=162.0  len=27  syn_rate=0.35  mean=0.8934  worsen=17.00%  highvar=0.00%
GA search time: 7.32s, candidates: 359
  [iter   7/100] search_obj=1.0066  search_best=0.8281  validation_best=0.8514  EI=0.0157  rnum=159.9  len=22  syn_rate=0.27  mean=0.9496  worsen=19.00%  highvar=0.00%
GA search time: 13.38s, candidates: 357
  [iter   8/100] search_obj=1.0567  search_best=0.8281  validation_best=0.8514  EI=0.0117  rnum=157.7  len=46  syn_rate=0.55  mean=0.9997  worsen=19.00%  highvar=0.00%
GA search time: 11.23s, candidates: 355
  [iter   9/100] search_obj=0.8275  search_best=0.8275  validation_best=0.8475  EI=0.0123  rnum=155.6  len=41  syn_rate=0.31  mean=0.7915  worsen=12.00%  highvar=0.00%
GA search time: 10.10s, candidates: 353
  [iter  10/100] search_obj=0.8589  search_best=0.8275  validation_best=0.8475  EI=0.0148  rnum=153.4  len=56  syn_rate=0.30  mean=0.8109  worsen=16.00%  highvar=0.00%
GA search time: 9.37s, candidates: 351
  [iter  11/100] search_obj=0.8589  search_best=0.8275  validation_best=0.8475  EI=0.0145  rnum=151.3  len=56  syn_rate=0.30  mean=0.8109  worsen=16.00%  highvar=0.00%
GA search time: 5.34s, candidates: 349
  [iter  12/100] search_obj=0.8434  search_best=0.8275  validation_best=0.8475  EI=0.0164  rnum=149.1  len=34  syn_rate=0.29  mean=0.8044  worsen=13.00%  highvar=0.00%
GA search time: 9.15s, candidates: 346
  [iter  13/100] search_obj=0.8431  search_best=0.8275  validation_best=0.8475  EI=0.0163  rnum=147.0  len=42  syn_rate=0.36  mean=0.8041  worsen=13.00%  highvar=0.00%
GA search time: 11.01s, candidates: 344
  [iter  14/100] search_obj=0.8589  search_best=0.8275  validation_best=0.8475  EI=0.0173  rnum=144.8  len=59  syn_rate=0.30  mean=0.8109  worsen=16.00%  highvar=0.00%
GA search time: 7.95s, candidates: 342
  [iter  15/100] search_obj=0.9882  search_best=0.8275  validation_best=0.8475  EI=0.0200  rnum=142.7  len=36  syn_rate=0.32  mean=0.9402  worsen=16.00%  highvar=0.00%
GA search time: 7.29s, candidates: 340
  [iter  16/100] search_obj=0.9890  search_best=0.8275  validation_best=0.8475  EI=0.0148  rnum=140.5  len=29  syn_rate=0.28  mean=0.9410  worsen=16.00%  highvar=0.00%
GA search time: 12.52s, candidates: 338
  [iter  17/100] search_obj=0.8275  search_best=0.8275  validation_best=0.8475  EI=0.0142  rnum=138.4  len=43  syn_rate=0.31  mean=0.7915  worsen=12.00%  highvar=0.00%
GA search time: 16.03s, candidates: 336
  [iter  18/100] search_obj=0.8078  search_best=0.8078  validation_best=0.8361  EI=0.0157  rnum=136.3  len=31  syn_rate=0.24  mean=0.7718  worsen=12.00%  highvar=0.00%
GA search time: 22.80s, candidates: 334
  [iter  19/100] search_obj=0.8220  search_best=0.8078  validation_best=0.8361  EI=0.0150  rnum=134.2  len=24  syn_rate=0.24  mean=0.7860  worsen=12.00%  highvar=0.00%
GA search time: 13.23s, candidates: 332
  [iter  20/100] search_obj=1.0354  search_best=0.8078  validation_best=0.8361  EI=0.0128  rnum=132.1  len=81  syn_rate=0.69  mean=0.9514  worsen=28.00%  highvar=0.00%
GA search time: 6.22s, candidates: 329
  [iter  21/100] search_obj=0.8274  search_best=0.8078  validation_best=0.8361  EI=0.0148  rnum=130.0  len=42  syn_rate=0.24  mean=0.7914  worsen=12.00%  highvar=0.00%
GA search time: 6.82s, candidates: 327
  [iter  22/100] search_obj=1.0707  search_best=0.8078  validation_best=0.8361  EI=0.0162  rnum=127.9  len=42  syn_rate=0.19  mean=1.0017  worsen=23.00%  highvar=0.00%
GA search time: 6.84s, candidates: 325
  [iter  23/100] search_obj=1.0252  search_best=0.8078  validation_best=0.8361  EI=0.0144  rnum=125.8  len=62  syn_rate=0.22  mean=0.9532  worsen=24.00%  highvar=0.00%
GA search time: 5.63s, candidates: 323
  [iter  24/100] search_obj=1.0091  search_best=0.8078  validation_best=0.8361  EI=0.0145  rnum=123.7  len=26  syn_rate=0.26  mean=0.9431  worsen=22.00%  highvar=0.00%
GA search time: 6.07s, candidates: 321
  [iter  25/100] search_obj=0.8278  search_best=0.8078  validation_best=0.8361  EI=0.0134  rnum=121.6  len=36  syn_rate=0.32  mean=0.7948  worsen=11.00%  highvar=0.00%
GA search time: 4.40s, candidates: 319
  [iter  26/100] search_obj=0.8162  search_best=0.8078  validation_best=0.8361  EI=0.0134  rnum=119.6  len=31  syn_rate=0.24  mean=0.7802  worsen=12.00%  highvar=0.00%
GA search time: 6.36s, candidates: 317
  [iter  27/100] search_obj=0.8436  search_best=0.8078  validation_best=0.8361  EI=0.0151  rnum=117.5  len=28  syn_rate=0.24  mean=0.8016  worsen=14.00%  highvar=0.00%
GA search time: 7.70s, candidates: 315
  [iter  28/100] search_obj=1.0543  search_best=0.8078  validation_best=0.8361  EI=0.0146  rnum=115.5  len=30  syn_rate=0.27  mean=0.9943  worsen=20.00%  highvar=0.00%
GA search time: 6.54s, candidates: 313
  [iter  29/100] search_obj=1.0085  search_best=0.8078  validation_best=0.8361  EI=0.0138  rnum=113.5  len=41  syn_rate=0.33  mean=0.9425  worsen=22.00%  highvar=0.00%
GA search time: 7.23s, candidates: 311
  [iter  30/100] search_obj=0.8078  search_best=0.8078  validation_best=0.8361  EI=0.0130  rnum=111.5  len=33  syn_rate=0.24  mean=0.7718  worsen=12.00%  highvar=0.00%
GA search time: 6.84s, candidates: 309
  [iter  31/100] search_obj=1.0039  search_best=0.8078  validation_best=0.8361  EI=0.0145  rnum=109.5  len=41  syn_rate=0.30  mean=0.9439  worsen=20.00%  highvar=0.00%
GA search time: 5.51s, candidates: 307
  [iter  32/100] search_obj=1.0554  search_best=0.8078  validation_best=0.8361  EI=0.0132  rnum=107.6  len=92  syn_rate=0.29  mean=0.9954  worsen=20.00%  highvar=0.00%
GA search time: 4.83s, candidates: 305
  [iter  33/100] search_obj=0.8060  search_best=0.8060  validation_best=0.8361  EI=0.0158  rnum=105.6  len=36  syn_rate=0.24  mean=0.7700  worsen=12.00%  highvar=0.00%
GA search time: 5.12s, candidates: 303
  [iter  34/100] search_obj=0.8249  search_best=0.8060  validation_best=0.8361  EI=0.0143  rnum=103.7  len=55  syn_rate=0.24  mean=0.7889  worsen=12.00%  highvar=0.00%
GA search time: 5.21s, candidates: 301
  [iter  35/100] search_obj=0.8461  search_best=0.8060  validation_best=0.8361  EI=0.0165  rnum=101.7  len=38  syn_rate=0.25  mean=0.8011  worsen=15.00%  highvar=0.00%
GA search time: 4.56s, candidates: 299
  [iter  36/100] search_obj=0.8060  search_best=0.8060  validation_best=0.8361  EI=0.0175  rnum=99.8  len=36  syn_rate=0.24  mean=0.7700  worsen=12.00%  highvar=0.00%
GA search time: 4.10s, candidates: 297
  [iter  37/100] search_obj=0.8252  search_best=0.8060  validation_best=0.8361  EI=0.0160  rnum=97.9  len=43  syn_rate=0.24  mean=0.7892  worsen=12.00%  highvar=0.00%
GA search time: 3.39s, candidates: 296
  [iter  38/100] search_obj=0.8252  search_best=0.8060  validation_best=0.8361  EI=0.0162  rnum=96.1  len=30  syn_rate=0.24  mean=0.7892  worsen=12.00%  highvar=0.00%
GA search time: 4.36s, candidates: 294
  [iter  39/100] search_obj=0.9003  search_best=0.8060  validation_best=0.8361  EI=0.0147  rnum=94.2  len=36  syn_rate=0.25  mean=0.8583  worsen=14.00%  highvar=0.00%
GA search time: 3.99s, candidates: 292
  [iter  40/100] search_obj=0.9104  search_best=0.8060  validation_best=0.8361  EI=0.0129  rnum=92.4  len=33  syn_rate=0.23  mean=0.8594  worsen=17.00%  highvar=0.00%
GA search time: 4.64s, candidates: 290
  [iter  41/100] search_obj=1.0131  search_best=0.8060  validation_best=0.8361  EI=0.0114  rnum=90.5  len=33  syn_rate=0.23  mean=0.9501  worsen=21.00%  highvar=0.00%
GA search time: 5.28s, candidates: 288
  [iter  42/100] search_obj=0.8121  search_best=0.8060  validation_best=0.8361  EI=0.0131  rnum=88.7  len=35  syn_rate=0.24  mean=0.7761  worsen=12.00%  highvar=0.00%
GA search time: 3.47s, candidates: 286
  [iter  43/100] search_obj=1.0703  search_best=0.8060  validation_best=0.8361  EI=0.0150  rnum=87.0  len=38  syn_rate=0.24  mean=0.9953  worsen=25.00%  highvar=0.00%
GA search time: 3.67s, candidates: 285
  [iter  44/100] search_obj=1.0594  search_best=0.8060  validation_best=0.8361  EI=0.0162  rnum=85.2  len=37  syn_rate=0.24  mean=0.9964  worsen=21.00%  highvar=0.00%
GA search time: 3.33s, candidates: 283
  [iter  45/100] search_obj=1.0627  search_best=0.8060  validation_best=0.8361  EI=0.0147  rnum=83.5  len=33  syn_rate=0.26  mean=0.9967  worsen=22.00%  highvar=0.00%
GA search time: 5.67s, candidates: 281
  [iter  46/100] search_obj=0.8266  search_best=0.8060  validation_best=0.8361  EI=0.0170  rnum=81.7  len=37  syn_rate=0.24  mean=0.7906  worsen=12.00%  highvar=0.00%
GA search time: 4.63s, candidates: 280
  [iter  47/100] search_obj=0.8162  search_best=0.8060  validation_best=0.8361  EI=0.0184  rnum=80.0  len=35  syn_rate=0.24  mean=0.7802  worsen=12.00%  highvar=0.00%
GA search time: 5.06s, candidates: 278
  [iter  48/100] search_obj=0.8252  search_best=0.8060  validation_best=0.8361  EI=0.0168  rnum=78.4  len=31  syn_rate=0.24  mean=0.7892  worsen=12.00%  highvar=0.00%
GA search time: 4.16s, candidates: 276
  [iter  49/100] search_obj=0.8313  search_best=0.8060  validation_best=0.8361  EI=0.0181  rnum=76.7  len=36  syn_rate=0.24  mean=0.7953  worsen=12.00%  highvar=0.00%
GA search time: 4.42s, candidates: 275
  [iter  50/100] search_obj=0.9280  search_best=0.8060  validation_best=0.8361  EI=0.0160  rnum=75.1  len=33  syn_rate=0.24  mean=0.8830  worsen=15.00%  highvar=0.00%
GA search time: 4.75s, candidates: 273
  [iter  51/100] search_obj=0.8052  search_best=0.8052  validation_best=0.8361  EI=0.0130  rnum=73.4  len=65  syn_rate=0.24  mean=0.7692  worsen=12.00%  highvar=0.00%
GA search time: 4.61s, candidates: 271
  [iter  52/100] search_obj=1.0050  search_best=0.8052  validation_best=0.8361  EI=0.0171  rnum=71.8  len=36  syn_rate=0.24  mean=0.9390  worsen=22.00%  highvar=0.00%
GA search time: 5.61s, candidates: 270
  [iter  53/100] search_obj=0.8052  search_best=0.8052  validation_best=0.8358  EI=0.0152  rnum=70.3  len=68  syn_rate=0.24  mean=0.7692  worsen=12.00%  highvar=0.00%
GA search time: 4.90s, candidates: 268
  [iter  54/100] search_obj=0.8701  search_best=0.8052  validation_best=0.8358  EI=0.0179  rnum=68.7  len=74  syn_rate=0.24  mean=0.8311  worsen=13.00%  highvar=0.00%
GA search time: 5.65s, candidates: 267
  [iter  55/100] search_obj=0.9347  search_best=0.8052  validation_best=0.8358  EI=0.0160  rnum=67.2  len=62  syn_rate=0.24  mean=0.8897  worsen=15.00%  highvar=0.00%
GA search time: 5.14s, candidates: 265
  [iter  56/100] search_obj=0.8109  search_best=0.8052  validation_best=0.8358  EI=0.0136  rnum=65.7  len=32  syn_rate=0.24  mean=0.7749  worsen=12.00%  highvar=0.00%
GA search time: 5.39s, candidates: 264
  [iter  57/100] search_obj=0.9871  search_best=0.8052  validation_best=0.8358  EI=0.0152  rnum=64.2  len=36  syn_rate=0.24  mean=0.9421  worsen=15.00%  highvar=0.00%
GA search time: 6.22s, candidates: 262
  [iter  58/100] search_obj=1.0634  search_best=0.8052  validation_best=0.8358  EI=0.0148  rnum=62.7  len=47  syn_rate=0.24  mean=0.9974  worsen=22.00%  highvar=0.00%
GA search time: 4.87s, candidates: 261
  [iter  59/100] search_obj=0.8121  search_best=0.8052  validation_best=0.8358  EI=0.0149  rnum=61.3  len=35  syn_rate=0.24  mean=0.7761  worsen=12.00%  highvar=0.00%
GA search time: 4.86s, candidates: 259
  [iter  60/100] search_obj=0.8121  search_best=0.8052  validation_best=0.8358  EI=0.0154  rnum=59.8  len=35  syn_rate=0.24  mean=0.7761  worsen=12.00%  highvar=0.00%
GA search time: 5.55s, candidates: 258
  [iter  61/100] search_obj=0.9247  search_best=0.8052  validation_best=0.8358  EI=0.0152  rnum=58.4  len=32  syn_rate=0.24  mean=0.8827  worsen=14.00%  highvar=0.00%
GA search time: 5.96s, candidates: 257
  [iter  62/100] search_obj=1.8241  search_best=0.8052  validation_best=0.8358  EI=0.0186  rnum=57.0  len=24  syn_rate=0.24  mean=1.5541  worsen=90.00%  highvar=0.00%
GA search time: 4.00s, candidates: 255
  [iter  63/100] search_obj=0.8304  search_best=0.8052  validation_best=0.8358  EI=0.0444  rnum=55.7  len=36  syn_rate=0.31  mean=0.7974  worsen=11.00%  highvar=0.00%
GA search time: 5.20s, candidates: 254
  [iter  64/100] search_obj=0.8304  search_best=0.8052  validation_best=0.8358  EI=0.0313  rnum=54.3  len=36  syn_rate=0.31  mean=0.7974  worsen=11.00%  highvar=0.00%
GA search time: 4.78s, candidates: 253
  [iter  65/100] search_obj=0.8304  search_best=0.8052  validation_best=0.8358  EI=0.0306  rnum=53.0  len=40  syn_rate=0.36  mean=0.7974  worsen=11.00%  highvar=0.00%
GA search time: 5.75s, candidates: 251
  [iter  66/100] search_obj=0.9962  search_best=0.8052  validation_best=0.8358  EI=0.0217  rnum=51.7  len=24  syn_rate=0.23  mean=0.9452  worsen=17.00%  highvar=0.00%
GA search time: 5.52s, candidates: 250
  [iter  67/100] search_obj=0.9868  search_best=0.8052  validation_best=0.8358  EI=0.0300  rnum=50.5  len=69  syn_rate=0.31  mean=0.9418  worsen=15.00%  highvar=0.00%
GA search time: 5.20s, candidates: 249
  [iter  68/100] search_obj=1.0632  search_best=0.8052  validation_best=0.8358  EI=0.0143  rnum=49.2  len=58  syn_rate=0.24  mean=0.9972  worsen=22.00%  highvar=0.00%
GA search time: 3.37s, candidates: 247
  [iter  69/100] search_obj=0.9832  search_best=0.8052  validation_best=0.8358  EI=0.0248  rnum=48.0  len=40  syn_rate=0.28  mean=0.9412  worsen=14.00%  highvar=0.00%
GA search time: 4.90s, candidates: 246
  [iter  70/100] search_obj=1.0263  search_best=0.8052  validation_best=0.8358  EI=0.0162  rnum=46.8  len=31  syn_rate=0.28  mean=0.9543  worsen=24.00%  highvar=0.00%
GA search time: 4.82s, candidates: 245
  [iter  71/100] search_obj=0.8265  search_best=0.8052  validation_best=0.8358  EI=0.0253  rnum=45.6  len=24  syn_rate=0.24  mean=0.7905  worsen=12.00%  highvar=0.00%
GA search time: 4.96s, candidates: 244
  [iter  72/100] search_obj=0.9817  search_best=0.8052  validation_best=0.8358  EI=0.0232  rnum=44.4  len=30  syn_rate=0.35  mean=0.9397  worsen=14.00%  highvar=0.00%
GA search time: 5.28s, candidates: 243
  [iter  73/100] search_obj=0.9049  search_best=0.8052  validation_best=0.8358  EI=0.0328  rnum=43.3  len=24  syn_rate=0.24  mean=0.8449  worsen=20.00%  highvar=0.00%
GA search time: 4.63s, candidates: 242
  [iter  74/100] search_obj=0.8052  search_best=0.8052  validation_best=0.8358  EI=0.0164  rnum=42.2  len=68  syn_rate=0.24  mean=0.7692  worsen=12.00%  highvar=0.00%
GA search time: 6.31s, candidates: 241
  [iter  75/100] search_obj=0.8052  search_best=0.8052  validation_best=0.8358  EI=0.0149  rnum=41.1  len=58  syn_rate=0.24  mean=0.7692  worsen=12.00%  highvar=0.00%
GA search time: 5.82s, candidates: 239
  [iter  76/100] search_obj=0.8746  search_best=0.8052  validation_best=0.8358  EI=0.0141  rnum=40.0  len=68  syn_rate=0.29  mean=0.8296  worsen=15.00%  highvar=0.00%
GA search time: 4.79s, candidates: 238
  [iter  77/100] search_obj=0.8052  search_best=0.8052  validation_best=0.8358  EI=0.0151  rnum=38.9  len=65  syn_rate=0.24  mean=0.7692  worsen=12.00%  highvar=0.00%
GA search time: 5.13s, candidates: 237
  [iter  78/100] search_obj=0.8113  search_best=0.8052  validation_best=0.8358  EI=0.0144  rnum=37.9  len=43  syn_rate=0.24  mean=0.7753  worsen=12.00%  highvar=0.00%
GA search time: 4.95s, candidates: 236
  [iter  79/100] search_obj=1.0522  search_best=0.8052  validation_best=0.8358  EI=0.0169  rnum=36.9  len=68  syn_rate=0.24  mean=0.9952  worsen=19.00%  highvar=0.00%
GA search time: 5.73s, candidates: 235
  [iter  80/100] search_obj=0.8195  search_best=0.8052  validation_best=0.8358  EI=0.0165  rnum=35.9  len=65  syn_rate=0.24  mean=0.7835  worsen=12.00%  highvar=0.00%
GA search time: 4.91s, candidates: 234
  [iter  81/100] search_obj=0.8786  search_best=0.8052  validation_best=0.8358  EI=0.0156  rnum=34.9  len=52  syn_rate=0.24  mean=0.8336  worsen=15.00%  highvar=0.00%
GA search time: 4.34s, candidates: 233
  [iter  82/100] search_obj=0.9839  search_best=0.8052  validation_best=0.8358  EI=0.0145  rnum=33.9  len=66  syn_rate=0.24  mean=0.9419  worsen=14.00%  highvar=0.00%
GA search time: 4.60s, candidates: 233
  [iter  83/100] search_obj=0.8249  search_best=0.8052  validation_best=0.8358  EI=0.0146  rnum=33.0  len=65  syn_rate=0.24  mean=0.7889  worsen=12.00%  highvar=0.00%
GA search time: 5.42s, candidates: 232
  [iter  84/100] search_obj=0.8249  search_best=0.8052  validation_best=0.8358  EI=0.0138  rnum=32.1  len=33  syn_rate=0.24  mean=0.7889  worsen=12.00%  highvar=0.00%
GA search time: 4.73s, candidates: 231
  [iter  85/100] search_obj=0.8052  search_best=0.8052  validation_best=0.8358  EI=0.0137  rnum=31.2  len=68  syn_rate=0.24  mean=0.7692  worsen=12.00%  highvar=0.00%
GA search time: 4.86s, candidates: 230
  [iter  86/100] search_obj=0.8315  search_best=0.8052  validation_best=0.8358  EI=0.0134  rnum=30.3  len=95  syn_rate=0.24  mean=0.7955  worsen=12.00%  highvar=0.00%
GA search time: 7.27s, candidates: 229
  [iter  87/100] search_obj=0.9354  search_best=0.8052  validation_best=0.8358  EI=0.0127  rnum=29.5  len=120  syn_rate=0.24  mean=0.8904  worsen=15.00%  highvar=0.00%
GA search time: 4.46s, candidates: 228
  [iter  88/100] search_obj=0.8108  search_best=0.8052  validation_best=0.8358  EI=0.0140  rnum=28.6  len=43  syn_rate=0.24  mean=0.7748  worsen=12.00%  highvar=0.00%
GA search time: 4.46s, candidates: 227
  [iter  89/100] search_obj=0.8113  search_best=0.8052  validation_best=0.8358  EI=0.0133  rnum=27.8  len=53  syn_rate=0.24  mean=0.7753  worsen=12.00%  highvar=0.00%
GA search time: 4.00s, candidates: 226
  [iter  90/100] search_obj=0.8262  search_best=0.8052  validation_best=0.8358  EI=0.0114  rnum=27.0  len=41  syn_rate=0.24  mean=0.7902  worsen=12.00%  highvar=0.00%
GA search time: 4.08s, candidates: 226
  [iter  91/100] search_obj=1.0556  search_best=0.8052  validation_best=0.8358  EI=0.0122  rnum=26.2  len=44  syn_rate=0.27  mean=0.9926  worsen=21.00%  highvar=0.00%
GA search time: 3.77s, candidates: 225
  [iter  92/100] search_obj=0.8109  search_best=0.8052  validation_best=0.8358  EI=0.0119  rnum=25.4  len=33  syn_rate=0.24  mean=0.7749  worsen=12.00%  highvar=0.00%
GA search time: 5.28s, candidates: 224
  [iter  93/100] search_obj=0.8113  search_best=0.8052  validation_best=0.8358  EI=0.0156  rnum=24.7  len=44  syn_rate=0.24  mean=0.7753  worsen=12.00%  highvar=0.00%
GA search time: 4.53s, candidates: 223
  [iter  94/100] search_obj=1.0552  search_best=0.8052  validation_best=0.8358  EI=0.0140  rnum=24.0  len=31  syn_rate=0.24  mean=0.9952  worsen=20.00%  highvar=0.00%
GA search time: 4.61s, candidates: 223
  [iter  95/100] search_obj=1.0649  search_best=0.8052  validation_best=0.8358  EI=0.0114  rnum=23.3  len=31  syn_rate=0.16  mean=0.9989  worsen=22.00%  highvar=0.00%
GA search time: 3.72s, candidates: 222
  [iter  96/100] search_obj=1.0546  search_best=0.8052  validation_best=0.8358  EI=0.0167  rnum=22.6  len=44  syn_rate=0.24  mean=0.9916  worsen=21.00%  highvar=0.00%
GA search time: 3.53s, candidates: 221
  [iter  97/100] search_obj=0.9261  search_best=0.8052  validation_best=0.8358  EI=0.0153  rnum=21.9  len=41  syn_rate=0.24  mean=0.8811  worsen=15.00%  highvar=0.00%
GA search time: 3.55s, candidates: 221
  [iter  98/100] search_obj=0.8249  search_best=0.8052  validation_best=0.8358  EI=0.0117  rnum=21.2  len=44  syn_rate=0.24  mean=0.7889  worsen=12.00%  highvar=0.00%
GA search time: 3.98s, candidates: 220
  [iter  99/100] search_obj=0.8113  search_best=0.8052  validation_best=0.8358  EI=0.0169  rnum=20.6  len=44  syn_rate=0.24  mean=0.7753  worsen=12.00%  highvar=0.00%
GA search time: 3.61s, candidates: 219
  [iter 100/100] search_obj=0.8078  search_best=0.8052  validation_best=0.8358  EI=0.0166  rnum=19.9  len=31  syn_rate=0.24  mean=0.7718  worsen=12.00%  highvar=0.00%

[Step 5] 按 validation 选择最终通用序列...
  选择结果:
    search_train_obj=0.8052, search_train_mean=0.7692, search_train_worsen=12.00%, search_train_highvar=0.00%
    validation_obj=0.8358, validation_mean=0.7878, validation_worsen=16.00%, validation_highvar=0.00%

[Step 6] 在 validation 上执行消融后处理...

[Ablation-validation] 初始序列长度: 68, objective: 0.8358, mean_norm: 0.7878, worsen_rate: 16.00%
  移除 [67] function(jump-threading): objective 0.8358, mean_norm 0.7878, worsen_rate 16.00% (保留移除)
  移除 [66] function(jump-threading): objective 0.8358, mean_norm 0.7878, worsen_rate 16.00% (保留移除)
  移除 [65] module(iroutliner): objective 0.8358, mean_norm 0.7878, worsen_rate 16.00% (保留移除)
  移除 [64] module(scc-oz-module-inliner): objective 0.8358, mean_norm 0.7878, worsen_rate 16.00% (保留移除)
  移除 [63] module(inferattrs): objective 0.8358, mean_norm 0.7878, worsen_rate 16.00% (保留移除)
  移除 [62] module(attributor): objective 0.8358, mean_norm 0.7878, worsen_rate 16.00% (保留移除)
  移除 [61] module(inferattrs): objective 0.8358, mean_norm 0.7878, worsen_rate 16.00% (保留移除)
  移除 [60] module(globalopt): objective 0.8358, mean_norm 0.7878, worsen_rate 16.00% (保留移除)
  移除 [59] module(scc-oz-module-inliner): objective 0.8358, mean_norm 0.7878, worsen_rate 16.00% (保留移除)
  移除 [58] module(elim-avail-extern): objective 0.8358, mean_norm 0.7878, worsen_rate 16.00% (保留移除)
  移除 [57] module(attributor): objective 0.8358, mean_norm 0.7878, worsen_rate 16.00% (保留移除)
  移除 [56] module(elim-avail-extern): objective 0.8358, mean_norm 0.7878, worsen_rate 16.00% (保留移除)
  移除 [55] module(globalopt): objective 0.8358, mean_norm 0.7878, worsen_rate 16.00% (保留移除)
  移除 [54] function(instsimplify): objective 0.8358, mean_norm 0.7878, worsen_rate 16.00% (保留移除)
  移除 [53] function(instsimplify): objective 0.8358, mean_norm 0.7878, worsen_rate 16.00% (保留移除)
  移除 [52] function(instsimplify): objective 0.8358, mean_norm 0.7878, worsen_rate 16.00% (保留移除)
  移除 [51] module(attributor): objective 0.8358, mean_norm 0.7878, worsen_rate 16.00% (保留移除)
  移除 [50] module(attributor): objective 0.8358, mean_norm 0.7878, worsen_rate 16.00% (保留移除)
  移除 [49] module(attributor): objective 0.8358, mean_norm 0.7878, worsen_rate 16.00% (保留移除)
  移除 [48] module(scc-oz-module-inliner): objective 0.8358, mean_norm 0.7878, worsen_rate 16.00% (保留移除)
  移除 [47] module(attributor): objective 0.8358, mean_norm 0.7878, worsen_rate 16.00% (保留移除)
  移除 [46] module(iroutliner): objective 0.8358, mean_norm 0.7878, worsen_rate 16.00% (保留移除)
  移除 [45] module(globalopt): objective 0.8358, mean_norm 0.7878, worsen_rate 16.00% (保留移除)
  移除 [44] function(gvn-sink): objective 0.8358, mean_norm 0.7878, worsen_rate 16.00% (保留移除)
  移除 [43] module(globalopt): objective 0.8358, mean_norm 0.7878, worsen_rate 16.00% (保留移除)
  移除 [42] module(elim-avail-extern): objective 0.8358, mean_norm 0.7878, worsen_rate 16.00% (保留移除)
  移除 [41] function(jump-threading): objective 0.8359 > 0.8358 (恢复)
  移除 [40] function(instsimplify): objective 0.8358, mean_norm 0.7878, worsen_rate 16.00% (保留移除)
  移除 [39] function(gvn-sink): objective 0.8358, mean_norm 0.7878, worsen_rate 16.00% (保留移除)
  移除 [38] module(attributor): objective 0.8358, mean_norm 0.7878, worsen_rate 16.00% (保留移除)
  移除 [37] module(iroutliner): objective 0.8358, mean_norm 0.7878, worsen_rate 16.00% (保留移除)
  移除 [36] module(elim-avail-extern): objective 0.8358, mean_norm 0.7878, worsen_rate 16.00% (保留移除)
  移除 [35] function(instsimplify): objective 0.8358, mean_norm 0.7878, worsen_rate 16.00% (保留移除)
  移除 [34] module(iroutliner): objective 0.8364 > 0.8358 (恢复)
  移除 [33] module(scc-oz-module-inliner): objective 0.8358, mean_norm 0.7878, worsen_rate 16.00% (保留移除)
  移除 [32] function(instsimplify): objective 0.8358, mean_norm 0.7878, worsen_rate 16.00% (保留移除)
  移除 [31] module(scc-oz-module-inliner): objective 0.8482 > 0.8358 (恢复)
  移除 [30] module(attributor): objective 0.8403 > 0.8358 (恢复)
  移除 [29] module(inferattrs): objective 0.8546 > 0.8358 (恢复)
  移除 [28] function(gvn-sink): objective 0.8358, mean_norm 0.7878, worsen_rate 16.00% (保留移除)
  移除 [27] module(globalopt): objective 0.8358, mean_norm 0.7878, worsen_rate 16.00% (保留移除)
  移除 [26] module(elim-avail-extern): objective 0.8358, mean_norm 0.7878, worsen_rate 16.00% (保留移除)
  移除 [25] module(attributor): objective 0.8361 > 0.8358 (恢复)
  移除 [24] module(globalopt): objective 0.8358, mean_norm 0.7878, worsen_rate 16.00% (保留移除)
  移除 [23] module(scc-oz-module-inliner): objective 0.8416 > 0.8358 (恢复)
  移除 [22] module(elim-avail-extern): objective 0.8358, mean_norm 0.7878, worsen_rate 16.00% (保留移除)
  移除 [21] module(attributor): objective 0.8362 > 0.8358 (恢复)
  移除 [20] module(elim-avail-extern): objective 0.8358, mean_norm 0.7878, worsen_rate 16.00% (保留移除)
  移除 [19] module(globalopt): objective 0.8358, mean_norm 0.7878, worsen_rate 16.00% (保留移除)
  移除 [18] function(gvn-sink): objective 0.8358, mean_norm 0.7878, worsen_rate 16.00% (保留移除)
  移除 [17] function(jump-threading): objective 0.8358, mean_norm 0.7878, worsen_rate 16.00% (保留移除)
  移除 [16] function(instsimplify): objective 0.8358, mean_norm 0.7878, worsen_rate 16.00% (保留移除)
  移除 [15] module(scc-oz-module-inliner): objective 0.8452 > 0.8358 (恢复)
  移除 [14] module(attributor): objective 0.8541 > 0.8358 (恢复)
  移除 [13] module(iroutliner): objective 0.8435 > 0.8358 (恢复)
  移除 [12] module(globalopt): objective 0.8358, mean_norm 0.7878, worsen_rate 16.00% (保留移除)
  移除 [11] function(gvn-sink): objective 0.8300, mean_norm 0.7850, worsen_rate 15.00% (保留移除)
  移除 [10] module(globalopt): objective 0.8300, mean_norm 0.7850, worsen_rate 15.00% (保留移除)
  移除 [9] module(elim-avail-extern): objective 0.8300, mean_norm 0.7850, worsen_rate 15.00% (保留移除)
  移除 [8] function(jump-threading): objective 0.8443 > 0.8300 (恢复)
  移除 [7] function(instsimplify): objective 0.8300, mean_norm 0.7850, worsen_rate 15.00% (保留移除)
  移除 [6] function(gvn-sink): objective 0.8300, mean_norm 0.7850, worsen_rate 15.00% (保留移除)
  移除 [5] module(attributor): objective 0.8833 > 0.8300 (恢复)
  移除 [4] module(iroutliner): objective 0.8921 > 0.8300 (恢复)
  移除 [3] module(globalopt): objective 0.8300, mean_norm 0.7850, worsen_rate 15.00% (保留移除)
  移除 [2] function(gvn-sink): objective 0.8319 > 0.8300 (恢复)
  移除 [1] module(globalopt): objective 0.9963 > 0.8300 (恢复)
  移除 [0] module(elim-avail-extern): objective 1.1074 > 0.8300 (恢复)
[Ablation-validation] 最终序列长度: 17, objective: 0.8300, mean_norm: 0.7850, worsen_rate: 15.00%, 移除了 51 个 pass
  消融有效: 68 → 17 passes, validation_objective: 0.8358 → 0.8300

最终通用 pass 序列（effective=17 个顶层 pass, raw=17 个 pass, syn_rate(raw)=0.12）:
  module(elim-avail-extern) → module(globalopt) → function(gvn-sink) → module(iroutliner) → module(attributor) → function(jump-threading) → module(iroutliner) → module(attributor) → module(scc-oz-module-inliner) → module(attributor) → module(scc-oz-module-inliner) → module(attributor) → module(inferattrs) → module(attributor) → module(scc-oz-module-inliner) → module(iroutliner) → function(jump-threading)
  search_train_obj=0.8166, search_train_mean=0.7806, search_train_worsen=12.00%, search_train_highvar=0.00%
  validation_obj=0.8300, validation_mean=0.7850, validation_worsen=15.00%, validation_highvar=0.00%
  test_obj=0.8357, test_mean=0.7937, test_worsen=14.00%, test_highvar=0.00%

Top-5 最佳序列（按 validation 多目标 objective 升序）:
  #1: validation_obj=0.8358, validation_mean=0.7878, validation_worsen=16.00%, validation_highvar=0.00%, train_obj=0.8052, train_mean=0.7692, train_highvar=0.00%, len=68, syn_rate=0.24, test_obj=0.8357, test_mean=0.7937, test_worsen=14.00%, test_highvar=0.00%
     module(elim-avail-extern) → module(globalopt) → function(gvn-sink) → module(globalopt) → module(iroutliner) → module(attributor) → function(gvn-sink) → function(instsimplify) → function(jump-threading) → module(elim-avail-extern) → module(globalopt) → function(gvn-sink) → module(globalopt) → module(iroutliner) → module(attributor) → module(scc-oz-module-inliner) → function(instsimplify) → function(jump-threading) → function(gvn-sink) → module(globalopt) → module(elim-avail-extern) → module(attributor) → module(elim-avail-extern) → module(scc-oz-module-inliner) → module(globalopt) → module(attributor) → module(elim-avail-extern) → module(globalopt) → function(gvn-sink) → module(inferattrs) → module(attributor) → module(scc-oz-module-inliner) → function(instsimplify) → module(scc-oz-module-inliner) → module(iroutliner) → function(instsimplify) → module(elim-avail-extern) → module(iroutliner) → module(attributor) → function(gvn-sink) → function(instsimplify) → function(jump-threading) → module(elim-avail-extern) → module(globalopt) → function(gvn-sink) → module(globalopt) → module(iroutliner) → module(attributor) → module(scc-oz-module-inliner) → module(attributor) → module(attributor) → module(attributor) → function(instsimplify) → function(instsimplify) → function(instsimplify) → module(globalopt) → module(elim-avail-extern) → module(attributor) → module(elim-avail-extern) → module(scc-oz-module-inliner) → module(globalopt) → module(inferattrs) → module(attributor) → module(inferattrs) → module(scc-oz-module-inliner) → module(iroutliner) → function(jump-threading) → function(jump-threading)
  #2: validation_obj=0.8360, validation_mean=0.7880, validation_worsen=16.00%, validation_highvar=0.00%, train_obj=0.8108, train_mean=0.7748, train_highvar=0.00%, len=43, syn_rate=0.24, test_obj=0.8514, test_mean=0.8094, test_worsen=14.00%, test_highvar=0.00%
     module(elim-avail-extern) → module(iroutliner) → module(attributor) → function(gvn-sink) → function(instsimplify) → function(jump-threading) → module(elim-avail-extern) → module(globalopt) → function(gvn-sink) → module(globalopt) → module(iroutliner) → function(gvn-sink) → module(attributor) → module(scc-oz-module-inliner) → function(gvn-sink) → function(gvn-sink) → module(elim-avail-extern) → module(elim-avail-extern) → module(iroutliner) → function(instsimplify) → module(globalopt) → function(jump-threading) → module(iroutliner) → module(scc-oz-module-inliner) → module(inferattrs) → function(gvn-sink) → module(attributor) → module(scc-oz-module-inliner) → function(instsimplify) → function(jump-threading) → module(elim-avail-extern) → function(instsimplify) → module(globalopt) → module(globalopt) → function(instsimplify) → module(iroutliner) → module(attributor) → module(inferattrs) → module(scc-oz-module-inliner) → module(inferattrs) → module(attributor) → module(scc-oz-module-inliner) → function(instsimplify)
  #3: validation_obj=0.8361, validation_mean=0.7881, validation_worsen=16.00%, validation_highvar=0.00%, train_obj=0.8078, train_mean=0.7718, train_highvar=0.00%, len=31, syn_rate=0.24, test_obj=0.8357, test_mean=0.7937, test_worsen=14.00%, test_highvar=0.00%
     module(elim-avail-extern) → module(globalopt) → function(gvn-sink) → module(globalopt) → module(iroutliner) → module(attributor) → function(gvn-sink) → function(instsimplify) → function(jump-threading) → module(elim-avail-extern) → module(globalopt) → function(gvn-sink) → module(globalopt) → module(iroutliner) → module(attributor) → module(scc-oz-module-inliner) → function(instsimplify) → function(jump-threading) → module(attributor) → module(globalopt) → module(elim-avail-extern) → module(attributor) → module(elim-avail-extern) → module(globalopt) → module(scc-oz-module-inliner) → module(inferattrs) → module(iroutliner) → module(attributor) → module(scc-oz-module-inliner) → function(instsimplify) → function(jump-threading)
  #4: validation_obj=0.8361, validation_mean=0.7881, validation_worsen=16.00%, validation_highvar=0.00%, train_obj=0.8078, train_mean=0.7718, train_highvar=0.00%, len=31, syn_rate=0.24, test_obj=0.8357, test_mean=0.7937, test_worsen=14.00%, test_highvar=0.00%
     module(elim-avail-extern) → module(globalopt) → function(gvn-sink) → module(globalopt) → module(iroutliner) → module(attributor) → function(instsimplify) → function(jump-threading) → module(elim-avail-extern) → module(globalopt) → function(gvn-sink) → module(globalopt) → module(iroutliner) → module(attributor) → module(scc-oz-module-inliner) → function(instsimplify) → function(jump-threading) → module(attributor) → module(globalopt) → module(elim-avail-extern) → module(attributor) → module(elim-avail-extern) → module(globalopt) → module(scc-oz-module-inliner) → module(inferattrs) → module(iroutliner) → function(jump-threading) → module(attributor) → module(scc-oz-module-inliner) → function(instsimplify) → function(jump-threading)
  #5: validation_obj=0.8361, validation_mean=0.7881, validation_worsen=16.00%, validation_highvar=0.00%, train_obj=0.8078, train_mean=0.7718, train_highvar=0.00%, len=33, syn_rate=0.24, test_obj=0.8357, test_mean=0.7937, test_worsen=14.00%, test_highvar=0.00%
     module(elim-avail-extern) → module(globalopt) → function(gvn-sink) → module(globalopt) → module(iroutliner) → module(attributor) → function(gvn-sink) → function(instsimplify) → function(jump-threading) → module(elim-avail-extern) → module(globalopt) → function(gvn-sink) → module(globalopt) → module(iroutliner) → module(attributor) → module(scc-oz-module-inliner) → function(instsimplify) → module(attributor) → function(instsimplify) → module(attributor) → module(globalopt) → module(elim-avail-extern) → module(attributor) → module(elim-avail-extern) → module(iroutliner) → module(scc-oz-module-inliner) → module(inferattrs) → function(gvn-sink) → module(globalopt) → module(attributor) → module(scc-oz-module-inliner) → function(instsimplify) → function(jump-threading)

============================================================
所有轮次中最优 validation objective: 0.8300
最优通用 pass 序列 (17 passes):
  module(elim-avail-extern) → module(globalopt) → function(gvn-sink) → module(iroutliner) → module(attributor) → function(jump-threading) → module(iroutliner) → module(attributor) → module(scc-oz-module-inliner) → module(attributor) → module(scc-oz-module-inliner) → module(attributor) → module(inferattrs) → module(attributor) → module(scc-oz-module-inliner) → module(iroutliner) → function(jump-threading)
  search_train_obj=0.8166, search_train_mean=0.7806, search_train_worsen=12.00%, search_train_highvar=0.00%
  validation_obj=0.8300, validation_mean=0.7850, validation_worsen=15.00%, validation_highvar=0.00%
  test_obj=0.8357, test_mean=0.7937, test_worsen=14.00%, test_highvar=0.00%

最优轮次 Top-5 序列（含测试集效果，按 validation objective 升序）:
  #1: validation_obj=0.8358, validation_mean=0.7878, validation_worsen=16.00%, validation_highvar=0.00%, train_obj=0.8052, train_mean=0.7692, train_highvar=0.00%, len=68, syn_rate=0.24, test_obj=0.8357, test_mean=0.7937, test_worsen=14.00%, test_highvar=0.00%
     module(elim-avail-extern) → module(globalopt) → function(gvn-sink) → module(globalopt) → module(iroutliner) → module(attributor) → function(gvn-sink) → function(instsimplify) → function(jump-threading) → module(elim-avail-extern) → module(globalopt) → function(gvn-sink) → module(globalopt) → module(iroutliner) → module(attributor) → module(scc-oz-module-inliner) → function(instsimplify) → function(jump-threading) → function(gvn-sink) → module(globalopt) → module(elim-avail-extern) → module(attributor) → module(elim-avail-extern) → module(scc-oz-module-inliner) → module(globalopt) → module(attributor) → module(elim-avail-extern) → module(globalopt) → function(gvn-sink) → module(inferattrs) → module(attributor) → module(scc-oz-module-inliner) → function(instsimplify) → module(scc-oz-module-inliner) → module(iroutliner) → function(instsimplify) → module(elim-avail-extern) → module(iroutliner) → module(attributor) → function(gvn-sink) → function(instsimplify) → function(jump-threading) → module(elim-avail-extern) → module(globalopt) → function(gvn-sink) → module(globalopt) → module(iroutliner) → module(attributor) → module(scc-oz-module-inliner) → module(attributor) → module(attributor) → module(attributor) → function(instsimplify) → function(instsimplify) → function(instsimplify) → module(globalopt) → module(elim-avail-extern) → module(attributor) → module(elim-avail-extern) → module(scc-oz-module-inliner) → module(globalopt) → module(inferattrs) → module(attributor) → module(inferattrs) → module(scc-oz-module-inliner) → module(iroutliner) → function(jump-threading) → function(jump-threading)
  #2: validation_obj=0.8360, validation_mean=0.7880, validation_worsen=16.00%, validation_highvar=0.00%, train_obj=0.8108, train_mean=0.7748, train_highvar=0.00%, len=43, syn_rate=0.24, test_obj=0.8514, test_mean=0.8094, test_worsen=14.00%, test_highvar=0.00%
     module(elim-avail-extern) → module(iroutliner) → module(attributor) → function(gvn-sink) → function(instsimplify) → function(jump-threading) → module(elim-avail-extern) → module(globalopt) → function(gvn-sink) → module(globalopt) → module(iroutliner) → function(gvn-sink) → module(attributor) → module(scc-oz-module-inliner) → function(gvn-sink) → function(gvn-sink) → module(elim-avail-extern) → module(elim-avail-extern) → module(iroutliner) → function(instsimplify) → module(globalopt) → function(jump-threading) → module(iroutliner) → module(scc-oz-module-inliner) → module(inferattrs) → function(gvn-sink) → module(attributor) → module(scc-oz-module-inliner) → function(instsimplify) → function(jump-threading) → module(elim-avail-extern) → function(instsimplify) → module(globalopt) → module(globalopt) → function(instsimplify) → module(iroutliner) → module(attributor) → module(inferattrs) → module(scc-oz-module-inliner) → module(inferattrs) → module(attributor) → module(scc-oz-module-inliner) → function(instsimplify)
  #3: validation_obj=0.8361, validation_mean=0.7881, validation_worsen=16.00%, validation_highvar=0.00%, train_obj=0.8078, train_mean=0.7718, train_highvar=0.00%, len=31, syn_rate=0.24, test_obj=0.8357, test_mean=0.7937, test_worsen=14.00%, test_highvar=0.00%
     module(elim-avail-extern) → module(globalopt) → function(gvn-sink) → module(globalopt) → module(iroutliner) → module(attributor) → function(gvn-sink) → function(instsimplify) → function(jump-threading) → module(elim-avail-extern) → module(globalopt) → function(gvn-sink) → module(globalopt) → module(iroutliner) → module(attributor) → module(scc-oz-module-inliner) → function(instsimplify) → function(jump-threading) → module(attributor) → module(globalopt) → module(elim-avail-extern) → module(attributor) → module(elim-avail-extern) → module(globalopt) → module(scc-oz-module-inliner) → module(inferattrs) → module(iroutliner) → module(attributor) → module(scc-oz-module-inliner) → function(instsimplify) → function(jump-threading)
  #4: validation_obj=0.8361, validation_mean=0.7881, validation_worsen=16.00%, validation_highvar=0.00%, train_obj=0.8078, train_mean=0.7718, train_highvar=0.00%, len=31, syn_rate=0.24, test_obj=0.8357, test_mean=0.7937, test_worsen=14.00%, test_highvar=0.00%
     module(elim-avail-extern) → module(globalopt) → function(gvn-sink) → module(globalopt) → module(iroutliner) → module(attributor) → function(instsimplify) → function(jump-threading) → module(elim-avail-extern) → module(globalopt) → function(gvn-sink) → module(globalopt) → module(iroutliner) → module(attributor) → module(scc-oz-module-inliner) → function(instsimplify) → function(jump-threading) → module(attributor) → module(globalopt) → module(elim-avail-extern) → module(attributor) → module(elim-avail-extern) → module(globalopt) → module(scc-oz-module-inliner) → module(inferattrs) → module(iroutliner) → function(jump-threading) → module(attributor) → module(scc-oz-module-inliner) → function(instsimplify) → function(jump-threading)
  #5: validation_obj=0.8361, validation_mean=0.7881, validation_worsen=16.00%, validation_highvar=0.00%, train_obj=0.8078, train_mean=0.7718, train_highvar=0.00%, len=33, syn_rate=0.24, test_obj=0.8357, test_mean=0.7937, test_worsen=14.00%, test_highvar=0.00%
     module(elim-avail-extern) → module(globalopt) → function(gvn-sink) → module(globalopt) → module(iroutliner) → module(attributor) → function(gvn-sink) → function(instsimplify) → function(jump-threading) → module(elim-avail-extern) → module(globalopt) → function(gvn-sink) → module(globalopt) → module(iroutliner) → module(attributor) → module(scc-oz-module-inliner) → function(instsimplify) → module(attributor) → function(instsimplify) → module(attributor) → module(globalopt) → module(elim-avail-extern) → module(attributor) → module(elim-avail-extern) → module(iroutliner) → module(scc-oz-module-inliner) → module(inferattrs) → function(gvn-sink) → module(globalopt) → module(attributor) → module(scc-oz-module-inliner) → function(instsimplify) → function(jump-threading)
binarysize_test: vs_none=0.999 (+0.1%)  vs_oz=0.999 (+0.1%)  vs_o3=0.981 (+1.9%) [metric=stripped_file_bytes]
binarysize_test[text_bytes]: vs_none=0.910 (+9.0%)  vs_oz=0.923 (+7.7%)  vs_o3=0.784 (+21.6%)
binarysize_test[data_bytes]: vs_none=0.984 (+1.6%)  vs_oz=0.993 (+0.7%)  vs_o3=0.987 (+1.3%)
binarysize_test[bss_bytes]: vs_none=1.000 (+0.0%)  vs_oz=1.000 (+0.0%)  vs_o3=1.000 (+0.0%)
binarysize_test[dec_bytes]: vs_none=0.932 (+6.8%)  vs_oz=0.945 (+5.5%)  vs_o3=0.842 (+15.8%)

最优轮次 Top-5 binarysize_test 序列面板（primary=stripped_file_bytes）:
  #1: len=68, syn_rate=0.24
     stripped_file_bytes: obj=1.0175, mean=0.9995, worsen=6.00%, vs_none=0.999 (+0.1%)  vs_oz=0.999 (+0.1%)  vs_o3=0.981 (+1.9%)
     text_bytes: obj=0.9761, mean=0.9221, worsen=18.00%, vs_none=0.909 (+9.1%)  vs_oz=0.922 (+7.8%)  vs_o3=0.784 (+21.6%)
     data_bytes: obj=1.0170, mean=0.9930, worsen=8.00%, vs_none=0.984 (+1.6%)  vs_oz=0.993 (+0.7%)  vs_o3=0.987 (+1.3%)
     bss_bytes: obj=1.0000, mean=1.0000, worsen=0.00%, vs_none=1.000 (+0.0%)  vs_oz=1.000 (+0.0%)  vs_o3=1.000 (+0.0%)
     dec_bytes: obj=0.9986, mean=0.9446, worsen=18.00%, vs_none=0.931 (+6.9%)  vs_oz=0.945 (+5.5%)  vs_o3=0.841 (+15.9%)
  #2: len=43, syn_rate=0.24
     stripped_file_bytes: obj=1.0175, mean=0.9995, worsen=6.00%, vs_none=0.999 (+0.1%)  vs_oz=0.999 (+0.1%)  vs_o3=0.981 (+1.9%)
     text_bytes: obj=0.9818, mean=0.9278, worsen=18.00%, vs_none=0.915 (+8.5%)  vs_oz=0.928 (+7.2%)  vs_o3=0.788 (+21.2%)
     data_bytes: obj=1.0170, mean=0.9930, worsen=8.00%, vs_none=0.984 (+1.6%)  vs_oz=0.993 (+0.7%)  vs_o3=0.987 (+1.3%)
     bss_bytes: obj=1.0000, mean=1.0000, worsen=0.00%, vs_none=1.000 (+0.0%)  vs_oz=1.000 (+0.0%)  vs_o3=1.000 (+0.0%)
     dec_bytes: obj=1.0030, mean=0.9490, worsen=18.00%, vs_none=0.936 (+6.4%)  vs_oz=0.949 (+5.1%)  vs_o3=0.844 (+15.6%)
  #3: len=31, syn_rate=0.24
     stripped_file_bytes: obj=1.0175, mean=0.9995, worsen=6.00%, vs_none=0.999 (+0.1%)  vs_oz=0.999 (+0.1%)  vs_o3=0.981 (+1.9%)
     text_bytes: obj=0.9761, mean=0.9221, worsen=18.00%, vs_none=0.909 (+9.1%)  vs_oz=0.922 (+7.8%)  vs_o3=0.784 (+21.6%)
     data_bytes: obj=1.0170, mean=0.9930, worsen=8.00%, vs_none=0.984 (+1.6%)  vs_oz=0.993 (+0.7%)  vs_o3=0.987 (+1.3%)
     bss_bytes: obj=1.0000, mean=1.0000, worsen=0.00%, vs_none=1.000 (+0.0%)  vs_oz=1.000 (+0.0%)  vs_o3=1.000 (+0.0%)
     dec_bytes: obj=0.9986, mean=0.9446, worsen=18.00%, vs_none=0.931 (+6.9%)  vs_oz=0.945 (+5.5%)  vs_o3=0.841 (+15.9%)
  #4: len=31, syn_rate=0.24
     stripped_file_bytes: obj=1.0175, mean=0.9995, worsen=6.00%, vs_none=0.999 (+0.1%)  vs_oz=0.999 (+0.1%)  vs_o3=0.981 (+1.9%)
     text_bytes: obj=0.9761, mean=0.9221, worsen=18.00%, vs_none=0.909 (+9.1%)  vs_oz=0.922 (+7.8%)  vs_o3=0.784 (+21.6%)
     data_bytes: obj=1.0170, mean=0.9930, worsen=8.00%, vs_none=0.984 (+1.6%)  vs_oz=0.993 (+0.7%)  vs_o3=0.987 (+1.3%)
     bss_bytes: obj=1.0000, mean=1.0000, worsen=0.00%, vs_none=1.000 (+0.0%)  vs_oz=1.000 (+0.0%)  vs_o3=1.000 (+0.0%)
     dec_bytes: obj=0.9986, mean=0.9446, worsen=18.00%, vs_none=0.931 (+6.9%)  vs_oz=0.945 (+5.5%)  vs_o3=0.841 (+15.9%)
  #5: len=33, syn_rate=0.24
     stripped_file_bytes: obj=1.0175, mean=0.9995, worsen=6.00%, vs_none=0.999 (+0.1%)  vs_oz=0.999 (+0.1%)  vs_o3=0.981 (+1.9%)
     text_bytes: obj=0.9761, mean=0.9221, worsen=18.00%, vs_none=0.909 (+9.1%)  vs_oz=0.922 (+7.8%)  vs_o3=0.784 (+21.6%)
     data_bytes: obj=1.0170, mean=0.9930, worsen=8.00%, vs_none=0.984 (+1.6%)  vs_oz=0.993 (+0.7%)  vs_o3=0.987 (+1.3%)
     bss_bytes: obj=1.0000, mean=1.0000, worsen=0.00%, vs_none=1.000 (+0.0%)  vs_oz=1.000 (+0.0%)  vs_o3=1.000 (+0.0%)
     dec_bytes: obj=0.9986, mean=0.9446, worsen=18.00%, vs_none=0.931 (+6.9%)  vs_oz=0.945 (+5.5%)  vs_o3=0.841 (+15.9%)
核心调优成本已写入: /root/exp/RFunipassLab/results/instrcount/summaries/20260508_124532_262734_feature_lite_seed457_core_tuning_cost.json
结果已写入: /root/exp/RFunipassLab/results/instrcount/summaries/20260508_124532_262734_feature_lite_seed457.json
总运行时间: 3314.91 秒
