# run_id: 20260501_233859_100728_feature_lite_seed456
# name: feature_lite
# group: feature_ablation
# description: 切换到 Lite 特征编码，保留其余搜索流程不变。
# changed: FEATURE_MODE=lite, GA_GEN=5, GA_POP=200, ITERS=100, MAX_SEQ_LEN=120, MIN_VAL_PROGRAMS=5, SEED_TOPK=0, TEST_TOPK=50, TRAIN_TOPK=200, VAL_RATIO=0.5
# result_json: /root/exp/RFunipassLab/results/instrcount/summaries/20260501_233859_100728_feature_lite_seed456.json
# started_at: 2026-05-01T23:38:59
# control_env:
#   BACKEND_OPT_LEVEL=-O0
#   BINARY_SIZE_METRIC=stripped_file_bytes
#   BINARY_SIZE_REPORT_METRICS=text_bytes,data_bytes,bss_bytes,dec_bytes
#   DECAY=0.5
#   EXPERIMENT_SEED=456
#   FEATURE_MODE=lite
#   GA_ELITE=0.1
#   GA_GEN=5
#   GA_MUT=0.8
#   GA_POP=200
#   GA_TOUR=3
#   ITERS=100
#   LOOP_NESTING_POLICY=wrap
#   MAX_SEQ_LEN=120
#   MIN_VAL_PROGRAMS=100
#   OBJECTIVE_BASELINE=oz
#   OBJECTIVE_KIND=instrcount
#   OBJ_HIGHVAR_W=0.0
#   OBJ_WORSEN_W=0.15
#   OFFSET=20
#   PROGRAM_POOL_KIND=tuning
#   RNUM=256
#   RUNS=1
#   RUNTIME_EVAL_MAX_VARIANCE_PCT=15.0
#   RUNTIME_MAX_INNER_REPEATS=64
#   RUNTIME_MAX_VARIANCE_PCT=10.0
#   RUNTIME_REQUIRED_ROWS=0
#   RUNTIME_SAMPLES=5
#   RUNTIME_TARGET_SAMPLE_MS=30.0
#   RUNTIME_TIMEOUT_SEC=2.0
#   SCALE=10
#   SEED_TOPK=0
#   SPLIT_SEED=456
#   TEST_TOPK=999999
#   TRAIN_TOPK=300
#   VAL_RATIO=0.3333333333333333

Loading train/test rows from: /root/exp/RFunipassLab/data/tuning_results.csv
Loaded train programs:       300
Loaded initial seed seqs:    105
Loaded test programs:        4717
Objective kind:              instrcount
Program pool kind:           tuning

Loading synergy graph from: /root/exp/RFunipassLab/data/Step3_EnumeratedPairs.csv
All passes (19): ['module(scc-oz-module-inliner)', 'function(newgvn)', 'function(gvn-hoist)', 'function(memcpyopt)', 'module(attributor)', 'module(elim-avail-extern)', 'function(reassociate)', 'function(jump-threading)', 'module(globalopt)', 'function(mem2reg)', 'function(dse)', 'function(instsimplify)', 'module(iroutliner)', 'function(gvn-sink)', 'function(dce)', 'cgscc(attributor-cgscc)', 'module(inferattrs)', 'loop(loop-simplifycfg)', 'function(lower-switch)']
Synergy edges: 176
Self-loop passes: {'cgscc(attributor-cgscc)', 'module(attributor)', 'function(newgvn)'}

============================================================
实验轮次 1 / 1
============================================================
============================================================
目标类型:      instrcount
目标基准:      -Oz
基准指标:      -Oz 基准指令数
优化指标:      归一化指令数
输入程序数:    300
输入次优序列数: 105
测试程序数:    4717
Pass 词表大小: 19
协同边数:      176
自环 pass 数:  3
序列长度上限:  120
Loop 合法化策略: wrap
实验种子:      456
划分种子:      456
特征模式:      lite
RF 特征维度:   31
词表: ['module(scc-oz-module-inliner)', 'function(newgvn)', 'function(gvn-hoist)', 'function(memcpyopt)', 'module(attributor)', 'module(elim-avail-extern)', 'function(reassociate)', 'function(jump-threading)', 'module(globalopt)', 'function(mem2reg)', 'function(dse)', 'function(instsimplify)', 'module(iroutliner)', 'function(gvn-sink)', 'function(dce)', 'cgscc(attributor-cgscc)', 'module(inferattrs)', 'loop(loop-simplifycfg)', 'function(lower-switch)']
多目标权重:    mean=1.0, worsen=0.15, highvar=0.0

[Step 1.5] 训练程序切分...
  search_train 程序数: 200
  validation 程序数:   100
  split_signature(search_train): 5fc7a63e3fc6990d6d0dd13a87ad23f4f192a349
  split_signature(validation):   bed6f532a8f4b53a4c87c57cc4754030aec0999a
  split_signature(test):         ab1945377c4a260a8f6d92616b05a58327a07a63

[Step 2] 计算 search_train 程序 -Oz 基准指令数...
[Step 2b] 计算 validation 程序 -Oz 基准指令数...
[Step 2c] 计算测试集程序 -Oz 基准指令数...

[Step 3] 评估初始 seed 序列（共 105 条）...

[Step 4] 开始贝叶斯优化（100 轮）...
GA search time: 4.16s, candidates: 327
  [iter   1/100] search_obj=0.8375  search_best=0.8336  validation_best=0.7866  EI=0.0120  rnum=127.9  len=16  syn_rate=0.18  mean=0.8188  worsen=12.50%  highvar=0.00%
GA search time: 5.33s, candidates: 325
  [iter   2/100] search_obj=0.8389  search_best=0.8336  validation_best=0.7866  EI=0.0179  rnum=125.8  len=14  syn_rate=0.15  mean=0.8201  worsen=12.50%  highvar=0.00%
GA search time: 3.68s, candidates: 323
  [iter   3/100] search_obj=0.8386  search_best=0.8336  validation_best=0.7866  EI=0.0188  rnum=123.7  len=17  syn_rate=0.18  mean=0.8198  worsen=12.50%  highvar=0.00%
GA search time: 6.11s, candidates: 321
  [iter   4/100] search_obj=0.7861  search_best=0.7861  validation_best=0.7866  EI=0.0145  rnum=121.6  len=19  syn_rate=0.26  mean=0.7689  worsen=11.50%  highvar=0.00%
GA search time: 11.60s, candidates: 319
  [iter   5/100] search_obj=0.8761  search_best=0.7861  validation_best=0.7866  EI=0.0102  rnum=119.6  len=28  syn_rate=0.28  mean=0.8341  worsen=28.00%  highvar=0.00%
GA search time: 3.53s, candidates: 317
  [iter   6/100] search_obj=1.0765  search_best=0.7861  validation_best=0.7866  EI=0.0102  rnum=117.5  len=77  syn_rate=0.82  mean=1.0360  worsen=27.00%  highvar=0.00%
GA search time: 6.21s, candidates: 315
  [iter   7/100] search_obj=1.0419  search_best=0.7861  validation_best=0.7866  EI=0.0120  rnum=115.5  len=21  syn_rate=0.14  mean=1.0089  worsen=22.00%  highvar=0.00%
GA search time: 7.49s, candidates: 313
  [iter   8/100] search_obj=1.0779  search_best=0.7861  validation_best=0.7866  EI=0.0091  rnum=113.5  len=86  syn_rate=0.88  mean=1.0366  worsen=27.50%  highvar=0.00%
GA search time: 4.28s, candidates: 311
  [iter   9/100] search_obj=0.9876  search_best=0.7861  validation_best=0.7866  EI=0.0098  rnum=111.5  len=19  syn_rate=0.20  mean=0.9576  worsen=20.00%  highvar=0.00%
GA search time: 6.71s, candidates: 309
  [iter  10/100] search_obj=0.9560  search_best=0.7861  validation_best=0.7866  EI=0.0089  rnum=109.5  len=42  syn_rate=0.42  mean=0.9283  worsen=18.50%  highvar=0.00%
GA search time: 3.58s, candidates: 307
  [iter  11/100] search_obj=0.7861  search_best=0.7861  validation_best=0.7866  EI=0.0097  rnum=107.6  len=20  syn_rate=0.26  mean=0.7689  worsen=11.50%  highvar=0.00%
GA search time: 3.25s, candidates: 305
  [iter  12/100] search_obj=0.7861  search_best=0.7861  validation_best=0.7866  EI=0.0170  rnum=105.6  len=21  syn_rate=0.26  mean=0.7689  worsen=11.50%  highvar=0.00%
GA search time: 2.39s, candidates: 303
  [iter  13/100] search_obj=0.7861  search_best=0.7861  validation_best=0.7866  EI=0.0199  rnum=103.7  len=21  syn_rate=0.26  mean=0.7689  worsen=11.50%  highvar=0.00%
GA search time: 2.97s, candidates: 301
  [iter  14/100] search_obj=0.7861  search_best=0.7861  validation_best=0.7866  EI=0.0185  rnum=101.7  len=26  syn_rate=0.27  mean=0.7689  worsen=11.50%  highvar=0.00%
GA search time: 2.95s, candidates: 299
  [iter  15/100] search_obj=0.7856  search_best=0.7856  validation_best=0.7866  EI=0.0179  rnum=99.8  len=39  syn_rate=0.32  mean=0.7683  worsen=11.50%  highvar=0.00%
GA search time: 3.94s, candidates: 297
  [iter  16/100] search_obj=1.0457  search_best=0.7856  validation_best=0.7866  EI=0.0179  rnum=97.9  len=50  syn_rate=0.23  mean=1.0119  worsen=22.50%  highvar=0.00%
GA search time: 3.92s, candidates: 296
  [iter  17/100] search_obj=1.1222  search_best=0.7856  validation_best=0.7866  EI=0.0195  rnum=96.1  len=40  syn_rate=0.24  mean=1.0157  worsen=71.00%  highvar=0.00%
GA search time: 4.43s, candidates: 294
  [iter  18/100] search_obj=1.1073  search_best=0.7856  validation_best=0.7866  EI=0.0204  rnum=94.2  len=30  syn_rate=0.18  mean=1.0413  worsen=44.00%  highvar=0.00%
GA search time: 2.60s, candidates: 292
  [iter  19/100] search_obj=0.7861  search_best=0.7856  validation_best=0.7866  EI=0.0211  rnum=92.4  len=31  syn_rate=0.30  mean=0.7689  worsen=11.50%  highvar=0.00%
GA search time: 2.56s, candidates: 290
  [iter  20/100] search_obj=0.9633  search_best=0.7856  validation_best=0.7866  EI=0.0221  rnum=90.5  len=38  syn_rate=0.27  mean=0.9333  worsen=20.00%  highvar=0.00%
GA search time: 1.65s, candidates: 288
  [iter  21/100] search_obj=0.9895  search_best=0.7856  validation_best=0.7866  EI=0.0229  rnum=88.7  len=29  syn_rate=0.26  mean=0.9640  worsen=17.00%  highvar=0.00%
GA search time: 2.01s, candidates: 286
  [iter  22/100] search_obj=1.0039  search_best=0.7856  validation_best=0.7866  EI=0.0204  rnum=87.0  len=25  syn_rate=0.23  mean=0.9716  worsen=21.50%  highvar=0.00%
GA search time: 2.06s, candidates: 285
  [iter  23/100] search_obj=0.8155  search_best=0.7856  validation_best=0.7866  EI=0.0204  rnum=85.2  len=21  syn_rate=0.26  mean=0.7968  worsen=12.50%  highvar=0.00%
GA search time: 1.98s, candidates: 283
  [iter  24/100] search_obj=0.7861  search_best=0.7856  validation_best=0.7866  EI=0.0186  rnum=83.5  len=31  syn_rate=0.30  mean=0.7689  worsen=11.50%  highvar=0.00%
GA search time: 2.48s, candidates: 281
  [iter  25/100] search_obj=0.7861  search_best=0.7856  validation_best=0.7866  EI=0.0177  rnum=81.7  len=23  syn_rate=0.26  mean=0.7689  worsen=11.50%  highvar=0.00%
GA search time: 1.97s, candidates: 280
  [iter  26/100] search_obj=0.7856  search_best=0.7856  validation_best=0.7866  EI=0.0204  rnum=80.0  len=21  syn_rate=0.26  mean=0.7683  worsen=11.50%  highvar=0.00%
GA search time: 2.07s, candidates: 278
  [iter  27/100] search_obj=0.7864  search_best=0.7856  validation_best=0.7866  EI=0.0210  rnum=78.4  len=20  syn_rate=0.25  mean=0.7692  worsen=11.50%  highvar=0.00%
GA search time: 3.16s, candidates: 276
  [iter  28/100] search_obj=1.0053  search_best=0.7856  validation_best=0.7866  EI=0.0176  rnum=76.7  len=31  syn_rate=0.19  mean=0.9723  worsen=22.00%  highvar=0.00%
GA search time: 2.12s, candidates: 275
  [iter  29/100] search_obj=0.7825  search_best=0.7825  validation_best=0.7866  EI=0.0168  rnum=75.1  len=34  syn_rate=0.36  mean=0.7660  worsen=11.00%  highvar=0.00%
GA search time: 2.49s, candidates: 273
  [iter  30/100] search_obj=1.0397  search_best=0.7825  validation_best=0.7866  EI=0.0184  rnum=73.4  len=35  syn_rate=0.30  mean=1.0075  worsen=21.50%  highvar=0.00%
GA search time: 2.82s, candidates: 271
  [iter  31/100] search_obj=0.9552  search_best=0.7825  validation_best=0.7866  EI=0.0163  rnum=71.8  len=37  syn_rate=0.30  mean=0.9282  worsen=18.00%  highvar=0.00%
GA search time: 2.03s, candidates: 270
  [iter  32/100] search_obj=1.0048  search_best=0.7825  validation_best=0.7866  EI=0.0158  rnum=70.3  len=34  syn_rate=0.26  mean=0.9718  worsen=22.00%  highvar=0.00%
GA search time: 2.84s, candidates: 268
  [iter  33/100] search_obj=0.7861  search_best=0.7825  validation_best=0.7866  EI=0.0164  rnum=68.7  len=25  syn_rate=0.27  mean=0.7689  worsen=11.50%  highvar=0.00%
GA search time: 2.59s, candidates: 267
  [iter  34/100] search_obj=0.9782  search_best=0.7825  validation_best=0.7866  EI=0.0159  rnum=67.2  len=30  syn_rate=0.29  mean=0.9557  worsen=15.00%  highvar=0.00%
GA search time: 3.27s, candidates: 265
  [iter  35/100] search_obj=0.7861  search_best=0.7825  validation_best=0.7866  EI=0.0157  rnum=65.7  len=25  syn_rate=0.26  mean=0.7689  worsen=11.50%  highvar=0.00%
GA search time: 2.12s, candidates: 264
  [iter  36/100] search_obj=0.7861  search_best=0.7825  validation_best=0.7866  EI=0.0183  rnum=64.2  len=26  syn_rate=0.27  mean=0.7689  worsen=11.50%  highvar=0.00%
GA search time: 2.56s, candidates: 262
  [iter  37/100] search_obj=0.8965  search_best=0.7825  validation_best=0.7866  EI=0.0175  rnum=62.7  len=39  syn_rate=0.32  mean=0.8762  worsen=13.50%  highvar=0.00%
GA search time: 1.65s, candidates: 261
  [iter  38/100] search_obj=0.9726  search_best=0.7825  validation_best=0.7866  EI=0.0153  rnum=61.3  len=25  syn_rate=0.27  mean=0.9493  worsen=15.50%  highvar=0.00%
GA search time: 2.17s, candidates: 259
  [iter  39/100] search_obj=0.7861  search_best=0.7825  validation_best=0.7866  EI=0.0145  rnum=59.8  len=28  syn_rate=0.27  mean=0.7689  worsen=11.50%  highvar=0.00%
GA search time: 2.17s, candidates: 258
  [iter  40/100] search_obj=0.7858  search_best=0.7825  validation_best=0.7866  EI=0.0163  rnum=58.4  len=27  syn_rate=0.26  mean=0.7685  worsen=11.50%  highvar=0.00%
GA search time: 2.05s, candidates: 257
  [iter  41/100] search_obj=0.7861  search_best=0.7825  validation_best=0.7866  EI=0.0156  rnum=57.0  len=27  syn_rate=0.27  mean=0.7689  worsen=11.50%  highvar=0.00%
GA search time: 1.94s, candidates: 255
  [iter  42/100] search_obj=0.7856  search_best=0.7825  validation_best=0.7866  EI=0.0152  rnum=55.7  len=26  syn_rate=0.26  mean=0.7683  worsen=11.50%  highvar=0.00%
GA search time: 1.77s, candidates: 254
  [iter  43/100] search_obj=0.7876  search_best=0.7825  validation_best=0.7866  EI=0.0143  rnum=54.3  len=25  syn_rate=0.24  mean=0.7696  worsen=12.00%  highvar=0.00%
GA search time: 1.80s, candidates: 253
  [iter  44/100] search_obj=0.9357  search_best=0.7825  validation_best=0.7866  EI=0.0146  rnum=53.0  len=26  syn_rate=0.19  mean=0.9139  worsen=14.50%  highvar=0.00%
GA search time: 1.64s, candidates: 251
  [iter  45/100] search_obj=0.9190  search_best=0.7825  validation_best=0.7866  EI=0.0139  rnum=51.7  len=23  syn_rate=0.24  mean=0.8972  worsen=14.50%  highvar=0.00%
GA search time: 1.33s, candidates: 250
  [iter  46/100] search_obj=1.9089  search_best=0.7825  validation_best=0.7866  EI=0.0164  rnum=50.5  len=21  syn_rate=0.10  mean=1.7687  worsen=93.50%  highvar=0.00%
GA search time: 1.62s, candidates: 249
  [iter  47/100] search_obj=0.7816  search_best=0.7816  validation_best=0.7866  EI=0.0147  rnum=49.2  len=34  syn_rate=0.36  mean=0.7651  worsen=11.00%  highvar=0.00%
GA search time: 1.66s, candidates: 247
  [iter  48/100] search_obj=1.0410  search_best=0.7816  validation_best=0.7866  EI=0.0268  rnum=48.0  len=36  syn_rate=0.38  mean=1.0072  worsen=22.50%  highvar=0.00%
GA search time: 2.04s, candidates: 246
  [iter  49/100] search_obj=0.7861  search_best=0.7816  validation_best=0.7866  EI=0.0152  rnum=46.8  len=34  syn_rate=0.33  mean=0.7689  worsen=11.50%  highvar=0.00%
GA search time: 1.58s, candidates: 245
  [iter  50/100] search_obj=1.0441  search_best=0.7816  validation_best=0.7866  EI=0.0154  rnum=45.6  len=25  syn_rate=0.28  mean=1.0096  worsen=23.00%  highvar=0.00%
GA search time: 1.68s, candidates: 244
  [iter  51/100] search_obj=0.9811  search_best=0.7816  validation_best=0.7866  EI=0.0175  rnum=44.4  len=28  syn_rate=0.26  mean=0.9579  worsen=15.50%  highvar=0.00%
GA search time: 1.88s, candidates: 243
  [iter  52/100] search_obj=1.0048  search_best=0.7816  validation_best=0.7866  EI=0.0132  rnum=43.3  len=34  syn_rate=0.30  mean=0.9718  worsen=22.00%  highvar=0.00%
GA search time: 1.51s, candidates: 242
  [iter  53/100] search_obj=0.7851  search_best=0.7816  validation_best=0.7866  EI=0.0159  rnum=42.2  len=33  syn_rate=0.35  mean=0.7679  worsen=11.50%  highvar=0.00%
GA search time: 1.72s, candidates: 241
  [iter  54/100] search_obj=1.0425  search_best=0.7816  validation_best=0.7866  EI=0.0154  rnum=41.1  len=23  syn_rate=0.27  mean=1.0088  worsen=22.50%  highvar=0.00%
GA search time: 1.74s, candidates: 239
  [iter  55/100] search_obj=0.7868  search_best=0.7816  validation_best=0.7866  EI=0.0134  rnum=40.0  len=27  syn_rate=0.24  mean=0.7696  worsen=11.50%  highvar=0.00%
GA search time: 1.35s, candidates: 238
  [iter  56/100] search_obj=1.0442  search_best=0.7816  validation_best=0.7866  EI=0.0140  rnum=38.9  len=22  syn_rate=0.27  mean=1.0097  worsen=23.00%  highvar=0.00%
GA search time: 1.65s, candidates: 237
  [iter  57/100] search_obj=0.7803  search_best=0.7803  validation_best=0.7866  EI=0.0146  rnum=37.9  len=22  syn_rate=0.26  mean=0.7646  worsen=10.50%  highvar=0.00%
GA search time: 1.56s, candidates: 236
  [iter  58/100] search_obj=0.7861  search_best=0.7803  validation_best=0.7866  EI=0.0145  rnum=36.9  len=26  syn_rate=0.26  mean=0.7689  worsen=11.50%  highvar=0.00%
GA search time: 1.26s, candidates: 235
  [iter  59/100] search_obj=1.5304  search_best=0.7803  validation_best=0.7866  EI=0.0136  rnum=35.9  len=23  syn_rate=0.18  mean=1.3939  worsen=91.00%  highvar=0.00%
GA search time: 2.21s, candidates: 234
  [iter  60/100] search_obj=1.0401  search_best=0.7803  validation_best=0.7866  EI=0.0148  rnum=34.9  len=27  syn_rate=0.24  mean=1.0078  worsen=21.50%  highvar=0.00%
GA search time: 1.70s, candidates: 233
  [iter  61/100] search_obj=0.7798  search_best=0.7798  validation_best=0.7866  EI=0.0129  rnum=33.9  len=28  syn_rate=0.27  mean=0.7640  worsen=10.50%  highvar=0.00%
GA search time: 1.23s, candidates: 233
  [iter  62/100] search_obj=0.8964  search_best=0.7798  validation_best=0.7866  EI=0.0168  rnum=33.0  len=28  syn_rate=0.26  mean=0.8762  worsen=13.50%  highvar=0.00%
GA search time: 1.92s, candidates: 232
  [iter  63/100] search_obj=0.7857  search_best=0.7798  validation_best=0.7866  EI=0.0150  rnum=32.1  len=21  syn_rate=0.26  mean=0.7685  worsen=11.50%  highvar=0.00%
GA search time: 1.90s, candidates: 231
  [iter  64/100] search_obj=0.9854  search_best=0.7798  validation_best=0.7866  EI=0.0156  rnum=31.2  len=27  syn_rate=0.26  mean=0.9599  worsen=17.00%  highvar=0.00%
GA search time: 2.59s, candidates: 230
  [iter  65/100] search_obj=1.0295  search_best=0.7798  validation_best=0.7866  EI=0.0125  rnum=30.3  len=33  syn_rate=0.35  mean=0.9965  worsen=22.00%  highvar=0.00%
GA search time: 1.74s, candidates: 229
  [iter  66/100] search_obj=0.7856  search_best=0.7798  validation_best=0.7866  EI=0.0150  rnum=29.5  len=28  syn_rate=0.26  mean=0.7683  worsen=11.50%  highvar=0.00%
GA search time: 2.24s, candidates: 228
  [iter  67/100] search_obj=0.9811  search_best=0.7798  validation_best=0.7866  EI=0.0174  rnum=28.6  len=31  syn_rate=0.34  mean=0.9578  worsen=15.50%  highvar=0.00%
GA search time: 2.53s, candidates: 227
  [iter  68/100] search_obj=0.7861  search_best=0.7798  validation_best=0.7866  EI=0.0138  rnum=27.8  len=25  syn_rate=0.27  mean=0.7689  worsen=11.50%  highvar=0.00%
GA search time: 1.71s, candidates: 226
  [iter  69/100] search_obj=0.9817  search_best=0.7798  validation_best=0.7866  EI=0.0134  rnum=27.0  len=25  syn_rate=0.24  mean=0.9585  worsen=15.50%  highvar=0.00%
GA search time: 2.11s, candidates: 226
  [iter  70/100] search_obj=0.7859  search_best=0.7798  validation_best=0.7866  EI=0.0133  rnum=26.2  len=31  syn_rate=0.27  mean=0.7687  worsen=11.50%  highvar=0.00%
GA search time: 1.33s, candidates: 225
  [iter  71/100] search_obj=0.9683  search_best=0.7798  validation_best=0.7866  EI=0.0118  rnum=25.4  len=45  syn_rate=0.26  mean=0.9443  worsen=16.00%  highvar=0.00%
GA search time: 1.51s, candidates: 224
  [iter  72/100] search_obj=0.9825  search_best=0.7798  validation_best=0.7866  EI=0.0150  rnum=24.7  len=29  syn_rate=0.25  mean=0.9593  worsen=15.50%  highvar=0.00%
GA search time: 0.89s, candidates: 223
  [iter  73/100] search_obj=0.9906  search_best=0.7798  validation_best=0.7866  EI=0.0091  rnum=24.0  len=23  syn_rate=0.24  mean=0.9644  worsen=17.50%  highvar=0.00%
GA search time: 1.36s, candidates: 223
  [iter  74/100] search_obj=0.7857  search_best=0.7798  validation_best=0.7866  EI=0.0154  rnum=23.3  len=20  syn_rate=0.26  mean=0.7685  worsen=11.50%  highvar=0.00%
GA search time: 1.31s, candidates: 222
  [iter  75/100] search_obj=0.7853  search_best=0.7798  validation_best=0.7866  EI=0.0147  rnum=22.6  len=26  syn_rate=0.26  mean=0.7680  worsen=11.50%  highvar=0.00%
GA search time: 1.41s, candidates: 221
  [iter  76/100] search_obj=0.7854  search_best=0.7798  validation_best=0.7866  EI=0.0118  rnum=21.9  len=22  syn_rate=0.26  mean=0.7681  worsen=11.50%  highvar=0.00%
GA search time: 1.44s, candidates: 221
  [iter  77/100] search_obj=0.9380  search_best=0.7798  validation_best=0.7866  EI=0.0124  rnum=21.2  len=27  syn_rate=0.26  mean=0.9155  worsen=15.00%  highvar=0.00%
GA search time: 1.32s, candidates: 220
  [iter  78/100] search_obj=0.9811  search_best=0.7798  validation_best=0.7866  EI=0.0119  rnum=20.6  len=33  syn_rate=0.36  mean=0.9578  worsen=15.50%  highvar=0.00%
GA search time: 1.13s, candidates: 219
  [iter  79/100] search_obj=0.7851  search_best=0.7798  validation_best=0.7866  EI=0.0149  rnum=19.9  len=25  syn_rate=0.27  mean=0.7679  worsen=11.50%  highvar=0.00%
GA search time: 0.95s, candidates: 219
  [iter  80/100] search_obj=1.0395  search_best=0.7798  validation_best=0.7866  EI=0.0095  rnum=19.3  len=51  syn_rate=0.36  mean=1.0073  worsen=21.50%  highvar=0.00%
GA search time: 0.77s, candidates: 218
  [iter  81/100] search_obj=1.9052  search_best=0.7798  validation_best=0.7866  EI=0.0076  rnum=18.7  len=16  syn_rate=0.11  mean=1.7634  worsen=94.50%  highvar=0.00%
GA search time: 0.85s, candidates: 218
  [iter  82/100] search_obj=0.9917  search_best=0.7798  validation_best=0.7866  EI=0.0139  rnum=18.1  len=25  syn_rate=0.28  mean=0.9647  worsen=18.00%  highvar=0.00%
GA search time: 0.94s, candidates: 217
  [iter  83/100] search_obj=0.7861  search_best=0.7798  validation_best=0.7866  EI=0.0152  rnum=17.6  len=22  syn_rate=0.26  mean=0.7689  worsen=11.50%  highvar=0.00%
GA search time: 0.87s, candidates: 216
  [iter  84/100] search_obj=0.8933  search_best=0.7798  validation_best=0.7866  EI=0.0131  rnum=17.0  len=25  syn_rate=0.26  mean=0.8723  worsen=14.00%  highvar=0.00%
GA search time: 0.95s, candidates: 216
  [iter  85/100] search_obj=0.9811  search_best=0.7798  validation_best=0.7866  EI=0.0120  rnum=16.5  len=24  syn_rate=0.26  mean=0.9579  worsen=15.50%  highvar=0.00%
GA search time: 0.74s, candidates: 215
  [iter  86/100] search_obj=0.9906  search_best=0.7798  validation_best=0.7866  EI=0.0124  rnum=15.9  len=23  syn_rate=0.26  mean=0.9651  worsen=17.00%  highvar=0.00%
GA search time: 0.81s, candidates: 215
  [iter  87/100] search_obj=0.7854  search_best=0.7798  validation_best=0.7866  EI=0.0099  rnum=15.4  len=24  syn_rate=0.26  mean=0.7681  worsen=11.50%  highvar=0.00%
GA search time: 1.03s, candidates: 214
  [iter  88/100] search_obj=0.7854  search_best=0.7798  validation_best=0.7866  EI=0.0089  rnum=14.9  len=35  syn_rate=0.27  mean=0.7681  worsen=11.50%  highvar=0.00%
GA search time: 1.02s, candidates: 214
  [iter  89/100] search_obj=0.9805  search_best=0.7798  validation_best=0.7866  EI=0.0099  rnum=14.4  len=21  syn_rate=0.26  mean=0.9580  worsen=15.00%  highvar=0.00%
GA search time: 0.85s, candidates: 213
  [iter  90/100] search_obj=1.0390  search_best=0.7798  validation_best=0.7866  EI=0.0124  rnum=14.0  len=26  syn_rate=0.27  mean=1.0068  worsen=21.50%  highvar=0.00%
GA search time: 0.92s, candidates: 213
  [iter  91/100] search_obj=0.8037  search_best=0.7798  validation_best=0.7866  EI=0.0108  rnum=13.5  len=24  syn_rate=0.27  mean=0.7872  worsen=11.00%  highvar=0.00%
GA search time: 1.09s, candidates: 213
  [iter  92/100] search_obj=1.0400  search_best=0.7798  validation_best=0.7866  EI=0.0085  rnum=13.0  len=26  syn_rate=0.26  mean=1.0070  worsen=22.00%  highvar=0.00%
GA search time: 0.78s, candidates: 212
  [iter  93/100] search_obj=0.9599  search_best=0.7798  validation_best=0.7866  EI=0.0156  rnum=12.6  len=27  syn_rate=0.27  mean=0.9314  worsen=19.00%  highvar=0.00%
GA search time: 0.88s, candidates: 212
  [iter  94/100] search_obj=0.9591  search_best=0.7798  validation_best=0.7866  EI=0.0096  rnum=12.2  len=27  syn_rate=0.27  mean=0.9298  worsen=19.50%  highvar=0.00%
GA search time: 0.86s, candidates: 211
  [iter  95/100] search_obj=1.0435  search_best=0.7798  validation_best=0.7866  EI=0.0102  rnum=11.8  len=53  syn_rate=0.35  mean=1.0090  worsen=23.00%  highvar=0.00%
GA search time: 0.71s, candidates: 211
  [iter  96/100] search_obj=0.7950  search_best=0.7798  validation_best=0.7866  EI=0.0106  rnum=11.4  len=35  syn_rate=0.25  mean=0.7778  worsen=11.50%  highvar=0.00%
GA search time: 0.91s, candidates: 210
  [iter  97/100] search_obj=1.0433  search_best=0.7798  validation_best=0.7866  EI=0.0099  rnum=11.0  len=24  syn_rate=0.23  mean=1.0088  worsen=23.00%  highvar=0.00%
GA search time: 1.01s, candidates: 210
  [iter  98/100] search_obj=1.0402  search_best=0.7798  validation_best=0.7866  EI=0.0074  rnum=10.6  len=42  syn_rate=0.32  mean=1.0072  worsen=22.00%  highvar=0.00%
GA search time: 0.67s, candidates: 210
  [iter  99/100] search_obj=0.8923  search_best=0.7798  validation_best=0.7866  EI=0.0082  rnum=10.2  len=34  syn_rate=0.26  mean=0.8728  worsen=13.00%  highvar=0.00%
GA search time: 0.85s, candidates: 209
  [iter 100/100] search_obj=0.8787  search_best=0.7798  validation_best=0.7866  EI=0.0074  rnum=9.9  len=35  syn_rate=0.43  mean=0.8592  worsen=13.00%  highvar=0.00%

[Step 5] 按 validation 选择最终通用序列...
  选择结果:
    search_train_obj=0.8336, search_train_mean=0.8134, search_train_worsen=13.50%, search_train_highvar=0.00%
    validation_obj=0.7866, validation_mean=0.7821, validation_worsen=3.00%, validation_highvar=0.00%

[Step 6] 在 validation 上执行消融后处理...

[Ablation-validation] 初始序列长度: 17, objective: 0.7866, mean_norm: 0.7821, worsen_rate: 3.00%
  移除 [16] module(scc-oz-module-inliner): objective 1.3398 > 0.7866 (恢复)
  移除 [15] module(elim-avail-extern): objective 0.7866, mean_norm 0.7821, worsen_rate 3.00% (保留移除)
  移除 [14] module(iroutliner): objective 0.7865, mean_norm 0.7820, worsen_rate 3.00% (保留移除)
  移除 [13] function(dce): objective 0.7865, mean_norm 0.7820, worsen_rate 3.00% (保留移除)
  移除 [12] module(attributor): objective 0.8681 > 0.7865 (恢复)
  移除 [11] module(globalopt): objective 0.7865, mean_norm 0.7820, worsen_rate 3.00% (保留移除)
  移除 [10] function(gvn-sink): objective 0.7865, mean_norm 0.7820, worsen_rate 3.00% (保留移除)
  移除 [9] function(newgvn): objective 0.8637 > 0.7865 (恢复)
  移除 [8] function(gvn-sink): objective 0.7876 > 0.7865 (恢复)
  移除 [7] module(globalopt): objective 0.9860 > 0.7865 (恢复)
  移除 [6] function(jump-threading): objective 0.7792, mean_norm 0.7747, worsen_rate 3.00% (保留移除)
  移除 [5] function(memcpyopt): objective 0.7792, mean_norm 0.7747, worsen_rate 3.00% (保留移除)
  移除 [4] module(attributor): objective 0.8254 > 0.7792 (恢复)
  移除 [3] function(gvn-hoist): objective 0.7811 > 0.7792 (恢复)
  移除 [2] function(instsimplify): objective 0.7792, mean_norm 0.7747, worsen_rate 3.00% (保留移除)
  移除 [1] module(iroutliner): objective 0.8991 > 0.7792 (恢复)
  移除 [0] module(elim-avail-extern): objective 1.1201 > 0.7792 (恢复)
[Ablation-validation] 最终序列长度: 9, objective: 0.7792, mean_norm: 0.7747, worsen_rate: 3.00%, 移除了 8 个 pass
  消融有效: 17 → 9 passes, validation_objective: 0.7866 → 0.7792

最终通用 pass 序列（effective=9 个顶层 pass, raw=9 个 pass, syn_rate(raw)=0.11）:
  module(elim-avail-extern) → module(iroutliner) → function(gvn-hoist) → module(attributor) → module(globalopt) → function(gvn-sink) → function(newgvn) → module(attributor) → module(scc-oz-module-inliner)
  search_train_obj=0.8343, search_train_mean=0.8140, search_train_worsen=13.50%, search_train_highvar=0.00%
  validation_obj=0.7792, validation_mean=0.7747, validation_worsen=3.00%, validation_highvar=0.00%
  test_obj=0.8255, test_mean=0.8094, test_worsen=10.73%, test_highvar=0.00%

Top-5 最佳序列（按 validation 多目标 objective 升序）:
  #1: validation_obj=0.7866, validation_mean=0.7821, validation_worsen=3.00%, validation_highvar=0.00%, train_obj=0.8336, train_mean=0.8134, train_highvar=0.00%, len=17, syn_rate=0.35, test_obj=0.8288, test_mean=0.8121, test_worsen=11.19%, test_highvar=0.00%
     module(elim-avail-extern) → module(iroutliner) → function(instsimplify) → function(gvn-hoist) → module(attributor) → function(memcpyopt) → function(jump-threading) → module(globalopt) → function(gvn-sink) → function(newgvn) → function(gvn-sink) → module(globalopt) → module(attributor) → function(dce) → module(iroutliner) → module(elim-avail-extern) → module(scc-oz-module-inliner)
  #2: validation_obj=0.8143, validation_mean=0.8068, validation_worsen=5.00%, validation_highvar=0.00%, train_obj=0.7816, train_mean=0.7651, train_highvar=0.00%, len=34, syn_rate=0.36, test_obj=0.7806, test_mean=0.7677, test_worsen=8.61%, test_highvar=0.00%
     module(elim-avail-extern) → module(iroutliner) → module(attributor) → module(elim-avail-extern) → module(iroutliner) → module(attributor) → module(scc-oz-module-inliner) → module(globalopt) → module(globalopt) → module(globalopt) → function(dse) → module(globalopt) → module(globalopt) → module(globalopt) → module(elim-avail-extern) → module(inferattrs) → module(scc-oz-module-inliner) → function(reassociate) → function(newgvn) → function(instsimplify) → module(inferattrs) → function(newgvn) → function(gvn-sink) → module(globalopt) → module(attributor) → module(elim-avail-extern) → module(elim-avail-extern) → module(elim-avail-extern) → module(scc-oz-module-inliner) → module(scc-oz-module-inliner) → function(dce) → module(iroutliner) → module(elim-avail-extern) → module(scc-oz-module-inliner)
  #3: validation_obj=0.8196, validation_mean=0.8136, validation_worsen=4.00%, validation_highvar=0.00%, train_obj=0.8609, train_mean=0.8369, train_highvar=0.00%, len=12, syn_rate=0.23, test_obj=0.8415, test_mean=0.8236, test_worsen=11.89%, test_highvar=0.00%
     module(elim-avail-extern) → module(globalopt) → cgscc(attributor-cgscc) → function(instsimplify) → module(iroutliner) → function(dce) → function(memcpyopt) → function(reassociate) → function(jump-threading) → function(newgvn) → module(attributor) → module(scc-oz-module-inliner)
  #4: validation_obj=0.8248, validation_mean=0.8173, validation_worsen=5.00%, validation_highvar=0.00%, train_obj=0.7854, train_mean=0.7681, train_highvar=0.00%, len=35, syn_rate=0.27, test_obj=0.7856, test_mean=0.7726, test_worsen=8.63%, test_highvar=0.00%
     module(elim-avail-extern) → module(globalopt) → module(elim-avail-extern) → module(iroutliner) → module(attributor) → module(scc-oz-module-inliner) → module(globalopt) → module(elim-avail-extern) → module(scc-oz-module-inliner) → function(instsimplify) → module(inferattrs) → function(newgvn) → function(gvn-sink) → module(globalopt) → module(attributor) → function(dce) → module(iroutliner) → module(elim-avail-extern) → module(scc-oz-module-inliner) → function(newgvn) → module(globalopt) → module(globalopt) → module(globalopt) → module(elim-avail-extern) → module(elim-avail-extern) → module(attributor) → module(scc-oz-module-inliner) → module(elim-avail-extern) → module(iroutliner) → module(attributor) → function(dce) → function(gvn-sink) → module(elim-avail-extern) → module(inferattrs) → module(globalopt)
  #5: validation_obj=0.8258, validation_mean=0.8183, validation_worsen=5.00%, validation_highvar=0.00%, train_obj=0.7861, train_mean=0.7689, train_highvar=0.00%, len=22, syn_rate=0.26, test_obj=0.7877, test_mean=0.7747, test_worsen=8.69%, test_highvar=0.00%
     module(elim-avail-extern) → module(globalopt) → module(elim-avail-extern) → module(iroutliner) → module(attributor) → module(attributor) → module(scc-oz-module-inliner) → module(globalopt) → module(elim-avail-extern) → module(scc-oz-module-inliner) → function(instsimplify) → module(inferattrs) → function(newgvn) → function(gvn-sink) → module(globalopt) → module(attributor) → function(dce) → module(iroutliner) → module(globalopt) → module(elim-avail-extern) → module(elim-avail-extern) → module(scc-oz-module-inliner)

============================================================
所有轮次中最优 validation objective: 0.7792
最优通用 pass 序列 (9 passes):
  module(elim-avail-extern) → module(iroutliner) → function(gvn-hoist) → module(attributor) → module(globalopt) → function(gvn-sink) → function(newgvn) → module(attributor) → module(scc-oz-module-inliner)
  search_train_obj=0.8343, search_train_mean=0.8140, search_train_worsen=13.50%, search_train_highvar=0.00%
  validation_obj=0.7792, validation_mean=0.7747, validation_worsen=3.00%, validation_highvar=0.00%
  test_obj=0.8255, test_mean=0.8094, test_worsen=10.73%, test_highvar=0.00%

最优轮次 Top-5 序列（含测试集效果，按 validation objective 升序）:
  #1: validation_obj=0.7866, validation_mean=0.7821, validation_worsen=3.00%, validation_highvar=0.00%, train_obj=0.8336, train_mean=0.8134, train_highvar=0.00%, len=17, syn_rate=0.35, test_obj=0.8288, test_mean=0.8121, test_worsen=11.19%, test_highvar=0.00%
     module(elim-avail-extern) → module(iroutliner) → function(instsimplify) → function(gvn-hoist) → module(attributor) → function(memcpyopt) → function(jump-threading) → module(globalopt) → function(gvn-sink) → function(newgvn) → function(gvn-sink) → module(globalopt) → module(attributor) → function(dce) → module(iroutliner) → module(elim-avail-extern) → module(scc-oz-module-inliner)
  #2: validation_obj=0.8143, validation_mean=0.8068, validation_worsen=5.00%, validation_highvar=0.00%, train_obj=0.7816, train_mean=0.7651, train_highvar=0.00%, len=34, syn_rate=0.36, test_obj=0.7806, test_mean=0.7677, test_worsen=8.61%, test_highvar=0.00%
     module(elim-avail-extern) → module(iroutliner) → module(attributor) → module(elim-avail-extern) → module(iroutliner) → module(attributor) → module(scc-oz-module-inliner) → module(globalopt) → module(globalopt) → module(globalopt) → function(dse) → module(globalopt) → module(globalopt) → module(globalopt) → module(elim-avail-extern) → module(inferattrs) → module(scc-oz-module-inliner) → function(reassociate) → function(newgvn) → function(instsimplify) → module(inferattrs) → function(newgvn) → function(gvn-sink) → module(globalopt) → module(attributor) → module(elim-avail-extern) → module(elim-avail-extern) → module(elim-avail-extern) → module(scc-oz-module-inliner) → module(scc-oz-module-inliner) → function(dce) → module(iroutliner) → module(elim-avail-extern) → module(scc-oz-module-inliner)
  #3: validation_obj=0.8196, validation_mean=0.8136, validation_worsen=4.00%, validation_highvar=0.00%, train_obj=0.8609, train_mean=0.8369, train_highvar=0.00%, len=12, syn_rate=0.23, test_obj=0.8415, test_mean=0.8236, test_worsen=11.89%, test_highvar=0.00%
     module(elim-avail-extern) → module(globalopt) → cgscc(attributor-cgscc) → function(instsimplify) → module(iroutliner) → function(dce) → function(memcpyopt) → function(reassociate) → function(jump-threading) → function(newgvn) → module(attributor) → module(scc-oz-module-inliner)
  #4: validation_obj=0.8248, validation_mean=0.8173, validation_worsen=5.00%, validation_highvar=0.00%, train_obj=0.7854, train_mean=0.7681, train_highvar=0.00%, len=35, syn_rate=0.27, test_obj=0.7856, test_mean=0.7726, test_worsen=8.63%, test_highvar=0.00%
     module(elim-avail-extern) → module(globalopt) → module(elim-avail-extern) → module(iroutliner) → module(attributor) → module(scc-oz-module-inliner) → module(globalopt) → module(elim-avail-extern) → module(scc-oz-module-inliner) → function(instsimplify) → module(inferattrs) → function(newgvn) → function(gvn-sink) → module(globalopt) → module(attributor) → function(dce) → module(iroutliner) → module(elim-avail-extern) → module(scc-oz-module-inliner) → function(newgvn) → module(globalopt) → module(globalopt) → module(globalopt) → module(elim-avail-extern) → module(elim-avail-extern) → module(attributor) → module(scc-oz-module-inliner) → module(elim-avail-extern) → module(iroutliner) → module(attributor) → function(dce) → function(gvn-sink) → module(elim-avail-extern) → module(inferattrs) → module(globalopt)
  #5: validation_obj=0.8258, validation_mean=0.8183, validation_worsen=5.00%, validation_highvar=0.00%, train_obj=0.7861, train_mean=0.7689, train_highvar=0.00%, len=22, syn_rate=0.26, test_obj=0.7877, test_mean=0.7747, test_worsen=8.69%, test_highvar=0.00%
     module(elim-avail-extern) → module(globalopt) → module(elim-avail-extern) → module(iroutliner) → module(attributor) → module(attributor) → module(scc-oz-module-inliner) → module(globalopt) → module(elim-avail-extern) → module(scc-oz-module-inliner) → function(instsimplify) → module(inferattrs) → function(newgvn) → function(gvn-sink) → module(globalopt) → module(attributor) → function(dce) → module(iroutliner) → module(globalopt) → module(elim-avail-extern) → module(elim-avail-extern) → module(scc-oz-module-inliner)
binarysize_test: vs_none=1.000 (+0.0%)  vs_oz=0.999 (+0.1%)  vs_o3=0.993 (+0.7%) [metric=stripped_file_bytes]
binarysize_test[text_bytes]: vs_none=0.914 (+8.6%)  vs_oz=0.929 (+7.1%)  vs_o3=0.821 (+17.9%)
binarysize_test[data_bytes]: vs_none=0.987 (+1.3%)  vs_oz=0.994 (+0.6%)  vs_o3=0.989 (+1.1%)
binarysize_test[bss_bytes]: vs_none=1.000 (+0.0%)  vs_oz=1.000 (+0.0%)  vs_o3=1.000 (+0.0%)
binarysize_test[dec_bytes]: vs_none=0.931 (+6.9%)  vs_oz=0.946 (+5.4%)  vs_o3=0.861 (+13.9%)

最优轮次 Top-5 binarysize_test 序列面板（primary=stripped_file_bytes）:
  #1: len=17, syn_rate=0.35
     stripped_file_bytes: obj=1.0061, mean=0.9993, worsen=4.47%, vs_none=1.000 (+0.0%)  vs_oz=0.999 (+0.1%)  vs_o3=0.993 (+0.7%)
     text_bytes: obj=0.9560, mean=0.9297, worsen=17.49%, vs_none=0.914 (+8.6%)  vs_oz=0.930 (+7.0%)  vs_o3=0.821 (+17.9%)
     data_bytes: obj=1.0020, mean=0.9939, worsen=5.41%, vs_none=0.987 (+1.3%)  vs_oz=0.994 (+0.6%)  vs_o3=0.989 (+1.1%)
     bss_bytes: obj=1.0000, mean=1.0000, worsen=0.00%, vs_none=1.000 (+0.0%)  vs_oz=1.000 (+0.0%)  vs_o3=1.000 (+0.0%)
     dec_bytes: obj=0.9729, mean=0.9466, worsen=17.53%, vs_none=0.931 (+6.9%)  vs_oz=0.947 (+5.3%)  vs_o3=0.861 (+13.9%)
  #2: len=34, syn_rate=0.36
     stripped_file_bytes: obj=1.0057, mean=0.9992, worsen=4.35%, vs_none=0.999 (+0.1%)  vs_oz=0.999 (+0.1%)  vs_o3=0.993 (+0.7%)
     text_bytes: obj=0.9339, mean=0.9113, worsen=15.09%, vs_none=0.896 (+10.4%)  vs_oz=0.911 (+8.9%)  vs_o3=0.805 (+19.5%)
     data_bytes: obj=1.0003, mean=0.9923, worsen=5.34%, vs_none=0.985 (+1.5%)  vs_oz=0.992 (+0.8%)  vs_o3=0.987 (+1.3%)
     bss_bytes: obj=1.0000, mean=1.0000, worsen=0.00%, vs_none=1.000 (+0.0%)  vs_oz=1.000 (+0.0%)  vs_o3=1.000 (+0.0%)
     dec_bytes: obj=0.9544, mean=0.9317, worsen=15.09%, vs_none=0.917 (+8.3%)  vs_oz=0.932 (+6.8%)  vs_o3=0.848 (+15.2%)
  #3: len=12, syn_rate=0.23
     stripped_file_bytes: obj=1.0067, mean=0.9999, worsen=4.56%, vs_none=1.001 (-0.1%)  vs_oz=1.000 (+0.0%)  vs_o3=0.994 (+0.6%)
     text_bytes: obj=0.9631, mean=0.9341, worsen=19.31%, vs_none=0.923 (+7.7%)  vs_oz=0.934 (+6.6%)  vs_o3=0.826 (+17.4%)
     data_bytes: obj=1.0029, mean=0.9947, worsen=5.47%, vs_none=0.988 (+1.2%)  vs_oz=0.995 (+0.5%)  vs_o3=0.989 (+1.1%)
     bss_bytes: obj=1.0000, mean=1.0000, worsen=0.00%, vs_none=1.000 (+0.0%)  vs_oz=1.000 (+0.0%)  vs_o3=1.000 (+0.0%)
     dec_bytes: obj=0.9795, mean=0.9505, worsen=19.33%, vs_none=0.939 (+6.1%)  vs_oz=0.951 (+4.9%)  vs_o3=0.865 (+13.5%)
  #4: len=35, syn_rate=0.27
     stripped_file_bytes: obj=1.0058, mean=0.9992, worsen=4.37%, vs_none=0.999 (+0.1%)  vs_oz=0.999 (+0.1%)  vs_o3=0.993 (+0.7%)
     text_bytes: obj=0.9361, mean=0.9133, worsen=15.18%, vs_none=0.898 (+10.2%)  vs_oz=0.913 (+8.7%)  vs_o3=0.807 (+19.3%)
     data_bytes: obj=1.0004, mean=0.9923, worsen=5.34%, vs_none=0.985 (+1.5%)  vs_oz=0.992 (+0.8%)  vs_o3=0.987 (+1.3%)
     bss_bytes: obj=1.0000, mean=1.0000, worsen=0.00%, vs_none=1.000 (+0.0%)  vs_oz=1.000 (+0.0%)  vs_o3=1.000 (+0.0%)
     dec_bytes: obj=0.9558, mean=0.9330, worsen=15.20%, vs_none=0.918 (+8.2%)  vs_oz=0.933 (+6.7%)  vs_o3=0.849 (+15.1%)
  #5: len=22, syn_rate=0.26
     stripped_file_bytes: obj=1.0057, mean=0.9992, worsen=4.35%, vs_none=0.999 (+0.1%)  vs_oz=0.999 (+0.1%)  vs_o3=0.993 (+0.7%)
     text_bytes: obj=0.9373, mean=0.9146, worsen=15.14%, vs_none=0.899 (+10.1%)  vs_oz=0.915 (+8.5%)  vs_o3=0.808 (+19.2%)
     data_bytes: obj=1.0007, mean=0.9926, worsen=5.38%, vs_none=0.986 (+1.4%)  vs_oz=0.993 (+0.7%)  vs_o3=0.987 (+1.3%)
     bss_bytes: obj=1.0000, mean=1.0000, worsen=0.00%, vs_none=1.000 (+0.0%)  vs_oz=1.000 (+0.0%)  vs_o3=1.000 (+0.0%)
     dec_bytes: obj=0.9568, mean=0.9341, worsen=15.14%, vs_none=0.919 (+8.1%)  vs_oz=0.934 (+6.6%)  vs_o3=0.850 (+15.0%)
核心调优成本已写入: /root/exp/RFunipassLab/results/instrcount/summaries/20260501_233859_100728_feature_lite_seed456_core_tuning_cost.json
结果已写入: /root/exp/RFunipassLab/results/instrcount/summaries/20260501_233859_100728_feature_lite_seed456.json
总运行时间: 20113.36 秒
