# run_id: 20260508_002917_232662_feature_lite_seed460
# name: feature_lite
# group: feature_ablation
# description: 切换到 Lite 特征编码，保留其余搜索流程不变。
# changed: FEATURE_MODE=lite, GA_GEN=5, GA_POP=200, ITERS=100, MAX_SEQ_LEN=120, MIN_VAL_PROGRAMS=5, SEED_TOPK=0, TEST_TOPK=50, TRAIN_TOPK=200, VAL_RATIO=0.5
# result_json: /root/exp/RFunipassLab/results/instrcount/summaries/20260508_002917_232662_feature_lite_seed460.json
# started_at: 2026-05-08T00:29:17
# control_env:
#   BACKEND_OPT_LEVEL=-O0
#   BINARY_SIZE_METRIC=stripped_file_bytes
#   BINARY_SIZE_REPORT_METRICS=text_bytes,data_bytes,bss_bytes,dec_bytes
#   DECAY=0.5
#   EXPERIMENT_SEED=460
#   FEATURE_MODE=lite
#   GA_ELITE=0.1
#   GA_GEN=5
#   GA_MUT=0.8
#   GA_POP=200
#   GA_TOUR=3
#   ITERS=100
#   LOOP_NESTING_POLICY=wrap
#   MAX_SEQ_LEN=120
#   MIN_VAL_PROGRAMS=5
#   OBJECTIVE_BASELINE=oz
#   OBJECTIVE_KIND=instrcount
#   OBJ_HIGHVAR_W=0.0
#   OBJ_WORSEN_W=0.05
#   OFFSET=20
#   PROGRAM_POOL_KIND=auto
#   RF_EXPLAIN_COUNTERFACTUAL_ENABLE=1
#   RF_EXPLAIN_COUNTERFACTUAL_MAX_EVALS=50
#   RF_EXPLAIN_COUNTERFACTUAL_SPLIT=selection
#   RF_EXPLAIN_COUNTERFACTUAL_TOPK=5
#   RF_EXPLAIN_ENABLE=0
#   RF_EXPLAIN_HOLDOUT_RATIO=0.3
#   RF_EXPLAIN_MIN_SAMPLES=20
#   RF_EXPLAIN_MODE=final
#   RF_EXPLAIN_PERM_REPEATS=10
#   RF_EXPLAIN_TOPK=20
#   RNUM=256
#   RUNS=1
#   RUNTIME_EVAL_MAX_VARIANCE_PCT=15.0
#   RUNTIME_MAX_INNER_REPEATS=64
#   RUNTIME_MAX_VARIANCE_PCT=10.0
#   RUNTIME_REQUIRED_ROWS=0
#   RUNTIME_SAMPLES=5
#   RUNTIME_TARGET_SAMPLE_MS=30.0
#   RUNTIME_TIMEOUT_SEC=2.0
#   SCALE=10
#   SEED_TOPK=0
#   SPLIT_SEED=460
#   TEST_TOPK=50
#   TRAIN_TOPK=200
#   VAL_RATIO=0.5

Loading train/test rows from: /root/exp/RFunipassLab/data/tuning_results.csv
Loaded train programs:       200
Loaded initial seed seqs:    90
Loaded test programs:        50
Objective kind:              instrcount
Program pool kind:           tuning

Loading synergy graph from: /root/exp/RFunipassLab/data/Step3_EnumeratedPairs.csv
All passes (19): ['module(inferattrs)', 'module(scc-oz-module-inliner)', 'function(gvn-hoist)', 'cgscc(attributor-cgscc)', 'function(dse)', 'function(jump-threading)', 'function(dce)', 'module(attributor)', 'module(globalopt)', 'module(elim-avail-extern)', 'function(reassociate)', 'function(memcpyopt)', 'module(iroutliner)', 'function(instsimplify)', 'function(gvn-sink)', 'function(newgvn)', 'function(mem2reg)', 'loop(loop-simplifycfg)', 'function(lower-switch)']
Synergy edges: 176
Self-loop passes: {'module(attributor)', 'function(newgvn)', 'cgscc(attributor-cgscc)'}

============================================================
实验轮次 1 / 1
============================================================
============================================================
目标类型:      instrcount
目标基准:      -Oz
基准指标:      -Oz 基准指令数
优化指标:      归一化指令数
输入程序数:    200
输入次优序列数: 90
测试程序数:    50
Pass 词表大小: 19
协同边数:      176
自环 pass 数:  3
序列长度上限:  120
Loop 合法化策略: wrap
实验种子:      460
划分种子:      460
特征模式:      lite
RF 特征维度:   31
词表: ['module(inferattrs)', 'module(scc-oz-module-inliner)', 'function(gvn-hoist)', 'cgscc(attributor-cgscc)', 'function(dse)', 'function(jump-threading)', 'function(dce)', 'module(attributor)', 'module(globalopt)', 'module(elim-avail-extern)', 'function(reassociate)', 'function(memcpyopt)', 'module(iroutliner)', 'function(instsimplify)', 'function(gvn-sink)', 'function(newgvn)', 'function(mem2reg)', 'loop(loop-simplifycfg)', 'function(lower-switch)']
多目标权重:    mean=1.0, worsen=0.05, highvar=0.0

[Step 1.5] 训练程序切分...
  search_train 程序数: 100
  validation 程序数:   100
  split_signature(search_train): 0bf75313023fcd96df23526ac6add04788b5e92c
  split_signature(validation):   b982062f90419fc2260c12e6732e3483464dd095
  split_signature(test):         338de2e9059a195def93ad25199831a1b4a18c04

[Step 2] 计算 search_train 程序 -Oz 基准指令数...
[Step 2b] 计算 validation 程序 -Oz 基准指令数...
[Step 2c] 计算测试集程序 -Oz 基准指令数...

[Step 3] 评估初始 seed 序列（共 90 条）...

[Step 4] 开始贝叶斯优化（100 轮）...
GA search time: 11.76s, candidates: 359
  [iter   1/100] search_obj=1.0165  search_best=0.7651  validation_best=0.7992  EI=0.0101  rnum=159.9  len=14  syn_rate=0.30  mean=1.0050  worsen=23.00%  highvar=0.00%
GA search time: 11.41s, candidates: 357
  [iter   2/100] search_obj=0.7657  search_best=0.7651  validation_best=0.7981  EI=0.0107  rnum=157.7  len=17  syn_rate=0.35  mean=0.7607  worsen=10.00%  highvar=0.00%
GA search time: 12.45s, candidates: 355
  [iter   3/100] search_obj=0.9509  search_best=0.7651  validation_best=0.7981  EI=0.0106  rnum=155.6  len=30  syn_rate=0.36  mean=0.9439  worsen=14.00%  highvar=0.00%
GA search time: 14.11s, candidates: 353
  [iter   4/100] search_obj=1.0049  search_best=0.7651  validation_best=0.7981  EI=0.0118  rnum=153.4  len=33  syn_rate=0.40  mean=0.9799  worsen=50.00%  highvar=0.00%
GA search time: 8.40s, candidates: 351
  [iter   5/100] search_obj=0.7990  search_best=0.7651  validation_best=0.7981  EI=0.0148  rnum=151.3  len=18  syn_rate=0.35  mean=0.7930  worsen=12.00%  highvar=0.00%
GA search time: 5.72s, candidates: 349
  [iter   6/100] search_obj=0.7061  search_best=0.7061  validation_best=0.7473  EI=0.0113  rnum=149.1  len=16  syn_rate=0.35  mean=0.7021  worsen=8.00%  highvar=0.00%
GA search time: 10.23s, candidates: 346
  [iter   7/100] search_obj=0.7061  search_best=0.7061  validation_best=0.7473  EI=0.0094  rnum=147.0  len=17  syn_rate=0.39  mean=0.7021  worsen=8.00%  highvar=0.00%
GA search time: 6.22s, candidates: 344
  [iter   8/100] search_obj=0.7061  search_best=0.7061  validation_best=0.7473  EI=0.0129  rnum=144.8  len=21  syn_rate=0.36  mean=0.7021  worsen=8.00%  highvar=0.00%
GA search time: 8.50s, candidates: 342
  [iter   9/100] search_obj=0.9477  search_best=0.7061  validation_best=0.7473  EI=0.0168  rnum=142.7  len=24  syn_rate=0.39  mean=0.9407  worsen=14.00%  highvar=0.00%
GA search time: 2.90s, candidates: 340
  [iter  10/100] search_obj=0.8345  search_best=0.7061  validation_best=0.7473  EI=0.0175  rnum=140.5  len=21  syn_rate=0.33  mean=0.8290  worsen=11.00%  highvar=0.00%
GA search time: 3.99s, candidates: 338
  [iter  11/100] search_obj=0.7121  search_best=0.7061  validation_best=0.7454  EI=0.0110  rnum=138.4  len=18  syn_rate=0.37  mean=0.7081  worsen=8.00%  highvar=0.00%
GA search time: 3.99s, candidates: 336
  [iter  12/100] search_obj=0.7061  search_best=0.7061  validation_best=0.7454  EI=0.0137  rnum=136.3  len=19  syn_rate=0.38  mean=0.7021  worsen=8.00%  highvar=0.00%
GA search time: 3.74s, candidates: 334
  [iter  13/100] search_obj=0.7057  search_best=0.7057  validation_best=0.7454  EI=0.0178  rnum=134.2  len=21  syn_rate=0.38  mean=0.7017  worsen=8.00%  highvar=0.00%
GA search time: 2.31s, candidates: 332
  [iter  14/100] search_obj=1.3073  search_best=0.7057  validation_best=0.7454  EI=0.0234  rnum=132.1  len=23  syn_rate=0.36  mean=1.2663  worsen=82.00%  highvar=0.00%
GA search time: 4.16s, candidates: 329
  [iter  15/100] search_obj=0.6990  search_best=0.6990  validation_best=0.7302  EI=0.0267  rnum=130.0  len=22  syn_rate=0.38  mean=0.6950  worsen=8.00%  highvar=0.00%
GA search time: 3.35s, candidates: 327
  [iter  16/100] search_obj=0.7061  search_best=0.6990  validation_best=0.7302  EI=0.0244  rnum=127.9  len=20  syn_rate=0.38  mean=0.7021  worsen=8.00%  highvar=0.00%
GA search time: 3.47s, candidates: 325
  [iter  17/100] search_obj=0.9535  search_best=0.6990  validation_best=0.7302  EI=0.0267  rnum=125.8  len=23  syn_rate=0.36  mean=0.9450  worsen=17.00%  highvar=0.00%
GA search time: 5.32s, candidates: 323
  [iter  18/100] search_obj=0.7278  search_best=0.6990  validation_best=0.7302  EI=0.0239  rnum=123.7  len=22  syn_rate=0.38  mean=0.7238  worsen=8.00%  highvar=0.00%
GA search time: 7.33s, candidates: 321
  [iter  19/100] search_obj=1.2486  search_best=0.6990  validation_best=0.7302  EI=0.0158  rnum=121.6  len=21  syn_rate=0.38  mean=1.2091  worsen=79.00%  highvar=0.00%
GA search time: 3.77s, candidates: 319
  [iter  20/100] search_obj=0.9536  search_best=0.6990  validation_best=0.7302  EI=0.0200  rnum=119.6  len=20  syn_rate=0.38  mean=0.9451  worsen=17.00%  highvar=0.00%
GA search time: 3.25s, candidates: 317
  [iter  21/100] search_obj=0.8358  search_best=0.6990  validation_best=0.7302  EI=0.0237  rnum=117.5  len=21  syn_rate=0.38  mean=0.8303  worsen=11.00%  highvar=0.00%
GA search time: 3.15s, candidates: 315
  [iter  22/100] search_obj=1.0054  search_best=0.6990  validation_best=0.7302  EI=0.0168  rnum=115.5  len=18  syn_rate=0.40  mean=0.9954  worsen=20.00%  highvar=0.00%
GA search time: 7.88s, candidates: 313
  [iter  23/100] search_obj=0.7057  search_best=0.6990  validation_best=0.7302  EI=0.0257  rnum=113.5  len=22  syn_rate=0.38  mean=0.7017  worsen=8.00%  highvar=0.00%
GA search time: 3.59s, candidates: 311
  [iter  24/100] search_obj=0.7214  search_best=0.6990  validation_best=0.7302  EI=0.0177  rnum=111.5  len=26  syn_rate=0.39  mean=0.7174  worsen=8.00%  highvar=0.00%
GA search time: 4.18s, candidates: 309
  [iter  25/100] search_obj=1.0124  search_best=0.6990  validation_best=0.7302  EI=0.0179  rnum=109.5  len=22  syn_rate=0.39  mean=1.0024  worsen=20.00%  highvar=0.00%
GA search time: 4.66s, candidates: 307
  [iter  26/100] search_obj=1.0124  search_best=0.6990  validation_best=0.7302  EI=0.0174  rnum=107.6  len=29  syn_rate=0.39  mean=1.0024  worsen=20.00%  highvar=0.00%
GA search time: 7.83s, candidates: 305
  [iter  27/100] search_obj=0.8356  search_best=0.6990  validation_best=0.7302  EI=0.0183  rnum=105.6  len=21  syn_rate=0.36  mean=0.8301  worsen=11.00%  highvar=0.00%
GA search time: 5.99s, candidates: 303
  [iter  28/100] search_obj=0.6996  search_best=0.6990  validation_best=0.7290  EI=0.0172  rnum=103.7  len=20  syn_rate=0.38  mean=0.6956  worsen=8.00%  highvar=0.00%
GA search time: 4.96s, candidates: 301
  [iter  29/100] search_obj=0.7057  search_best=0.6990  validation_best=0.7290  EI=0.0194  rnum=101.7  len=23  syn_rate=0.37  mean=0.7017  worsen=8.00%  highvar=0.00%
GA search time: 7.09s, candidates: 299
  [iter  30/100] search_obj=0.7225  search_best=0.6990  validation_best=0.7290  EI=0.0182  rnum=99.8  len=22  syn_rate=0.39  mean=0.7185  worsen=8.00%  highvar=0.00%
GA search time: 4.87s, candidates: 297
  [iter  31/100] search_obj=0.7049  search_best=0.6990  validation_best=0.7290  EI=0.0185  rnum=97.9  len=29  syn_rate=0.38  mean=0.7009  worsen=8.00%  highvar=0.00%
GA search time: 4.28s, candidates: 296
  [iter  32/100] search_obj=0.7214  search_best=0.6990  validation_best=0.7290  EI=0.0168  rnum=96.1  len=38  syn_rate=0.39  mean=0.7174  worsen=8.00%  highvar=0.00%
GA search time: 3.75s, candidates: 294
  [iter  33/100] search_obj=0.7275  search_best=0.6990  validation_best=0.7290  EI=0.0178  rnum=94.2  len=29  syn_rate=0.38  mean=0.7235  worsen=8.00%  highvar=0.00%
GA search time: 3.83s, candidates: 292
  [iter  34/100] search_obj=0.7273  search_best=0.6990  validation_best=0.7290  EI=0.0197  rnum=92.4  len=25  syn_rate=0.37  mean=0.7213  worsen=12.00%  highvar=0.00%
GA search time: 2.72s, candidates: 290
  [iter  35/100] search_obj=0.8971  search_best=0.6990  validation_best=0.7290  EI=0.0171  rnum=90.5  len=44  syn_rate=0.37  mean=0.8926  worsen=9.00%  highvar=0.00%
GA search time: 3.60s, candidates: 288
  [iter  36/100] search_obj=0.7121  search_best=0.6990  validation_best=0.7290  EI=0.0199  rnum=88.7  len=23  syn_rate=0.38  mean=0.7081  worsen=8.00%  highvar=0.00%
GA search time: 3.73s, candidates: 286
  [iter  37/100] search_obj=0.7211  search_best=0.6990  validation_best=0.7290  EI=0.0179  rnum=87.0  len=22  syn_rate=0.38  mean=0.7151  worsen=12.00%  highvar=0.00%
GA search time: 2.34s, candidates: 285
  [iter  38/100] search_obj=0.7381  search_best=0.6990  validation_best=0.7290  EI=0.0177  rnum=85.2  len=35  syn_rate=0.36  mean=0.7341  worsen=8.00%  highvar=0.00%
GA search time: 2.97s, candidates: 283
  [iter  39/100] search_obj=1.0120  search_best=0.6990  validation_best=0.7290  EI=0.0186  rnum=83.5  len=46  syn_rate=0.39  mean=1.0020  worsen=20.00%  highvar=0.00%
GA search time: 3.10s, candidates: 281
  [iter  40/100] search_obj=0.7227  search_best=0.6990  validation_best=0.7290  EI=0.0197  rnum=81.7  len=37  syn_rate=0.39  mean=0.7187  worsen=8.00%  highvar=0.00%
GA search time: 2.41s, candidates: 280
  [iter  41/100] search_obj=0.7214  search_best=0.6990  validation_best=0.7290  EI=0.0160  rnum=80.0  len=27  syn_rate=0.39  mean=0.7174  worsen=8.00%  highvar=0.00%
GA search time: 2.12s, candidates: 278
  [iter  42/100] search_obj=0.7227  search_best=0.6990  validation_best=0.7290  EI=0.0192  rnum=78.4  len=38  syn_rate=0.39  mean=0.7187  worsen=8.00%  highvar=0.00%
GA search time: 2.73s, candidates: 276
  [iter  43/100] search_obj=0.7394  search_best=0.6990  validation_best=0.7290  EI=0.0186  rnum=76.7  len=25  syn_rate=0.38  mean=0.7354  worsen=8.00%  highvar=0.00%
GA search time: 1.77s, candidates: 275
  [iter  44/100] search_obj=0.8350  search_best=0.6990  validation_best=0.7290  EI=0.0178  rnum=75.1  len=19  syn_rate=0.38  mean=0.8295  worsen=11.00%  highvar=0.00%
GA search time: 1.93s, candidates: 273
  [iter  45/100] search_obj=0.7278  search_best=0.6990  validation_best=0.7290  EI=0.0179  rnum=73.4  len=20  syn_rate=0.38  mean=0.7238  worsen=8.00%  highvar=0.00%
GA search time: 1.99s, candidates: 271
  [iter  46/100] search_obj=0.7121  search_best=0.6990  validation_best=0.7290  EI=0.0166  rnum=71.8  len=19  syn_rate=0.38  mean=0.7081  worsen=8.00%  highvar=0.00%
GA search time: 1.75s, candidates: 270
  [iter  47/100] search_obj=0.7280  search_best=0.6990  validation_best=0.7290  EI=0.0149  rnum=70.3  len=35  syn_rate=0.38  mean=0.7240  worsen=8.00%  highvar=0.00%
GA search time: 2.21s, candidates: 268
  [iter  48/100] search_obj=0.7631  search_best=0.6990  validation_best=0.7290  EI=0.0139  rnum=68.7  len=28  syn_rate=0.40  mean=0.7566  worsen=13.00%  highvar=0.00%
GA search time: 1.70s, candidates: 267
  [iter  49/100] search_obj=0.7225  search_best=0.6990  validation_best=0.7290  EI=0.0167  rnum=67.2  len=23  syn_rate=0.40  mean=0.7185  worsen=8.00%  highvar=0.00%
GA search time: 1.90s, candidates: 265
  [iter  50/100] search_obj=0.7044  search_best=0.6990  validation_best=0.7290  EI=0.0157  rnum=65.7  len=28  syn_rate=0.38  mean=0.7009  worsen=7.00%  highvar=0.00%
GA search time: 2.07s, candidates: 264
  [iter  51/100] search_obj=1.0120  search_best=0.6990  validation_best=0.7290  EI=0.0158  rnum=64.2  len=36  syn_rate=0.38  mean=1.0020  worsen=20.00%  highvar=0.00%
GA search time: 2.74s, candidates: 262
  [iter  52/100] search_obj=0.8315  search_best=0.6990  validation_best=0.7290  EI=0.0189  rnum=62.7  len=22  syn_rate=0.37  mean=0.8265  worsen=10.00%  highvar=0.00%
GA search time: 2.21s, candidates: 261
  [iter  53/100] search_obj=0.8724  search_best=0.6990  validation_best=0.7290  EI=0.0173  rnum=61.3  len=28  syn_rate=0.38  mean=0.8679  worsen=9.00%  highvar=0.00%
GA search time: 2.04s, candidates: 259
  [iter  54/100] search_obj=0.7122  search_best=0.6990  validation_best=0.7290  EI=0.0172  rnum=59.8  len=20  syn_rate=0.39  mean=0.7082  worsen=8.00%  highvar=0.00%
GA search time: 1.82s, candidates: 258
  [iter  55/100] search_obj=0.7237  search_best=0.6990  validation_best=0.7290  EI=0.0157  rnum=58.4  len=40  syn_rate=0.43  mean=0.7197  worsen=8.00%  highvar=0.00%
GA search time: 2.56s, candidates: 257
  [iter  56/100] search_obj=0.6996  search_best=0.6990  validation_best=0.7290  EI=0.0194  rnum=57.0  len=22  syn_rate=0.38  mean=0.6956  worsen=8.00%  highvar=0.00%
GA search time: 1.62s, candidates: 255
  [iter  57/100] search_obj=0.7120  search_best=0.6990  validation_best=0.7290  EI=0.0181  rnum=55.7  len=20  syn_rate=0.40  mean=0.7080  worsen=8.00%  highvar=0.00%
GA search time: 2.50s, candidates: 254
  [iter  58/100] search_obj=0.8332  search_best=0.6990  validation_best=0.7290  EI=0.0174  rnum=54.3  len=31  syn_rate=0.41  mean=0.8287  worsen=9.00%  highvar=0.00%
GA search time: 2.06s, candidates: 253
  [iter  59/100] search_obj=0.7275  search_best=0.6990  validation_best=0.7290  EI=0.0161  rnum=53.0  len=41  syn_rate=0.40  mean=0.7235  worsen=8.00%  highvar=0.00%
GA search time: 2.40s, candidates: 251
  [iter  60/100] search_obj=0.7172  search_best=0.6990  validation_best=0.7290  EI=0.0178  rnum=51.7  len=23  syn_rate=0.38  mean=0.7132  worsen=8.00%  highvar=0.00%
GA search time: 1.88s, candidates: 250
  [iter  61/100] search_obj=0.7070  search_best=0.6990  validation_best=0.7280  EI=0.0182  rnum=50.5  len=21  syn_rate=0.39  mean=0.7030  worsen=8.00%  highvar=0.00%
GA search time: 1.71s, candidates: 249
  [iter  62/100] search_obj=0.7070  search_best=0.6990  validation_best=0.7276  EI=0.0220  rnum=49.2  len=22  syn_rate=0.39  mean=0.7030  worsen=8.00%  highvar=0.00%
GA search time: 2.45s, candidates: 247
  [iter  63/100] search_obj=0.7285  search_best=0.6990  validation_best=0.7276  EI=0.0163  rnum=48.0  len=32  syn_rate=0.37  mean=0.7245  worsen=8.00%  highvar=0.00%
GA search time: 2.23s, candidates: 246
  [iter  64/100] search_obj=0.9773  search_best=0.6990  validation_best=0.7276  EI=0.0153  rnum=46.8  len=25  syn_rate=0.39  mean=0.9578  worsen=39.00%  highvar=0.00%
GA search time: 1.65s, candidates: 245
  [iter  65/100] search_obj=0.6990  search_best=0.6990  validation_best=0.7276  EI=0.0177  rnum=45.6  len=27  syn_rate=0.39  mean=0.6950  worsen=8.00%  highvar=0.00%
GA search time: 1.64s, candidates: 244
  [iter  66/100] search_obj=1.0115  search_best=0.6990  validation_best=0.7276  EI=0.0161  rnum=44.4  len=20  syn_rate=0.41  mean=1.0015  worsen=20.00%  highvar=0.00%
GA search time: 1.67s, candidates: 243
  [iter  67/100] search_obj=1.4141  search_best=0.6990  validation_best=0.7276  EI=0.0204  rnum=43.3  len=37  syn_rate=0.38  mean=1.3681  worsen=92.00%  highvar=0.00%
GA search time: 2.54s, candidates: 242
  [iter  68/100] search_obj=0.7277  search_best=0.6990  validation_best=0.7276  EI=0.0249  rnum=42.2  len=41  syn_rate=0.44  mean=0.7242  worsen=7.00%  highvar=0.00%
GA search time: 1.54s, candidates: 241
  [iter  69/100] search_obj=0.9596  search_best=0.6990  validation_best=0.7276  EI=0.0145  rnum=41.1  len=28  syn_rate=0.38  mean=0.9491  worsen=21.00%  highvar=0.00%
GA search time: 2.35s, candidates: 239
  [iter  70/100] search_obj=0.7121  search_best=0.6990  validation_best=0.7276  EI=0.0181  rnum=40.0  len=19  syn_rate=0.39  mean=0.7081  worsen=8.00%  highvar=0.00%
GA search time: 1.62s, candidates: 238
  [iter  71/100] search_obj=0.7057  search_best=0.6990  validation_best=0.7276  EI=0.0243  rnum=38.9  len=24  syn_rate=0.39  mean=0.7017  worsen=8.00%  highvar=0.00%
GA search time: 1.60s, candidates: 237
  [iter  72/100] search_obj=0.7268  search_best=0.6990  validation_best=0.7276  EI=0.0157  rnum=37.9  len=33  syn_rate=0.38  mean=0.7228  worsen=8.00%  highvar=0.00%
GA search time: 2.04s, candidates: 236
  [iter  73/100] search_obj=0.6996  search_best=0.6990  validation_best=0.7276  EI=0.0180  rnum=36.9  len=20  syn_rate=0.40  mean=0.6956  worsen=8.00%  highvar=0.00%
GA search time: 1.39s, candidates: 235
  [iter  74/100] search_obj=0.7065  search_best=0.6990  validation_best=0.7276  EI=0.0171  rnum=35.9  len=20  syn_rate=0.40  mean=0.7025  worsen=8.00%  highvar=0.00%
GA search time: 1.39s, candidates: 234
  [iter  75/100] search_obj=0.6995  search_best=0.6990  validation_best=0.7276  EI=0.0173  rnum=34.9  len=20  syn_rate=0.35  mean=0.6955  worsen=8.00%  highvar=0.00%
GA search time: 1.17s, candidates: 233
  [iter  76/100] search_obj=0.7160  search_best=0.6990  validation_best=0.7276  EI=0.0163  rnum=33.9  len=21  syn_rate=0.36  mean=0.7120  worsen=8.00%  highvar=0.00%
GA search time: 1.23s, candidates: 233
  [iter  77/100] search_obj=0.7225  search_best=0.6990  validation_best=0.7276  EI=0.0155  rnum=33.0  len=39  syn_rate=0.41  mean=0.7185  worsen=8.00%  highvar=0.00%
GA search time: 1.34s, candidates: 232
  [iter  78/100] search_obj=1.0120  search_best=0.6990  validation_best=0.7276  EI=0.0160  rnum=32.1  len=50  syn_rate=0.40  mean=1.0020  worsen=20.00%  highvar=0.00%
GA search time: 1.24s, candidates: 231
  [iter  79/100] search_obj=0.7761  search_best=0.6990  validation_best=0.7276  EI=0.0196  rnum=31.2  len=22  syn_rate=0.39  mean=0.7721  worsen=8.00%  highvar=0.00%
GA search time: 1.37s, candidates: 230
  [iter  80/100] search_obj=0.7042  search_best=0.6990  validation_best=0.7276  EI=0.0148  rnum=30.3  len=29  syn_rate=0.39  mean=0.7007  worsen=7.00%  highvar=0.00%
GA search time: 1.05s, candidates: 229
  [iter  81/100] search_obj=0.7057  search_best=0.6990  validation_best=0.7276  EI=0.0168  rnum=29.5  len=18  syn_rate=0.40  mean=0.7017  worsen=8.00%  highvar=0.00%
GA search time: 1.06s, candidates: 228
  [iter  82/100] search_obj=0.8324  search_best=0.6990  validation_best=0.7276  EI=0.0225  rnum=28.6  len=26  syn_rate=0.39  mean=0.8279  worsen=9.00%  highvar=0.00%
GA search time: 1.16s, candidates: 227
  [iter  83/100] search_obj=0.7061  search_best=0.6990  validation_best=0.7276  EI=0.0159  rnum=27.8  len=18  syn_rate=0.39  mean=0.7021  worsen=8.00%  highvar=0.00%
GA search time: 1.06s, candidates: 226
  [iter  84/100] search_obj=0.7053  search_best=0.6990  validation_best=0.7276  EI=0.0193  rnum=27.0  len=20  syn_rate=0.39  mean=0.7013  worsen=8.00%  highvar=0.00%
GA search time: 1.11s, candidates: 226
  [iter  85/100] search_obj=0.7057  search_best=0.6990  validation_best=0.7276  EI=0.0167  rnum=26.2  len=29  syn_rate=0.40  mean=0.7017  worsen=8.00%  highvar=0.00%
GA search time: 0.97s, candidates: 225
  [iter  86/100] search_obj=0.8015  search_best=0.6990  validation_best=0.7276  EI=0.0160  rnum=25.4  len=24  syn_rate=0.41  mean=0.7975  worsen=8.00%  highvar=0.00%
GA search time: 1.14s, candidates: 224
  [iter  87/100] search_obj=0.7214  search_best=0.6990  validation_best=0.7276  EI=0.0171  rnum=24.7  len=30  syn_rate=0.40  mean=0.7174  worsen=8.00%  highvar=0.00%
GA search time: 1.01s, candidates: 223
  [iter  88/100] search_obj=0.7061  search_best=0.6990  validation_best=0.7276  EI=0.0181  rnum=24.0  len=17  syn_rate=0.40  mean=0.7021  worsen=8.00%  highvar=0.00%
GA search time: 1.20s, candidates: 223
  [iter  89/100] search_obj=0.7768  search_best=0.6990  validation_best=0.7276  EI=0.0150  rnum=23.3  len=25  syn_rate=0.41  mean=0.7728  worsen=8.00%  highvar=0.00%
GA search time: 1.04s, candidates: 222
  [iter  90/100] search_obj=1.0124  search_best=0.6990  validation_best=0.7276  EI=0.0204  rnum=22.6  len=21  syn_rate=0.39  mean=1.0024  worsen=20.00%  highvar=0.00%
GA search time: 0.93s, candidates: 221
  [iter  91/100] search_obj=0.7121  search_best=0.6990  validation_best=0.7276  EI=0.0161  rnum=21.9  len=25  syn_rate=0.38  mean=0.7081  worsen=8.00%  highvar=0.00%
GA search time: 1.06s, candidates: 221
  [iter  92/100] search_obj=0.9533  search_best=0.6990  validation_best=0.7276  EI=0.0168  rnum=21.2  len=30  syn_rate=0.35  mean=0.9453  worsen=16.00%  highvar=0.00%
GA search time: 1.06s, candidates: 220
  [iter  93/100] search_obj=0.8343  search_best=0.6990  validation_best=0.7276  EI=0.0143  rnum=20.6  len=21  syn_rate=0.33  mean=0.8288  worsen=11.00%  highvar=0.00%
GA search time: 1.04s, candidates: 219
  [iter  94/100] search_obj=0.7171  search_best=0.6990  validation_best=0.7276  EI=0.0146  rnum=19.9  len=34  syn_rate=0.39  mean=0.7131  worsen=8.00%  highvar=0.00%
GA search time: 1.02s, candidates: 219
  [iter  95/100] search_obj=0.7061  search_best=0.6990  validation_best=0.7276  EI=0.0192  rnum=19.3  len=18  syn_rate=0.40  mean=0.7021  worsen=8.00%  highvar=0.00%
GA search time: 1.03s, candidates: 218
  [iter  96/100] search_obj=0.7068  search_best=0.6990  validation_best=0.7276  EI=0.0159  rnum=18.7  len=23  syn_rate=0.41  mean=0.7028  worsen=8.00%  highvar=0.00%
GA search time: 1.14s, candidates: 218
  [iter  97/100] search_obj=0.8950  search_best=0.6990  validation_best=0.7276  EI=0.0158  rnum=18.1  len=27  syn_rate=0.38  mean=0.8895  worsen=11.00%  highvar=0.00%
GA search time: 1.14s, candidates: 217
  [iter  98/100] search_obj=0.7211  search_best=0.6990  validation_best=0.7276  EI=0.0148  rnum=17.6  len=27  syn_rate=0.38  mean=0.7151  worsen=12.00%  highvar=0.00%
GA search time: 0.87s, candidates: 216
  [iter  99/100] search_obj=0.7267  search_best=0.6990  validation_best=0.7276  EI=0.0144  rnum=17.0  len=26  syn_rate=0.39  mean=0.7227  worsen=8.00%  highvar=0.00%
GA search time: 1.04s, candidates: 216
  [iter 100/100] search_obj=0.7057  search_best=0.6990  validation_best=0.7276  EI=0.0187  rnum=16.5  len=22  syn_rate=0.38  mean=0.7017  worsen=8.00%  highvar=0.00%

[Step 5] 按 validation 选择最终通用序列...
  选择结果:
    search_train_obj=0.7070, search_train_mean=0.7030, search_train_worsen=8.00%, search_train_highvar=0.00%
    validation_obj=0.7276, validation_mean=0.7246, validation_worsen=6.00%, validation_highvar=0.00%

[Step 6] 在 validation 上执行消融后处理...

[Ablation-validation] 初始序列长度: 22, objective: 0.7276, mean_norm: 0.7246, worsen_rate: 6.00%
  移除 [21] module(attributor): objective 0.7454 > 0.7276 (恢复)
  移除 [20] function(gvn-sink): objective 0.7282 > 0.7276 (恢复)
  移除 [19] module(iroutliner): objective 0.7290 > 0.7276 (恢复)
  移除 [18] function(instsimplify): objective 0.7276, mean_norm 0.7246, worsen_rate 6.00% (保留移除)
  移除 [17] module(scc-oz-module-inliner): objective 1.2669 > 0.7276 (恢复)
  移除 [16] module(attributor): objective 0.8610 > 0.7276 (恢复)
  移除 [15] function(dse): objective 0.7311 > 0.7276 (恢复)
  移除 [14] function(newgvn): objective 0.7623 > 0.7276 (恢复)
  移除 [13] module(elim-avail-extern): objective 0.7276, mean_norm 0.7246, worsen_rate 6.00% (保留移除)
  移除 [12] function(lower-switch): objective 0.7280 > 0.7276 (恢复)
  移除 [11] cgscc(attributor-cgscc): objective 0.7367 > 0.7276 (恢复)
  移除 [10] function(memcpyopt): objective 0.7276, mean_norm 0.7246, worsen_rate 6.00% (保留移除)
  移除 [9] module(globalopt): objective 0.7280 > 0.7276 (恢复)
  移除 [8] module(iroutliner): objective 0.8522 > 0.7276 (恢复)
  移除 [7] module(attributor): objective 0.7265, mean_norm 0.7235, worsen_rate 6.00% (保留移除)
  移除 [6] module(globalopt): objective 0.7260, mean_norm 0.7230, worsen_rate 6.00% (保留移除)
  移除 [5] module(elim-avail-extern): objective 0.9278 > 0.7260 (恢复)
  移除 [4] module(globalopt): objective 0.7265 > 0.7260 (恢复)
  移除 [3] function(gvn-sink): objective 0.7199, mean_norm 0.7169, worsen_rate 6.00% (保留移除)
  移除 [2] module(globalopt): objective 0.7199, mean_norm 0.7169, worsen_rate 6.00% (保留移除)
  移除 [1] function(dse): objective 0.7249 > 0.7199 (恢复)
  移除 [0] module(attributor): objective 0.7292 > 0.7199 (恢复)
[Ablation-validation] 最终序列长度: 15, objective: 0.7199, mean_norm: 0.7169, worsen_rate: 6.00%, 移除了 7 个 pass
  消融有效: 22 → 15 passes, validation_objective: 0.7276 → 0.7199

最终通用 pass 序列（effective=15 个顶层 pass, raw=15 个 pass, syn_rate(raw)=0.28）:
  module(attributor) → function(dse) → module(globalopt) → module(elim-avail-extern) → module(iroutliner) → module(globalopt) → cgscc(attributor-cgscc) → function(lower-switch) → function(newgvn) → function(dse) → module(attributor) → module(scc-oz-module-inliner) → module(iroutliner) → function(gvn-sink) → module(attributor)
  search_train_obj=0.6944, search_train_mean=0.6904, search_train_worsen=8.00%, search_train_highvar=0.00%
  validation_obj=0.7199, validation_mean=0.7169, validation_worsen=6.00%, validation_highvar=0.00%
  test_obj=0.6648, test_mean=0.6628, test_worsen=4.00%, test_highvar=0.00%

Top-5 最佳序列（按 validation 多目标 objective 升序）:
  #1: validation_obj=0.7276, validation_mean=0.7246, validation_worsen=6.00%, validation_highvar=0.00%, train_obj=0.7070, train_mean=0.7030, train_highvar=0.00%, len=22, syn_rate=0.39, test_obj=0.6642, test_mean=0.6622, test_worsen=4.00%, test_highvar=0.00%
     module(attributor) → function(dse) → module(globalopt) → function(gvn-sink) → module(globalopt) → module(elim-avail-extern) → module(globalopt) → module(attributor) → module(iroutliner) → module(globalopt) → function(memcpyopt) → cgscc(attributor-cgscc) → function(lower-switch) → module(elim-avail-extern) → function(newgvn) → function(dse) → module(attributor) → module(scc-oz-module-inliner) → function(instsimplify) → module(iroutliner) → function(gvn-sink) → module(attributor)
  #2: validation_obj=0.7276, validation_mean=0.7246, validation_worsen=6.00%, validation_highvar=0.00%, train_obj=0.7068, train_mean=0.7028, train_highvar=0.00%, len=23, syn_rate=0.41, test_obj=0.6642, test_mean=0.6622, test_worsen=4.00%, test_highvar=0.00%
     module(attributor) → function(dse) → module(globalopt) → function(gvn-sink) → module(elim-avail-extern) → module(globalopt) → module(attributor) → module(iroutliner) → module(globalopt) → function(memcpyopt) → cgscc(attributor-cgscc) → function(newgvn) → function(dse) → module(attributor) → module(scc-oz-module-inliner) → function(instsimplify) → module(elim-avail-extern) → module(globalopt) → module(attributor) → module(iroutliner) → function(gvn-sink) → module(iroutliner) → function(gvn-sink)
  #3: validation_obj=0.7280, validation_mean=0.7250, validation_worsen=6.00%, validation_highvar=0.00%, train_obj=0.7070, train_mean=0.7030, train_highvar=0.00%, len=21, syn_rate=0.39, test_obj=0.6642, test_mean=0.6622, test_worsen=4.00%, test_highvar=0.00%
     module(attributor) → function(dse) → module(globalopt) → function(gvn-sink) → module(elim-avail-extern) → module(globalopt) → module(attributor) → module(iroutliner) → module(globalopt) → function(memcpyopt) → cgscc(attributor-cgscc) → function(lower-switch) → module(elim-avail-extern) → function(newgvn) → function(dse) → module(attributor) → module(scc-oz-module-inliner) → function(instsimplify) → module(iroutliner) → function(gvn-sink) → module(attributor)
  #4: validation_obj=0.7290, validation_mean=0.7265, validation_worsen=5.00%, validation_highvar=0.00%, train_obj=0.6996, train_mean=0.6956, train_highvar=0.00%, len=20, syn_rate=0.38, test_obj=0.6770, test_mean=0.6750, test_worsen=4.00%, test_highvar=0.00%
     module(elim-avail-extern) → module(globalopt) → function(gvn-sink) → function(memcpyopt) → module(elim-avail-extern) → module(globalopt) → module(attributor) → module(iroutliner) → function(dse) → module(elim-avail-extern) → function(memcpyopt) → cgscc(attributor-cgscc) → function(newgvn) → module(globalopt) → module(attributor) → module(scc-oz-module-inliner) → module(attributor) → function(instsimplify) → module(iroutliner) → function(gvn-sink)
  #5: validation_obj=0.7298, validation_mean=0.7268, validation_worsen=6.00%, validation_highvar=0.00%, train_obj=0.6995, train_mean=0.6955, train_highvar=0.00%, len=20, syn_rate=0.35, test_obj=0.6650, test_mean=0.6630, test_worsen=4.00%, test_highvar=0.00%
     function(dse) → module(globalopt) → function(gvn-sink) → module(elim-avail-extern) → function(lower-switch) → module(globalopt) → module(attributor) → module(iroutliner) → module(globalopt) → function(memcpyopt) → cgscc(attributor-cgscc) → function(newgvn) → function(dse) → module(attributor) → module(scc-oz-module-inliner) → function(instsimplify) → module(iroutliner) → module(attributor) → module(attributor) → function(instsimplify)

============================================================
所有轮次中最优 validation objective: 0.7199
最优通用 pass 序列 (15 passes):
  module(attributor) → function(dse) → module(globalopt) → module(elim-avail-extern) → module(iroutliner) → module(globalopt) → cgscc(attributor-cgscc) → function(lower-switch) → function(newgvn) → function(dse) → module(attributor) → module(scc-oz-module-inliner) → module(iroutliner) → function(gvn-sink) → module(attributor)
  search_train_obj=0.6944, search_train_mean=0.6904, search_train_worsen=8.00%, search_train_highvar=0.00%
  validation_obj=0.7199, validation_mean=0.7169, validation_worsen=6.00%, validation_highvar=0.00%
  test_obj=0.6648, test_mean=0.6628, test_worsen=4.00%, test_highvar=0.00%

最优轮次 Top-5 序列（含测试集效果，按 validation objective 升序）:
  #1: validation_obj=0.7276, validation_mean=0.7246, validation_worsen=6.00%, validation_highvar=0.00%, train_obj=0.7070, train_mean=0.7030, train_highvar=0.00%, len=22, syn_rate=0.39, test_obj=0.6642, test_mean=0.6622, test_worsen=4.00%, test_highvar=0.00%
     module(attributor) → function(dse) → module(globalopt) → function(gvn-sink) → module(globalopt) → module(elim-avail-extern) → module(globalopt) → module(attributor) → module(iroutliner) → module(globalopt) → function(memcpyopt) → cgscc(attributor-cgscc) → function(lower-switch) → module(elim-avail-extern) → function(newgvn) → function(dse) → module(attributor) → module(scc-oz-module-inliner) → function(instsimplify) → module(iroutliner) → function(gvn-sink) → module(attributor)
  #2: validation_obj=0.7276, validation_mean=0.7246, validation_worsen=6.00%, validation_highvar=0.00%, train_obj=0.7068, train_mean=0.7028, train_highvar=0.00%, len=23, syn_rate=0.41, test_obj=0.6642, test_mean=0.6622, test_worsen=4.00%, test_highvar=0.00%
     module(attributor) → function(dse) → module(globalopt) → function(gvn-sink) → module(elim-avail-extern) → module(globalopt) → module(attributor) → module(iroutliner) → module(globalopt) → function(memcpyopt) → cgscc(attributor-cgscc) → function(newgvn) → function(dse) → module(attributor) → module(scc-oz-module-inliner) → function(instsimplify) → module(elim-avail-extern) → module(globalopt) → module(attributor) → module(iroutliner) → function(gvn-sink) → module(iroutliner) → function(gvn-sink)
  #3: validation_obj=0.7280, validation_mean=0.7250, validation_worsen=6.00%, validation_highvar=0.00%, train_obj=0.7070, train_mean=0.7030, train_highvar=0.00%, len=21, syn_rate=0.39, test_obj=0.6642, test_mean=0.6622, test_worsen=4.00%, test_highvar=0.00%
     module(attributor) → function(dse) → module(globalopt) → function(gvn-sink) → module(elim-avail-extern) → module(globalopt) → module(attributor) → module(iroutliner) → module(globalopt) → function(memcpyopt) → cgscc(attributor-cgscc) → function(lower-switch) → module(elim-avail-extern) → function(newgvn) → function(dse) → module(attributor) → module(scc-oz-module-inliner) → function(instsimplify) → module(iroutliner) → function(gvn-sink) → module(attributor)
  #4: validation_obj=0.7290, validation_mean=0.7265, validation_worsen=5.00%, validation_highvar=0.00%, train_obj=0.6996, train_mean=0.6956, train_highvar=0.00%, len=20, syn_rate=0.38, test_obj=0.6770, test_mean=0.6750, test_worsen=4.00%, test_highvar=0.00%
     module(elim-avail-extern) → module(globalopt) → function(gvn-sink) → function(memcpyopt) → module(elim-avail-extern) → module(globalopt) → module(attributor) → module(iroutliner) → function(dse) → module(elim-avail-extern) → function(memcpyopt) → cgscc(attributor-cgscc) → function(newgvn) → module(globalopt) → module(attributor) → module(scc-oz-module-inliner) → module(attributor) → function(instsimplify) → module(iroutliner) → function(gvn-sink)
  #5: validation_obj=0.7298, validation_mean=0.7268, validation_worsen=6.00%, validation_highvar=0.00%, train_obj=0.6995, train_mean=0.6955, train_highvar=0.00%, len=20, syn_rate=0.35, test_obj=0.6650, test_mean=0.6630, test_worsen=4.00%, test_highvar=0.00%
     function(dse) → module(globalopt) → function(gvn-sink) → module(elim-avail-extern) → function(lower-switch) → module(globalopt) → module(attributor) → module(iroutliner) → module(globalopt) → function(memcpyopt) → cgscc(attributor-cgscc) → function(newgvn) → function(dse) → module(attributor) → module(scc-oz-module-inliner) → function(instsimplify) → module(iroutliner) → module(attributor) → module(attributor) → function(instsimplify)
binarysize_test: vs_none=0.999 (+0.1%)  vs_oz=0.999 (+0.1%)  vs_o3=0.981 (+1.9%) [metric=stripped_file_bytes]
binarysize_test[text_bytes]: vs_none=0.852 (+14.8%)  vs_oz=0.875 (+12.5%)  vs_o3=0.743 (+25.7%)
binarysize_test[data_bytes]: vs_none=0.983 (+1.7%)  vs_oz=0.991 (+0.9%)  vs_o3=0.985 (+1.5%)
binarysize_test[bss_bytes]: vs_none=1.000 (+0.0%)  vs_oz=1.000 (+0.0%)  vs_o3=1.000 (+0.0%)
binarysize_test[dec_bytes]: vs_none=0.884 (+11.6%)  vs_oz=0.907 (+9.3%)  vs_o3=0.809 (+19.1%)

最优轮次 Top-5 binarysize_test 序列面板（primary=stripped_file_bytes）:
  #1: len=22, syn_rate=0.39
     stripped_file_bytes: obj=1.0003, mean=0.9993, worsen=2.00%, vs_none=0.999 (+0.1%)  vs_oz=0.999 (+0.1%)  vs_o3=0.981 (+1.9%)
     text_bytes: obj=0.8815, mean=0.8745, worsen=14.00%, vs_none=0.851 (+14.9%)  vs_oz=0.874 (+12.6%)  vs_o3=0.743 (+25.7%)
     data_bytes: obj=0.9930, mean=0.9910, worsen=4.00%, vs_none=0.983 (+1.7%)  vs_oz=0.991 (+0.9%)  vs_o3=0.985 (+1.5%)
     bss_bytes: obj=1.0000, mean=1.0000, worsen=0.00%, vs_none=1.000 (+0.0%)  vs_oz=1.000 (+0.0%)  vs_o3=1.000 (+0.0%)
     dec_bytes: obj=0.9136, mean=0.9066, worsen=14.00%, vs_none=0.883 (+11.7%)  vs_oz=0.907 (+9.3%)  vs_o3=0.809 (+19.1%)
  #2: len=23, syn_rate=0.41
     stripped_file_bytes: obj=1.0003, mean=0.9993, worsen=2.00%, vs_none=0.999 (+0.1%)  vs_oz=0.999 (+0.1%)  vs_o3=0.981 (+1.9%)
     text_bytes: obj=0.8774, mean=0.8734, worsen=8.00%, vs_none=0.850 (+15.0%)  vs_oz=0.873 (+12.7%)  vs_o3=0.742 (+25.8%)
     data_bytes: obj=0.9930, mean=0.9910, worsen=4.00%, vs_none=0.983 (+1.7%)  vs_oz=0.991 (+0.9%)  vs_o3=0.985 (+1.5%)
     bss_bytes: obj=1.0000, mean=1.0000, worsen=0.00%, vs_none=1.000 (+0.0%)  vs_oz=1.000 (+0.0%)  vs_o3=1.000 (+0.0%)
     dec_bytes: obj=0.9097, mean=0.9057, worsen=8.00%, vs_none=0.883 (+11.7%)  vs_oz=0.906 (+9.4%)  vs_o3=0.808 (+19.2%)
  #3: len=21, syn_rate=0.39
     stripped_file_bytes: obj=1.0003, mean=0.9993, worsen=2.00%, vs_none=0.999 (+0.1%)  vs_oz=0.999 (+0.1%)  vs_o3=0.981 (+1.9%)
     text_bytes: obj=0.8815, mean=0.8745, worsen=14.00%, vs_none=0.851 (+14.9%)  vs_oz=0.874 (+12.6%)  vs_o3=0.743 (+25.7%)
     data_bytes: obj=0.9930, mean=0.9910, worsen=4.00%, vs_none=0.983 (+1.7%)  vs_oz=0.991 (+0.9%)  vs_o3=0.985 (+1.5%)
     bss_bytes: obj=1.0000, mean=1.0000, worsen=0.00%, vs_none=1.000 (+0.0%)  vs_oz=1.000 (+0.0%)  vs_o3=1.000 (+0.0%)
     dec_bytes: obj=0.9136, mean=0.9066, worsen=14.00%, vs_none=0.883 (+11.7%)  vs_oz=0.907 (+9.3%)  vs_o3=0.809 (+19.1%)
  #4: len=20, syn_rate=0.38
     stripped_file_bytes: obj=1.0003, mean=0.9993, worsen=2.00%, vs_none=0.999 (+0.1%)  vs_oz=0.999 (+0.1%)  vs_o3=0.981 (+1.9%)
     text_bytes: obj=0.8845, mean=0.8775, worsen=14.00%, vs_none=0.854 (+14.6%)  vs_oz=0.877 (+12.3%)  vs_o3=0.746 (+25.4%)
     data_bytes: obj=0.9930, mean=0.9910, worsen=4.00%, vs_none=0.983 (+1.7%)  vs_oz=0.991 (+0.9%)  vs_o3=0.985 (+1.5%)
     bss_bytes: obj=1.0000, mean=1.0000, worsen=0.00%, vs_none=1.000 (+0.0%)  vs_oz=1.000 (+0.0%)  vs_o3=1.000 (+0.0%)
     dec_bytes: obj=0.9158, mean=0.9088, worsen=14.00%, vs_none=0.886 (+11.4%)  vs_oz=0.909 (+9.1%)  vs_o3=0.811 (+18.9%)
  #5: len=20, syn_rate=0.35
     stripped_file_bytes: obj=1.0003, mean=0.9993, worsen=2.00%, vs_none=0.999 (+0.1%)  vs_oz=0.999 (+0.1%)  vs_o3=0.981 (+1.9%)
     text_bytes: obj=0.8817, mean=0.8747, worsen=14.00%, vs_none=0.852 (+14.8%)  vs_oz=0.875 (+12.5%)  vs_o3=0.743 (+25.7%)
     data_bytes: obj=0.9930, mean=0.9910, worsen=4.00%, vs_none=0.983 (+1.7%)  vs_oz=0.991 (+0.9%)  vs_o3=0.985 (+1.5%)
     bss_bytes: obj=1.0000, mean=1.0000, worsen=0.00%, vs_none=1.000 (+0.0%)  vs_oz=1.000 (+0.0%)  vs_o3=1.000 (+0.0%)
     dec_bytes: obj=0.9137, mean=0.9067, worsen=14.00%, vs_none=0.884 (+11.6%)  vs_oz=0.907 (+9.3%)  vs_o3=0.809 (+19.1%)
核心调优成本已写入: /root/exp/RFunipassLab/results/instrcount/summaries/20260508_002917_232662_feature_lite_seed460_core_tuning_cost.json
结果已写入: /root/exp/RFunipassLab/results/instrcount/summaries/20260508_002917_232662_feature_lite_seed460.json
总运行时间: 1164.86 秒
