# run_id: 20260507_212116_456941_feature_lite_seed459
# name: feature_lite
# group: feature_ablation
# description: 切换到 Lite 特征编码，保留其余搜索流程不变。
# changed: FEATURE_MODE=lite, GA_GEN=5, GA_POP=200, ITERS=100, MAX_SEQ_LEN=120, MIN_VAL_PROGRAMS=5, SEED_TOPK=0, TEST_TOPK=50, TRAIN_TOPK=200, VAL_RATIO=0.5
# result_json: /root/exp/RFunipassLab/results/instrcount/summaries/20260507_212116_456941_feature_lite_seed459.json
# started_at: 2026-05-07T21:21:16
# control_env:
#   BACKEND_OPT_LEVEL=-O0
#   BINARY_SIZE_METRIC=stripped_file_bytes
#   BINARY_SIZE_REPORT_METRICS=text_bytes,data_bytes,bss_bytes,dec_bytes
#   DECAY=0.5
#   EXPERIMENT_SEED=459
#   FEATURE_MODE=lite
#   GA_ELITE=0.1
#   GA_GEN=5
#   GA_MUT=0.8
#   GA_POP=200
#   GA_TOUR=3
#   ITERS=100
#   LOOP_NESTING_POLICY=wrap
#   MAX_SEQ_LEN=120
#   MIN_VAL_PROGRAMS=5
#   OBJECTIVE_BASELINE=oz
#   OBJECTIVE_KIND=instrcount
#   OBJ_HIGHVAR_W=0.0
#   OBJ_WORSEN_W=0.00
#   OFFSET=20
#   PROGRAM_POOL_KIND=auto
#   RF_EXPLAIN_COUNTERFACTUAL_ENABLE=1
#   RF_EXPLAIN_COUNTERFACTUAL_MAX_EVALS=50
#   RF_EXPLAIN_COUNTERFACTUAL_SPLIT=selection
#   RF_EXPLAIN_COUNTERFACTUAL_TOPK=5
#   RF_EXPLAIN_ENABLE=0
#   RF_EXPLAIN_HOLDOUT_RATIO=0.3
#   RF_EXPLAIN_MIN_SAMPLES=20
#   RF_EXPLAIN_MODE=final
#   RF_EXPLAIN_PERM_REPEATS=10
#   RF_EXPLAIN_TOPK=20
#   RNUM=256
#   RUNS=1
#   RUNTIME_EVAL_MAX_VARIANCE_PCT=15.0
#   RUNTIME_MAX_INNER_REPEATS=64
#   RUNTIME_MAX_VARIANCE_PCT=10.0
#   RUNTIME_REQUIRED_ROWS=0
#   RUNTIME_SAMPLES=5
#   RUNTIME_TARGET_SAMPLE_MS=30.0
#   RUNTIME_TIMEOUT_SEC=2.0
#   SCALE=10
#   SEED_TOPK=0
#   SPLIT_SEED=459
#   TEST_TOPK=50
#   TRAIN_TOPK=200
#   VAL_RATIO=0.5

Loading train/test rows from: /root/exp/RFunipassLab/data/tuning_results.csv
Loaded train programs:       200
Loaded initial seed seqs:    80
Loaded test programs:        50
Objective kind:              instrcount
Program pool kind:           tuning

Loading synergy graph from: /root/exp/RFunipassLab/data/Step3_EnumeratedPairs.csv
All passes (19): ['module(elim-avail-extern)', 'function(mem2reg)', 'function(dse)', 'module(globalopt)', 'module(attributor)', 'module(scc-oz-module-inliner)', 'function(instsimplify)', 'function(gvn-hoist)', 'function(memcpyopt)', 'function(reassociate)', 'module(iroutliner)', 'cgscc(attributor-cgscc)', 'function(dce)', 'function(newgvn)', 'function(gvn-sink)', 'module(inferattrs)', 'function(jump-threading)', 'loop(loop-simplifycfg)', 'function(lower-switch)']
Synergy edges: 176
Self-loop passes: {'function(newgvn)', 'cgscc(attributor-cgscc)', 'module(attributor)'}

============================================================
实验轮次 1 / 1
============================================================
============================================================
目标类型:      instrcount
目标基准:      -Oz
基准指标:      -Oz 基准指令数
优化指标:      归一化指令数
输入程序数:    200
输入次优序列数: 80
测试程序数:    50
Pass 词表大小: 19
协同边数:      176
自环 pass 数:  3
序列长度上限:  120
Loop 合法化策略: wrap
实验种子:      459
划分种子:      459
特征模式:      lite
RF 特征维度:   31
词表: ['module(elim-avail-extern)', 'function(mem2reg)', 'function(dse)', 'module(globalopt)', 'module(attributor)', 'module(scc-oz-module-inliner)', 'function(instsimplify)', 'function(gvn-hoist)', 'function(memcpyopt)', 'function(reassociate)', 'module(iroutliner)', 'cgscc(attributor-cgscc)', 'function(dce)', 'function(newgvn)', 'function(gvn-sink)', 'module(inferattrs)', 'function(jump-threading)', 'loop(loop-simplifycfg)', 'function(lower-switch)']
多目标权重:    mean=1.0, worsen=0.0, highvar=0.0

[Step 1.5] 训练程序切分...
  search_train 程序数: 100
  validation 程序数:   100
  split_signature(search_train): 9bfa7806797fc13bff39c6f2598003ad06065a2b
  split_signature(validation):   fd652be2c1e007b3d23a8507a30d5f35c3f4f066
  split_signature(test):         fee1d5dd2b8758eb2485d1160eb91f40452e60a4

[Step 2] 计算 search_train 程序 -Oz 基准指令数...
[Step 2b] 计算 validation 程序 -Oz 基准指令数...
[Step 2c] 计算测试集程序 -Oz 基准指令数...

[Step 3] 评估初始 seed 序列（共 80 条）...

[Step 4] 开始贝叶斯优化（100 轮）...
GA search time: 10.90s, candidates: 381
  [iter   1/100] search_obj=1.0098  search_best=0.8387  validation_best=0.7681  EI=0.0105  rnum=181.1  len=43  syn_rate=0.70  mean=1.0098  worsen=30.00%  highvar=0.00%
GA search time: 6.63s, candidates: 379
  [iter   2/100] search_obj=1.0176  search_best=0.8387  validation_best=0.7681  EI=0.0079  rnum=179.0  len=22  syn_rate=0.38  mean=1.0176  worsen=33.00%  highvar=0.00%
GA search time: 7.95s, candidates: 376
  [iter   3/100] search_obj=0.8126  search_best=0.8126  validation_best=0.7192  EI=0.0077  rnum=176.9  len=34  syn_rate=0.45  mean=0.8126  worsen=8.00%  highvar=0.00%
GA search time: 8.84s, candidates: 374
  [iter   4/100] search_obj=0.8100  search_best=0.8100  validation_best=0.7155  EI=0.0113  rnum=174.8  len=39  syn_rate=0.46  mean=0.8100  worsen=8.00%  highvar=0.00%
GA search time: 14.38s, candidates: 372
  [iter   5/100] search_obj=0.8651  search_best=0.8100  validation_best=0.7155  EI=0.0136  rnum=172.7  len=79  syn_rate=0.63  mean=0.8651  worsen=42.00%  highvar=0.00%
GA search time: 15.64s, candidates: 370
  [iter   6/100] search_obj=0.8967  search_best=0.8100  validation_best=0.7155  EI=0.0122  rnum=170.6  len=46  syn_rate=0.48  mean=0.8967  worsen=14.00%  highvar=0.00%
GA search time: 10.87s, candidates: 368
  [iter   7/100] search_obj=0.8773  search_best=0.8100  validation_best=0.7155  EI=0.0093  rnum=168.4  len=37  syn_rate=0.38  mean=0.8773  worsen=14.00%  highvar=0.00%
GA search time: 17.52s, candidates: 366
  [iter   8/100] search_obj=1.0122  search_best=0.8100  validation_best=0.7155  EI=0.0105  rnum=166.3  len=67  syn_rate=0.49  mean=1.0122  worsen=24.00%  highvar=0.00%
GA search time: 7.93s, candidates: 364
  [iter   9/100] search_obj=0.8085  search_best=0.8085  validation_best=0.7114  EI=0.0101  rnum=164.2  len=41  syn_rate=0.49  mean=0.8085  worsen=8.00%  highvar=0.00%
GA search time: 10.19s, candidates: 362
  [iter  10/100] search_obj=0.8627  search_best=0.8085  validation_best=0.7114  EI=0.0143  rnum=162.0  len=41  syn_rate=0.51  mean=0.8627  worsen=11.00%  highvar=0.00%
GA search time: 11.58s, candidates: 359
  [iter  11/100] search_obj=0.8068  search_best=0.8068  validation_best=0.7110  EI=0.0102  rnum=159.9  len=75  syn_rate=0.51  mean=0.8068  worsen=8.00%  highvar=0.00%
GA search time: 12.66s, candidates: 357
  [iter  12/100] search_obj=1.0122  search_best=0.8068  validation_best=0.7110  EI=0.0146  rnum=157.7  len=82  syn_rate=0.50  mean=1.0122  worsen=24.00%  highvar=0.00%
GA search time: 9.59s, candidates: 355
  [iter  13/100] search_obj=0.8068  search_best=0.8068  validation_best=0.7110  EI=0.0138  rnum=155.6  len=78  syn_rate=0.51  mean=0.8068  worsen=8.00%  highvar=0.00%
GA search time: 10.46s, candidates: 353
  [iter  14/100] search_obj=0.8427  search_best=0.8068  validation_best=0.7110  EI=0.0146  rnum=153.4  len=74  syn_rate=0.51  mean=0.8427  worsen=10.00%  highvar=0.00%
GA search time: 13.74s, candidates: 351
  [iter  15/100] search_obj=1.0967  search_best=0.8068  validation_best=0.7110  EI=0.0137  rnum=151.3  len=75  syn_rate=0.30  mean=1.0967  worsen=55.00%  highvar=0.00%
GA search time: 13.48s, candidates: 349
  [iter  16/100] search_obj=0.8068  search_best=0.8068  validation_best=0.7110  EI=0.0168  rnum=149.1  len=76  syn_rate=0.51  mean=0.8068  worsen=8.00%  highvar=0.00%
GA search time: 15.73s, candidates: 346
  [iter  17/100] search_obj=0.8068  search_best=0.8068  validation_best=0.7092  EI=0.0160  rnum=147.0  len=98  syn_rate=0.51  mean=0.8068  worsen=8.00%  highvar=0.00%
GA search time: 13.36s, candidates: 344
  [iter  18/100] search_obj=0.8068  search_best=0.8068  validation_best=0.7092  EI=0.0166  rnum=144.8  len=108  syn_rate=0.51  mean=0.8068  worsen=8.00%  highvar=0.00%
GA search time: 15.70s, candidates: 342
  [iter  19/100] search_obj=1.0941  search_best=0.8068  validation_best=0.7092  EI=0.0173  rnum=142.7  len=55  syn_rate=0.34  mean=1.0941  worsen=54.00%  highvar=0.00%
GA search time: 19.25s, candidates: 340
  [iter  20/100] search_obj=0.8743  search_best=0.8068  validation_best=0.7092  EI=0.0189  rnum=140.5  len=120  syn_rate=0.51  mean=0.8743  worsen=13.00%  highvar=0.00%
GA search time: 17.96s, candidates: 338
  [iter  21/100] search_obj=0.8605  search_best=0.8068  validation_best=0.7092  EI=0.0167  rnum=138.4  len=39  syn_rate=0.45  mean=0.8605  worsen=12.00%  highvar=0.00%
GA search time: 14.99s, candidates: 336
  [iter  22/100] search_obj=1.0952  search_best=0.8068  validation_best=0.7092  EI=0.0198  rnum=136.3  len=76  syn_rate=0.41  mean=1.0952  worsen=54.00%  highvar=0.00%
GA search time: 18.89s, candidates: 334
  [iter  23/100] search_obj=0.8096  search_best=0.8068  validation_best=0.7092  EI=0.0182  rnum=134.2  len=58  syn_rate=0.48  mean=0.8096  worsen=8.00%  highvar=0.00%
GA search time: 15.57s, candidates: 332
  [iter  24/100] search_obj=1.0122  search_best=0.8068  validation_best=0.7092  EI=0.0146  rnum=132.1  len=91  syn_rate=0.50  mean=1.0122  worsen=24.00%  highvar=0.00%
GA search time: 17.13s, candidates: 329
  [iter  25/100] search_obj=1.0122  search_best=0.8068  validation_best=0.7092  EI=0.0168  rnum=130.0  len=90  syn_rate=0.50  mean=1.0122  worsen=24.00%  highvar=0.00%
GA search time: 23.36s, candidates: 327
  [iter  26/100] search_obj=0.8068  search_best=0.8068  validation_best=0.7092  EI=0.0134  rnum=127.9  len=93  syn_rate=0.51  mean=0.8068  worsen=8.00%  highvar=0.00%
GA search time: 20.89s, candidates: 325
  [iter  27/100] search_obj=1.0122  search_best=0.8068  validation_best=0.7092  EI=0.0140  rnum=125.8  len=104  syn_rate=0.51  mean=1.0122  worsen=24.00%  highvar=0.00%
GA search time: 21.29s, candidates: 323
  [iter  28/100] search_obj=1.0359  search_best=0.8068  validation_best=0.7092  EI=0.0155  rnum=123.7  len=53  syn_rate=0.48  mean=1.0359  worsen=31.00%  highvar=0.00%
GA search time: 24.21s, candidates: 321
  [iter  29/100] search_obj=0.8064  search_best=0.8064  validation_best=0.7092  EI=0.0172  rnum=121.6  len=83  syn_rate=0.52  mean=0.8064  worsen=6.00%  highvar=0.00%
GA search time: 21.72s, candidates: 319
  [iter  30/100] search_obj=0.8068  search_best=0.8064  validation_best=0.7092  EI=0.0160  rnum=119.6  len=106  syn_rate=0.51  mean=0.8068  worsen=8.00%  highvar=0.00%
GA search time: 18.96s, candidates: 317
  [iter  31/100] search_obj=1.0122  search_best=0.8064  validation_best=0.7092  EI=0.0148  rnum=117.5  len=97  syn_rate=0.62  mean=1.0122  worsen=24.00%  highvar=0.00%
GA search time: 18.64s, candidates: 315
  [iter  32/100] search_obj=0.9616  search_best=0.8064  validation_best=0.7092  EI=0.0157  rnum=115.5  len=94  syn_rate=0.51  mean=0.9616  worsen=16.00%  highvar=0.00%
GA search time: 20.60s, candidates: 313
  [iter  33/100] search_obj=0.8064  search_best=0.8064  validation_best=0.7092  EI=0.0169  rnum=113.5  len=86  syn_rate=0.52  mean=0.8064  worsen=6.00%  highvar=0.00%
GA search time: 18.69s, candidates: 311
  [iter  34/100] search_obj=0.8110  search_best=0.8064  validation_best=0.6974  EI=0.0158  rnum=111.5  len=93  syn_rate=0.52  mean=0.8110  worsen=7.00%  highvar=0.00%
GA search time: 18.78s, candidates: 309
  [iter  35/100] search_obj=0.9214  search_best=0.8064  validation_best=0.6974  EI=0.0154  rnum=109.5  len=52  syn_rate=0.49  mean=0.9214  worsen=13.00%  highvar=0.00%
GA search time: 21.14s, candidates: 307
  [iter  36/100] search_obj=0.8101  search_best=0.8064  validation_best=0.6974  EI=0.0149  rnum=107.6  len=120  syn_rate=0.63  mean=0.8101  worsen=8.00%  highvar=0.00%
GA search time: 20.16s, candidates: 305
  [iter  37/100] search_obj=0.9616  search_best=0.8064  validation_best=0.6974  EI=0.0154  rnum=105.6  len=113  syn_rate=0.51  mean=0.9616  worsen=16.00%  highvar=0.00%
GA search time: 21.47s, candidates: 303
  [iter  38/100] search_obj=0.8101  search_best=0.8064  validation_best=0.6974  EI=0.0157  rnum=103.7  len=86  syn_rate=0.62  mean=0.8101  worsen=8.00%  highvar=0.00%
GA search time: 21.83s, candidates: 301
  [iter  39/100] search_obj=0.8064  search_best=0.8064  validation_best=0.6974  EI=0.0154  rnum=101.7  len=99  syn_rate=0.56  mean=0.8064  worsen=6.00%  highvar=0.00%
GA search time: 21.16s, candidates: 299
  [iter  40/100] search_obj=1.0530  search_best=0.8064  validation_best=0.6974  EI=0.0161  rnum=99.8  len=101  syn_rate=0.57  mean=1.0530  worsen=45.00%  highvar=0.00%
GA search time: 17.98s, candidates: 297
  [iter  41/100] search_obj=0.8332  search_best=0.8064  validation_best=0.6974  EI=0.0159  rnum=97.9  len=120  syn_rate=0.64  mean=0.8332  worsen=8.00%  highvar=0.00%
GA search time: 20.09s, candidates: 296
  [iter  42/100] search_obj=0.8378  search_best=0.8064  validation_best=0.6974  EI=0.0172  rnum=96.1  len=83  syn_rate=0.57  mean=0.8378  worsen=9.00%  highvar=0.00%
GA search time: 18.99s, candidates: 294
  [iter  43/100] search_obj=0.8064  search_best=0.8064  validation_best=0.6974  EI=0.0160  rnum=94.2  len=115  syn_rate=0.56  mean=0.8064  worsen=6.00%  highvar=0.00%
GA search time: 22.65s, candidates: 292
  [iter  44/100] search_obj=0.8064  search_best=0.8064  validation_best=0.6974  EI=0.0149  rnum=92.4  len=112  syn_rate=0.56  mean=0.8064  worsen=6.00%  highvar=0.00%
GA search time: 24.76s, candidates: 290
  [iter  45/100] search_obj=0.9071  search_best=0.8064  validation_best=0.6974  EI=0.0158  rnum=90.5  len=120  syn_rate=0.62  mean=0.9071  worsen=9.00%  highvar=0.00%
GA search time: 22.02s, candidates: 288
  [iter  46/100] search_obj=0.8064  search_best=0.8064  validation_best=0.6974  EI=0.0168  rnum=88.7  len=85  syn_rate=0.52  mean=0.8064  worsen=6.00%  highvar=0.00%
GA search time: 22.11s, candidates: 286
  [iter  47/100] search_obj=0.8101  search_best=0.8064  validation_best=0.6974  EI=0.0151  rnum=87.0  len=117  syn_rate=0.63  mean=0.8101  worsen=8.00%  highvar=0.00%
GA search time: 20.69s, candidates: 285
  [iter  48/100] search_obj=0.8064  search_best=0.8064  validation_best=0.6974  EI=0.0153  rnum=85.2  len=100  syn_rate=0.56  mean=0.8064  worsen=6.00%  highvar=0.00%
GA search time: 18.26s, candidates: 283
  [iter  49/100] search_obj=0.8247  search_best=0.8064  validation_best=0.6974  EI=0.0158  rnum=83.5  len=101  syn_rate=0.56  mean=0.8247  worsen=12.00%  highvar=0.00%
GA search time: 19.85s, candidates: 281
  [iter  50/100] search_obj=1.0129  search_best=0.8064  validation_best=0.6974  EI=0.0147  rnum=81.7  len=81  syn_rate=0.54  mean=1.0129  worsen=28.00%  highvar=0.00%
GA search time: 23.15s, candidates: 280
  [iter  51/100] search_obj=0.8068  search_best=0.8064  validation_best=0.6974  EI=0.0155  rnum=80.0  len=81  syn_rate=0.51  mean=0.8068  worsen=8.00%  highvar=0.00%
GA search time: 21.42s, candidates: 278
  [iter  52/100] search_obj=0.9720  search_best=0.8064  validation_best=0.6974  EI=0.0173  rnum=78.4  len=103  syn_rate=0.55  mean=0.9720  worsen=22.00%  highvar=0.00%
GA search time: 20.92s, candidates: 276
  [iter  53/100] search_obj=0.8068  search_best=0.8064  validation_best=0.6974  EI=0.0169  rnum=76.7  len=76  syn_rate=0.51  mean=0.8068  worsen=8.00%  highvar=0.00%
GA search time: 20.66s, candidates: 275
  [iter  54/100] search_obj=0.8064  search_best=0.8064  validation_best=0.6974  EI=0.0162  rnum=75.1  len=94  syn_rate=0.52  mean=0.8064  worsen=6.00%  highvar=0.00%
GA search time: 20.88s, candidates: 273
  [iter  55/100] search_obj=0.9082  search_best=0.8064  validation_best=0.6974  EI=0.0168  rnum=73.4  len=83  syn_rate=0.53  mean=0.9082  worsen=13.00%  highvar=0.00%
GA search time: 20.53s, candidates: 271
  [iter  56/100] search_obj=0.9207  search_best=0.8064  validation_best=0.6974  EI=0.0178  rnum=71.8  len=87  syn_rate=0.51  mean=0.9207  worsen=14.00%  highvar=0.00%
GA search time: 19.76s, candidates: 270
  [iter  57/100] search_obj=0.8064  search_best=0.8064  validation_best=0.6974  EI=0.0153  rnum=70.3  len=104  syn_rate=0.56  mean=0.8064  worsen=6.00%  highvar=0.00%
GA search time: 19.55s, candidates: 268
  [iter  58/100] search_obj=0.8068  search_best=0.8064  validation_best=0.6974  EI=0.0159  rnum=68.7  len=107  syn_rate=0.51  mean=0.8068  worsen=8.00%  highvar=0.00%
GA search time: 21.09s, candidates: 267
  [iter  59/100] search_obj=0.8068  search_best=0.8064  validation_best=0.6974  EI=0.0157  rnum=67.2  len=89  syn_rate=0.51  mean=0.8068  worsen=8.00%  highvar=0.00%
GA search time: 20.82s, candidates: 265
  [iter  60/100] search_obj=0.9196  search_best=0.8064  validation_best=0.6974  EI=0.0157  rnum=65.7  len=79  syn_rate=0.51  mean=0.9196  worsen=12.00%  highvar=0.00%
GA search time: 21.29s, candidates: 264
  [iter  61/100] search_obj=0.9561  search_best=0.8064  validation_best=0.6974  EI=0.0179  rnum=64.2  len=76  syn_rate=0.51  mean=0.9561  worsen=14.00%  highvar=0.00%
GA search time: 20.95s, candidates: 262
  [iter  62/100] search_obj=0.9618  search_best=0.8064  validation_best=0.6974  EI=0.0161  rnum=62.7  len=109  syn_rate=0.55  mean=0.9618  worsen=16.00%  highvar=0.00%
GA search time: 21.55s, candidates: 261
  [iter  63/100] search_obj=0.8064  search_best=0.8064  validation_best=0.6974  EI=0.0138  rnum=61.3  len=109  syn_rate=0.52  mean=0.8064  worsen=6.00%  highvar=0.00%
GA search time: 18.34s, candidates: 259
  [iter  64/100] search_obj=0.8064  search_best=0.8064  validation_best=0.6974  EI=0.0150  rnum=59.8  len=109  syn_rate=0.52  mean=0.8064  worsen=6.00%  highvar=0.00%
GA search time: 18.71s, candidates: 258
  [iter  65/100] search_obj=0.8064  search_best=0.8064  validation_best=0.6974  EI=0.0147  rnum=58.4  len=90  syn_rate=0.52  mean=0.8064  worsen=6.00%  highvar=0.00%
GA search time: 21.35s, candidates: 257
  [iter  66/100] search_obj=0.8064  search_best=0.8064  validation_best=0.6974  EI=0.0141  rnum=57.0  len=102  syn_rate=0.52  mean=0.8064  worsen=6.00%  highvar=0.00%
GA search time: 21.28s, candidates: 255
  [iter  67/100] search_obj=0.8067  search_best=0.8064  validation_best=0.6974  EI=0.0148  rnum=55.7  len=81  syn_rate=0.52  mean=0.8067  worsen=6.00%  highvar=0.00%
GA search time: 20.76s, candidates: 254
  [iter  68/100] search_obj=0.8064  search_best=0.8064  validation_best=0.6974  EI=0.0198  rnum=54.3  len=82  syn_rate=0.52  mean=0.8064  worsen=6.00%  highvar=0.00%
GA search time: 20.34s, candidates: 253
  [iter  69/100] search_obj=1.0576  search_best=0.8064  validation_best=0.6974  EI=0.0148  rnum=53.0  len=117  syn_rate=0.53  mean=1.0576  worsen=46.00%  highvar=0.00%
GA search time: 19.65s, candidates: 251
  [iter  70/100] search_obj=0.9214  search_best=0.8064  validation_best=0.6974  EI=0.0150  rnum=51.7  len=97  syn_rate=0.51  mean=0.9214  worsen=13.00%  highvar=0.00%
GA search time: 21.37s, candidates: 250
  [iter  71/100] search_obj=0.8018  search_best=0.8018  validation_best=0.6974  EI=0.0145  rnum=50.5  len=82  syn_rate=0.55  mean=0.8018  worsen=8.00%  highvar=0.00%
GA search time: 20.05s, candidates: 249
  [iter  72/100] search_obj=0.9240  search_best=0.8018  validation_best=0.6974  EI=0.0120  rnum=49.2  len=92  syn_rate=0.51  mean=0.9240  worsen=14.00%  highvar=0.00%
GA search time: 20.90s, candidates: 247
  [iter  73/100] search_obj=0.8317  search_best=0.8018  validation_best=0.6974  EI=0.0126  rnum=48.0  len=99  syn_rate=0.56  mean=0.8317  worsen=12.00%  highvar=0.00%
GA search time: 18.12s, candidates: 246
  [iter  74/100] search_obj=1.0122  search_best=0.8018  validation_best=0.6974  EI=0.0141  rnum=46.8  len=88  syn_rate=0.55  mean=1.0122  worsen=24.00%  highvar=0.00%
GA search time: 20.44s, candidates: 245
  [iter  75/100] search_obj=0.9095  search_best=0.8018  validation_best=0.6974  EI=0.0133  rnum=45.6  len=105  syn_rate=0.55  mean=0.9095  worsen=11.00%  highvar=0.00%
GA search time: 21.39s, candidates: 244
  [iter  76/100] search_obj=0.7994  search_best=0.7994  validation_best=0.6974  EI=0.0119  rnum=44.4  len=109  syn_rate=0.52  mean=0.7994  worsen=6.00%  highvar=0.00%
GA search time: 22.30s, candidates: 243
  [iter  77/100] search_obj=1.0530  search_best=0.7994  validation_best=0.6974  EI=0.0132  rnum=43.3  len=120  syn_rate=0.52  mean=1.0530  worsen=45.00%  highvar=0.00%
GA search time: 21.17s, candidates: 242
  [iter  78/100] search_obj=0.8068  search_best=0.7994  validation_best=0.6974  EI=0.0124  rnum=42.2  len=90  syn_rate=0.51  mean=0.8068  worsen=8.00%  highvar=0.00%
GA search time: 21.70s, candidates: 241
  [iter  79/100] search_obj=0.8103  search_best=0.7994  validation_best=0.6974  EI=0.0134  rnum=41.1  len=76  syn_rate=0.51  mean=0.8103  worsen=8.00%  highvar=0.00%
GA search time: 20.29s, candidates: 239
  [iter  80/100] search_obj=0.8314  search_best=0.7994  validation_best=0.6974  EI=0.0133  rnum=40.0  len=78  syn_rate=0.51  mean=0.8314  worsen=8.00%  highvar=0.00%
GA search time: 19.33s, candidates: 238
  [iter  81/100] search_obj=0.8068  search_best=0.7994  validation_best=0.6974  EI=0.0123  rnum=38.9  len=104  syn_rate=0.51  mean=0.8068  worsen=8.00%  highvar=0.00%
GA search time: 20.54s, candidates: 237
  [iter  82/100] search_obj=0.9923  search_best=0.7994  validation_best=0.6974  EI=0.0133  rnum=37.9  len=95  syn_rate=0.51  mean=0.9923  worsen=55.00%  highvar=0.00%
GA search time: 19.67s, candidates: 236
  [iter  83/100] search_obj=0.8064  search_best=0.7994  validation_best=0.6974  EI=0.0126  rnum=36.9  len=113  syn_rate=0.56  mean=0.8064  worsen=6.00%  highvar=0.00%
GA search time: 19.82s, candidates: 235
  [iter  84/100] search_obj=0.8064  search_best=0.7994  validation_best=0.6974  EI=0.0119  rnum=35.9  len=113  syn_rate=0.56  mean=0.8064  worsen=6.00%  highvar=0.00%
GA search time: 21.09s, candidates: 234
  [iter  85/100] search_obj=0.8101  search_best=0.7994  validation_best=0.6974  EI=0.0129  rnum=34.9  len=117  syn_rate=0.63  mean=0.8101  worsen=8.00%  highvar=0.00%
GA search time: 18.34s, candidates: 233
  [iter  86/100] search_obj=0.8099  search_best=0.7994  validation_best=0.6974  EI=0.0134  rnum=33.9  len=118  syn_rate=0.63  mean=0.8099  worsen=8.00%  highvar=0.00%
GA search time: 19.09s, candidates: 233
  [iter  87/100] search_obj=0.9704  search_best=0.7994  validation_best=0.6974  EI=0.0126  rnum=33.0  len=115  syn_rate=0.60  mean=0.9704  worsen=22.00%  highvar=0.00%
GA search time: 16.87s, candidates: 232
  [iter  88/100] search_obj=0.8096  search_best=0.7994  validation_best=0.6974  EI=0.0130  rnum=32.1  len=90  syn_rate=0.51  mean=0.8096  worsen=8.00%  highvar=0.00%
GA search time: 19.66s, candidates: 231
  [iter  89/100] search_obj=0.8068  search_best=0.7994  validation_best=0.6974  EI=0.0121  rnum=31.2  len=111  syn_rate=0.51  mean=0.8068  worsen=8.00%  highvar=0.00%
GA search time: 20.89s, candidates: 230
  [iter  90/100] search_obj=0.8068  search_best=0.7994  validation_best=0.6974  EI=0.0112  rnum=30.3  len=119  syn_rate=0.58  mean=0.8068  worsen=8.00%  highvar=0.00%
GA search time: 21.98s, candidates: 229
  [iter  91/100] search_obj=1.0118  search_best=0.7994  validation_best=0.6974  EI=0.0135  rnum=29.5  len=82  syn_rate=0.52  mean=1.0118  worsen=22.00%  highvar=0.00%
GA search time: 16.85s, candidates: 228
  [iter  92/100] search_obj=0.8068  search_best=0.7994  validation_best=0.6974  EI=0.0139  rnum=28.6  len=99  syn_rate=0.51  mean=0.8068  worsen=8.00%  highvar=0.00%
GA search time: 19.81s, candidates: 227
  [iter  93/100] search_obj=0.8101  search_best=0.7994  validation_best=0.6974  EI=0.0111  rnum=27.8  len=118  syn_rate=0.63  mean=0.8101  worsen=8.00%  highvar=0.00%
GA search time: 18.21s, candidates: 226
  [iter  94/100] search_obj=1.0122  search_best=0.7994  validation_best=0.6974  EI=0.0109  rnum=27.0  len=89  syn_rate=0.51  mean=1.0122  worsen=24.00%  highvar=0.00%
GA search time: 18.15s, candidates: 226
  [iter  95/100] search_obj=1.0122  search_best=0.7994  validation_best=0.6974  EI=0.0127  rnum=26.2  len=85  syn_rate=0.51  mean=1.0122  worsen=24.00%  highvar=0.00%
GA search time: 18.20s, candidates: 225
  [iter  96/100] search_obj=0.8068  search_best=0.7994  validation_best=0.6974  EI=0.0136  rnum=25.4  len=104  syn_rate=0.51  mean=0.8068  worsen=8.00%  highvar=0.00%
GA search time: 18.56s, candidates: 224
  [iter  97/100] search_obj=0.8101  search_best=0.7994  validation_best=0.6974  EI=0.0123  rnum=24.7  len=119  syn_rate=0.60  mean=0.8101  worsen=8.00%  highvar=0.00%
GA search time: 17.80s, candidates: 223
  [iter  98/100] search_obj=0.8319  search_best=0.7994  validation_best=0.6974  EI=0.0129  rnum=24.0  len=83  syn_rate=0.51  mean=0.8319  worsen=12.00%  highvar=0.00%
GA search time: 18.58s, candidates: 223
  [iter  99/100] search_obj=0.9071  search_best=0.7994  validation_best=0.6974  EI=0.0111  rnum=23.3  len=119  syn_rate=0.68  mean=0.9071  worsen=9.00%  highvar=0.00%
GA search time: 16.90s, candidates: 222
  [iter 100/100] search_obj=1.0122  search_best=0.7994  validation_best=0.6974  EI=0.0135  rnum=22.6  len=89  syn_rate=0.51  mean=1.0122  worsen=24.00%  highvar=0.00%

[Step 5] 按 validation 选择最终通用序列...
  选择结果:
    search_train_obj=0.8110, search_train_mean=0.8110, search_train_worsen=7.00%, search_train_highvar=0.00%
    validation_obj=0.6974, validation_mean=0.6974, validation_worsen=9.00%, validation_highvar=0.00%

[Step 6] 在 validation 上执行消融后处理...

[Ablation-validation] 初始序列长度: 93, objective: 0.6974, mean_norm: 0.6974, worsen_rate: 9.00%
  移除 [92] function(gvn-hoist): objective 0.6974, mean_norm 0.6974, worsen_rate 9.00% (保留移除)
  移除 [91] module(elim-avail-extern): objective 0.6974, mean_norm 0.6974, worsen_rate 9.00% (保留移除)
  移除 [90] function(newgvn): objective 0.6974, mean_norm 0.6974, worsen_rate 9.00% (保留移除)
  移除 [89] module(scc-oz-module-inliner): objective 0.6974, mean_norm 0.6974, worsen_rate 9.00% (保留移除)
  移除 [88] module(elim-avail-extern): objective 0.6974, mean_norm 0.6974, worsen_rate 9.00% (保留移除)
  移除 [87] module(globalopt): objective 0.6974, mean_norm 0.6974, worsen_rate 9.00% (保留移除)
  移除 [86] function(memcpyopt): objective 0.6974, mean_norm 0.6974, worsen_rate 9.00% (保留移除)
  移除 [85] module(globalopt): objective 0.6974, mean_norm 0.6974, worsen_rate 9.00% (保留移除)
  移除 [84] module(scc-oz-module-inliner): objective 0.6974, mean_norm 0.6974, worsen_rate 9.00% (保留移除)
  移除 [83] module(scc-oz-module-inliner): objective 0.6974, mean_norm 0.6974, worsen_rate 9.00% (保留移除)
  移除 [82] module(elim-avail-extern): objective 0.6974, mean_norm 0.6974, worsen_rate 9.00% (保留移除)
  移除 [81] function(memcpyopt): objective 0.6974, mean_norm 0.6974, worsen_rate 9.00% (保留移除)
  移除 [80] module(scc-oz-module-inliner): objective 0.6974, mean_norm 0.6974, worsen_rate 9.00% (保留移除)
  移除 [79] module(attributor): objective 0.6974, mean_norm 0.6974, worsen_rate 9.00% (保留移除)
  移除 [78] module(elim-avail-extern): objective 0.6974, mean_norm 0.6974, worsen_rate 9.00% (保留移除)
  移除 [77] module(attributor): objective 0.6974, mean_norm 0.6974, worsen_rate 9.00% (保留移除)
  移除 [76] module(attributor): objective 0.6974, mean_norm 0.6974, worsen_rate 9.00% (保留移除)
  移除 [75] function(jump-threading): objective 0.6974, mean_norm 0.6974, worsen_rate 9.00% (保留移除)
  移除 [74] module(scc-oz-module-inliner): objective 0.6986 > 0.6974 (恢复)
  移除 [73] module(elim-avail-extern): objective 0.6974, mean_norm 0.6974, worsen_rate 9.00% (保留移除)
  移除 [72] module(attributor): objective 0.6974, mean_norm 0.6974, worsen_rate 9.00% (保留移除)
  移除 [71] module(inferattrs): objective 0.6986 > 0.6974 (恢复)
  移除 [70] function(jump-threading): objective 0.6974, mean_norm 0.6974, worsen_rate 9.00% (保留移除)
  移除 [69] function(newgvn): objective 0.6974, mean_norm 0.6974, worsen_rate 9.00% (保留移除)
  移除 [68] function(instsimplify): objective 0.6974, mean_norm 0.6974, worsen_rate 9.00% (保留移除)
  移除 [67] module(scc-oz-module-inliner): objective 0.6974, mean_norm 0.6974, worsen_rate 9.00% (保留移除)
  移除 [66] module(elim-avail-extern): objective 0.6974, mean_norm 0.6974, worsen_rate 9.00% (保留移除)
  移除 [65] function(instsimplify): objective 0.6974, mean_norm 0.6974, worsen_rate 9.00% (保留移除)
  移除 [64] function(gvn-sink): objective 0.6974, mean_norm 0.6974, worsen_rate 9.00% (保留移除)
  移除 [63] module(elim-avail-extern): objective 0.6974, mean_norm 0.6974, worsen_rate 9.00% (保留移除)
  移除 [62] function(jump-threading): objective 0.6974, mean_norm 0.6974, worsen_rate 9.00% (保留移除)
  移除 [61] module(scc-oz-module-inliner): objective 0.6974, mean_norm 0.6974, worsen_rate 9.00% (保留移除)
  移除 [60] function(memcpyopt): objective 0.6974, mean_norm 0.6974, worsen_rate 9.00% (保留移除)
  移除 [59] module(attributor): objective 0.6974, mean_norm 0.6974, worsen_rate 9.00% (保留移除)
  移除 [58] module(iroutliner): objective 0.6974, mean_norm 0.6974, worsen_rate 9.00% (保留移除)
  移除 [57] function(dce): objective 0.6974, mean_norm 0.6974, worsen_rate 9.00% (保留移除)
  移除 [56] module(attributor): objective 0.6974, mean_norm 0.6974, worsen_rate 9.00% (保留移除)
  移除 [55] module(globalopt): objective 0.6974, mean_norm 0.6974, worsen_rate 9.00% (保留移除)
  移除 [54] function(gvn-sink): objective 0.6974, mean_norm 0.6974, worsen_rate 9.00% (保留移除)
  移除 [53] function(newgvn): objective 0.6974, mean_norm 0.6974, worsen_rate 9.00% (保留移除)
  移除 [52] function(gvn-sink): objective 0.6974, mean_norm 0.6974, worsen_rate 9.00% (保留移除)
  移除 [51] module(globalopt): objective 0.6974, mean_norm 0.6974, worsen_rate 9.00% (保留移除)
  移除 [50] function(jump-threading): objective 0.6974, mean_norm 0.6974, worsen_rate 9.00% (保留移除)
  移除 [49] function(memcpyopt): objective 0.6974, mean_norm 0.6974, worsen_rate 9.00% (保留移除)
  移除 [48] module(attributor): objective 0.6974, mean_norm 0.6974, worsen_rate 9.00% (保留移除)
  移除 [47] function(gvn-hoist): objective 0.6974, mean_norm 0.6974, worsen_rate 9.00% (保留移除)
  移除 [46] function(instsimplify): objective 0.6974, mean_norm 0.6974, worsen_rate 9.00% (保留移除)
  移除 [45] module(iroutliner): objective 0.6977 > 0.6974 (恢复)
  移除 [44] module(elim-avail-extern): objective 0.6974, mean_norm 0.6974, worsen_rate 9.00% (保留移除)
  移除 [43] module(attributor): objective 0.6974, mean_norm 0.6974, worsen_rate 9.00% (保留移除)
  移除 [42] module(globalopt): objective 0.6974, mean_norm 0.6974, worsen_rate 9.00% (保留移除)
  移除 [41] function(gvn-hoist): objective 0.6981 > 0.6974 (恢复)
  移除 [40] module(elim-avail-extern): objective 0.6974, mean_norm 0.6974, worsen_rate 9.00% (保留移除)
  移除 [39] function(newgvn): objective 0.6974, mean_norm 0.6974, worsen_rate 9.00% (保留移除)
  移除 [38] module(scc-oz-module-inliner): objective 0.6974, mean_norm 0.6974, worsen_rate 9.00% (保留移除)
  移除 [37] module(elim-avail-extern): objective 0.6974, mean_norm 0.6974, worsen_rate 9.00% (保留移除)
  移除 [36] module(globalopt): objective 0.6974, mean_norm 0.6974, worsen_rate 9.00% (保留移除)
  移除 [35] function(memcpyopt): objective 0.6974, mean_norm 0.6974, worsen_rate 9.00% (保留移除)
  移除 [34] module(globalopt): objective 0.6996 > 0.6974 (恢复)
  移除 [33] module(scc-oz-module-inliner): objective 0.6974, mean_norm 0.6974, worsen_rate 9.00% (保留移除)
  移除 [32] module(scc-oz-module-inliner): objective 0.6974, mean_norm 0.6974, worsen_rate 9.00% (保留移除)
  移除 [31] module(elim-avail-extern): objective 0.6974, mean_norm 0.6974, worsen_rate 9.00% (保留移除)
  移除 [30] function(memcpyopt): objective 0.6974, mean_norm 0.6974, worsen_rate 9.00% (保留移除)
  移除 [29] module(scc-oz-module-inliner): objective 0.6974, mean_norm 0.6974, worsen_rate 9.00% (保留移除)
  移除 [28] function(jump-threading): objective 0.6974, mean_norm 0.6974, worsen_rate 9.00% (保留移除)
  移除 [27] module(attributor): objective 0.6974, mean_norm 0.6974, worsen_rate 9.00% (保留移除)
  移除 [26] module(elim-avail-extern): objective 0.6974, mean_norm 0.6974, worsen_rate 9.00% (保留移除)
  移除 [25] module(attributor): objective 0.6974, mean_norm 0.6974, worsen_rate 9.00% (保留移除)
  移除 [24] module(attributor): objective 0.7082 > 0.6974 (恢复)
  移除 [23] function(jump-threading): objective 0.6974, mean_norm 0.6974, worsen_rate 9.00% (保留移除)
  移除 [22] module(scc-oz-module-inliner): objective 0.7065 > 0.6974 (恢复)
  移除 [21] module(elim-avail-extern): objective 0.6974, mean_norm 0.6974, worsen_rate 9.00% (保留移除)
  移除 [20] module(attributor): objective 0.7080 > 0.6974 (恢复)
  移除 [19] function(jump-threading): objective 0.6974, mean_norm 0.6974, worsen_rate 9.00% (保留移除)
  移除 [18] function(newgvn): objective 0.7052 > 0.6974 (恢复)
  移除 [17] function(instsimplify): objective 0.6974, mean_norm 0.6974, worsen_rate 9.00% (保留移除)
  移除 [16] module(scc-oz-module-inliner): objective 0.7085 > 0.6974 (恢复)
  移除 [15] module(elim-avail-extern): objective 0.6974, mean_norm 0.6974, worsen_rate 9.00% (保留移除)
  移除 [14] module(iroutliner): objective 0.6972, mean_norm 0.6972, worsen_rate 9.00% (保留移除)
  移除 [13] function(dce): objective 0.6972, mean_norm 0.6972, worsen_rate 9.00% (保留移除)
  移除 [12] module(attributor): objective 0.7311 > 0.6972 (恢复)
  移除 [11] module(globalopt): objective 0.6972, mean_norm 0.6972, worsen_rate 9.00% (保留移除)
  移除 [10] module(elim-avail-extern): objective 0.9116 > 0.6972 (恢复)
  移除 [9] function(newgvn): objective 0.7192 > 0.6972 (恢复)
  移除 [8] function(gvn-sink): objective 0.6973 > 0.6972 (恢复)
  移除 [7] module(globalopt): objective 0.6972, mean_norm 0.6972, worsen_rate 9.00% (保留移除)
  移除 [6] function(jump-threading): objective 0.6964, mean_norm 0.6964, worsen_rate 9.00% (保留移除)
  移除 [5] function(memcpyopt): objective 0.6964, mean_norm 0.6964, worsen_rate 9.00% (保留移除)
  移除 [4] module(attributor): objective 0.7777 > 0.6964 (恢复)
  移除 [3] function(gvn-hoist): objective 0.6988 > 0.6964 (恢复)
  移除 [2] function(instsimplify): objective 0.6964, mean_norm 0.6964, worsen_rate 9.00% (保留移除)
  移除 [1] module(iroutliner): objective 0.8212 > 0.6964 (恢复)
  移除 [0] function(gvn-sink): objective 0.7080 > 0.6964 (恢复)
[Ablation-validation] 最终序列长度: 18, objective: 0.6964, mean_norm: 0.6964, worsen_rate: 9.00%, 移除了 75 个 pass
  消融有效: 93 → 18 passes, validation_objective: 0.6974 → 0.6964

最终通用 pass 序列（effective=18 个顶层 pass, raw=18 个 pass, syn_rate(raw)=0.20）:
  function(gvn-sink) → module(iroutliner) → function(gvn-hoist) → module(attributor) → function(gvn-sink) → function(newgvn) → module(elim-avail-extern) → module(attributor) → module(scc-oz-module-inliner) → function(newgvn) → module(attributor) → module(scc-oz-module-inliner) → module(attributor) → module(globalopt) → function(gvn-hoist) → module(iroutliner) → module(inferattrs) → module(scc-oz-module-inliner)
  search_train_obj=0.8189, search_train_mean=0.8189, search_train_worsen=9.00%, search_train_highvar=0.00%
  validation_obj=0.6964, validation_mean=0.6964, validation_worsen=9.00%, validation_highvar=0.00%
  test_obj=0.7981, test_mean=0.7981, test_worsen=8.00%, test_highvar=0.00%

Top-5 最佳序列（按 validation 多目标 objective 升序）:
  #1: validation_obj=0.6974, validation_mean=0.6974, validation_worsen=9.00%, validation_highvar=0.00%, train_obj=0.8110, train_mean=0.8110, train_highvar=0.00%, len=93, syn_rate=0.52, test_obj=0.7978, test_mean=0.7978, test_worsen=8.00%, test_highvar=0.00%
     function(gvn-sink) → module(iroutliner) → function(instsimplify) → function(gvn-hoist) → module(attributor) → function(memcpyopt) → function(jump-threading) → module(globalopt) → function(gvn-sink) → function(newgvn) → module(elim-avail-extern) → module(globalopt) → module(attributor) → function(dce) → module(iroutliner) → module(elim-avail-extern) → module(scc-oz-module-inliner) → function(instsimplify) → function(newgvn) → function(jump-threading) → module(attributor) → module(elim-avail-extern) → module(scc-oz-module-inliner) → function(jump-threading) → module(attributor) → module(attributor) → module(elim-avail-extern) → module(attributor) → function(jump-threading) → module(scc-oz-module-inliner) → function(memcpyopt) → module(elim-avail-extern) → module(scc-oz-module-inliner) → module(scc-oz-module-inliner) → module(globalopt) → function(memcpyopt) → module(globalopt) → module(elim-avail-extern) → module(scc-oz-module-inliner) → function(newgvn) → module(elim-avail-extern) → function(gvn-hoist) → module(globalopt) → module(attributor) → module(elim-avail-extern) → module(iroutliner) → function(instsimplify) → function(gvn-hoist) → module(attributor) → function(memcpyopt) → function(jump-threading) → module(globalopt) → function(gvn-sink) → function(newgvn) → function(gvn-sink) → module(globalopt) → module(attributor) → function(dce) → module(iroutliner) → module(attributor) → function(memcpyopt) → module(scc-oz-module-inliner) → function(jump-threading) → module(elim-avail-extern) → function(gvn-sink) → function(instsimplify) → module(elim-avail-extern) → module(scc-oz-module-inliner) → function(instsimplify) → function(newgvn) → function(jump-threading) → module(inferattrs) → module(attributor) → module(elim-avail-extern) → module(scc-oz-module-inliner) → function(jump-threading) → module(attributor) → module(attributor) → module(elim-avail-extern) → module(attributor) → module(scc-oz-module-inliner) → function(memcpyopt) → module(elim-avail-extern) → module(scc-oz-module-inliner) → module(scc-oz-module-inliner) → module(globalopt) → function(memcpyopt) → module(globalopt) → module(elim-avail-extern) → module(scc-oz-module-inliner) → function(newgvn) → module(elim-avail-extern) → function(gvn-hoist)
  #2: validation_obj=0.7037, validation_mean=0.7037, validation_worsen=10.00%, validation_highvar=0.00%, train_obj=0.8018, train_mean=0.8018, train_highvar=0.00%, len=82, syn_rate=0.55, test_obj=0.7705, test_mean=0.7705, test_worsen=8.00%, test_highvar=0.00%
     module(elim-avail-extern) → module(iroutliner) → function(instsimplify) → function(gvn-hoist) → module(attributor) → function(memcpyopt) → function(jump-threading) → module(globalopt) → function(gvn-sink) → function(newgvn) → function(gvn-sink) → module(globalopt) → module(attributor) → function(dce) → module(iroutliner) → module(elim-avail-extern) → module(scc-oz-module-inliner) → function(jump-threading) → module(attributor) → module(elim-avail-extern) → module(scc-oz-module-inliner) → function(jump-threading) → module(attributor) → module(attributor) → module(elim-avail-extern) → module(attributor) → module(scc-oz-module-inliner) → function(memcpyopt) → module(elim-avail-extern) → module(scc-oz-module-inliner) → module(globalopt) → function(memcpyopt) → module(elim-avail-extern) → function(gvn-hoist) → module(elim-avail-extern) → module(iroutliner) → function(instsimplify) → function(gvn-hoist) → module(attributor) → function(memcpyopt) → function(jump-threading) → function(loop(loop-simplifycfg)) → module(globalopt) → function(gvn-sink) → function(newgvn) → function(gvn-sink) → module(globalopt) → module(attributor) → function(dce) → module(iroutliner) → module(elim-avail-extern) → module(scc-oz-module-inliner) → function(instsimplify) → function(jump-threading) → module(attributor) → module(elim-avail-extern) → module(scc-oz-module-inliner) → function(jump-threading) → module(attributor) → module(attributor) → module(elim-avail-extern) → module(attributor) → function(instsimplify) → module(elim-avail-extern) → function(gvn-hoist) → module(attributor) → module(scc-oz-module-inliner) → function(gvn-sink) → function(newgvn) → function(memcpyopt) → module(elim-avail-extern) → module(scc-oz-module-inliner) → module(scc-oz-module-inliner) → module(globalopt) → module(attributor) → function(memcpyopt) → module(globalopt) → module(elim-avail-extern) → module(scc-oz-module-inliner) → function(newgvn) → module(elim-avail-extern) → function(gvn-hoist)
     raw: module(elim-avail-extern) → module(iroutliner) → function(instsimplify) → function(gvn-hoist) → module(attributor) → function(memcpyopt) → function(jump-threading) → module(globalopt) → function(gvn-sink) → function(newgvn) → function(gvn-sink) → module(globalopt) → module(attributor) → function(dce) → module(iroutliner) → module(elim-avail-extern) → module(scc-oz-module-inliner) → function(jump-threading) → module(attributor) → module(elim-avail-extern) → module(scc-oz-module-inliner) → function(jump-threading) → module(attributor) → module(attributor) → module(elim-avail-extern) → module(attributor) → module(scc-oz-module-inliner) → function(memcpyopt) → module(elim-avail-extern) → module(scc-oz-module-inliner) → module(globalopt) → function(memcpyopt) → module(elim-avail-extern) → function(gvn-hoist) → module(elim-avail-extern) → module(iroutliner) → function(instsimplify) → function(gvn-hoist) → module(attributor) → function(memcpyopt) → function(jump-threading) → loop(loop-simplifycfg) → module(globalopt) → function(gvn-sink) → function(newgvn) → function(gvn-sink) → module(globalopt) → module(attributor) → function(dce) → module(iroutliner) → module(elim-avail-extern) → module(scc-oz-module-inliner) → function(instsimplify) → function(jump-threading) → module(attributor) → module(elim-avail-extern) → module(scc-oz-module-inliner) → function(jump-threading) → module(attributor) → module(attributor) → module(elim-avail-extern) → module(attributor) → function(instsimplify) → module(elim-avail-extern) → function(gvn-hoist) → module(attributor) → module(scc-oz-module-inliner) → function(gvn-sink) → function(newgvn) → function(memcpyopt) → module(elim-avail-extern) → module(scc-oz-module-inliner) → module(scc-oz-module-inliner) → module(globalopt) → module(attributor) → function(memcpyopt) → module(globalopt) → module(elim-avail-extern) → module(scc-oz-module-inliner) → function(newgvn) → module(elim-avail-extern) → function(gvn-hoist)
  #3: validation_obj=0.7061, validation_mean=0.7061, validation_worsen=9.00%, validation_highvar=0.00%, train_obj=0.7994, train_mean=0.7994, train_highvar=0.00%, len=109, syn_rate=0.52, test_obj=0.7607, test_mean=0.7607, test_worsen=6.00%, test_highvar=0.00%
     module(elim-avail-extern) → module(iroutliner) → module(iroutliner) → function(instsimplify) → function(gvn-hoist) → module(attributor) → function(memcpyopt) → function(jump-threading) → module(globalopt) → function(gvn-hoist) → module(elim-avail-extern) → module(iroutliner) → function(instsimplify) → function(gvn-hoist) → module(attributor) → function(memcpyopt) → module(attributor) → module(attributor) → function(dce) → function(gvn-hoist) → function(gvn-hoist) → module(attributor) → function(jump-threading) → module(elim-avail-extern) → function(jump-threading) → function(dce) → module(iroutliner) → module(globalopt) → function(gvn-sink) → function(newgvn) → function(gvn-sink) → module(globalopt) → module(attributor) → function(dce) → module(inferattrs) → module(iroutliner) → module(elim-avail-extern) → module(scc-oz-module-inliner) → function(jump-threading) → module(attributor) → module(elim-avail-extern) → module(scc-oz-module-inliner) → function(jump-threading) → module(attributor) → module(attributor) → module(elim-avail-extern) → module(attributor) → module(scc-oz-module-inliner) → function(memcpyopt) → module(elim-avail-extern) → module(scc-oz-module-inliner) → module(globalopt) → function(memcpyopt) → module(elim-avail-extern) → function(gvn-hoist) → module(elim-avail-extern) → module(iroutliner) → function(instsimplify) → function(gvn-hoist) → module(attributor) → function(memcpyopt) → module(attributor) → function(gvn-hoist) → function(gvn-hoist) → module(attributor) → module(elim-avail-extern) → function(jump-threading) → function(dce) → module(elim-avail-extern) → module(scc-oz-module-inliner) → module(iroutliner) → module(globalopt) → function(gvn-sink) → function(newgvn) → function(jump-threading) → module(globalopt) → function(gvn-sink) → function(newgvn) → function(gvn-sink) → module(globalopt) → module(attributor) → function(dce) → module(iroutliner) → module(elim-avail-extern) → module(scc-oz-module-inliner) → function(instsimplify) → function(newgvn) → function(jump-threading) → module(attributor) → module(elim-avail-extern) → module(scc-oz-module-inliner) → function(jump-threading) → module(attributor) → module(attributor) → module(elim-avail-extern) → module(attributor) → module(scc-oz-module-inliner) → function(memcpyopt) → module(elim-avail-extern) → module(scc-oz-module-inliner) → module(scc-oz-module-inliner) → module(globalopt) → function(memcpyopt) → module(globalopt) → module(elim-avail-extern) → module(scc-oz-module-inliner) → function(newgvn) → module(elim-avail-extern) → function(gvn-hoist)
  #4: validation_obj=0.7092, validation_mean=0.7092, validation_worsen=10.00%, validation_highvar=0.00%, train_obj=0.8068, train_mean=0.8068, train_highvar=0.00%, len=89, syn_rate=0.51, test_obj=0.7760, test_mean=0.7760, test_worsen=8.00%, test_highvar=0.00%
     module(elim-avail-extern) → module(iroutliner) → function(instsimplify) → function(gvn-hoist) → module(attributor) → function(memcpyopt) → function(jump-threading) → module(globalopt) → function(gvn-sink) → function(newgvn) → function(gvn-sink) → module(globalopt) → module(attributor) → function(dce) → module(iroutliner) → module(elim-avail-extern) → module(scc-oz-module-inliner) → function(jump-threading) → function(memcpyopt) → module(iroutliner) → function(gvn-hoist) → function(dce) → module(elim-avail-extern) → module(globalopt) → module(attributor) → module(attributor) → module(elim-avail-extern) → module(scc-oz-module-inliner) → function(jump-threading) → module(attributor) → module(attributor) → module(elim-avail-extern) → module(attributor) → module(scc-oz-module-inliner) → function(memcpyopt) → module(elim-avail-extern) → module(scc-oz-module-inliner) → module(globalopt) → function(memcpyopt) → module(elim-avail-extern) → function(gvn-hoist) → module(elim-avail-extern) → module(iroutliner) → function(instsimplify) → function(gvn-hoist) → module(attributor) → function(memcpyopt) → function(jump-threading) → module(globalopt) → module(attributor) → function(gvn-sink) → function(jump-threading) → function(dce) → function(newgvn) → module(globalopt) → function(gvn-sink) → function(newgvn) → function(gvn-sink) → module(globalopt) → module(attributor) → function(dce) → module(iroutliner) → module(elim-avail-extern) → module(scc-oz-module-inliner) → function(instsimplify) → function(newgvn) → function(jump-threading) → module(attributor) → module(elim-avail-extern) → module(scc-oz-module-inliner) → function(jump-threading) → module(attributor) → module(attributor) → module(elim-avail-extern) → module(attributor) → module(scc-oz-module-inliner) → module(scc-oz-module-inliner) → module(scc-oz-module-inliner) → function(memcpyopt) → module(globalopt) → module(globalopt) → module(elim-avail-extern) → function(memcpyopt) → module(globalopt) → module(elim-avail-extern) → module(scc-oz-module-inliner) → function(newgvn) → module(elim-avail-extern) → function(gvn-hoist)
  #5: validation_obj=0.7092, validation_mean=0.7092, validation_worsen=10.00%, validation_highvar=0.00%, train_obj=0.8068, train_mean=0.8068, train_highvar=0.00%, len=98, syn_rate=0.51, test_obj=0.7760, test_mean=0.7760, test_worsen=8.00%, test_highvar=0.00%
     module(elim-avail-extern) → module(iroutliner) → function(instsimplify) → function(gvn-hoist) → module(attributor) → function(memcpyopt) → function(jump-threading) → module(globalopt) → function(gvn-sink) → function(newgvn) → function(gvn-sink) → module(globalopt) → module(attributor) → function(dce) → module(iroutliner) → module(elim-avail-extern) → module(scc-oz-module-inliner) → function(jump-threading) → module(elim-avail-extern) → module(scc-oz-module-inliner) → function(jump-threading) → module(attributor) → module(attributor) → module(elim-avail-extern) → module(attributor) → module(scc-oz-module-inliner) → function(memcpyopt) → module(elim-avail-extern) → module(scc-oz-module-inliner) → module(globalopt) → function(memcpyopt) → module(elim-avail-extern) → function(gvn-hoist) → module(elim-avail-extern) → module(iroutliner) → function(gvn-hoist) → function(gvn-hoist) → module(attributor) → function(memcpyopt) → function(jump-threading) → module(globalopt) → function(gvn-sink) → function(newgvn) → function(gvn-sink) → module(globalopt) → module(attributor) → function(dce) → module(iroutliner) → module(elim-avail-extern) → module(scc-oz-module-inliner) → function(instsimplify) → function(newgvn) → function(jump-threading) → module(iroutliner) → module(attributor) → module(elim-avail-extern) → module(scc-oz-module-inliner) → function(jump-threading) → module(elim-avail-extern) → module(attributor) → function(gvn-sink) → function(gvn-sink) → function(gvn-sink) → function(gvn-sink) → module(globalopt) → module(globalopt) → module(globalopt) → module(globalopt) → module(globalopt) → module(globalopt) → module(globalopt) → module(elim-avail-extern) → function(memcpyopt) → module(attributor) → module(attributor) → module(elim-avail-extern) → module(attributor) → module(scc-oz-module-inliner) → function(memcpyopt) → module(elim-avail-extern) → module(scc-oz-module-inliner) → module(scc-oz-module-inliner) → module(globalopt) → function(memcpyopt) → function(newgvn) → module(attributor) → module(attributor) → function(gvn-hoist) → function(memcpyopt) → module(attributor) → function(jump-threading) → module(elim-avail-extern) → module(globalopt) → module(elim-avail-extern) → module(scc-oz-module-inliner) → function(newgvn) → module(elim-avail-extern) → function(gvn-hoist)

============================================================
所有轮次中最优 validation objective: 0.6964
最优通用 pass 序列 (18 passes):
  function(gvn-sink) → module(iroutliner) → function(gvn-hoist) → module(attributor) → function(gvn-sink) → function(newgvn) → module(elim-avail-extern) → module(attributor) → module(scc-oz-module-inliner) → function(newgvn) → module(attributor) → module(scc-oz-module-inliner) → module(attributor) → module(globalopt) → function(gvn-hoist) → module(iroutliner) → module(inferattrs) → module(scc-oz-module-inliner)
  search_train_obj=0.8189, search_train_mean=0.8189, search_train_worsen=9.00%, search_train_highvar=0.00%
  validation_obj=0.6964, validation_mean=0.6964, validation_worsen=9.00%, validation_highvar=0.00%
  test_obj=0.7981, test_mean=0.7981, test_worsen=8.00%, test_highvar=0.00%

最优轮次 Top-5 序列（含测试集效果，按 validation objective 升序）:
  #1: validation_obj=0.6974, validation_mean=0.6974, validation_worsen=9.00%, validation_highvar=0.00%, train_obj=0.8110, train_mean=0.8110, train_highvar=0.00%, len=93, syn_rate=0.52, test_obj=0.7978, test_mean=0.7978, test_worsen=8.00%, test_highvar=0.00%
     function(gvn-sink) → module(iroutliner) → function(instsimplify) → function(gvn-hoist) → module(attributor) → function(memcpyopt) → function(jump-threading) → module(globalopt) → function(gvn-sink) → function(newgvn) → module(elim-avail-extern) → module(globalopt) → module(attributor) → function(dce) → module(iroutliner) → module(elim-avail-extern) → module(scc-oz-module-inliner) → function(instsimplify) → function(newgvn) → function(jump-threading) → module(attributor) → module(elim-avail-extern) → module(scc-oz-module-inliner) → function(jump-threading) → module(attributor) → module(attributor) → module(elim-avail-extern) → module(attributor) → function(jump-threading) → module(scc-oz-module-inliner) → function(memcpyopt) → module(elim-avail-extern) → module(scc-oz-module-inliner) → module(scc-oz-module-inliner) → module(globalopt) → function(memcpyopt) → module(globalopt) → module(elim-avail-extern) → module(scc-oz-module-inliner) → function(newgvn) → module(elim-avail-extern) → function(gvn-hoist) → module(globalopt) → module(attributor) → module(elim-avail-extern) → module(iroutliner) → function(instsimplify) → function(gvn-hoist) → module(attributor) → function(memcpyopt) → function(jump-threading) → module(globalopt) → function(gvn-sink) → function(newgvn) → function(gvn-sink) → module(globalopt) → module(attributor) → function(dce) → module(iroutliner) → module(attributor) → function(memcpyopt) → module(scc-oz-module-inliner) → function(jump-threading) → module(elim-avail-extern) → function(gvn-sink) → function(instsimplify) → module(elim-avail-extern) → module(scc-oz-module-inliner) → function(instsimplify) → function(newgvn) → function(jump-threading) → module(inferattrs) → module(attributor) → module(elim-avail-extern) → module(scc-oz-module-inliner) → function(jump-threading) → module(attributor) → module(attributor) → module(elim-avail-extern) → module(attributor) → module(scc-oz-module-inliner) → function(memcpyopt) → module(elim-avail-extern) → module(scc-oz-module-inliner) → module(scc-oz-module-inliner) → module(globalopt) → function(memcpyopt) → module(globalopt) → module(elim-avail-extern) → module(scc-oz-module-inliner) → function(newgvn) → module(elim-avail-extern) → function(gvn-hoist)
  #2: validation_obj=0.7037, validation_mean=0.7037, validation_worsen=10.00%, validation_highvar=0.00%, train_obj=0.8018, train_mean=0.8018, train_highvar=0.00%, len=82, syn_rate=0.55, test_obj=0.7705, test_mean=0.7705, test_worsen=8.00%, test_highvar=0.00%
     module(elim-avail-extern) → module(iroutliner) → function(instsimplify) → function(gvn-hoist) → module(attributor) → function(memcpyopt) → function(jump-threading) → module(globalopt) → function(gvn-sink) → function(newgvn) → function(gvn-sink) → module(globalopt) → module(attributor) → function(dce) → module(iroutliner) → module(elim-avail-extern) → module(scc-oz-module-inliner) → function(jump-threading) → module(attributor) → module(elim-avail-extern) → module(scc-oz-module-inliner) → function(jump-threading) → module(attributor) → module(attributor) → module(elim-avail-extern) → module(attributor) → module(scc-oz-module-inliner) → function(memcpyopt) → module(elim-avail-extern) → module(scc-oz-module-inliner) → module(globalopt) → function(memcpyopt) → module(elim-avail-extern) → function(gvn-hoist) → module(elim-avail-extern) → module(iroutliner) → function(instsimplify) → function(gvn-hoist) → module(attributor) → function(memcpyopt) → function(jump-threading) → function(loop(loop-simplifycfg)) → module(globalopt) → function(gvn-sink) → function(newgvn) → function(gvn-sink) → module(globalopt) → module(attributor) → function(dce) → module(iroutliner) → module(elim-avail-extern) → module(scc-oz-module-inliner) → function(instsimplify) → function(jump-threading) → module(attributor) → module(elim-avail-extern) → module(scc-oz-module-inliner) → function(jump-threading) → module(attributor) → module(attributor) → module(elim-avail-extern) → module(attributor) → function(instsimplify) → module(elim-avail-extern) → function(gvn-hoist) → module(attributor) → module(scc-oz-module-inliner) → function(gvn-sink) → function(newgvn) → function(memcpyopt) → module(elim-avail-extern) → module(scc-oz-module-inliner) → module(scc-oz-module-inliner) → module(globalopt) → module(attributor) → function(memcpyopt) → module(globalopt) → module(elim-avail-extern) → module(scc-oz-module-inliner) → function(newgvn) → module(elim-avail-extern) → function(gvn-hoist)
     raw: module(elim-avail-extern) → module(iroutliner) → function(instsimplify) → function(gvn-hoist) → module(attributor) → function(memcpyopt) → function(jump-threading) → module(globalopt) → function(gvn-sink) → function(newgvn) → function(gvn-sink) → module(globalopt) → module(attributor) → function(dce) → module(iroutliner) → module(elim-avail-extern) → module(scc-oz-module-inliner) → function(jump-threading) → module(attributor) → module(elim-avail-extern) → module(scc-oz-module-inliner) → function(jump-threading) → module(attributor) → module(attributor) → module(elim-avail-extern) → module(attributor) → module(scc-oz-module-inliner) → function(memcpyopt) → module(elim-avail-extern) → module(scc-oz-module-inliner) → module(globalopt) → function(memcpyopt) → module(elim-avail-extern) → function(gvn-hoist) → module(elim-avail-extern) → module(iroutliner) → function(instsimplify) → function(gvn-hoist) → module(attributor) → function(memcpyopt) → function(jump-threading) → loop(loop-simplifycfg) → module(globalopt) → function(gvn-sink) → function(newgvn) → function(gvn-sink) → module(globalopt) → module(attributor) → function(dce) → module(iroutliner) → module(elim-avail-extern) → module(scc-oz-module-inliner) → function(instsimplify) → function(jump-threading) → module(attributor) → module(elim-avail-extern) → module(scc-oz-module-inliner) → function(jump-threading) → module(attributor) → module(attributor) → module(elim-avail-extern) → module(attributor) → function(instsimplify) → module(elim-avail-extern) → function(gvn-hoist) → module(attributor) → module(scc-oz-module-inliner) → function(gvn-sink) → function(newgvn) → function(memcpyopt) → module(elim-avail-extern) → module(scc-oz-module-inliner) → module(scc-oz-module-inliner) → module(globalopt) → module(attributor) → function(memcpyopt) → module(globalopt) → module(elim-avail-extern) → module(scc-oz-module-inliner) → function(newgvn) → module(elim-avail-extern) → function(gvn-hoist)
  #3: validation_obj=0.7061, validation_mean=0.7061, validation_worsen=9.00%, validation_highvar=0.00%, train_obj=0.7994, train_mean=0.7994, train_highvar=0.00%, len=109, syn_rate=0.52, test_obj=0.7607, test_mean=0.7607, test_worsen=6.00%, test_highvar=0.00%
     module(elim-avail-extern) → module(iroutliner) → module(iroutliner) → function(instsimplify) → function(gvn-hoist) → module(attributor) → function(memcpyopt) → function(jump-threading) → module(globalopt) → function(gvn-hoist) → module(elim-avail-extern) → module(iroutliner) → function(instsimplify) → function(gvn-hoist) → module(attributor) → function(memcpyopt) → module(attributor) → module(attributor) → function(dce) → function(gvn-hoist) → function(gvn-hoist) → module(attributor) → function(jump-threading) → module(elim-avail-extern) → function(jump-threading) → function(dce) → module(iroutliner) → module(globalopt) → function(gvn-sink) → function(newgvn) → function(gvn-sink) → module(globalopt) → module(attributor) → function(dce) → module(inferattrs) → module(iroutliner) → module(elim-avail-extern) → module(scc-oz-module-inliner) → function(jump-threading) → module(attributor) → module(elim-avail-extern) → module(scc-oz-module-inliner) → function(jump-threading) → module(attributor) → module(attributor) → module(elim-avail-extern) → module(attributor) → module(scc-oz-module-inliner) → function(memcpyopt) → module(elim-avail-extern) → module(scc-oz-module-inliner) → module(globalopt) → function(memcpyopt) → module(elim-avail-extern) → function(gvn-hoist) → module(elim-avail-extern) → module(iroutliner) → function(instsimplify) → function(gvn-hoist) → module(attributor) → function(memcpyopt) → module(attributor) → function(gvn-hoist) → function(gvn-hoist) → module(attributor) → module(elim-avail-extern) → function(jump-threading) → function(dce) → module(elim-avail-extern) → module(scc-oz-module-inliner) → module(iroutliner) → module(globalopt) → function(gvn-sink) → function(newgvn) → function(jump-threading) → module(globalopt) → function(gvn-sink) → function(newgvn) → function(gvn-sink) → module(globalopt) → module(attributor) → function(dce) → module(iroutliner) → module(elim-avail-extern) → module(scc-oz-module-inliner) → function(instsimplify) → function(newgvn) → function(jump-threading) → module(attributor) → module(elim-avail-extern) → module(scc-oz-module-inliner) → function(jump-threading) → module(attributor) → module(attributor) → module(elim-avail-extern) → module(attributor) → module(scc-oz-module-inliner) → function(memcpyopt) → module(elim-avail-extern) → module(scc-oz-module-inliner) → module(scc-oz-module-inliner) → module(globalopt) → function(memcpyopt) → module(globalopt) → module(elim-avail-extern) → module(scc-oz-module-inliner) → function(newgvn) → module(elim-avail-extern) → function(gvn-hoist)
  #4: validation_obj=0.7092, validation_mean=0.7092, validation_worsen=10.00%, validation_highvar=0.00%, train_obj=0.8068, train_mean=0.8068, train_highvar=0.00%, len=89, syn_rate=0.51, test_obj=0.7760, test_mean=0.7760, test_worsen=8.00%, test_highvar=0.00%
     module(elim-avail-extern) → module(iroutliner) → function(instsimplify) → function(gvn-hoist) → module(attributor) → function(memcpyopt) → function(jump-threading) → module(globalopt) → function(gvn-sink) → function(newgvn) → function(gvn-sink) → module(globalopt) → module(attributor) → function(dce) → module(iroutliner) → module(elim-avail-extern) → module(scc-oz-module-inliner) → function(jump-threading) → function(memcpyopt) → module(iroutliner) → function(gvn-hoist) → function(dce) → module(elim-avail-extern) → module(globalopt) → module(attributor) → module(attributor) → module(elim-avail-extern) → module(scc-oz-module-inliner) → function(jump-threading) → module(attributor) → module(attributor) → module(elim-avail-extern) → module(attributor) → module(scc-oz-module-inliner) → function(memcpyopt) → module(elim-avail-extern) → module(scc-oz-module-inliner) → module(globalopt) → function(memcpyopt) → module(elim-avail-extern) → function(gvn-hoist) → module(elim-avail-extern) → module(iroutliner) → function(instsimplify) → function(gvn-hoist) → module(attributor) → function(memcpyopt) → function(jump-threading) → module(globalopt) → module(attributor) → function(gvn-sink) → function(jump-threading) → function(dce) → function(newgvn) → module(globalopt) → function(gvn-sink) → function(newgvn) → function(gvn-sink) → module(globalopt) → module(attributor) → function(dce) → module(iroutliner) → module(elim-avail-extern) → module(scc-oz-module-inliner) → function(instsimplify) → function(newgvn) → function(jump-threading) → module(attributor) → module(elim-avail-extern) → module(scc-oz-module-inliner) → function(jump-threading) → module(attributor) → module(attributor) → module(elim-avail-extern) → module(attributor) → module(scc-oz-module-inliner) → module(scc-oz-module-inliner) → module(scc-oz-module-inliner) → function(memcpyopt) → module(globalopt) → module(globalopt) → module(elim-avail-extern) → function(memcpyopt) → module(globalopt) → module(elim-avail-extern) → module(scc-oz-module-inliner) → function(newgvn) → module(elim-avail-extern) → function(gvn-hoist)
  #5: validation_obj=0.7092, validation_mean=0.7092, validation_worsen=10.00%, validation_highvar=0.00%, train_obj=0.8068, train_mean=0.8068, train_highvar=0.00%, len=98, syn_rate=0.51, test_obj=0.7760, test_mean=0.7760, test_worsen=8.00%, test_highvar=0.00%
     module(elim-avail-extern) → module(iroutliner) → function(instsimplify) → function(gvn-hoist) → module(attributor) → function(memcpyopt) → function(jump-threading) → module(globalopt) → function(gvn-sink) → function(newgvn) → function(gvn-sink) → module(globalopt) → module(attributor) → function(dce) → module(iroutliner) → module(elim-avail-extern) → module(scc-oz-module-inliner) → function(jump-threading) → module(elim-avail-extern) → module(scc-oz-module-inliner) → function(jump-threading) → module(attributor) → module(attributor) → module(elim-avail-extern) → module(attributor) → module(scc-oz-module-inliner) → function(memcpyopt) → module(elim-avail-extern) → module(scc-oz-module-inliner) → module(globalopt) → function(memcpyopt) → module(elim-avail-extern) → function(gvn-hoist) → module(elim-avail-extern) → module(iroutliner) → function(gvn-hoist) → function(gvn-hoist) → module(attributor) → function(memcpyopt) → function(jump-threading) → module(globalopt) → function(gvn-sink) → function(newgvn) → function(gvn-sink) → module(globalopt) → module(attributor) → function(dce) → module(iroutliner) → module(elim-avail-extern) → module(scc-oz-module-inliner) → function(instsimplify) → function(newgvn) → function(jump-threading) → module(iroutliner) → module(attributor) → module(elim-avail-extern) → module(scc-oz-module-inliner) → function(jump-threading) → module(elim-avail-extern) → module(attributor) → function(gvn-sink) → function(gvn-sink) → function(gvn-sink) → function(gvn-sink) → module(globalopt) → module(globalopt) → module(globalopt) → module(globalopt) → module(globalopt) → module(globalopt) → module(globalopt) → module(elim-avail-extern) → function(memcpyopt) → module(attributor) → module(attributor) → module(elim-avail-extern) → module(attributor) → module(scc-oz-module-inliner) → function(memcpyopt) → module(elim-avail-extern) → module(scc-oz-module-inliner) → module(scc-oz-module-inliner) → module(globalopt) → function(memcpyopt) → function(newgvn) → module(attributor) → module(attributor) → function(gvn-hoist) → function(memcpyopt) → module(attributor) → function(jump-threading) → module(elim-avail-extern) → module(globalopt) → module(elim-avail-extern) → module(scc-oz-module-inliner) → function(newgvn) → module(elim-avail-extern) → function(gvn-hoist)
binarysize_test: vs_none=0.999 (+0.1%)  vs_oz=0.999 (+0.1%)  vs_o3=0.999 (+0.1%) [metric=stripped_file_bytes]
binarysize_test[text_bytes]: vs_none=0.875 (+12.5%)  vs_oz=0.923 (+7.7%)  vs_o3=0.806 (+19.4%)
binarysize_test[data_bytes]: vs_none=0.984 (+1.6%)  vs_oz=0.992 (+0.8%)  vs_o3=0.985 (+1.5%)
binarysize_test[bss_bytes]: vs_none=1.000 (+0.0%)  vs_oz=1.000 (+0.0%)  vs_o3=1.000 (+0.0%)
binarysize_test[dec_bytes]: vs_none=0.897 (+10.3%)  vs_oz=0.939 (+6.1%)  vs_o3=0.846 (+15.4%)

最优轮次 Top-5 binarysize_test 序列面板（primary=stripped_file_bytes）:
  #1: len=93, syn_rate=0.52
     stripped_file_bytes: obj=0.9995, mean=0.9995, worsen=10.00%, vs_none=0.999 (+0.1%)  vs_oz=0.999 (+0.1%)  vs_o3=0.999 (+0.1%)
     text_bytes: obj=0.9230, mean=0.9230, worsen=18.00%, vs_none=0.875 (+12.5%)  vs_oz=0.923 (+7.7%)  vs_o3=0.806 (+19.4%)
     data_bytes: obj=0.9921, mean=0.9921, worsen=12.00%, vs_none=0.984 (+1.6%)  vs_oz=0.992 (+0.8%)  vs_o3=0.985 (+1.5%)
     bss_bytes: obj=1.0000, mean=1.0000, worsen=0.00%, vs_none=1.000 (+0.0%)  vs_oz=1.000 (+0.0%)  vs_o3=1.000 (+0.0%)
     dec_bytes: obj=0.9390, mean=0.9390, worsen=18.00%, vs_none=0.897 (+10.3%)  vs_oz=0.939 (+6.1%)  vs_o3=0.847 (+15.3%)
  #2: len=82, syn_rate=0.55
     stripped_file_bytes: obj=0.9995, mean=0.9995, worsen=10.00%, vs_none=0.999 (+0.1%)  vs_oz=0.999 (+0.1%)  vs_o3=0.999 (+0.1%)
     text_bytes: obj=0.9121, mean=0.9121, worsen=18.00%, vs_none=0.865 (+13.5%)  vs_oz=0.912 (+8.8%)  vs_o3=0.797 (+20.3%)
     data_bytes: obj=0.9910, mean=0.9910, worsen=12.00%, vs_none=0.982 (+1.8%)  vs_oz=0.991 (+0.9%)  vs_o3=0.983 (+1.7%)
     bss_bytes: obj=1.0000, mean=1.0000, worsen=0.00%, vs_none=1.000 (+0.0%)  vs_oz=1.000 (+0.0%)  vs_o3=1.000 (+0.0%)
     dec_bytes: obj=0.9302, mean=0.9302, worsen=18.00%, vs_none=0.889 (+11.1%)  vs_oz=0.930 (+7.0%)  vs_o3=0.839 (+16.1%)
  #3: len=109, syn_rate=0.52
     stripped_file_bytes: obj=0.9995, mean=0.9995, worsen=10.00%, vs_none=0.999 (+0.1%)  vs_oz=0.999 (+0.1%)  vs_o3=0.999 (+0.1%)
     text_bytes: obj=0.9098, mean=0.9098, worsen=18.00%, vs_none=0.860 (+14.0%)  vs_oz=0.910 (+9.0%)  vs_o3=0.795 (+20.5%)
     data_bytes: obj=0.9921, mean=0.9921, worsen=12.00%, vs_none=0.984 (+1.6%)  vs_oz=0.992 (+0.8%)  vs_o3=0.985 (+1.5%)
     bss_bytes: obj=1.0000, mean=1.0000, worsen=0.00%, vs_none=1.000 (+0.0%)  vs_oz=1.000 (+0.0%)  vs_o3=1.000 (+0.0%)
     dec_bytes: obj=0.9287, mean=0.9287, worsen=18.00%, vs_none=0.886 (+11.4%)  vs_oz=0.929 (+7.1%)  vs_o3=0.837 (+16.3%)
  #4: len=89, syn_rate=0.51
     stripped_file_bytes: obj=0.9995, mean=0.9995, worsen=10.00%, vs_none=0.999 (+0.1%)  vs_oz=0.999 (+0.1%)  vs_o3=0.999 (+0.1%)
     text_bytes: obj=0.9158, mean=0.9158, worsen=18.00%, vs_none=0.868 (+13.2%)  vs_oz=0.916 (+8.4%)  vs_o3=0.800 (+20.0%)
     data_bytes: obj=0.9919, mean=0.9919, worsen=12.00%, vs_none=0.983 (+1.7%)  vs_oz=0.992 (+0.8%)  vs_o3=0.984 (+1.6%)
     bss_bytes: obj=1.0000, mean=1.0000, worsen=0.00%, vs_none=1.000 (+0.0%)  vs_oz=1.000 (+0.0%)  vs_o3=1.000 (+0.0%)
     dec_bytes: obj=0.9334, mean=0.9334, worsen=18.00%, vs_none=0.891 (+10.9%)  vs_oz=0.933 (+6.7%)  vs_o3=0.841 (+15.9%)
  #5: len=98, syn_rate=0.51
     stripped_file_bytes: obj=0.9995, mean=0.9995, worsen=10.00%, vs_none=0.999 (+0.1%)  vs_oz=0.999 (+0.1%)  vs_o3=0.999 (+0.1%)
     text_bytes: obj=0.9158, mean=0.9158, worsen=18.00%, vs_none=0.868 (+13.2%)  vs_oz=0.916 (+8.4%)  vs_o3=0.800 (+20.0%)
     data_bytes: obj=0.9919, mean=0.9919, worsen=12.00%, vs_none=0.983 (+1.7%)  vs_oz=0.992 (+0.8%)  vs_o3=0.984 (+1.6%)
     bss_bytes: obj=1.0000, mean=1.0000, worsen=0.00%, vs_none=1.000 (+0.0%)  vs_oz=1.000 (+0.0%)  vs_o3=1.000 (+0.0%)
     dec_bytes: obj=0.9334, mean=0.9334, worsen=18.00%, vs_none=0.891 (+10.9%)  vs_oz=0.933 (+6.7%)  vs_o3=0.841 (+15.9%)
核心调优成本已写入: /root/exp/RFunipassLab/results/instrcount/summaries/20260507_212116_456941_feature_lite_seed459_core_tuning_cost.json
结果已写入: /root/exp/RFunipassLab/results/instrcount/summaries/20260507_212116_456941_feature_lite_seed459.json
总运行时间: 3498.56 秒
