# run_id: 20260510_145825_170219_feature_lite_seed457
# name: feature_lite
# group: feature_ablation
# description: 切换到 Lite 特征编码，保留其余搜索流程不变。
# changed: FEATURE_MODE=lite, GA_GEN=5, GA_POP=200, ITERS=100, MAX_SEQ_LEN=120, MIN_VAL_PROGRAMS=5, SEED_TOPK=0, TEST_TOPK=50, TRAIN_TOPK=200, VAL_RATIO=0.5
# result_json: /root/exp/RFunipassLab/results/instrcount/summaries/20260510_145825_170219_feature_lite_seed457.json
# started_at: 2026-05-10T14:58:25
# control_env:
#   BACKEND_OPT_LEVEL=-O0
#   BINARY_SIZE_METRIC=stripped_file_bytes
#   BINARY_SIZE_REPORT_METRICS=text_bytes,data_bytes,bss_bytes,dec_bytes
#   DECAY=0.5
#   EXPERIMENT_SEED=457
#   FEATURE_MODE=lite
#   GA_ELITE=0.1
#   GA_GEN=5
#   GA_MUT=0.8
#   GA_POP=200
#   GA_TOUR=3
#   ITERS=100
#   LOOP_NESTING_POLICY=wrap
#   MAX_SEQ_LEN=120
#   MIN_VAL_PROGRAMS=5
#   OBJECTIVE_BASELINE=oz
#   OBJECTIVE_KIND=instrcount
#   OBJ_HIGHVAR_W=0.0
#   OBJ_WORSEN_W=0.60
#   OFFSET=20
#   PROGRAM_POOL_KIND=auto
#   RF_EXPLAIN_COUNTERFACTUAL_ENABLE=1
#   RF_EXPLAIN_COUNTERFACTUAL_MAX_EVALS=50
#   RF_EXPLAIN_COUNTERFACTUAL_SPLIT=selection
#   RF_EXPLAIN_COUNTERFACTUAL_TOPK=5
#   RF_EXPLAIN_ENABLE=0
#   RF_EXPLAIN_HOLDOUT_RATIO=0.3
#   RF_EXPLAIN_MIN_SAMPLES=20
#   RF_EXPLAIN_MODE=final
#   RF_EXPLAIN_PERM_REPEATS=10
#   RF_EXPLAIN_TOPK=20
#   RNUM=256
#   RUNS=1
#   RUNTIME_EVAL_MAX_VARIANCE_PCT=15.0
#   RUNTIME_MAX_INNER_REPEATS=64
#   RUNTIME_MAX_VARIANCE_PCT=10.0
#   RUNTIME_REQUIRED_ROWS=0
#   RUNTIME_SAMPLES=5
#   RUNTIME_TARGET_SAMPLE_MS=30.0
#   RUNTIME_TIMEOUT_SEC=2.0
#   SCALE=10
#   SEED_TOPK=0
#   SPLIT_SEED=457
#   TEST_TOPK=50
#   TRAIN_TOPK=200
#   VAL_RATIO=0.5

Loading train/test rows from: /root/exp/RFunipassLab/data/tuning_results.csv
Loaded train programs:       200
Loaded initial seed seqs:    84
Loaded test programs:        50
Objective kind:              instrcount
Program pool kind:           tuning

Loading synergy graph from: /root/exp/RFunipassLab/data/Step3_EnumeratedPairs.csv
All passes (19): ['module(elim-avail-extern)', 'module(scc-oz-module-inliner)', 'module(iroutliner)', 'module(globalopt)', 'function(newgvn)', 'function(mem2reg)', 'function(instsimplify)', 'function(reassociate)', 'function(memcpyopt)', 'function(gvn-hoist)', 'function(dce)', 'function(jump-threading)', 'function(gvn-sink)', 'cgscc(attributor-cgscc)', 'function(dse)', 'module(attributor)', 'module(inferattrs)', 'loop(loop-simplifycfg)', 'function(lower-switch)']
Synergy edges: 176
Self-loop passes: {'cgscc(attributor-cgscc)', 'function(newgvn)', 'module(attributor)'}

============================================================
实验轮次 1 / 1
============================================================
============================================================
目标类型:      instrcount
目标基准:      -Oz
基准指标:      -Oz 基准指令数
优化指标:      归一化指令数
输入程序数:    200
输入次优序列数: 84
测试程序数:    50
Pass 词表大小: 19
协同边数:      176
自环 pass 数:  3
序列长度上限:  120
Loop 合法化策略: wrap
实验种子:      457
划分种子:      457
特征模式:      lite
RF 特征维度:   31
词表: ['module(elim-avail-extern)', 'module(scc-oz-module-inliner)', 'module(iroutliner)', 'module(globalopt)', 'function(newgvn)', 'function(mem2reg)', 'function(instsimplify)', 'function(reassociate)', 'function(memcpyopt)', 'function(gvn-hoist)', 'function(dce)', 'function(jump-threading)', 'function(gvn-sink)', 'cgscc(attributor-cgscc)', 'function(dse)', 'module(attributor)', 'module(inferattrs)', 'loop(loop-simplifycfg)', 'function(lower-switch)']
多目标权重:    mean=1.0, worsen=0.6, highvar=0.0

[Step 1.5] 训练程序切分...
  search_train 程序数: 100
  validation 程序数:   100
  split_signature(search_train): 8cdb16291f35559effd96f7e4420b86a084ca961
  split_signature(validation):   0e8d483fbecaf170dc55da4f941b09188bbf9bf2
  split_signature(test):         f68c78b484e63824ec49becfd7a5e2e2baf475d5

[Step 2] 计算 search_train 程序 -Oz 基准指令数...
[Step 2b] 计算 validation 程序 -Oz 基准指令数...
[Step 2c] 计算测试集程序 -Oz 基准指令数...

[Step 3] 评估初始 seed 序列（共 84 条）...

[Step 4] 开始贝叶斯优化（100 轮）...
GA search time: 11.21s, candidates: 372
  [iter   1/100] search_obj=0.8507  search_best=0.8507  validation_best=0.8874  EI=0.0203  rnum=172.7  len=31  syn_rate=0.35  mean=0.7847  worsen=11.00%  highvar=0.00%
GA search time: 16.36s, candidates: 370
  [iter   2/100] search_obj=0.8499  search_best=0.8499  validation_best=0.8874  EI=0.0274  rnum=170.6  len=32  syn_rate=0.40  mean=0.7839  worsen=11.00%  highvar=0.00%
GA search time: 15.27s, candidates: 368
  [iter   3/100] search_obj=0.8474  search_best=0.8474  validation_best=0.8874  EI=0.0314  rnum=168.4  len=45  syn_rate=0.37  mean=0.7814  worsen=11.00%  highvar=0.00%
GA search time: 14.95s, candidates: 366
  [iter   4/100] search_obj=0.8755  search_best=0.8474  validation_best=0.8874  EI=0.0291  rnum=166.3  len=38  syn_rate=0.38  mean=0.7975  worsen=13.00%  highvar=0.00%
GA search time: 13.39s, candidates: 364
  [iter   5/100] search_obj=0.8844  search_best=0.8474  validation_best=0.8874  EI=0.0345  rnum=164.2  len=86  syn_rate=0.57  mean=0.8004  worsen=14.00%  highvar=0.00%
GA search time: 15.45s, candidates: 362
  [iter   6/100] search_obj=1.4492  search_best=0.8474  validation_best=0.8874  EI=0.0344  rnum=162.0  len=62  syn_rate=0.36  mean=0.9992  worsen=75.00%  highvar=0.00%
GA search time: 22.85s, candidates: 359
  [iter   7/100] search_obj=0.8505  search_best=0.8474  validation_best=0.8874  EI=0.0404  rnum=159.9  len=35  syn_rate=0.43  mean=0.7845  worsen=11.00%  highvar=0.00%
GA search time: 22.22s, candidates: 357
  [iter   8/100] search_obj=1.3055  search_best=0.8474  validation_best=0.8874  EI=0.0406  rnum=157.7  len=74  syn_rate=0.48  mean=0.9695  worsen=56.00%  highvar=0.00%
GA search time: 8.25s, candidates: 355
  [iter   9/100] search_obj=1.0974  search_best=0.8474  validation_best=0.8874  EI=0.0406  rnum=155.6  len=57  syn_rate=0.41  mean=0.9534  worsen=24.00%  highvar=0.00%
GA search time: 6.19s, candidates: 353
  [iter  10/100] search_obj=1.5190  search_best=0.8474  validation_best=0.8874  EI=0.0357  rnum=153.4  len=59  syn_rate=0.41  mean=1.0450  worsen=79.00%  highvar=0.00%
GA search time: 7.93s, candidates: 351
  [iter  11/100] search_obj=1.5128  search_best=0.8474  validation_best=0.8874  EI=0.0424  rnum=151.3  len=34  syn_rate=0.24  mean=1.0448  worsen=78.00%  highvar=0.00%
GA search time: 5.83s, candidates: 349
  [iter  12/100] search_obj=0.8474  search_best=0.8474  validation_best=0.8874  EI=0.0437  rnum=149.1  len=46  syn_rate=0.44  mean=0.7814  worsen=11.00%  highvar=0.00%
GA search time: 7.41s, candidates: 346
  [iter  13/100] search_obj=1.1088  search_best=0.8474  validation_best=0.8874  EI=0.0487  rnum=147.0  len=51  syn_rate=0.43  mean=0.9948  worsen=19.00%  highvar=0.00%
GA search time: 6.49s, candidates: 344
  [iter  14/100] search_obj=0.8594  search_best=0.8474  validation_best=0.8874  EI=0.0479  rnum=144.8  len=39  syn_rate=0.41  mean=0.7934  worsen=11.00%  highvar=0.00%
GA search time: 7.00s, candidates: 342
  [iter  15/100] search_obj=0.9660  search_best=0.8474  validation_best=0.8874  EI=0.0413  rnum=142.7  len=40  syn_rate=0.41  mean=0.8820  worsen=14.00%  highvar=0.00%
GA search time: 6.37s, candidates: 340
  [iter  16/100] search_obj=1.0994  search_best=0.8474  validation_best=0.8874  EI=0.0462  rnum=140.5  len=30  syn_rate=0.30  mean=0.9494  worsen=25.00%  highvar=0.00%
GA search time: 7.61s, candidates: 338
  [iter  17/100] search_obj=1.2238  search_best=0.8474  validation_best=0.8874  EI=0.0458  rnum=138.4  len=45  syn_rate=0.36  mean=0.8878  worsen=56.00%  highvar=0.00%
GA search time: 9.24s, candidates: 336
  [iter  18/100] search_obj=0.8486  search_best=0.8474  validation_best=0.8643  EI=0.0369  rnum=136.3  len=35  syn_rate=0.38  mean=0.7766  worsen=12.00%  highvar=0.00%
GA search time: 11.21s, candidates: 334
  [iter  19/100] search_obj=0.8524  search_best=0.8474  validation_best=0.8643  EI=0.0439  rnum=134.2  len=39  syn_rate=0.38  mean=0.7864  worsen=11.00%  highvar=0.00%
GA search time: 10.79s, candidates: 332
  [iter  20/100] search_obj=0.8134  search_best=0.8134  validation_best=0.8085  EI=0.0429  rnum=132.1  len=36  syn_rate=0.39  mean=0.7594  worsen=9.00%  highvar=0.00%
GA search time: 8.66s, candidates: 329
  [iter  21/100] search_obj=1.5115  search_best=0.8134  validation_best=0.8085  EI=0.0369  rnum=130.0  len=36  syn_rate=0.28  mean=1.0435  worsen=78.00%  highvar=0.00%
GA search time: 8.20s, candidates: 327
  [iter  22/100] search_obj=0.8143  search_best=0.8134  validation_best=0.8084  EI=0.0388  rnum=127.9  len=38  syn_rate=0.37  mean=0.7603  worsen=9.00%  highvar=0.00%
GA search time: 8.69s, candidates: 325
  [iter  23/100] search_obj=1.1085  search_best=0.8134  validation_best=0.8084  EI=0.0364  rnum=125.8  len=53  syn_rate=0.48  mean=0.9945  worsen=19.00%  highvar=0.00%
GA search time: 7.01s, candidates: 323
  [iter  24/100] search_obj=1.1262  search_best=0.8134  validation_best=0.8084  EI=0.0410  rnum=123.7  len=33  syn_rate=0.36  mean=0.9942  worsen=22.00%  highvar=0.00%
GA search time: 6.44s, candidates: 321
  [iter  25/100] search_obj=0.8507  search_best=0.8134  validation_best=0.8084  EI=0.0343  rnum=121.6  len=36  syn_rate=0.35  mean=0.7847  worsen=11.00%  highvar=0.00%
GA search time: 5.54s, candidates: 319
  [iter  26/100] search_obj=1.1286  search_best=0.8134  validation_best=0.8084  EI=0.0327  rnum=119.6  len=32  syn_rate=0.34  mean=0.9966  worsen=22.00%  highvar=0.00%
GA search time: 9.67s, candidates: 317
  [iter  27/100] search_obj=0.8144  search_best=0.8134  validation_best=0.8084  EI=0.0388  rnum=117.5  len=40  syn_rate=0.39  mean=0.7604  worsen=9.00%  highvar=0.00%
GA search time: 7.70s, candidates: 315
  [iter  28/100] search_obj=0.8141  search_best=0.8134  validation_best=0.8084  EI=0.0344  rnum=115.5  len=41  syn_rate=0.39  mean=0.7601  worsen=9.00%  highvar=0.00%
GA search time: 6.98s, candidates: 313
  [iter  29/100] search_obj=0.8140  search_best=0.8134  validation_best=0.8084  EI=0.0346  rnum=113.5  len=44  syn_rate=0.41  mean=0.7600  worsen=9.00%  highvar=0.00%
GA search time: 7.41s, candidates: 311
  [iter  30/100] search_obj=0.8134  search_best=0.8134  validation_best=0.8084  EI=0.0420  rnum=111.5  len=40  syn_rate=0.35  mean=0.7594  worsen=9.00%  highvar=0.00%
GA search time: 6.25s, candidates: 309
  [iter  31/100] search_obj=0.8809  search_best=0.8134  validation_best=0.8084  EI=0.0362  rnum=109.5  len=39  syn_rate=0.38  mean=0.8029  worsen=13.00%  highvar=0.00%
GA search time: 6.70s, candidates: 307
  [iter  32/100] search_obj=1.4424  search_best=0.8134  validation_best=0.8084  EI=0.0376  rnum=107.6  len=43  syn_rate=0.36  mean=0.9984  worsen=74.00%  highvar=0.00%
GA search time: 6.30s, candidates: 305
  [iter  33/100] search_obj=0.8144  search_best=0.8134  validation_best=0.8084  EI=0.0496  rnum=105.6  len=45  syn_rate=0.41  mean=0.7604  worsen=9.00%  highvar=0.00%
GA search time: 5.51s, candidates: 303
  [iter  34/100] search_obj=0.8134  search_best=0.8134  validation_best=0.8084  EI=0.0383  rnum=103.7  len=46  syn_rate=0.35  mean=0.7594  worsen=9.00%  highvar=0.00%
GA search time: 5.90s, candidates: 301
  [iter  35/100] search_obj=0.8144  search_best=0.8134  validation_best=0.8084  EI=0.0404  rnum=101.7  len=47  syn_rate=0.41  mean=0.7604  worsen=9.00%  highvar=0.00%
GA search time: 5.26s, candidates: 299
  [iter  36/100] search_obj=0.9667  search_best=0.8134  validation_best=0.8084  EI=0.0412  rnum=99.8  len=49  syn_rate=0.41  mean=0.8827  worsen=14.00%  highvar=0.00%
GA search time: 5.08s, candidates: 297
  [iter  37/100] search_obj=0.8134  search_best=0.8134  validation_best=0.8084  EI=0.0497  rnum=97.9  len=36  syn_rate=0.39  mean=0.7594  worsen=9.00%  highvar=0.00%
GA search time: 5.10s, candidates: 296
  [iter  38/100] search_obj=1.2810  search_best=0.8134  validation_best=0.8084  EI=0.0381  rnum=96.1  len=45  syn_rate=0.39  mean=0.9690  worsen=52.00%  highvar=0.00%
GA search time: 5.05s, candidates: 294
  [iter  39/100] search_obj=0.8135  search_best=0.8134  validation_best=0.8084  EI=0.0429  rnum=94.2  len=41  syn_rate=0.41  mean=0.7595  worsen=9.00%  highvar=0.00%
GA search time: 7.67s, candidates: 292
  [iter  40/100] search_obj=0.8135  search_best=0.8134  validation_best=0.8084  EI=0.0339  rnum=92.4  len=42  syn_rate=0.41  mean=0.7595  worsen=9.00%  highvar=0.00%
GA search time: 8.47s, candidates: 290
  [iter  41/100] search_obj=0.8467  search_best=0.8134  validation_best=0.8084  EI=0.0415  rnum=90.5  len=48  syn_rate=0.36  mean=0.7807  worsen=11.00%  highvar=0.00%
GA search time: 6.66s, candidates: 288
  [iter  42/100] search_obj=0.9971  search_best=0.8134  validation_best=0.8084  EI=0.0538  rnum=88.7  len=42  syn_rate=0.36  mean=0.8951  worsen=17.00%  highvar=0.00%
GA search time: 6.95s, candidates: 286
  [iter  43/100] search_obj=0.8137  search_best=0.8134  validation_best=0.8084  EI=0.0385  rnum=87.0  len=35  syn_rate=0.39  mean=0.7597  worsen=9.00%  highvar=0.00%
GA search time: 7.00s, candidates: 285
  [iter  44/100] search_obj=0.8139  search_best=0.8134  validation_best=0.8084  EI=0.0425  rnum=85.2  len=39  syn_rate=0.39  mean=0.7599  worsen=9.00%  highvar=0.00%
GA search time: 6.88s, candidates: 283
  [iter  45/100] search_obj=0.9618  search_best=0.8134  validation_best=0.8084  EI=0.0346  rnum=83.5  len=41  syn_rate=0.39  mean=0.8778  worsen=14.00%  highvar=0.00%
GA search time: 6.97s, candidates: 281
  [iter  46/100] search_obj=0.8142  search_best=0.8134  validation_best=0.8084  EI=0.0432  rnum=81.7  len=37  syn_rate=0.39  mean=0.7602  worsen=9.00%  highvar=0.00%
GA search time: 6.38s, candidates: 280
  [iter  47/100] search_obj=1.0251  search_best=0.8134  validation_best=0.8084  EI=0.0403  rnum=80.0  len=37  syn_rate=0.40  mean=0.9411  worsen=14.00%  highvar=0.00%
GA search time: 6.68s, candidates: 278
  [iter  48/100] search_obj=0.8144  search_best=0.8134  validation_best=0.8084  EI=0.0375  rnum=78.4  len=46  syn_rate=0.45  mean=0.7604  worsen=9.00%  highvar=0.00%
GA search time: 7.20s, candidates: 276
  [iter  49/100] search_obj=1.1227  search_best=0.8134  validation_best=0.8084  EI=0.0360  rnum=76.7  len=38  syn_rate=0.35  mean=0.9967  worsen=21.00%  highvar=0.00%
GA search time: 6.09s, candidates: 275
  [iter  50/100] search_obj=0.9971  search_best=0.8134  validation_best=0.8084  EI=0.0370  rnum=75.1  len=37  syn_rate=0.39  mean=0.8951  worsen=17.00%  highvar=0.00%
GA search time: 5.92s, candidates: 273
  [iter  51/100] search_obj=0.8617  search_best=0.8134  validation_best=0.8084  EI=0.0360  rnum=73.4  len=45  syn_rate=0.40  mean=0.8077  worsen=9.00%  highvar=0.00%
GA search time: 8.62s, candidates: 271
  [iter  52/100] search_obj=1.0255  search_best=0.8134  validation_best=0.8084  EI=0.0325  rnum=71.8  len=46  syn_rate=0.37  mean=0.9415  worsen=14.00%  highvar=0.00%
GA search time: 7.97s, candidates: 270
  [iter  53/100] search_obj=0.9676  search_best=0.8134  validation_best=0.8084  EI=0.0309  rnum=70.3  len=42  syn_rate=0.37  mean=0.8416  worsen=21.00%  highvar=0.00%
GA search time: 8.83s, candidates: 268
  [iter  54/100] search_obj=0.8134  search_best=0.8134  validation_best=0.8084  EI=0.0358  rnum=68.7  len=36  syn_rate=0.39  mean=0.7594  worsen=9.00%  highvar=0.00%
GA search time: 8.58s, candidates: 267
  [iter  55/100] search_obj=1.0416  search_best=0.8134  validation_best=0.8084  EI=0.0346  rnum=67.2  len=41  syn_rate=0.45  mean=0.9456  worsen=16.00%  highvar=0.00%
GA search time: 6.13s, candidates: 265
  [iter  56/100] search_obj=0.8617  search_best=0.8134  validation_best=0.8084  EI=0.0320  rnum=65.7  len=47  syn_rate=0.40  mean=0.8077  worsen=9.00%  highvar=0.00%
GA search time: 7.56s, candidates: 264
  [iter  57/100] search_obj=0.9977  search_best=0.8134  validation_best=0.8084  EI=0.0274  rnum=64.2  len=35  syn_rate=0.35  mean=0.8957  worsen=17.00%  highvar=0.00%
GA search time: 7.67s, candidates: 262
  [iter  58/100] search_obj=1.0492  search_best=0.8134  validation_best=0.8084  EI=0.0267  rnum=62.7  len=35  syn_rate=0.36  mean=0.9472  worsen=17.00%  highvar=0.00%
GA search time: 7.58s, candidates: 261
  [iter  59/100] search_obj=1.0247  search_best=0.8134  validation_best=0.8084  EI=0.0256  rnum=61.3  len=46  syn_rate=0.39  mean=0.9407  worsen=14.00%  highvar=0.00%
GA search time: 7.96s, candidates: 259
  [iter  60/100] search_obj=0.9692  search_best=0.8134  validation_best=0.8084  EI=0.0333  rnum=59.8  len=44  syn_rate=0.34  mean=0.8852  worsen=14.00%  highvar=0.00%
GA search time: 8.23s, candidates: 258
  [iter  61/100] search_obj=0.8144  search_best=0.8134  validation_best=0.8084  EI=0.0325  rnum=58.4  len=72  syn_rate=0.41  mean=0.7604  worsen=9.00%  highvar=0.00%
GA search time: 8.35s, candidates: 257
  [iter  62/100] search_obj=0.8144  search_best=0.8134  validation_best=0.8084  EI=0.0391  rnum=57.0  len=73  syn_rate=0.40  mean=0.7604  worsen=9.00%  highvar=0.00%
GA search time: 12.25s, candidates: 255
  [iter  63/100] search_obj=0.9953  search_best=0.8134  validation_best=0.8084  EI=0.0330  rnum=55.7  len=56  syn_rate=0.39  mean=0.7973  worsen=33.00%  highvar=0.00%
GA search time: 8.74s, candidates: 254
  [iter  64/100] search_obj=0.8467  search_best=0.8134  validation_best=0.8084  EI=0.0280  rnum=54.3  len=56  syn_rate=0.36  mean=0.7807  worsen=11.00%  highvar=0.00%
GA search time: 7.24s, candidates: 253
  [iter  65/100] search_obj=1.0240  search_best=0.8134  validation_best=0.8084  EI=0.0312  rnum=53.0  len=55  syn_rate=0.35  mean=0.9400  worsen=14.00%  highvar=0.00%
GA search time: 9.70s, candidates: 251
  [iter  66/100] search_obj=0.8144  search_best=0.8134  validation_best=0.8084  EI=0.0307  rnum=51.7  len=76  syn_rate=0.40  mean=0.7604  worsen=9.00%  highvar=0.00%
GA search time: 8.84s, candidates: 250
  [iter  67/100] search_obj=0.8132  search_best=0.8132  validation_best=0.8084  EI=0.0280  rnum=50.5  len=50  syn_rate=0.35  mean=0.7592  worsen=9.00%  highvar=0.00%
GA search time: 10.25s, candidates: 249
  [iter  68/100] search_obj=0.9664  search_best=0.8132  validation_best=0.8084  EI=0.0351  rnum=49.2  len=41  syn_rate=0.36  mean=0.8824  worsen=14.00%  highvar=0.00%
GA search time: 9.91s, candidates: 247
  [iter  69/100] search_obj=0.8104  search_best=0.8104  validation_best=0.8079  EI=0.0338  rnum=48.0  len=66  syn_rate=0.38  mean=0.7564  worsen=9.00%  highvar=0.00%
GA search time: 10.54s, candidates: 246
  [iter  70/100] search_obj=0.7976  search_best=0.7976  validation_best=0.8079  EI=0.0360  rnum=46.8  len=119  syn_rate=0.45  mean=0.7436  worsen=9.00%  highvar=0.00%
GA search time: 15.91s, candidates: 245
  [iter  71/100] search_obj=0.7980  search_best=0.7976  validation_best=0.8049  EI=0.0319  rnum=45.6  len=120  syn_rate=0.42  mean=0.7440  worsen=9.00%  highvar=0.00%
GA search time: 14.94s, candidates: 244
  [iter  72/100] search_obj=0.9664  search_best=0.7976  validation_best=0.8049  EI=0.0270  rnum=44.4  len=119  syn_rate=0.46  mean=0.8524  worsen=19.00%  highvar=0.00%
GA search time: 11.93s, candidates: 243
  [iter  73/100] search_obj=0.8477  search_best=0.7976  validation_best=0.8049  EI=0.0216  rnum=43.3  len=119  syn_rate=0.42  mean=0.7937  worsen=9.00%  highvar=0.00%
GA search time: 12.43s, candidates: 242
  [iter  74/100] search_obj=1.0246  search_best=0.7976  validation_best=0.8049  EI=0.0239  rnum=42.2  len=47  syn_rate=0.36  mean=0.9406  worsen=14.00%  highvar=0.00%
GA search time: 12.78s, candidates: 241
  [iter  75/100] search_obj=0.8088  search_best=0.7976  validation_best=0.8049  EI=0.0216  rnum=41.1  len=78  syn_rate=0.57  mean=0.7488  worsen=10.00%  highvar=0.00%
GA search time: 12.40s, candidates: 239
  [iter  76/100] search_obj=0.8851  search_best=0.7976  validation_best=0.8049  EI=0.0391  rnum=40.0  len=102  syn_rate=0.57  mean=0.8011  worsen=14.00%  highvar=0.00%
GA search time: 14.47s, candidates: 238
  [iter  77/100] search_obj=1.1658  search_best=0.7976  validation_best=0.8049  EI=0.0280  rnum=38.9  len=59  syn_rate=0.46  mean=1.0098  worsen=26.00%  highvar=0.00%
GA search time: 11.61s, candidates: 237
  [iter  78/100] search_obj=0.8833  search_best=0.7976  validation_best=0.8049  EI=0.0276  rnum=37.9  len=117  syn_rate=0.61  mean=0.7993  worsen=14.00%  highvar=0.00%
GA search time: 11.48s, candidates: 236
  [iter  79/100] search_obj=1.3002  search_best=0.7976  validation_best=0.8049  EI=0.0253  rnum=36.9  len=117  syn_rate=0.49  mean=0.9642  worsen=56.00%  highvar=0.00%
GA search time: 12.93s, candidates: 235
  [iter  80/100] search_obj=0.8833  search_best=0.7976  validation_best=0.8049  EI=0.0262  rnum=35.9  len=96  syn_rate=0.57  mean=0.7993  worsen=14.00%  highvar=0.00%
GA search time: 10.71s, candidates: 234
  [iter  81/100] search_obj=0.8467  search_best=0.7976  validation_best=0.8049  EI=0.0218  rnum=34.9  len=80  syn_rate=0.38  mean=0.7807  worsen=11.00%  highvar=0.00%
GA search time: 11.73s, candidates: 233
  [iter  82/100] search_obj=0.8768  search_best=0.7976  validation_best=0.8049  EI=0.0269  rnum=33.9  len=64  syn_rate=0.54  mean=0.7928  worsen=14.00%  highvar=0.00%
GA search time: 11.59s, candidates: 233
  [iter  83/100] search_obj=1.0490  search_best=0.7976  validation_best=0.8049  EI=0.0255  rnum=33.0  len=72  syn_rate=0.54  mean=0.9230  worsen=21.00%  highvar=0.00%
GA search time: 9.34s, candidates: 232
  [iter  84/100] search_obj=1.1147  search_best=0.7976  validation_best=0.8049  EI=0.0312  rnum=32.1  len=87  syn_rate=0.51  mean=0.9947  worsen=20.00%  highvar=0.00%
GA search time: 12.17s, candidates: 231
  [iter  85/100] search_obj=1.1076  search_best=0.7976  validation_best=0.8049  EI=0.0246  rnum=31.2  len=81  syn_rate=0.61  mean=0.9936  worsen=19.00%  highvar=0.00%
GA search time: 9.95s, candidates: 230
  [iter  86/100] search_obj=0.9599  search_best=0.7976  validation_best=0.8049  EI=0.0217  rnum=30.3  len=78  syn_rate=0.43  mean=0.8459  worsen=19.00%  highvar=0.00%
GA search time: 9.86s, candidates: 229
  [iter  87/100] search_obj=0.8480  search_best=0.7976  validation_best=0.8049  EI=0.0225  rnum=29.5  len=120  syn_rate=0.41  mean=0.7820  worsen=11.00%  highvar=0.00%
GA search time: 8.32s, candidates: 228
  [iter  88/100] search_obj=1.5046  search_best=0.7976  validation_best=0.8049  EI=0.0252  rnum=28.6  len=50  syn_rate=0.35  mean=1.0426  worsen=77.00%  highvar=0.00%
GA search time: 10.45s, candidates: 227
  [iter  89/100] search_obj=1.0303  search_best=0.7976  validation_best=0.8049  EI=0.0263  rnum=27.8  len=69  syn_rate=0.36  mean=0.9043  worsen=21.00%  highvar=0.00%
GA search time: 7.82s, candidates: 226
  [iter  90/100] search_obj=1.0706  search_best=0.7976  validation_best=0.8049  EI=0.0219  rnum=27.0  len=53  syn_rate=0.37  mean=0.9566  worsen=19.00%  highvar=0.00%
GA search time: 11.25s, candidates: 226
  [iter  91/100] search_obj=1.1122  search_best=0.7976  validation_best=0.8049  EI=0.0271  rnum=26.2  len=119  syn_rate=0.57  mean=0.8662  worsen=41.00%  highvar=0.00%
GA search time: 9.28s, candidates: 225
  [iter  92/100] search_obj=1.0161  search_best=0.7976  validation_best=0.8049  EI=0.0231  rnum=25.4  len=54  syn_rate=0.40  mean=0.9381  worsen=13.00%  highvar=0.00%
GA search time: 8.75s, candidates: 224
  [iter  93/100] search_obj=0.7897  search_best=0.7897  validation_best=0.8049  EI=0.0288  rnum=24.7  len=50  syn_rate=0.35  mean=0.7417  worsen=8.00%  highvar=0.00%
GA search time: 7.10s, candidates: 223
  [iter  94/100] search_obj=0.8131  search_best=0.7897  validation_best=0.8049  EI=0.0228  rnum=24.0  len=50  syn_rate=0.38  mean=0.7591  worsen=9.00%  highvar=0.00%
GA search time: 5.23s, candidates: 223
  [iter  95/100] search_obj=0.8503  search_best=0.7897  validation_best=0.8049  EI=0.0189  rnum=23.3  len=37  syn_rate=0.36  mean=0.7843  worsen=11.00%  highvar=0.00%
GA search time: 9.29s, candidates: 222
  [iter  96/100] search_obj=0.8507  search_best=0.7897  validation_best=0.8049  EI=0.0223  rnum=22.6  len=38  syn_rate=0.35  mean=0.7847  worsen=11.00%  highvar=0.00%
GA search time: 7.13s, candidates: 221
  [iter  97/100] search_obj=1.0311  search_best=0.7897  validation_best=0.8049  EI=0.0169  rnum=21.9  len=66  syn_rate=0.44  mean=0.9411  worsen=15.00%  highvar=0.00%
GA search time: 7.17s, candidates: 221
  [iter  98/100] search_obj=1.4681  search_best=0.7897  validation_best=0.8049  EI=0.0169  rnum=21.2  len=78  syn_rate=0.60  mean=1.0121  worsen=76.00%  highvar=0.00%
GA search time: 8.72s, candidates: 220
  [iter  99/100] search_obj=1.4189  search_best=0.7897  validation_best=0.8049  EI=0.0220  rnum=20.6  len=36  syn_rate=0.35  mean=0.9869  worsen=72.00%  highvar=0.00%
GA search time: 7.92s, candidates: 219
  [iter 100/100] search_obj=0.8524  search_best=0.7897  validation_best=0.8049  EI=0.0192  rnum=19.9  len=71  syn_rate=0.39  mean=0.7864  worsen=11.00%  highvar=0.00%

[Step 5] 按 validation 选择最终通用序列...
  选择结果:
    search_train_obj=0.7980, search_train_mean=0.7440, search_train_worsen=9.00%, search_train_highvar=0.00%
    validation_obj=0.8049, validation_mean=0.7329, validation_worsen=12.00%, validation_highvar=0.00%

[Step 6] 在 validation 上执行消融后处理...

[Ablation-validation] 初始序列长度: 120, objective: 0.8049, mean_norm: 0.7329, worsen_rate: 12.00%
  移除 [119] module(globalopt): objective 0.8049, mean_norm 0.7329, worsen_rate 12.00% (保留移除)
  移除 [118] module(iroutliner): objective 0.8049, mean_norm 0.7329, worsen_rate 12.00% (保留移除)
  移除 [117] module(globalopt): objective 0.8049, mean_norm 0.7329, worsen_rate 12.00% (保留移除)
  移除 [116] module(scc-oz-module-inliner): objective 0.8049, mean_norm 0.7329, worsen_rate 12.00% (保留移除)
  移除 [115] module(scc-oz-module-inliner): objective 0.8717 > 0.8049 (恢复)
  移除 [114] module(attributor): objective 0.8049, mean_norm 0.7329, worsen_rate 12.00% (保留移除)
  移除 [113] module(iroutliner): objective 0.8049, mean_norm 0.7329, worsen_rate 12.00% (保留移除)
  移除 [112] function(instsimplify): objective 0.8049, mean_norm 0.7329, worsen_rate 12.00% (保留移除)
  移除 [111] module(elim-avail-extern): objective 0.8049, mean_norm 0.7329, worsen_rate 12.00% (保留移除)
  移除 [110] module(elim-avail-extern): objective 0.8049, mean_norm 0.7329, worsen_rate 12.00% (保留移除)
  移除 [109] function(dse): objective 0.8049, mean_norm 0.7329, worsen_rate 12.00% (保留移除)
  移除 [108] module(elim-avail-extern): objective 0.8049, mean_norm 0.7329, worsen_rate 12.00% (保留移除)
  移除 [107] module(elim-avail-extern): objective 0.8049, mean_norm 0.7329, worsen_rate 12.00% (保留移除)
  移除 [106] function(dse): objective 0.8049, mean_norm 0.7329, worsen_rate 12.00% (保留移除)
  移除 [105] module(attributor): objective 0.8049, mean_norm 0.7329, worsen_rate 12.00% (保留移除)
  移除 [104] module(attributor): objective 0.8049, mean_norm 0.7329, worsen_rate 12.00% (保留移除)
  移除 [103] module(iroutliner): objective 0.8049, mean_norm 0.7329, worsen_rate 12.00% (保留移除)
  移除 [102] module(iroutliner): objective 0.8049, mean_norm 0.7329, worsen_rate 12.00% (保留移除)
  移除 [101] module(iroutliner): objective 0.8049, mean_norm 0.7329, worsen_rate 12.00% (保留移除)
  移除 [100] loop(loop-simplifycfg): objective 0.8049, mean_norm 0.7329, worsen_rate 12.00% (保留移除)
  移除 [99] module(inferattrs): objective 0.8049, mean_norm 0.7329, worsen_rate 12.00% (保留移除)
  移除 [98] function(gvn-sink): objective 0.8049, mean_norm 0.7329, worsen_rate 12.00% (保留移除)
  移除 [97] module(scc-oz-module-inliner): objective 0.8049, mean_norm 0.7329, worsen_rate 12.00% (保留移除)
  移除 [96] module(scc-oz-module-inliner): objective 0.8049, mean_norm 0.7329, worsen_rate 12.00% (保留移除)
  移除 [95] module(attributor): objective 0.8049, mean_norm 0.7329, worsen_rate 12.00% (保留移除)
  移除 [94] function(dse): objective 0.8049, mean_norm 0.7329, worsen_rate 12.00% (保留移除)
  移除 [93] module(attributor): objective 0.8091 > 0.8049 (恢复)
  移除 [92] module(iroutliner): objective 0.8049, mean_norm 0.7329, worsen_rate 12.00% (保留移除)
  移除 [91] module(globalopt): objective 0.8049, mean_norm 0.7329, worsen_rate 12.00% (保留移除)
  移除 [90] module(iroutliner): objective 0.8049, mean_norm 0.7329, worsen_rate 12.00% (保留移除)
  移除 [89] function(newgvn): objective 0.8049, mean_norm 0.7329, worsen_rate 12.00% (保留移除)
  移除 [88] function(gvn-sink): objective 0.8049, mean_norm 0.7329, worsen_rate 12.00% (保留移除)
  移除 [87] function(dse): objective 0.8049, mean_norm 0.7329, worsen_rate 12.00% (保留移除)
  移除 [86] module(inferattrs): objective 0.8298 > 0.8049 (恢复)
  移除 [85] module(iroutliner): objective 0.8049, mean_norm 0.7329, worsen_rate 12.00% (保留移除)
  移除 [84] module(globalopt): objective 0.8049, mean_norm 0.7329, worsen_rate 12.00% (保留移除)
  移除 [83] function(gvn-sink): objective 0.8049, mean_norm 0.7329, worsen_rate 12.00% (保留移除)
  移除 [82] function(newgvn): objective 0.8049, mean_norm 0.7329, worsen_rate 12.00% (保留移除)
  移除 [81] module(iroutliner): objective 0.8049, mean_norm 0.7329, worsen_rate 12.00% (保留移除)
  移除 [80] function(gvn-sink): objective 0.8049, mean_norm 0.7329, worsen_rate 12.00% (保留移除)
  移除 [79] module(iroutliner): objective 0.8049, mean_norm 0.7329, worsen_rate 12.00% (保留移除)
  移除 [78] function(memcpyopt): objective 0.8049, mean_norm 0.7329, worsen_rate 12.00% (保留移除)
  移除 [77] module(attributor): objective 0.8049, mean_norm 0.7329, worsen_rate 12.00% (保留移除)
  移除 [76] module(scc-oz-module-inliner): objective 0.8049, mean_norm 0.7329, worsen_rate 12.00% (保留移除)
  移除 [75] module(iroutliner): objective 0.8049, mean_norm 0.7329, worsen_rate 12.00% (保留移除)
  移除 [74] module(attributor): objective 0.8049, mean_norm 0.7329, worsen_rate 12.00% (保留移除)
  移除 [73] module(globalopt): objective 0.8049, mean_norm 0.7329, worsen_rate 12.00% (保留移除)
  移除 [72] module(iroutliner): objective 0.8049, mean_norm 0.7329, worsen_rate 12.00% (保留移除)
  移除 [71] module(globalopt): objective 0.8049, mean_norm 0.7329, worsen_rate 12.00% (保留移除)
  移除 [70] module(scc-oz-module-inliner): objective 0.8049, mean_norm 0.7329, worsen_rate 12.00% (保留移除)
  移除 [69] module(scc-oz-module-inliner): objective 0.8049, mean_norm 0.7329, worsen_rate 12.00% (保留移除)
  移除 [68] module(attributor): objective 0.8049, mean_norm 0.7329, worsen_rate 12.00% (保留移除)
  移除 [67] module(iroutliner): objective 0.8049, mean_norm 0.7329, worsen_rate 12.00% (保留移除)
  移除 [66] function(instsimplify): objective 0.8049, mean_norm 0.7329, worsen_rate 12.00% (保留移除)
  移除 [65] module(elim-avail-extern): objective 0.8049, mean_norm 0.7329, worsen_rate 12.00% (保留移除)
  移除 [64] function(dce): objective 0.8049, mean_norm 0.7329, worsen_rate 12.00% (保留移除)
  移除 [63] function(dse): objective 0.8049, mean_norm 0.7329, worsen_rate 12.00% (保留移除)
  移除 [62] module(elim-avail-extern): objective 0.8049, mean_norm 0.7329, worsen_rate 12.00% (保留移除)
  移除 [61] module(elim-avail-extern): objective 0.8049, mean_norm 0.7329, worsen_rate 12.00% (保留移除)
  移除 [60] function(dse): objective 0.8049, mean_norm 0.7329, worsen_rate 12.00% (保留移除)
  移除 [59] module(attributor): objective 0.8049, mean_norm 0.7329, worsen_rate 12.00% (保留移除)
  移除 [58] module(attributor): objective 0.8049, mean_norm 0.7329, worsen_rate 12.00% (保留移除)
  移除 [57] module(iroutliner): objective 0.8049, mean_norm 0.7329, worsen_rate 12.00% (保留移除)
  移除 [56] function(gvn-sink): objective 0.8049, mean_norm 0.7329, worsen_rate 12.00% (保留移除)
  移除 [55] module(elim-avail-extern): objective 0.8049, mean_norm 0.7329, worsen_rate 12.00% (保留移除)
  移除 [54] module(globalopt): objective 0.8049, mean_norm 0.7329, worsen_rate 12.00% (保留移除)
  移除 [53] module(iroutliner): objective 0.8049, mean_norm 0.7329, worsen_rate 12.00% (保留移除)
  移除 [52] function(newgvn): objective 0.8056 > 0.8049 (恢复)
  移除 [51] module(scc-oz-module-inliner): objective 0.8049, mean_norm 0.7329, worsen_rate 12.00% (保留移除)
  移除 [50] module(scc-oz-module-inliner): objective 0.8049, mean_norm 0.7329, worsen_rate 12.00% (保留移除)
  移除 [49] module(attributor): objective 0.8049, mean_norm 0.7329, worsen_rate 12.00% (保留移除)
  移除 [48] module(attributor): objective 0.8049, mean_norm 0.7329, worsen_rate 12.00% (保留移除)
  移除 [47] module(globalopt): objective 0.8049, mean_norm 0.7329, worsen_rate 12.00% (保留移除)
  移除 [46] module(iroutliner): objective 0.8049, mean_norm 0.7329, worsen_rate 12.00% (保留移除)
  移除 [45] module(globalopt): objective 0.8049, mean_norm 0.7329, worsen_rate 12.00% (保留移除)
  移除 [44] module(scc-oz-module-inliner): objective 0.8049, mean_norm 0.7329, worsen_rate 12.00% (保留移除)
  移除 [43] module(scc-oz-module-inliner): objective 0.8049, mean_norm 0.7329, worsen_rate 12.00% (保留移除)
  移除 [42] module(scc-oz-module-inliner): objective 0.8049, mean_norm 0.7329, worsen_rate 12.00% (保留移除)
  移除 [41] module(iroutliner): objective 0.8049, mean_norm 0.7329, worsen_rate 12.00% (保留移除)
  移除 [40] module(iroutliner): objective 0.8049, mean_norm 0.7329, worsen_rate 12.00% (保留移除)
  移除 [39] module(scc-oz-module-inliner): objective 0.8049, mean_norm 0.7329, worsen_rate 12.00% (保留移除)
  移除 [38] module(iroutliner): objective 0.8049, mean_norm 0.7329, worsen_rate 12.00% (保留移除)
  移除 [37] module(scc-oz-module-inliner): objective 0.8047, mean_norm 0.7327, worsen_rate 12.00% (保留移除)
  移除 [36] module(attributor): objective 0.8050 > 0.8047 (恢复)
  移除 [35] module(globalopt): objective 0.8047, mean_norm 0.7327, worsen_rate 12.00% (保留移除)
  移除 [34] module(iroutliner): objective 0.8053 > 0.8047 (恢复)
  移除 [33] module(globalopt): objective 1.0189 > 0.8047 (恢复)
  移除 [32] module(scc-oz-module-inliner): objective 0.8063 > 0.8047 (恢复)
  移除 [31] module(scc-oz-module-inliner): objective 0.8063 > 0.8047 (恢复)
  移除 [30] module(attributor): objective 0.8047, mean_norm 0.7327, worsen_rate 12.00% (保留移除)
  移除 [29] module(iroutliner): objective 0.8047, mean_norm 0.7327, worsen_rate 12.00% (保留移除)
  移除 [28] function(instsimplify): objective 0.8047, mean_norm 0.7327, worsen_rate 12.00% (保留移除)
  移除 [27] module(elim-avail-extern): objective 0.8047, mean_norm 0.7327, worsen_rate 12.00% (保留移除)
  移除 [26] module(elim-avail-extern): objective 0.8047, mean_norm 0.7327, worsen_rate 12.00% (保留移除)
  移除 [25] function(dse): objective 0.8047, mean_norm 0.7327, worsen_rate 12.00% (保留移除)
  移除 [24] module(elim-avail-extern): objective 0.8047, mean_norm 0.7327, worsen_rate 12.00% (保留移除)
  移除 [23] module(elim-avail-extern): objective 0.8047, mean_norm 0.7327, worsen_rate 12.00% (保留移除)
  移除 [22] function(dse): objective 0.8047, mean_norm 0.7327, worsen_rate 12.00% (保留移除)
  移除 [21] module(attributor): objective 0.8047, mean_norm 0.7327, worsen_rate 12.00% (保留移除)
  移除 [20] module(attributor): objective 0.8047, mean_norm 0.7327, worsen_rate 12.00% (保留移除)
  移除 [19] module(attributor): objective 0.9519 > 0.8047 (恢复)
  移除 [18] module(iroutliner): objective 0.8047, mean_norm 0.7327, worsen_rate 12.00% (保留移除)
  移除 [17] module(iroutliner): objective 0.8097 > 0.8047 (恢复)
  移除 [16] function(newgvn): objective 0.8438 > 0.8047 (恢复)
  移除 [15] function(instsimplify): objective 0.8047, mean_norm 0.7327, worsen_rate 12.00% (保留移除)
  移除 [14] module(elim-avail-extern): objective 0.8047, mean_norm 0.7327, worsen_rate 12.00% (保留移除)
  移除 [13] module(iroutliner): objective 0.8047, mean_norm 0.7327, worsen_rate 12.00% (保留移除)
  移除 [12] module(elim-avail-extern): objective 1.1266 > 0.8047 (恢复)
  移除 [11] module(iroutliner): objective 0.8047, mean_norm 0.7327, worsen_rate 12.00% (保留移除)
  移除 [10] module(iroutliner): objective 0.8047, mean_norm 0.7327, worsen_rate 12.00% (保留移除)
  移除 [9] function(dse): objective 0.8451 > 0.8047 (恢复)
  移除 [8] module(iroutliner): objective 0.8047, mean_norm 0.7327, worsen_rate 12.00% (保留移除)
  移除 [7] module(iroutliner): objective 0.8046, mean_norm 0.7326, worsen_rate 12.00% (保留移除)
  移除 [6] module(iroutliner): objective 0.9393 > 0.8046 (恢复)
  移除 [5] module(attributor): objective 0.8046, mean_norm 0.7326, worsen_rate 12.00% (保留移除)
  移除 [4] module(attributor): objective 0.8046, mean_norm 0.7326, worsen_rate 12.00% (保留移除)
  移除 [3] module(globalopt): objective 0.8026, mean_norm 0.7306, worsen_rate 12.00% (保留移除)
  移除 [2] module(attributor): objective 0.8030 > 0.8026 (恢复)
  移除 [1] module(attributor): objective 0.8030 > 0.8026 (恢复)
  移除 [0] module(attributor): objective 0.8030 > 0.8026 (恢复)
[Ablation-validation] 最终序列长度: 18, objective: 0.8026, mean_norm: 0.7306, worsen_rate: 12.00%, 移除了 102 个 pass
  消融有效: 120 → 18 passes, validation_objective: 0.8049 → 0.8026

最终通用 pass 序列（effective=18 个顶层 pass, raw=18 个 pass, syn_rate(raw)=0.18）:
  module(attributor) → module(attributor) → module(attributor) → module(iroutliner) → function(dse) → module(elim-avail-extern) → function(newgvn) → module(iroutliner) → module(attributor) → module(scc-oz-module-inliner) → module(scc-oz-module-inliner) → module(globalopt) → module(iroutliner) → module(attributor) → function(newgvn) → module(inferattrs) → module(attributor) → module(scc-oz-module-inliner)
  search_train_obj=0.8015, search_train_mean=0.7475, search_train_worsen=9.00%, search_train_highvar=0.00%
  validation_obj=0.8026, validation_mean=0.7306, validation_worsen=12.00%, validation_highvar=0.00%
  test_obj=0.7789, test_mean=0.7189, test_worsen=10.00%, test_highvar=0.00%

Top-5 最佳序列（按 validation 多目标 objective 升序）:
  #1: validation_obj=0.8049, validation_mean=0.7329, validation_worsen=12.00%, validation_highvar=0.00%, train_obj=0.7980, train_mean=0.7440, train_highvar=0.00%, len=120, syn_rate=0.42, test_obj=0.7629, test_mean=0.7029, test_worsen=10.00%, test_highvar=0.00%
     module(attributor) → module(attributor) → module(attributor) → module(globalopt) → module(attributor) → module(attributor) → module(iroutliner) → module(iroutliner) → module(iroutliner) → function(dse) → module(iroutliner) → module(iroutliner) → module(elim-avail-extern) → module(iroutliner) → module(elim-avail-extern) → function(instsimplify) → function(newgvn) → module(iroutliner) → module(iroutliner) → module(attributor) → module(attributor) → module(attributor) → function(dse) → module(elim-avail-extern) → module(elim-avail-extern) → function(dse) → module(elim-avail-extern) → module(elim-avail-extern) → function(instsimplify) → module(iroutliner) → module(attributor) → module(scc-oz-module-inliner) → module(scc-oz-module-inliner) → module(globalopt) → module(iroutliner) → module(globalopt) → module(attributor) → module(scc-oz-module-inliner) → module(iroutliner) → module(scc-oz-module-inliner) → module(iroutliner) → module(iroutliner) → module(scc-oz-module-inliner) → module(scc-oz-module-inliner) → module(scc-oz-module-inliner) → module(globalopt) → module(iroutliner) → module(globalopt) → module(attributor) → module(attributor) → module(scc-oz-module-inliner) → module(scc-oz-module-inliner) → function(newgvn) → module(iroutliner) → module(globalopt) → module(elim-avail-extern) → function(gvn-sink) → module(iroutliner) → module(attributor) → module(attributor) → function(dse) → module(elim-avail-extern) → module(elim-avail-extern) → function(dse) → function(dce) → module(elim-avail-extern) → function(instsimplify) → module(iroutliner) → module(attributor) → module(scc-oz-module-inliner) → module(scc-oz-module-inliner) → module(globalopt) → module(iroutliner) → module(globalopt) → module(attributor) → module(iroutliner) → module(scc-oz-module-inliner) → module(attributor) → function(memcpyopt) → module(iroutliner) → function(gvn-sink) → module(iroutliner) → function(newgvn) → function(gvn-sink) → module(globalopt) → module(iroutliner) → module(inferattrs) → function(dse) → function(gvn-sink) → function(newgvn) → module(iroutliner) → module(globalopt) → module(iroutliner) → module(attributor) → function(dse) → module(attributor) → module(scc-oz-module-inliner) → module(scc-oz-module-inliner) → function(gvn-sink) → module(inferattrs) → function(loop(loop-simplifycfg)) → module(iroutliner) → module(iroutliner) → module(iroutliner) → module(attributor) → module(attributor) → function(dse) → module(elim-avail-extern) → module(elim-avail-extern) → function(dse) → module(elim-avail-extern) → module(elim-avail-extern) → function(instsimplify) → module(iroutliner) → module(attributor) → module(scc-oz-module-inliner) → module(scc-oz-module-inliner) → module(globalopt) → module(iroutliner) → module(globalopt)
     raw: module(attributor) → module(attributor) → module(attributor) → module(globalopt) → module(attributor) → module(attributor) → module(iroutliner) → module(iroutliner) → module(iroutliner) → function(dse) → module(iroutliner) → module(iroutliner) → module(elim-avail-extern) → module(iroutliner) → module(elim-avail-extern) → function(instsimplify) → function(newgvn) → module(iroutliner) → module(iroutliner) → module(attributor) → module(attributor) → module(attributor) → function(dse) → module(elim-avail-extern) → module(elim-avail-extern) → function(dse) → module(elim-avail-extern) → module(elim-avail-extern) → function(instsimplify) → module(iroutliner) → module(attributor) → module(scc-oz-module-inliner) → module(scc-oz-module-inliner) → module(globalopt) → module(iroutliner) → module(globalopt) → module(attributor) → module(scc-oz-module-inliner) → module(iroutliner) → module(scc-oz-module-inliner) → module(iroutliner) → module(iroutliner) → module(scc-oz-module-inliner) → module(scc-oz-module-inliner) → module(scc-oz-module-inliner) → module(globalopt) → module(iroutliner) → module(globalopt) → module(attributor) → module(attributor) → module(scc-oz-module-inliner) → module(scc-oz-module-inliner) → function(newgvn) → module(iroutliner) → module(globalopt) → module(elim-avail-extern) → function(gvn-sink) → module(iroutliner) → module(attributor) → module(attributor) → function(dse) → module(elim-avail-extern) → module(elim-avail-extern) → function(dse) → function(dce) → module(elim-avail-extern) → function(instsimplify) → module(iroutliner) → module(attributor) → module(scc-oz-module-inliner) → module(scc-oz-module-inliner) → module(globalopt) → module(iroutliner) → module(globalopt) → module(attributor) → module(iroutliner) → module(scc-oz-module-inliner) → module(attributor) → function(memcpyopt) → module(iroutliner) → function(gvn-sink) → module(iroutliner) → function(newgvn) → function(gvn-sink) → module(globalopt) → module(iroutliner) → module(inferattrs) → function(dse) → function(gvn-sink) → function(newgvn) → module(iroutliner) → module(globalopt) → module(iroutliner) → module(attributor) → function(dse) → module(attributor) → module(scc-oz-module-inliner) → module(scc-oz-module-inliner) → function(gvn-sink) → module(inferattrs) → loop(loop-simplifycfg) → module(iroutliner) → module(iroutliner) → module(iroutliner) → module(attributor) → module(attributor) → function(dse) → module(elim-avail-extern) → module(elim-avail-extern) → function(dse) → module(elim-avail-extern) → module(elim-avail-extern) → function(instsimplify) → module(iroutliner) → module(attributor) → module(scc-oz-module-inliner) → module(scc-oz-module-inliner) → module(globalopt) → module(iroutliner) → module(globalopt)
  #2: validation_obj=0.8063, validation_mean=0.7343, validation_worsen=12.00%, validation_highvar=0.00%, train_obj=0.7897, train_mean=0.7417, train_highvar=0.00%, len=50, syn_rate=0.35, test_obj=0.7384, test_mean=0.6904, test_worsen=8.00%, test_highvar=0.00%
     module(iroutliner) → module(elim-avail-extern) → module(globalopt) → function(gvn-sink) → module(attributor) → module(elim-avail-extern) → module(globalopt) → function(gvn-sink) → module(globalopt) → module(iroutliner) → module(globalopt) → function(gvn-sink) → module(iroutliner) → module(iroutliner) → module(globalopt) → module(iroutliner) → module(inferattrs) → function(dse) → function(gvn-sink) → function(newgvn) → module(iroutliner) → module(attributor) → module(scc-oz-module-inliner) → module(scc-oz-module-inliner) → function(gvn-sink) → module(inferattrs) → function(loop(loop-simplifycfg)) → module(iroutliner) → module(iroutliner) → module(iroutliner) → module(attributor) → module(attributor) → function(dse) → module(elim-avail-extern) → module(elim-avail-extern) → function(dse) → module(elim-avail-extern) → module(elim-avail-extern) → function(instsimplify) → module(iroutliner) → module(attributor) → module(scc-oz-module-inliner) → module(scc-oz-module-inliner) → module(globalopt) → module(iroutliner) → module(globalopt) → module(attributor) → function(mem2reg) → module(elim-avail-extern) → module(scc-oz-module-inliner)
     raw: module(iroutliner) → module(elim-avail-extern) → module(globalopt) → function(gvn-sink) → module(attributor) → module(elim-avail-extern) → module(globalopt) → function(gvn-sink) → module(globalopt) → module(iroutliner) → module(globalopt) → function(gvn-sink) → module(iroutliner) → module(iroutliner) → module(globalopt) → module(iroutliner) → module(inferattrs) → function(dse) → function(gvn-sink) → function(newgvn) → module(iroutliner) → module(attributor) → module(scc-oz-module-inliner) → module(scc-oz-module-inliner) → function(gvn-sink) → module(inferattrs) → loop(loop-simplifycfg) → module(iroutliner) → module(iroutliner) → module(iroutliner) → module(attributor) → module(attributor) → function(dse) → module(elim-avail-extern) → module(elim-avail-extern) → function(dse) → module(elim-avail-extern) → module(elim-avail-extern) → function(instsimplify) → module(iroutliner) → module(attributor) → module(scc-oz-module-inliner) → module(scc-oz-module-inliner) → module(globalopt) → module(iroutliner) → module(globalopt) → module(attributor) → function(mem2reg) → module(elim-avail-extern) → module(scc-oz-module-inliner)
  #3: validation_obj=0.8079, validation_mean=0.7359, validation_worsen=12.00%, validation_highvar=0.00%, train_obj=0.8104, train_mean=0.7564, train_highvar=0.00%, len=66, syn_rate=0.38, test_obj=0.7719, test_mean=0.7119, test_worsen=10.00%, test_highvar=0.00%
     module(attributor) → module(elim-avail-extern) → module(globalopt) → function(gvn-sink) → module(globalopt) → module(iroutliner) → module(globalopt) → function(gvn-sink) → module(iroutliner) → module(iroutliner) → module(globalopt) → module(iroutliner) → module(inferattrs) → function(dse) → function(gvn-sink) → function(newgvn) → module(iroutliner) → module(globalopt) → module(iroutliner) → module(attributor) → function(dse) → module(attributor) → module(scc-oz-module-inliner) → module(scc-oz-module-inliner) → function(gvn-sink) → module(inferattrs) → function(loop(loop-simplifycfg)) → module(iroutliner) → module(iroutliner) → module(iroutliner) → module(attributor) → module(attributor) → function(dse) → module(elim-avail-extern) → module(elim-avail-extern) → function(dse) → module(elim-avail-extern) → module(elim-avail-extern) → function(instsimplify) → module(iroutliner) → module(attributor) → module(scc-oz-module-inliner) → module(scc-oz-module-inliner) → module(globalopt) → module(iroutliner) → module(globalopt) → module(attributor) → module(iroutliner) → module(scc-oz-module-inliner) → module(attributor) → module(scc-oz-module-inliner) → module(iroutliner) → function(gvn-sink) → module(iroutliner) → function(newgvn) → module(globalopt) → module(scc-oz-module-inliner) → module(iroutliner) → function(newgvn) → module(globalopt) → module(scc-oz-module-inliner) → module(elim-avail-extern) → module(iroutliner) → function(mem2reg) → module(elim-avail-extern) → module(scc-oz-module-inliner)
     raw: module(attributor) → module(elim-avail-extern) → module(globalopt) → function(gvn-sink) → module(globalopt) → module(iroutliner) → module(globalopt) → function(gvn-sink) → module(iroutliner) → module(iroutliner) → module(globalopt) → module(iroutliner) → module(inferattrs) → function(dse) → function(gvn-sink) → function(newgvn) → module(iroutliner) → module(globalopt) → module(iroutliner) → module(attributor) → function(dse) → module(attributor) → module(scc-oz-module-inliner) → module(scc-oz-module-inliner) → function(gvn-sink) → module(inferattrs) → loop(loop-simplifycfg) → module(iroutliner) → module(iroutliner) → module(iroutliner) → module(attributor) → module(attributor) → function(dse) → module(elim-avail-extern) → module(elim-avail-extern) → function(dse) → module(elim-avail-extern) → module(elim-avail-extern) → function(instsimplify) → module(iroutliner) → module(attributor) → module(scc-oz-module-inliner) → module(scc-oz-module-inliner) → module(globalopt) → module(iroutliner) → module(globalopt) → module(attributor) → module(iroutliner) → module(scc-oz-module-inliner) → module(attributor) → module(scc-oz-module-inliner) → module(iroutliner) → function(gvn-sink) → module(iroutliner) → function(newgvn) → module(globalopt) → module(scc-oz-module-inliner) → module(iroutliner) → function(newgvn) → module(globalopt) → module(scc-oz-module-inliner) → module(elim-avail-extern) → module(iroutliner) → function(mem2reg) → module(elim-avail-extern) → module(scc-oz-module-inliner)
  #4: validation_obj=0.8084, validation_mean=0.7364, validation_worsen=12.00%, validation_highvar=0.00%, train_obj=0.8143, train_mean=0.7603, train_highvar=0.00%, len=38, syn_rate=0.37, test_obj=0.7887, test_mean=0.7287, test_worsen=10.00%, test_highvar=0.00%
     module(attributor) → module(attributor) → module(attributor) → module(attributor) → module(attributor) → module(elim-avail-extern) → function(gvn-sink) → module(globalopt) → module(iroutliner) → module(inferattrs) → function(dse) → function(gvn-sink) → function(newgvn) → module(iroutliner) → module(attributor) → module(scc-oz-module-inliner) → module(scc-oz-module-inliner) → function(mem2reg) → module(inferattrs) → module(iroutliner) → module(iroutliner) → module(iroutliner) → module(attributor) → function(dse) → module(elim-avail-extern) → module(elim-avail-extern) → function(instsimplify) → module(iroutliner) → module(attributor) → module(globalopt) → module(scc-oz-module-inliner) → module(iroutliner) → module(globalopt) → module(scc-oz-module-inliner) → module(attributor) → function(gvn-sink) → module(elim-avail-extern) → module(scc-oz-module-inliner)
  #5: validation_obj=0.8084, validation_mean=0.7364, validation_worsen=12.00%, validation_highvar=0.00%, train_obj=0.8140, train_mean=0.7600, train_highvar=0.00%, len=44, syn_rate=0.41, test_obj=0.7887, test_mean=0.7287, test_worsen=10.00%, test_highvar=0.00%
     module(attributor) → module(attributor) → module(attributor) → module(attributor) → module(attributor) → module(elim-avail-extern) → function(gvn-sink) → module(globalopt) → module(iroutliner) → module(inferattrs) → function(dse) → function(memcpyopt) → function(gvn-sink) → function(newgvn) → module(iroutliner) → module(attributor) → module(scc-oz-module-inliner) → module(scc-oz-module-inliner) → function(mem2reg) → module(inferattrs) → module(iroutliner) → module(iroutliner) → module(iroutliner) → module(attributor) → function(dse) → module(elim-avail-extern) → module(iroutliner) → module(iroutliner) → module(iroutliner) → module(scc-oz-module-inliner) → module(scc-oz-module-inliner) → module(elim-avail-extern) → function(instsimplify) → module(iroutliner) → module(attributor) → module(globalopt) → module(scc-oz-module-inliner) → module(iroutliner) → module(globalopt) → module(scc-oz-module-inliner) → module(attributor) → function(gvn-sink) → module(elim-avail-extern) → module(scc-oz-module-inliner)

============================================================
所有轮次中最优 validation objective: 0.8026
最优通用 pass 序列 (18 passes):
  module(attributor) → module(attributor) → module(attributor) → module(iroutliner) → function(dse) → module(elim-avail-extern) → function(newgvn) → module(iroutliner) → module(attributor) → module(scc-oz-module-inliner) → module(scc-oz-module-inliner) → module(globalopt) → module(iroutliner) → module(attributor) → function(newgvn) → module(inferattrs) → module(attributor) → module(scc-oz-module-inliner)
  search_train_obj=0.8015, search_train_mean=0.7475, search_train_worsen=9.00%, search_train_highvar=0.00%
  validation_obj=0.8026, validation_mean=0.7306, validation_worsen=12.00%, validation_highvar=0.00%
  test_obj=0.7789, test_mean=0.7189, test_worsen=10.00%, test_highvar=0.00%

最优轮次 Top-5 序列（含测试集效果，按 validation objective 升序）:
  #1: validation_obj=0.8049, validation_mean=0.7329, validation_worsen=12.00%, validation_highvar=0.00%, train_obj=0.7980, train_mean=0.7440, train_highvar=0.00%, len=120, syn_rate=0.42, test_obj=0.7629, test_mean=0.7029, test_worsen=10.00%, test_highvar=0.00%
     module(attributor) → module(attributor) → module(attributor) → module(globalopt) → module(attributor) → module(attributor) → module(iroutliner) → module(iroutliner) → module(iroutliner) → function(dse) → module(iroutliner) → module(iroutliner) → module(elim-avail-extern) → module(iroutliner) → module(elim-avail-extern) → function(instsimplify) → function(newgvn) → module(iroutliner) → module(iroutliner) → module(attributor) → module(attributor) → module(attributor) → function(dse) → module(elim-avail-extern) → module(elim-avail-extern) → function(dse) → module(elim-avail-extern) → module(elim-avail-extern) → function(instsimplify) → module(iroutliner) → module(attributor) → module(scc-oz-module-inliner) → module(scc-oz-module-inliner) → module(globalopt) → module(iroutliner) → module(globalopt) → module(attributor) → module(scc-oz-module-inliner) → module(iroutliner) → module(scc-oz-module-inliner) → module(iroutliner) → module(iroutliner) → module(scc-oz-module-inliner) → module(scc-oz-module-inliner) → module(scc-oz-module-inliner) → module(globalopt) → module(iroutliner) → module(globalopt) → module(attributor) → module(attributor) → module(scc-oz-module-inliner) → module(scc-oz-module-inliner) → function(newgvn) → module(iroutliner) → module(globalopt) → module(elim-avail-extern) → function(gvn-sink) → module(iroutliner) → module(attributor) → module(attributor) → function(dse) → module(elim-avail-extern) → module(elim-avail-extern) → function(dse) → function(dce) → module(elim-avail-extern) → function(instsimplify) → module(iroutliner) → module(attributor) → module(scc-oz-module-inliner) → module(scc-oz-module-inliner) → module(globalopt) → module(iroutliner) → module(globalopt) → module(attributor) → module(iroutliner) → module(scc-oz-module-inliner) → module(attributor) → function(memcpyopt) → module(iroutliner) → function(gvn-sink) → module(iroutliner) → function(newgvn) → function(gvn-sink) → module(globalopt) → module(iroutliner) → module(inferattrs) → function(dse) → function(gvn-sink) → function(newgvn) → module(iroutliner) → module(globalopt) → module(iroutliner) → module(attributor) → function(dse) → module(attributor) → module(scc-oz-module-inliner) → module(scc-oz-module-inliner) → function(gvn-sink) → module(inferattrs) → function(loop(loop-simplifycfg)) → module(iroutliner) → module(iroutliner) → module(iroutliner) → module(attributor) → module(attributor) → function(dse) → module(elim-avail-extern) → module(elim-avail-extern) → function(dse) → module(elim-avail-extern) → module(elim-avail-extern) → function(instsimplify) → module(iroutliner) → module(attributor) → module(scc-oz-module-inliner) → module(scc-oz-module-inliner) → module(globalopt) → module(iroutliner) → module(globalopt)
     raw: module(attributor) → module(attributor) → module(attributor) → module(globalopt) → module(attributor) → module(attributor) → module(iroutliner) → module(iroutliner) → module(iroutliner) → function(dse) → module(iroutliner) → module(iroutliner) → module(elim-avail-extern) → module(iroutliner) → module(elim-avail-extern) → function(instsimplify) → function(newgvn) → module(iroutliner) → module(iroutliner) → module(attributor) → module(attributor) → module(attributor) → function(dse) → module(elim-avail-extern) → module(elim-avail-extern) → function(dse) → module(elim-avail-extern) → module(elim-avail-extern) → function(instsimplify) → module(iroutliner) → module(attributor) → module(scc-oz-module-inliner) → module(scc-oz-module-inliner) → module(globalopt) → module(iroutliner) → module(globalopt) → module(attributor) → module(scc-oz-module-inliner) → module(iroutliner) → module(scc-oz-module-inliner) → module(iroutliner) → module(iroutliner) → module(scc-oz-module-inliner) → module(scc-oz-module-inliner) → module(scc-oz-module-inliner) → module(globalopt) → module(iroutliner) → module(globalopt) → module(attributor) → module(attributor) → module(scc-oz-module-inliner) → module(scc-oz-module-inliner) → function(newgvn) → module(iroutliner) → module(globalopt) → module(elim-avail-extern) → function(gvn-sink) → module(iroutliner) → module(attributor) → module(attributor) → function(dse) → module(elim-avail-extern) → module(elim-avail-extern) → function(dse) → function(dce) → module(elim-avail-extern) → function(instsimplify) → module(iroutliner) → module(attributor) → module(scc-oz-module-inliner) → module(scc-oz-module-inliner) → module(globalopt) → module(iroutliner) → module(globalopt) → module(attributor) → module(iroutliner) → module(scc-oz-module-inliner) → module(attributor) → function(memcpyopt) → module(iroutliner) → function(gvn-sink) → module(iroutliner) → function(newgvn) → function(gvn-sink) → module(globalopt) → module(iroutliner) → module(inferattrs) → function(dse) → function(gvn-sink) → function(newgvn) → module(iroutliner) → module(globalopt) → module(iroutliner) → module(attributor) → function(dse) → module(attributor) → module(scc-oz-module-inliner) → module(scc-oz-module-inliner) → function(gvn-sink) → module(inferattrs) → loop(loop-simplifycfg) → module(iroutliner) → module(iroutliner) → module(iroutliner) → module(attributor) → module(attributor) → function(dse) → module(elim-avail-extern) → module(elim-avail-extern) → function(dse) → module(elim-avail-extern) → module(elim-avail-extern) → function(instsimplify) → module(iroutliner) → module(attributor) → module(scc-oz-module-inliner) → module(scc-oz-module-inliner) → module(globalopt) → module(iroutliner) → module(globalopt)
  #2: validation_obj=0.8063, validation_mean=0.7343, validation_worsen=12.00%, validation_highvar=0.00%, train_obj=0.7897, train_mean=0.7417, train_highvar=0.00%, len=50, syn_rate=0.35, test_obj=0.7384, test_mean=0.6904, test_worsen=8.00%, test_highvar=0.00%
     module(iroutliner) → module(elim-avail-extern) → module(globalopt) → function(gvn-sink) → module(attributor) → module(elim-avail-extern) → module(globalopt) → function(gvn-sink) → module(globalopt) → module(iroutliner) → module(globalopt) → function(gvn-sink) → module(iroutliner) → module(iroutliner) → module(globalopt) → module(iroutliner) → module(inferattrs) → function(dse) → function(gvn-sink) → function(newgvn) → module(iroutliner) → module(attributor) → module(scc-oz-module-inliner) → module(scc-oz-module-inliner) → function(gvn-sink) → module(inferattrs) → function(loop(loop-simplifycfg)) → module(iroutliner) → module(iroutliner) → module(iroutliner) → module(attributor) → module(attributor) → function(dse) → module(elim-avail-extern) → module(elim-avail-extern) → function(dse) → module(elim-avail-extern) → module(elim-avail-extern) → function(instsimplify) → module(iroutliner) → module(attributor) → module(scc-oz-module-inliner) → module(scc-oz-module-inliner) → module(globalopt) → module(iroutliner) → module(globalopt) → module(attributor) → function(mem2reg) → module(elim-avail-extern) → module(scc-oz-module-inliner)
     raw: module(iroutliner) → module(elim-avail-extern) → module(globalopt) → function(gvn-sink) → module(attributor) → module(elim-avail-extern) → module(globalopt) → function(gvn-sink) → module(globalopt) → module(iroutliner) → module(globalopt) → function(gvn-sink) → module(iroutliner) → module(iroutliner) → module(globalopt) → module(iroutliner) → module(inferattrs) → function(dse) → function(gvn-sink) → function(newgvn) → module(iroutliner) → module(attributor) → module(scc-oz-module-inliner) → module(scc-oz-module-inliner) → function(gvn-sink) → module(inferattrs) → loop(loop-simplifycfg) → module(iroutliner) → module(iroutliner) → module(iroutliner) → module(attributor) → module(attributor) → function(dse) → module(elim-avail-extern) → module(elim-avail-extern) → function(dse) → module(elim-avail-extern) → module(elim-avail-extern) → function(instsimplify) → module(iroutliner) → module(attributor) → module(scc-oz-module-inliner) → module(scc-oz-module-inliner) → module(globalopt) → module(iroutliner) → module(globalopt) → module(attributor) → function(mem2reg) → module(elim-avail-extern) → module(scc-oz-module-inliner)
  #3: validation_obj=0.8079, validation_mean=0.7359, validation_worsen=12.00%, validation_highvar=0.00%, train_obj=0.8104, train_mean=0.7564, train_highvar=0.00%, len=66, syn_rate=0.38, test_obj=0.7719, test_mean=0.7119, test_worsen=10.00%, test_highvar=0.00%
     module(attributor) → module(elim-avail-extern) → module(globalopt) → function(gvn-sink) → module(globalopt) → module(iroutliner) → module(globalopt) → function(gvn-sink) → module(iroutliner) → module(iroutliner) → module(globalopt) → module(iroutliner) → module(inferattrs) → function(dse) → function(gvn-sink) → function(newgvn) → module(iroutliner) → module(globalopt) → module(iroutliner) → module(attributor) → function(dse) → module(attributor) → module(scc-oz-module-inliner) → module(scc-oz-module-inliner) → function(gvn-sink) → module(inferattrs) → function(loop(loop-simplifycfg)) → module(iroutliner) → module(iroutliner) → module(iroutliner) → module(attributor) → module(attributor) → function(dse) → module(elim-avail-extern) → module(elim-avail-extern) → function(dse) → module(elim-avail-extern) → module(elim-avail-extern) → function(instsimplify) → module(iroutliner) → module(attributor) → module(scc-oz-module-inliner) → module(scc-oz-module-inliner) → module(globalopt) → module(iroutliner) → module(globalopt) → module(attributor) → module(iroutliner) → module(scc-oz-module-inliner) → module(attributor) → module(scc-oz-module-inliner) → module(iroutliner) → function(gvn-sink) → module(iroutliner) → function(newgvn) → module(globalopt) → module(scc-oz-module-inliner) → module(iroutliner) → function(newgvn) → module(globalopt) → module(scc-oz-module-inliner) → module(elim-avail-extern) → module(iroutliner) → function(mem2reg) → module(elim-avail-extern) → module(scc-oz-module-inliner)
     raw: module(attributor) → module(elim-avail-extern) → module(globalopt) → function(gvn-sink) → module(globalopt) → module(iroutliner) → module(globalopt) → function(gvn-sink) → module(iroutliner) → module(iroutliner) → module(globalopt) → module(iroutliner) → module(inferattrs) → function(dse) → function(gvn-sink) → function(newgvn) → module(iroutliner) → module(globalopt) → module(iroutliner) → module(attributor) → function(dse) → module(attributor) → module(scc-oz-module-inliner) → module(scc-oz-module-inliner) → function(gvn-sink) → module(inferattrs) → loop(loop-simplifycfg) → module(iroutliner) → module(iroutliner) → module(iroutliner) → module(attributor) → module(attributor) → function(dse) → module(elim-avail-extern) → module(elim-avail-extern) → function(dse) → module(elim-avail-extern) → module(elim-avail-extern) → function(instsimplify) → module(iroutliner) → module(attributor) → module(scc-oz-module-inliner) → module(scc-oz-module-inliner) → module(globalopt) → module(iroutliner) → module(globalopt) → module(attributor) → module(iroutliner) → module(scc-oz-module-inliner) → module(attributor) → module(scc-oz-module-inliner) → module(iroutliner) → function(gvn-sink) → module(iroutliner) → function(newgvn) → module(globalopt) → module(scc-oz-module-inliner) → module(iroutliner) → function(newgvn) → module(globalopt) → module(scc-oz-module-inliner) → module(elim-avail-extern) → module(iroutliner) → function(mem2reg) → module(elim-avail-extern) → module(scc-oz-module-inliner)
  #4: validation_obj=0.8084, validation_mean=0.7364, validation_worsen=12.00%, validation_highvar=0.00%, train_obj=0.8143, train_mean=0.7603, train_highvar=0.00%, len=38, syn_rate=0.37, test_obj=0.7887, test_mean=0.7287, test_worsen=10.00%, test_highvar=0.00%
     module(attributor) → module(attributor) → module(attributor) → module(attributor) → module(attributor) → module(elim-avail-extern) → function(gvn-sink) → module(globalopt) → module(iroutliner) → module(inferattrs) → function(dse) → function(gvn-sink) → function(newgvn) → module(iroutliner) → module(attributor) → module(scc-oz-module-inliner) → module(scc-oz-module-inliner) → function(mem2reg) → module(inferattrs) → module(iroutliner) → module(iroutliner) → module(iroutliner) → module(attributor) → function(dse) → module(elim-avail-extern) → module(elim-avail-extern) → function(instsimplify) → module(iroutliner) → module(attributor) → module(globalopt) → module(scc-oz-module-inliner) → module(iroutliner) → module(globalopt) → module(scc-oz-module-inliner) → module(attributor) → function(gvn-sink) → module(elim-avail-extern) → module(scc-oz-module-inliner)
  #5: validation_obj=0.8084, validation_mean=0.7364, validation_worsen=12.00%, validation_highvar=0.00%, train_obj=0.8140, train_mean=0.7600, train_highvar=0.00%, len=44, syn_rate=0.41, test_obj=0.7887, test_mean=0.7287, test_worsen=10.00%, test_highvar=0.00%
     module(attributor) → module(attributor) → module(attributor) → module(attributor) → module(attributor) → module(elim-avail-extern) → function(gvn-sink) → module(globalopt) → module(iroutliner) → module(inferattrs) → function(dse) → function(memcpyopt) → function(gvn-sink) → function(newgvn) → module(iroutliner) → module(attributor) → module(scc-oz-module-inliner) → module(scc-oz-module-inliner) → function(mem2reg) → module(inferattrs) → module(iroutliner) → module(iroutliner) → module(iroutliner) → module(attributor) → function(dse) → module(elim-avail-extern) → module(iroutliner) → module(iroutliner) → module(iroutliner) → module(scc-oz-module-inliner) → module(scc-oz-module-inliner) → module(elim-avail-extern) → function(instsimplify) → module(iroutliner) → module(attributor) → module(globalopt) → module(scc-oz-module-inliner) → module(iroutliner) → module(globalopt) → module(scc-oz-module-inliner) → module(attributor) → function(gvn-sink) → module(elim-avail-extern) → module(scc-oz-module-inliner)
binarysize_test: vs_none=0.999 (+0.1%)  vs_oz=0.999 (+0.1%)  vs_o3=0.981 (+1.9%) [metric=stripped_file_bytes]
binarysize_test[text_bytes]: vs_none=0.881 (+11.9%)  vs_oz=0.892 (+10.8%)  vs_o3=0.759 (+24.1%)
binarysize_test[data_bytes]: vs_none=0.982 (+1.8%)  vs_oz=0.991 (+0.9%)  vs_o3=0.985 (+1.5%)
binarysize_test[bss_bytes]: vs_none=1.000 (+0.0%)  vs_oz=1.000 (+0.0%)  vs_o3=1.000 (+0.0%)
binarysize_test[dec_bytes]: vs_none=0.915 (+8.5%)  vs_oz=0.927 (+7.3%)  vs_o3=0.824 (+17.6%)

最优轮次 Top-5 binarysize_test 序列面板（primary=stripped_file_bytes）:
  #1: len=120, syn_rate=0.42
     stripped_file_bytes: obj=1.0234, mean=0.9994, worsen=4.00%, vs_none=0.999 (+0.1%)  vs_oz=0.999 (+0.1%)  vs_o3=0.981 (+1.9%)
     text_bytes: obj=0.9537, mean=0.8817, worsen=12.00%, vs_none=0.873 (+12.7%)  vs_oz=0.882 (+11.8%)  vs_o3=0.751 (+24.9%)
     data_bytes: obj=1.0264, mean=0.9904, worsen=6.00%, vs_none=0.981 (+1.9%)  vs_oz=0.990 (+1.0%)  vs_o3=0.984 (+1.6%)
     bss_bytes: obj=1.0000, mean=1.0000, worsen=0.00%, vs_none=1.000 (+0.0%)  vs_oz=1.000 (+0.0%)  vs_o3=1.000 (+0.0%)
     dec_bytes: obj=0.9908, mean=0.9188, worsen=12.00%, vs_none=0.908 (+9.2%)  vs_oz=0.919 (+8.1%)  vs_o3=0.818 (+18.2%)
  #2: len=50, syn_rate=0.35
     stripped_file_bytes: obj=1.0354, mean=0.9994, worsen=6.00%, vs_none=0.999 (+0.1%)  vs_oz=0.999 (+0.1%)  vs_o3=0.981 (+1.9%)
     text_bytes: obj=0.9414, mean=0.8814, worsen=10.00%, vs_none=0.871 (+12.9%)  vs_oz=0.881 (+11.9%)  vs_o3=0.751 (+24.9%)
     data_bytes: obj=1.0394, mean=0.9914, worsen=8.00%, vs_none=0.982 (+1.8%)  vs_oz=0.991 (+0.9%)  vs_o3=0.985 (+1.5%)
     bss_bytes: obj=1.0000, mean=1.0000, worsen=0.00%, vs_none=1.000 (+0.0%)  vs_oz=1.000 (+0.0%)  vs_o3=1.000 (+0.0%)
     dec_bytes: obj=0.9790, mean=0.9190, worsen=10.00%, vs_none=0.907 (+9.3%)  vs_oz=0.919 (+8.1%)  vs_o3=0.818 (+18.2%)
  #3: len=66, syn_rate=0.38
     stripped_file_bytes: obj=1.0234, mean=0.9994, worsen=4.00%, vs_none=0.999 (+0.1%)  vs_oz=0.999 (+0.1%)  vs_o3=0.981 (+1.9%)
     text_bytes: obj=0.9570, mean=0.8850, worsen=12.00%, vs_none=0.876 (+12.4%)  vs_oz=0.885 (+11.5%)  vs_o3=0.754 (+24.6%)
     data_bytes: obj=1.0264, mean=0.9904, worsen=6.00%, vs_none=0.981 (+1.9%)  vs_oz=0.990 (+1.0%)  vs_o3=0.984 (+1.6%)
     bss_bytes: obj=1.0000, mean=1.0000, worsen=0.00%, vs_none=1.000 (+0.0%)  vs_oz=1.000 (+0.0%)  vs_o3=1.000 (+0.0%)
     dec_bytes: obj=0.9934, mean=0.9214, worsen=12.00%, vs_none=0.911 (+8.9%)  vs_oz=0.921 (+7.9%)  vs_o3=0.821 (+17.9%)
  #4: len=38, syn_rate=0.37
     stripped_file_bytes: obj=1.0354, mean=0.9994, worsen=6.00%, vs_none=0.999 (+0.1%)  vs_oz=0.999 (+0.1%)  vs_o3=0.981 (+1.9%)
     text_bytes: obj=0.9800, mean=0.8960, worsen=14.00%, vs_none=0.886 (+11.4%)  vs_oz=0.896 (+10.4%)  vs_o3=0.763 (+23.7%)
     data_bytes: obj=1.0394, mean=0.9914, worsen=8.00%, vs_none=0.982 (+1.8%)  vs_oz=0.991 (+0.9%)  vs_o3=0.985 (+1.5%)
     bss_bytes: obj=1.0000, mean=1.0000, worsen=0.00%, vs_none=1.000 (+0.0%)  vs_oz=1.000 (+0.0%)  vs_o3=1.000 (+0.0%)
     dec_bytes: obj=1.0141, mean=0.9301, worsen=14.00%, vs_none=0.919 (+8.1%)  vs_oz=0.930 (+7.0%)  vs_o3=0.828 (+17.2%)
  #5: len=44, syn_rate=0.41
     stripped_file_bytes: obj=1.0354, mean=0.9994, worsen=6.00%, vs_none=0.999 (+0.1%)  vs_oz=0.999 (+0.1%)  vs_o3=0.981 (+1.9%)
     text_bytes: obj=0.9800, mean=0.8960, worsen=14.00%, vs_none=0.886 (+11.4%)  vs_oz=0.896 (+10.4%)  vs_o3=0.763 (+23.7%)
     data_bytes: obj=1.0394, mean=0.9914, worsen=8.00%, vs_none=0.982 (+1.8%)  vs_oz=0.991 (+0.9%)  vs_o3=0.985 (+1.5%)
     bss_bytes: obj=1.0000, mean=1.0000, worsen=0.00%, vs_none=1.000 (+0.0%)  vs_oz=1.000 (+0.0%)  vs_o3=1.000 (+0.0%)
     dec_bytes: obj=1.0141, mean=0.9301, worsen=14.00%, vs_none=0.919 (+8.1%)  vs_oz=0.930 (+7.0%)  vs_o3=0.828 (+17.2%)
核心调优成本已写入: /root/exp/RFunipassLab/results/instrcount/summaries/20260510_145825_170219_feature_lite_seed457_core_tuning_cost.json
结果已写入: /root/exp/RFunipassLab/results/instrcount/summaries/20260510_145825_170219_feature_lite_seed457.json
总运行时间: 6177.21 秒
