# run_id: 20260508_104447_021085_feature_lite_seed459
# name: feature_lite
# group: feature_ablation
# description: 切换到 Lite 特征编码，保留其余搜索流程不变。
# changed: FEATURE_MODE=lite, GA_GEN=5, GA_POP=200, ITERS=100, MAX_SEQ_LEN=120, MIN_VAL_PROGRAMS=5, SEED_TOPK=0, TEST_TOPK=50, TRAIN_TOPK=200, VAL_RATIO=0.5
# result_json: /root/exp/RFunipassLab/results/instrcount/summaries/20260508_104447_021085_feature_lite_seed459.json
# started_at: 2026-05-08T10:44:47
# control_env:
#   BACKEND_OPT_LEVEL=-O0
#   BINARY_SIZE_METRIC=stripped_file_bytes
#   BINARY_SIZE_REPORT_METRICS=text_bytes,data_bytes,bss_bytes,dec_bytes
#   DECAY=0.5
#   EXPERIMENT_SEED=459
#   FEATURE_MODE=lite
#   GA_ELITE=0.1
#   GA_GEN=5
#   GA_MUT=0.8
#   GA_POP=200
#   GA_TOUR=3
#   ITERS=100
#   LOOP_NESTING_POLICY=wrap
#   MAX_SEQ_LEN=120
#   MIN_VAL_PROGRAMS=5
#   OBJECTIVE_BASELINE=oz
#   OBJECTIVE_KIND=instrcount
#   OBJ_HIGHVAR_W=0.0
#   OBJ_WORSEN_W=0.20
#   OFFSET=20
#   PROGRAM_POOL_KIND=auto
#   RF_EXPLAIN_COUNTERFACTUAL_ENABLE=1
#   RF_EXPLAIN_COUNTERFACTUAL_MAX_EVALS=50
#   RF_EXPLAIN_COUNTERFACTUAL_SPLIT=selection
#   RF_EXPLAIN_COUNTERFACTUAL_TOPK=5
#   RF_EXPLAIN_ENABLE=0
#   RF_EXPLAIN_HOLDOUT_RATIO=0.3
#   RF_EXPLAIN_MIN_SAMPLES=20
#   RF_EXPLAIN_MODE=final
#   RF_EXPLAIN_PERM_REPEATS=10
#   RF_EXPLAIN_TOPK=20
#   RNUM=256
#   RUNS=1
#   RUNTIME_EVAL_MAX_VARIANCE_PCT=15.0
#   RUNTIME_MAX_INNER_REPEATS=64
#   RUNTIME_MAX_VARIANCE_PCT=10.0
#   RUNTIME_REQUIRED_ROWS=0
#   RUNTIME_SAMPLES=5
#   RUNTIME_TARGET_SAMPLE_MS=30.0
#   RUNTIME_TIMEOUT_SEC=2.0
#   SCALE=10
#   SEED_TOPK=0
#   SPLIT_SEED=459
#   TEST_TOPK=50
#   TRAIN_TOPK=200
#   VAL_RATIO=0.5

Loading train/test rows from: /root/exp/RFunipassLab/data/tuning_results.csv
Loaded train programs:       200
Loaded initial seed seqs:    80
Loaded test programs:        50
Objective kind:              instrcount
Program pool kind:           tuning

Loading synergy graph from: /root/exp/RFunipassLab/data/Step3_EnumeratedPairs.csv
All passes (19): ['module(elim-avail-extern)', 'function(mem2reg)', 'function(dse)', 'module(globalopt)', 'module(attributor)', 'module(scc-oz-module-inliner)', 'function(instsimplify)', 'function(gvn-hoist)', 'function(memcpyopt)', 'function(reassociate)', 'module(iroutliner)', 'cgscc(attributor-cgscc)', 'function(dce)', 'function(newgvn)', 'function(gvn-sink)', 'module(inferattrs)', 'function(jump-threading)', 'loop(loop-simplifycfg)', 'function(lower-switch)']
Synergy edges: 176
Self-loop passes: {'module(attributor)', 'cgscc(attributor-cgscc)', 'function(newgvn)'}

============================================================
实验轮次 1 / 1
============================================================
============================================================
目标类型:      instrcount
目标基准:      -Oz
基准指标:      -Oz 基准指令数
优化指标:      归一化指令数
输入程序数:    200
输入次优序列数: 80
测试程序数:    50
Pass 词表大小: 19
协同边数:      176
自环 pass 数:  3
序列长度上限:  120
Loop 合法化策略: wrap
实验种子:      459
划分种子:      459
特征模式:      lite
RF 特征维度:   31
词表: ['module(elim-avail-extern)', 'function(mem2reg)', 'function(dse)', 'module(globalopt)', 'module(attributor)', 'module(scc-oz-module-inliner)', 'function(instsimplify)', 'function(gvn-hoist)', 'function(memcpyopt)', 'function(reassociate)', 'module(iroutliner)', 'cgscc(attributor-cgscc)', 'function(dce)', 'function(newgvn)', 'function(gvn-sink)', 'module(inferattrs)', 'function(jump-threading)', 'loop(loop-simplifycfg)', 'function(lower-switch)']
多目标权重:    mean=1.0, worsen=0.2, highvar=0.0

[Step 1.5] 训练程序切分...
  search_train 程序数: 100
  validation 程序数:   100
  split_signature(search_train): 9bfa7806797fc13bff39c6f2598003ad06065a2b
  split_signature(validation):   fd652be2c1e007b3d23a8507a30d5f35c3f4f066
  split_signature(test):         fee1d5dd2b8758eb2485d1160eb91f40452e60a4

[Step 2] 计算 search_train 程序 -Oz 基准指令数...
[Step 2b] 计算 validation 程序 -Oz 基准指令数...
[Step 2c] 计算测试集程序 -Oz 基准指令数...

[Step 3] 评估初始 seed 序列（共 80 条）...

[Step 4] 开始贝叶斯优化（100 轮）...
GA search time: 11.85s, candidates: 381
  [iter   1/100] search_obj=1.1559  search_best=0.8547  validation_best=0.7901  EI=0.0168  rnum=181.1  len=94  syn_rate=0.72  mean=1.0299  worsen=63.00%  highvar=0.00%
GA search time: 8.95s, candidates: 379
  [iter   2/100] search_obj=0.8761  search_best=0.8547  validation_best=0.7901  EI=0.0146  rnum=179.0  len=31  syn_rate=0.38  mean=0.8521  worsen=12.00%  highvar=0.00%
GA search time: 10.33s, candidates: 376
  [iter   3/100] search_obj=0.9524  search_best=0.8547  validation_best=0.7901  EI=0.0155  rnum=176.9  len=34  syn_rate=0.64  mean=0.9224  worsen=15.00%  highvar=0.00%
GA search time: 6.31s, candidates: 374
  [iter   4/100] search_obj=0.8254  search_best=0.8254  validation_best=0.7444  EI=0.0152  rnum=174.8  len=27  syn_rate=0.45  mean=0.8094  worsen=8.00%  highvar=0.00%
GA search time: 8.60s, candidates: 372
  [iter   5/100] search_obj=0.9879  search_best=0.8254  validation_best=0.7444  EI=0.0192  rnum=172.7  len=39  syn_rate=0.47  mean=0.9559  worsen=16.00%  highvar=0.00%
GA search time: 5.01s, candidates: 370
  [iter   6/100] search_obj=0.8323  search_best=0.8254  validation_best=0.7306  EI=0.0120  rnum=170.6  len=30  syn_rate=0.47  mean=0.8143  worsen=9.00%  highvar=0.00%
GA search time: 7.59s, candidates: 368
  [iter   7/100] search_obj=0.8226  search_best=0.8226  validation_best=0.7302  EI=0.0159  rnum=168.4  len=31  syn_rate=0.49  mean=0.8106  worsen=6.00%  highvar=0.00%
GA search time: 9.77s, candidates: 366
  [iter   8/100] search_obj=0.8226  search_best=0.8226  validation_best=0.7302  EI=0.0161  rnum=166.3  len=31  syn_rate=0.47  mean=0.8106  worsen=6.00%  highvar=0.00%
GA search time: 12.47s, candidates: 364
  [iter   9/100] search_obj=0.8262  search_best=0.8226  validation_best=0.7212  EI=0.0218  rnum=164.2  len=36  syn_rate=0.50  mean=0.8122  worsen=7.00%  highvar=0.00%
GA search time: 9.38s, candidates: 362
  [iter  10/100] search_obj=0.8413  search_best=0.8226  validation_best=0.7212  EI=0.0193  rnum=162.0  len=31  syn_rate=0.47  mean=0.8233  worsen=9.00%  highvar=0.00%
GA search time: 10.91s, candidates: 359
  [iter  11/100] search_obj=1.2164  search_best=0.8226  validation_best=0.7212  EI=0.0173  rnum=159.9  len=38  syn_rate=0.43  mean=1.0564  worsen=80.00%  highvar=0.00%
GA search time: 4.32s, candidates: 357
  [iter  12/100] search_obj=1.2163  search_best=0.8226  validation_best=0.7212  EI=0.0259  rnum=157.7  len=36  syn_rate=0.34  mean=1.0563  worsen=80.00%  highvar=0.00%
GA search time: 7.34s, candidates: 355
  [iter  13/100] search_obj=1.0668  search_best=0.8226  validation_best=0.7212  EI=0.0254  rnum=155.6  len=32  syn_rate=0.40  mean=1.0128  worsen=27.00%  highvar=0.00%
GA search time: 6.50s, candidates: 353
  [iter  14/100] search_obj=0.8226  search_best=0.8226  validation_best=0.7212  EI=0.0201  rnum=153.4  len=38  syn_rate=0.49  mean=0.8106  worsen=6.00%  highvar=0.00%
GA search time: 6.39s, candidates: 351
  [iter  15/100] search_obj=0.8933  search_best=0.8226  validation_best=0.7212  EI=0.0257  rnum=151.3  len=72  syn_rate=0.53  mean=0.8713  worsen=11.00%  highvar=0.00%
GA search time: 7.29s, candidates: 349
  [iter  16/100] search_obj=0.8125  search_best=0.8125  validation_best=0.7084  EI=0.0188  rnum=149.1  len=42  syn_rate=0.59  mean=0.7985  worsen=7.00%  highvar=0.00%
GA search time: 7.78s, candidates: 346
  [iter  17/100] search_obj=1.0648  search_best=0.8125  validation_best=0.7084  EI=0.0242  rnum=147.0  len=48  syn_rate=0.53  mean=1.0128  worsen=26.00%  highvar=0.00%
GA search time: 5.91s, candidates: 344
  [iter  18/100] search_obj=0.9401  search_best=0.8125  validation_best=0.7084  EI=0.0267  rnum=144.8  len=48  syn_rate=0.59  mean=0.8581  worsen=41.00%  highvar=0.00%
GA search time: 4.70s, candidates: 342
  [iter  19/100] search_obj=0.8234  search_best=0.8125  validation_best=0.7084  EI=0.0197  rnum=142.7  len=30  syn_rate=0.45  mean=0.8114  worsen=6.00%  highvar=0.00%
GA search time: 5.56s, candidates: 340
  [iter  20/100] search_obj=0.8827  search_best=0.8125  validation_best=0.7084  EI=0.0212  rnum=140.5  len=42  syn_rate=0.51  mean=0.8347  worsen=24.00%  highvar=0.00%
GA search time: 5.90s, candidates: 338
  [iter  21/100] search_obj=0.8262  search_best=0.8125  validation_best=0.7084  EI=0.0215  rnum=138.4  len=39  syn_rate=0.51  mean=0.8122  worsen=7.00%  highvar=0.00%
GA search time: 5.41s, candidates: 336
  [iter  22/100] search_obj=0.9873  search_best=0.8125  validation_best=0.7084  EI=0.0182  rnum=136.3  len=41  syn_rate=0.52  mean=0.9593  worsen=14.00%  highvar=0.00%
GA search time: 6.87s, candidates: 334
  [iter  23/100] search_obj=1.0093  search_best=0.8125  validation_best=0.7084  EI=0.0196  rnum=134.2  len=44  syn_rate=0.44  mean=0.9633  worsen=23.00%  highvar=0.00%
GA search time: 5.86s, candidates: 332
  [iter  24/100] search_obj=0.9284  search_best=0.8125  validation_best=0.7084  EI=0.0221  rnum=132.1  len=39  syn_rate=0.56  mean=0.9104  worsen=9.00%  highvar=0.00%
GA search time: 6.48s, candidates: 329
  [iter  25/100] search_obj=0.9377  search_best=0.8125  validation_best=0.7084  EI=0.0178  rnum=130.0  len=37  syn_rate=0.47  mean=0.9097  worsen=14.00%  highvar=0.00%
GA search time: 6.08s, candidates: 327
  [iter  26/100] search_obj=0.8260  search_best=0.8125  validation_best=0.7084  EI=0.0137  rnum=127.9  len=37  syn_rate=0.45  mean=0.8140  worsen=6.00%  highvar=0.00%
GA search time: 4.88s, candidates: 325
  [iter  27/100] search_obj=1.1505  search_best=0.8125  validation_best=0.7084  EI=0.0157  rnum=125.8  len=38  syn_rate=0.45  mean=1.0145  worsen=68.00%  highvar=0.00%
GA search time: 5.08s, candidates: 323
  [iter  28/100] search_obj=0.8260  search_best=0.8125  validation_best=0.7084  EI=0.0197  rnum=123.7  len=38  syn_rate=0.51  mean=0.8120  worsen=7.00%  highvar=0.00%
GA search time: 4.63s, candidates: 321
  [iter  29/100] search_obj=0.9440  search_best=0.8125  validation_best=0.7084  EI=0.0162  rnum=121.6  len=34  syn_rate=0.49  mean=0.9200  worsen=12.00%  highvar=0.00%
GA search time: 4.29s, candidates: 319
  [iter  30/100] search_obj=0.8553  search_best=0.8125  validation_best=0.7084  EI=0.0156  rnum=119.6  len=34  syn_rate=0.46  mean=0.8393  worsen=8.00%  highvar=0.00%
GA search time: 5.74s, candidates: 317
  [iter  31/100] search_obj=0.8409  search_best=0.8125  validation_best=0.7084  EI=0.0158  rnum=117.5  len=38  syn_rate=0.45  mean=0.8209  worsen=10.00%  highvar=0.00%
GA search time: 7.28s, candidates: 315
  [iter  32/100] search_obj=0.8225  search_best=0.8125  validation_best=0.7084  EI=0.0159  rnum=115.5  len=40  syn_rate=0.60  mean=0.8105  worsen=6.00%  highvar=0.00%
GA search time: 6.18s, candidates: 313
  [iter  33/100] search_obj=1.0561  search_best=0.8125  validation_best=0.7084  EI=0.0160  rnum=113.5  len=33  syn_rate=0.43  mean=1.0121  worsen=22.00%  highvar=0.00%
GA search time: 6.25s, candidates: 311
  [iter  34/100] search_obj=0.8654  search_best=0.8125  validation_best=0.7084  EI=0.0139  rnum=111.5  len=35  syn_rate=0.59  mean=0.8454  worsen=10.00%  highvar=0.00%
GA search time: 5.67s, candidates: 309
  [iter  35/100] search_obj=0.8226  search_best=0.8125  validation_best=0.7084  EI=0.0167  rnum=109.5  len=32  syn_rate=0.52  mean=0.8106  worsen=6.00%  highvar=0.00%
GA search time: 7.41s, candidates: 307
  [iter  36/100] search_obj=1.0668  search_best=0.8125  validation_best=0.7084  EI=0.0144  rnum=107.6  len=35  syn_rate=0.47  mean=1.0128  worsen=27.00%  highvar=0.00%
GA search time: 8.79s, candidates: 305
  [iter  37/100] search_obj=0.8312  search_best=0.8125  validation_best=0.7084  EI=0.0164  rnum=105.6  len=33  syn_rate=0.45  mean=0.8172  worsen=7.00%  highvar=0.00%
GA search time: 7.30s, candidates: 303
  [iter  38/100] search_obj=0.8114  search_best=0.8114  validation_best=0.7084  EI=0.0146  rnum=103.7  len=31  syn_rate=0.46  mean=0.7994  worsen=6.00%  highvar=0.00%
GA search time: 8.55s, candidates: 301
  [iter  39/100] search_obj=1.0681  search_best=0.8114  validation_best=0.7084  EI=0.0169  rnum=101.7  len=40  syn_rate=0.50  mean=1.0041  worsen=32.00%  highvar=0.00%
GA search time: 6.94s, candidates: 299
  [iter  40/100] search_obj=0.9083  search_best=0.8114  validation_best=0.7084  EI=0.0164  rnum=99.8  len=29  syn_rate=0.45  mean=0.8403  worsen=34.00%  highvar=0.00%
GA search time: 7.22s, candidates: 297
  [iter  41/100] search_obj=0.8230  search_best=0.8114  validation_best=0.7084  EI=0.0148  rnum=97.9  len=39  syn_rate=0.45  mean=0.8110  worsen=6.00%  highvar=0.00%
GA search time: 9.48s, candidates: 296
  [iter  42/100] search_obj=0.9325  search_best=0.8114  validation_best=0.7084  EI=0.0136  rnum=96.1  len=42  syn_rate=0.45  mean=0.8765  worsen=28.00%  highvar=0.00%
GA search time: 7.01s, candidates: 294
  [iter  43/100] search_obj=1.0209  search_best=0.8114  validation_best=0.7084  EI=0.0152  rnum=94.2  len=41  syn_rate=0.47  mean=0.9729  worsen=24.00%  highvar=0.00%
GA search time: 7.18s, candidates: 292
  [iter  44/100] search_obj=0.8319  search_best=0.8114  validation_best=0.7084  EI=0.0154  rnum=92.4  len=38  syn_rate=0.58  mean=0.8179  worsen=7.00%  highvar=0.00%
GA search time: 6.91s, candidates: 290
  [iter  45/100] search_obj=0.8226  search_best=0.8114  validation_best=0.7084  EI=0.0118  rnum=90.5  len=34  syn_rate=0.49  mean=0.8106  worsen=6.00%  highvar=0.00%
GA search time: 5.90s, candidates: 288
  [iter  46/100] search_obj=0.8836  search_best=0.8114  validation_best=0.7084  EI=0.0135  rnum=88.7  len=37  syn_rate=0.65  mean=0.8576  worsen=13.00%  highvar=0.00%
GA search time: 7.47s, candidates: 286
  [iter  47/100] search_obj=0.8123  search_best=0.8114  validation_best=0.7080  EI=0.0146  rnum=87.0  len=47  syn_rate=0.59  mean=0.7983  worsen=7.00%  highvar=0.00%
GA search time: 6.44s, candidates: 285
  [iter  48/100] search_obj=0.8224  search_best=0.8114  validation_best=0.7080  EI=0.0161  rnum=85.2  len=40  syn_rate=0.58  mean=0.8104  worsen=6.00%  highvar=0.00%
GA search time: 7.86s, candidates: 283
  [iter  49/100] search_obj=0.8066  search_best=0.8066  validation_best=0.7069  EI=0.0186  rnum=83.5  len=62  syn_rate=0.66  mean=0.7926  worsen=7.00%  highvar=0.00%
GA search time: 8.56s, candidates: 281
  [iter  50/100] search_obj=0.8120  search_best=0.8066  validation_best=0.7069  EI=0.0186  rnum=81.7  len=54  syn_rate=0.65  mean=0.7980  worsen=7.00%  highvar=0.00%
GA search time: 8.09s, candidates: 280
  [iter  51/100] search_obj=0.8117  search_best=0.8066  validation_best=0.7069  EI=0.0226  rnum=80.0  len=52  syn_rate=0.62  mean=0.7977  worsen=7.00%  highvar=0.00%
GA search time: 11.64s, candidates: 278
  [iter  52/100] search_obj=0.9881  search_best=0.8066  validation_best=0.7069  EI=0.0226  rnum=78.4  len=84  syn_rate=0.71  mean=0.9581  worsen=15.00%  highvar=0.00%
GA search time: 5.46s, candidates: 276
  [iter  53/100] search_obj=1.0183  search_best=0.8066  validation_best=0.7069  EI=0.0191  rnum=76.7  len=67  syn_rate=0.56  mean=0.9723  worsen=23.00%  highvar=0.00%
GA search time: 5.85s, candidates: 275
  [iter  54/100] search_obj=0.7989  search_best=0.7989  validation_best=0.7069  EI=0.0162  rnum=75.1  len=48  syn_rate=0.59  mean=0.7869  worsen=6.00%  highvar=0.00%
GA search time: 6.07s, candidates: 273
  [iter  55/100] search_obj=0.8125  search_best=0.7989  validation_best=0.7040  EI=0.0151  rnum=73.4  len=46  syn_rate=0.59  mean=0.7985  worsen=7.00%  highvar=0.00%
GA search time: 4.67s, candidates: 271
  [iter  56/100] search_obj=1.3148  search_best=0.7989  validation_best=0.7040  EI=0.0168  rnum=71.8  len=56  syn_rate=0.48  mean=1.1688  worsen=73.00%  highvar=0.00%
GA search time: 7.69s, candidates: 270
  [iter  57/100] search_obj=0.8829  search_best=0.7989  validation_best=0.7040  EI=0.0204  rnum=70.3  len=64  syn_rate=0.57  mean=0.8569  worsen=13.00%  highvar=0.00%
GA search time: 5.22s, candidates: 268
  [iter  58/100] search_obj=1.0602  search_best=0.7989  validation_best=0.7040  EI=0.0190  rnum=68.7  len=61  syn_rate=0.54  mean=1.0122  worsen=24.00%  highvar=0.00%
GA search time: 6.75s, candidates: 267
  [iter  59/100] search_obj=0.8218  search_best=0.7989  validation_best=0.7040  EI=0.0149  rnum=67.2  len=46  syn_rate=0.62  mean=0.7998  worsen=11.00%  highvar=0.00%
GA search time: 5.38s, candidates: 265
  [iter  60/100] search_obj=0.8032  search_best=0.7989  validation_best=0.6987  EI=0.0168  rnum=65.7  len=49  syn_rate=0.59  mean=0.7912  worsen=6.00%  highvar=0.00%
GA search time: 5.34s, candidates: 264
  [iter  61/100] search_obj=0.8125  search_best=0.7989  validation_best=0.6987  EI=0.0174  rnum=64.2  len=48  syn_rate=0.59  mean=0.7985  worsen=7.00%  highvar=0.00%
GA search time: 5.68s, candidates: 262
  [iter  62/100] search_obj=0.8346  search_best=0.7989  validation_best=0.6987  EI=0.0174  rnum=62.7  len=42  syn_rate=0.46  mean=0.8206  worsen=7.00%  highvar=0.00%
GA search time: 6.06s, candidates: 261
  [iter  63/100] search_obj=0.8029  search_best=0.7989  validation_best=0.6987  EI=0.0171  rnum=61.3  len=54  syn_rate=0.66  mean=0.7909  worsen=6.00%  highvar=0.00%
GA search time: 5.26s, candidates: 259
  [iter  64/100] search_obj=1.0602  search_best=0.7989  validation_best=0.6987  EI=0.0171  rnum=59.8  len=56  syn_rate=0.45  mean=1.0122  worsen=24.00%  highvar=0.00%
GA search time: 5.10s, candidates: 258
  [iter  65/100] search_obj=0.8268  search_best=0.7989  validation_best=0.6987  EI=0.0145  rnum=58.4  len=55  syn_rate=0.63  mean=0.8088  worsen=9.00%  highvar=0.00%
GA search time: 6.95s, candidates: 257
  [iter  66/100] search_obj=0.8133  search_best=0.7989  validation_best=0.6987  EI=0.0149  rnum=57.0  len=49  syn_rate=0.49  mean=0.8013  worsen=6.00%  highvar=0.00%
GA search time: 6.89s, candidates: 255
  [iter  67/100] search_obj=0.8334  search_best=0.7989  validation_best=0.6987  EI=0.0196  rnum=55.7  len=55  syn_rate=0.67  mean=0.8174  worsen=8.00%  highvar=0.00%
GA search time: 9.54s, candidates: 254
  [iter  68/100] search_obj=0.8129  search_best=0.7989  validation_best=0.6987  EI=0.0155  rnum=54.3  len=53  syn_rate=0.55  mean=0.7989  worsen=7.00%  highvar=0.00%
GA search time: 5.81s, candidates: 253
  [iter  69/100] search_obj=1.0633  search_best=0.7989  validation_best=0.6987  EI=0.0165  rnum=53.0  len=53  syn_rate=0.51  mean=1.0133  worsen=25.00%  highvar=0.00%
GA search time: 5.33s, candidates: 251
  [iter  70/100] search_obj=0.8334  search_best=0.7989  validation_best=0.6987  EI=0.0141  rnum=51.7  len=44  syn_rate=0.60  mean=0.8174  worsen=8.00%  highvar=0.00%
GA search time: 4.97s, candidates: 250
  [iter  71/100] search_obj=1.1307  search_best=0.7989  validation_best=0.6987  EI=0.0172  rnum=50.5  len=42  syn_rate=0.57  mean=1.0267  worsen=52.00%  highvar=0.00%
GA search time: 6.72s, candidates: 249
  [iter  72/100] search_obj=0.7959  search_best=0.7959  validation_best=0.6987  EI=0.0142  rnum=49.2  len=57  syn_rate=0.66  mean=0.7859  worsen=5.00%  highvar=0.00%
GA search time: 5.57s, candidates: 247
  [iter  73/100] search_obj=0.8205  search_best=0.7959  validation_best=0.6987  EI=0.0157  rnum=48.0  len=43  syn_rate=0.55  mean=0.8065  worsen=7.00%  highvar=0.00%
GA search time: 5.36s, candidates: 246
  [iter  74/100] search_obj=0.8207  search_best=0.7959  validation_best=0.6966  EI=0.0175  rnum=46.8  len=57  syn_rate=0.65  mean=0.7987  worsen=11.00%  highvar=0.00%
GA search time: 6.58s, candidates: 245
  [iter  75/100] search_obj=1.0648  search_best=0.7959  validation_best=0.6966  EI=0.0167  rnum=45.6  len=48  syn_rate=0.48  mean=1.0128  worsen=26.00%  highvar=0.00%
GA search time: 6.86s, candidates: 244
  [iter  76/100] search_obj=0.8067  search_best=0.7959  validation_best=0.6966  EI=0.0193  rnum=44.4  len=52  syn_rate=0.49  mean=0.7947  worsen=6.00%  highvar=0.00%
GA search time: 5.43s, candidates: 243
  [iter  77/100] search_obj=0.7959  search_best=0.7959  validation_best=0.6966  EI=0.0187  rnum=43.3  len=58  syn_rate=0.66  mean=0.7859  worsen=5.00%  highvar=0.00%
GA search time: 6.57s, candidates: 242
  [iter  78/100] search_obj=0.7959  search_best=0.7959  validation_best=0.6966  EI=0.0228  rnum=42.2  len=59  syn_rate=0.66  mean=0.7859  worsen=5.00%  highvar=0.00%
GA search time: 7.18s, candidates: 241
  [iter  79/100] search_obj=0.7959  search_best=0.7959  validation_best=0.6966  EI=0.0239  rnum=41.1  len=58  syn_rate=0.66  mean=0.7859  worsen=5.00%  highvar=0.00%
GA search time: 6.88s, candidates: 239
  [iter  80/100] search_obj=0.8401  search_best=0.7959  validation_best=0.6966  EI=0.0188  rnum=40.0  len=55  syn_rate=0.52  mean=0.8261  worsen=7.00%  highvar=0.00%
GA search time: 7.00s, candidates: 238
  [iter  81/100] search_obj=0.8705  search_best=0.7959  validation_best=0.6966  EI=0.0211  rnum=38.9  len=58  syn_rate=0.55  mean=0.8465  worsen=12.00%  highvar=0.00%
GA search time: 6.13s, candidates: 237
  [iter  82/100] search_obj=0.7959  search_best=0.7959  validation_best=0.6966  EI=0.0159  rnum=37.9  len=60  syn_rate=0.66  mean=0.7859  worsen=5.00%  highvar=0.00%
GA search time: 5.77s, candidates: 236
  [iter  83/100] search_obj=0.8061  search_best=0.7959  validation_best=0.6966  EI=0.0157  rnum=36.9  len=53  syn_rate=0.50  mean=0.7941  worsen=6.00%  highvar=0.00%
GA search time: 5.47s, candidates: 235
  [iter  84/100] search_obj=1.0368  search_best=0.7959  validation_best=0.6966  EI=0.0178  rnum=35.9  len=59  syn_rate=0.62  mean=0.9948  worsen=21.00%  highvar=0.00%
GA search time: 5.58s, candidates: 234
  [iter  85/100] search_obj=0.9954  search_best=0.7959  validation_best=0.6966  EI=0.0149  rnum=34.9  len=43  syn_rate=0.52  mean=0.9634  worsen=16.00%  highvar=0.00%
GA search time: 5.07s, candidates: 233
  [iter  86/100] search_obj=0.9355  search_best=0.7959  validation_best=0.6966  EI=0.0138  rnum=33.9  len=49  syn_rate=0.58  mean=0.9075  worsen=14.00%  highvar=0.00%
GA search time: 6.31s, candidates: 233
  [iter  87/100] search_obj=0.8358  search_best=0.7959  validation_best=0.6966  EI=0.0139  rnum=33.0  len=49  syn_rate=0.49  mean=0.8178  worsen=9.00%  highvar=0.00%
GA search time: 5.57s, candidates: 232
  [iter  88/100] search_obj=0.9886  search_best=0.7959  validation_best=0.6966  EI=0.0149  rnum=32.1  len=64  syn_rate=0.69  mean=0.9606  worsen=14.00%  highvar=0.00%
GA search time: 6.10s, candidates: 231
  [iter  89/100] search_obj=0.8129  search_best=0.7959  validation_best=0.6966  EI=0.0137  rnum=31.2  len=54  syn_rate=0.55  mean=0.7989  worsen=7.00%  highvar=0.00%
GA search time: 4.99s, candidates: 230
  [iter  90/100] search_obj=0.8184  search_best=0.7959  validation_best=0.6966  EI=0.0163  rnum=30.3  len=55  syn_rate=0.55  mean=0.7984  worsen=10.00%  highvar=0.00%
GA search time: 5.59s, candidates: 229
  [iter  91/100] search_obj=0.8795  search_best=0.7959  validation_best=0.6966  EI=0.0150  rnum=29.5  len=58  syn_rate=0.61  mean=0.8615  worsen=9.00%  highvar=0.00%
GA search time: 4.82s, candidates: 228
  [iter  92/100] search_obj=1.2321  search_best=0.7959  validation_best=0.6966  EI=0.0163  rnum=28.6  len=42  syn_rate=0.55  mean=1.1321  worsen=50.00%  highvar=0.00%
GA search time: 5.82s, candidates: 227
  [iter  93/100] search_obj=0.8108  search_best=0.7959  validation_best=0.6966  EI=0.0209  rnum=27.8  len=59  syn_rate=0.65  mean=0.7988  worsen=6.00%  highvar=0.00%
GA search time: 5.35s, candidates: 226
  [iter  94/100] search_obj=0.8293  search_best=0.7959  validation_best=0.6966  EI=0.0165  rnum=27.0  len=54  syn_rate=0.47  mean=0.8153  worsen=7.00%  highvar=0.00%
GA search time: 4.51s, candidates: 226
  [iter  95/100] search_obj=0.8218  search_best=0.7959  validation_best=0.6966  EI=0.0157  rnum=26.2  len=48  syn_rate=0.66  mean=0.7998  worsen=11.00%  highvar=0.00%
GA search time: 4.35s, candidates: 225
  [iter  96/100] search_obj=1.0602  search_best=0.7959  validation_best=0.6966  EI=0.0166  rnum=25.4  len=59  syn_rate=0.52  mean=1.0122  worsen=24.00%  highvar=0.00%
GA search time: 5.59s, candidates: 224
  [iter  97/100] search_obj=0.8379  search_best=0.7959  validation_best=0.6966  EI=0.0128  rnum=24.7  len=38  syn_rate=0.52  mean=0.8179  worsen=10.00%  highvar=0.00%
GA search time: 5.45s, candidates: 223
  [iter  98/100] search_obj=0.9207  search_best=0.7959  validation_best=0.6966  EI=0.0136  rnum=24.0  len=58  syn_rate=0.62  mean=0.8987  worsen=11.00%  highvar=0.00%
GA search time: 5.25s, candidates: 223
  [iter  99/100] search_obj=0.8332  search_best=0.7959  validation_best=0.6966  EI=0.0144  rnum=23.3  len=56  syn_rate=0.51  mean=0.8152  worsen=9.00%  highvar=0.00%
GA search time: 4.90s, candidates: 222
  [iter 100/100] search_obj=1.0496  search_best=0.7959  validation_best=0.6966  EI=0.0185  rnum=22.6  len=31  syn_rate=0.46  mean=1.0096  worsen=20.00%  highvar=0.00%

[Step 5] 按 validation 选择最终通用序列...
  选择结果:
    search_train_obj=0.8207, search_train_mean=0.7987, search_train_worsen=11.00%, search_train_highvar=0.00%
    validation_obj=0.6966, validation_mean=0.6766, validation_worsen=10.00%, validation_highvar=0.00%

[Step 6] 在 validation 上执行消融后处理...

[Ablation-validation] 初始序列长度: 57, objective: 0.6966, mean_norm: 0.6766, worsen_rate: 10.00%
  移除 [56] function(jump-threading): objective 0.6966, mean_norm 0.6766, worsen_rate 10.00% (保留移除)
  移除 [55] function(instsimplify): objective 0.6966, mean_norm 0.6766, worsen_rate 10.00% (保留移除)
  移除 [54] function(reassociate): objective 0.6937, mean_norm 0.6757, worsen_rate 9.00% (保留移除)
  移除 [53] module(scc-oz-module-inliner): objective 0.6975 > 0.6937 (恢复)
  移除 [52] module(attributor): objective 0.7033 > 0.6937 (恢复)
  移除 [51] module(elim-avail-extern): objective 0.6937, mean_norm 0.6757, worsen_rate 9.00% (保留移除)
  移除 [50] module(globalopt): objective 0.6937, mean_norm 0.6757, worsen_rate 9.00% (保留移除)
  移除 [49] module(iroutliner): objective 0.6937, mean_norm 0.6757, worsen_rate 9.00% (保留移除)
  移除 [48] function(newgvn): objective 0.6935, mean_norm 0.6755, worsen_rate 9.00% (保留移除)
  移除 [47] function(memcpyopt): objective 0.6935, mean_norm 0.6755, worsen_rate 9.00% (保留移除)
  移除 [46] module(elim-avail-extern): objective 0.6935, mean_norm 0.6755, worsen_rate 9.00% (保留移除)
  移除 [45] module(elim-avail-extern): objective 0.6935, mean_norm 0.6755, worsen_rate 9.00% (保留移除)
  移除 [44] module(iroutliner): objective 0.6935, mean_norm 0.6755, worsen_rate 9.00% (保留移除)
  移除 [43] module(iroutliner): objective 0.6935, mean_norm 0.6755, worsen_rate 9.00% (保留移除)
  移除 [42] module(iroutliner): objective 0.6935, mean_norm 0.6755, worsen_rate 9.00% (保留移除)
  移除 [41] module(scc-oz-module-inliner): objective 0.7042 > 0.6935 (恢复)
  移除 [40] module(elim-avail-extern): objective 0.6935, mean_norm 0.6755, worsen_rate 9.00% (保留移除)
  移除 [39] function(mem2reg): objective 0.6935, mean_norm 0.6755, worsen_rate 9.00% (保留移除)
  移除 [38] function(gvn-hoist): objective 0.6939 > 0.6935 (恢复)
  移除 [37] function(dce): objective 0.6935, mean_norm 0.6755, worsen_rate 9.00% (保留移除)
  移除 [36] module(iroutliner): objective 0.6938 > 0.6935 (恢复)
  移除 [35] function(mem2reg): objective 0.6935, mean_norm 0.6755, worsen_rate 9.00% (保留移除)
  移除 [34] module(attributor): objective 0.7042 > 0.6935 (恢复)
  移除 [33] function(memcpyopt): objective 0.6935, mean_norm 0.6755, worsen_rate 9.00% (保留移除)
  移除 [32] function(newgvn): objective 0.6960 > 0.6935 (恢复)
  移除 [31] module(globalopt): objective 0.6957 > 0.6935 (恢复)
  移除 [30] module(scc-oz-module-inliner): objective 0.7103 > 0.6935 (恢复)
  移除 [29] module(attributor): objective 0.6935, mean_norm 0.6755, worsen_rate 9.00% (保留移除)
  移除 [28] function(newgvn): objective 0.6935, mean_norm 0.6755, worsen_rate 9.00% (保留移除)
  移除 [27] function(memcpyopt): objective 0.6935, mean_norm 0.6755, worsen_rate 9.00% (保留移除)
  移除 [26] module(attributor): objective 0.6979 > 0.6935 (恢复)
  移除 [25] module(iroutliner): objective 0.6981 > 0.6935 (恢复)
  移除 [24] module(globalopt): objective 0.6935, mean_norm 0.6755, worsen_rate 9.00% (保留移除)
  移除 [23] module(attributor): objective 0.6979 > 0.6935 (恢复)
  移除 [22] module(globalopt): objective 0.6935, mean_norm 0.6755, worsen_rate 9.00% (保留移除)
  移除 [21] function(instsimplify): objective 0.6935, mean_norm 0.6755, worsen_rate 9.00% (保留移除)
  移除 [20] function(gvn-sink): objective 0.6935, mean_norm 0.6755, worsen_rate 9.00% (保留移除)
  移除 [19] module(globalopt): objective 0.6935, mean_norm 0.6755, worsen_rate 9.00% (保留移除)
  移除 [18] module(globalopt): objective 0.6935, mean_norm 0.6755, worsen_rate 9.00% (保留移除)
  移除 [17] function(memcpyopt): objective 0.6935, mean_norm 0.6755, worsen_rate 9.00% (保留移除)
  移除 [16] function(newgvn): objective 0.6935, mean_norm 0.6755, worsen_rate 9.00% (保留移除)
  移除 [15] function(newgvn): objective 0.7269 > 0.6935 (恢复)
  移除 [14] function(gvn-sink): objective 0.6929, mean_norm 0.6749, worsen_rate 9.00% (保留移除)
  移除 [13] module(globalopt): objective 0.6929, mean_norm 0.6749, worsen_rate 9.00% (保留移除)
  移除 [12] function(dse): objective 0.7154 > 0.6929 (恢复)
  移除 [11] function(memcpyopt): objective 0.6929, mean_norm 0.6749, worsen_rate 9.00% (保留移除)
  移除 [10] function(instsimplify): objective 0.6929, mean_norm 0.6749, worsen_rate 9.00% (保留移除)
  移除 [9] module(globalopt): objective 0.6929, mean_norm 0.6749, worsen_rate 9.00% (保留移除)
  移除 [8] function(dce): objective 0.6921, mean_norm 0.6741, worsen_rate 9.00% (保留移除)
  移除 [7] module(attributor): objective 0.8018 > 0.6921 (恢复)
  移除 [6] module(iroutliner): objective 0.6921, mean_norm 0.6741, worsen_rate 9.00% (保留移除)
  移除 [5] function(instsimplify): objective 0.6921, mean_norm 0.6741, worsen_rate 9.00% (保留移除)
  移除 [4] module(iroutliner): objective 0.8338 > 0.6921 (恢复)
  移除 [3] module(elim-avail-extern): objective 0.6921, mean_norm 0.6741, worsen_rate 9.00% (保留移除)
  移除 [2] function(gvn-sink): objective 0.7065 > 0.6921 (恢复)
  移除 [1] module(globalopt): objective 0.6921, mean_norm 0.6741, worsen_rate 9.00% (保留移除)
  移除 [0] module(elim-avail-extern): objective 0.9608 > 0.6921 (恢复)
[Ablation-validation] 最终序列长度: 18, objective: 0.6921, mean_norm: 0.6741, worsen_rate: 9.00%, 移除了 39 个 pass
  消融有效: 57 → 18 passes, validation_objective: 0.6966 → 0.6921

最终通用 pass 序列（effective=18 个顶层 pass, raw=18 个 pass, syn_rate(raw)=0.21）:
  module(elim-avail-extern) → function(gvn-sink) → module(iroutliner) → module(attributor) → function(dse) → function(newgvn) → module(attributor) → module(iroutliner) → module(attributor) → module(scc-oz-module-inliner) → module(globalopt) → function(newgvn) → module(attributor) → module(iroutliner) → function(gvn-hoist) → module(scc-oz-module-inliner) → module(attributor) → module(scc-oz-module-inliner)
  search_train_obj=0.8148, search_train_mean=0.7948, search_train_worsen=10.00%, search_train_highvar=0.00%
  validation_obj=0.6921, validation_mean=0.6741, validation_worsen=9.00%, validation_highvar=0.00%
  test_obj=0.8102, test_mean=0.7902, test_worsen=10.00%, test_highvar=0.00%

Top-5 最佳序列（按 validation 多目标 objective 升序）:
  #1: validation_obj=0.6966, validation_mean=0.6766, validation_worsen=10.00%, validation_highvar=0.00%, train_obj=0.8207, train_mean=0.7987, train_highvar=0.00%, len=57, syn_rate=0.65, test_obj=0.8106, test_mean=0.7906, test_worsen=10.00%, test_highvar=0.00%
     module(elim-avail-extern) → module(globalopt) → function(gvn-sink) → module(elim-avail-extern) → module(iroutliner) → function(instsimplify) → module(iroutliner) → module(attributor) → function(dce) → module(globalopt) → function(instsimplify) → function(memcpyopt) → function(dse) → module(globalopt) → function(gvn-sink) → function(newgvn) → function(newgvn) → function(memcpyopt) → module(globalopt) → module(globalopt) → function(gvn-sink) → function(instsimplify) → module(globalopt) → module(attributor) → module(globalopt) → module(iroutliner) → module(attributor) → function(memcpyopt) → function(newgvn) → module(attributor) → module(scc-oz-module-inliner) → module(globalopt) → function(newgvn) → function(memcpyopt) → module(attributor) → function(mem2reg) → module(iroutliner) → function(dce) → function(gvn-hoist) → function(mem2reg) → module(elim-avail-extern) → module(scc-oz-module-inliner) → module(iroutliner) → module(iroutliner) → module(iroutliner) → module(elim-avail-extern) → module(elim-avail-extern) → function(memcpyopt) → function(newgvn) → module(iroutliner) → module(globalopt) → module(elim-avail-extern) → module(attributor) → module(scc-oz-module-inliner) → function(reassociate) → function(instsimplify) → function(jump-threading)
  #2: validation_obj=0.6987, validation_mean=0.6807, validation_worsen=9.00%, validation_highvar=0.00%, train_obj=0.8032, train_mean=0.7912, train_highvar=0.00%, len=49, syn_rate=0.59, test_obj=0.8055, test_mean=0.7895, test_worsen=8.00%, test_highvar=0.00%
     module(elim-avail-extern) → module(globalopt) → function(gvn-sink) → module(elim-avail-extern) → module(iroutliner) → function(instsimplify) → module(iroutliner) → module(attributor) → function(dce) → module(globalopt) → module(iroutliner) → module(inferattrs) → function(newgvn) → function(instsimplify) → function(memcpyopt) → function(dse) → module(globalopt) → function(gvn-sink) → function(newgvn) → function(newgvn) → function(memcpyopt) → module(globalopt) → module(globalopt) → function(gvn-sink) → function(instsimplify) → module(globalopt) → module(attributor) → module(globalopt) → module(iroutliner) → module(attributor) → function(dce) → function(gvn-hoist) → function(mem2reg) → module(elim-avail-extern) → module(scc-oz-module-inliner) → function(newgvn) → module(iroutliner) → module(elim-avail-extern) → module(globalopt) → function(memcpyopt) → module(iroutliner) → module(inferattrs) → function(newgvn) → module(globalopt) → module(elim-avail-extern) → module(attributor) → module(scc-oz-module-inliner) → function(instsimplify) → function(jump-threading)
  #3: validation_obj=0.7029, validation_mean=0.6849, validation_worsen=9.00%, validation_highvar=0.00%, train_obj=0.7959, train_mean=0.7859, train_highvar=0.00%, len=57, syn_rate=0.66, test_obj=0.7781, test_mean=0.7661, test_worsen=6.00%, test_highvar=0.00%
     module(elim-avail-extern) → function(memcpyopt) → module(iroutliner) → function(gvn-sink) → module(elim-avail-extern) → module(iroutliner) → module(attributor) → module(attributor) → function(instsimplify) → module(inferattrs) → function(dce) → module(globalopt) → function(instsimplify) → module(globalopt) → function(dse) → module(iroutliner) → module(globalopt) → function(gvn-sink) → function(newgvn) → function(memcpyopt) → module(globalopt) → module(globalopt) → function(gvn-sink) → function(instsimplify) → module(globalopt) → module(attributor) → function(newgvn) → function(newgvn) → function(gvn-hoist) → function(mem2reg) → module(iroutliner) → module(iroutliner) → module(elim-avail-extern) → module(scc-oz-module-inliner) → function(newgvn) → function(jump-threading) → module(globalopt) → function(newgvn) → module(elim-avail-extern) → module(globalopt) → function(memcpyopt) → module(iroutliner) → module(globalopt) → module(iroutliner) → module(inferattrs) → function(dce) → function(jump-threading) → module(globalopt) → module(globalopt) → module(elim-avail-extern) → module(attributor) → module(scc-oz-module-inliner) → module(scc-oz-module-inliner) → function(instsimplify) → function(jump-threading) → function(mem2reg) → function(newgvn)
  #4: validation_obj=0.7029, validation_mean=0.6849, validation_worsen=9.00%, validation_highvar=0.00%, train_obj=0.7959, train_mean=0.7859, train_highvar=0.00%, len=58, syn_rate=0.66, test_obj=0.7781, test_mean=0.7661, test_worsen=6.00%, test_highvar=0.00%
     module(elim-avail-extern) → function(memcpyopt) → module(iroutliner) → function(gvn-sink) → module(elim-avail-extern) → module(iroutliner) → module(attributor) → module(attributor) → function(instsimplify) → module(inferattrs) → function(dce) → module(globalopt) → module(attributor) → function(instsimplify) → module(globalopt) → function(dse) → module(iroutliner) → module(globalopt) → function(gvn-sink) → function(newgvn) → function(memcpyopt) → module(globalopt) → module(globalopt) → function(gvn-sink) → function(instsimplify) → module(globalopt) → module(attributor) → function(newgvn) → function(newgvn) → function(gvn-hoist) → function(mem2reg) → module(iroutliner) → module(iroutliner) → module(elim-avail-extern) → module(scc-oz-module-inliner) → function(newgvn) → function(jump-threading) → module(globalopt) → function(newgvn) → module(elim-avail-extern) → module(globalopt) → function(memcpyopt) → module(iroutliner) → module(globalopt) → module(iroutliner) → module(inferattrs) → function(dce) → function(jump-threading) → module(globalopt) → module(globalopt) → module(elim-avail-extern) → module(attributor) → module(scc-oz-module-inliner) → module(scc-oz-module-inliner) → function(instsimplify) → function(jump-threading) → function(mem2reg) → function(newgvn)
  #5: validation_obj=0.7029, validation_mean=0.6849, validation_worsen=9.00%, validation_highvar=0.00%, train_obj=0.7959, train_mean=0.7859, train_highvar=0.00%, len=58, syn_rate=0.66, test_obj=0.7781, test_mean=0.7661, test_worsen=6.00%, test_highvar=0.00%
     module(elim-avail-extern) → function(memcpyopt) → module(iroutliner) → function(gvn-sink) → module(elim-avail-extern) → module(iroutliner) → module(attributor) → module(attributor) → function(instsimplify) → module(inferattrs) → function(dce) → module(globalopt) → function(instsimplify) → module(globalopt) → function(dse) → module(iroutliner) → module(globalopt) → function(gvn-sink) → function(newgvn) → function(memcpyopt) → module(globalopt) → module(globalopt) → function(gvn-sink) → function(instsimplify) → module(globalopt) → module(attributor) → function(newgvn) → function(newgvn) → function(gvn-hoist) → function(mem2reg) → module(iroutliner) → module(iroutliner) → module(elim-avail-extern) → module(scc-oz-module-inliner) → function(newgvn) → function(jump-threading) → module(iroutliner) → module(globalopt) → function(newgvn) → module(elim-avail-extern) → module(globalopt) → function(memcpyopt) → module(iroutliner) → module(globalopt) → module(iroutliner) → module(inferattrs) → function(dce) → function(jump-threading) → module(globalopt) → module(globalopt) → module(elim-avail-extern) → module(attributor) → module(scc-oz-module-inliner) → module(scc-oz-module-inliner) → function(instsimplify) → function(jump-threading) → function(mem2reg) → function(newgvn)

============================================================
所有轮次中最优 validation objective: 0.6921
最优通用 pass 序列 (18 passes):
  module(elim-avail-extern) → function(gvn-sink) → module(iroutliner) → module(attributor) → function(dse) → function(newgvn) → module(attributor) → module(iroutliner) → module(attributor) → module(scc-oz-module-inliner) → module(globalopt) → function(newgvn) → module(attributor) → module(iroutliner) → function(gvn-hoist) → module(scc-oz-module-inliner) → module(attributor) → module(scc-oz-module-inliner)
  search_train_obj=0.8148, search_train_mean=0.7948, search_train_worsen=10.00%, search_train_highvar=0.00%
  validation_obj=0.6921, validation_mean=0.6741, validation_worsen=9.00%, validation_highvar=0.00%
  test_obj=0.8102, test_mean=0.7902, test_worsen=10.00%, test_highvar=0.00%

最优轮次 Top-5 序列（含测试集效果，按 validation objective 升序）:
  #1: validation_obj=0.6966, validation_mean=0.6766, validation_worsen=10.00%, validation_highvar=0.00%, train_obj=0.8207, train_mean=0.7987, train_highvar=0.00%, len=57, syn_rate=0.65, test_obj=0.8106, test_mean=0.7906, test_worsen=10.00%, test_highvar=0.00%
     module(elim-avail-extern) → module(globalopt) → function(gvn-sink) → module(elim-avail-extern) → module(iroutliner) → function(instsimplify) → module(iroutliner) → module(attributor) → function(dce) → module(globalopt) → function(instsimplify) → function(memcpyopt) → function(dse) → module(globalopt) → function(gvn-sink) → function(newgvn) → function(newgvn) → function(memcpyopt) → module(globalopt) → module(globalopt) → function(gvn-sink) → function(instsimplify) → module(globalopt) → module(attributor) → module(globalopt) → module(iroutliner) → module(attributor) → function(memcpyopt) → function(newgvn) → module(attributor) → module(scc-oz-module-inliner) → module(globalopt) → function(newgvn) → function(memcpyopt) → module(attributor) → function(mem2reg) → module(iroutliner) → function(dce) → function(gvn-hoist) → function(mem2reg) → module(elim-avail-extern) → module(scc-oz-module-inliner) → module(iroutliner) → module(iroutliner) → module(iroutliner) → module(elim-avail-extern) → module(elim-avail-extern) → function(memcpyopt) → function(newgvn) → module(iroutliner) → module(globalopt) → module(elim-avail-extern) → module(attributor) → module(scc-oz-module-inliner) → function(reassociate) → function(instsimplify) → function(jump-threading)
  #2: validation_obj=0.6987, validation_mean=0.6807, validation_worsen=9.00%, validation_highvar=0.00%, train_obj=0.8032, train_mean=0.7912, train_highvar=0.00%, len=49, syn_rate=0.59, test_obj=0.8055, test_mean=0.7895, test_worsen=8.00%, test_highvar=0.00%
     module(elim-avail-extern) → module(globalopt) → function(gvn-sink) → module(elim-avail-extern) → module(iroutliner) → function(instsimplify) → module(iroutliner) → module(attributor) → function(dce) → module(globalopt) → module(iroutliner) → module(inferattrs) → function(newgvn) → function(instsimplify) → function(memcpyopt) → function(dse) → module(globalopt) → function(gvn-sink) → function(newgvn) → function(newgvn) → function(memcpyopt) → module(globalopt) → module(globalopt) → function(gvn-sink) → function(instsimplify) → module(globalopt) → module(attributor) → module(globalopt) → module(iroutliner) → module(attributor) → function(dce) → function(gvn-hoist) → function(mem2reg) → module(elim-avail-extern) → module(scc-oz-module-inliner) → function(newgvn) → module(iroutliner) → module(elim-avail-extern) → module(globalopt) → function(memcpyopt) → module(iroutliner) → module(inferattrs) → function(newgvn) → module(globalopt) → module(elim-avail-extern) → module(attributor) → module(scc-oz-module-inliner) → function(instsimplify) → function(jump-threading)
  #3: validation_obj=0.7029, validation_mean=0.6849, validation_worsen=9.00%, validation_highvar=0.00%, train_obj=0.7959, train_mean=0.7859, train_highvar=0.00%, len=57, syn_rate=0.66, test_obj=0.7781, test_mean=0.7661, test_worsen=6.00%, test_highvar=0.00%
     module(elim-avail-extern) → function(memcpyopt) → module(iroutliner) → function(gvn-sink) → module(elim-avail-extern) → module(iroutliner) → module(attributor) → module(attributor) → function(instsimplify) → module(inferattrs) → function(dce) → module(globalopt) → function(instsimplify) → module(globalopt) → function(dse) → module(iroutliner) → module(globalopt) → function(gvn-sink) → function(newgvn) → function(memcpyopt) → module(globalopt) → module(globalopt) → function(gvn-sink) → function(instsimplify) → module(globalopt) → module(attributor) → function(newgvn) → function(newgvn) → function(gvn-hoist) → function(mem2reg) → module(iroutliner) → module(iroutliner) → module(elim-avail-extern) → module(scc-oz-module-inliner) → function(newgvn) → function(jump-threading) → module(globalopt) → function(newgvn) → module(elim-avail-extern) → module(globalopt) → function(memcpyopt) → module(iroutliner) → module(globalopt) → module(iroutliner) → module(inferattrs) → function(dce) → function(jump-threading) → module(globalopt) → module(globalopt) → module(elim-avail-extern) → module(attributor) → module(scc-oz-module-inliner) → module(scc-oz-module-inliner) → function(instsimplify) → function(jump-threading) → function(mem2reg) → function(newgvn)
  #4: validation_obj=0.7029, validation_mean=0.6849, validation_worsen=9.00%, validation_highvar=0.00%, train_obj=0.7959, train_mean=0.7859, train_highvar=0.00%, len=58, syn_rate=0.66, test_obj=0.7781, test_mean=0.7661, test_worsen=6.00%, test_highvar=0.00%
     module(elim-avail-extern) → function(memcpyopt) → module(iroutliner) → function(gvn-sink) → module(elim-avail-extern) → module(iroutliner) → module(attributor) → module(attributor) → function(instsimplify) → module(inferattrs) → function(dce) → module(globalopt) → module(attributor) → function(instsimplify) → module(globalopt) → function(dse) → module(iroutliner) → module(globalopt) → function(gvn-sink) → function(newgvn) → function(memcpyopt) → module(globalopt) → module(globalopt) → function(gvn-sink) → function(instsimplify) → module(globalopt) → module(attributor) → function(newgvn) → function(newgvn) → function(gvn-hoist) → function(mem2reg) → module(iroutliner) → module(iroutliner) → module(elim-avail-extern) → module(scc-oz-module-inliner) → function(newgvn) → function(jump-threading) → module(globalopt) → function(newgvn) → module(elim-avail-extern) → module(globalopt) → function(memcpyopt) → module(iroutliner) → module(globalopt) → module(iroutliner) → module(inferattrs) → function(dce) → function(jump-threading) → module(globalopt) → module(globalopt) → module(elim-avail-extern) → module(attributor) → module(scc-oz-module-inliner) → module(scc-oz-module-inliner) → function(instsimplify) → function(jump-threading) → function(mem2reg) → function(newgvn)
  #5: validation_obj=0.7029, validation_mean=0.6849, validation_worsen=9.00%, validation_highvar=0.00%, train_obj=0.7959, train_mean=0.7859, train_highvar=0.00%, len=58, syn_rate=0.66, test_obj=0.7781, test_mean=0.7661, test_worsen=6.00%, test_highvar=0.00%
     module(elim-avail-extern) → function(memcpyopt) → module(iroutliner) → function(gvn-sink) → module(elim-avail-extern) → module(iroutliner) → module(attributor) → module(attributor) → function(instsimplify) → module(inferattrs) → function(dce) → module(globalopt) → function(instsimplify) → module(globalopt) → function(dse) → module(iroutliner) → module(globalopt) → function(gvn-sink) → function(newgvn) → function(memcpyopt) → module(globalopt) → module(globalopt) → function(gvn-sink) → function(instsimplify) → module(globalopt) → module(attributor) → function(newgvn) → function(newgvn) → function(gvn-hoist) → function(mem2reg) → module(iroutliner) → module(iroutliner) → module(elim-avail-extern) → module(scc-oz-module-inliner) → function(newgvn) → function(jump-threading) → module(iroutliner) → module(globalopt) → function(newgvn) → module(elim-avail-extern) → module(globalopt) → function(memcpyopt) → module(iroutliner) → module(globalopt) → module(iroutliner) → module(inferattrs) → function(dce) → function(jump-threading) → module(globalopt) → module(globalopt) → module(elim-avail-extern) → module(attributor) → module(scc-oz-module-inliner) → module(scc-oz-module-inliner) → function(instsimplify) → function(jump-threading) → function(mem2reg) → function(newgvn)
binarysize_test: vs_none=0.999 (+0.1%)  vs_oz=1.000 (+0.0%)  vs_o3=0.999 (+0.1%) [metric=stripped_file_bytes]
binarysize_test[text_bytes]: vs_none=0.878 (+12.2%)  vs_oz=0.926 (+7.4%)  vs_o3=0.809 (+19.1%)
binarysize_test[data_bytes]: vs_none=0.985 (+1.5%)  vs_oz=0.994 (+0.6%)  vs_o3=0.986 (+1.4%)
binarysize_test[bss_bytes]: vs_none=1.000 (+0.0%)  vs_oz=1.000 (+0.0%)  vs_o3=1.000 (+0.0%)
binarysize_test[dec_bytes]: vs_none=0.900 (+10.0%)  vs_oz=0.942 (+5.8%)  vs_o3=0.849 (+15.1%)

最优轮次 Top-5 binarysize_test 序列面板（primary=stripped_file_bytes）:
  #1: len=57, syn_rate=0.65
     stripped_file_bytes: obj=1.0195, mean=0.9995, worsen=10.00%, vs_none=0.999 (+0.1%)  vs_oz=1.000 (+0.0%)  vs_o3=0.999 (+0.1%)
     text_bytes: obj=0.9621, mean=0.9261, worsen=18.00%, vs_none=0.878 (+12.2%)  vs_oz=0.926 (+7.4%)  vs_o3=0.809 (+19.1%)
     data_bytes: obj=1.0179, mean=0.9939, worsen=12.00%, vs_none=0.985 (+1.5%)  vs_oz=0.994 (+0.6%)  vs_o3=0.986 (+1.4%)
     bss_bytes: obj=1.0000, mean=1.0000, worsen=0.00%, vs_none=1.000 (+0.0%)  vs_oz=1.000 (+0.0%)  vs_o3=1.000 (+0.0%)
     dec_bytes: obj=0.9780, mean=0.9420, worsen=18.00%, vs_none=0.900 (+10.0%)  vs_oz=0.942 (+5.8%)  vs_o3=0.849 (+15.1%)
  #2: len=49, syn_rate=0.59
     stripped_file_bytes: obj=1.0195, mean=0.9995, worsen=10.00%, vs_none=0.999 (+0.1%)  vs_oz=1.000 (+0.0%)  vs_o3=0.999 (+0.1%)
     text_bytes: obj=0.9571, mean=0.9251, worsen=16.00%, vs_none=0.877 (+12.3%)  vs_oz=0.925 (+7.5%)  vs_o3=0.808 (+19.2%)
     data_bytes: obj=1.0179, mean=0.9939, worsen=12.00%, vs_none=0.985 (+1.5%)  vs_oz=0.994 (+0.6%)  vs_o3=0.986 (+1.4%)
     bss_bytes: obj=1.0000, mean=1.0000, worsen=0.00%, vs_none=1.000 (+0.0%)  vs_oz=1.000 (+0.0%)  vs_o3=1.000 (+0.0%)
     dec_bytes: obj=0.9733, mean=0.9413, worsen=16.00%, vs_none=0.899 (+10.1%)  vs_oz=0.941 (+5.9%)  vs_o3=0.848 (+15.2%)
  #3: len=57, syn_rate=0.66
     stripped_file_bytes: obj=1.0195, mean=0.9995, worsen=10.00%, vs_none=0.999 (+0.1%)  vs_oz=0.999 (+0.1%)  vs_o3=0.999 (+0.1%)
     text_bytes: obj=0.9520, mean=0.9160, worsen=18.00%, vs_none=0.869 (+13.1%)  vs_oz=0.916 (+8.4%)  vs_o3=0.799 (+20.1%)
     data_bytes: obj=1.0168, mean=0.9928, worsen=12.00%, vs_none=0.984 (+1.6%)  vs_oz=0.993 (+0.7%)  vs_o3=0.985 (+1.5%)
     bss_bytes: obj=1.0000, mean=1.0000, worsen=0.00%, vs_none=1.000 (+0.0%)  vs_oz=1.000 (+0.0%)  vs_o3=1.000 (+0.0%)
     dec_bytes: obj=0.9699, mean=0.9339, worsen=18.00%, vs_none=0.892 (+10.8%)  vs_oz=0.934 (+6.6%)  vs_o3=0.841 (+15.9%)
  #4: len=58, syn_rate=0.66
     stripped_file_bytes: obj=1.0195, mean=0.9995, worsen=10.00%, vs_none=0.999 (+0.1%)  vs_oz=0.999 (+0.1%)  vs_o3=0.999 (+0.1%)
     text_bytes: obj=0.9520, mean=0.9160, worsen=18.00%, vs_none=0.869 (+13.1%)  vs_oz=0.916 (+8.4%)  vs_o3=0.799 (+20.1%)
     data_bytes: obj=1.0168, mean=0.9928, worsen=12.00%, vs_none=0.984 (+1.6%)  vs_oz=0.993 (+0.7%)  vs_o3=0.985 (+1.5%)
     bss_bytes: obj=1.0000, mean=1.0000, worsen=0.00%, vs_none=1.000 (+0.0%)  vs_oz=1.000 (+0.0%)  vs_o3=1.000 (+0.0%)
     dec_bytes: obj=0.9699, mean=0.9339, worsen=18.00%, vs_none=0.892 (+10.8%)  vs_oz=0.934 (+6.6%)  vs_o3=0.841 (+15.9%)
  #5: len=58, syn_rate=0.66
     stripped_file_bytes: obj=1.0195, mean=0.9995, worsen=10.00%, vs_none=0.999 (+0.1%)  vs_oz=0.999 (+0.1%)  vs_o3=0.999 (+0.1%)
     text_bytes: obj=0.9520, mean=0.9160, worsen=18.00%, vs_none=0.869 (+13.1%)  vs_oz=0.916 (+8.4%)  vs_o3=0.799 (+20.1%)
     data_bytes: obj=1.0168, mean=0.9928, worsen=12.00%, vs_none=0.984 (+1.6%)  vs_oz=0.993 (+0.7%)  vs_o3=0.985 (+1.5%)
     bss_bytes: obj=1.0000, mean=1.0000, worsen=0.00%, vs_none=1.000 (+0.0%)  vs_oz=1.000 (+0.0%)  vs_o3=1.000 (+0.0%)
     dec_bytes: obj=0.9699, mean=0.9339, worsen=18.00%, vs_none=0.892 (+10.8%)  vs_oz=0.934 (+6.6%)  vs_o3=0.841 (+15.9%)
核心调优成本已写入: /root/exp/RFunipassLab/results/instrcount/summaries/20260508_104447_021085_feature_lite_seed459_core_tuning_cost.json
结果已写入: /root/exp/RFunipassLab/results/instrcount/summaries/20260508_104447_021085_feature_lite_seed459.json
总运行时间: 1677.85 秒
