# run_id: 20260507_205459_116127_feature_lite_seed458
# name: feature_lite
# group: feature_ablation
# description: 切换到 Lite 特征编码，保留其余搜索流程不变。
# changed: FEATURE_MODE=lite, GA_GEN=5, GA_POP=200, ITERS=100, MAX_SEQ_LEN=120, MIN_VAL_PROGRAMS=5, SEED_TOPK=0, TEST_TOPK=50, TRAIN_TOPK=200, VAL_RATIO=0.5
# result_json: /root/exp/RFunipassLab/results/instrcount/summaries/20260507_205459_116127_feature_lite_seed458.json
# started_at: 2026-05-07T20:54:59
# control_env:
#   BACKEND_OPT_LEVEL=-O0
#   BINARY_SIZE_METRIC=stripped_file_bytes
#   BINARY_SIZE_REPORT_METRICS=text_bytes,data_bytes,bss_bytes,dec_bytes
#   DECAY=0.5
#   EXPERIMENT_SEED=458
#   FEATURE_MODE=lite
#   GA_ELITE=0.1
#   GA_GEN=5
#   GA_MUT=0.8
#   GA_POP=200
#   GA_TOUR=3
#   ITERS=100
#   LOOP_NESTING_POLICY=wrap
#   MAX_SEQ_LEN=120
#   MIN_VAL_PROGRAMS=5
#   OBJECTIVE_BASELINE=oz
#   OBJECTIVE_KIND=instrcount
#   OBJ_HIGHVAR_W=0.0
#   OBJ_WORSEN_W=0.00
#   OFFSET=20
#   PROGRAM_POOL_KIND=auto
#   RF_EXPLAIN_COUNTERFACTUAL_ENABLE=1
#   RF_EXPLAIN_COUNTERFACTUAL_MAX_EVALS=50
#   RF_EXPLAIN_COUNTERFACTUAL_SPLIT=selection
#   RF_EXPLAIN_COUNTERFACTUAL_TOPK=5
#   RF_EXPLAIN_ENABLE=0
#   RF_EXPLAIN_HOLDOUT_RATIO=0.3
#   RF_EXPLAIN_MIN_SAMPLES=20
#   RF_EXPLAIN_MODE=final
#   RF_EXPLAIN_PERM_REPEATS=10
#   RF_EXPLAIN_TOPK=20
#   RNUM=256
#   RUNS=1
#   RUNTIME_EVAL_MAX_VARIANCE_PCT=15.0
#   RUNTIME_MAX_INNER_REPEATS=64
#   RUNTIME_MAX_VARIANCE_PCT=10.0
#   RUNTIME_REQUIRED_ROWS=0
#   RUNTIME_SAMPLES=5
#   RUNTIME_TARGET_SAMPLE_MS=30.0
#   RUNTIME_TIMEOUT_SEC=2.0
#   SCALE=10
#   SEED_TOPK=0
#   SPLIT_SEED=458
#   TEST_TOPK=50
#   TRAIN_TOPK=200
#   VAL_RATIO=0.5

Loading train/test rows from: /root/exp/RFunipassLab/data/tuning_results.csv
Loaded train programs:       200
Loaded initial seed seqs:    79
Loaded test programs:        50
Objective kind:              instrcount
Program pool kind:           tuning

Loading synergy graph from: /root/exp/RFunipassLab/data/Step3_EnumeratedPairs.csv
All passes (19): ['module(elim-avail-extern)', 'function(mem2reg)', 'function(instsimplify)', 'module(iroutliner)', 'function(reassociate)', 'function(memcpyopt)', 'function(gvn-hoist)', 'function(dce)', 'function(jump-threading)', 'module(globalopt)', 'module(attributor)', 'cgscc(attributor-cgscc)', 'function(gvn-sink)', 'module(scc-oz-module-inliner)', 'function(dse)', 'function(newgvn)', 'module(inferattrs)', 'loop(loop-simplifycfg)', 'function(lower-switch)']
Synergy edges: 176
Self-loop passes: {'module(attributor)', 'cgscc(attributor-cgscc)', 'function(newgvn)'}

============================================================
实验轮次 1 / 1
============================================================
============================================================
目标类型:      instrcount
目标基准:      -Oz
基准指标:      -Oz 基准指令数
优化指标:      归一化指令数
输入程序数:    200
输入次优序列数: 79
测试程序数:    50
Pass 词表大小: 19
协同边数:      176
自环 pass 数:  3
序列长度上限:  120
Loop 合法化策略: wrap
实验种子:      458
划分种子:      458
特征模式:      lite
RF 特征维度:   31
词表: ['module(elim-avail-extern)', 'function(mem2reg)', 'function(instsimplify)', 'module(iroutliner)', 'function(reassociate)', 'function(memcpyopt)', 'function(gvn-hoist)', 'function(dce)', 'function(jump-threading)', 'module(globalopt)', 'module(attributor)', 'cgscc(attributor-cgscc)', 'function(gvn-sink)', 'module(scc-oz-module-inliner)', 'function(dse)', 'function(newgvn)', 'module(inferattrs)', 'loop(loop-simplifycfg)', 'function(lower-switch)']
多目标权重:    mean=1.0, worsen=0.0, highvar=0.0

[Step 1.5] 训练程序切分...
  search_train 程序数: 100
  validation 程序数:   100
  split_signature(search_train): 8c651010a3ff27fec9f7e5d5efa9cee41062e869
  split_signature(validation):   dd8f07df3ff69242e6dacb9d6936f2a026580e81
  split_signature(test):         a482a9715f2cdbf9817e6c112cc95b7aa635e4fb

[Step 2] 计算 search_train 程序 -Oz 基准指令数...
[Step 2b] 计算 validation 程序 -Oz 基准指令数...
[Step 2c] 计算测试集程序 -Oz 基准指令数...

[Step 3] 评估初始 seed 序列（共 79 条）...

[Step 4] 开始贝叶斯优化（100 轮）...
GA search time: 13.96s, candidates: 383
  [iter   1/100] search_obj=0.8265  search_best=0.7813  validation_best=0.7837  EI=0.0147  rnum=183.2  len=119  syn_rate=0.95  mean=0.8265  worsen=16.00%  highvar=0.00%
GA search time: 22.96s, candidates: 381
  [iter   2/100] search_obj=1.0196  search_best=0.7813  validation_best=0.7837  EI=0.0260  rnum=181.1  len=119  syn_rate=0.82  mean=1.0196  worsen=58.00%  highvar=0.00%
GA search time: 17.53s, candidates: 379
  [iter   3/100] search_obj=0.8474  search_best=0.7813  validation_best=0.7837  EI=0.0152  rnum=179.0  len=38  syn_rate=0.64  mean=0.8474  worsen=18.00%  highvar=0.00%
GA search time: 18.08s, candidates: 376
  [iter   4/100] search_obj=0.9565  search_best=0.7813  validation_best=0.7837  EI=0.0074  rnum=176.9  len=42  syn_rate=0.54  mean=0.9565  worsen=53.00%  highvar=0.00%
GA search time: 19.95s, candidates: 374
  [iter   5/100] search_obj=0.9340  search_best=0.7813  validation_best=0.7837  EI=0.0082  rnum=174.8  len=14  syn_rate=0.30  mean=0.9340  worsen=19.00%  highvar=0.00%
GA search time: 19.38s, candidates: 372
  [iter   6/100] search_obj=1.0832  search_best=0.7813  validation_best=0.7837  EI=0.0070  rnum=172.7  len=30  syn_rate=0.49  mean=1.0832  worsen=49.00%  highvar=0.00%
GA search time: 20.33s, candidates: 370
  [iter   7/100] search_obj=0.9667  search_best=0.7813  validation_best=0.7837  EI=0.0066  rnum=170.6  len=97  syn_rate=0.94  mean=0.9667  worsen=34.00%  highvar=0.00%
GA search time: 14.25s, candidates: 368
  [iter   8/100] search_obj=0.9298  search_best=0.7813  validation_best=0.7837  EI=0.0060  rnum=168.4  len=22  syn_rate=0.46  mean=0.9298  worsen=17.00%  highvar=0.00%
GA search time: 21.13s, candidates: 366
  [iter   9/100] search_obj=0.9495  search_best=0.7813  validation_best=0.7837  EI=0.0061  rnum=166.3  len=113  syn_rate=0.36  mean=0.9495  worsen=30.00%  highvar=0.00%
GA search time: 24.04s, candidates: 364
  [iter  10/100] search_obj=0.8643  search_best=0.7813  validation_best=0.7837  EI=0.0047  rnum=164.2  len=120  syn_rate=0.95  mean=0.8643  worsen=14.00%  highvar=0.00%
GA search time: 19.09s, candidates: 362
  [iter  11/100] search_obj=0.8664  search_best=0.7813  validation_best=0.7837  EI=0.0040  rnum=162.0  len=107  syn_rate=0.95  mean=0.8664  worsen=43.00%  highvar=0.00%
GA search time: 14.25s, candidates: 359
  [iter  12/100] search_obj=1.0312  search_best=0.7813  validation_best=0.7837  EI=0.0047  rnum=159.9  len=40  syn_rate=0.44  mean=1.0312  worsen=70.00%  highvar=0.00%
GA search time: 17.58s, candidates: 357
  [iter  13/100] search_obj=1.0098  search_best=0.7813  validation_best=0.7837  EI=0.0043  rnum=157.7  len=16  syn_rate=0.33  mean=1.0098  worsen=25.00%  highvar=0.00%
GA search time: 20.30s, candidates: 355
  [iter  14/100] search_obj=0.7611  search_best=0.7611  validation_best=0.7702  EI=0.0056  rnum=155.6  len=18  syn_rate=0.32  mean=0.7611  worsen=8.00%  highvar=0.00%
GA search time: 14.01s, candidates: 353
  [iter  15/100] search_obj=0.8588  search_best=0.7611  validation_best=0.7702  EI=0.0094  rnum=153.4  len=19  syn_rate=0.36  mean=0.8588  worsen=12.00%  highvar=0.00%
GA search time: 8.00s, candidates: 351
  [iter  16/100] search_obj=0.9052  search_best=0.7611  validation_best=0.7702  EI=0.0059  rnum=151.3  len=18  syn_rate=0.29  mean=0.9052  worsen=19.00%  highvar=0.00%
GA search time: 14.16s, candidates: 349
  [iter  17/100] search_obj=0.8361  search_best=0.7611  validation_best=0.7702  EI=0.0062  rnum=149.1  len=15  syn_rate=0.33  mean=0.8361  worsen=12.00%  highvar=0.00%
GA search time: 13.81s, candidates: 346
  [iter  18/100] search_obj=0.8571  search_best=0.7611  validation_best=0.7702  EI=0.0038  rnum=147.0  len=31  syn_rate=0.61  mean=0.8571  worsen=15.00%  highvar=0.00%
GA search time: 14.57s, candidates: 344
  [iter  19/100] search_obj=0.9896  search_best=0.7611  validation_best=0.7702  EI=0.0037  rnum=144.8  len=56  syn_rate=0.56  mean=0.9896  worsen=24.00%  highvar=0.00%
GA search time: 8.36s, candidates: 342
  [iter  20/100] search_obj=0.9013  search_best=0.7611  validation_best=0.7702  EI=0.0041  rnum=142.7  len=19  syn_rate=0.32  mean=0.9013  worsen=19.00%  highvar=0.00%
GA search time: 14.02s, candidates: 340
  [iter  21/100] search_obj=0.7688  search_best=0.7611  validation_best=0.7345  EI=0.0032  rnum=140.5  len=20  syn_rate=0.38  mean=0.7688  worsen=6.00%  highvar=0.00%
GA search time: 8.64s, candidates: 338
  [iter  22/100] search_obj=0.7677  search_best=0.7611  validation_best=0.7345  EI=0.0143  rnum=138.4  len=23  syn_rate=0.41  mean=0.7677  worsen=6.00%  highvar=0.00%
GA search time: 8.30s, candidates: 336
  [iter  23/100] search_obj=0.7949  search_best=0.7611  validation_best=0.7345  EI=0.0184  rnum=136.3  len=46  syn_rate=0.64  mean=0.7949  worsen=30.00%  highvar=0.00%
GA search time: 7.87s, candidates: 334
  [iter  24/100] search_obj=0.9031  search_best=0.7611  validation_best=0.7345  EI=0.0116  rnum=134.2  len=55  syn_rate=0.43  mean=0.9031  worsen=19.00%  highvar=0.00%
GA search time: 11.65s, candidates: 332
  [iter  25/100] search_obj=0.8010  search_best=0.7611  validation_best=0.7345  EI=0.0086  rnum=132.1  len=23  syn_rate=0.45  mean=0.8010  worsen=6.00%  highvar=0.00%
GA search time: 12.83s, candidates: 329
  [iter  26/100] search_obj=0.7665  search_best=0.7611  validation_best=0.7211  EI=0.0067  rnum=130.0  len=40  syn_rate=0.57  mean=0.7665  worsen=5.00%  highvar=0.00%
GA search time: 10.71s, candidates: 327
  [iter  27/100] search_obj=0.7739  search_best=0.7611  validation_best=0.7211  EI=0.0121  rnum=127.9  len=21  syn_rate=0.42  mean=0.7739  worsen=5.00%  highvar=0.00%
GA search time: 11.42s, candidates: 325
  [iter  28/100] search_obj=1.0770  search_best=0.7611  validation_best=0.7211  EI=0.0108  rnum=125.8  len=40  syn_rate=0.40  mean=1.0770  worsen=64.00%  highvar=0.00%
GA search time: 11.27s, candidates: 323
  [iter  29/100] search_obj=0.8516  search_best=0.7611  validation_best=0.7211  EI=0.0145  rnum=123.7  len=51  syn_rate=0.59  mean=0.8516  worsen=10.00%  highvar=0.00%
GA search time: 11.27s, candidates: 321
  [iter  30/100] search_obj=0.7625  search_best=0.7611  validation_best=0.7211  EI=0.0168  rnum=121.6  len=37  syn_rate=0.59  mean=0.7625  worsen=5.00%  highvar=0.00%
GA search time: 7.08s, candidates: 319
  [iter  31/100] search_obj=0.7630  search_best=0.7611  validation_best=0.7211  EI=0.0179  rnum=119.6  len=29  syn_rate=0.45  mean=0.7630  worsen=6.00%  highvar=0.00%
GA search time: 11.08s, candidates: 317
  [iter  32/100] search_obj=0.9487  search_best=0.7611  validation_best=0.7211  EI=0.0195  rnum=117.5  len=43  syn_rate=0.50  mean=0.9487  worsen=12.00%  highvar=0.00%
GA search time: 8.27s, candidates: 315
  [iter  33/100] search_obj=0.9376  search_best=0.7611  validation_best=0.7211  EI=0.0145  rnum=115.5  len=32  syn_rate=0.44  mean=0.9376  worsen=58.00%  highvar=0.00%
GA search time: 8.70s, candidates: 313
  [iter  34/100] search_obj=0.7667  search_best=0.7611  validation_best=0.7211  EI=0.0195  rnum=113.5  len=37  syn_rate=0.58  mean=0.7667  worsen=5.00%  highvar=0.00%
GA search time: 6.27s, candidates: 311
  [iter  35/100] search_obj=0.9376  search_best=0.7611  validation_best=0.7211  EI=0.0178  rnum=111.5  len=37  syn_rate=0.41  mean=0.9376  worsen=58.00%  highvar=0.00%
GA search time: 7.66s, candidates: 309
  [iter  36/100] search_obj=1.0659  search_best=0.7611  validation_best=0.7211  EI=0.0160  rnum=109.5  len=21  syn_rate=0.35  mean=1.0659  worsen=44.00%  highvar=0.00%
GA search time: 8.49s, candidates: 307
  [iter  37/100] search_obj=1.0297  search_best=0.7611  validation_best=0.7211  EI=0.0154  rnum=107.6  len=23  syn_rate=0.32  mean=1.0297  worsen=81.00%  highvar=0.00%
GA search time: 7.76s, candidates: 305
  [iter  38/100] search_obj=0.7569  search_best=0.7569  validation_best=0.7211  EI=0.0160  rnum=105.6  len=39  syn_rate=0.59  mean=0.7569  worsen=5.00%  highvar=0.00%
GA search time: 6.90s, candidates: 303
  [iter  39/100] search_obj=0.7634  search_best=0.7569  validation_best=0.7211  EI=0.0205  rnum=103.7  len=40  syn_rate=0.57  mean=0.7634  worsen=6.00%  highvar=0.00%
GA search time: 6.68s, candidates: 301
  [iter  40/100] search_obj=0.9361  search_best=0.7569  validation_best=0.7211  EI=0.0153  rnum=101.7  len=26  syn_rate=0.36  mean=0.9361  worsen=57.00%  highvar=0.00%
GA search time: 7.48s, candidates: 299
  [iter  41/100] search_obj=0.8015  search_best=0.7569  validation_best=0.7211  EI=0.0152  rnum=99.8  len=41  syn_rate=0.55  mean=0.8015  worsen=5.00%  highvar=0.00%
GA search time: 5.50s, candidates: 297
  [iter  42/100] search_obj=0.7581  search_best=0.7569  validation_best=0.7201  EI=0.0163  rnum=97.9  len=34  syn_rate=0.55  mean=0.7581  worsen=6.00%  highvar=0.00%
GA search time: 4.97s, candidates: 296
  [iter  43/100] search_obj=0.7599  search_best=0.7569  validation_best=0.7201  EI=0.0150  rnum=96.1  len=35  syn_rate=0.65  mean=0.7599  worsen=6.00%  highvar=0.00%
GA search time: 6.62s, candidates: 294
  [iter  44/100] search_obj=1.0284  search_best=0.7569  validation_best=0.7201  EI=0.0195  rnum=94.2  len=39  syn_rate=0.46  mean=1.0284  worsen=80.00%  highvar=0.00%
GA search time: 5.85s, candidates: 292
  [iter  45/100] search_obj=0.9854  search_best=0.7569  validation_best=0.7201  EI=0.0180  rnum=92.4  len=38  syn_rate=0.66  mean=0.9854  worsen=19.00%  highvar=0.00%
GA search time: 7.39s, candidates: 290
  [iter  46/100] search_obj=0.7599  search_best=0.7569  validation_best=0.7201  EI=0.0154  rnum=90.5  len=36  syn_rate=0.59  mean=0.7599  worsen=6.00%  highvar=0.00%
GA search time: 6.30s, candidates: 288
  [iter  47/100] search_obj=0.9387  search_best=0.7569  validation_best=0.7201  EI=0.0177  rnum=88.7  len=39  syn_rate=0.59  mean=0.9387  worsen=11.00%  highvar=0.00%
GA search time: 5.50s, candidates: 286
  [iter  48/100] search_obj=0.7682  search_best=0.7569  validation_best=0.7201  EI=0.0168  rnum=87.0  len=34  syn_rate=0.51  mean=0.7682  worsen=5.00%  highvar=0.00%
GA search time: 4.26s, candidates: 285
  [iter  49/100] search_obj=0.7624  search_best=0.7569  validation_best=0.7201  EI=0.0148  rnum=85.2  len=40  syn_rate=0.68  mean=0.7624  worsen=5.00%  highvar=0.00%
GA search time: 4.80s, candidates: 283
  [iter  50/100] search_obj=0.7554  search_best=0.7554  validation_best=0.7143  EI=0.0196  rnum=83.5  len=40  syn_rate=0.59  mean=0.7554  worsen=6.00%  highvar=0.00%
GA search time: 5.49s, candidates: 281
  [iter  51/100] search_obj=0.7591  search_best=0.7554  validation_best=0.7143  EI=0.0167  rnum=81.7  len=34  syn_rate=0.54  mean=0.7591  worsen=5.00%  highvar=0.00%
GA search time: 4.15s, candidates: 280
  [iter  52/100] search_obj=0.9281  search_best=0.7554  validation_best=0.7143  EI=0.0182  rnum=80.0  len=36  syn_rate=0.62  mean=0.9281  worsen=12.00%  highvar=0.00%
GA search time: 5.12s, candidates: 278
  [iter  53/100] search_obj=0.8485  search_best=0.7554  validation_best=0.7143  EI=0.0154  rnum=78.4  len=34  syn_rate=0.54  mean=0.8485  worsen=11.00%  highvar=0.00%
GA search time: 3.91s, candidates: 276
  [iter  54/100] search_obj=0.7712  search_best=0.7554  validation_best=0.7143  EI=0.0141  rnum=76.7  len=39  syn_rate=0.56  mean=0.7712  worsen=6.00%  highvar=0.00%
GA search time: 4.30s, candidates: 275
  [iter  55/100] search_obj=0.7678  search_best=0.7554  validation_best=0.7143  EI=0.0155  rnum=75.1  len=36  syn_rate=0.56  mean=0.7678  worsen=5.00%  highvar=0.00%
GA search time: 5.20s, candidates: 273
  [iter  56/100] search_obj=0.7588  search_best=0.7554  validation_best=0.7143  EI=0.0136  rnum=73.4  len=36  syn_rate=0.52  mean=0.7588  worsen=5.00%  highvar=0.00%
GA search time: 5.44s, candidates: 271
  [iter  57/100] search_obj=0.8138  search_best=0.7554  validation_best=0.7143  EI=0.0132  rnum=71.8  len=40  syn_rate=0.67  mean=0.8138  worsen=9.00%  highvar=0.00%
GA search time: 4.29s, candidates: 270
  [iter  58/100] search_obj=0.9376  search_best=0.7554  validation_best=0.7143  EI=0.0139  rnum=70.3  len=40  syn_rate=0.54  mean=0.9376  worsen=58.00%  highvar=0.00%
GA search time: 5.27s, candidates: 268
  [iter  59/100] search_obj=0.7682  search_best=0.7554  validation_best=0.7143  EI=0.0152  rnum=68.7  len=36  syn_rate=0.57  mean=0.7682  worsen=5.00%  highvar=0.00%
GA search time: 4.02s, candidates: 267
  [iter  60/100] search_obj=0.7596  search_best=0.7554  validation_best=0.7143  EI=0.0142  rnum=67.2  len=35  syn_rate=0.56  mean=0.7596  worsen=6.00%  highvar=0.00%
GA search time: 3.76s, candidates: 265
  [iter  61/100] search_obj=0.7719  search_best=0.7554  validation_best=0.7143  EI=0.0169  rnum=65.7  len=37  syn_rate=0.53  mean=0.7719  worsen=6.00%  highvar=0.00%
GA search time: 3.73s, candidates: 264
  [iter  62/100] search_obj=0.7678  search_best=0.7554  validation_best=0.7143  EI=0.0148  rnum=64.2  len=31  syn_rate=0.56  mean=0.7678  worsen=5.00%  highvar=0.00%
GA search time: 3.99s, candidates: 262
  [iter  63/100] search_obj=0.7599  search_best=0.7554  validation_best=0.7143  EI=0.0157  rnum=62.7  len=30  syn_rate=0.53  mean=0.7599  worsen=6.00%  highvar=0.00%
GA search time: 3.63s, candidates: 261
  [iter  64/100] search_obj=0.8530  search_best=0.7554  validation_best=0.7143  EI=0.0147  rnum=61.3  len=34  syn_rate=0.48  mean=0.8530  worsen=12.00%  highvar=0.00%
GA search time: 3.21s, candidates: 259
  [iter  65/100] search_obj=0.7703  search_best=0.7554  validation_best=0.7143  EI=0.0169  rnum=59.8  len=40  syn_rate=0.52  mean=0.7703  worsen=8.00%  highvar=0.00%
GA search time: 4.24s, candidates: 258
  [iter  66/100] search_obj=0.7515  search_best=0.7515  validation_best=0.7113  EI=0.0151  rnum=58.4  len=33  syn_rate=0.58  mean=0.7515  worsen=5.00%  highvar=0.00%
GA search time: 3.16s, candidates: 257
  [iter  67/100] search_obj=0.7515  search_best=0.7515  validation_best=0.7113  EI=0.0183  rnum=57.0  len=34  syn_rate=0.58  mean=0.7515  worsen=5.00%  highvar=0.00%
GA search time: 2.89s, candidates: 255
  [iter  68/100] search_obj=0.7504  search_best=0.7504  validation_best=0.7092  EI=0.0163  rnum=55.7  len=35  syn_rate=0.59  mean=0.7504  worsen=5.00%  highvar=0.00%
GA search time: 3.45s, candidates: 254
  [iter  69/100] search_obj=0.7951  search_best=0.7504  validation_best=0.7092  EI=0.0160  rnum=54.3  len=37  syn_rate=0.59  mean=0.7951  worsen=28.00%  highvar=0.00%
GA search time: 2.73s, candidates: 253
  [iter  70/100] search_obj=0.7738  search_best=0.7504  validation_best=0.7092  EI=0.0140  rnum=53.0  len=37  syn_rate=0.51  mean=0.7738  worsen=7.00%  highvar=0.00%
GA search time: 3.08s, candidates: 251
  [iter  71/100] search_obj=0.7698  search_best=0.7504  validation_best=0.7092  EI=0.0156  rnum=51.7  len=39  syn_rate=0.51  mean=0.7698  worsen=7.00%  highvar=0.00%
GA search time: 3.53s, candidates: 250
  [iter  72/100] search_obj=0.7800  search_best=0.7504  validation_best=0.7092  EI=0.0136  rnum=50.5  len=39  syn_rate=0.59  mean=0.7800  worsen=27.00%  highvar=0.00%
GA search time: 3.77s, candidates: 249
  [iter  73/100] search_obj=1.0284  search_best=0.7504  validation_best=0.7092  EI=0.0146  rnum=49.2  len=34  syn_rate=0.45  mean=1.0284  worsen=80.00%  highvar=0.00%
GA search time: 3.77s, candidates: 247
  [iter  74/100] search_obj=0.7669  search_best=0.7504  validation_best=0.7092  EI=0.0147  rnum=48.0  len=32  syn_rate=0.55  mean=0.7669  worsen=5.00%  highvar=0.00%
GA search time: 3.77s, candidates: 246
  [iter  75/100] search_obj=0.7670  search_best=0.7504  validation_best=0.7092  EI=0.0132  rnum=46.8  len=38  syn_rate=0.57  mean=0.7670  worsen=5.00%  highvar=0.00%
GA search time: 4.52s, candidates: 245
  [iter  76/100] search_obj=0.9368  search_best=0.7504  validation_best=0.7092  EI=0.0108  rnum=45.6  len=40  syn_rate=0.51  mean=0.9368  worsen=58.00%  highvar=0.00%
GA search time: 3.26s, candidates: 244
  [iter  77/100] search_obj=0.7921  search_best=0.7504  validation_best=0.7092  EI=0.0169  rnum=44.4  len=34  syn_rate=0.56  mean=0.7921  worsen=10.00%  highvar=0.00%
GA search time: 3.69s, candidates: 243
  [iter  78/100] search_obj=0.7599  search_best=0.7504  validation_best=0.7092  EI=0.0110  rnum=43.3  len=37  syn_rate=0.66  mean=0.7599  worsen=6.00%  highvar=0.00%
GA search time: 3.13s, candidates: 242
  [iter  79/100] search_obj=0.8047  search_best=0.7504  validation_best=0.7092  EI=0.0122  rnum=42.2  len=38  syn_rate=0.53  mean=0.8047  worsen=6.00%  highvar=0.00%
GA search time: 3.76s, candidates: 241
  [iter  80/100] search_obj=0.7739  search_best=0.7504  validation_best=0.7092  EI=0.0135  rnum=41.1  len=21  syn_rate=0.42  mean=0.7739  worsen=5.00%  highvar=0.00%
GA search time: 3.46s, candidates: 239
  [iter  81/100] search_obj=0.8015  search_best=0.7504  validation_best=0.7092  EI=0.0124  rnum=40.0  len=29  syn_rate=0.51  mean=0.8015  worsen=5.00%  highvar=0.00%
GA search time: 3.36s, candidates: 238
  [iter  82/100] search_obj=0.7789  search_best=0.7504  validation_best=0.7092  EI=0.0104  rnum=38.9  len=25  syn_rate=0.43  mean=0.7789  worsen=8.00%  highvar=0.00%
GA search time: 2.79s, candidates: 237
  [iter  83/100] search_obj=0.8293  search_best=0.7504  validation_best=0.7092  EI=0.0139  rnum=37.9  len=21  syn_rate=0.41  mean=0.8293  worsen=9.00%  highvar=0.00%
GA search time: 3.14s, candidates: 236
  [iter  84/100] search_obj=0.7504  search_best=0.7504  validation_best=0.7092  EI=0.0148  rnum=36.9  len=35  syn_rate=0.56  mean=0.7504  worsen=5.00%  highvar=0.00%
GA search time: 2.91s, candidates: 235
  [iter  85/100] search_obj=0.7682  search_best=0.7504  validation_best=0.7092  EI=0.0139  rnum=35.9  len=35  syn_rate=0.51  mean=0.7682  worsen=5.00%  highvar=0.00%
GA search time: 3.39s, candidates: 234
  [iter  86/100] search_obj=0.7311  search_best=0.7311  validation_best=0.7092  EI=0.0126  rnum=34.9  len=34  syn_rate=0.51  mean=0.7311  worsen=4.00%  highvar=0.00%
GA search time: 2.88s, candidates: 233
  [iter  87/100] search_obj=0.9027  search_best=0.7311  validation_best=0.7092  EI=0.0093  rnum=33.9  len=36  syn_rate=0.51  mean=0.9027  worsen=18.00%  highvar=0.00%
GA search time: 3.39s, candidates: 233
  [iter  88/100] search_obj=0.9876  search_best=0.7311  validation_best=0.7092  EI=0.0085  rnum=33.0  len=38  syn_rate=0.53  mean=0.9876  worsen=19.00%  highvar=0.00%
GA search time: 3.21s, candidates: 232
  [iter  89/100] search_obj=0.7682  search_best=0.7311  validation_best=0.7092  EI=0.0096  rnum=32.1  len=40  syn_rate=0.51  mean=0.7682  worsen=7.00%  highvar=0.00%
GA search time: 3.54s, candidates: 231
  [iter  90/100] search_obj=0.9192  search_best=0.7311  validation_best=0.7092  EI=0.0099  rnum=31.2  len=34  syn_rate=0.57  mean=0.9192  worsen=8.00%  highvar=0.00%
GA search time: 3.65s, candidates: 230
  [iter  91/100] search_obj=0.7540  search_best=0.7311  validation_best=0.7092  EI=0.0076  rnum=30.3  len=40  syn_rate=0.68  mean=0.7540  worsen=6.00%  highvar=0.00%
GA search time: 3.41s, candidates: 229
  [iter  92/100] search_obj=1.0391  search_best=0.7311  validation_best=0.7092  EI=0.0091  rnum=29.5  len=33  syn_rate=0.52  mean=1.0391  worsen=80.00%  highvar=0.00%
GA search time: 4.22s, candidates: 228
  [iter  93/100] search_obj=0.7506  search_best=0.7311  validation_best=0.7092  EI=0.0097  rnum=28.6  len=33  syn_rate=0.55  mean=0.7506  worsen=5.00%  highvar=0.00%
GA search time: 3.53s, candidates: 227
  [iter  94/100] search_obj=0.7998  search_best=0.7311  validation_best=0.7092  EI=0.0079  rnum=27.8  len=33  syn_rate=0.53  mean=0.7998  worsen=5.00%  highvar=0.00%
GA search time: 3.03s, candidates: 226
  [iter  95/100] search_obj=0.9368  search_best=0.7311  validation_best=0.7092  EI=0.0088  rnum=27.0  len=40  syn_rate=0.52  mean=0.9368  worsen=58.00%  highvar=0.00%
GA search time: 3.72s, candidates: 226
  [iter  96/100] search_obj=0.7480  search_best=0.7311  validation_best=0.7092  EI=0.0091  rnum=26.2  len=38  syn_rate=0.66  mean=0.7480  worsen=5.00%  highvar=0.00%
GA search time: 3.03s, candidates: 225
  [iter  97/100] search_obj=0.7601  search_best=0.7311  validation_best=0.7092  EI=0.0080  rnum=25.4  len=38  syn_rate=0.68  mean=0.7601  worsen=6.00%  highvar=0.00%
GA search time: 2.99s, candidates: 224
  [iter  98/100] search_obj=0.7578  search_best=0.7311  validation_best=0.7092  EI=0.0079  rnum=24.7  len=38  syn_rate=0.60  mean=0.7578  worsen=6.00%  highvar=0.00%
GA search time: 4.08s, candidates: 223
  [iter  99/100] search_obj=0.7579  search_best=0.7311  validation_best=0.7092  EI=0.0096  rnum=24.0  len=33  syn_rate=0.56  mean=0.7579  worsen=5.00%  highvar=0.00%
GA search time: 3.20s, candidates: 223
  [iter 100/100] search_obj=0.7663  search_best=0.7311  validation_best=0.7092  EI=0.0077  rnum=23.3  len=34  syn_rate=0.53  mean=0.7663  worsen=5.00%  highvar=0.00%

[Step 5] 按 validation 选择最终通用序列...
  选择结果:
    search_train_obj=0.7504, search_train_mean=0.7504, search_train_worsen=5.00%, search_train_highvar=0.00%
    validation_obj=0.7092, validation_mean=0.7092, validation_worsen=8.00%, validation_highvar=0.00%

[Step 6] 在 validation 上执行消融后处理...

[Ablation-validation] 初始序列长度: 35, objective: 0.7092, mean_norm: 0.7092, worsen_rate: 8.00%
  移除 [34] module(iroutliner): objective 0.7092, mean_norm 0.7092, worsen_rate 8.00% (保留移除)
  移除 [33] function(instsimplify): objective 0.7092, mean_norm 0.7092, worsen_rate 8.00% (保留移除)
  移除 [32] module(scc-oz-module-inliner): objective 0.7474 > 0.7092 (恢复)
  移除 [31] loop(loop-simplifycfg): objective 0.7092, mean_norm 0.7092, worsen_rate 8.00% (保留移除)
  移除 [30] module(iroutliner): objective 0.7092, mean_norm 0.7092, worsen_rate 8.00% (保留移除)
  移除 [29] function(dce): objective 0.7092, mean_norm 0.7092, worsen_rate 8.00% (保留移除)
  移除 [28] function(mem2reg): objective 0.7092, mean_norm 0.7092, worsen_rate 8.00% (保留移除)
  移除 [27] module(inferattrs): objective 0.7133 > 0.7092 (恢复)
  移除 [26] module(iroutliner): objective 0.7092, mean_norm 0.7092, worsen_rate 8.00% (保留移除)
  移除 [25] function(dce): objective 0.7092, mean_norm 0.7092, worsen_rate 8.00% (保留移除)
  移除 [24] module(scc-oz-module-inliner): objective 0.7121 > 0.7092 (恢复)
  移除 [23] module(attributor): objective 0.7092, mean_norm 0.7092, worsen_rate 8.00% (保留移除)
  移除 [22] module(attributor): objective 0.7092, mean_norm 0.7092, worsen_rate 8.00% (保留移除)
  移除 [21] function(gvn-hoist): objective 0.7090, mean_norm 0.7090, worsen_rate 7.00% (保留移除)
  移除 [20] function(instsimplify): objective 0.7090, mean_norm 0.7090, worsen_rate 7.00% (保留移除)
  移除 [19] module(iroutliner): objective 0.7093 > 0.7090 (恢复)
  移除 [18] module(attributor): objective 0.7625 > 0.7090 (恢复)
  移除 [17] module(globalopt): objective 0.7090, mean_norm 0.7090, worsen_rate 7.00% (保留移除)
  移除 [16] module(elim-avail-extern): objective 0.7090, mean_norm 0.7090, worsen_rate 7.00% (保留移除)
  移除 [15] function(newgvn): objective 0.7185 > 0.7090 (恢复)
  移除 [14] function(gvn-sink): objective 0.7090, mean_norm 0.7090, worsen_rate 7.00% (保留移除)
  移除 [13] module(globalopt): objective 0.8599 > 0.7090 (恢复)
  移除 [12] function(jump-threading): objective 0.7090, mean_norm 0.7090, worsen_rate 7.00% (保留移除)
  移除 [11] function(memcpyopt): objective 0.7090, mean_norm 0.7090, worsen_rate 7.00% (保留移除)
  移除 [10] module(scc-oz-module-inliner): objective 0.7700 > 0.7090 (恢复)
  移除 [9] loop(loop-simplifycfg): objective 0.7090, mean_norm 0.7090, worsen_rate 7.00% (保留移除)
  移除 [8] module(attributor): objective 0.8319 > 0.7090 (恢复)
  移除 [7] function(gvn-hoist): objective 0.6994, mean_norm 0.6994, worsen_rate 7.00% (保留移除)
  移除 [6] function(newgvn): objective 0.7427 > 0.6994 (恢复)
  移除 [5] function(instsimplify): objective 0.6994, mean_norm 0.6994, worsen_rate 7.00% (保留移除)
  移除 [4] function(gvn-sink): objective 0.7015 > 0.6994 (恢复)
  移除 [3] module(iroutliner): objective 0.8339 > 0.6994 (恢复)
  移除 [2] function(memcpyopt): objective 0.6994, mean_norm 0.6994, worsen_rate 7.00% (保留移除)
  移除 [1] module(attributor): objective 0.7861 > 0.6994 (恢复)
  移除 [0] module(elim-avail-extern): objective 0.9464 > 0.6994 (恢复)
[Ablation-validation] 最终序列长度: 14, objective: 0.6994, mean_norm: 0.6994, worsen_rate: 7.00%, 移除了 21 个 pass
  消融有效: 35 → 14 passes, validation_objective: 0.7092 → 0.6994

最终通用 pass 序列（effective=14 个顶层 pass, raw=14 个 pass, syn_rate(raw)=0.16）:
  module(elim-avail-extern) → module(attributor) → module(iroutliner) → function(gvn-sink) → function(newgvn) → module(attributor) → module(scc-oz-module-inliner) → module(globalopt) → function(newgvn) → module(attributor) → module(iroutliner) → module(scc-oz-module-inliner) → module(inferattrs) → module(scc-oz-module-inliner)
  search_train_obj=0.7462, search_train_mean=0.7462, search_train_worsen=5.00%, search_train_highvar=0.00%
  validation_obj=0.6994, validation_mean=0.6994, validation_worsen=7.00%, validation_highvar=0.00%
  test_obj=0.7970, test_mean=0.7970, test_worsen=14.00%, test_highvar=0.00%

Top-5 最佳序列（按 validation 多目标 objective 升序）:
  #1: validation_obj=0.7092, validation_mean=0.7092, validation_worsen=8.00%, validation_highvar=0.00%, train_obj=0.7504, train_mean=0.7504, train_highvar=0.00%, len=35, syn_rate=0.59, test_obj=0.7957, test_mean=0.7957, test_worsen=14.00%, test_highvar=0.00%
     module(elim-avail-extern) → module(attributor) → function(memcpyopt) → module(iroutliner) → function(gvn-sink) → function(instsimplify) → function(newgvn) → function(gvn-hoist) → module(attributor) → function(loop(loop-simplifycfg)) → module(scc-oz-module-inliner) → function(memcpyopt) → function(jump-threading) → module(globalopt) → function(gvn-sink) → function(newgvn) → module(elim-avail-extern) → module(globalopt) → module(attributor) → module(iroutliner) → function(instsimplify) → function(gvn-hoist) → module(attributor) → module(attributor) → module(scc-oz-module-inliner) → function(dce) → module(iroutliner) → module(inferattrs) → function(mem2reg) → function(dce) → module(iroutliner) → function(loop(loop-simplifycfg)) → module(scc-oz-module-inliner) → function(instsimplify) → module(iroutliner)
     raw: module(elim-avail-extern) → module(attributor) → function(memcpyopt) → module(iroutliner) → function(gvn-sink) → function(instsimplify) → function(newgvn) → function(gvn-hoist) → module(attributor) → loop(loop-simplifycfg) → module(scc-oz-module-inliner) → function(memcpyopt) → function(jump-threading) → module(globalopt) → function(gvn-sink) → function(newgvn) → module(elim-avail-extern) → module(globalopt) → module(attributor) → module(iroutliner) → function(instsimplify) → function(gvn-hoist) → module(attributor) → module(attributor) → module(scc-oz-module-inliner) → function(dce) → module(iroutliner) → module(inferattrs) → function(mem2reg) → function(dce) → module(iroutliner) → loop(loop-simplifycfg) → module(scc-oz-module-inliner) → function(instsimplify) → module(iroutliner)
  #2: validation_obj=0.7092, validation_mean=0.7092, validation_worsen=8.00%, validation_highvar=0.00%, train_obj=0.7504, train_mean=0.7504, train_highvar=0.00%, len=35, syn_rate=0.56, test_obj=0.7957, test_mean=0.7957, test_worsen=14.00%, test_highvar=0.00%
     module(elim-avail-extern) → module(attributor) → function(memcpyopt) → module(iroutliner) → function(gvn-sink) → function(instsimplify) → function(newgvn) → function(gvn-hoist) → module(attributor) → function(loop(loop-simplifycfg)) → module(scc-oz-module-inliner) → function(jump-threading) → module(globalopt) → function(gvn-sink) → function(newgvn) → module(elim-avail-extern) → module(globalopt) → module(attributor) → module(iroutliner) → function(instsimplify) → function(gvn-hoist) → function(instsimplify) → module(attributor) → module(attributor) → module(scc-oz-module-inliner) → function(dce) → module(iroutliner) → module(inferattrs) → function(mem2reg) → function(dce) → module(iroutliner) → function(loop(loop-simplifycfg)) → module(scc-oz-module-inliner) → function(instsimplify) → module(iroutliner)
     raw: module(elim-avail-extern) → module(attributor) → function(memcpyopt) → module(iroutliner) → function(gvn-sink) → function(instsimplify) → function(newgvn) → function(gvn-hoist) → module(attributor) → loop(loop-simplifycfg) → module(scc-oz-module-inliner) → function(jump-threading) → module(globalopt) → function(gvn-sink) → function(newgvn) → module(elim-avail-extern) → module(globalopt) → module(attributor) → module(iroutliner) → function(instsimplify) → function(gvn-hoist) → function(instsimplify) → module(attributor) → module(attributor) → module(scc-oz-module-inliner) → function(dce) → module(iroutliner) → module(inferattrs) → function(mem2reg) → function(dce) → module(iroutliner) → loop(loop-simplifycfg) → module(scc-oz-module-inliner) → function(instsimplify) → module(iroutliner)
  #3: validation_obj=0.7094, validation_mean=0.7094, validation_worsen=7.00%, validation_highvar=0.00%, train_obj=0.7480, train_mean=0.7480, train_highvar=0.00%, len=38, syn_rate=0.66, test_obj=0.7945, test_mean=0.7945, test_worsen=16.00%, test_highvar=0.00%
     module(elim-avail-extern) → module(attributor) → function(memcpyopt) → module(iroutliner) → function(instsimplify) → function(newgvn) → function(gvn-hoist) → module(attributor) → function(loop(loop-simplifycfg)) → module(scc-oz-module-inliner) → function(memcpyopt) → function(jump-threading) → module(globalopt) → function(gvn-sink) → function(newgvn) → module(elim-avail-extern) → module(globalopt) → module(attributor) → module(iroutliner) → function(instsimplify) → function(gvn-hoist) → module(attributor) → module(attributor) → module(scc-oz-module-inliner) → module(iroutliner) → module(inferattrs) → function(mem2reg) → function(dce) → module(iroutliner) → function(loop(loop-simplifycfg)) → module(scc-oz-module-inliner) → function(instsimplify) → module(iroutliner) → function(jump-threading) → module(scc-oz-module-inliner) → module(attributor) → module(scc-oz-module-inliner) → function(dse)
     raw: module(elim-avail-extern) → module(attributor) → function(memcpyopt) → module(iroutliner) → function(instsimplify) → function(newgvn) → function(gvn-hoist) → module(attributor) → loop(loop-simplifycfg) → module(scc-oz-module-inliner) → function(memcpyopt) → function(jump-threading) → module(globalopt) → function(gvn-sink) → function(newgvn) → module(elim-avail-extern) → module(globalopt) → module(attributor) → module(iroutliner) → function(instsimplify) → function(gvn-hoist) → module(attributor) → module(attributor) → module(scc-oz-module-inliner) → module(iroutliner) → module(inferattrs) → function(mem2reg) → function(dce) → module(iroutliner) → loop(loop-simplifycfg) → module(scc-oz-module-inliner) → function(instsimplify) → module(iroutliner) → function(jump-threading) → module(scc-oz-module-inliner) → module(attributor) → module(scc-oz-module-inliner) → function(dse)
  #4: validation_obj=0.7113, validation_mean=0.7113, validation_worsen=7.00%, validation_highvar=0.00%, train_obj=0.7515, train_mean=0.7515, train_highvar=0.00%, len=33, syn_rate=0.58, test_obj=0.7954, test_mean=0.7954, test_worsen=16.00%, test_highvar=0.00%
     module(elim-avail-extern) → module(attributor) → function(memcpyopt) → module(iroutliner) → function(instsimplify) → function(newgvn) → function(gvn-hoist) → module(attributor) → function(loop(loop-simplifycfg)) → module(scc-oz-module-inliner) → function(memcpyopt) → function(jump-threading) → module(globalopt) → function(gvn-sink) → function(newgvn) → module(elim-avail-extern) → module(globalopt) → module(attributor) → module(iroutliner) → function(instsimplify) → function(gvn-hoist) → module(attributor) → module(attributor) → module(scc-oz-module-inliner) → module(iroutliner) → module(inferattrs) → function(mem2reg) → function(dce) → module(iroutliner) → function(loop(loop-simplifycfg)) → module(scc-oz-module-inliner) → function(instsimplify) → module(iroutliner)
     raw: module(elim-avail-extern) → module(attributor) → function(memcpyopt) → module(iroutliner) → function(instsimplify) → function(newgvn) → function(gvn-hoist) → module(attributor) → loop(loop-simplifycfg) → module(scc-oz-module-inliner) → function(memcpyopt) → function(jump-threading) → module(globalopt) → function(gvn-sink) → function(newgvn) → module(elim-avail-extern) → module(globalopt) → module(attributor) → module(iroutliner) → function(instsimplify) → function(gvn-hoist) → module(attributor) → module(attributor) → module(scc-oz-module-inliner) → module(iroutliner) → module(inferattrs) → function(mem2reg) → function(dce) → module(iroutliner) → loop(loop-simplifycfg) → module(scc-oz-module-inliner) → function(instsimplify) → module(iroutliner)
  #5: validation_obj=0.7113, validation_mean=0.7113, validation_worsen=7.00%, validation_highvar=0.00%, train_obj=0.7515, train_mean=0.7515, train_highvar=0.00%, len=34, syn_rate=0.58, test_obj=0.7954, test_mean=0.7954, test_worsen=16.00%, test_highvar=0.00%
     module(elim-avail-extern) → module(attributor) → function(memcpyopt) → module(iroutliner) → function(instsimplify) → function(newgvn) → function(gvn-hoist) → module(attributor) → function(loop(loop-simplifycfg)) → module(scc-oz-module-inliner) → function(memcpyopt) → function(jump-threading) → module(globalopt) → function(gvn-sink) → function(newgvn) → module(elim-avail-extern) → module(globalopt) → module(attributor) → module(iroutliner) → function(instsimplify) → function(gvn-hoist) → module(attributor) → module(attributor) → function(dce) → module(scc-oz-module-inliner) → module(iroutliner) → module(inferattrs) → function(mem2reg) → function(dce) → module(iroutliner) → function(loop(loop-simplifycfg)) → module(scc-oz-module-inliner) → function(instsimplify) → module(iroutliner)
     raw: module(elim-avail-extern) → module(attributor) → function(memcpyopt) → module(iroutliner) → function(instsimplify) → function(newgvn) → function(gvn-hoist) → module(attributor) → loop(loop-simplifycfg) → module(scc-oz-module-inliner) → function(memcpyopt) → function(jump-threading) → module(globalopt) → function(gvn-sink) → function(newgvn) → module(elim-avail-extern) → module(globalopt) → module(attributor) → module(iroutliner) → function(instsimplify) → function(gvn-hoist) → module(attributor) → module(attributor) → function(dce) → module(scc-oz-module-inliner) → module(iroutliner) → module(inferattrs) → function(mem2reg) → function(dce) → module(iroutliner) → loop(loop-simplifycfg) → module(scc-oz-module-inliner) → function(instsimplify) → module(iroutliner)

============================================================
所有轮次中最优 validation objective: 0.6994
最优通用 pass 序列 (14 passes):
  module(elim-avail-extern) → module(attributor) → module(iroutliner) → function(gvn-sink) → function(newgvn) → module(attributor) → module(scc-oz-module-inliner) → module(globalopt) → function(newgvn) → module(attributor) → module(iroutliner) → module(scc-oz-module-inliner) → module(inferattrs) → module(scc-oz-module-inliner)
  search_train_obj=0.7462, search_train_mean=0.7462, search_train_worsen=5.00%, search_train_highvar=0.00%
  validation_obj=0.6994, validation_mean=0.6994, validation_worsen=7.00%, validation_highvar=0.00%
  test_obj=0.7970, test_mean=0.7970, test_worsen=14.00%, test_highvar=0.00%

最优轮次 Top-5 序列（含测试集效果，按 validation objective 升序）:
  #1: validation_obj=0.7092, validation_mean=0.7092, validation_worsen=8.00%, validation_highvar=0.00%, train_obj=0.7504, train_mean=0.7504, train_highvar=0.00%, len=35, syn_rate=0.59, test_obj=0.7957, test_mean=0.7957, test_worsen=14.00%, test_highvar=0.00%
     module(elim-avail-extern) → module(attributor) → function(memcpyopt) → module(iroutliner) → function(gvn-sink) → function(instsimplify) → function(newgvn) → function(gvn-hoist) → module(attributor) → function(loop(loop-simplifycfg)) → module(scc-oz-module-inliner) → function(memcpyopt) → function(jump-threading) → module(globalopt) → function(gvn-sink) → function(newgvn) → module(elim-avail-extern) → module(globalopt) → module(attributor) → module(iroutliner) → function(instsimplify) → function(gvn-hoist) → module(attributor) → module(attributor) → module(scc-oz-module-inliner) → function(dce) → module(iroutliner) → module(inferattrs) → function(mem2reg) → function(dce) → module(iroutliner) → function(loop(loop-simplifycfg)) → module(scc-oz-module-inliner) → function(instsimplify) → module(iroutliner)
     raw: module(elim-avail-extern) → module(attributor) → function(memcpyopt) → module(iroutliner) → function(gvn-sink) → function(instsimplify) → function(newgvn) → function(gvn-hoist) → module(attributor) → loop(loop-simplifycfg) → module(scc-oz-module-inliner) → function(memcpyopt) → function(jump-threading) → module(globalopt) → function(gvn-sink) → function(newgvn) → module(elim-avail-extern) → module(globalopt) → module(attributor) → module(iroutliner) → function(instsimplify) → function(gvn-hoist) → module(attributor) → module(attributor) → module(scc-oz-module-inliner) → function(dce) → module(iroutliner) → module(inferattrs) → function(mem2reg) → function(dce) → module(iroutliner) → loop(loop-simplifycfg) → module(scc-oz-module-inliner) → function(instsimplify) → module(iroutliner)
  #2: validation_obj=0.7092, validation_mean=0.7092, validation_worsen=8.00%, validation_highvar=0.00%, train_obj=0.7504, train_mean=0.7504, train_highvar=0.00%, len=35, syn_rate=0.56, test_obj=0.7957, test_mean=0.7957, test_worsen=14.00%, test_highvar=0.00%
     module(elim-avail-extern) → module(attributor) → function(memcpyopt) → module(iroutliner) → function(gvn-sink) → function(instsimplify) → function(newgvn) → function(gvn-hoist) → module(attributor) → function(loop(loop-simplifycfg)) → module(scc-oz-module-inliner) → function(jump-threading) → module(globalopt) → function(gvn-sink) → function(newgvn) → module(elim-avail-extern) → module(globalopt) → module(attributor) → module(iroutliner) → function(instsimplify) → function(gvn-hoist) → function(instsimplify) → module(attributor) → module(attributor) → module(scc-oz-module-inliner) → function(dce) → module(iroutliner) → module(inferattrs) → function(mem2reg) → function(dce) → module(iroutliner) → function(loop(loop-simplifycfg)) → module(scc-oz-module-inliner) → function(instsimplify) → module(iroutliner)
     raw: module(elim-avail-extern) → module(attributor) → function(memcpyopt) → module(iroutliner) → function(gvn-sink) → function(instsimplify) → function(newgvn) → function(gvn-hoist) → module(attributor) → loop(loop-simplifycfg) → module(scc-oz-module-inliner) → function(jump-threading) → module(globalopt) → function(gvn-sink) → function(newgvn) → module(elim-avail-extern) → module(globalopt) → module(attributor) → module(iroutliner) → function(instsimplify) → function(gvn-hoist) → function(instsimplify) → module(attributor) → module(attributor) → module(scc-oz-module-inliner) → function(dce) → module(iroutliner) → module(inferattrs) → function(mem2reg) → function(dce) → module(iroutliner) → loop(loop-simplifycfg) → module(scc-oz-module-inliner) → function(instsimplify) → module(iroutliner)
  #3: validation_obj=0.7094, validation_mean=0.7094, validation_worsen=7.00%, validation_highvar=0.00%, train_obj=0.7480, train_mean=0.7480, train_highvar=0.00%, len=38, syn_rate=0.66, test_obj=0.7945, test_mean=0.7945, test_worsen=16.00%, test_highvar=0.00%
     module(elim-avail-extern) → module(attributor) → function(memcpyopt) → module(iroutliner) → function(instsimplify) → function(newgvn) → function(gvn-hoist) → module(attributor) → function(loop(loop-simplifycfg)) → module(scc-oz-module-inliner) → function(memcpyopt) → function(jump-threading) → module(globalopt) → function(gvn-sink) → function(newgvn) → module(elim-avail-extern) → module(globalopt) → module(attributor) → module(iroutliner) → function(instsimplify) → function(gvn-hoist) → module(attributor) → module(attributor) → module(scc-oz-module-inliner) → module(iroutliner) → module(inferattrs) → function(mem2reg) → function(dce) → module(iroutliner) → function(loop(loop-simplifycfg)) → module(scc-oz-module-inliner) → function(instsimplify) → module(iroutliner) → function(jump-threading) → module(scc-oz-module-inliner) → module(attributor) → module(scc-oz-module-inliner) → function(dse)
     raw: module(elim-avail-extern) → module(attributor) → function(memcpyopt) → module(iroutliner) → function(instsimplify) → function(newgvn) → function(gvn-hoist) → module(attributor) → loop(loop-simplifycfg) → module(scc-oz-module-inliner) → function(memcpyopt) → function(jump-threading) → module(globalopt) → function(gvn-sink) → function(newgvn) → module(elim-avail-extern) → module(globalopt) → module(attributor) → module(iroutliner) → function(instsimplify) → function(gvn-hoist) → module(attributor) → module(attributor) → module(scc-oz-module-inliner) → module(iroutliner) → module(inferattrs) → function(mem2reg) → function(dce) → module(iroutliner) → loop(loop-simplifycfg) → module(scc-oz-module-inliner) → function(instsimplify) → module(iroutliner) → function(jump-threading) → module(scc-oz-module-inliner) → module(attributor) → module(scc-oz-module-inliner) → function(dse)
  #4: validation_obj=0.7113, validation_mean=0.7113, validation_worsen=7.00%, validation_highvar=0.00%, train_obj=0.7515, train_mean=0.7515, train_highvar=0.00%, len=33, syn_rate=0.58, test_obj=0.7954, test_mean=0.7954, test_worsen=16.00%, test_highvar=0.00%
     module(elim-avail-extern) → module(attributor) → function(memcpyopt) → module(iroutliner) → function(instsimplify) → function(newgvn) → function(gvn-hoist) → module(attributor) → function(loop(loop-simplifycfg)) → module(scc-oz-module-inliner) → function(memcpyopt) → function(jump-threading) → module(globalopt) → function(gvn-sink) → function(newgvn) → module(elim-avail-extern) → module(globalopt) → module(attributor) → module(iroutliner) → function(instsimplify) → function(gvn-hoist) → module(attributor) → module(attributor) → module(scc-oz-module-inliner) → module(iroutliner) → module(inferattrs) → function(mem2reg) → function(dce) → module(iroutliner) → function(loop(loop-simplifycfg)) → module(scc-oz-module-inliner) → function(instsimplify) → module(iroutliner)
     raw: module(elim-avail-extern) → module(attributor) → function(memcpyopt) → module(iroutliner) → function(instsimplify) → function(newgvn) → function(gvn-hoist) → module(attributor) → loop(loop-simplifycfg) → module(scc-oz-module-inliner) → function(memcpyopt) → function(jump-threading) → module(globalopt) → function(gvn-sink) → function(newgvn) → module(elim-avail-extern) → module(globalopt) → module(attributor) → module(iroutliner) → function(instsimplify) → function(gvn-hoist) → module(attributor) → module(attributor) → module(scc-oz-module-inliner) → module(iroutliner) → module(inferattrs) → function(mem2reg) → function(dce) → module(iroutliner) → loop(loop-simplifycfg) → module(scc-oz-module-inliner) → function(instsimplify) → module(iroutliner)
  #5: validation_obj=0.7113, validation_mean=0.7113, validation_worsen=7.00%, validation_highvar=0.00%, train_obj=0.7515, train_mean=0.7515, train_highvar=0.00%, len=34, syn_rate=0.58, test_obj=0.7954, test_mean=0.7954, test_worsen=16.00%, test_highvar=0.00%
     module(elim-avail-extern) → module(attributor) → function(memcpyopt) → module(iroutliner) → function(instsimplify) → function(newgvn) → function(gvn-hoist) → module(attributor) → function(loop(loop-simplifycfg)) → module(scc-oz-module-inliner) → function(memcpyopt) → function(jump-threading) → module(globalopt) → function(gvn-sink) → function(newgvn) → module(elim-avail-extern) → module(globalopt) → module(attributor) → module(iroutliner) → function(instsimplify) → function(gvn-hoist) → module(attributor) → module(attributor) → function(dce) → module(scc-oz-module-inliner) → module(iroutliner) → module(inferattrs) → function(mem2reg) → function(dce) → module(iroutliner) → function(loop(loop-simplifycfg)) → module(scc-oz-module-inliner) → function(instsimplify) → module(iroutliner)
     raw: module(elim-avail-extern) → module(attributor) → function(memcpyopt) → module(iroutliner) → function(instsimplify) → function(newgvn) → function(gvn-hoist) → module(attributor) → loop(loop-simplifycfg) → module(scc-oz-module-inliner) → function(memcpyopt) → function(jump-threading) → module(globalopt) → function(gvn-sink) → function(newgvn) → module(elim-avail-extern) → module(globalopt) → module(attributor) → module(iroutliner) → function(instsimplify) → function(gvn-hoist) → module(attributor) → module(attributor) → function(dce) → module(scc-oz-module-inliner) → module(iroutliner) → module(inferattrs) → function(mem2reg) → function(dce) → module(iroutliner) → loop(loop-simplifycfg) → module(scc-oz-module-inliner) → function(instsimplify) → module(iroutliner)
binarysize_test: vs_none=0.999 (+0.1%)  vs_oz=1.000 (+0.0%)  vs_o3=0.995 (+0.5%) [metric=stripped_file_bytes]
binarysize_test[text_bytes]: vs_none=0.897 (+10.3%)  vs_oz=0.927 (+7.3%)  vs_o3=0.847 (+15.3%)
binarysize_test[data_bytes]: vs_none=0.989 (+1.1%)  vs_oz=0.995 (+0.5%)  vs_o3=0.991 (+0.9%)
binarysize_test[bss_bytes]: vs_none=1.000 (+0.0%)  vs_oz=1.000 (+0.0%)  vs_o3=1.000 (+0.0%)
binarysize_test[dec_bytes]: vs_none=0.922 (+7.8%)  vs_oz=0.945 (+5.5%)  vs_o3=0.881 (+11.9%)

最优轮次 Top-5 binarysize_test 序列面板（primary=stripped_file_bytes）:
  #1: len=35, syn_rate=0.59
     stripped_file_bytes: obj=0.9996, mean=0.9996, worsen=6.00%, vs_none=0.999 (+0.1%)  vs_oz=1.000 (+0.0%)  vs_o3=0.995 (+0.5%)
     text_bytes: obj=0.9268, mean=0.9268, worsen=22.00%, vs_none=0.897 (+10.3%)  vs_oz=0.927 (+7.3%)  vs_o3=0.847 (+15.3%)
     data_bytes: obj=0.9951, mean=0.9951, worsen=8.00%, vs_none=0.989 (+1.1%)  vs_oz=0.995 (+0.5%)  vs_o3=0.991 (+0.9%)
     bss_bytes: obj=1.0000, mean=1.0000, worsen=0.00%, vs_none=1.000 (+0.0%)  vs_oz=1.000 (+0.0%)  vs_o3=1.000 (+0.0%)
     dec_bytes: obj=0.9447, mean=0.9447, worsen=22.00%, vs_none=0.921 (+7.9%)  vs_oz=0.945 (+5.5%)  vs_o3=0.881 (+11.9%)
  #2: len=35, syn_rate=0.56
     stripped_file_bytes: obj=0.9996, mean=0.9996, worsen=6.00%, vs_none=0.999 (+0.1%)  vs_oz=1.000 (+0.0%)  vs_o3=0.995 (+0.5%)
     text_bytes: obj=0.9268, mean=0.9268, worsen=22.00%, vs_none=0.897 (+10.3%)  vs_oz=0.927 (+7.3%)  vs_o3=0.847 (+15.3%)
     data_bytes: obj=0.9951, mean=0.9951, worsen=8.00%, vs_none=0.989 (+1.1%)  vs_oz=0.995 (+0.5%)  vs_o3=0.991 (+0.9%)
     bss_bytes: obj=1.0000, mean=1.0000, worsen=0.00%, vs_none=1.000 (+0.0%)  vs_oz=1.000 (+0.0%)  vs_o3=1.000 (+0.0%)
     dec_bytes: obj=0.9447, mean=0.9447, worsen=22.00%, vs_none=0.921 (+7.9%)  vs_oz=0.945 (+5.5%)  vs_o3=0.881 (+11.9%)
  #3: len=38, syn_rate=0.66
     stripped_file_bytes: obj=0.9996, mean=0.9996, worsen=6.00%, vs_none=0.999 (+0.1%)  vs_oz=1.000 (+0.0%)  vs_o3=0.995 (+0.5%)
     text_bytes: obj=0.9266, mean=0.9266, worsen=22.00%, vs_none=0.897 (+10.3%)  vs_oz=0.927 (+7.3%)  vs_o3=0.846 (+15.4%)
     data_bytes: obj=0.9951, mean=0.9951, worsen=8.00%, vs_none=0.989 (+1.1%)  vs_oz=0.995 (+0.5%)  vs_o3=0.991 (+0.9%)
     bss_bytes: obj=1.0000, mean=1.0000, worsen=0.00%, vs_none=1.000 (+0.0%)  vs_oz=1.000 (+0.0%)  vs_o3=1.000 (+0.0%)
     dec_bytes: obj=0.9444, mean=0.9444, worsen=22.00%, vs_none=0.921 (+7.9%)  vs_oz=0.944 (+5.6%)  vs_o3=0.881 (+11.9%)
  #4: len=33, syn_rate=0.58
     stripped_file_bytes: obj=0.9996, mean=0.9996, worsen=6.00%, vs_none=0.999 (+0.1%)  vs_oz=1.000 (+0.0%)  vs_o3=0.995 (+0.5%)
     text_bytes: obj=0.9270, mean=0.9270, worsen=22.00%, vs_none=0.897 (+10.3%)  vs_oz=0.927 (+7.3%)  vs_o3=0.847 (+15.3%)
     data_bytes: obj=0.9951, mean=0.9951, worsen=8.00%, vs_none=0.989 (+1.1%)  vs_oz=0.995 (+0.5%)  vs_o3=0.991 (+0.9%)
     bss_bytes: obj=1.0000, mean=1.0000, worsen=0.00%, vs_none=1.000 (+0.0%)  vs_oz=1.000 (+0.0%)  vs_o3=1.000 (+0.0%)
     dec_bytes: obj=0.9448, mean=0.9448, worsen=22.00%, vs_none=0.921 (+7.9%)  vs_oz=0.945 (+5.5%)  vs_o3=0.881 (+11.9%)
  #5: len=34, syn_rate=0.58
     stripped_file_bytes: obj=0.9996, mean=0.9996, worsen=6.00%, vs_none=0.999 (+0.1%)  vs_oz=1.000 (+0.0%)  vs_o3=0.995 (+0.5%)
     text_bytes: obj=0.9270, mean=0.9270, worsen=22.00%, vs_none=0.897 (+10.3%)  vs_oz=0.927 (+7.3%)  vs_o3=0.847 (+15.3%)
     data_bytes: obj=0.9951, mean=0.9951, worsen=8.00%, vs_none=0.989 (+1.1%)  vs_oz=0.995 (+0.5%)  vs_o3=0.991 (+0.9%)
     bss_bytes: obj=1.0000, mean=1.0000, worsen=0.00%, vs_none=1.000 (+0.0%)  vs_oz=1.000 (+0.0%)  vs_o3=1.000 (+0.0%)
     dec_bytes: obj=0.9448, mean=0.9448, worsen=22.00%, vs_none=0.921 (+7.9%)  vs_oz=0.945 (+5.5%)  vs_o3=0.881 (+11.9%)
核心调优成本已写入: /root/exp/RFunipassLab/results/instrcount/summaries/20260507_205459_116127_feature_lite_seed458_core_tuning_cost.json
结果已写入: /root/exp/RFunipassLab/results/instrcount/summaries/20260507_205459_116127_feature_lite_seed458.json
总运行时间: 1538.92 秒
