# run_id: 20260503_192724_209392_feature_lite_seed463
# name: feature_lite
# group: feature_ablation
# description: 切换到 Lite 特征编码，保留其余搜索流程不变。
# changed: FEATURE_MODE=lite, GA_GEN=5, GA_POP=200, ITERS=100, MAX_SEQ_LEN=120, MIN_VAL_PROGRAMS=5, SEED_TOPK=0, TEST_TOPK=50, TRAIN_TOPK=200, VAL_RATIO=0.5
# result_json: /root/exp/RFunipassLab/results/instrcount/summaries/20260503_192724_209392_feature_lite_seed463.json
# started_at: 2026-05-03T19:27:24
# control_env:
#   BACKEND_OPT_LEVEL=-O0
#   BINARY_SIZE_METRIC=stripped_file_bytes
#   BINARY_SIZE_REPORT_METRICS=text_bytes,data_bytes,bss_bytes,dec_bytes
#   DECAY=0.5
#   EXPERIMENT_SEED=463
#   FEATURE_MODE=lite
#   GA_ELITE=0.1
#   GA_GEN=5
#   GA_MUT=0.8
#   GA_POP=200
#   GA_TOUR=3
#   ITERS=100
#   LOOP_NESTING_POLICY=wrap
#   MAX_SEQ_LEN=120
#   MIN_VAL_PROGRAMS=100
#   OBJECTIVE_BASELINE=oz
#   OBJECTIVE_KIND=instrcount
#   OBJ_HIGHVAR_W=0.0
#   OBJ_WORSEN_W=0.15
#   OFFSET=20
#   PROGRAM_POOL_KIND=tuning
#   RNUM=256
#   RUNS=1
#   RUNTIME_EVAL_MAX_VARIANCE_PCT=15.0
#   RUNTIME_MAX_INNER_REPEATS=64
#   RUNTIME_MAX_VARIANCE_PCT=10.0
#   RUNTIME_REQUIRED_ROWS=0
#   RUNTIME_SAMPLES=5
#   RUNTIME_TARGET_SAMPLE_MS=30.0
#   RUNTIME_TIMEOUT_SEC=2.0
#   SCALE=10
#   SEED_TOPK=0
#   SPLIT_SEED=463
#   TEST_TOPK=999999
#   TRAIN_TOPK=300
#   VAL_RATIO=0.3333333333333333

Loading train/test rows from: /root/exp/RFunipassLab/data/tuning_results.csv
Loaded train programs:       300
Loaded initial seed seqs:    116
Loaded test programs:        4717
Objective kind:              instrcount
Program pool kind:           tuning

Loading synergy graph from: /root/exp/RFunipassLab/data/Step3_EnumeratedPairs.csv
All passes (19): ['function(mem2reg)', 'module(iroutliner)', 'module(globalopt)', 'function(dse)', 'function(newgvn)', 'function(gvn-sink)', 'module(elim-avail-extern)', 'function(instsimplify)', 'function(reassociate)', 'function(memcpyopt)', 'function(gvn-hoist)', 'function(dce)', 'function(jump-threading)', 'cgscc(attributor-cgscc)', 'module(attributor)', 'module(scc-oz-module-inliner)', 'loop(loop-simplifycfg)', 'module(inferattrs)', 'function(lower-switch)']
Synergy edges: 176
Self-loop passes: {'cgscc(attributor-cgscc)', 'function(newgvn)', 'module(attributor)'}

============================================================
实验轮次 1 / 1
============================================================
============================================================
目标类型:      instrcount
目标基准:      -Oz
基准指标:      -Oz 基准指令数
优化指标:      归一化指令数
输入程序数:    300
输入次优序列数: 116
测试程序数:    4717
Pass 词表大小: 19
协同边数:      176
自环 pass 数:  3
序列长度上限:  120
Loop 合法化策略: wrap
实验种子:      463
划分种子:      463
特征模式:      lite
RF 特征维度:   31
词表: ['function(mem2reg)', 'module(iroutliner)', 'module(globalopt)', 'function(dse)', 'function(newgvn)', 'function(gvn-sink)', 'module(elim-avail-extern)', 'function(instsimplify)', 'function(reassociate)', 'function(memcpyopt)', 'function(gvn-hoist)', 'function(dce)', 'function(jump-threading)', 'cgscc(attributor-cgscc)', 'module(attributor)', 'module(scc-oz-module-inliner)', 'loop(loop-simplifycfg)', 'module(inferattrs)', 'function(lower-switch)']
多目标权重:    mean=1.0, worsen=0.15, highvar=0.0

[Step 1.5] 训练程序切分...
  search_train 程序数: 200
  validation 程序数:   100
  split_signature(search_train): ba77bb6e5cec0422e4fa01d29f90ef39700d513b
  split_signature(validation):   4b5ba6090fb05dea649ea5688d9cf87910d17cd1
  split_signature(test):         f2c145ed836e77297f39f755d451222822c77dfe

[Step 2] 计算 search_train 程序 -Oz 基准指令数...
[Step 2b] 计算 validation 程序 -Oz 基准指令数...
[Step 2c] 计算测试集程序 -Oz 基准指令数...

[Step 3] 评估初始 seed 序列（共 116 条）...

[Step 4] 开始贝叶斯优化（100 轮）...
GA search time: 2.29s, candidates: 305
  [iter   1/100] search_obj=0.9621  search_best=0.7918  validation_best=0.8053  EI=0.0248  rnum=105.6  len=34  syn_rate=0.32  mean=0.9404  worsen=14.50%  highvar=0.00%
GA search time: 3.14s, candidates: 303
  [iter   2/100] search_obj=1.0604  search_best=0.7918  validation_best=0.8053  EI=0.0211  rnum=103.7  len=19  syn_rate=0.31  mean=1.0192  worsen=27.50%  highvar=0.00%
GA search time: 2.50s, candidates: 301
  [iter   3/100] search_obj=0.9554  search_best=0.7918  validation_best=0.8053  EI=0.0266  rnum=101.7  len=23  syn_rate=0.47  mean=0.9389  worsen=11.00%  highvar=0.00%
GA search time: 3.31s, candidates: 299
  [iter   4/100] search_obj=0.9639  search_best=0.7918  validation_best=0.8053  EI=0.0208  rnum=99.8  len=63  syn_rate=0.51  mean=0.9286  worsen=23.50%  highvar=0.00%
GA search time: 2.38s, candidates: 297
  [iter   5/100] search_obj=1.2331  search_best=0.7918  validation_best=0.8053  EI=0.0173  rnum=97.9  len=32  syn_rate=0.30  mean=1.1506  worsen=55.00%  highvar=0.00%
GA search time: 4.14s, candidates: 296
  [iter   6/100] search_obj=1.1692  search_best=0.7918  validation_best=0.8053  EI=0.0102  rnum=96.1  len=23  syn_rate=0.40  mean=1.0440  worsen=83.50%  highvar=0.00%
GA search time: 3.25s, candidates: 294
  [iter   7/100] search_obj=0.8605  search_best=0.7918  validation_best=0.8053  EI=0.0115  rnum=94.2  len=22  syn_rate=0.38  mean=0.8455  worsen=10.00%  highvar=0.00%
GA search time: 3.38s, candidates: 292
  [iter   8/100] search_obj=0.8605  search_best=0.7918  validation_best=0.8053  EI=0.0116  rnum=92.4  len=18  syn_rate=0.51  mean=0.8455  worsen=10.00%  highvar=0.00%
GA search time: 2.62s, candidates: 290
  [iter   9/100] search_obj=1.1488  search_best=0.7918  validation_best=0.8053  EI=0.0096  rnum=90.5  len=22  syn_rate=0.40  mean=1.0333  worsen=77.00%  highvar=0.00%
GA search time: 1.71s, candidates: 288
  [iter  10/100] search_obj=0.7933  search_best=0.7918  validation_best=0.8052  EI=0.0100  rnum=88.7  len=17  syn_rate=0.35  mean=0.7798  worsen=9.00%  highvar=0.00%
GA search time: 2.06s, candidates: 286
  [iter  11/100] search_obj=0.7453  search_best=0.7453  validation_best=0.7949  EI=0.0148  rnum=87.0  len=17  syn_rate=0.33  mean=0.7348  worsen=7.00%  highvar=0.00%
GA search time: 2.13s, candidates: 285
  [iter  12/100] search_obj=0.8321  search_best=0.7453  validation_best=0.7949  EI=0.0126  rnum=85.2  len=19  syn_rate=0.35  mean=0.8171  worsen=10.00%  highvar=0.00%
GA search time: 1.78s, candidates: 283
  [iter  13/100] search_obj=1.0499  search_best=0.7453  validation_best=0.7949  EI=0.0077  rnum=83.5  len=15  syn_rate=0.26  mean=0.9839  worsen=44.00%  highvar=0.00%
GA search time: 1.72s, candidates: 281
  [iter  14/100] search_obj=0.7403  search_best=0.7403  validation_best=0.7884  EI=0.0082  rnum=81.7  len=17  syn_rate=0.35  mean=0.7298  worsen=7.00%  highvar=0.00%
GA search time: 1.93s, candidates: 280
  [iter  15/100] search_obj=1.1562  search_best=0.7403  validation_best=0.7884  EI=0.0128  rnum=80.0  len=24  syn_rate=0.34  mean=1.0842  worsen=48.00%  highvar=0.00%
GA search time: 2.25s, candidates: 278
  [iter  16/100] search_obj=0.7440  search_best=0.7403  validation_best=0.7884  EI=0.0130  rnum=78.4  len=31  syn_rate=0.34  mean=0.7342  worsen=6.50%  highvar=0.00%
GA search time: 2.98s, candidates: 276
  [iter  17/100] search_obj=1.1616  search_best=0.7403  validation_best=0.7884  EI=0.0234  rnum=76.7  len=38  syn_rate=0.33  mean=1.0506  worsen=74.00%  highvar=0.00%
GA search time: 3.09s, candidates: 275
  [iter  18/100] search_obj=0.7484  search_best=0.7403  validation_best=0.7884  EI=0.0244  rnum=75.1  len=32  syn_rate=0.34  mean=0.7379  worsen=7.00%  highvar=0.00%
GA search time: 4.33s, candidates: 273
  [iter  19/100] search_obj=0.7399  search_best=0.7399  validation_best=0.7717  EI=0.0274  rnum=73.4  len=42  syn_rate=0.41  mean=0.7287  worsen=7.50%  highvar=0.00%
GA search time: 5.14s, candidates: 271
  [iter  20/100] search_obj=0.7310  search_best=0.7310  validation_best=0.7520  EI=0.0286  rnum=71.8  len=43  syn_rate=0.48  mean=0.7212  worsen=6.50%  highvar=0.00%
GA search time: 3.65s, candidates: 270
  [iter  21/100] search_obj=1.0144  search_best=0.7310  validation_best=0.7520  EI=0.0314  rnum=70.3  len=71  syn_rate=0.53  mean=0.9859  worsen=19.00%  highvar=0.00%
GA search time: 3.33s, candidates: 268
  [iter  22/100] search_obj=0.7170  search_best=0.7170  validation_best=0.7520  EI=0.0251  rnum=68.7  len=44  syn_rate=0.45  mean=0.7080  worsen=6.00%  highvar=0.00%
GA search time: 4.14s, candidates: 267
  [iter  23/100] search_obj=0.7395  search_best=0.7170  validation_best=0.7520  EI=0.0247  rnum=67.2  len=43  syn_rate=0.47  mean=0.7290  worsen=7.00%  highvar=0.00%
GA search time: 5.29s, candidates: 265
  [iter  24/100] search_obj=0.7545  search_best=0.7170  validation_best=0.7520  EI=0.0261  rnum=65.7  len=52  syn_rate=0.45  mean=0.7440  worsen=7.00%  highvar=0.00%
GA search time: 6.06s, candidates: 264
  [iter  25/100] search_obj=1.0260  search_best=0.7170  validation_best=0.7520  EI=0.0230  rnum=64.2  len=42  syn_rate=0.27  mean=0.9952  worsen=20.50%  highvar=0.00%
GA search time: 5.24s, candidates: 262
  [iter  26/100] search_obj=0.9498  search_best=0.7170  validation_best=0.7520  EI=0.0219  rnum=62.7  len=45  syn_rate=0.39  mean=0.9228  worsen=18.00%  highvar=0.00%
GA search time: 3.83s, candidates: 261
  [iter  27/100] search_obj=1.1413  search_best=0.7170  validation_best=0.7520  EI=0.0198  rnum=61.3  len=48  syn_rate=0.46  mean=1.0700  worsen=47.50%  highvar=0.00%
GA search time: 5.65s, candidates: 259
  [iter  28/100] search_obj=0.8896  search_best=0.7170  validation_best=0.7520  EI=0.0230  rnum=59.8  len=47  syn_rate=0.36  mean=0.8738  worsen=10.50%  highvar=0.00%
GA search time: 4.63s, candidates: 258
  [iter  29/100] search_obj=0.7076  search_best=0.7076  validation_best=0.7471  EI=0.0218  rnum=58.4  len=54  syn_rate=0.46  mean=0.6986  worsen=6.00%  highvar=0.00%
GA search time: 5.02s, candidates: 257
  [iter  30/100] search_obj=0.7310  search_best=0.7076  validation_best=0.7471  EI=0.0221  rnum=57.0  len=46  syn_rate=0.48  mean=0.7212  worsen=6.50%  highvar=0.00%
GA search time: 3.85s, candidates: 255
  [iter  31/100] search_obj=0.7090  search_best=0.7076  validation_best=0.7324  EI=0.0235  rnum=55.7  len=57  syn_rate=0.48  mean=0.7007  worsen=5.50%  highvar=0.00%
GA search time: 4.26s, candidates: 254
  [iter  32/100] search_obj=0.7313  search_best=0.7076  validation_best=0.7324  EI=0.0240  rnum=54.3  len=52  syn_rate=0.46  mean=0.7223  worsen=6.00%  highvar=0.00%
GA search time: 3.88s, candidates: 253
  [iter  33/100] search_obj=0.7134  search_best=0.7076  validation_best=0.7324  EI=0.0254  rnum=53.0  len=85  syn_rate=0.54  mean=0.7029  worsen=7.00%  highvar=0.00%
GA search time: 3.33s, candidates: 251
  [iter  34/100] search_obj=0.7682  search_best=0.7076  validation_best=0.7324  EI=0.0214  rnum=51.7  len=36  syn_rate=0.36  mean=0.7592  worsen=6.00%  highvar=0.00%
GA search time: 2.64s, candidates: 250
  [iter  35/100] search_obj=1.0192  search_best=0.7076  validation_best=0.7324  EI=0.0210  rnum=50.5  len=67  syn_rate=0.54  mean=0.9899  worsen=19.50%  highvar=0.00%
GA search time: 2.46s, candidates: 249
  [iter  36/100] search_obj=0.8632  search_best=0.7076  validation_best=0.7324  EI=0.0222  rnum=49.2  len=65  syn_rate=0.49  mean=0.8444  worsen=12.50%  highvar=0.00%
GA search time: 1.74s, candidates: 247
  [iter  37/100] search_obj=0.7803  search_best=0.7076  validation_best=0.7324  EI=0.0210  rnum=48.0  len=41  syn_rate=0.47  mean=0.7706  worsen=6.50%  highvar=0.00%
GA search time: 1.55s, candidates: 246
  [iter  38/100] search_obj=0.9431  search_best=0.7076  validation_best=0.7324  EI=0.0153  rnum=46.8  len=51  syn_rate=0.52  mean=0.9281  worsen=10.00%  highvar=0.00%
GA search time: 1.87s, candidates: 245
  [iter  39/100] search_obj=0.9296  search_best=0.7076  validation_best=0.7324  EI=0.0160  rnum=45.6  len=37  syn_rate=0.40  mean=0.8711  worsen=39.00%  highvar=0.00%
GA search time: 2.50s, candidates: 244
  [iter  40/100] search_obj=0.7184  search_best=0.7076  validation_best=0.7324  EI=0.0175  rnum=44.4  len=36  syn_rate=0.45  mean=0.7094  worsen=6.00%  highvar=0.00%
GA search time: 2.24s, candidates: 243
  [iter  41/100] search_obj=1.0481  search_best=0.7076  validation_best=0.7324  EI=0.0200  rnum=43.3  len=57  syn_rate=0.45  mean=0.9828  worsen=43.50%  highvar=0.00%
GA search time: 2.03s, candidates: 242
  [iter  42/100] search_obj=0.8595  search_best=0.7076  validation_best=0.7324  EI=0.0205  rnum=42.2  len=54  syn_rate=0.45  mean=0.8445  worsen=10.00%  highvar=0.00%
GA search time: 2.60s, candidates: 241
  [iter  43/100] search_obj=0.7592  search_best=0.7076  validation_best=0.7324  EI=0.0153  rnum=41.1  len=35  syn_rate=0.33  mean=0.7479  worsen=7.50%  highvar=0.00%
GA search time: 2.02s, candidates: 239
  [iter  44/100] search_obj=0.9342  search_best=0.7076  validation_best=0.7324  EI=0.0188  rnum=40.0  len=51  syn_rate=0.50  mean=0.9162  worsen=12.00%  highvar=0.00%
GA search time: 1.70s, candidates: 238
  [iter  45/100] search_obj=0.9272  search_best=0.7076  validation_best=0.7324  EI=0.0174  rnum=38.9  len=32  syn_rate=0.35  mean=0.9009  worsen=17.50%  highvar=0.00%
GA search time: 2.14s, candidates: 237
  [iter  46/100] search_obj=0.9264  search_best=0.7076  validation_best=0.7324  EI=0.0139  rnum=37.9  len=33  syn_rate=0.42  mean=0.9107  worsen=10.50%  highvar=0.00%
GA search time: 2.00s, candidates: 236
  [iter  47/100] search_obj=1.0161  search_best=0.7076  validation_best=0.7324  EI=0.0169  rnum=36.9  len=52  syn_rate=0.45  mean=0.9868  worsen=19.50%  highvar=0.00%
GA search time: 1.69s, candidates: 235
  [iter  48/100] search_obj=0.7597  search_best=0.7076  validation_best=0.7324  EI=0.0126  rnum=35.9  len=31  syn_rate=0.46  mean=0.7484  worsen=7.50%  highvar=0.00%
GA search time: 1.95s, candidates: 234
  [iter  49/100] search_obj=1.0182  search_best=0.7076  validation_best=0.7324  EI=0.0148  rnum=34.9  len=57  syn_rate=0.47  mean=0.9867  worsen=21.00%  highvar=0.00%
GA search time: 1.85s, candidates: 233
  [iter  50/100] search_obj=1.0167  search_best=0.7076  validation_best=0.7324  EI=0.0158  rnum=33.9  len=52  syn_rate=0.44  mean=0.9875  worsen=19.50%  highvar=0.00%
GA search time: 1.85s, candidates: 233
  [iter  51/100] search_obj=0.7475  search_best=0.7076  validation_best=0.7324  EI=0.0148  rnum=33.0  len=44  syn_rate=0.48  mean=0.7377  worsen=6.50%  highvar=0.00%
GA search time: 1.88s, candidates: 232
  [iter  52/100] search_obj=0.9483  search_best=0.7076  validation_best=0.7324  EI=0.0138  rnum=32.1  len=46  syn_rate=0.51  mean=0.9303  worsen=12.00%  highvar=0.00%
GA search time: 2.10s, candidates: 231
  [iter  53/100] search_obj=1.4126  search_best=0.7076  validation_best=0.7324  EI=0.0171  rnum=31.2  len=38  syn_rate=0.45  mean=1.2784  worsen=89.50%  highvar=0.00%
GA search time: 2.37s, candidates: 230
  [iter  54/100] search_obj=1.0529  search_best=0.7076  validation_best=0.7324  EI=0.0139  rnum=30.3  len=40  syn_rate=0.38  mean=0.9854  worsen=45.00%  highvar=0.00%
GA search time: 2.23s, candidates: 229
  [iter  55/100] search_obj=0.8605  search_best=0.7076  validation_best=0.7324  EI=0.0157  rnum=29.5  len=29  syn_rate=0.34  mean=0.8455  worsen=10.00%  highvar=0.00%
GA search time: 2.17s, candidates: 228
  [iter  56/100] search_obj=0.9209  search_best=0.7076  validation_best=0.7324  EI=0.0156  rnum=28.6  len=36  syn_rate=0.45  mean=0.8984  worsen=15.00%  highvar=0.00%
GA search time: 2.47s, candidates: 227
  [iter  57/100] search_obj=0.9391  search_best=0.7076  validation_best=0.7324  EI=0.0120  rnum=27.8  len=43  syn_rate=0.57  mean=0.9226  worsen=11.00%  highvar=0.00%
GA search time: 2.24s, candidates: 226
  [iter  58/100] search_obj=0.9682  search_best=0.7076  validation_best=0.7324  EI=0.0132  rnum=27.0  len=32  syn_rate=0.35  mean=0.9120  worsen=37.50%  highvar=0.00%
GA search time: 2.17s, candidates: 226
  [iter  59/100] search_obj=1.0167  search_best=0.7076  validation_best=0.7324  EI=0.0127  rnum=26.2  len=45  syn_rate=0.43  mean=0.9875  worsen=19.50%  highvar=0.00%
GA search time: 1.97s, candidates: 225
  [iter  60/100] search_obj=0.7375  search_best=0.7076  validation_best=0.7324  EI=0.0167  rnum=25.4  len=34  syn_rate=0.46  mean=0.7278  worsen=6.50%  highvar=0.00%
GA search time: 2.29s, candidates: 224
  [iter  61/100] search_obj=1.0523  search_best=0.7076  validation_best=0.7324  EI=0.0146  rnum=24.7  len=55  syn_rate=0.45  mean=0.9848  worsen=45.00%  highvar=0.00%
GA search time: 2.72s, candidates: 223
  [iter  62/100] search_obj=0.8825  search_best=0.7076  validation_best=0.7324  EI=0.0106  rnum=24.0  len=90  syn_rate=0.48  mean=0.8577  worsen=16.50%  highvar=0.00%
GA search time: 2.47s, candidates: 223
  [iter  63/100] search_obj=0.9577  search_best=0.7076  validation_best=0.7324  EI=0.0129  rnum=23.3  len=36  syn_rate=0.36  mean=0.9292  worsen=19.00%  highvar=0.00%
GA search time: 2.83s, candidates: 222
  [iter  64/100] search_obj=1.0128  search_best=0.7076  validation_best=0.7324  EI=0.0110  rnum=22.6  len=39  syn_rate=0.48  mean=0.9836  worsen=19.50%  highvar=0.00%
GA search time: 2.06s, candidates: 221
  [iter  65/100] search_obj=0.7649  search_best=0.7076  validation_best=0.7324  EI=0.0124  rnum=21.9  len=35  syn_rate=0.45  mean=0.7552  worsen=6.50%  highvar=0.00%
GA search time: 1.92s, candidates: 221
  [iter  66/100] search_obj=0.9443  search_best=0.7076  validation_best=0.7324  EI=0.0146  rnum=21.2  len=48  syn_rate=0.39  mean=0.9263  worsen=12.00%  highvar=0.00%
GA search time: 2.04s, candidates: 220
  [iter  67/100] search_obj=0.7538  search_best=0.7076  validation_best=0.7324  EI=0.0098  rnum=20.6  len=31  syn_rate=0.34  mean=0.7448  worsen=6.00%  highvar=0.00%
GA search time: 1.92s, candidates: 219
  [iter  68/100] search_obj=0.8173  search_best=0.7076  validation_best=0.7324  EI=0.0124  rnum=19.9  len=36  syn_rate=0.34  mean=0.8053  worsen=8.00%  highvar=0.00%
GA search time: 2.41s, candidates: 219
  [iter  69/100] search_obj=0.8470  search_best=0.7076  validation_best=0.7324  EI=0.0103  rnum=19.3  len=34  syn_rate=0.46  mean=0.8335  worsen=9.00%  highvar=0.00%
GA search time: 2.11s, candidates: 218
  [iter  70/100] search_obj=0.9235  search_best=0.7076  validation_best=0.7324  EI=0.0106  rnum=18.7  len=36  syn_rate=0.45  mean=0.8972  worsen=17.50%  highvar=0.00%
GA search time: 2.35s, candidates: 218
  [iter  71/100] search_obj=0.8505  search_best=0.7076  validation_best=0.7324  EI=0.0093  rnum=18.1  len=30  syn_rate=0.31  mean=0.8355  worsen=10.00%  highvar=0.00%
GA search time: 2.32s, candidates: 217
  [iter  72/100] search_obj=0.7913  search_best=0.7076  validation_best=0.7324  EI=0.0135  rnum=17.6  len=34  syn_rate=0.34  mean=0.7785  worsen=8.50%  highvar=0.00%
GA search time: 2.50s, candidates: 216
  [iter  73/100] search_obj=0.8163  search_best=0.7076  validation_best=0.7324  EI=0.0097  rnum=17.0  len=31  syn_rate=0.41  mean=0.7968  worsen=13.00%  highvar=0.00%
GA search time: 2.04s, candidates: 216
  [iter  74/100] search_obj=0.8544  search_best=0.7076  validation_best=0.7324  EI=0.0097  rnum=16.5  len=45  syn_rate=0.53  mean=0.8394  worsen=10.00%  highvar=0.00%
GA search time: 2.01s, candidates: 215
  [iter  75/100] search_obj=1.0481  search_best=0.7076  validation_best=0.7324  EI=0.0090  rnum=15.9  len=35  syn_rate=0.47  mean=1.0076  worsen=27.00%  highvar=0.00%
GA search time: 1.79s, candidates: 215
  [iter  76/100] search_obj=0.9257  search_best=0.7076  validation_best=0.7324  EI=0.0097  rnum=15.4  len=40  syn_rate=0.36  mean=0.8995  worsen=17.50%  highvar=0.00%
GA search time: 2.20s, candidates: 214
  [iter  77/100] search_obj=0.8825  search_best=0.7076  validation_best=0.7324  EI=0.0084  rnum=14.9  len=37  syn_rate=0.49  mean=0.8660  worsen=11.00%  highvar=0.00%
GA search time: 2.12s, candidates: 214
  [iter  78/100] search_obj=0.9388  search_best=0.7076  validation_best=0.7324  EI=0.0094  rnum=14.4  len=45  syn_rate=0.48  mean=0.9238  worsen=10.00%  highvar=0.00%
GA search time: 2.32s, candidates: 213
  [iter  79/100] search_obj=0.7197  search_best=0.7076  validation_best=0.7324  EI=0.0080  rnum=14.0  len=36  syn_rate=0.47  mean=0.7107  worsen=6.00%  highvar=0.00%
GA search time: 2.87s, candidates: 213
  [iter  80/100] search_obj=1.0137  search_best=0.7076  validation_best=0.7324  EI=0.0102  rnum=13.5  len=37  syn_rate=0.44  mean=0.9859  worsen=18.50%  highvar=0.00%
GA search time: 1.99s, candidates: 213
  [iter  81/100] search_obj=0.9444  search_best=0.7076  validation_best=0.7324  EI=0.0082  rnum=13.0  len=41  syn_rate=0.47  mean=0.9279  worsen=11.00%  highvar=0.00%
GA search time: 1.93s, candidates: 212
  [iter  82/100] search_obj=0.9352  search_best=0.7076  validation_best=0.7324  EI=0.0062  rnum=12.6  len=48  syn_rate=0.45  mean=0.9172  worsen=12.00%  highvar=0.00%
GA search time: 3.23s, candidates: 212
  [iter  83/100] search_obj=0.7517  search_best=0.7076  validation_best=0.7324  EI=0.0105  rnum=12.2  len=36  syn_rate=0.35  mean=0.7427  worsen=6.00%  highvar=0.00%
GA search time: 2.47s, candidates: 211
  [iter  84/100] search_obj=0.8013  search_best=0.7076  validation_best=0.7324  EI=0.0085  rnum=11.8  len=46  syn_rate=0.38  mean=0.7886  worsen=8.50%  highvar=0.00%
GA search time: 2.02s, candidates: 211
  [iter  85/100] search_obj=0.8541  search_best=0.7076  validation_best=0.7324  EI=0.0089  rnum=11.4  len=65  syn_rate=0.56  mean=0.8391  worsen=10.00%  highvar=0.00%
GA search time: 3.10s, candidates: 210
  [iter  86/100] search_obj=0.8247  search_best=0.7076  validation_best=0.7324  EI=0.0078  rnum=11.0  len=52  syn_rate=0.45  mean=0.8112  worsen=9.00%  highvar=0.00%
GA search time: 2.91s, candidates: 210
  [iter  87/100] search_obj=0.8256  search_best=0.7076  validation_best=0.7324  EI=0.0071  rnum=10.6  len=34  syn_rate=0.36  mean=0.8113  worsen=9.50%  highvar=0.00%
GA search time: 2.82s, candidates: 210
  [iter  88/100] search_obj=0.8493  search_best=0.7076  validation_best=0.7324  EI=0.0101  rnum=10.2  len=34  syn_rate=0.45  mean=0.8358  worsen=9.00%  highvar=0.00%
GA search time: 2.06s, candidates: 209
  [iter  89/100] search_obj=1.1401  search_best=0.7076  validation_best=0.7324  EI=0.0072  rnum=9.9  len=34  syn_rate=0.36  mean=1.0711  worsen=46.00%  highvar=0.00%
GA search time: 2.76s, candidates: 209
  [iter  90/100] search_obj=0.9202  search_best=0.7076  validation_best=0.7324  EI=0.0084  rnum=9.5  len=35  syn_rate=0.35  mean=0.8954  worsen=16.50%  highvar=0.00%
GA search time: 2.06s, candidates: 209
  [iter  91/100] search_obj=1.1428  search_best=0.7076  validation_best=0.7324  EI=0.0063  rnum=9.2  len=45  syn_rate=0.38  mean=1.0716  worsen=47.50%  highvar=0.00%
GA search time: 2.20s, candidates: 208
  [iter  92/100] search_obj=0.8299  search_best=0.7076  validation_best=0.7324  EI=0.0076  rnum=8.9  len=29  syn_rate=0.47  mean=0.8149  worsen=10.00%  highvar=0.00%
GA search time: 1.59s, candidates: 208
  [iter  93/100] search_obj=0.9266  search_best=0.7076  validation_best=0.7324  EI=0.0074  rnum=8.6  len=57  syn_rate=0.48  mean=0.9004  worsen=17.50%  highvar=0.00%
GA search time: 3.09s, candidates: 208
  [iter  94/100] search_obj=0.8934  search_best=0.7076  validation_best=0.7324  EI=0.0096  rnum=8.3  len=43  syn_rate=0.36  mean=0.8687  worsen=16.50%  highvar=0.00%
GA search time: 1.87s, candidates: 207
  [iter  95/100] search_obj=0.7541  search_best=0.7076  validation_best=0.7324  EI=0.0075  rnum=8.0  len=33  syn_rate=0.44  mean=0.7466  worsen=5.00%  highvar=0.00%
GA search time: 2.48s, candidates: 207
  [iter  96/100] search_obj=0.9471  search_best=0.7076  validation_best=0.7324  EI=0.0096  rnum=7.7  len=36  syn_rate=0.51  mean=0.9306  worsen=11.00%  highvar=0.00%
GA search time: 1.86s, candidates: 207
  [iter  97/100] search_obj=0.7363  search_best=0.7076  validation_best=0.7324  EI=0.0096  rnum=7.4  len=32  syn_rate=0.43  mean=0.7288  worsen=5.00%  highvar=0.00%
GA search time: 1.83s, candidates: 207
  [iter  98/100] search_obj=0.9412  search_best=0.7076  validation_best=0.7324  EI=0.0076  rnum=7.1  len=50  syn_rate=0.48  mean=0.9240  worsen=11.50%  highvar=0.00%
GA search time: 2.28s, candidates: 206
  [iter  99/100] search_obj=0.9428  search_best=0.7076  validation_best=0.7324  EI=0.0089  rnum=6.9  len=30  syn_rate=0.43  mean=0.9285  worsen=9.50%  highvar=0.00%
GA search time: 1.82s, candidates: 206
  [iter 100/100] search_obj=0.7135  search_best=0.7076  validation_best=0.7324  EI=0.0068  rnum=6.6  len=36  syn_rate=0.35  mean=0.7052  worsen=5.50%  highvar=0.00%

[Step 5] 按 validation 选择最终通用序列...
  选择结果:
    search_train_obj=0.7090, search_train_mean=0.7007, search_train_worsen=5.50%, search_train_highvar=0.00%
    validation_obj=0.7324, validation_mean=0.7144, validation_worsen=12.00%, validation_highvar=0.00%

[Step 6] 在 validation 上执行消融后处理...

[Ablation-validation] 初始序列长度: 57, objective: 0.7324, mean_norm: 0.7144, worsen_rate: 12.00%
  移除 [56] function(mem2reg): objective 0.7326 > 0.7324 (恢复)
  移除 [55] function(newgvn): objective 0.7328 > 0.7324 (恢复)
  移除 [54] module(attributor): objective 0.7324, mean_norm 0.7144, worsen_rate 12.00% (保留移除)
  移除 [53] module(iroutliner): objective 0.7324, mean_norm 0.7144, worsen_rate 12.00% (保留移除)
  移除 [52] module(iroutliner): objective 0.7329 > 0.7324 (恢复)
  移除 [51] module(attributor): objective 0.7343 > 0.7324 (恢复)
  移除 [50] module(globalopt): objective 0.7352 > 0.7324 (恢复)
  移除 [49] cgscc(attributor-cgscc): objective 0.7360 > 0.7324 (恢复)
  移除 [48] function(instsimplify): objective 0.7324, mean_norm 0.7144, worsen_rate 12.00% (保留移除)
  移除 [47] function(newgvn): objective 0.7377 > 0.7324 (恢复)
  移除 [46] module(elim-avail-extern): objective 0.7324, mean_norm 0.7144, worsen_rate 12.00% (保留移除)
  移除 [45] module(globalopt): objective 0.7324, mean_norm 0.7144, worsen_rate 12.00% (保留移除)
  移除 [44] module(scc-oz-module-inliner): objective 0.7411 > 0.7324 (恢复)
  移除 [43] module(attributor): objective 0.7324, mean_norm 0.7144, worsen_rate 12.00% (保留移除)
  移除 [42] module(attributor): objective 0.7366 > 0.7324 (恢复)
  移除 [41] module(elim-avail-extern): objective 0.7324, mean_norm 0.7144, worsen_rate 12.00% (保留移除)
  移除 [40] module(scc-oz-module-inliner): objective 0.7420 > 0.7324 (恢复)
  移除 [39] module(attributor): objective 0.7324, mean_norm 0.7144, worsen_rate 12.00% (保留移除)
  移除 [38] module(elim-avail-extern): objective 0.7324, mean_norm 0.7144, worsen_rate 12.00% (保留移除)
  移除 [37] module(elim-avail-extern): objective 0.7324, mean_norm 0.7144, worsen_rate 12.00% (保留移除)
  移除 [36] module(elim-avail-extern): objective 0.7324, mean_norm 0.7144, worsen_rate 12.00% (保留移除)
  移除 [35] module(iroutliner): objective 0.7324, mean_norm 0.7144, worsen_rate 12.00% (保留移除)
  移除 [34] module(elim-avail-extern): objective 0.7324, mean_norm 0.7144, worsen_rate 12.00% (保留移除)
  移除 [33] module(iroutliner): objective 0.7324, mean_norm 0.7144, worsen_rate 12.00% (保留移除)
  移除 [32] module(iroutliner): objective 0.7324, mean_norm 0.7144, worsen_rate 12.00% (保留移除)
  移除 [31] module(attributor): objective 0.7324, mean_norm 0.7144, worsen_rate 12.00% (保留移除)
  移除 [30] module(attributor): objective 0.7324, mean_norm 0.7144, worsen_rate 12.00% (保留移除)
  移除 [29] module(attributor): objective 0.7324, mean_norm 0.7144, worsen_rate 12.00% (保留移除)
  移除 [28] module(attributor): objective 0.7324, mean_norm 0.7144, worsen_rate 12.00% (保留移除)
  移除 [27] module(attributor): objective 0.7324, mean_norm 0.7144, worsen_rate 12.00% (保留移除)
  移除 [26] module(attributor): objective 0.7324, mean_norm 0.7144, worsen_rate 12.00% (保留移除)
  移除 [25] module(iroutliner): objective 0.7332 > 0.7324 (恢复)
  移除 [24] module(attributor): objective 0.7512 > 0.7324 (恢复)
  移除 [23] function(newgvn): objective 0.7324, mean_norm 0.7144, worsen_rate 12.00% (保留移除)
  移除 [22] function(newgvn): objective 0.7324, mean_norm 0.7144, worsen_rate 12.00% (保留移除)
  移除 [21] function(newgvn): objective 0.7319, mean_norm 0.7139, worsen_rate 12.00% (保留移除)
  移除 [20] function(newgvn): objective 0.7520 > 0.7319 (恢复)
  移除 [19] module(iroutliner): objective 0.7319, mean_norm 0.7139, worsen_rate 12.00% (保留移除)
  移除 [18] module(elim-avail-extern): objective 0.7319, mean_norm 0.7139, worsen_rate 12.00% (保留移除)
  移除 [17] function(jump-threading): objective 0.7319, mean_norm 0.7139, worsen_rate 12.00% (保留移除)
  移除 [16] module(attributor): objective 0.7319, mean_norm 0.7139, worsen_rate 12.00% (保留移除)
  移除 [15] cgscc(attributor-cgscc): objective 0.7319, mean_norm 0.7139, worsen_rate 12.00% (保留移除)
  移除 [14] function(memcpyopt): objective 0.7319, mean_norm 0.7139, worsen_rate 12.00% (保留移除)
  移除 [13] module(attributor): objective 0.7304, mean_norm 0.7124, worsen_rate 12.00% (保留移除)
  移除 [12] module(globalopt): objective 0.7301, mean_norm 0.7121, worsen_rate 12.00% (保留移除)
  移除 [11] cgscc(attributor-cgscc): objective 0.7314 > 0.7301 (恢复)
  移除 [10] module(elim-avail-extern): objective 0.7301, mean_norm 0.7121, worsen_rate 12.00% (保留移除)
  移除 [9] function(dse): objective 0.7817 > 0.7301 (恢复)
  移除 [8] function(jump-threading): objective 0.7296, mean_norm 0.7116, worsen_rate 12.00% (保留移除)
  移除 [7] module(iroutliner): objective 0.7349 > 0.7296 (恢复)
  移除 [6] module(attributor): objective 0.7296, mean_norm 0.7116, worsen_rate 12.00% (保留移除)
  移除 [5] module(globalopt): objective 0.7296, mean_norm 0.7116, worsen_rate 12.00% (保留移除)
  移除 [4] module(attributor): objective 0.7736 > 0.7296 (恢复)
  移除 [3] module(iroutliner): objective 0.7242, mean_norm 0.7077, worsen_rate 11.00% (保留移除)
  移除 [2] module(elim-avail-extern): objective 0.7242, mean_norm 0.7077, worsen_rate 11.00% (保留移除)
  移除 [1] module(globalopt): objective 0.7242, mean_norm 0.7077, worsen_rate 11.00% (保留移除)
  移除 [0] module(elim-avail-extern): objective 0.9704 > 0.7242 (恢复)
[Ablation-validation] 最终序列长度: 18, objective: 0.7242, mean_norm: 0.7077, worsen_rate: 11.00%, 移除了 39 个 pass
  消融有效: 57 → 18 passes, validation_objective: 0.7324 → 0.7242

最终通用 pass 序列（effective=18 个顶层 pass, raw=18 个 pass, syn_rate(raw)=0.26）:
  module(elim-avail-extern) → module(attributor) → module(iroutliner) → function(dse) → cgscc(attributor-cgscc) → function(newgvn) → module(attributor) → module(iroutliner) → module(scc-oz-module-inliner) → module(attributor) → module(scc-oz-module-inliner) → function(newgvn) → cgscc(attributor-cgscc) → module(globalopt) → module(attributor) → module(iroutliner) → function(newgvn) → function(mem2reg)
  search_train_obj=0.7023, search_train_mean=0.6933, search_train_worsen=6.00%, search_train_highvar=0.00%
  validation_obj=0.7242, validation_mean=0.7077, validation_worsen=11.00%, validation_highvar=0.00%
  test_obj=0.7322, test_mean=0.7184, test_worsen=9.20%, test_highvar=0.00%

Top-5 最佳序列（按 validation 多目标 objective 升序）:
  #1: validation_obj=0.7324, validation_mean=0.7144, validation_worsen=12.00%, validation_highvar=0.00%, train_obj=0.7090, train_mean=0.7007, train_highvar=0.00%, len=57, syn_rate=0.48, test_obj=0.7352, test_mean=0.7211, test_worsen=9.37%, test_highvar=0.00%
     module(elim-avail-extern) → module(globalopt) → module(elim-avail-extern) → module(iroutliner) → module(attributor) → module(globalopt) → module(attributor) → module(iroutliner) → function(jump-threading) → function(dse) → module(elim-avail-extern) → cgscc(attributor-cgscc) → module(globalopt) → module(attributor) → function(memcpyopt) → cgscc(attributor-cgscc) → module(attributor) → function(jump-threading) → module(elim-avail-extern) → module(iroutliner) → function(newgvn) → function(newgvn) → function(newgvn) → function(newgvn) → module(attributor) → module(iroutliner) → module(attributor) → module(attributor) → module(attributor) → module(attributor) → module(attributor) → module(attributor) → module(iroutliner) → module(iroutliner) → module(elim-avail-extern) → module(iroutliner) → module(elim-avail-extern) → module(elim-avail-extern) → module(elim-avail-extern) → module(attributor) → module(scc-oz-module-inliner) → module(elim-avail-extern) → module(attributor) → module(attributor) → module(scc-oz-module-inliner) → module(globalopt) → module(elim-avail-extern) → function(newgvn) → function(instsimplify) → cgscc(attributor-cgscc) → module(globalopt) → module(attributor) → module(iroutliner) → module(iroutliner) → module(attributor) → function(newgvn) → function(mem2reg)
  #2: validation_obj=0.7335, validation_mean=0.7170, validation_worsen=11.00%, validation_highvar=0.00%, train_obj=0.7184, train_mean=0.7094, train_highvar=0.00%, len=36, syn_rate=0.45, test_obj=0.7405, test_mean=0.7266, test_worsen=9.24%, test_highvar=0.00%
     cgscc(attributor-cgscc) → module(iroutliner) → module(attributor) → module(elim-avail-extern) → function(newgvn) → function(dse) → function(newgvn) → module(attributor) → module(iroutliner) → function(jump-threading) → module(iroutliner) → module(attributor) → function(mem2reg) → module(iroutliner) → function(memcpyopt) → module(globalopt) → module(attributor) → module(elim-avail-extern) → cgscc(attributor-cgscc) → module(iroutliner) → module(attributor) → module(attributor) → module(scc-oz-module-inliner) → module(scc-oz-module-inliner) → function(newgvn) → module(scc-oz-module-inliner) → module(iroutliner) → module(attributor) → module(scc-oz-module-inliner) → module(iroutliner) → module(elim-avail-extern) → module(iroutliner) → module(iroutliner) → module(iroutliner) → module(iroutliner) → module(iroutliner)
  #3: validation_obj=0.7395, validation_mean=0.7215, validation_worsen=12.00%, validation_highvar=0.00%, train_obj=0.7197, train_mean=0.7107, train_highvar=0.00%, len=36, syn_rate=0.47, test_obj=0.7468, test_mean=0.7326, test_worsen=9.48%, test_highvar=0.00%
     module(iroutliner) → module(attributor) → module(attributor) → function(newgvn) → module(attributor) → module(elim-avail-extern) → function(dse) → function(gvn-sink) → module(elim-avail-extern) → function(jump-threading) → module(globalopt) → module(elim-avail-extern) → module(globalopt) → module(iroutliner) → module(attributor) → cgscc(attributor-cgscc) → module(globalopt) → module(elim-avail-extern) → function(memcpyopt) → module(iroutliner) → module(iroutliner) → module(globalopt) → module(attributor) → function(newgvn) → module(iroutliner) → module(globalopt) → module(scc-oz-module-inliner) → cgscc(attributor-cgscc) → module(elim-avail-extern) → module(iroutliner) → module(scc-oz-module-inliner) → module(attributor) → function(instsimplify) → module(attributor) → module(attributor) → module(attributor)
  #4: validation_obj=0.7426, validation_mean=0.7291, validation_worsen=9.00%, validation_highvar=0.00%, train_obj=0.7375, train_mean=0.7278, train_highvar=0.00%, len=34, syn_rate=0.46, test_obj=0.7608, test_mean=0.7457, test_worsen=10.09%, test_highvar=0.00%
     cgscc(attributor-cgscc) → module(iroutliner) → module(attributor) → module(elim-avail-extern) → cgscc(attributor-cgscc) → function(newgvn) → function(dse) → module(elim-avail-extern) → module(iroutliner) → module(iroutliner) → module(iroutliner) → function(mem2reg) → function(jump-threading) → module(iroutliner) → function(newgvn) → module(attributor) → module(globalopt) → module(elim-avail-extern) → module(elim-avail-extern) → function(dce) → module(attributor) → module(attributor) → function(newgvn) → module(elim-avail-extern) → module(attributor) → module(iroutliner) → module(scc-oz-module-inliner) → function(instsimplify) → module(attributor) → module(attributor) → module(iroutliner) → module(globalopt) → module(elim-avail-extern) → module(attributor)
  #5: validation_obj=0.7469, validation_mean=0.7304, validation_worsen=11.00%, validation_highvar=0.00%, train_obj=0.7135, train_mean=0.7052, train_highvar=0.00%, len=36, syn_rate=0.35, test_obj=0.7482, test_mean=0.7355, test_worsen=8.48%, test_highvar=0.00%
     module(attributor) → function(instsimplify) → module(iroutliner) → function(newgvn) → function(jump-threading) → module(attributor) → module(attributor) → function(dse) → module(inferattrs) → function(newgvn) → module(attributor) → module(iroutliner) → module(globalopt) → module(attributor) → module(attributor) → module(iroutliner) → cgscc(attributor-cgscc) → module(elim-avail-extern) → function(newgvn) → module(globalopt) → module(iroutliner) → module(scc-oz-module-inliner) → module(globalopt) → module(iroutliner) → module(attributor) → module(scc-oz-module-inliner) → module(globalopt) → module(globalopt) → module(elim-avail-extern) → function(newgvn) → module(elim-avail-extern) → cgscc(attributor-cgscc) → module(iroutliner) → module(attributor) → module(iroutliner) → module(attributor)

============================================================
所有轮次中最优 validation objective: 0.7242
最优通用 pass 序列 (18 passes):
  module(elim-avail-extern) → module(attributor) → module(iroutliner) → function(dse) → cgscc(attributor-cgscc) → function(newgvn) → module(attributor) → module(iroutliner) → module(scc-oz-module-inliner) → module(attributor) → module(scc-oz-module-inliner) → function(newgvn) → cgscc(attributor-cgscc) → module(globalopt) → module(attributor) → module(iroutliner) → function(newgvn) → function(mem2reg)
  search_train_obj=0.7023, search_train_mean=0.6933, search_train_worsen=6.00%, search_train_highvar=0.00%
  validation_obj=0.7242, validation_mean=0.7077, validation_worsen=11.00%, validation_highvar=0.00%
  test_obj=0.7322, test_mean=0.7184, test_worsen=9.20%, test_highvar=0.00%

最优轮次 Top-5 序列（含测试集效果，按 validation objective 升序）:
  #1: validation_obj=0.7324, validation_mean=0.7144, validation_worsen=12.00%, validation_highvar=0.00%, train_obj=0.7090, train_mean=0.7007, train_highvar=0.00%, len=57, syn_rate=0.48, test_obj=0.7352, test_mean=0.7211, test_worsen=9.37%, test_highvar=0.00%
     module(elim-avail-extern) → module(globalopt) → module(elim-avail-extern) → module(iroutliner) → module(attributor) → module(globalopt) → module(attributor) → module(iroutliner) → function(jump-threading) → function(dse) → module(elim-avail-extern) → cgscc(attributor-cgscc) → module(globalopt) → module(attributor) → function(memcpyopt) → cgscc(attributor-cgscc) → module(attributor) → function(jump-threading) → module(elim-avail-extern) → module(iroutliner) → function(newgvn) → function(newgvn) → function(newgvn) → function(newgvn) → module(attributor) → module(iroutliner) → module(attributor) → module(attributor) → module(attributor) → module(attributor) → module(attributor) → module(attributor) → module(iroutliner) → module(iroutliner) → module(elim-avail-extern) → module(iroutliner) → module(elim-avail-extern) → module(elim-avail-extern) → module(elim-avail-extern) → module(attributor) → module(scc-oz-module-inliner) → module(elim-avail-extern) → module(attributor) → module(attributor) → module(scc-oz-module-inliner) → module(globalopt) → module(elim-avail-extern) → function(newgvn) → function(instsimplify) → cgscc(attributor-cgscc) → module(globalopt) → module(attributor) → module(iroutliner) → module(iroutliner) → module(attributor) → function(newgvn) → function(mem2reg)
  #2: validation_obj=0.7335, validation_mean=0.7170, validation_worsen=11.00%, validation_highvar=0.00%, train_obj=0.7184, train_mean=0.7094, train_highvar=0.00%, len=36, syn_rate=0.45, test_obj=0.7405, test_mean=0.7266, test_worsen=9.24%, test_highvar=0.00%
     cgscc(attributor-cgscc) → module(iroutliner) → module(attributor) → module(elim-avail-extern) → function(newgvn) → function(dse) → function(newgvn) → module(attributor) → module(iroutliner) → function(jump-threading) → module(iroutliner) → module(attributor) → function(mem2reg) → module(iroutliner) → function(memcpyopt) → module(globalopt) → module(attributor) → module(elim-avail-extern) → cgscc(attributor-cgscc) → module(iroutliner) → module(attributor) → module(attributor) → module(scc-oz-module-inliner) → module(scc-oz-module-inliner) → function(newgvn) → module(scc-oz-module-inliner) → module(iroutliner) → module(attributor) → module(scc-oz-module-inliner) → module(iroutliner) → module(elim-avail-extern) → module(iroutliner) → module(iroutliner) → module(iroutliner) → module(iroutliner) → module(iroutliner)
  #3: validation_obj=0.7395, validation_mean=0.7215, validation_worsen=12.00%, validation_highvar=0.00%, train_obj=0.7197, train_mean=0.7107, train_highvar=0.00%, len=36, syn_rate=0.47, test_obj=0.7468, test_mean=0.7326, test_worsen=9.48%, test_highvar=0.00%
     module(iroutliner) → module(attributor) → module(attributor) → function(newgvn) → module(attributor) → module(elim-avail-extern) → function(dse) → function(gvn-sink) → module(elim-avail-extern) → function(jump-threading) → module(globalopt) → module(elim-avail-extern) → module(globalopt) → module(iroutliner) → module(attributor) → cgscc(attributor-cgscc) → module(globalopt) → module(elim-avail-extern) → function(memcpyopt) → module(iroutliner) → module(iroutliner) → module(globalopt) → module(attributor) → function(newgvn) → module(iroutliner) → module(globalopt) → module(scc-oz-module-inliner) → cgscc(attributor-cgscc) → module(elim-avail-extern) → module(iroutliner) → module(scc-oz-module-inliner) → module(attributor) → function(instsimplify) → module(attributor) → module(attributor) → module(attributor)
  #4: validation_obj=0.7426, validation_mean=0.7291, validation_worsen=9.00%, validation_highvar=0.00%, train_obj=0.7375, train_mean=0.7278, train_highvar=0.00%, len=34, syn_rate=0.46, test_obj=0.7608, test_mean=0.7457, test_worsen=10.09%, test_highvar=0.00%
     cgscc(attributor-cgscc) → module(iroutliner) → module(attributor) → module(elim-avail-extern) → cgscc(attributor-cgscc) → function(newgvn) → function(dse) → module(elim-avail-extern) → module(iroutliner) → module(iroutliner) → module(iroutliner) → function(mem2reg) → function(jump-threading) → module(iroutliner) → function(newgvn) → module(attributor) → module(globalopt) → module(elim-avail-extern) → module(elim-avail-extern) → function(dce) → module(attributor) → module(attributor) → function(newgvn) → module(elim-avail-extern) → module(attributor) → module(iroutliner) → module(scc-oz-module-inliner) → function(instsimplify) → module(attributor) → module(attributor) → module(iroutliner) → module(globalopt) → module(elim-avail-extern) → module(attributor)
  #5: validation_obj=0.7469, validation_mean=0.7304, validation_worsen=11.00%, validation_highvar=0.00%, train_obj=0.7135, train_mean=0.7052, train_highvar=0.00%, len=36, syn_rate=0.35, test_obj=0.7482, test_mean=0.7355, test_worsen=8.48%, test_highvar=0.00%
     module(attributor) → function(instsimplify) → module(iroutliner) → function(newgvn) → function(jump-threading) → module(attributor) → module(attributor) → function(dse) → module(inferattrs) → function(newgvn) → module(attributor) → module(iroutliner) → module(globalopt) → module(attributor) → module(attributor) → module(iroutliner) → cgscc(attributor-cgscc) → module(elim-avail-extern) → function(newgvn) → module(globalopt) → module(iroutliner) → module(scc-oz-module-inliner) → module(globalopt) → module(iroutliner) → module(attributor) → module(scc-oz-module-inliner) → module(globalopt) → module(globalopt) → module(elim-avail-extern) → function(newgvn) → module(elim-avail-extern) → cgscc(attributor-cgscc) → module(iroutliner) → module(attributor) → module(iroutliner) → module(attributor)
binarysize_test: vs_none=0.999 (+0.1%)  vs_oz=0.999 (+0.1%)  vs_o3=0.993 (+0.7%) [metric=stripped_file_bytes]
binarysize_test[text_bytes]: vs_none=0.877 (+12.3%)  vs_oz=0.892 (+10.8%)  vs_o3=0.790 (+21.0%)
binarysize_test[data_bytes]: vs_none=0.985 (+1.5%)  vs_oz=0.992 (+0.8%)  vs_o3=0.986 (+1.4%)
binarysize_test[bss_bytes]: vs_none=1.000 (+0.0%)  vs_oz=1.000 (+0.0%)  vs_o3=1.000 (+0.0%)
binarysize_test[dec_bytes]: vs_none=0.902 (+9.8%)  vs_oz=0.918 (+8.2%)  vs_o3=0.836 (+16.4%)

最优轮次 Top-5 binarysize_test 序列面板（primary=stripped_file_bytes）:
  #1: len=57, syn_rate=0.48
     stripped_file_bytes: obj=1.0058, mean=0.9993, worsen=4.30%, vs_none=0.999 (+0.1%)  vs_oz=0.999 (+0.1%)  vs_o3=0.993 (+0.7%)
     text_bytes: obj=0.9158, mean=0.8942, worsen=14.44%, vs_none=0.878 (+12.2%)  vs_oz=0.894 (+10.6%)  vs_o3=0.791 (+20.9%)
     data_bytes: obj=0.9996, mean=0.9916, worsen=5.34%, vs_none=0.985 (+1.5%)  vs_oz=0.992 (+0.8%)  vs_o3=0.986 (+1.4%)
     bss_bytes: obj=1.0000, mean=1.0000, worsen=0.02%, vs_none=1.000 (+0.0%)  vs_oz=1.000 (+0.0%)  vs_o3=1.000 (+0.0%)
     dec_bytes: obj=0.9406, mean=0.9190, worsen=14.44%, vs_none=0.904 (+9.6%)  vs_oz=0.919 (+8.1%)  vs_o3=0.837 (+16.3%)
  #2: len=36, syn_rate=0.45
     stripped_file_bytes: obj=1.0059, mean=0.9994, worsen=4.35%, vs_none=0.999 (+0.1%)  vs_oz=0.999 (+0.1%)  vs_o3=0.994 (+0.6%)
     text_bytes: obj=0.9218, mean=0.8977, worsen=16.09%, vs_none=0.882 (+11.8%)  vs_oz=0.898 (+10.2%)  vs_o3=0.794 (+20.6%)
     data_bytes: obj=0.9999, mean=0.9918, worsen=5.36%, vs_none=0.985 (+1.5%)  vs_oz=0.992 (+0.8%)  vs_o3=0.986 (+1.4%)
     bss_bytes: obj=1.0000, mean=1.0000, worsen=0.02%, vs_none=1.000 (+0.0%)  vs_oz=1.000 (+0.0%)  vs_o3=1.000 (+0.0%)
     dec_bytes: obj=0.9455, mean=0.9214, worsen=16.09%, vs_none=0.906 (+9.4%)  vs_oz=0.921 (+7.9%)  vs_o3=0.839 (+16.1%)
  #3: len=36, syn_rate=0.47
     stripped_file_bytes: obj=1.0061, mean=0.9995, worsen=4.43%, vs_none=1.000 (+0.0%)  vs_oz=0.999 (+0.1%)  vs_o3=0.994 (+0.6%)
     text_bytes: obj=0.9257, mean=0.9013, worsen=16.28%, vs_none=0.885 (+11.5%)  vs_oz=0.901 (+9.9%)  vs_o3=0.797 (+20.3%)
     data_bytes: obj=1.0003, mean=0.9921, worsen=5.47%, vs_none=0.985 (+1.5%)  vs_oz=0.992 (+0.8%)  vs_o3=0.987 (+1.3%)
     bss_bytes: obj=1.0000, mean=1.0000, worsen=0.02%, vs_none=1.000 (+0.0%)  vs_oz=1.000 (+0.0%)  vs_o3=1.000 (+0.0%)
     dec_bytes: obj=0.9484, mean=0.9241, worsen=16.24%, vs_none=0.909 (+9.1%)  vs_oz=0.924 (+7.6%)  vs_o3=0.841 (+15.9%)
  #4: len=34, syn_rate=0.46
     stripped_file_bytes: obj=1.0062, mean=0.9995, worsen=4.41%, vs_none=1.000 (+0.0%)  vs_oz=1.000 (+0.0%)  vs_o3=0.994 (+0.6%)
     text_bytes: obj=0.9269, mean=0.9043, worsen=15.07%, vs_none=0.889 (+11.1%)  vs_oz=0.904 (+9.6%)  vs_o3=0.800 (+20.0%)
     data_bytes: obj=1.0004, mean=0.9922, worsen=5.45%, vs_none=0.985 (+1.5%)  vs_oz=0.992 (+0.8%)  vs_o3=0.987 (+1.3%)
     bss_bytes: obj=1.0000, mean=1.0000, worsen=0.02%, vs_none=1.000 (+0.0%)  vs_oz=1.000 (+0.0%)  vs_o3=1.000 (+0.0%)
     dec_bytes: obj=0.9493, mean=0.9266, worsen=15.16%, vs_none=0.912 (+8.8%)  vs_oz=0.927 (+7.3%)  vs_o3=0.844 (+15.6%)
  #5: len=36, syn_rate=0.35
     stripped_file_bytes: obj=1.0061, mean=0.9995, worsen=4.41%, vs_none=1.000 (+0.0%)  vs_oz=0.999 (+0.1%)  vs_o3=0.994 (+0.6%)
     text_bytes: obj=0.9205, mean=0.8993, worsen=14.14%, vs_none=0.884 (+11.6%)  vs_oz=0.899 (+10.1%)  vs_o3=0.796 (+20.4%)
     data_bytes: obj=1.0008, mean=0.9925, worsen=5.53%, vs_none=0.985 (+1.5%)  vs_oz=0.992 (+0.8%)  vs_o3=0.987 (+1.3%)
     bss_bytes: obj=1.0000, mean=1.0000, worsen=0.02%, vs_none=1.000 (+0.0%)  vs_oz=1.000 (+0.0%)  vs_o3=1.000 (+0.0%)
     dec_bytes: obj=0.9441, mean=0.9229, worsen=14.14%, vs_none=0.908 (+9.2%)  vs_oz=0.923 (+7.7%)  vs_o3=0.841 (+15.9%)
核心调优成本已写入: /root/exp/RFunipassLab/results/instrcount/summaries/20260503_192724_209392_feature_lite_seed463_core_tuning_cost.json
结果已写入: /root/exp/RFunipassLab/results/instrcount/summaries/20260503_192724_209392_feature_lite_seed463.json
总运行时间: 25654.71 秒
