# run_id: 20260508_091459_877374_feature_lite_seed457
# name: feature_lite
# group: feature_ablation
# description: 切换到 Lite 特征编码，保留其余搜索流程不变。
# changed: FEATURE_MODE=lite, GA_GEN=5, GA_POP=200, ITERS=100, MAX_SEQ_LEN=120, MIN_VAL_PROGRAMS=5, SEED_TOPK=0, TEST_TOPK=50, TRAIN_TOPK=200, VAL_RATIO=0.5
# result_json: /root/exp/RFunipassLab/results/instrcount/summaries/20260508_091459_877374_feature_lite_seed457.json
# started_at: 2026-05-08T09:14:59
# control_env:
#   BACKEND_OPT_LEVEL=-O0
#   BINARY_SIZE_METRIC=stripped_file_bytes
#   BINARY_SIZE_REPORT_METRICS=text_bytes,data_bytes,bss_bytes,dec_bytes
#   DECAY=0.5
#   EXPERIMENT_SEED=457
#   FEATURE_MODE=lite
#   GA_ELITE=0.1
#   GA_GEN=5
#   GA_MUT=0.8
#   GA_POP=200
#   GA_TOUR=3
#   ITERS=100
#   LOOP_NESTING_POLICY=wrap
#   MAX_SEQ_LEN=120
#   MIN_VAL_PROGRAMS=5
#   OBJECTIVE_BASELINE=oz
#   OBJECTIVE_KIND=instrcount
#   OBJ_HIGHVAR_W=0.0
#   OBJ_WORSEN_W=0.20
#   OFFSET=20
#   PROGRAM_POOL_KIND=auto
#   RF_EXPLAIN_COUNTERFACTUAL_ENABLE=1
#   RF_EXPLAIN_COUNTERFACTUAL_MAX_EVALS=50
#   RF_EXPLAIN_COUNTERFACTUAL_SPLIT=selection
#   RF_EXPLAIN_COUNTERFACTUAL_TOPK=5
#   RF_EXPLAIN_ENABLE=0
#   RF_EXPLAIN_HOLDOUT_RATIO=0.3
#   RF_EXPLAIN_MIN_SAMPLES=20
#   RF_EXPLAIN_MODE=final
#   RF_EXPLAIN_PERM_REPEATS=10
#   RF_EXPLAIN_TOPK=20
#   RNUM=256
#   RUNS=1
#   RUNTIME_EVAL_MAX_VARIANCE_PCT=15.0
#   RUNTIME_MAX_INNER_REPEATS=64
#   RUNTIME_MAX_VARIANCE_PCT=10.0
#   RUNTIME_REQUIRED_ROWS=0
#   RUNTIME_SAMPLES=5
#   RUNTIME_TARGET_SAMPLE_MS=30.0
#   RUNTIME_TIMEOUT_SEC=2.0
#   SCALE=10
#   SEED_TOPK=0
#   SPLIT_SEED=457
#   TEST_TOPK=50
#   TRAIN_TOPK=200
#   VAL_RATIO=0.5

Loading train/test rows from: /root/exp/RFunipassLab/data/tuning_results.csv
Loaded train programs:       200
Loaded initial seed seqs:    84
Loaded test programs:        50
Objective kind:              instrcount
Program pool kind:           tuning

Loading synergy graph from: /root/exp/RFunipassLab/data/Step3_EnumeratedPairs.csv
All passes (19): ['module(elim-avail-extern)', 'module(scc-oz-module-inliner)', 'module(iroutliner)', 'module(globalopt)', 'function(newgvn)', 'function(mem2reg)', 'function(instsimplify)', 'function(reassociate)', 'function(memcpyopt)', 'function(gvn-hoist)', 'function(dce)', 'function(jump-threading)', 'function(gvn-sink)', 'cgscc(attributor-cgscc)', 'function(dse)', 'module(attributor)', 'module(inferattrs)', 'loop(loop-simplifycfg)', 'function(lower-switch)']
Synergy edges: 176
Self-loop passes: {'cgscc(attributor-cgscc)', 'module(attributor)', 'function(newgvn)'}

============================================================
实验轮次 1 / 1
============================================================
============================================================
目标类型:      instrcount
目标基准:      -Oz
基准指标:      -Oz 基准指令数
优化指标:      归一化指令数
输入程序数:    200
输入次优序列数: 84
测试程序数:    50
Pass 词表大小: 19
协同边数:      176
自环 pass 数:  3
序列长度上限:  120
Loop 合法化策略: wrap
实验种子:      457
划分种子:      457
特征模式:      lite
RF 特征维度:   31
词表: ['module(elim-avail-extern)', 'module(scc-oz-module-inliner)', 'module(iroutliner)', 'module(globalopt)', 'function(newgvn)', 'function(mem2reg)', 'function(instsimplify)', 'function(reassociate)', 'function(memcpyopt)', 'function(gvn-hoist)', 'function(dce)', 'function(jump-threading)', 'function(gvn-sink)', 'cgscc(attributor-cgscc)', 'function(dse)', 'module(attributor)', 'module(inferattrs)', 'loop(loop-simplifycfg)', 'function(lower-switch)']
多目标权重:    mean=1.0, worsen=0.2, highvar=0.0

[Step 1.5] 训练程序切分...
  search_train 程序数: 100
  validation 程序数:   100
  split_signature(search_train): 8cdb16291f35559effd96f7e4420b86a084ca961
  split_signature(validation):   0e8d483fbecaf170dc55da4f941b09188bbf9bf2
  split_signature(test):         f68c78b484e63824ec49becfd7a5e2e2baf475d5

[Step 2] 计算 search_train 程序 -Oz 基准指令数...
[Step 2b] 计算 validation 程序 -Oz 基准指令数...
[Step 2c] 计算测试集程序 -Oz 基准指令数...

[Step 3] 评估初始 seed 序列（共 84 条）...

[Step 4] 开始贝叶斯优化（100 轮）...
GA search time: 9.55s, candidates: 372
  [iter   1/100] search_obj=1.0419  search_best=0.8171  validation_best=0.8695  EI=0.0137  rnum=172.7  len=32  syn_rate=0.35  mean=0.9779  worsen=32.00%  highvar=0.00%
GA search time: 7.83s, candidates: 370
  [iter   2/100] search_obj=0.7975  search_best=0.7975  validation_best=0.8601  EI=0.0082  rnum=170.6  len=26  syn_rate=0.41  mean=0.7815  worsen=8.00%  highvar=0.00%
GA search time: 8.26s, candidates: 368
  [iter   3/100] search_obj=0.7975  search_best=0.7975  validation_best=0.8601  EI=0.0122  rnum=168.4  len=34  syn_rate=0.44  mean=0.7815  worsen=8.00%  highvar=0.00%
GA search time: 17.22s, candidates: 366
  [iter   4/100] search_obj=0.9246  search_best=0.7975  validation_best=0.8601  EI=0.0206  rnum=166.3  len=39  syn_rate=0.44  mean=0.8966  worsen=14.00%  highvar=0.00%
GA search time: 14.95s, candidates: 364
  [iter   5/100] search_obj=0.8349  search_best=0.7975  validation_best=0.8601  EI=0.0182  rnum=164.2  len=34  syn_rate=0.35  mean=0.8149  worsen=10.00%  highvar=0.00%
GA search time: 8.88s, candidates: 362
  [iter   6/100] search_obj=0.9463  search_best=0.7975  validation_best=0.8601  EI=0.0183  rnum=162.0  len=37  syn_rate=0.43  mean=0.9103  worsen=18.00%  highvar=0.00%
GA search time: 11.52s, candidates: 359
  [iter   7/100] search_obj=0.7981  search_best=0.7975  validation_best=0.8601  EI=0.0116  rnum=159.9  len=48  syn_rate=0.43  mean=0.7841  worsen=7.00%  highvar=0.00%
GA search time: 16.54s, candidates: 357
  [iter   8/100] search_obj=0.7975  search_best=0.7975  validation_best=0.8601  EI=0.0130  rnum=157.7  len=38  syn_rate=0.44  mean=0.7815  worsen=8.00%  highvar=0.00%
GA search time: 16.37s, candidates: 355
  [iter   9/100] search_obj=1.3126  search_best=0.7975  validation_best=0.8601  EI=0.0166  rnum=155.6  len=48  syn_rate=0.31  mean=1.1366  worsen=88.00%  highvar=0.00%
GA search time: 15.02s, candidates: 353
  [iter  10/100] search_obj=0.8299  search_best=0.7975  validation_best=0.8601  EI=0.0313  rnum=153.4  len=45  syn_rate=0.35  mean=0.8099  worsen=10.00%  highvar=0.00%
GA search time: 16.90s, candidates: 351
  [iter  11/100] search_obj=0.7981  search_best=0.7975  validation_best=0.8601  EI=0.0352  rnum=151.3  len=51  syn_rate=0.43  mean=0.7841  worsen=7.00%  highvar=0.00%
GA search time: 18.03s, candidates: 349
  [iter  12/100] search_obj=1.2091  search_best=0.7975  validation_best=0.8601  EI=0.0327  rnum=149.1  len=93  syn_rate=0.45  mean=1.0491  worsen=80.00%  highvar=0.00%
GA search time: 16.31s, candidates: 346
  [iter  13/100] search_obj=1.3126  search_best=0.7975  validation_best=0.8601  EI=0.0329  rnum=147.0  len=38  syn_rate=0.31  mean=1.1366  worsen=88.00%  highvar=0.00%
GA search time: 14.15s, candidates: 344
  [iter  14/100] search_obj=0.7983  search_best=0.7975  validation_best=0.8601  EI=0.0352  rnum=144.8  len=42  syn_rate=0.44  mean=0.7823  worsen=8.00%  highvar=0.00%
GA search time: 19.04s, candidates: 342
  [iter  15/100] search_obj=0.7981  search_best=0.7975  validation_best=0.8601  EI=0.0321  rnum=142.7  len=48  syn_rate=0.43  mean=0.7841  worsen=7.00%  highvar=0.00%
GA search time: 15.46s, candidates: 340
  [iter  16/100] search_obj=0.8219  search_best=0.7975  validation_best=0.8273  EI=0.0305  rnum=140.5  len=56  syn_rate=0.51  mean=0.7999  worsen=11.00%  highvar=0.00%
GA search time: 17.60s, candidates: 338
  [iter  17/100] search_obj=1.3096  search_best=0.7975  validation_best=0.8273  EI=0.0313  rnum=138.4  len=60  syn_rate=0.35  mean=1.1356  worsen=87.00%  highvar=0.00%
GA search time: 13.56s, candidates: 336
  [iter  18/100] search_obj=0.9589  search_best=0.7975  validation_best=0.8273  EI=0.0291  rnum=136.3  len=47  syn_rate=0.36  mean=0.8809  worsen=39.00%  highvar=0.00%
GA search time: 11.21s, candidates: 334
  [iter  19/100] search_obj=0.7983  search_best=0.7975  validation_best=0.8273  EI=0.0279  rnum=134.2  len=50  syn_rate=0.44  mean=0.7823  worsen=8.00%  highvar=0.00%
GA search time: 10.71s, candidates: 332
  [iter  20/100] search_obj=1.3040  search_best=0.7975  validation_best=0.8273  EI=0.0329  rnum=132.1  len=66  syn_rate=0.39  mean=1.1320  worsen=86.00%  highvar=0.00%
GA search time: 6.77s, candidates: 329
  [iter  21/100] search_obj=0.7980  search_best=0.7975  validation_best=0.8273  EI=0.0337  rnum=130.0  len=55  syn_rate=0.43  mean=0.7840  worsen=7.00%  highvar=0.00%
GA search time: 7.15s, candidates: 327
  [iter  22/100] search_obj=0.7787  search_best=0.7787  validation_best=0.8273  EI=0.0307  rnum=127.9  len=52  syn_rate=0.48  mean=0.7647  worsen=7.00%  highvar=0.00%
GA search time: 9.13s, candidates: 325
  [iter  23/100] search_obj=0.8012  search_best=0.7787  validation_best=0.8273  EI=0.0307  rnum=125.8  len=56  syn_rate=0.42  mean=0.7832  worsen=9.00%  highvar=0.00%
GA search time: 8.11s, candidates: 323
  [iter  24/100] search_obj=1.2502  search_best=0.7787  validation_best=0.8273  EI=0.0331  rnum=123.7  len=57  syn_rate=0.39  mean=1.0882  worsen=81.00%  highvar=0.00%
GA search time: 7.07s, candidates: 321
  [iter  25/100] search_obj=0.8031  search_best=0.7787  validation_best=0.8273  EI=0.0271  rnum=121.6  len=49  syn_rate=0.39  mean=0.7871  worsen=8.00%  highvar=0.00%
GA search time: 6.01s, candidates: 319
  [iter  26/100] search_obj=1.3123  search_best=0.7787  validation_best=0.8273  EI=0.0290  rnum=119.6  len=53  syn_rate=0.36  mean=1.1363  worsen=88.00%  highvar=0.00%
GA search time: 7.39s, candidates: 317
  [iter  27/100] search_obj=0.7997  search_best=0.7787  validation_best=0.8273  EI=0.0370  rnum=117.5  len=53  syn_rate=0.49  mean=0.7817  worsen=9.00%  highvar=0.00%
GA search time: 7.48s, candidates: 315
  [iter  28/100] search_obj=0.9146  search_best=0.7787  validation_best=0.8273  EI=0.0315  rnum=115.5  len=56  syn_rate=0.63  mean=0.8866  worsen=14.00%  highvar=0.00%
GA search time: 6.45s, candidates: 313
  [iter  29/100] search_obj=0.8031  search_best=0.7787  validation_best=0.8273  EI=0.0269  rnum=113.5  len=55  syn_rate=0.39  mean=0.7871  worsen=8.00%  highvar=0.00%
GA search time: 6.07s, candidates: 311
  [iter  30/100] search_obj=0.8008  search_best=0.7787  validation_best=0.8273  EI=0.0301  rnum=111.5  len=52  syn_rate=0.39  mean=0.7868  worsen=7.00%  highvar=0.00%
GA search time: 6.44s, candidates: 309
  [iter  31/100] search_obj=0.7898  search_best=0.7787  validation_best=0.8273  EI=0.0277  rnum=109.5  len=54  syn_rate=0.44  mean=0.7738  worsen=8.00%  highvar=0.00%
GA search time: 6.12s, candidates: 307
  [iter  32/100] search_obj=0.8160  search_best=0.7787  validation_best=0.8273  EI=0.0273  rnum=107.6  len=58  syn_rate=0.44  mean=0.7960  worsen=10.00%  highvar=0.00%
GA search time: 6.30s, candidates: 305
  [iter  33/100] search_obj=0.8206  search_best=0.7787  validation_best=0.8273  EI=0.0282  rnum=105.6  len=53  syn_rate=0.41  mean=0.7966  worsen=12.00%  highvar=0.00%
GA search time: 6.83s, candidates: 303
  [iter  34/100] search_obj=0.7941  search_best=0.7787  validation_best=0.8273  EI=0.0300  rnum=103.7  len=52  syn_rate=0.47  mean=0.7781  worsen=8.00%  highvar=0.00%
GA search time: 6.23s, candidates: 301
  [iter  35/100] search_obj=0.7981  search_best=0.7787  validation_best=0.8273  EI=0.0282  rnum=101.7  len=57  syn_rate=0.43  mean=0.7841  worsen=7.00%  highvar=0.00%
GA search time: 7.03s, candidates: 299
  [iter  36/100] search_obj=0.8031  search_best=0.7787  validation_best=0.8273  EI=0.0294  rnum=99.8  len=59  syn_rate=0.39  mean=0.7871  worsen=8.00%  highvar=0.00%
GA search time: 8.29s, candidates: 297
  [iter  37/100] search_obj=1.2092  search_best=0.7787  validation_best=0.8273  EI=0.0293  rnum=97.9  len=60  syn_rate=0.43  mean=1.0492  worsen=80.00%  highvar=0.00%
GA search time: 5.84s, candidates: 296
  [iter  38/100] search_obj=1.3322  search_best=0.7787  validation_best=0.8273  EI=0.0261  rnum=96.1  len=53  syn_rate=0.39  mean=1.1542  worsen=89.00%  highvar=0.00%
GA search time: 5.75s, candidates: 294
  [iter  39/100] search_obj=0.9838  search_best=0.7787  validation_best=0.8273  EI=0.0293  rnum=94.2  len=49  syn_rate=0.39  mean=0.9498  worsen=17.00%  highvar=0.00%
GA search time: 5.45s, candidates: 292
  [iter  40/100] search_obj=0.7992  search_best=0.7787  validation_best=0.8273  EI=0.0272  rnum=92.4  len=39  syn_rate=0.39  mean=0.7852  worsen=7.00%  highvar=0.00%
GA search time: 5.80s, candidates: 290
  [iter  41/100] search_obj=0.9917  search_best=0.7787  validation_best=0.8273  EI=0.0306  rnum=90.5  len=52  syn_rate=0.51  mean=0.9277  worsen=32.00%  highvar=0.00%
GA search time: 5.91s, candidates: 288
  [iter  42/100] search_obj=1.3159  search_best=0.7787  validation_best=0.8273  EI=0.0291  rnum=88.7  len=50  syn_rate=0.39  mean=1.1379  worsen=89.00%  highvar=0.00%
GA search time: 5.88s, candidates: 286
  [iter  43/100] search_obj=0.8005  search_best=0.7787  validation_best=0.8273  EI=0.0306  rnum=87.0  len=49  syn_rate=0.45  mean=0.7865  worsen=7.00%  highvar=0.00%
GA search time: 6.12s, candidates: 285
  [iter  44/100] search_obj=1.4313  search_best=0.7787  validation_best=0.8273  EI=0.0261  rnum=85.2  len=48  syn_rate=0.48  mean=1.2573  worsen=87.00%  highvar=0.00%
GA search time: 4.79s, candidates: 283
  [iter  45/100] search_obj=0.7777  search_best=0.7777  validation_best=0.8273  EI=0.0303  rnum=83.5  len=48  syn_rate=0.45  mean=0.7637  worsen=7.00%  highvar=0.00%
GA search time: 7.30s, candidates: 281
  [iter  46/100] search_obj=0.7777  search_best=0.7777  validation_best=0.8273  EI=0.0310  rnum=81.7  len=53  syn_rate=0.47  mean=0.7637  worsen=7.00%  highvar=0.00%
GA search time: 6.60s, candidates: 280
  [iter  47/100] search_obj=0.8560  search_best=0.7777  validation_best=0.8273  EI=0.0324  rnum=80.0  len=51  syn_rate=0.48  mean=0.8140  worsen=21.00%  highvar=0.00%
GA search time: 7.43s, candidates: 278
  [iter  48/100] search_obj=0.7777  search_best=0.7777  validation_best=0.8273  EI=0.0337  rnum=78.4  len=46  syn_rate=0.47  mean=0.7637  worsen=7.00%  highvar=0.00%
GA search time: 5.62s, candidates: 276
  [iter  49/100] search_obj=1.2065  search_best=0.7777  validation_best=0.8273  EI=0.0278  rnum=76.7  len=57  syn_rate=0.43  mean=1.0485  worsen=79.00%  highvar=0.00%
GA search time: 8.41s, candidates: 275
  [iter  50/100] search_obj=0.9096  search_best=0.7777  validation_best=0.8273  EI=0.0277  rnum=75.1  len=48  syn_rate=0.42  mean=0.8596  worsen=25.00%  highvar=0.00%
GA search time: 5.84s, candidates: 273
  [iter  51/100] search_obj=0.7777  search_best=0.7777  validation_best=0.8273  EI=0.0303  rnum=73.4  len=48  syn_rate=0.45  mean=0.7637  worsen=7.00%  highvar=0.00%
GA search time: 5.09s, candidates: 271
  [iter  52/100] search_obj=0.7652  search_best=0.7652  validation_best=0.8152  EI=0.0281  rnum=71.8  len=57  syn_rate=0.48  mean=0.7492  worsen=8.00%  highvar=0.00%
GA search time: 5.58s, candidates: 270
  [iter  53/100] search_obj=0.7694  search_best=0.7652  validation_best=0.8152  EI=0.0252  rnum=70.3  len=37  syn_rate=0.46  mean=0.7554  worsen=7.00%  highvar=0.00%
GA search time: 6.01s, candidates: 268
  [iter  54/100] search_obj=0.7656  search_best=0.7652  validation_best=0.8152  EI=0.0297  rnum=68.7  len=59  syn_rate=0.48  mean=0.7496  worsen=8.00%  highvar=0.00%
GA search time: 5.89s, candidates: 267
  [iter  55/100] search_obj=0.7680  search_best=0.7652  validation_best=0.8152  EI=0.0263  rnum=67.2  len=41  syn_rate=0.48  mean=0.7540  worsen=7.00%  highvar=0.00%
GA search time: 5.82s, candidates: 265
  [iter  56/100] search_obj=0.9699  search_best=0.7652  validation_best=0.8152  EI=0.0249  rnum=65.7  len=48  syn_rate=0.47  mean=0.8899  worsen=40.00%  highvar=0.00%
GA search time: 5.46s, candidates: 264
  [iter  57/100] search_obj=1.2058  search_best=0.7652  validation_best=0.8152  EI=0.0257  rnum=64.2  len=49  syn_rate=0.37  mean=1.0478  worsen=79.00%  highvar=0.00%
GA search time: 5.28s, candidates: 262
  [iter  58/100] search_obj=0.7656  search_best=0.7652  validation_best=0.8152  EI=0.0306  rnum=62.7  len=59  syn_rate=0.48  mean=0.7496  worsen=8.00%  highvar=0.00%
GA search time: 6.59s, candidates: 261
  [iter  59/100] search_obj=0.8478  search_best=0.7652  validation_best=0.8152  EI=0.0234  rnum=61.3  len=51  syn_rate=0.40  mean=0.8278  worsen=10.00%  highvar=0.00%
GA search time: 4.92s, candidates: 259
  [iter  60/100] search_obj=0.9742  search_best=0.7652  validation_best=0.8152  EI=0.0283  rnum=59.8  len=47  syn_rate=0.49  mean=0.9402  worsen=17.00%  highvar=0.00%
GA search time: 5.80s, candidates: 258
  [iter  61/100] search_obj=0.8194  search_best=0.7652  validation_best=0.8042  EI=0.0289  rnum=58.4  len=49  syn_rate=0.45  mean=0.7994  worsen=10.00%  highvar=0.00%
GA search time: 4.71s, candidates: 257
  [iter  62/100] search_obj=0.8107  search_best=0.7652  validation_best=0.7989  EI=0.0276  rnum=57.0  len=55  syn_rate=0.47  mean=0.7907  worsen=10.00%  highvar=0.00%
GA search time: 4.96s, candidates: 255
  [iter  63/100] search_obj=0.9783  search_best=0.7652  validation_best=0.7989  EI=0.0249  rnum=55.7  len=50  syn_rate=0.46  mean=0.9503  worsen=14.00%  highvar=0.00%
GA search time: 6.11s, candidates: 254
  [iter  64/100] search_obj=0.8248  search_best=0.7652  validation_best=0.7989  EI=0.0249  rnum=54.3  len=54  syn_rate=0.39  mean=0.8128  worsen=6.00%  highvar=0.00%
GA search time: 5.69s, candidates: 253
  [iter  65/100] search_obj=0.8140  search_best=0.7652  validation_best=0.7989  EI=0.0188  rnum=53.0  len=45  syn_rate=0.56  mean=0.7920  worsen=11.00%  highvar=0.00%
GA search time: 5.31s, candidates: 251
  [iter  66/100] search_obj=1.0914  search_best=0.7652  validation_best=0.7989  EI=0.0194  rnum=51.7  len=52  syn_rate=0.46  mean=0.9834  worsen=54.00%  highvar=0.00%
GA search time: 5.08s, candidates: 250
  [iter  67/100] search_obj=0.9986  search_best=0.7652  validation_best=0.7989  EI=0.0231  rnum=50.5  len=46  syn_rate=0.49  mean=0.9606  worsen=19.00%  highvar=0.00%
GA search time: 5.42s, candidates: 249
  [iter  68/100] search_obj=1.2422  search_best=0.7652  validation_best=0.7989  EI=0.0206  rnum=49.2  len=46  syn_rate=0.40  mean=1.1042  worsen=69.00%  highvar=0.00%
GA search time: 5.80s, candidates: 247
  [iter  69/100] search_obj=0.8648  search_best=0.7652  validation_best=0.7989  EI=0.0232  rnum=48.0  len=46  syn_rate=0.39  mean=0.8488  worsen=8.00%  highvar=0.00%
GA search time: 5.49s, candidates: 246
  [iter  70/100] search_obj=0.8018  search_best=0.7652  validation_best=0.7989  EI=0.0217  rnum=46.8  len=38  syn_rate=0.48  mean=0.7798  worsen=11.00%  highvar=0.00%
GA search time: 4.90s, candidates: 245
  [iter  71/100] search_obj=1.1264  search_best=0.7652  validation_best=0.7989  EI=0.0243  rnum=45.6  len=53  syn_rate=0.41  mean=1.0344  worsen=46.00%  highvar=0.00%
GA search time: 6.24s, candidates: 244
  [iter  72/100] search_obj=0.9210  search_best=0.7652  validation_best=0.7989  EI=0.0210  rnum=44.4  len=50  syn_rate=0.47  mean=0.8970  worsen=12.00%  highvar=0.00%
GA search time: 5.19s, candidates: 243
  [iter  73/100] search_obj=0.9791  search_best=0.7652  validation_best=0.7989  EI=0.0241  rnum=43.3  len=47  syn_rate=0.48  mean=0.9491  worsen=15.00%  highvar=0.00%
GA search time: 4.61s, candidates: 242
  [iter  74/100] search_obj=0.7656  search_best=0.7652  validation_best=0.7989  EI=0.0244  rnum=42.2  len=59  syn_rate=0.48  mean=0.7496  worsen=8.00%  highvar=0.00%
GA search time: 5.55s, candidates: 241
  [iter  75/100] search_obj=0.8018  search_best=0.7652  validation_best=0.7989  EI=0.0247  rnum=41.1  len=41  syn_rate=0.48  mean=0.7798  worsen=11.00%  highvar=0.00%
GA search time: 5.01s, candidates: 239
  [iter  76/100] search_obj=0.8183  search_best=0.7652  validation_best=0.7989  EI=0.0249  rnum=40.0  len=51  syn_rate=0.43  mean=0.7963  worsen=11.00%  highvar=0.00%
GA search time: 5.12s, candidates: 238
  [iter  77/100] search_obj=1.0319  search_best=0.7652  validation_best=0.7989  EI=0.0206  rnum=38.9  len=42  syn_rate=0.42  mean=0.9939  worsen=19.00%  highvar=0.00%
GA search time: 5.34s, candidates: 237
  [iter  78/100] search_obj=0.7811  search_best=0.7652  validation_best=0.7989  EI=0.0226  rnum=37.9  len=59  syn_rate=0.47  mean=0.7651  worsen=8.00%  highvar=0.00%
GA search time: 6.46s, candidates: 236
  [iter  79/100] search_obj=0.7999  search_best=0.7652  validation_best=0.7989  EI=0.0231  rnum=36.9  len=59  syn_rate=0.40  mean=0.7859  worsen=7.00%  highvar=0.00%
GA search time: 5.53s, candidates: 235
  [iter  80/100] search_obj=1.2883  search_best=0.7652  validation_best=0.7989  EI=0.0214  rnum=35.9  len=52  syn_rate=0.48  mean=1.1243  worsen=82.00%  highvar=0.00%
GA search time: 5.71s, candidates: 234
  [iter  81/100] search_obj=0.8185  search_best=0.7652  validation_best=0.7819  EI=0.0244  rnum=34.9  len=58  syn_rate=0.50  mean=0.7965  worsen=11.00%  highvar=0.00%
GA search time: 5.65s, candidates: 233
  [iter  82/100] search_obj=0.9595  search_best=0.7652  validation_best=0.7819  EI=0.0205  rnum=33.9  len=43  syn_rate=0.44  mean=0.9335  worsen=13.00%  highvar=0.00%
GA search time: 5.81s, candidates: 233
  [iter  83/100] search_obj=0.8425  search_best=0.7652  validation_best=0.7819  EI=0.0211  rnum=33.0  len=55  syn_rate=0.48  mean=0.8165  worsen=13.00%  highvar=0.00%
GA search time: 5.79s, candidates: 232
  [iter  84/100] search_obj=1.0493  search_best=0.7652  validation_best=0.7819  EI=0.0237  rnum=32.1  len=44  syn_rate=0.40  mean=1.0013  worsen=24.00%  highvar=0.00%
GA search time: 4.86s, candidates: 231
  [iter  85/100] search_obj=1.1005  search_best=0.7652  validation_best=0.7819  EI=0.0211  rnum=31.2  len=55  syn_rate=0.49  mean=0.9905  worsen=55.00%  highvar=0.00%
GA search time: 6.78s, candidates: 230
  [iter  86/100] search_obj=1.0332  search_best=0.7652  validation_best=0.7819  EI=0.0201  rnum=30.3  len=50  syn_rate=0.53  mean=0.9392  worsen=47.00%  highvar=0.00%
GA search time: 5.67s, candidates: 229
  [iter  87/100] search_obj=1.2094  search_best=0.7652  validation_best=0.7819  EI=0.0205  rnum=29.5  len=51  syn_rate=0.36  mean=1.0494  worsen=80.00%  highvar=0.00%
GA search time: 5.00s, candidates: 228
  [iter  88/100] search_obj=0.7990  search_best=0.7652  validation_best=0.7819  EI=0.0179  rnum=28.6  len=45  syn_rate=0.35  mean=0.7850  worsen=7.00%  highvar=0.00%
GA search time: 5.15s, candidates: 227
  [iter  89/100] search_obj=0.7822  search_best=0.7652  validation_best=0.7819  EI=0.0216  rnum=27.8  len=43  syn_rate=0.46  mean=0.7642  worsen=9.00%  highvar=0.00%
GA search time: 5.49s, candidates: 226
  [iter  90/100] search_obj=0.8349  search_best=0.7652  validation_best=0.7819  EI=0.0214  rnum=27.0  len=40  syn_rate=0.35  mean=0.8149  worsen=10.00%  highvar=0.00%
GA search time: 5.84s, candidates: 226
  [iter  91/100] search_obj=0.8369  search_best=0.7652  validation_best=0.7819  EI=0.0191  rnum=26.2  len=41  syn_rate=0.32  mean=0.8189  worsen=9.00%  highvar=0.00%
GA search time: 5.81s, candidates: 225
  [iter  92/100] search_obj=0.8410  search_best=0.7652  validation_best=0.7819  EI=0.0204  rnum=25.4  len=49  syn_rate=0.33  mean=0.8230  worsen=9.00%  highvar=0.00%
GA search time: 8.13s, candidates: 224
  [iter  93/100] search_obj=1.2094  search_best=0.7652  validation_best=0.7819  EI=0.0213  rnum=24.7  len=53  syn_rate=0.34  mean=1.0494  worsen=80.00%  highvar=0.00%
GA search time: 5.78s, candidates: 223
  [iter  94/100] search_obj=0.7990  search_best=0.7652  validation_best=0.7819  EI=0.0202  rnum=24.0  len=41  syn_rate=0.39  mean=0.7850  worsen=7.00%  highvar=0.00%
GA search time: 6.09s, candidates: 223
  [iter  95/100] search_obj=1.0088  search_best=0.7652  validation_best=0.7819  EI=0.0198  rnum=23.3  len=38  syn_rate=0.45  mean=0.9568  worsen=26.00%  highvar=0.00%
GA search time: 5.31s, candidates: 222
  [iter  96/100] search_obj=0.8349  search_best=0.7652  validation_best=0.7819  EI=0.0190  rnum=22.6  len=46  syn_rate=0.35  mean=0.8149  worsen=10.00%  highvar=0.00%
GA search time: 6.06s, candidates: 221
  [iter  97/100] search_obj=0.9778  search_best=0.7652  validation_best=0.7819  EI=0.0190  rnum=21.9  len=54  syn_rate=0.51  mean=0.9458  worsen=16.00%  highvar=0.00%
GA search time: 6.07s, candidates: 221
  [iter  98/100] search_obj=0.8032  search_best=0.7652  validation_best=0.7819  EI=0.0177  rnum=21.2  len=59  syn_rate=0.39  mean=0.7872  worsen=8.00%  highvar=0.00%
GA search time: 7.51s, candidates: 220
  [iter  99/100] search_obj=0.8388  search_best=0.7652  validation_best=0.7819  EI=0.0161  rnum=20.6  len=44  syn_rate=0.30  mean=0.8148  worsen=12.00%  highvar=0.00%
GA search time: 6.44s, candidates: 219
  [iter 100/100] search_obj=0.8381  search_best=0.7652  validation_best=0.7819  EI=0.0179  rnum=19.9  len=33  syn_rate=0.28  mean=0.8141  worsen=12.00%  highvar=0.00%

[Step 5] 按 validation 选择最终通用序列...
  选择结果:
    search_train_obj=0.8185, search_train_mean=0.7965, search_train_worsen=11.00%, search_train_highvar=0.00%
    validation_obj=0.7819, validation_mean=0.7539, validation_worsen=14.00%, validation_highvar=0.00%

[Step 6] 在 validation 上执行消融后处理...

[Ablation-validation] 初始序列长度: 58, objective: 0.7819, mean_norm: 0.7539, worsen_rate: 14.00%
  移除 [57] module(scc-oz-module-inliner): objective 0.8191 > 0.7819 (恢复)
  移除 [56] module(elim-avail-extern): objective 0.7819, mean_norm 0.7539, worsen_rate 14.00% (保留移除)
  移除 [55] module(iroutliner): objective 0.7819, mean_norm 0.7539, worsen_rate 14.00% (保留移除)
  移除 [54] function(dce): objective 0.7819, mean_norm 0.7539, worsen_rate 14.00% (保留移除)
  移除 [53] module(attributor): objective 0.7819, mean_norm 0.7539, worsen_rate 14.00% (保留移除)
  移除 [52] module(globalopt): objective 0.7819, mean_norm 0.7539, worsen_rate 14.00% (保留移除)
  移除 [51] function(gvn-sink): objective 0.7819, mean_norm 0.7539, worsen_rate 14.00% (保留移除)
  移除 [50] function(gvn-sink): objective 0.7824 > 0.7819 (恢复)
  移除 [49] function(instsimplify): objective 0.7819, mean_norm 0.7539, worsen_rate 14.00% (保留移除)
  移除 [48] module(iroutliner): objective 0.7819, mean_norm 0.7539, worsen_rate 14.00% (保留移除)
  移除 [47] function(dce): objective 0.7819, mean_norm 0.7539, worsen_rate 14.00% (保留移除)
  移除 [46] module(attributor): objective 0.7819, mean_norm 0.7539, worsen_rate 14.00% (保留移除)
  移除 [45] function(jump-threading): objective 0.7819, mean_norm 0.7539, worsen_rate 14.00% (保留移除)
  移除 [44] function(gvn-hoist): objective 0.7815, mean_norm 0.7555, worsen_rate 13.00% (保留移除)
  移除 [43] module(iroutliner): objective 0.7815, mean_norm 0.7555, worsen_rate 13.00% (保留移除)
  移除 [42] function(instsimplify): objective 0.7815, mean_norm 0.7555, worsen_rate 13.00% (保留移除)
  移除 [41] function(jump-threading): objective 0.7817 > 0.7815 (恢复)
  移除 [40] module(globalopt): objective 0.7815, mean_norm 0.7555, worsen_rate 13.00% (保留移除)
  移除 [39] function(gvn-sink): objective 0.7815, mean_norm 0.7555, worsen_rate 13.00% (保留移除)
  移除 [38] module(iroutliner): objective 0.7821 > 0.7815 (恢复)
  移除 [37] loop(loop-simplifycfg): objective 0.7815, mean_norm 0.7555, worsen_rate 13.00% (保留移除)
  移除 [36] module(elim-avail-extern): objective 0.7815, mean_norm 0.7555, worsen_rate 13.00% (保留移除)
  移除 [35] function(gvn-sink): objective 0.7815, mean_norm 0.7555, worsen_rate 13.00% (保留移除)
  移除 [34] function(dce): objective 0.7815, mean_norm 0.7555, worsen_rate 13.00% (保留移除)
  移除 [33] module(attributor): objective 0.7865 > 0.7815 (恢复)
  移除 [32] module(elim-avail-extern): objective 0.7815, mean_norm 0.7555, worsen_rate 13.00% (保留移除)
  移除 [31] module(elim-avail-extern): objective 0.7815, mean_norm 0.7555, worsen_rate 13.00% (保留移除)
  移除 [30] function(dce): objective 0.7815, mean_norm 0.7555, worsen_rate 13.00% (保留移除)
  移除 [29] module(scc-oz-module-inliner): objective 0.8077 > 0.7815 (恢复)
  移除 [28] function(gvn-hoist): objective 0.7815, mean_norm 0.7555, worsen_rate 13.00% (保留移除)
  移除 [27] module(attributor): objective 0.7815, mean_norm 0.7555, worsen_rate 13.00% (保留移除)
  移除 [26] function(instsimplify): objective 0.7815, mean_norm 0.7555, worsen_rate 13.00% (保留移除)
  移除 [25] function(instsimplify): objective 0.7815, mean_norm 0.7555, worsen_rate 13.00% (保留移除)
  移除 [24] function(memcpyopt): objective 0.7815, mean_norm 0.7555, worsen_rate 13.00% (保留移除)
  移除 [23] module(attributor): objective 0.7908 > 0.7815 (恢复)
  移除 [22] function(gvn-hoist): objective 0.7815, mean_norm 0.7555, worsen_rate 13.00% (保留移除)
  移除 [21] function(instsimplify): objective 0.7815, mean_norm 0.7555, worsen_rate 13.00% (保留移除)
  移除 [20] module(globalopt): objective 0.7815, mean_norm 0.7555, worsen_rate 13.00% (保留移除)
  移除 [19] module(globalopt): objective 0.9297 > 0.7815 (恢复)
  移除 [18] function(memcpyopt): objective 0.7815, mean_norm 0.7555, worsen_rate 13.00% (保留移除)
  移除 [17] module(elim-avail-extern): objective 0.7815, mean_norm 0.7555, worsen_rate 13.00% (保留移除)
  移除 [16] module(iroutliner): objective 0.7908 > 0.7815 (恢复)
  移除 [15] function(dce): objective 0.7815, mean_norm 0.7555, worsen_rate 13.00% (保留移除)
  移除 [14] function(instsimplify): objective 0.7815, mean_norm 0.7555, worsen_rate 13.00% (保留移除)
  移除 [13] module(attributor): objective 0.7810, mean_norm 0.7550, worsen_rate 13.00% (保留移除)
  移除 [12] function(memcpyopt): objective 0.7810, mean_norm 0.7550, worsen_rate 13.00% (保留移除)
  移除 [11] function(gvn-hoist): objective 0.7901 > 0.7810 (恢复)
  移除 [10] module(elim-avail-extern): objective 0.7810, mean_norm 0.7550, worsen_rate 13.00% (保留移除)
  移除 [9] loop(loop-simplifycfg): objective 0.7810, mean_norm 0.7550, worsen_rate 13.00% (保留移除)
  移除 [8] module(inferattrs): objective 0.7939 > 0.7810 (恢复)
  移除 [7] function(dse): objective 0.8141 > 0.7810 (恢复)
  移除 [6] function(jump-threading): objective 0.7822 > 0.7810 (恢复)
  移除 [5] function(memcpyopt): objective 0.7810, mean_norm 0.7550, worsen_rate 13.00% (保留移除)
  移除 [4] module(attributor): objective 0.8614 > 0.7810 (恢复)
  移除 [3] function(instsimplify): objective 0.7810, mean_norm 0.7550, worsen_rate 13.00% (保留移除)
  移除 [2] function(instsimplify): objective 0.7810, mean_norm 0.7550, worsen_rate 13.00% (保留移除)
  移除 [1] module(iroutliner): objective 0.8491 > 0.7810 (恢复)
  移除 [0] module(elim-avail-extern): objective 1.0246 > 0.7810 (恢复)
[Ablation-validation] 最终序列长度: 16, objective: 0.7810, mean_norm: 0.7550, worsen_rate: 13.00%, 移除了 42 个 pass
  消融有效: 58 → 16 passes, validation_objective: 0.7819 → 0.7810

最终通用 pass 序列（effective=16 个顶层 pass, raw=16 个 pass, syn_rate(raw)=0.24）:
  module(elim-avail-extern) → module(iroutliner) → module(attributor) → function(jump-threading) → function(dse) → module(inferattrs) → function(gvn-hoist) → module(iroutliner) → module(globalopt) → module(attributor) → module(scc-oz-module-inliner) → module(attributor) → module(iroutliner) → function(jump-threading) → function(gvn-sink) → module(scc-oz-module-inliner)
  search_train_obj=0.8123, search_train_mean=0.7903, search_train_worsen=11.00%, search_train_highvar=0.00%
  validation_obj=0.7810, validation_mean=0.7550, validation_worsen=13.00%, validation_highvar=0.00%
  test_obj=0.8057, test_mean=0.7817, test_worsen=12.00%, test_highvar=0.00%

Top-5 最佳序列（按 validation 多目标 objective 升序）:
  #1: validation_obj=0.7819, validation_mean=0.7539, validation_worsen=14.00%, validation_highvar=0.00%, train_obj=0.8185, train_mean=0.7965, train_highvar=0.00%, len=58, syn_rate=0.50, test_obj=0.8040, test_mean=0.7800, test_worsen=12.00%, test_highvar=0.00%
     module(elim-avail-extern) → module(iroutliner) → function(instsimplify) → function(instsimplify) → module(attributor) → function(memcpyopt) → function(jump-threading) → function(dse) → module(inferattrs) → function(loop(loop-simplifycfg)) → module(elim-avail-extern) → function(gvn-hoist) → function(memcpyopt) → module(attributor) → function(instsimplify) → function(dce) → module(iroutliner) → module(elim-avail-extern) → function(memcpyopt) → module(globalopt) → module(globalopt) → function(instsimplify) → function(gvn-hoist) → module(attributor) → function(memcpyopt) → function(instsimplify) → function(instsimplify) → module(attributor) → function(gvn-hoist) → module(scc-oz-module-inliner) → function(dce) → module(elim-avail-extern) → module(elim-avail-extern) → module(attributor) → function(dce) → function(gvn-sink) → module(elim-avail-extern) → function(loop(loop-simplifycfg)) → module(iroutliner) → function(gvn-sink) → module(globalopt) → function(jump-threading) → function(instsimplify) → module(iroutliner) → function(gvn-hoist) → function(jump-threading) → module(attributor) → function(dce) → module(iroutliner) → function(instsimplify) → function(gvn-sink) → function(gvn-sink) → module(globalopt) → module(attributor) → function(dce) → module(iroutliner) → module(elim-avail-extern) → module(scc-oz-module-inliner)
     raw: module(elim-avail-extern) → module(iroutliner) → function(instsimplify) → function(instsimplify) → module(attributor) → function(memcpyopt) → function(jump-threading) → function(dse) → module(inferattrs) → loop(loop-simplifycfg) → module(elim-avail-extern) → function(gvn-hoist) → function(memcpyopt) → module(attributor) → function(instsimplify) → function(dce) → module(iroutliner) → module(elim-avail-extern) → function(memcpyopt) → module(globalopt) → module(globalopt) → function(instsimplify) → function(gvn-hoist) → module(attributor) → function(memcpyopt) → function(instsimplify) → function(instsimplify) → module(attributor) → function(gvn-hoist) → module(scc-oz-module-inliner) → function(dce) → module(elim-avail-extern) → module(elim-avail-extern) → module(attributor) → function(dce) → function(gvn-sink) → module(elim-avail-extern) → loop(loop-simplifycfg) → module(iroutliner) → function(gvn-sink) → module(globalopt) → function(jump-threading) → function(instsimplify) → module(iroutliner) → function(gvn-hoist) → function(jump-threading) → module(attributor) → function(dce) → module(iroutliner) → function(instsimplify) → function(gvn-sink) → function(gvn-sink) → module(globalopt) → module(attributor) → function(dce) → module(iroutliner) → module(elim-avail-extern) → module(scc-oz-module-inliner)
  #2: validation_obj=0.7989, validation_mean=0.7689, validation_worsen=15.00%, validation_highvar=0.00%, train_obj=0.8107, train_mean=0.7907, train_highvar=0.00%, len=55, syn_rate=0.47, test_obj=0.7580, test_mean=0.7380, test_worsen=10.00%, test_highvar=0.00%
     module(iroutliner) → module(elim-avail-extern) → module(inferattrs) → module(inferattrs) → function(gvn-hoist) → function(gvn-sink) → function(reassociate) → function(memcpyopt) → module(iroutliner) → module(iroutliner) → function(instsimplify) → function(gvn-hoist) → module(attributor) → function(reassociate) → module(elim-avail-extern) → function(dce) → function(dce) → function(memcpyopt) → module(iroutliner) → module(elim-avail-extern) → function(instsimplify) → function(jump-threading) → function(memcpyopt) → function(instsimplify) → module(inferattrs) → module(elim-avail-extern) → module(elim-avail-extern) → module(attributor) → function(dce) → module(iroutliner) → module(iroutliner) → module(globalopt) → module(globalopt) → module(attributor) → module(elim-avail-extern) → module(elim-avail-extern) → function(instsimplify) → function(dce) → function(dce) → function(dse) → function(gvn-sink) → function(memcpyopt) → function(gvn-sink) → function(memcpyopt) → module(inferattrs) → module(attributor) → function(jump-threading) → module(elim-avail-extern) → module(scc-oz-module-inliner) → module(globalopt) → function(memcpyopt) → function(gvn-sink) → function(jump-threading) → module(attributor) → function(gvn-sink)
  #3: validation_obj=0.8042, validation_mean=0.7722, validation_worsen=16.00%, validation_highvar=0.00%, train_obj=0.8194, train_mean=0.7994, train_highvar=0.00%, len=49, syn_rate=0.45, test_obj=0.8233, test_mean=0.7993, test_worsen=12.00%, test_highvar=0.00%
     module(elim-avail-extern) → module(iroutliner) → function(instsimplify) → function(instsimplify) → module(attributor) → function(memcpyopt) → function(jump-threading) → function(dse) → module(inferattrs) → function(loop(loop-simplifycfg)) → module(elim-avail-extern) → function(gvn-hoist) → function(memcpyopt) → module(attributor) → function(instsimplify) → function(dce) → module(iroutliner) → module(elim-avail-extern) → function(memcpyopt) → module(globalopt) → module(globalopt) → function(instsimplify) → function(gvn-hoist) → module(attributor) → function(memcpyopt) → module(elim-avail-extern) → module(elim-avail-extern) → module(attributor) → function(dce) → function(gvn-sink) → module(elim-avail-extern) → function(loop(loop-simplifycfg)) → module(iroutliner) → function(gvn-sink) → function(instsimplify) → function(jump-threading) → function(instsimplify) → module(iroutliner) → function(gvn-hoist) → function(jump-threading) → module(globalopt) → function(gvn-sink) → function(gvn-sink) → module(globalopt) → module(attributor) → function(dce) → module(iroutliner) → module(elim-avail-extern) → module(scc-oz-module-inliner)
     raw: module(elim-avail-extern) → module(iroutliner) → function(instsimplify) → function(instsimplify) → module(attributor) → function(memcpyopt) → function(jump-threading) → function(dse) → module(inferattrs) → loop(loop-simplifycfg) → module(elim-avail-extern) → function(gvn-hoist) → function(memcpyopt) → module(attributor) → function(instsimplify) → function(dce) → module(iroutliner) → module(elim-avail-extern) → function(memcpyopt) → module(globalopt) → module(globalopt) → function(instsimplify) → function(gvn-hoist) → module(attributor) → function(memcpyopt) → module(elim-avail-extern) → module(elim-avail-extern) → module(attributor) → function(dce) → function(gvn-sink) → module(elim-avail-extern) → loop(loop-simplifycfg) → module(iroutliner) → function(gvn-sink) → function(instsimplify) → function(jump-threading) → function(instsimplify) → module(iroutliner) → function(gvn-hoist) → function(jump-threading) → module(globalopt) → function(gvn-sink) → function(gvn-sink) → module(globalopt) → module(attributor) → function(dce) → module(iroutliner) → module(elim-avail-extern) → module(scc-oz-module-inliner)
  #4: validation_obj=0.8152, validation_mean=0.7852, validation_worsen=15.00%, validation_highvar=0.00%, train_obj=0.7652, train_mean=0.7492, train_highvar=0.00%, len=57, syn_rate=0.48, test_obj=0.7611, test_mean=0.7371, test_worsen=12.00%, test_highvar=0.00%
     module(elim-avail-extern) → module(iroutliner) → function(instsimplify) → function(gvn-hoist) → module(attributor) → function(memcpyopt) → module(attributor) → module(attributor) → function(dce) → module(elim-avail-extern) → module(elim-avail-extern) → module(elim-avail-extern) → function(dce) → function(gvn-sink) → function(dce) → module(elim-avail-extern) → module(elim-avail-extern) → function(gvn-hoist) → function(memcpyopt) → module(attributor) → function(instsimplify) → function(dce) → module(iroutliner) → module(elim-avail-extern) → function(memcpyopt) → module(globalopt) → module(globalopt) → function(instsimplify) → function(gvn-hoist) → module(attributor) → function(memcpyopt) → module(elim-avail-extern) → module(elim-avail-extern) → module(attributor) → function(dce) → function(gvn-sink) → module(elim-avail-extern) → function(loop(loop-simplifycfg)) → module(iroutliner) → function(gvn-sink) → function(instsimplify) → function(jump-threading) → module(elim-avail-extern) → function(instsimplify) → module(inferattrs) → function(newgvn) → module(attributor) → module(scc-oz-module-inliner) → module(scc-oz-module-inliner) → function(gvn-sink) → function(dce) → module(iroutliner) → function(jump-threading) → module(globalopt) → function(gvn-sink) → function(newgvn) → function(jump-threading)
     raw: module(elim-avail-extern) → module(iroutliner) → function(instsimplify) → function(gvn-hoist) → module(attributor) → function(memcpyopt) → module(attributor) → module(attributor) → function(dce) → module(elim-avail-extern) → module(elim-avail-extern) → module(elim-avail-extern) → function(dce) → function(gvn-sink) → function(dce) → module(elim-avail-extern) → module(elim-avail-extern) → function(gvn-hoist) → function(memcpyopt) → module(attributor) → function(instsimplify) → function(dce) → module(iroutliner) → module(elim-avail-extern) → function(memcpyopt) → module(globalopt) → module(globalopt) → function(instsimplify) → function(gvn-hoist) → module(attributor) → function(memcpyopt) → module(elim-avail-extern) → module(elim-avail-extern) → module(attributor) → function(dce) → function(gvn-sink) → module(elim-avail-extern) → loop(loop-simplifycfg) → module(iroutliner) → function(gvn-sink) → function(instsimplify) → function(jump-threading) → module(elim-avail-extern) → function(instsimplify) → module(inferattrs) → function(newgvn) → module(attributor) → module(scc-oz-module-inliner) → module(scc-oz-module-inliner) → function(gvn-sink) → function(dce) → module(iroutliner) → function(jump-threading) → module(globalopt) → function(gvn-sink) → function(newgvn) → function(jump-threading)
  #5: validation_obj=0.8155, validation_mean=0.7855, validation_worsen=15.00%, validation_highvar=0.00%, train_obj=0.7656, train_mean=0.7496, train_highvar=0.00%, len=59, syn_rate=0.48, test_obj=0.7611, test_mean=0.7371, test_worsen=12.00%, test_highvar=0.00%
     module(elim-avail-extern) → module(iroutliner) → function(dce) → function(dce) → function(instsimplify) → function(memcpyopt) → module(attributor) → function(memcpyopt) → module(attributor) → module(attributor) → function(dce) → module(elim-avail-extern) → module(elim-avail-extern) → module(elim-avail-extern) → function(dce) → function(gvn-sink) → function(dce) → module(elim-avail-extern) → module(elim-avail-extern) → function(gvn-hoist) → function(memcpyopt) → module(attributor) → function(instsimplify) → function(dce) → module(iroutliner) → module(elim-avail-extern) → function(memcpyopt) → module(globalopt) → module(globalopt) → function(instsimplify) → function(gvn-hoist) → module(attributor) → function(memcpyopt) → module(elim-avail-extern) → module(elim-avail-extern) → module(attributor) → function(dce) → function(gvn-sink) → module(elim-avail-extern) → function(loop(loop-simplifycfg)) → module(iroutliner) → function(gvn-sink) → function(instsimplify) → function(jump-threading) → module(elim-avail-extern) → function(instsimplify) → module(inferattrs) → function(newgvn) → module(attributor) → module(scc-oz-module-inliner) → module(scc-oz-module-inliner) → function(gvn-sink) → function(dce) → module(iroutliner) → function(jump-threading) → module(globalopt) → function(gvn-sink) → function(newgvn) → function(jump-threading)
     raw: module(elim-avail-extern) → module(iroutliner) → function(dce) → function(dce) → function(instsimplify) → function(memcpyopt) → module(attributor) → function(memcpyopt) → module(attributor) → module(attributor) → function(dce) → module(elim-avail-extern) → module(elim-avail-extern) → module(elim-avail-extern) → function(dce) → function(gvn-sink) → function(dce) → module(elim-avail-extern) → module(elim-avail-extern) → function(gvn-hoist) → function(memcpyopt) → module(attributor) → function(instsimplify) → function(dce) → module(iroutliner) → module(elim-avail-extern) → function(memcpyopt) → module(globalopt) → module(globalopt) → function(instsimplify) → function(gvn-hoist) → module(attributor) → function(memcpyopt) → module(elim-avail-extern) → module(elim-avail-extern) → module(attributor) → function(dce) → function(gvn-sink) → module(elim-avail-extern) → loop(loop-simplifycfg) → module(iroutliner) → function(gvn-sink) → function(instsimplify) → function(jump-threading) → module(elim-avail-extern) → function(instsimplify) → module(inferattrs) → function(newgvn) → module(attributor) → module(scc-oz-module-inliner) → module(scc-oz-module-inliner) → function(gvn-sink) → function(dce) → module(iroutliner) → function(jump-threading) → module(globalopt) → function(gvn-sink) → function(newgvn) → function(jump-threading)

============================================================
所有轮次中最优 validation objective: 0.7810
最优通用 pass 序列 (16 passes):
  module(elim-avail-extern) → module(iroutliner) → module(attributor) → function(jump-threading) → function(dse) → module(inferattrs) → function(gvn-hoist) → module(iroutliner) → module(globalopt) → module(attributor) → module(scc-oz-module-inliner) → module(attributor) → module(iroutliner) → function(jump-threading) → function(gvn-sink) → module(scc-oz-module-inliner)
  search_train_obj=0.8123, search_train_mean=0.7903, search_train_worsen=11.00%, search_train_highvar=0.00%
  validation_obj=0.7810, validation_mean=0.7550, validation_worsen=13.00%, validation_highvar=0.00%
  test_obj=0.8057, test_mean=0.7817, test_worsen=12.00%, test_highvar=0.00%

最优轮次 Top-5 序列（含测试集效果，按 validation objective 升序）:
  #1: validation_obj=0.7819, validation_mean=0.7539, validation_worsen=14.00%, validation_highvar=0.00%, train_obj=0.8185, train_mean=0.7965, train_highvar=0.00%, len=58, syn_rate=0.50, test_obj=0.8040, test_mean=0.7800, test_worsen=12.00%, test_highvar=0.00%
     module(elim-avail-extern) → module(iroutliner) → function(instsimplify) → function(instsimplify) → module(attributor) → function(memcpyopt) → function(jump-threading) → function(dse) → module(inferattrs) → function(loop(loop-simplifycfg)) → module(elim-avail-extern) → function(gvn-hoist) → function(memcpyopt) → module(attributor) → function(instsimplify) → function(dce) → module(iroutliner) → module(elim-avail-extern) → function(memcpyopt) → module(globalopt) → module(globalopt) → function(instsimplify) → function(gvn-hoist) → module(attributor) → function(memcpyopt) → function(instsimplify) → function(instsimplify) → module(attributor) → function(gvn-hoist) → module(scc-oz-module-inliner) → function(dce) → module(elim-avail-extern) → module(elim-avail-extern) → module(attributor) → function(dce) → function(gvn-sink) → module(elim-avail-extern) → function(loop(loop-simplifycfg)) → module(iroutliner) → function(gvn-sink) → module(globalopt) → function(jump-threading) → function(instsimplify) → module(iroutliner) → function(gvn-hoist) → function(jump-threading) → module(attributor) → function(dce) → module(iroutliner) → function(instsimplify) → function(gvn-sink) → function(gvn-sink) → module(globalopt) → module(attributor) → function(dce) → module(iroutliner) → module(elim-avail-extern) → module(scc-oz-module-inliner)
     raw: module(elim-avail-extern) → module(iroutliner) → function(instsimplify) → function(instsimplify) → module(attributor) → function(memcpyopt) → function(jump-threading) → function(dse) → module(inferattrs) → loop(loop-simplifycfg) → module(elim-avail-extern) → function(gvn-hoist) → function(memcpyopt) → module(attributor) → function(instsimplify) → function(dce) → module(iroutliner) → module(elim-avail-extern) → function(memcpyopt) → module(globalopt) → module(globalopt) → function(instsimplify) → function(gvn-hoist) → module(attributor) → function(memcpyopt) → function(instsimplify) → function(instsimplify) → module(attributor) → function(gvn-hoist) → module(scc-oz-module-inliner) → function(dce) → module(elim-avail-extern) → module(elim-avail-extern) → module(attributor) → function(dce) → function(gvn-sink) → module(elim-avail-extern) → loop(loop-simplifycfg) → module(iroutliner) → function(gvn-sink) → module(globalopt) → function(jump-threading) → function(instsimplify) → module(iroutliner) → function(gvn-hoist) → function(jump-threading) → module(attributor) → function(dce) → module(iroutliner) → function(instsimplify) → function(gvn-sink) → function(gvn-sink) → module(globalopt) → module(attributor) → function(dce) → module(iroutliner) → module(elim-avail-extern) → module(scc-oz-module-inliner)
  #2: validation_obj=0.7989, validation_mean=0.7689, validation_worsen=15.00%, validation_highvar=0.00%, train_obj=0.8107, train_mean=0.7907, train_highvar=0.00%, len=55, syn_rate=0.47, test_obj=0.7580, test_mean=0.7380, test_worsen=10.00%, test_highvar=0.00%
     module(iroutliner) → module(elim-avail-extern) → module(inferattrs) → module(inferattrs) → function(gvn-hoist) → function(gvn-sink) → function(reassociate) → function(memcpyopt) → module(iroutliner) → module(iroutliner) → function(instsimplify) → function(gvn-hoist) → module(attributor) → function(reassociate) → module(elim-avail-extern) → function(dce) → function(dce) → function(memcpyopt) → module(iroutliner) → module(elim-avail-extern) → function(instsimplify) → function(jump-threading) → function(memcpyopt) → function(instsimplify) → module(inferattrs) → module(elim-avail-extern) → module(elim-avail-extern) → module(attributor) → function(dce) → module(iroutliner) → module(iroutliner) → module(globalopt) → module(globalopt) → module(attributor) → module(elim-avail-extern) → module(elim-avail-extern) → function(instsimplify) → function(dce) → function(dce) → function(dse) → function(gvn-sink) → function(memcpyopt) → function(gvn-sink) → function(memcpyopt) → module(inferattrs) → module(attributor) → function(jump-threading) → module(elim-avail-extern) → module(scc-oz-module-inliner) → module(globalopt) → function(memcpyopt) → function(gvn-sink) → function(jump-threading) → module(attributor) → function(gvn-sink)
  #3: validation_obj=0.8042, validation_mean=0.7722, validation_worsen=16.00%, validation_highvar=0.00%, train_obj=0.8194, train_mean=0.7994, train_highvar=0.00%, len=49, syn_rate=0.45, test_obj=0.8233, test_mean=0.7993, test_worsen=12.00%, test_highvar=0.00%
     module(elim-avail-extern) → module(iroutliner) → function(instsimplify) → function(instsimplify) → module(attributor) → function(memcpyopt) → function(jump-threading) → function(dse) → module(inferattrs) → function(loop(loop-simplifycfg)) → module(elim-avail-extern) → function(gvn-hoist) → function(memcpyopt) → module(attributor) → function(instsimplify) → function(dce) → module(iroutliner) → module(elim-avail-extern) → function(memcpyopt) → module(globalopt) → module(globalopt) → function(instsimplify) → function(gvn-hoist) → module(attributor) → function(memcpyopt) → module(elim-avail-extern) → module(elim-avail-extern) → module(attributor) → function(dce) → function(gvn-sink) → module(elim-avail-extern) → function(loop(loop-simplifycfg)) → module(iroutliner) → function(gvn-sink) → function(instsimplify) → function(jump-threading) → function(instsimplify) → module(iroutliner) → function(gvn-hoist) → function(jump-threading) → module(globalopt) → function(gvn-sink) → function(gvn-sink) → module(globalopt) → module(attributor) → function(dce) → module(iroutliner) → module(elim-avail-extern) → module(scc-oz-module-inliner)
     raw: module(elim-avail-extern) → module(iroutliner) → function(instsimplify) → function(instsimplify) → module(attributor) → function(memcpyopt) → function(jump-threading) → function(dse) → module(inferattrs) → loop(loop-simplifycfg) → module(elim-avail-extern) → function(gvn-hoist) → function(memcpyopt) → module(attributor) → function(instsimplify) → function(dce) → module(iroutliner) → module(elim-avail-extern) → function(memcpyopt) → module(globalopt) → module(globalopt) → function(instsimplify) → function(gvn-hoist) → module(attributor) → function(memcpyopt) → module(elim-avail-extern) → module(elim-avail-extern) → module(attributor) → function(dce) → function(gvn-sink) → module(elim-avail-extern) → loop(loop-simplifycfg) → module(iroutliner) → function(gvn-sink) → function(instsimplify) → function(jump-threading) → function(instsimplify) → module(iroutliner) → function(gvn-hoist) → function(jump-threading) → module(globalopt) → function(gvn-sink) → function(gvn-sink) → module(globalopt) → module(attributor) → function(dce) → module(iroutliner) → module(elim-avail-extern) → module(scc-oz-module-inliner)
  #4: validation_obj=0.8152, validation_mean=0.7852, validation_worsen=15.00%, validation_highvar=0.00%, train_obj=0.7652, train_mean=0.7492, train_highvar=0.00%, len=57, syn_rate=0.48, test_obj=0.7611, test_mean=0.7371, test_worsen=12.00%, test_highvar=0.00%
     module(elim-avail-extern) → module(iroutliner) → function(instsimplify) → function(gvn-hoist) → module(attributor) → function(memcpyopt) → module(attributor) → module(attributor) → function(dce) → module(elim-avail-extern) → module(elim-avail-extern) → module(elim-avail-extern) → function(dce) → function(gvn-sink) → function(dce) → module(elim-avail-extern) → module(elim-avail-extern) → function(gvn-hoist) → function(memcpyopt) → module(attributor) → function(instsimplify) → function(dce) → module(iroutliner) → module(elim-avail-extern) → function(memcpyopt) → module(globalopt) → module(globalopt) → function(instsimplify) → function(gvn-hoist) → module(attributor) → function(memcpyopt) → module(elim-avail-extern) → module(elim-avail-extern) → module(attributor) → function(dce) → function(gvn-sink) → module(elim-avail-extern) → function(loop(loop-simplifycfg)) → module(iroutliner) → function(gvn-sink) → function(instsimplify) → function(jump-threading) → module(elim-avail-extern) → function(instsimplify) → module(inferattrs) → function(newgvn) → module(attributor) → module(scc-oz-module-inliner) → module(scc-oz-module-inliner) → function(gvn-sink) → function(dce) → module(iroutliner) → function(jump-threading) → module(globalopt) → function(gvn-sink) → function(newgvn) → function(jump-threading)
     raw: module(elim-avail-extern) → module(iroutliner) → function(instsimplify) → function(gvn-hoist) → module(attributor) → function(memcpyopt) → module(attributor) → module(attributor) → function(dce) → module(elim-avail-extern) → module(elim-avail-extern) → module(elim-avail-extern) → function(dce) → function(gvn-sink) → function(dce) → module(elim-avail-extern) → module(elim-avail-extern) → function(gvn-hoist) → function(memcpyopt) → module(attributor) → function(instsimplify) → function(dce) → module(iroutliner) → module(elim-avail-extern) → function(memcpyopt) → module(globalopt) → module(globalopt) → function(instsimplify) → function(gvn-hoist) → module(attributor) → function(memcpyopt) → module(elim-avail-extern) → module(elim-avail-extern) → module(attributor) → function(dce) → function(gvn-sink) → module(elim-avail-extern) → loop(loop-simplifycfg) → module(iroutliner) → function(gvn-sink) → function(instsimplify) → function(jump-threading) → module(elim-avail-extern) → function(instsimplify) → module(inferattrs) → function(newgvn) → module(attributor) → module(scc-oz-module-inliner) → module(scc-oz-module-inliner) → function(gvn-sink) → function(dce) → module(iroutliner) → function(jump-threading) → module(globalopt) → function(gvn-sink) → function(newgvn) → function(jump-threading)
  #5: validation_obj=0.8155, validation_mean=0.7855, validation_worsen=15.00%, validation_highvar=0.00%, train_obj=0.7656, train_mean=0.7496, train_highvar=0.00%, len=59, syn_rate=0.48, test_obj=0.7611, test_mean=0.7371, test_worsen=12.00%, test_highvar=0.00%
     module(elim-avail-extern) → module(iroutliner) → function(dce) → function(dce) → function(instsimplify) → function(memcpyopt) → module(attributor) → function(memcpyopt) → module(attributor) → module(attributor) → function(dce) → module(elim-avail-extern) → module(elim-avail-extern) → module(elim-avail-extern) → function(dce) → function(gvn-sink) → function(dce) → module(elim-avail-extern) → module(elim-avail-extern) → function(gvn-hoist) → function(memcpyopt) → module(attributor) → function(instsimplify) → function(dce) → module(iroutliner) → module(elim-avail-extern) → function(memcpyopt) → module(globalopt) → module(globalopt) → function(instsimplify) → function(gvn-hoist) → module(attributor) → function(memcpyopt) → module(elim-avail-extern) → module(elim-avail-extern) → module(attributor) → function(dce) → function(gvn-sink) → module(elim-avail-extern) → function(loop(loop-simplifycfg)) → module(iroutliner) → function(gvn-sink) → function(instsimplify) → function(jump-threading) → module(elim-avail-extern) → function(instsimplify) → module(inferattrs) → function(newgvn) → module(attributor) → module(scc-oz-module-inliner) → module(scc-oz-module-inliner) → function(gvn-sink) → function(dce) → module(iroutliner) → function(jump-threading) → module(globalopt) → function(gvn-sink) → function(newgvn) → function(jump-threading)
     raw: module(elim-avail-extern) → module(iroutliner) → function(dce) → function(dce) → function(instsimplify) → function(memcpyopt) → module(attributor) → function(memcpyopt) → module(attributor) → module(attributor) → function(dce) → module(elim-avail-extern) → module(elim-avail-extern) → module(elim-avail-extern) → function(dce) → function(gvn-sink) → function(dce) → module(elim-avail-extern) → module(elim-avail-extern) → function(gvn-hoist) → function(memcpyopt) → module(attributor) → function(instsimplify) → function(dce) → module(iroutliner) → module(elim-avail-extern) → function(memcpyopt) → module(globalopt) → module(globalopt) → function(instsimplify) → function(gvn-hoist) → module(attributor) → function(memcpyopt) → module(elim-avail-extern) → module(elim-avail-extern) → module(attributor) → function(dce) → function(gvn-sink) → module(elim-avail-extern) → loop(loop-simplifycfg) → module(iroutliner) → function(gvn-sink) → function(instsimplify) → function(jump-threading) → module(elim-avail-extern) → function(instsimplify) → module(inferattrs) → function(newgvn) → module(attributor) → module(scc-oz-module-inliner) → module(scc-oz-module-inliner) → function(gvn-sink) → function(dce) → module(iroutliner) → function(jump-threading) → module(globalopt) → function(gvn-sink) → function(newgvn) → function(jump-threading)
binarysize_test: vs_none=0.999 (+0.1%)  vs_oz=0.999 (+0.1%)  vs_o3=0.981 (+1.9%) [metric=stripped_file_bytes]
binarysize_test[text_bytes]: vs_none=0.906 (+9.4%)  vs_oz=0.917 (+8.3%)  vs_o3=0.779 (+22.1%)
binarysize_test[data_bytes]: vs_none=0.983 (+1.7%)  vs_oz=0.993 (+0.7%)  vs_o3=0.986 (+1.4%)
binarysize_test[bss_bytes]: vs_none=1.000 (+0.0%)  vs_oz=1.000 (+0.0%)  vs_o3=1.000 (+0.0%)
binarysize_test[dec_bytes]: vs_none=0.929 (+7.1%)  vs_oz=0.942 (+5.8%)  vs_o3=0.838 (+16.2%)

最优轮次 Top-5 binarysize_test 序列面板（primary=stripped_file_bytes）:
  #1: len=58, syn_rate=0.50
     stripped_file_bytes: obj=1.0114, mean=0.9994, worsen=6.00%, vs_none=0.999 (+0.1%)  vs_oz=0.999 (+0.1%)  vs_o3=0.981 (+1.9%)
     text_bytes: obj=0.9481, mean=0.9161, worsen=16.00%, vs_none=0.905 (+9.5%)  vs_oz=0.916 (+8.4%)  vs_o3=0.779 (+22.1%)
     data_bytes: obj=1.0085, mean=0.9925, worsen=8.00%, vs_none=0.983 (+1.7%)  vs_oz=0.993 (+0.7%)  vs_o3=0.986 (+1.4%)
     bss_bytes: obj=1.0000, mean=1.0000, worsen=0.00%, vs_none=1.000 (+0.0%)  vs_oz=1.000 (+0.0%)  vs_o3=1.000 (+0.0%)
     dec_bytes: obj=0.9732, mean=0.9412, worsen=16.00%, vs_none=0.929 (+7.1%)  vs_oz=0.941 (+5.9%)  vs_o3=0.838 (+16.2%)
  #2: len=55, syn_rate=0.47
     stripped_file_bytes: obj=1.0074, mean=0.9994, worsen=4.00%, vs_none=0.999 (+0.1%)  vs_oz=0.999 (+0.1%)  vs_o3=0.981 (+1.9%)
     text_bytes: obj=0.9174, mean=0.8934, worsen=12.00%, vs_none=0.882 (+11.8%)  vs_oz=0.893 (+10.7%)  vs_o3=0.761 (+23.9%)
     data_bytes: obj=1.0032, mean=0.9912, worsen=6.00%, vs_none=0.982 (+1.8%)  vs_oz=0.991 (+0.9%)  vs_o3=0.985 (+1.5%)
     bss_bytes: obj=1.0000, mean=1.0000, worsen=0.00%, vs_none=1.000 (+0.0%)  vs_oz=1.000 (+0.0%)  vs_o3=1.000 (+0.0%)
     dec_bytes: obj=0.9509, mean=0.9269, worsen=12.00%, vs_none=0.915 (+8.5%)  vs_oz=0.927 (+7.3%)  vs_o3=0.826 (+17.4%)
  #3: len=49, syn_rate=0.45
     stripped_file_bytes: obj=1.0115, mean=0.9995, worsen=6.00%, vs_none=0.999 (+0.1%)  vs_oz=0.999 (+0.1%)  vs_o3=0.981 (+1.9%)
     text_bytes: obj=0.9583, mean=0.9223, worsen=18.00%, vs_none=0.911 (+8.9%)  vs_oz=0.922 (+7.8%)  vs_o3=0.784 (+21.6%)
     data_bytes: obj=1.0088, mean=0.9928, worsen=8.00%, vs_none=0.983 (+1.7%)  vs_oz=0.993 (+0.7%)  vs_o3=0.987 (+1.3%)
     bss_bytes: obj=1.0000, mean=1.0000, worsen=0.00%, vs_none=1.000 (+0.0%)  vs_oz=1.000 (+0.0%)  vs_o3=1.000 (+0.0%)
     dec_bytes: obj=0.9820, mean=0.9460, worsen=18.00%, vs_none=0.933 (+6.7%)  vs_oz=0.946 (+5.4%)  vs_o3=0.842 (+15.8%)
  #4: len=57, syn_rate=0.48
     stripped_file_bytes: obj=1.0115, mean=0.9995, worsen=6.00%, vs_none=0.999 (+0.1%)  vs_oz=0.999 (+0.1%)  vs_o3=0.981 (+1.9%)
     text_bytes: obj=0.9097, mean=0.8897, worsen=10.00%, vs_none=0.876 (+12.4%)  vs_oz=0.890 (+11.0%)  vs_o3=0.761 (+23.9%)
     data_bytes: obj=1.0088, mean=0.9928, worsen=8.00%, vs_none=0.983 (+1.7%)  vs_oz=0.993 (+0.7%)  vs_o3=0.987 (+1.3%)
     bss_bytes: obj=1.0000, mean=1.0000, worsen=0.00%, vs_none=1.000 (+0.0%)  vs_oz=1.000 (+0.0%)  vs_o3=1.000 (+0.0%)
     dec_bytes: obj=0.9438, mean=0.9238, worsen=10.00%, vs_none=0.909 (+9.1%)  vs_oz=0.924 (+7.6%)  vs_o3=0.825 (+17.5%)
  #5: len=59, syn_rate=0.48
     stripped_file_bytes: obj=1.0115, mean=0.9995, worsen=6.00%, vs_none=0.999 (+0.1%)  vs_oz=0.999 (+0.1%)  vs_o3=0.981 (+1.9%)
     text_bytes: obj=0.9097, mean=0.8897, worsen=10.00%, vs_none=0.876 (+12.4%)  vs_oz=0.890 (+11.0%)  vs_o3=0.761 (+23.9%)
     data_bytes: obj=1.0088, mean=0.9928, worsen=8.00%, vs_none=0.983 (+1.7%)  vs_oz=0.993 (+0.7%)  vs_o3=0.987 (+1.3%)
     bss_bytes: obj=1.0000, mean=1.0000, worsen=0.00%, vs_none=1.000 (+0.0%)  vs_oz=1.000 (+0.0%)  vs_o3=1.000 (+0.0%)
     dec_bytes: obj=0.9438, mean=0.9238, worsen=10.00%, vs_none=0.909 (+9.1%)  vs_oz=0.924 (+7.6%)  vs_o3=0.825 (+17.5%)
核心调优成本已写入: /root/exp/RFunipassLab/results/instrcount/summaries/20260508_091459_877374_feature_lite_seed457_core_tuning_cost.json
结果已写入: /root/exp/RFunipassLab/results/instrcount/summaries/20260508_091459_877374_feature_lite_seed457.json
总运行时间: 3782.76 秒
