# run_id: 20260507_232120_030129_feature_lite_seed457
# name: feature_lite
# group: feature_ablation
# description: 切换到 Lite 特征编码，保留其余搜索流程不变。
# changed: FEATURE_MODE=lite, GA_GEN=5, GA_POP=200, ITERS=100, MAX_SEQ_LEN=120, MIN_VAL_PROGRAMS=5, SEED_TOPK=0, TEST_TOPK=50, TRAIN_TOPK=200, VAL_RATIO=0.5
# result_json: /root/exp/RFunipassLab/results/instrcount/summaries/20260507_232120_030129_feature_lite_seed457.json
# started_at: 2026-05-07T23:21:20
# control_env:
#   BACKEND_OPT_LEVEL=-O0
#   BINARY_SIZE_METRIC=stripped_file_bytes
#   BINARY_SIZE_REPORT_METRICS=text_bytes,data_bytes,bss_bytes,dec_bytes
#   DECAY=0.5
#   EXPERIMENT_SEED=457
#   FEATURE_MODE=lite
#   GA_ELITE=0.1
#   GA_GEN=5
#   GA_MUT=0.8
#   GA_POP=200
#   GA_TOUR=3
#   ITERS=100
#   LOOP_NESTING_POLICY=wrap
#   MAX_SEQ_LEN=120
#   MIN_VAL_PROGRAMS=5
#   OBJECTIVE_BASELINE=oz
#   OBJECTIVE_KIND=instrcount
#   OBJ_HIGHVAR_W=0.0
#   OBJ_WORSEN_W=0.05
#   OFFSET=20
#   PROGRAM_POOL_KIND=auto
#   RF_EXPLAIN_COUNTERFACTUAL_ENABLE=1
#   RF_EXPLAIN_COUNTERFACTUAL_MAX_EVALS=50
#   RF_EXPLAIN_COUNTERFACTUAL_SPLIT=selection
#   RF_EXPLAIN_COUNTERFACTUAL_TOPK=5
#   RF_EXPLAIN_ENABLE=0
#   RF_EXPLAIN_HOLDOUT_RATIO=0.3
#   RF_EXPLAIN_MIN_SAMPLES=20
#   RF_EXPLAIN_MODE=final
#   RF_EXPLAIN_PERM_REPEATS=10
#   RF_EXPLAIN_TOPK=20
#   RNUM=256
#   RUNS=1
#   RUNTIME_EVAL_MAX_VARIANCE_PCT=15.0
#   RUNTIME_MAX_INNER_REPEATS=64
#   RUNTIME_MAX_VARIANCE_PCT=10.0
#   RUNTIME_REQUIRED_ROWS=0
#   RUNTIME_SAMPLES=5
#   RUNTIME_TARGET_SAMPLE_MS=30.0
#   RUNTIME_TIMEOUT_SEC=2.0
#   SCALE=10
#   SEED_TOPK=0
#   SPLIT_SEED=457
#   TEST_TOPK=50
#   TRAIN_TOPK=200
#   VAL_RATIO=0.5

Loading train/test rows from: /root/exp/RFunipassLab/data/tuning_results.csv
Loaded train programs:       200
Loaded initial seed seqs:    84
Loaded test programs:        50
Objective kind:              instrcount
Program pool kind:           tuning

Loading synergy graph from: /root/exp/RFunipassLab/data/Step3_EnumeratedPairs.csv
All passes (19): ['module(elim-avail-extern)', 'module(scc-oz-module-inliner)', 'module(iroutliner)', 'module(globalopt)', 'function(newgvn)', 'function(mem2reg)', 'function(instsimplify)', 'function(reassociate)', 'function(memcpyopt)', 'function(gvn-hoist)', 'function(dce)', 'function(jump-threading)', 'function(gvn-sink)', 'cgscc(attributor-cgscc)', 'function(dse)', 'module(attributor)', 'module(inferattrs)', 'loop(loop-simplifycfg)', 'function(lower-switch)']
Synergy edges: 176
Self-loop passes: {'function(newgvn)', 'module(attributor)', 'cgscc(attributor-cgscc)'}

============================================================
实验轮次 1 / 1
============================================================
============================================================
目标类型:      instrcount
目标基准:      -Oz
基准指标:      -Oz 基准指令数
优化指标:      归一化指令数
输入程序数:    200
输入次优序列数: 84
测试程序数:    50
Pass 词表大小: 19
协同边数:      176
自环 pass 数:  3
序列长度上限:  120
Loop 合法化策略: wrap
实验种子:      457
划分种子:      457
特征模式:      lite
RF 特征维度:   31
词表: ['module(elim-avail-extern)', 'module(scc-oz-module-inliner)', 'module(iroutliner)', 'module(globalopt)', 'function(newgvn)', 'function(mem2reg)', 'function(instsimplify)', 'function(reassociate)', 'function(memcpyopt)', 'function(gvn-hoist)', 'function(dce)', 'function(jump-threading)', 'function(gvn-sink)', 'cgscc(attributor-cgscc)', 'function(dse)', 'module(attributor)', 'module(inferattrs)', 'loop(loop-simplifycfg)', 'function(lower-switch)']
多目标权重:    mean=1.0, worsen=0.05, highvar=0.0

[Step 1.5] 训练程序切分...
  search_train 程序数: 100
  validation 程序数:   100
  split_signature(search_train): 8cdb16291f35559effd96f7e4420b86a084ca961
  split_signature(validation):   0e8d483fbecaf170dc55da4f941b09188bbf9bf2
  split_signature(test):         f68c78b484e63824ec49becfd7a5e2e2baf475d5

[Step 2] 计算 search_train 程序 -Oz 基准指令数...
[Step 2b] 计算 validation 程序 -Oz 基准指令数...
[Step 2c] 计算测试集程序 -Oz 基准指令数...

[Step 3] 评估初始 seed 序列（共 84 条）...

[Step 4] 开始贝叶斯优化（100 轮）...
GA search time: 6.82s, candidates: 372
  [iter   1/100] search_obj=0.8099  search_best=0.8006  validation_best=0.8243  EI=0.0110  rnum=172.7  len=20  syn_rate=0.16  mean=0.8029  worsen=14.00%  highvar=0.00%
GA search time: 9.38s, candidates: 370
  [iter   2/100] search_obj=0.9621  search_best=0.8006  validation_best=0.8243  EI=0.0140  rnum=170.6  len=45  syn_rate=0.34  mean=0.9371  worsen=50.00%  highvar=0.00%
GA search time: 6.87s, candidates: 368
  [iter   3/100] search_obj=1.0174  search_best=0.8006  validation_best=0.8243  EI=0.0087  rnum=168.4  len=16  syn_rate=0.15  mean=1.0054  worsen=24.00%  highvar=0.00%
GA search time: 5.19s, candidates: 366
  [iter   4/100] search_obj=0.9541  search_best=0.8006  validation_best=0.8243  EI=0.0113  rnum=166.3  len=19  syn_rate=0.16  mean=0.9456  worsen=17.00%  highvar=0.00%
GA search time: 9.97s, candidates: 364
  [iter   5/100] search_obj=0.7965  search_best=0.7965  validation_best=0.8098  EI=0.0086  rnum=164.2  len=20  syn_rate=0.28  mean=0.7910  worsen=11.00%  highvar=0.00%
GA search time: 7.86s, candidates: 362
  [iter   6/100] search_obj=0.9663  search_best=0.7965  validation_best=0.8098  EI=0.0127  rnum=162.0  len=25  syn_rate=0.23  mean=0.9543  worsen=24.00%  highvar=0.00%
GA search time: 8.46s, candidates: 359
  [iter   7/100] search_obj=0.8591  search_best=0.7965  validation_best=0.8098  EI=0.0152  rnum=159.9  len=21  syn_rate=0.30  mean=0.8521  worsen=14.00%  highvar=0.00%
GA search time: 7.71s, candidates: 357
  [iter   8/100] search_obj=0.8229  search_best=0.7965  validation_best=0.8098  EI=0.0094  rnum=157.7  len=20  syn_rate=0.23  mean=0.8154  worsen=15.00%  highvar=0.00%
GA search time: 6.90s, candidates: 355
  [iter   9/100] search_obj=0.8217  search_best=0.7965  validation_best=0.8098  EI=0.0087  rnum=155.6  len=13  syn_rate=0.14  mean=0.8147  worsen=14.00%  highvar=0.00%
GA search time: 3.88s, candidates: 353
  [iter  10/100] search_obj=0.8217  search_best=0.7965  validation_best=0.8098  EI=0.0098  rnum=153.4  len=14  syn_rate=0.14  mean=0.8147  worsen=14.00%  highvar=0.00%
GA search time: 3.38s, candidates: 351
  [iter  11/100] search_obj=0.7976  search_best=0.7965  validation_best=0.8098  EI=0.0117  rnum=151.3  len=20  syn_rate=0.24  mean=0.7921  worsen=11.00%  highvar=0.00%
GA search time: 2.59s, candidates: 349
  [iter  12/100] search_obj=0.9118  search_best=0.7965  validation_best=0.8098  EI=0.0121  rnum=149.1  len=20  syn_rate=0.18  mean=0.9048  worsen=14.00%  highvar=0.00%
GA search time: 2.64s, candidates: 346
  [iter  13/100] search_obj=0.9666  search_best=0.7965  validation_best=0.8098  EI=0.0095  rnum=147.0  len=20  syn_rate=0.26  mean=0.9551  worsen=23.00%  highvar=0.00%
GA search time: 2.82s, candidates: 344
  [iter  14/100] search_obj=0.9075  search_best=0.7965  validation_best=0.8098  EI=0.0093  rnum=144.8  len=13  syn_rate=0.15  mean=0.8990  worsen=17.00%  highvar=0.00%
GA search time: 3.85s, candidates: 342
  [iter  15/100] search_obj=0.8493  search_best=0.7965  validation_best=0.8098  EI=0.0080  rnum=142.7  len=10  syn_rate=0.12  mean=0.8413  worsen=16.00%  highvar=0.00%
GA search time: 3.30s, candidates: 340
  [iter  16/100] search_obj=1.7603  search_best=0.7965  validation_best=0.8098  EI=0.0091  rnum=140.5  len=10  syn_rate=0.07  mean=1.7118  worsen=97.00%  highvar=0.00%
GA search time: 3.04s, candidates: 338
  [iter  17/100] search_obj=1.1325  search_best=0.7965  validation_best=0.8098  EI=0.0389  rnum=138.4  len=10  syn_rate=0.06  mean=1.1055  worsen=54.00%  highvar=0.00%
GA search time: 2.19s, candidates: 336
  [iter  18/100] search_obj=1.1181  search_best=0.7965  validation_best=0.8098  EI=0.0367  rnum=136.3  len=12  syn_rate=0.07  mean=1.0921  worsen=52.00%  highvar=0.00%
GA search time: 2.29s, candidates: 334
  [iter  19/100] search_obj=0.8239  search_best=0.7965  validation_best=0.8098  EI=0.0315  rnum=134.2  len=15  syn_rate=0.14  mean=0.8179  worsen=12.00%  highvar=0.00%
GA search time: 1.70s, candidates: 332
  [iter  20/100] search_obj=1.0178  search_best=0.7965  validation_best=0.8098  EI=0.0370  rnum=132.1  len=12  syn_rate=0.19  mean=1.0063  worsen=23.00%  highvar=0.00%
GA search time: 2.28s, candidates: 329
  [iter  21/100] search_obj=0.9069  search_best=0.7965  validation_best=0.8098  EI=0.0381  rnum=130.0  len=11  syn_rate=0.10  mean=0.8999  worsen=14.00%  highvar=0.00%
GA search time: 1.36s, candidates: 327
  [iter  22/100] search_obj=0.9528  search_best=0.7965  validation_best=0.8098  EI=0.0269  rnum=127.9  len=19  syn_rate=0.06  mean=0.9463  worsen=13.00%  highvar=0.00%
GA search time: 4.04s, candidates: 325
  [iter  23/100] search_obj=1.4346  search_best=0.7965  validation_best=0.8098  EI=0.0242  rnum=125.8  len=22  syn_rate=0.18  mean=1.3891  worsen=91.00%  highvar=0.00%
GA search time: 5.54s, candidates: 323
  [iter  24/100] search_obj=0.9808  search_best=0.7965  validation_best=0.8098  EI=0.0165  rnum=123.7  len=13  syn_rate=0.06  mean=0.9718  worsen=18.00%  highvar=0.00%
GA search time: 1.88s, candidates: 321
  [iter  25/100] search_obj=0.7976  search_best=0.7965  validation_best=0.8098  EI=0.0107  rnum=121.6  len=20  syn_rate=0.24  mean=0.7921  worsen=11.00%  highvar=0.00%
GA search time: 2.38s, candidates: 319
  [iter  26/100] search_obj=0.8497  search_best=0.7965  validation_best=0.8098  EI=0.0098  rnum=119.6  len=20  syn_rate=0.16  mean=0.8412  worsen=17.00%  highvar=0.00%
GA search time: 1.62s, candidates: 317
  [iter  27/100] search_obj=0.8181  search_best=0.7965  validation_best=0.8098  EI=0.0097  rnum=117.5  len=16  syn_rate=0.19  mean=0.8111  worsen=14.00%  highvar=0.00%
GA search time: 2.33s, candidates: 315
  [iter  28/100] search_obj=1.5285  search_best=0.7965  validation_best=0.8098  EI=0.0100  rnum=115.5  len=15  syn_rate=0.11  mean=1.4820  worsen=93.00%  highvar=0.00%
GA search time: 13.42s, candidates: 313
  [iter  29/100] search_obj=0.8177  search_best=0.7965  validation_best=0.8098  EI=0.0220  rnum=113.5  len=31  syn_rate=0.26  mean=0.8107  worsen=14.00%  highvar=0.00%
GA search time: 10.55s, candidates: 311
  [iter  30/100] search_obj=1.0101  search_best=0.7965  validation_best=0.8098  EI=0.0317  rnum=111.5  len=20  syn_rate=0.19  mean=0.9991  worsen=22.00%  highvar=0.00%
GA search time: 1.81s, candidates: 309
  [iter  31/100] search_obj=0.8034  search_best=0.7965  validation_best=0.8098  EI=0.0113  rnum=109.5  len=21  syn_rate=0.25  mean=0.7979  worsen=11.00%  highvar=0.00%
GA search time: 2.19s, candidates: 307
  [iter  32/100] search_obj=0.9667  search_best=0.7965  validation_best=0.8098  EI=0.0141  rnum=107.6  len=20  syn_rate=0.24  mean=0.9552  worsen=23.00%  highvar=0.00%
GA search time: 2.68s, candidates: 305
  [iter  33/100] search_obj=0.7972  search_best=0.7965  validation_best=0.8098  EI=0.0118  rnum=105.6  len=20  syn_rate=0.27  mean=0.7917  worsen=11.00%  highvar=0.00%
GA search time: 2.24s, candidates: 303
  [iter  34/100] search_obj=1.0087  search_best=0.7965  validation_best=0.8098  EI=0.0109  rnum=103.7  len=21  syn_rate=0.22  mean=0.9982  worsen=21.00%  highvar=0.00%
GA search time: 2.02s, candidates: 301
  [iter  35/100] search_obj=0.7972  search_best=0.7965  validation_best=0.8098  EI=0.0139  rnum=101.7  len=21  syn_rate=0.27  mean=0.7917  worsen=11.00%  highvar=0.00%
GA search time: 1.79s, candidates: 299
  [iter  36/100] search_obj=0.7972  search_best=0.7965  validation_best=0.8098  EI=0.0139  rnum=99.8  len=22  syn_rate=0.27  mean=0.7917  worsen=11.00%  highvar=0.00%
GA search time: 1.52s, candidates: 297
  [iter  37/100] search_obj=0.7972  search_best=0.7965  validation_best=0.8098  EI=0.0124  rnum=97.9  len=22  syn_rate=0.25  mean=0.7917  worsen=11.00%  highvar=0.00%
GA search time: 2.18s, candidates: 296
  [iter  38/100] search_obj=1.0067  search_best=0.7965  validation_best=0.8098  EI=0.0133  rnum=96.1  len=24  syn_rate=0.28  mean=0.9962  worsen=21.00%  highvar=0.00%
GA search time: 2.61s, candidates: 294
  [iter  39/100] search_obj=0.9666  search_best=0.7965  validation_best=0.8098  EI=0.0142  rnum=94.2  len=23  syn_rate=0.28  mean=0.9551  worsen=23.00%  highvar=0.00%
GA search time: 1.44s, candidates: 292
  [iter  40/100] search_obj=0.9563  search_best=0.7965  validation_best=0.8098  EI=0.0113  rnum=92.4  len=20  syn_rate=0.23  mean=0.9458  worsen=21.00%  highvar=0.00%
GA search time: 1.99s, candidates: 290
  [iter  41/100] search_obj=0.9666  search_best=0.7965  validation_best=0.8098  EI=0.0124  rnum=90.5  len=22  syn_rate=0.25  mean=0.9551  worsen=23.00%  highvar=0.00%
GA search time: 1.79s, candidates: 288
  [iter  42/100] search_obj=0.8038  search_best=0.7965  validation_best=0.8098  EI=0.0126  rnum=88.7  len=21  syn_rate=0.27  mean=0.7983  worsen=11.00%  highvar=0.00%
GA search time: 1.97s, candidates: 286
  [iter  43/100] search_obj=0.7972  search_best=0.7965  validation_best=0.8098  EI=0.0137  rnum=87.0  len=22  syn_rate=0.27  mean=0.7917  worsen=11.00%  highvar=0.00%
GA search time: 1.74s, candidates: 285
  [iter  44/100] search_obj=0.7944  search_best=0.7944  validation_best=0.8098  EI=0.0140  rnum=85.2  len=22  syn_rate=0.28  mean=0.7889  worsen=11.00%  highvar=0.00%
GA search time: 3.13s, candidates: 283
  [iter  45/100] search_obj=0.7976  search_best=0.7944  validation_best=0.8098  EI=0.0133  rnum=83.5  len=21  syn_rate=0.24  mean=0.7921  worsen=11.00%  highvar=0.00%
GA search time: 4.81s, candidates: 281
  [iter  46/100] search_obj=1.0061  search_best=0.7944  validation_best=0.8098  EI=0.0206  rnum=81.7  len=12  syn_rate=0.12  mean=0.9966  worsen=19.00%  highvar=0.00%
GA search time: 6.16s, candidates: 280
  [iter  47/100] search_obj=1.0464  search_best=0.7944  validation_best=0.8098  EI=0.0244  rnum=80.0  len=20  syn_rate=0.27  mean=1.0304  worsen=32.00%  highvar=0.00%
GA search time: 2.39s, candidates: 278
  [iter  48/100] search_obj=0.9029  search_best=0.7944  validation_best=0.8098  EI=0.0197  rnum=78.4  len=28  syn_rate=0.43  mean=0.8959  worsen=14.00%  highvar=0.00%
GA search time: 2.03s, candidates: 276
  [iter  49/100] search_obj=0.8217  search_best=0.7944  validation_best=0.8098  EI=0.0236  rnum=76.7  len=12  syn_rate=0.15  mean=0.8147  worsen=14.00%  highvar=0.00%
GA search time: 2.62s, candidates: 275
  [iter  50/100] search_obj=1.1193  search_best=0.7944  validation_best=0.8098  EI=0.0152  rnum=75.1  len=15  syn_rate=0.19  mean=1.0848  worsen=69.00%  highvar=0.00%
GA search time: 2.88s, candidates: 273
  [iter  51/100] search_obj=1.0083  search_best=0.7944  validation_best=0.8098  EI=0.0183  rnum=73.4  len=22  syn_rate=0.26  mean=0.9973  worsen=22.00%  highvar=0.00%
GA search time: 1.85s, candidates: 271
  [iter  52/100] search_obj=0.7976  search_best=0.7944  validation_best=0.8098  EI=0.0131  rnum=71.8  len=22  syn_rate=0.24  mean=0.7921  worsen=11.00%  highvar=0.00%
GA search time: 2.48s, candidates: 270
  [iter  53/100] search_obj=0.7976  search_best=0.7944  validation_best=0.8098  EI=0.0141  rnum=70.3  len=24  syn_rate=0.24  mean=0.7921  worsen=11.00%  highvar=0.00%
GA search time: 3.79s, candidates: 268
  [iter  54/100] search_obj=0.8021  search_best=0.7944  validation_best=0.8098  EI=0.0141  rnum=68.7  len=27  syn_rate=0.25  mean=0.7966  worsen=11.00%  highvar=0.00%
GA search time: 2.70s, candidates: 267
  [iter  55/100] search_obj=0.7955  search_best=0.7944  validation_best=0.8098  EI=0.0142  rnum=67.2  len=25  syn_rate=0.27  mean=0.7900  worsen=11.00%  highvar=0.00%
GA search time: 4.39s, candidates: 265
  [iter  56/100] search_obj=0.8555  search_best=0.7944  validation_best=0.8098  EI=0.0139  rnum=65.7  len=30  syn_rate=0.30  mean=0.8495  worsen=12.00%  highvar=0.00%
GA search time: 1.70s, candidates: 264
  [iter  57/100] search_obj=0.7972  search_best=0.7944  validation_best=0.8098  EI=0.0144  rnum=64.2  len=22  syn_rate=0.27  mean=0.7917  worsen=11.00%  highvar=0.00%
GA search time: 1.91s, candidates: 262
  [iter  58/100] search_obj=0.9507  search_best=0.7944  validation_best=0.8098  EI=0.0134  rnum=62.7  len=15  syn_rate=0.14  mean=0.9442  worsen=13.00%  highvar=0.00%
GA search time: 2.34s, candidates: 261
  [iter  59/100] search_obj=0.9176  search_best=0.7944  validation_best=0.8098  EI=0.0145  rnum=61.3  len=10  syn_rate=0.12  mean=0.9101  worsen=15.00%  highvar=0.00%
GA search time: 1.75s, candidates: 259
  [iter  60/100] search_obj=1.0163  search_best=0.7944  validation_best=0.8098  EI=0.0144  rnum=59.8  len=12  syn_rate=0.14  mean=1.0053  worsen=22.00%  highvar=0.00%
GA search time: 4.30s, candidates: 258
  [iter  61/100] search_obj=1.1208  search_best=0.7944  validation_best=0.8098  EI=0.0127  rnum=58.4  len=26  syn_rate=0.27  mean=1.0938  worsen=54.00%  highvar=0.00%
GA search time: 2.42s, candidates: 257
  [iter  62/100] search_obj=0.9522  search_best=0.7944  validation_best=0.8098  EI=0.0156  rnum=57.0  len=20  syn_rate=0.27  mean=0.9457  worsen=13.00%  highvar=0.00%
GA search time: 2.44s, candidates: 255
  [iter  63/100] search_obj=0.9722  search_best=0.7944  validation_best=0.8098  EI=0.0141  rnum=55.7  len=31  syn_rate=0.31  mean=0.9607  worsen=23.00%  highvar=0.00%
GA search time: 1.72s, candidates: 254
  [iter  64/100] search_obj=0.7955  search_best=0.7944  validation_best=0.8098  EI=0.0150  rnum=54.3  len=26  syn_rate=0.27  mean=0.7900  worsen=11.00%  highvar=0.00%
GA search time: 1.48s, candidates: 253
  [iter  65/100] search_obj=0.9458  search_best=0.7944  validation_best=0.8098  EI=0.0151  rnum=53.0  len=37  syn_rate=0.27  mean=0.9398  worsen=12.00%  highvar=0.00%
GA search time: 2.55s, candidates: 251
  [iter  66/100] search_obj=0.8361  search_best=0.7944  validation_best=0.8098  EI=0.0176  rnum=51.7  len=10  syn_rate=0.06  mean=0.8301  worsen=12.00%  highvar=0.00%
GA search time: 1.86s, candidates: 250
  [iter  67/100] search_obj=1.1288  search_best=0.7944  validation_best=0.8098  EI=0.0191  rnum=50.5  len=11  syn_rate=0.07  mean=1.1013  worsen=55.00%  highvar=0.00%
GA search time: 1.43s, candidates: 249
  [iter  68/100] search_obj=0.9100  search_best=0.7944  validation_best=0.8098  EI=0.0186  rnum=49.2  len=10  syn_rate=0.14  mean=0.9015  worsen=17.00%  highvar=0.00%
GA search time: 1.82s, candidates: 247
  [iter  69/100] search_obj=0.7976  search_best=0.7944  validation_best=0.8098  EI=0.0135  rnum=48.0  len=22  syn_rate=0.24  mean=0.7921  worsen=11.00%  highvar=0.00%
GA search time: 1.70s, candidates: 246
  [iter  70/100] search_obj=0.8010  search_best=0.7944  validation_best=0.8098  EI=0.0139  rnum=46.8  len=25  syn_rate=0.24  mean=0.7955  worsen=11.00%  highvar=0.00%
GA search time: 1.36s, candidates: 245
  [iter  71/100] search_obj=1.0049  search_best=0.7944  validation_best=0.8098  EI=0.0145  rnum=45.6  len=21  syn_rate=0.27  mean=0.9954  worsen=19.00%  highvar=0.00%
GA search time: 1.14s, candidates: 244
  [iter  72/100] search_obj=1.0171  search_best=0.7944  validation_best=0.8098  EI=0.0130  rnum=44.4  len=26  syn_rate=0.24  mean=1.0046  worsen=25.00%  highvar=0.00%
GA search time: 1.07s, candidates: 243
  [iter  73/100] search_obj=0.7947  search_best=0.7944  validation_best=0.8098  EI=0.0151  rnum=43.3  len=28  syn_rate=0.27  mean=0.7892  worsen=11.00%  highvar=0.00%
GA search time: 1.60s, candidates: 242
  [iter  74/100] search_obj=0.7953  search_best=0.7944  validation_best=0.8098  EI=0.0154  rnum=42.2  len=30  syn_rate=0.27  mean=0.7898  worsen=11.00%  highvar=0.00%
GA search time: 1.46s, candidates: 241
  [iter  75/100] search_obj=0.8010  search_best=0.7944  validation_best=0.8098  EI=0.0133  rnum=41.1  len=27  syn_rate=0.24  mean=0.7955  worsen=11.00%  highvar=0.00%
GA search time: 1.84s, candidates: 239
  [iter  76/100] search_obj=0.8361  search_best=0.7944  validation_best=0.8098  EI=0.0149  rnum=40.0  len=10  syn_rate=0.07  mean=0.8301  worsen=12.00%  highvar=0.00%
GA search time: 1.73s, candidates: 238
  [iter  77/100] search_obj=1.0067  search_best=0.7944  validation_best=0.8098  EI=0.0152  rnum=38.9  len=24  syn_rate=0.27  mean=0.9962  worsen=21.00%  highvar=0.00%
GA search time: 1.65s, candidates: 237
  [iter  78/100] search_obj=0.7955  search_best=0.7944  validation_best=0.8098  EI=0.0150  rnum=37.9  len=27  syn_rate=0.28  mean=0.7900  worsen=11.00%  highvar=0.00%
GA search time: 1.52s, candidates: 236
  [iter  79/100] search_obj=0.7944  search_best=0.7944  validation_best=0.8098  EI=0.0160  rnum=36.9  len=24  syn_rate=0.27  mean=0.7889  worsen=11.00%  highvar=0.00%
GA search time: 1.51s, candidates: 235
  [iter  80/100] search_obj=0.8020  search_best=0.7944  validation_best=0.8098  EI=0.0157  rnum=35.9  len=26  syn_rate=0.25  mean=0.7965  worsen=11.00%  highvar=0.00%
GA search time: 1.42s, candidates: 234
  [iter  81/100] search_obj=0.7944  search_best=0.7944  validation_best=0.8098  EI=0.0167  rnum=34.9  len=22  syn_rate=0.27  mean=0.7889  worsen=11.00%  highvar=0.00%
GA search time: 1.19s, candidates: 233
  [iter  82/100] search_obj=0.8182  search_best=0.7944  validation_best=0.8098  EI=0.0165  rnum=33.9  len=10  syn_rate=0.09  mean=0.8137  worsen=9.00%  highvar=0.00%
GA search time: 2.58s, candidates: 233
  [iter  83/100] search_obj=0.7997  search_best=0.7944  validation_best=0.8098  EI=0.0145  rnum=33.0  len=29  syn_rate=0.27  mean=0.7942  worsen=11.00%  highvar=0.00%
GA search time: 2.05s, candidates: 232
  [iter  84/100] search_obj=0.7944  search_best=0.7944  validation_best=0.8098  EI=0.0154  rnum=32.1  len=24  syn_rate=0.28  mean=0.7889  worsen=11.00%  highvar=0.00%
GA search time: 1.86s, candidates: 231
  [iter  85/100] search_obj=0.8217  search_best=0.7944  validation_best=0.8098  EI=0.0187  rnum=31.2  len=10  syn_rate=0.11  mean=0.8147  worsen=14.00%  highvar=0.00%
GA search time: 1.34s, candidates: 230
  [iter  86/100] search_obj=0.8091  search_best=0.7944  validation_best=0.8098  EI=0.0185  rnum=30.3  len=17  syn_rate=0.11  mean=0.8021  worsen=14.00%  highvar=0.00%
GA search time: 1.49s, candidates: 229
  [iter  87/100] search_obj=1.0138  search_best=0.7944  validation_best=0.8098  EI=0.0300  rnum=29.5  len=17  syn_rate=0.15  mean=1.0013  worsen=25.00%  highvar=0.00%
GA search time: 1.65s, candidates: 228
  [iter  88/100] search_obj=0.7931  search_best=0.7931  validation_best=0.8098  EI=0.0165  rnum=28.6  len=28  syn_rate=0.28  mean=0.7876  worsen=11.00%  highvar=0.00%
GA search time: 2.03s, candidates: 227
  [iter  89/100] search_obj=0.8414  search_best=0.7931  validation_best=0.8098  EI=0.0144  rnum=27.8  len=29  syn_rate=0.29  mean=0.8344  worsen=14.00%  highvar=0.00%
GA search time: 1.36s, candidates: 226
  [iter  90/100] search_obj=0.9545  search_best=0.7931  validation_best=0.8098  EI=0.0164  rnum=27.0  len=25  syn_rate=0.28  mean=0.9440  worsen=21.00%  highvar=0.00%
GA search time: 1.09s, candidates: 226
  [iter  91/100] search_obj=0.9462  search_best=0.7931  validation_best=0.8098  EI=0.0154  rnum=26.2  len=24  syn_rate=0.28  mean=0.9397  worsen=13.00%  highvar=0.00%
GA search time: 1.95s, candidates: 225
  [iter  92/100] search_obj=1.0082  search_best=0.7931  validation_best=0.8098  EI=0.0133  rnum=25.4  len=24  syn_rate=0.26  mean=0.9982  worsen=20.00%  highvar=0.00%
GA search time: 1.87s, candidates: 224
  [iter  93/100] search_obj=0.7972  search_best=0.7931  validation_best=0.8098  EI=0.0144  rnum=24.7  len=27  syn_rate=0.28  mean=0.7917  worsen=11.00%  highvar=0.00%
GA search time: 1.75s, candidates: 223
  [iter  94/100] search_obj=0.7972  search_best=0.7931  validation_best=0.8098  EI=0.0139  rnum=24.0  len=24  syn_rate=0.28  mean=0.7917  worsen=11.00%  highvar=0.00%
GA search time: 1.47s, candidates: 223
  [iter  95/100] search_obj=0.8224  search_best=0.7931  validation_best=0.8098  EI=0.0133  rnum=23.3  len=25  syn_rate=0.28  mean=0.8154  worsen=14.00%  highvar=0.00%
GA search time: 1.27s, candidates: 222
  [iter  96/100] search_obj=0.8023  search_best=0.7931  validation_best=0.8098  EI=0.0132  rnum=22.6  len=25  syn_rate=0.26  mean=0.7968  worsen=11.00%  highvar=0.00%
GA search time: 1.58s, candidates: 221
  [iter  97/100] search_obj=0.9545  search_best=0.7931  validation_best=0.8098  EI=0.0139  rnum=21.9  len=25  syn_rate=0.27  mean=0.9480  worsen=13.00%  highvar=0.00%
GA search time: 0.98s, candidates: 221
  [iter  98/100] search_obj=0.7956  search_best=0.7931  validation_best=0.8098  EI=0.0139  rnum=21.2  len=24  syn_rate=0.27  mean=0.7901  worsen=11.00%  highvar=0.00%
GA search time: 1.46s, candidates: 220
  [iter  99/100] search_obj=0.8606  search_best=0.7931  validation_best=0.8098  EI=0.0142  rnum=20.6  len=22  syn_rate=0.26  mean=0.8511  worsen=19.00%  highvar=0.00%
GA search time: 1.14s, candidates: 219
  [iter 100/100] search_obj=1.0990  search_best=0.7931  validation_best=0.8098  EI=0.0179  rnum=19.9  len=17  syn_rate=0.09  mean=1.0760  worsen=46.00%  highvar=0.00%

[Step 5] 按 validation 选择最终通用序列...
  选择结果:
    search_train_obj=0.7965, search_train_mean=0.7910, search_train_worsen=11.00%, search_train_highvar=0.00%
    validation_obj=0.8098, validation_mean=0.8023, validation_worsen=15.00%, validation_highvar=0.00%

[Step 6] 在 validation 上执行消融后处理...

[Ablation-validation] 初始序列长度: 20, objective: 0.8098, mean_norm: 0.8023, worsen_rate: 15.00%
  移除 [19] function(jump-threading): objective 0.8098, mean_norm 0.8023, worsen_rate 15.00% (保留移除)
  移除 [18] module(globalopt): objective 0.8098, mean_norm 0.8023, worsen_rate 15.00% (保留移除)
  移除 [17] function(newgvn): objective 0.8112 > 0.8098 (恢复)
  移除 [16] function(instsimplify): objective 0.8098, mean_norm 0.8023, worsen_rate 15.00% (保留移除)
  移除 [15] module(scc-oz-module-inliner): objective 0.8422 > 0.8098 (恢复)
  移除 [14] module(attributor): objective 0.8531 > 0.8098 (恢复)
  移除 [13] module(globalopt): objective 0.8098, mean_norm 0.8023, worsen_rate 15.00% (保留移除)
  移除 [12] module(globalopt): objective 0.8098, mean_norm 0.8023, worsen_rate 15.00% (保留移除)
  移除 [11] module(elim-avail-extern): objective 0.8098, mean_norm 0.8023, worsen_rate 15.00% (保留移除)
  移除 [10] function(gvn-sink): objective 0.8098, mean_norm 0.8023, worsen_rate 15.00% (保留移除)
  移除 [9] function(jump-threading): objective 0.8098, mean_norm 0.8023, worsen_rate 15.00% (保留移除)
  移除 [8] module(iroutliner): objective 0.8105 > 0.8098 (恢复)
  移除 [7] module(scc-oz-module-inliner): objective 0.8682 > 0.8098 (恢复)
  移除 [6] module(attributor): objective 1.0038 > 0.8098 (恢复)
  移除 [5] module(iroutliner): objective 0.8892 > 0.8098 (恢复)
  移除 [4] module(inferattrs): objective 0.8239 > 0.8098 (恢复)
  移除 [3] module(globalopt): objective 0.8098, mean_norm 0.8023, worsen_rate 15.00% (保留移除)
  移除 [2] function(gvn-sink): objective 0.8111 > 0.8098 (恢复)
  移除 [1] module(globalopt): objective 0.9311 > 0.8098 (恢复)
  移除 [0] module(elim-avail-extern): objective 1.0297 > 0.8098 (恢复)
[Ablation-validation] 最终序列长度: 11, objective: 0.8098, mean_norm: 0.8023, worsen_rate: 15.00%, 移除了 9 个 pass
  消融有效: 20 → 11 passes, validation_objective: 0.8098 → 0.8098

最终通用 pass 序列（effective=11 个顶层 pass, raw=11 个 pass, syn_rate(raw)=0.11）:
  module(elim-avail-extern) → module(globalopt) → function(gvn-sink) → module(inferattrs) → module(iroutliner) → module(attributor) → module(scc-oz-module-inliner) → module(iroutliner) → module(attributor) → module(scc-oz-module-inliner) → function(newgvn)
  search_train_obj=0.7969, search_train_mean=0.7914, search_train_worsen=11.00%, search_train_highvar=0.00%
  validation_obj=0.8098, validation_mean=0.8023, validation_worsen=15.00%, validation_highvar=0.00%
  test_obj=0.8180, test_mean=0.8110, test_worsen=14.00%, test_highvar=0.00%

Top-5 最佳序列（按 validation 多目标 objective 升序）:
  #1: validation_obj=0.8098, validation_mean=0.8023, validation_worsen=15.00%, validation_highvar=0.00%, train_obj=0.7965, train_mean=0.7910, train_highvar=0.00%, len=20, syn_rate=0.28, test_obj=0.8175, test_mean=0.8105, test_worsen=14.00%, test_highvar=0.00%
     module(elim-avail-extern) → module(globalopt) → function(gvn-sink) → module(globalopt) → module(inferattrs) → module(iroutliner) → module(attributor) → module(scc-oz-module-inliner) → module(iroutliner) → function(jump-threading) → function(gvn-sink) → module(elim-avail-extern) → module(globalopt) → module(globalopt) → module(attributor) → module(scc-oz-module-inliner) → function(instsimplify) → function(newgvn) → module(globalopt) → function(jump-threading)
  #2: validation_obj=0.8102, validation_mean=0.8027, validation_worsen=15.00%, validation_highvar=0.00%, train_obj=0.7953, train_mean=0.7898, train_highvar=0.00%, len=30, syn_rate=0.27, test_obj=0.8175, test_mean=0.8105, test_worsen=14.00%, test_highvar=0.00%
     module(elim-avail-extern) → module(globalopt) → function(gvn-sink) → module(globalopt) → module(inferattrs) → module(iroutliner) → module(attributor) → module(scc-oz-module-inliner) → module(globalopt) → function(jump-threading) → function(gvn-sink) → module(elim-avail-extern) → function(gvn-sink) → module(elim-avail-extern) → module(globalopt) → module(globalopt) → module(globalopt) → module(globalopt) → function(gvn-sink) → module(attributor) → module(scc-oz-module-inliner) → function(gvn-sink) → module(inferattrs) → module(elim-avail-extern) → module(attributor) → module(scc-oz-module-inliner) → function(instsimplify) → function(newgvn) → module(globalopt) → function(jump-threading)
  #3: validation_obj=0.8103, validation_mean=0.8028, validation_worsen=15.00%, validation_highvar=0.00%, train_obj=0.7944, train_mean=0.7889, train_highvar=0.00%, len=22, syn_rate=0.28, test_obj=0.8172, test_mean=0.8102, test_worsen=14.00%, test_highvar=0.00%
     module(elim-avail-extern) → module(globalopt) → function(gvn-sink) → module(inferattrs) → module(iroutliner) → module(attributor) → module(scc-oz-module-inliner) → module(globalopt) → function(jump-threading) → function(gvn-sink) → module(elim-avail-extern) → module(globalopt) → module(globalopt) → module(attributor) → module(scc-oz-module-inliner) → function(instsimplify) → function(newgvn) → module(globalopt) → module(scc-oz-module-inliner) → function(instsimplify) → module(inferattrs) → function(jump-threading)
  #4: validation_obj=0.8103, validation_mean=0.8028, validation_worsen=15.00%, validation_highvar=0.00%, train_obj=0.7944, train_mean=0.7889, train_highvar=0.00%, len=22, syn_rate=0.27, test_obj=0.8172, test_mean=0.8102, test_worsen=14.00%, test_highvar=0.00%
     module(elim-avail-extern) → module(globalopt) → function(gvn-sink) → module(inferattrs) → module(iroutliner) → module(attributor) → function(instsimplify) → module(scc-oz-module-inliner) → module(globalopt) → function(jump-threading) → function(gvn-sink) → module(elim-avail-extern) → module(globalopt) → module(globalopt) → module(attributor) → module(scc-oz-module-inliner) → function(instsimplify) → function(newgvn) → module(globalopt) → module(scc-oz-module-inliner) → module(inferattrs) → function(jump-threading)
  #5: validation_obj=0.8103, validation_mean=0.8028, validation_worsen=15.00%, validation_highvar=0.00%, train_obj=0.7944, train_mean=0.7889, train_highvar=0.00%, len=24, syn_rate=0.28, test_obj=0.8172, test_mean=0.8102, test_worsen=14.00%, test_highvar=0.00%
     module(elim-avail-extern) → module(globalopt) → function(gvn-sink) → module(inferattrs) → module(iroutliner) → module(attributor) → module(scc-oz-module-inliner) → module(globalopt) → function(jump-threading) → function(gvn-sink) → module(elim-avail-extern) → module(globalopt) → module(globalopt) → module(attributor) → module(scc-oz-module-inliner) → function(instsimplify) → function(newgvn) → module(globalopt) → module(scc-oz-module-inliner) → module(elim-avail-extern) → function(instsimplify) → module(inferattrs) → function(jump-threading) → function(jump-threading)

============================================================
所有轮次中最优 validation objective: 0.8098
最优通用 pass 序列 (11 passes):
  module(elim-avail-extern) → module(globalopt) → function(gvn-sink) → module(inferattrs) → module(iroutliner) → module(attributor) → module(scc-oz-module-inliner) → module(iroutliner) → module(attributor) → module(scc-oz-module-inliner) → function(newgvn)
  search_train_obj=0.7969, search_train_mean=0.7914, search_train_worsen=11.00%, search_train_highvar=0.00%
  validation_obj=0.8098, validation_mean=0.8023, validation_worsen=15.00%, validation_highvar=0.00%
  test_obj=0.8180, test_mean=0.8110, test_worsen=14.00%, test_highvar=0.00%

最优轮次 Top-5 序列（含测试集效果，按 validation objective 升序）:
  #1: validation_obj=0.8098, validation_mean=0.8023, validation_worsen=15.00%, validation_highvar=0.00%, train_obj=0.7965, train_mean=0.7910, train_highvar=0.00%, len=20, syn_rate=0.28, test_obj=0.8175, test_mean=0.8105, test_worsen=14.00%, test_highvar=0.00%
     module(elim-avail-extern) → module(globalopt) → function(gvn-sink) → module(globalopt) → module(inferattrs) → module(iroutliner) → module(attributor) → module(scc-oz-module-inliner) → module(iroutliner) → function(jump-threading) → function(gvn-sink) → module(elim-avail-extern) → module(globalopt) → module(globalopt) → module(attributor) → module(scc-oz-module-inliner) → function(instsimplify) → function(newgvn) → module(globalopt) → function(jump-threading)
  #2: validation_obj=0.8102, validation_mean=0.8027, validation_worsen=15.00%, validation_highvar=0.00%, train_obj=0.7953, train_mean=0.7898, train_highvar=0.00%, len=30, syn_rate=0.27, test_obj=0.8175, test_mean=0.8105, test_worsen=14.00%, test_highvar=0.00%
     module(elim-avail-extern) → module(globalopt) → function(gvn-sink) → module(globalopt) → module(inferattrs) → module(iroutliner) → module(attributor) → module(scc-oz-module-inliner) → module(globalopt) → function(jump-threading) → function(gvn-sink) → module(elim-avail-extern) → function(gvn-sink) → module(elim-avail-extern) → module(globalopt) → module(globalopt) → module(globalopt) → module(globalopt) → function(gvn-sink) → module(attributor) → module(scc-oz-module-inliner) → function(gvn-sink) → module(inferattrs) → module(elim-avail-extern) → module(attributor) → module(scc-oz-module-inliner) → function(instsimplify) → function(newgvn) → module(globalopt) → function(jump-threading)
  #3: validation_obj=0.8103, validation_mean=0.8028, validation_worsen=15.00%, validation_highvar=0.00%, train_obj=0.7944, train_mean=0.7889, train_highvar=0.00%, len=22, syn_rate=0.28, test_obj=0.8172, test_mean=0.8102, test_worsen=14.00%, test_highvar=0.00%
     module(elim-avail-extern) → module(globalopt) → function(gvn-sink) → module(inferattrs) → module(iroutliner) → module(attributor) → module(scc-oz-module-inliner) → module(globalopt) → function(jump-threading) → function(gvn-sink) → module(elim-avail-extern) → module(globalopt) → module(globalopt) → module(attributor) → module(scc-oz-module-inliner) → function(instsimplify) → function(newgvn) → module(globalopt) → module(scc-oz-module-inliner) → function(instsimplify) → module(inferattrs) → function(jump-threading)
  #4: validation_obj=0.8103, validation_mean=0.8028, validation_worsen=15.00%, validation_highvar=0.00%, train_obj=0.7944, train_mean=0.7889, train_highvar=0.00%, len=22, syn_rate=0.27, test_obj=0.8172, test_mean=0.8102, test_worsen=14.00%, test_highvar=0.00%
     module(elim-avail-extern) → module(globalopt) → function(gvn-sink) → module(inferattrs) → module(iroutliner) → module(attributor) → function(instsimplify) → module(scc-oz-module-inliner) → module(globalopt) → function(jump-threading) → function(gvn-sink) → module(elim-avail-extern) → module(globalopt) → module(globalopt) → module(attributor) → module(scc-oz-module-inliner) → function(instsimplify) → function(newgvn) → module(globalopt) → module(scc-oz-module-inliner) → module(inferattrs) → function(jump-threading)
  #5: validation_obj=0.8103, validation_mean=0.8028, validation_worsen=15.00%, validation_highvar=0.00%, train_obj=0.7944, train_mean=0.7889, train_highvar=0.00%, len=24, syn_rate=0.28, test_obj=0.8172, test_mean=0.8102, test_worsen=14.00%, test_highvar=0.00%
     module(elim-avail-extern) → module(globalopt) → function(gvn-sink) → module(inferattrs) → module(iroutliner) → module(attributor) → module(scc-oz-module-inliner) → module(globalopt) → function(jump-threading) → function(gvn-sink) → module(elim-avail-extern) → module(globalopt) → module(globalopt) → module(attributor) → module(scc-oz-module-inliner) → function(instsimplify) → function(newgvn) → module(globalopt) → module(scc-oz-module-inliner) → module(elim-avail-extern) → function(instsimplify) → module(inferattrs) → function(jump-threading) → function(jump-threading)
binarysize_test: vs_none=0.999 (+0.1%)  vs_oz=0.999 (+0.1%)  vs_o3=0.981 (+1.9%) [metric=stripped_file_bytes]
binarysize_test[text_bytes]: vs_none=0.914 (+8.6%)  vs_oz=0.927 (+7.3%)  vs_o3=0.788 (+21.2%)
binarysize_test[data_bytes]: vs_none=0.983 (+1.7%)  vs_oz=0.992 (+0.8%)  vs_o3=0.986 (+1.4%)
binarysize_test[bss_bytes]: vs_none=1.000 (+0.0%)  vs_oz=1.000 (+0.0%)  vs_o3=1.000 (+0.0%)
binarysize_test[dec_bytes]: vs_none=0.934 (+6.6%)  vs_oz=0.948 (+5.2%)  vs_o3=0.844 (+15.6%)

最优轮次 Top-5 binarysize_test 序列面板（primary=stripped_file_bytes）:
  #1: len=20, syn_rate=0.28
     stripped_file_bytes: obj=1.0024, mean=0.9994, worsen=6.00%, vs_none=0.999 (+0.1%)  vs_oz=0.999 (+0.1%)  vs_o3=0.981 (+1.9%)
     text_bytes: obj=0.9346, mean=0.9256, worsen=18.00%, vs_none=0.912 (+8.8%)  vs_oz=0.926 (+7.4%)  vs_o3=0.787 (+21.3%)
     data_bytes: obj=0.9961, mean=0.9921, worsen=8.00%, vs_none=0.983 (+1.7%)  vs_oz=0.992 (+0.8%)  vs_o3=0.986 (+1.4%)
     bss_bytes: obj=1.0000, mean=1.0000, worsen=0.00%, vs_none=1.000 (+0.0%)  vs_oz=1.000 (+0.0%)  vs_o3=1.000 (+0.0%)
     dec_bytes: obj=0.9558, mean=0.9468, worsen=18.00%, vs_none=0.933 (+6.7%)  vs_oz=0.947 (+5.3%)  vs_o3=0.843 (+15.7%)
  #2: len=30, syn_rate=0.27
     stripped_file_bytes: obj=1.0024, mean=0.9994, worsen=6.00%, vs_none=0.999 (+0.1%)  vs_oz=0.999 (+0.1%)  vs_o3=0.981 (+1.9%)
     text_bytes: obj=0.9346, mean=0.9256, worsen=18.00%, vs_none=0.912 (+8.8%)  vs_oz=0.926 (+7.4%)  vs_o3=0.787 (+21.3%)
     data_bytes: obj=0.9961, mean=0.9921, worsen=8.00%, vs_none=0.983 (+1.7%)  vs_oz=0.992 (+0.8%)  vs_o3=0.986 (+1.4%)
     bss_bytes: obj=1.0000, mean=1.0000, worsen=0.00%, vs_none=1.000 (+0.0%)  vs_oz=1.000 (+0.0%)  vs_o3=1.000 (+0.0%)
     dec_bytes: obj=0.9558, mean=0.9468, worsen=18.00%, vs_none=0.933 (+6.7%)  vs_oz=0.947 (+5.3%)  vs_o3=0.843 (+15.7%)
  #3: len=22, syn_rate=0.28
     stripped_file_bytes: obj=1.0024, mean=0.9994, worsen=6.00%, vs_none=0.999 (+0.1%)  vs_oz=0.999 (+0.1%)  vs_o3=0.981 (+1.9%)
     text_bytes: obj=0.9341, mean=0.9251, worsen=18.00%, vs_none=0.912 (+8.8%)  vs_oz=0.925 (+7.5%)  vs_o3=0.787 (+21.3%)
     data_bytes: obj=0.9958, mean=0.9918, worsen=8.00%, vs_none=0.982 (+1.8%)  vs_oz=0.992 (+0.8%)  vs_o3=0.986 (+1.4%)
     bss_bytes: obj=1.0000, mean=1.0000, worsen=0.00%, vs_none=1.000 (+0.0%)  vs_oz=1.000 (+0.0%)  vs_o3=1.000 (+0.0%)
     dec_bytes: obj=0.9558, mean=0.9468, worsen=18.00%, vs_none=0.933 (+6.7%)  vs_oz=0.947 (+5.3%)  vs_o3=0.843 (+15.7%)
  #4: len=22, syn_rate=0.27
     stripped_file_bytes: obj=1.0024, mean=0.9994, worsen=6.00%, vs_none=0.999 (+0.1%)  vs_oz=0.999 (+0.1%)  vs_o3=0.981 (+1.9%)
     text_bytes: obj=0.9341, mean=0.9251, worsen=18.00%, vs_none=0.912 (+8.8%)  vs_oz=0.925 (+7.5%)  vs_o3=0.787 (+21.3%)
     data_bytes: obj=0.9958, mean=0.9918, worsen=8.00%, vs_none=0.982 (+1.8%)  vs_oz=0.992 (+0.8%)  vs_o3=0.986 (+1.4%)
     bss_bytes: obj=1.0000, mean=1.0000, worsen=0.00%, vs_none=1.000 (+0.0%)  vs_oz=1.000 (+0.0%)  vs_o3=1.000 (+0.0%)
     dec_bytes: obj=0.9558, mean=0.9468, worsen=18.00%, vs_none=0.933 (+6.7%)  vs_oz=0.947 (+5.3%)  vs_o3=0.843 (+15.7%)
  #5: len=24, syn_rate=0.28
     stripped_file_bytes: obj=1.0024, mean=0.9994, worsen=6.00%, vs_none=0.999 (+0.1%)  vs_oz=0.999 (+0.1%)  vs_o3=0.981 (+1.9%)
     text_bytes: obj=0.9341, mean=0.9251, worsen=18.00%, vs_none=0.912 (+8.8%)  vs_oz=0.925 (+7.5%)  vs_o3=0.787 (+21.3%)
     data_bytes: obj=0.9958, mean=0.9918, worsen=8.00%, vs_none=0.982 (+1.8%)  vs_oz=0.992 (+0.8%)  vs_o3=0.986 (+1.4%)
     bss_bytes: obj=1.0000, mean=1.0000, worsen=0.00%, vs_none=1.000 (+0.0%)  vs_oz=1.000 (+0.0%)  vs_o3=1.000 (+0.0%)
     dec_bytes: obj=0.9558, mean=0.9468, worsen=18.00%, vs_none=0.933 (+6.7%)  vs_oz=0.947 (+5.3%)  vs_o3=0.843 (+15.7%)
核心调优成本已写入: /root/exp/RFunipassLab/results/instrcount/summaries/20260507_232120_030129_feature_lite_seed457_core_tuning_cost.json
结果已写入: /root/exp/RFunipassLab/results/instrcount/summaries/20260507_232120_030129_feature_lite_seed457.json
总运行时间: 1823.91 秒
