# run_id: 20260508_062419_524134_feature_lite_seed458
# name: feature_lite
# group: feature_ablation
# description: 切换到 Lite 特征编码，保留其余搜索流程不变。
# changed: FEATURE_MODE=lite, GA_GEN=5, GA_POP=200, ITERS=100, MAX_SEQ_LEN=120, MIN_VAL_PROGRAMS=5, SEED_TOPK=0, TEST_TOPK=50, TRAIN_TOPK=200, VAL_RATIO=0.5
# result_json: /root/exp/RFunipassLab/results/instrcount/summaries/20260508_062419_524134_feature_lite_seed458.json
# started_at: 2026-05-08T06:24:19
# control_env:
#   BACKEND_OPT_LEVEL=-O0
#   BINARY_SIZE_METRIC=stripped_file_bytes
#   BINARY_SIZE_REPORT_METRICS=text_bytes,data_bytes,bss_bytes,dec_bytes
#   DECAY=0.5
#   EXPERIMENT_SEED=458
#   FEATURE_MODE=lite
#   GA_ELITE=0.1
#   GA_GEN=5
#   GA_MUT=0.8
#   GA_POP=200
#   GA_TOUR=3
#   ITERS=100
#   LOOP_NESTING_POLICY=wrap
#   MAX_SEQ_LEN=120
#   MIN_VAL_PROGRAMS=5
#   OBJECTIVE_BASELINE=oz
#   OBJECTIVE_KIND=instrcount
#   OBJ_HIGHVAR_W=0.0
#   OBJ_WORSEN_W=0.15
#   OFFSET=20
#   PROGRAM_POOL_KIND=auto
#   RF_EXPLAIN_COUNTERFACTUAL_ENABLE=1
#   RF_EXPLAIN_COUNTERFACTUAL_MAX_EVALS=50
#   RF_EXPLAIN_COUNTERFACTUAL_SPLIT=selection
#   RF_EXPLAIN_COUNTERFACTUAL_TOPK=5
#   RF_EXPLAIN_ENABLE=0
#   RF_EXPLAIN_HOLDOUT_RATIO=0.3
#   RF_EXPLAIN_MIN_SAMPLES=20
#   RF_EXPLAIN_MODE=final
#   RF_EXPLAIN_PERM_REPEATS=10
#   RF_EXPLAIN_TOPK=20
#   RNUM=256
#   RUNS=1
#   RUNTIME_EVAL_MAX_VARIANCE_PCT=15.0
#   RUNTIME_MAX_INNER_REPEATS=64
#   RUNTIME_MAX_VARIANCE_PCT=10.0
#   RUNTIME_REQUIRED_ROWS=0
#   RUNTIME_SAMPLES=5
#   RUNTIME_TARGET_SAMPLE_MS=30.0
#   RUNTIME_TIMEOUT_SEC=2.0
#   SCALE=10
#   SEED_TOPK=0
#   SPLIT_SEED=458
#   TEST_TOPK=50
#   TRAIN_TOPK=200
#   VAL_RATIO=0.5

Loading train/test rows from: /root/exp/RFunipassLab/data/tuning_results.csv
Loaded train programs:       200
Loaded initial seed seqs:    79
Loaded test programs:        50
Objective kind:              instrcount
Program pool kind:           tuning

Loading synergy graph from: /root/exp/RFunipassLab/data/Step3_EnumeratedPairs.csv
All passes (19): ['module(elim-avail-extern)', 'function(mem2reg)', 'function(instsimplify)', 'module(iroutliner)', 'function(reassociate)', 'function(memcpyopt)', 'function(gvn-hoist)', 'function(dce)', 'function(jump-threading)', 'module(globalopt)', 'module(attributor)', 'cgscc(attributor-cgscc)', 'function(gvn-sink)', 'module(scc-oz-module-inliner)', 'function(dse)', 'function(newgvn)', 'module(inferattrs)', 'loop(loop-simplifycfg)', 'function(lower-switch)']
Synergy edges: 176
Self-loop passes: {'function(newgvn)', 'module(attributor)', 'cgscc(attributor-cgscc)'}

============================================================
实验轮次 1 / 1
============================================================
============================================================
目标类型:      instrcount
目标基准:      -Oz
基准指标:      -Oz 基准指令数
优化指标:      归一化指令数
输入程序数:    200
输入次优序列数: 79
测试程序数:    50
Pass 词表大小: 19
协同边数:      176
自环 pass 数:  3
序列长度上限:  120
Loop 合法化策略: wrap
实验种子:      458
划分种子:      458
特征模式:      lite
RF 特征维度:   31
词表: ['module(elim-avail-extern)', 'function(mem2reg)', 'function(instsimplify)', 'module(iroutliner)', 'function(reassociate)', 'function(memcpyopt)', 'function(gvn-hoist)', 'function(dce)', 'function(jump-threading)', 'module(globalopt)', 'module(attributor)', 'cgscc(attributor-cgscc)', 'function(gvn-sink)', 'module(scc-oz-module-inliner)', 'function(dse)', 'function(newgvn)', 'module(inferattrs)', 'loop(loop-simplifycfg)', 'function(lower-switch)']
多目标权重:    mean=1.0, worsen=0.15, highvar=0.0

[Step 1.5] 训练程序切分...
  search_train 程序数: 100
  validation 程序数:   100
  split_signature(search_train): 8c651010a3ff27fec9f7e5d5efa9cee41062e869
  split_signature(validation):   dd8f07df3ff69242e6dacb9d6936f2a026580e81
  split_signature(test):         a482a9715f2cdbf9817e6c112cc95b7aa635e4fb

[Step 2] 计算 search_train 程序 -Oz 基准指令数...
[Step 2b] 计算 validation 程序 -Oz 基准指令数...
[Step 2c] 计算测试集程序 -Oz 基准指令数...

[Step 3] 评估初始 seed 序列（共 79 条）...

[Step 4] 开始贝叶斯优化（100 轮）...
GA search time: 13.26s, candidates: 383
  [iter   1/100] search_obj=0.9934  search_best=0.7978  validation_best=0.7972  EI=0.0254  rnum=183.2  len=83  syn_rate=0.60  mean=0.9484  worsen=30.00%  highvar=0.00%
GA search time: 14.60s, candidates: 381
  [iter   2/100] search_obj=1.1627  search_best=0.7978  validation_best=0.7972  EI=0.0184  rnum=181.1  len=55  syn_rate=0.56  mean=1.0517  worsen=74.00%  highvar=0.00%
GA search time: 15.09s, candidates: 379
  [iter   3/100] search_obj=0.7315  search_best=0.7315  validation_best=0.7588  EI=0.0115  rnum=179.0  len=47  syn_rate=0.82  mean=0.7120  worsen=13.00%  highvar=0.00%
GA search time: 21.92s, candidates: 376
  [iter   4/100] search_obj=1.0090  search_best=0.7315  validation_best=0.7588  EI=0.0234  rnum=176.9  len=120  syn_rate=0.99  mean=0.9595  worsen=33.00%  highvar=0.00%
GA search time: 18.64s, candidates: 374
  [iter   5/100] search_obj=0.7609  search_best=0.7315  validation_best=0.7588  EI=0.0126  rnum=174.8  len=47  syn_rate=0.84  mean=0.7399  worsen=14.00%  highvar=0.00%
GA search time: 17.34s, candidates: 372
  [iter   6/100] search_obj=0.7801  search_best=0.7315  validation_best=0.7588  EI=0.0177  rnum=172.7  len=65  syn_rate=0.82  mean=0.7366  worsen=29.00%  highvar=0.00%
GA search time: 18.06s, candidates: 370
  [iter   7/100] search_obj=1.0430  search_best=0.7315  validation_best=0.7588  EI=0.0196  rnum=170.6  len=68  syn_rate=0.65  mean=0.9515  worsen=61.00%  highvar=0.00%
GA search time: 15.08s, candidates: 368
  [iter   8/100] search_obj=0.7296  search_best=0.7296  validation_best=0.7554  EI=0.0180  rnum=168.4  len=48  syn_rate=0.86  mean=0.7101  worsen=13.00%  highvar=0.00%
GA search time: 17.68s, candidates: 366
  [iter   9/100] search_obj=0.9465  search_best=0.7296  validation_best=0.7554  EI=0.0220  rnum=166.3  len=54  syn_rate=0.87  mean=0.9090  worsen=25.00%  highvar=0.00%
GA search time: 10.97s, candidates: 364
  [iter  10/100] search_obj=1.0205  search_best=0.7296  validation_best=0.7554  EI=0.0198  rnum=164.2  len=37  syn_rate=0.72  mean=0.9890  worsen=21.00%  highvar=0.00%
GA search time: 18.71s, candidates: 362
  [iter  11/100] search_obj=1.0881  search_best=0.7296  validation_best=0.7554  EI=0.0145  rnum=162.0  len=42  syn_rate=0.82  mean=1.0116  worsen=51.00%  highvar=0.00%
GA search time: 16.25s, candidates: 359
  [iter  12/100] search_obj=1.2510  search_best=0.7296  validation_best=0.7554  EI=0.0160  rnum=159.9  len=56  syn_rate=0.60  mean=1.1190  worsen=88.00%  highvar=0.00%
GA search time: 13.15s, candidates: 357
  [iter  13/100] search_obj=0.7294  search_best=0.7294  validation_best=0.7554  EI=0.0239  rnum=157.7  len=54  syn_rate=0.89  mean=0.7099  worsen=13.00%  highvar=0.00%
GA search time: 17.63s, candidates: 355
  [iter  14/100] search_obj=0.7989  search_best=0.7294  validation_best=0.7554  EI=0.0237  rnum=155.6  len=60  syn_rate=0.90  mean=0.7794  worsen=13.00%  highvar=0.00%
GA search time: 18.79s, candidates: 353
  [iter  15/100] search_obj=0.6991  search_best=0.6991  validation_best=0.7326  EI=0.0225  rnum=153.4  len=75  syn_rate=0.97  mean=0.6886  worsen=7.00%  highvar=0.00%
GA search time: 20.69s, candidates: 351
  [iter  16/100] search_obj=0.8363  search_best=0.6991  validation_best=0.7326  EI=0.0262  rnum=151.3  len=119  syn_rate=1.00  mean=0.8183  worsen=12.00%  highvar=0.00%
GA search time: 20.38s, candidates: 349
  [iter  17/100] search_obj=0.8285  search_best=0.6991  validation_best=0.7326  EI=0.0216  rnum=149.1  len=89  syn_rate=0.97  mean=0.8075  worsen=14.00%  highvar=0.00%
GA search time: 19.43s, candidates: 346
  [iter  18/100] search_obj=0.6996  search_best=0.6991  validation_best=0.7326  EI=0.0195  rnum=147.0  len=75  syn_rate=0.97  mean=0.6891  worsen=7.00%  highvar=0.00%
GA search time: 17.47s, candidates: 344
  [iter  19/100] search_obj=0.6901  search_best=0.6901  validation_best=0.7285  EI=0.0192  rnum=144.8  len=79  syn_rate=0.97  mean=0.6796  worsen=7.00%  highvar=0.00%
GA search time: 21.42s, candidates: 342
  [iter  20/100] search_obj=1.0323  search_best=0.6901  validation_best=0.7285  EI=0.0202  rnum=142.7  len=98  syn_rate=0.97  mean=0.9993  worsen=22.00%  highvar=0.00%
GA search time: 17.75s, candidates: 340
  [iter  21/100] search_obj=0.8925  search_best=0.6901  validation_best=0.7285  EI=0.0204  rnum=140.5  len=77  syn_rate=0.91  mean=0.8700  worsen=15.00%  highvar=0.00%
GA search time: 17.78s, candidates: 338
  [iter  22/100] search_obj=0.7296  search_best=0.6901  validation_best=0.7285  EI=0.0169  rnum=138.4  len=49  syn_rate=0.86  mean=0.7101  worsen=13.00%  highvar=0.00%
GA search time: 14.07s, candidates: 336
  [iter  23/100] search_obj=0.7629  search_best=0.6901  validation_best=0.7285  EI=0.0256  rnum=136.3  len=71  syn_rate=0.82  mean=0.7314  worsen=21.00%  highvar=0.00%
GA search time: 14.08s, candidates: 334
  [iter  24/100] search_obj=0.7625  search_best=0.6901  validation_best=0.7285  EI=0.0176  rnum=134.2  len=73  syn_rate=0.82  mean=0.7310  worsen=21.00%  highvar=0.00%
GA search time: 16.33s, candidates: 332
  [iter  25/100] search_obj=0.6985  search_best=0.6901  validation_best=0.7285  EI=0.0171  rnum=132.1  len=77  syn_rate=0.97  mean=0.6880  worsen=7.00%  highvar=0.00%
GA search time: 16.26s, candidates: 329
  [iter  26/100] search_obj=1.0435  search_best=0.6901  validation_best=0.7285  EI=0.0210  rnum=130.0  len=63  syn_rate=0.82  mean=1.0015  worsen=28.00%  highvar=0.00%
GA search time: 18.00s, candidates: 327
  [iter  27/100] search_obj=0.7649  search_best=0.6901  validation_best=0.7285  EI=0.0213  rnum=127.9  len=83  syn_rate=0.97  mean=0.7484  worsen=11.00%  highvar=0.00%
GA search time: 19.60s, candidates: 325
  [iter  28/100] search_obj=0.6964  search_best=0.6901  validation_best=0.7153  EI=0.0142  rnum=125.8  len=101  syn_rate=0.98  mean=0.6859  worsen=7.00%  highvar=0.00%
GA search time: 18.51s, candidates: 323
  [iter  29/100] search_obj=0.7777  search_best=0.6901  validation_best=0.7153  EI=0.0238  rnum=123.7  len=79  syn_rate=0.97  mean=0.7417  worsen=24.00%  highvar=0.00%
GA search time: 19.02s, candidates: 321
  [iter  30/100] search_obj=1.0203  search_best=0.6901  validation_best=0.7153  EI=0.0158  rnum=121.6  len=104  syn_rate=0.98  mean=0.9888  worsen=21.00%  highvar=0.00%
GA search time: 13.90s, candidates: 319
  [iter  31/100] search_obj=1.1269  search_best=0.6901  validation_best=0.7153  EI=0.0207  rnum=119.6  len=57  syn_rate=0.78  mean=1.0264  worsen=67.00%  highvar=0.00%
GA search time: 15.66s, candidates: 317
  [iter  32/100] search_obj=0.6901  search_best=0.6901  validation_best=0.7153  EI=0.0175  rnum=117.5  len=85  syn_rate=0.98  mean=0.6796  worsen=7.00%  highvar=0.00%
GA search time: 16.16s, candidates: 315
  [iter  33/100] search_obj=0.6898  search_best=0.6898  validation_best=0.7153  EI=0.0205  rnum=115.5  len=85  syn_rate=0.98  mean=0.6793  worsen=7.00%  highvar=0.00%
GA search time: 15.19s, candidates: 313
  [iter  34/100] search_obj=0.7107  search_best=0.6898  validation_best=0.7153  EI=0.0257  rnum=113.5  len=86  syn_rate=0.97  mean=0.6987  worsen=8.00%  highvar=0.00%
GA search time: 16.92s, candidates: 311
  [iter  35/100] search_obj=0.6946  search_best=0.6898  validation_best=0.7153  EI=0.0253  rnum=111.5  len=102  syn_rate=0.98  mean=0.6841  worsen=7.00%  highvar=0.00%
GA search time: 15.87s, candidates: 309
  [iter  36/100] search_obj=0.7248  search_best=0.6898  validation_best=0.7153  EI=0.0230  rnum=109.5  len=84  syn_rate=0.89  mean=0.7128  worsen=8.00%  highvar=0.00%
GA search time: 17.28s, candidates: 307
  [iter  37/100] search_obj=0.6994  search_best=0.6898  validation_best=0.7153  EI=0.0221  rnum=107.6  len=102  syn_rate=0.98  mean=0.6874  worsen=8.00%  highvar=0.00%
GA search time: 17.78s, candidates: 305
  [iter  38/100] search_obj=0.7239  search_best=0.6898  validation_best=0.7153  EI=0.0233  rnum=105.6  len=102  syn_rate=0.97  mean=0.7119  worsen=8.00%  highvar=0.00%
GA search time: 19.93s, candidates: 303
  [iter  39/100] search_obj=0.6994  search_best=0.6898  validation_best=0.7153  EI=0.0212  rnum=103.7  len=103  syn_rate=0.98  mean=0.6874  worsen=8.00%  highvar=0.00%
GA search time: 19.17s, candidates: 301
  [iter  40/100] search_obj=0.7107  search_best=0.6898  validation_best=0.7153  EI=0.0195  rnum=101.7  len=84  syn_rate=0.97  mean=0.6987  worsen=8.00%  highvar=0.00%
GA search time: 20.55s, candidates: 299
  [iter  41/100] search_obj=0.7240  search_best=0.6898  validation_best=0.7153  EI=0.0180  rnum=99.8  len=103  syn_rate=0.97  mean=0.7120  worsen=8.00%  highvar=0.00%
GA search time: 20.35s, candidates: 297
  [iter  42/100] search_obj=0.9418  search_best=0.6898  validation_best=0.7153  EI=0.0208  rnum=97.9  len=76  syn_rate=0.81  mean=0.9088  worsen=22.00%  highvar=0.00%
GA search time: 16.77s, candidates: 296
  [iter  43/100] search_obj=0.6994  search_best=0.6898  validation_best=0.7153  EI=0.0186  rnum=96.1  len=103  syn_rate=0.98  mean=0.6874  worsen=8.00%  highvar=0.00%
GA search time: 18.50s, candidates: 294
  [iter  44/100] search_obj=0.7059  search_best=0.6898  validation_best=0.7153  EI=0.0156  rnum=94.2  len=87  syn_rate=0.98  mean=0.6909  worsen=10.00%  highvar=0.00%
GA search time: 20.16s, candidates: 292
  [iter  45/100] search_obj=0.9406  search_best=0.6898  validation_best=0.7153  EI=0.0204  rnum=92.4  len=87  syn_rate=0.98  mean=0.9076  worsen=22.00%  highvar=0.00%
GA search time: 19.34s, candidates: 290
  [iter  46/100] search_obj=0.7625  search_best=0.6898  validation_best=0.7153  EI=0.0193  rnum=90.5  len=75  syn_rate=0.82  mean=0.7310  worsen=21.00%  highvar=0.00%
GA search time: 19.30s, candidates: 288
  [iter  47/100] search_obj=0.7019  search_best=0.6898  validation_best=0.7153  EI=0.0198  rnum=88.7  len=100  syn_rate=0.98  mean=0.6914  worsen=7.00%  highvar=0.00%
GA search time: 18.59s, candidates: 286
  [iter  48/100] search_obj=1.0283  search_best=0.6898  validation_best=0.7153  EI=0.0170  rnum=87.0  len=60  syn_rate=0.93  mean=0.9968  worsen=21.00%  highvar=0.00%
GA search time: 20.20s, candidates: 285
  [iter  49/100] search_obj=0.6898  search_best=0.6898  validation_best=0.7153  EI=0.0203  rnum=85.2  len=91  syn_rate=0.98  mean=0.6793  worsen=7.00%  highvar=0.00%
GA search time: 19.14s, candidates: 283
  [iter  50/100] search_obj=0.7195  search_best=0.6898  validation_best=0.7153  EI=0.0188  rnum=83.5  len=84  syn_rate=0.98  mean=0.7075  worsen=8.00%  highvar=0.00%
GA search time: 17.38s, candidates: 281
  [iter  51/100] search_obj=0.6901  search_best=0.6898  validation_best=0.7153  EI=0.0188  rnum=81.7  len=80  syn_rate=0.97  mean=0.6796  worsen=7.00%  highvar=0.00%
GA search time: 16.99s, candidates: 280
  [iter  52/100] search_obj=0.8924  search_best=0.6898  validation_best=0.7153  EI=0.0177  rnum=80.0  len=97  syn_rate=0.97  mean=0.8669  worsen=17.00%  highvar=0.00%
GA search time: 18.50s, candidates: 278
  [iter  53/100] search_obj=0.6901  search_best=0.6898  validation_best=0.7153  EI=0.0193  rnum=78.4  len=83  syn_rate=0.97  mean=0.6796  worsen=7.00%  highvar=0.00%
GA search time: 16.55s, candidates: 276
  [iter  54/100] search_obj=0.8285  search_best=0.6898  validation_best=0.7153  EI=0.0162  rnum=76.7  len=75  syn_rate=0.95  mean=0.8135  worsen=10.00%  highvar=0.00%
GA search time: 17.95s, candidates: 275
  [iter  55/100] search_obj=0.6898  search_best=0.6898  validation_best=0.7153  EI=0.0221  rnum=75.1  len=82  syn_rate=0.97  mean=0.6793  worsen=7.00%  highvar=0.00%
GA search time: 16.63s, candidates: 273
  [iter  56/100] search_obj=0.6991  search_best=0.6898  validation_best=0.7153  EI=0.0202  rnum=73.4  len=87  syn_rate=0.98  mean=0.6886  worsen=7.00%  highvar=0.00%
GA search time: 18.13s, candidates: 271
  [iter  57/100] search_obj=0.6964  search_best=0.6898  validation_best=0.7153  EI=0.0194  rnum=71.8  len=98  syn_rate=0.98  mean=0.6859  worsen=7.00%  highvar=0.00%
GA search time: 17.87s, candidates: 270
  [iter  58/100] search_obj=0.7402  search_best=0.6898  validation_best=0.7153  EI=0.0197  rnum=70.3  len=89  syn_rate=0.99  mean=0.7222  worsen=12.00%  highvar=0.00%
GA search time: 19.89s, candidates: 268
  [iter  59/100] search_obj=0.7073  search_best=0.6898  validation_best=0.7153  EI=0.0182  rnum=68.7  len=101  syn_rate=0.98  mean=0.6908  worsen=11.00%  highvar=0.00%
GA search time: 17.58s, candidates: 267
  [iter  60/100] search_obj=0.6991  search_best=0.6898  validation_best=0.7153  EI=0.0200  rnum=67.2  len=94  syn_rate=0.98  mean=0.6886  worsen=7.00%  highvar=0.00%
GA search time: 16.30s, candidates: 265
  [iter  61/100] search_obj=0.7003  search_best=0.6898  validation_best=0.7153  EI=0.0184  rnum=65.7  len=98  syn_rate=0.98  mean=0.6898  worsen=7.00%  highvar=0.00%
GA search time: 16.17s, candidates: 264
  [iter  62/100] search_obj=0.7059  search_best=0.6898  validation_best=0.7153  EI=0.0164  rnum=64.2  len=88  syn_rate=0.98  mean=0.6909  worsen=10.00%  highvar=0.00%
GA search time: 18.59s, candidates: 262
  [iter  63/100] search_obj=0.6824  search_best=0.6824  validation_best=0.7153  EI=0.0207  rnum=62.7  len=98  syn_rate=0.98  mean=0.6719  worsen=7.00%  highvar=0.00%
GA search time: 16.73s, candidates: 261
  [iter  64/100] search_obj=0.7221  search_best=0.6824  validation_best=0.7153  EI=0.0137  rnum=61.3  len=98  syn_rate=0.98  mean=0.7101  worsen=8.00%  highvar=0.00%
GA search time: 16.92s, candidates: 259
  [iter  65/100] search_obj=0.9776  search_best=0.6824  validation_best=0.7153  EI=0.0126  rnum=59.8  len=91  syn_rate=0.99  mean=0.9521  worsen=17.00%  highvar=0.00%
GA search time: 16.47s, candidates: 258
  [iter  66/100] search_obj=0.7220  search_best=0.6824  validation_best=0.7153  EI=0.0167  rnum=58.4  len=102  syn_rate=0.98  mean=0.7055  worsen=11.00%  highvar=0.00%
GA search time: 17.55s, candidates: 257
  [iter  67/100] search_obj=0.6991  search_best=0.6824  validation_best=0.7153  EI=0.0187  rnum=57.0  len=83  syn_rate=0.98  mean=0.6886  worsen=7.00%  highvar=0.00%
GA search time: 16.74s, candidates: 255
  [iter  68/100] search_obj=0.8241  search_best=0.6824  validation_best=0.7153  EI=0.0154  rnum=55.7  len=59  syn_rate=0.97  mean=0.8031  worsen=14.00%  highvar=0.00%
GA search time: 17.03s, candidates: 254
  [iter  69/100] search_obj=0.6735  search_best=0.6735  validation_best=0.7153  EI=0.0164  rnum=54.3  len=98  syn_rate=0.97  mean=0.6630  worsen=7.00%  highvar=0.00%
GA search time: 16.72s, candidates: 253
  [iter  70/100] search_obj=0.6988  search_best=0.6735  validation_best=0.7153  EI=0.0141  rnum=53.0  len=96  syn_rate=0.98  mean=0.6883  worsen=7.00%  highvar=0.00%
GA search time: 17.93s, candidates: 251
  [iter  71/100] search_obj=0.6898  search_best=0.6735  validation_best=0.7153  EI=0.0165  rnum=51.7  len=92  syn_rate=0.99  mean=0.6793  worsen=7.00%  highvar=0.00%
GA search time: 18.38s, candidates: 250
  [iter  72/100] search_obj=0.6981  search_best=0.6735  validation_best=0.7153  EI=0.0147  rnum=50.5  len=94  syn_rate=0.99  mean=0.6861  worsen=8.00%  highvar=0.00%
GA search time: 17.05s, candidates: 249
  [iter  73/100] search_obj=0.6868  search_best=0.6735  validation_best=0.7153  EI=0.0164  rnum=49.2  len=100  syn_rate=0.98  mean=0.6763  worsen=7.00%  highvar=0.00%
GA search time: 17.99s, candidates: 247
  [iter  74/100] search_obj=0.7174  search_best=0.6735  validation_best=0.7153  EI=0.0121  rnum=48.0  len=91  syn_rate=0.98  mean=0.7054  worsen=8.00%  highvar=0.00%
GA search time: 18.52s, candidates: 246
  [iter  75/100] search_obj=0.6868  search_best=0.6735  validation_best=0.7153  EI=0.0163  rnum=46.8  len=101  syn_rate=0.98  mean=0.6763  worsen=7.00%  highvar=0.00%
GA search time: 18.33s, candidates: 245
  [iter  76/100] search_obj=0.6868  search_best=0.6735  validation_best=0.7153  EI=0.0202  rnum=45.6  len=102  syn_rate=0.98  mean=0.6763  worsen=7.00%  highvar=0.00%
GA search time: 17.67s, candidates: 244
  [iter  77/100] search_obj=0.6868  search_best=0.6735  validation_best=0.7153  EI=0.0194  rnum=44.4  len=103  syn_rate=0.98  mean=0.6763  worsen=7.00%  highvar=0.00%
GA search time: 18.86s, candidates: 243
  [iter  78/100] search_obj=0.7168  search_best=0.6735  validation_best=0.7153  EI=0.0185  rnum=43.3  len=99  syn_rate=0.99  mean=0.7063  worsen=7.00%  highvar=0.00%
GA search time: 17.86s, candidates: 242
  [iter  79/100] search_obj=0.7188  search_best=0.6735  validation_best=0.7153  EI=0.0176  rnum=42.2  len=101  syn_rate=0.99  mean=0.7098  worsen=6.00%  highvar=0.00%
GA search time: 19.72s, candidates: 241
  [iter  80/100] search_obj=0.6872  search_best=0.6735  validation_best=0.7153  EI=0.0150  rnum=41.1  len=98  syn_rate=0.97  mean=0.6767  worsen=7.00%  highvar=0.00%
GA search time: 20.20s, candidates: 239
  [iter  81/100] search_obj=0.6898  search_best=0.6735  validation_best=0.7153  EI=0.0175  rnum=40.0  len=79  syn_rate=0.98  mean=0.6793  worsen=7.00%  highvar=0.00%
GA search time: 19.59s, candidates: 238
  [iter  82/100] search_obj=0.7692  search_best=0.6735  validation_best=0.7153  EI=0.0161  rnum=38.9  len=99  syn_rate=0.99  mean=0.7332  worsen=24.00%  highvar=0.00%
GA search time: 20.42s, candidates: 237
  [iter  83/100] search_obj=0.8511  search_best=0.6735  validation_best=0.7153  EI=0.0145  rnum=37.9  len=92  syn_rate=1.00  mean=0.8301  worsen=14.00%  highvar=0.00%
GA search time: 18.31s, candidates: 236
  [iter  84/100] search_obj=0.7174  search_best=0.6735  validation_best=0.7153  EI=0.0116  rnum=36.9  len=95  syn_rate=0.98  mean=0.7054  worsen=8.00%  highvar=0.00%
GA search time: 18.56s, candidates: 235
  [iter  85/100] search_obj=0.7782  search_best=0.6735  validation_best=0.7153  EI=0.0183  rnum=35.9  len=88  syn_rate=0.97  mean=0.7377  worsen=27.00%  highvar=0.00%
GA search time: 15.18s, candidates: 234
  [iter  86/100] search_obj=0.7174  search_best=0.6735  validation_best=0.7153  EI=0.0112  rnum=34.9  len=102  syn_rate=0.98  mean=0.7054  worsen=8.00%  highvar=0.00%
GA search time: 17.79s, candidates: 233
  [iter  87/100] search_obj=0.6984  search_best=0.6735  validation_best=0.7153  EI=0.0119  rnum=33.9  len=81  syn_rate=0.97  mean=0.6879  worsen=7.00%  highvar=0.00%
GA search time: 17.22s, candidates: 233
  [iter  88/100] search_obj=0.7949  search_best=0.6735  validation_best=0.7153  EI=0.0096  rnum=33.0  len=101  syn_rate=1.00  mean=0.7754  worsen=13.00%  highvar=0.00%
GA search time: 14.75s, candidates: 232
  [iter  89/100] search_obj=0.9685  search_best=0.6735  validation_best=0.7153  EI=0.0108  rnum=32.1  len=98  syn_rate=0.98  mean=0.9490  worsen=13.00%  highvar=0.00%
GA search time: 14.53s, candidates: 231
  [iter  90/100] search_obj=0.7059  search_best=0.6735  validation_best=0.7153  EI=0.0116  rnum=31.2  len=92  syn_rate=0.98  mean=0.6909  worsen=10.00%  highvar=0.00%
GA search time: 15.10s, candidates: 230
  [iter  91/100] search_obj=0.6901  search_best=0.6735  validation_best=0.7153  EI=0.0090  rnum=30.3  len=91  syn_rate=0.98  mean=0.6796  worsen=7.00%  highvar=0.00%
GA search time: 17.18s, candidates: 229
  [iter  92/100] search_obj=0.6735  search_best=0.6735  validation_best=0.7153  EI=0.0175  rnum=29.5  len=98  syn_rate=0.97  mean=0.6630  worsen=7.00%  highvar=0.00%
GA search time: 14.73s, candidates: 228
  [iter  93/100] search_obj=0.7215  search_best=0.6735  validation_best=0.7153  EI=0.0129  rnum=28.6  len=48  syn_rate=0.82  mean=0.7035  worsen=12.00%  highvar=0.00%
GA search time: 17.36s, candidates: 227
  [iter  94/100] search_obj=0.7055  search_best=0.6735  validation_best=0.7153  EI=0.0136  rnum=27.8  len=102  syn_rate=0.98  mean=0.6935  worsen=8.00%  highvar=0.00%
GA search time: 15.76s, candidates: 226
  [iter  95/100] search_obj=0.9481  search_best=0.6735  validation_best=0.7153  EI=0.0126  rnum=27.0  len=89  syn_rate=0.98  mean=0.9106  worsen=25.00%  highvar=0.00%
GA search time: 14.32s, candidates: 226
  [iter  96/100] search_obj=0.7086  search_best=0.6735  validation_best=0.7153  EI=0.0113  rnum=26.2  len=90  syn_rate=0.98  mean=0.6966  worsen=8.00%  highvar=0.00%
GA search time: 16.77s, candidates: 225
  [iter  97/100] search_obj=1.1683  search_best=0.6735  validation_best=0.7153  EI=0.0122  rnum=25.4  len=75  syn_rate=0.82  mean=1.0438  worsen=83.00%  highvar=0.00%
GA search time: 15.73s, candidates: 224
  [iter  98/100] search_obj=0.9990  search_best=0.6735  validation_best=0.7153  EI=0.0131  rnum=24.7  len=92  syn_rate=0.94  mean=0.9345  worsen=43.00%  highvar=0.00%
GA search time: 16.84s, candidates: 223
  [iter  99/100] search_obj=0.6985  search_best=0.6735  validation_best=0.7145  EI=0.0141  rnum=24.0  len=93  syn_rate=0.97  mean=0.6880  worsen=7.00%  highvar=0.00%
GA search time: 16.78s, candidates: 223
  [iter 100/100] search_obj=0.7585  search_best=0.6735  validation_best=0.7145  EI=0.0147  rnum=23.3  len=103  syn_rate=0.94  mean=0.7285  worsen=20.00%  highvar=0.00%

[Step 5] 按 validation 选择最终通用序列...
  选择结果:
    search_train_obj=0.6985, search_train_mean=0.6880, search_train_worsen=7.00%, search_train_highvar=0.00%
    validation_obj=0.7145, validation_mean=0.6980, validation_worsen=11.00%, validation_highvar=0.00%

[Step 6] 在 validation 上执行消融后处理...

[Ablation-validation] 初始序列长度: 93, objective: 0.7145, mean_norm: 0.6980, worsen_rate: 11.00%
  移除 [92] function(newgvn): objective 0.7147 > 0.7145 (恢复)
  移除 [91] module(elim-avail-extern): objective 0.7145, mean_norm 0.6980, worsen_rate 11.00% (保留移除)
  移除 [90] function(gvn-sink): objective 0.7145, mean_norm 0.6980, worsen_rate 11.00% (保留移除)
  移除 [89] module(globalopt): objective 0.7145, mean_norm 0.6980, worsen_rate 11.00% (保留移除)
  移除 [88] module(scc-oz-module-inliner): objective 0.7168 > 0.7145 (恢复)
  移除 [87] module(globalopt): objective 0.7145, mean_norm 0.6980, worsen_rate 11.00% (保留移除)
  移除 [86] module(iroutliner): objective 0.7145, mean_norm 0.6980, worsen_rate 11.00% (保留移除)
  移除 [85] function(reassociate): objective 0.7145, mean_norm 0.6980, worsen_rate 11.00% (保留移除)
  移除 [84] function(mem2reg): objective 0.7145, mean_norm 0.6980, worsen_rate 11.00% (保留移除)
  移除 [83] module(scc-oz-module-inliner): objective 0.7142, mean_norm 0.6977, worsen_rate 11.00% (保留移除)
  移除 [82] function(gvn-sink): objective 0.7142, mean_norm 0.6977, worsen_rate 11.00% (保留移除)
  移除 [81] module(iroutliner): objective 0.7142, mean_norm 0.6977, worsen_rate 11.00% (保留移除)
  移除 [80] function(lower-switch): objective 0.7142, mean_norm 0.6977, worsen_rate 11.00% (保留移除)
  移除 [79] function(lower-switch): objective 0.7142, mean_norm 0.6977, worsen_rate 11.00% (保留移除)
  移除 [78] module(elim-avail-extern): objective 0.7142, mean_norm 0.6977, worsen_rate 11.00% (保留移除)
  移除 [77] function(jump-threading): objective 0.7142, mean_norm 0.6977, worsen_rate 11.00% (保留移除)
  移除 [76] function(jump-threading): objective 0.7142, mean_norm 0.6977, worsen_rate 11.00% (保留移除)
  移除 [75] function(reassociate): objective 0.7143 > 0.7142 (恢复)
  移除 [74] module(elim-avail-extern): objective 0.7142, mean_norm 0.6977, worsen_rate 11.00% (保留移除)
  移除 [73] module(elim-avail-extern): objective 0.7142, mean_norm 0.6977, worsen_rate 11.00% (保留移除)
  移除 [72] function(memcpyopt): objective 0.7142, mean_norm 0.6977, worsen_rate 11.00% (保留移除)
  移除 [71] module(globalopt): objective 0.7142, mean_norm 0.6977, worsen_rate 11.00% (保留移除)
  移除 [70] function(gvn-hoist): objective 0.7143 > 0.7142 (恢复)
  移除 [69] function(dse): objective 0.7142, mean_norm 0.6977, worsen_rate 11.00% (保留移除)
  移除 [68] module(iroutliner): objective 0.7142, mean_norm 0.6977, worsen_rate 11.00% (保留移除)
  移除 [67] cgscc(attributor-cgscc): objective 0.7142, mean_norm 0.6977, worsen_rate 11.00% (保留移除)
  移除 [66] function(jump-threading): objective 0.7142, mean_norm 0.6977, worsen_rate 11.00% (保留移除)
  移除 [65] function(lower-switch): objective 0.7142, mean_norm 0.6977, worsen_rate 11.00% (保留移除)
  移除 [64] module(globalopt): objective 0.7142, mean_norm 0.6977, worsen_rate 11.00% (保留移除)
  移除 [63] module(elim-avail-extern): objective 0.7142, mean_norm 0.6977, worsen_rate 11.00% (保留移除)
  移除 [62] function(instsimplify): objective 0.7142, mean_norm 0.6977, worsen_rate 11.00% (保留移除)
  移除 [61] module(attributor): objective 0.7142, mean_norm 0.6977, worsen_rate 11.00% (保留移除)
  移除 [60] module(attributor): objective 0.7142, mean_norm 0.6977, worsen_rate 11.00% (保留移除)
  移除 [59] function(lower-switch): objective 0.6934, mean_norm 0.6784, worsen_rate 10.00% (保留移除)
  移除 [58] function(dce): objective 0.6934, mean_norm 0.6784, worsen_rate 10.00% (保留移除)
  移除 [57] function(dse): objective 0.6934, mean_norm 0.6784, worsen_rate 10.00% (保留移除)
  移除 [56] function(mem2reg): objective 0.6934, mean_norm 0.6784, worsen_rate 10.00% (保留移除)
  移除 [55] function(newgvn): objective 0.7004 > 0.6934 (恢复)
  移除 [54] function(jump-threading): objective 0.6934, mean_norm 0.6784, worsen_rate 10.00% (保留移除)
  移除 [53] module(globalopt): objective 0.6934, mean_norm 0.6784, worsen_rate 10.00% (保留移除)
  移除 [52] module(inferattrs): objective 0.6934, mean_norm 0.6784, worsen_rate 10.00% (保留移除)
  移除 [51] function(newgvn): objective 0.7004 > 0.6934 (恢复)
  移除 [50] function(dse): objective 0.6934, mean_norm 0.6784, worsen_rate 10.00% (保留移除)
  移除 [49] module(attributor): objective 0.6934, mean_norm 0.6784, worsen_rate 10.00% (保留移除)
  移除 [48] function(jump-threading): objective 0.6934, mean_norm 0.6784, worsen_rate 10.00% (保留移除)
  移除 [47] module(iroutliner): objective 0.6934, mean_norm 0.6784, worsen_rate 10.00% (保留移除)
  移除 [46] cgscc(attributor-cgscc): objective 0.6939 > 0.6934 (恢复)
  移除 [45] function(gvn-hoist): objective 0.6934, mean_norm 0.6784, worsen_rate 10.00% (保留移除)
  移除 [44] module(iroutliner): objective 0.6934, mean_norm 0.6784, worsen_rate 10.00% (保留移除)
  移除 [43] loop(loop-simplifycfg): objective 0.7044 > 0.6934 (恢复)
  移除 [42] function(reassociate): objective 0.6935 > 0.6934 (恢复)
  移除 [41] function(dse): objective 0.6934, mean_norm 0.6784, worsen_rate 10.00% (保留移除)
  移除 [40] function(dse): objective 0.6934, mean_norm 0.6784, worsen_rate 10.00% (保留移除)
  移除 [39] module(scc-oz-module-inliner): objective 0.6940 > 0.6934 (恢复)
  移除 [38] module(attributor): objective 0.6934, mean_norm 0.6784, worsen_rate 10.00% (保留移除)
  移除 [37] loop(loop-simplifycfg): objective 0.6934, mean_norm 0.6784, worsen_rate 10.00% (保留移除)
  移除 [36] module(iroutliner): objective 0.6938 > 0.6934 (恢复)
  移除 [35] module(attributor): objective 0.6939 > 0.6934 (恢复)
  移除 [34] module(elim-avail-extern): objective 0.6934, mean_norm 0.6784, worsen_rate 10.00% (保留移除)
  移除 [33] function(dce): objective 0.6934, mean_norm 0.6784, worsen_rate 10.00% (保留移除)
  移除 [32] module(scc-oz-module-inliner): objective 0.6944 > 0.6934 (恢复)
  移除 [31] function(dse): objective 0.6934, mean_norm 0.6784, worsen_rate 10.00% (保留移除)
  移除 [30] module(iroutliner): objective 0.6988 > 0.6934 (恢复)
  移除 [29] module(attributor): objective 0.6934, mean_norm 0.6784, worsen_rate 10.00% (保留移除)
  移除 [28] module(attributor): objective 0.6934, mean_norm 0.6784, worsen_rate 10.00% (保留移除)
  移除 [27] function(newgvn): objective 0.6954 > 0.6934 (恢复)
  移除 [26] cgscc(attributor-cgscc): objective 0.6934, mean_norm 0.6784, worsen_rate 10.00% (保留移除)
  移除 [25] function(jump-threading): objective 0.6934, mean_norm 0.6784, worsen_rate 10.00% (保留移除)
  移除 [24] function(lower-switch): objective 0.6934, mean_norm 0.6784, worsen_rate 10.00% (保留移除)
  移除 [23] module(globalopt): objective 0.8803 > 0.6934 (恢复)
  移除 [22] module(elim-avail-extern): objective 0.6934, mean_norm 0.6784, worsen_rate 10.00% (保留移除)
  移除 [21] function(instsimplify): objective 0.6934, mean_norm 0.6784, worsen_rate 10.00% (保留移除)
  移除 [20] module(attributor): objective 0.6908, mean_norm 0.6773, worsen_rate 9.00% (保留移除)
  移除 [19] module(attributor): objective 0.7303 > 0.6908 (恢复)
  移除 [18] function(lower-switch): objective 0.6899, mean_norm 0.6764, worsen_rate 9.00% (保留移除)
  移除 [17] function(newgvn): objective 0.6904 > 0.6899 (恢复)
  移除 [16] function(jump-threading): objective 0.6930 > 0.6899 (恢复)
  移除 [15] module(inferattrs): objective 0.6884, mean_norm 0.6749, worsen_rate 9.00% (保留移除)
  移除 [14] function(newgvn): objective 0.6915 > 0.6884 (恢复)
  移除 [13] function(dse): objective 0.6887 > 0.6884 (恢复)
  移除 [12] module(elim-avail-extern): objective 0.6884, mean_norm 0.6749, worsen_rate 9.00% (保留移除)
  移除 [11] function(jump-threading): objective 0.6884, mean_norm 0.6749, worsen_rate 9.00% (保留移除)
  移除 [10] module(iroutliner): objective 0.7050 > 0.6884 (恢复)
  移除 [9] cgscc(attributor-cgscc): objective 0.6887 > 0.6884 (恢复)
  移除 [8] function(gvn-hoist): objective 0.7066 > 0.6884 (恢复)
  移除 [7] module(iroutliner): objective 0.6884, mean_norm 0.6749, worsen_rate 9.00% (保留移除)
  移除 [6] loop(loop-simplifycfg): objective 0.6802, mean_norm 0.6667, worsen_rate 9.00% (保留移除)
  移除 [5] function(reassociate): objective 0.6740, mean_norm 0.6635, worsen_rate 7.00% (保留移除)
  移除 [4] function(dse): objective 0.6740, mean_norm 0.6635, worsen_rate 7.00% (保留移除)
  移除 [3] module(attributor): objective 0.6925 > 0.6740 (恢复)
  移除 [2] function(gvn-sink): objective 0.6777 > 0.6740 (恢复)
  移除 [1] module(elim-avail-extern): objective 0.9811 > 0.6740 (恢复)
  移除 [0] module(iroutliner): objective 0.7082 > 0.6740 (恢复)
[Ablation-validation] 最终序列长度: 28, objective: 0.6740, mean_norm: 0.6635, worsen_rate: 7.00%, 移除了 65 个 pass
  消融有效: 93 → 28 passes, validation_objective: 0.7145 → 0.6740

最终通用 pass 序列（effective=28 个顶层 pass, raw=28 个 pass, syn_rate(raw)=0.45）:
  module(iroutliner) → module(elim-avail-extern) → function(gvn-sink) → module(attributor) → function(gvn-hoist) → cgscc(attributor-cgscc) → module(iroutliner) → function(dse) → function(newgvn) → function(jump-threading) → function(newgvn) → module(attributor) → module(globalopt) → function(newgvn) → module(iroutliner) → module(scc-oz-module-inliner) → module(attributor) → module(iroutliner) → module(scc-oz-module-inliner) → function(reassociate) → function(loop(loop-simplifycfg)) → cgscc(attributor-cgscc) → function(newgvn) → function(newgvn) → function(gvn-hoist) → function(reassociate) → module(scc-oz-module-inliner) → function(newgvn)
  search_train_obj=0.6816, search_train_mean=0.6756, search_train_worsen=4.00%, search_train_highvar=0.00%
  validation_obj=0.6740, validation_mean=0.6635, validation_worsen=7.00%, validation_highvar=0.00%
  test_obj=0.7870, test_mean=0.7630, test_worsen=16.00%, test_highvar=0.00%
  raw_sequence (28 passes):
  module(iroutliner) → module(elim-avail-extern) → function(gvn-sink) → module(attributor) → function(gvn-hoist) → cgscc(attributor-cgscc) → module(iroutliner) → function(dse) → function(newgvn) → function(jump-threading) → function(newgvn) → module(attributor) → module(globalopt) → function(newgvn) → module(iroutliner) → module(scc-oz-module-inliner) → module(attributor) → module(iroutliner) → module(scc-oz-module-inliner) → function(reassociate) → loop(loop-simplifycfg) → cgscc(attributor-cgscc) → function(newgvn) → function(newgvn) → function(gvn-hoist) → function(reassociate) → module(scc-oz-module-inliner) → function(newgvn)
  effective_pipeline: module(iroutliner),module(elim-avail-extern),function(gvn-sink),module(attributor),function(gvn-hoist),cgscc(attributor-cgscc),module(iroutliner),function(dse),function(newgvn),function(jump-threading),function(newgvn),module(attributor),module(globalopt),function(newgvn),module(iroutliner),module(scc-oz-module-inliner),module(attributor),module(iroutliner),module(scc-oz-module-inliner),function(reassociate),function(loop(loop-simplifycfg)),cgscc(attributor-cgscc),function(newgvn),function(newgvn),function(gvn-hoist),function(reassociate),module(scc-oz-module-inliner),function(newgvn)

Top-5 最佳序列（按 validation 多目标 objective 升序）:
  #1: validation_obj=0.7145, validation_mean=0.6980, validation_worsen=11.00%, validation_highvar=0.00%, train_obj=0.6985, train_mean=0.6880, train_highvar=0.00%, len=93, syn_rate=0.97, test_obj=0.8342, test_mean=0.8042, test_worsen=20.00%, test_highvar=0.00%
     module(iroutliner) → module(elim-avail-extern) → function(gvn-sink) → module(attributor) → function(dse) → function(reassociate) → function(loop(loop-simplifycfg)) → module(iroutliner) → function(gvn-hoist) → cgscc(attributor-cgscc) → module(iroutliner) → function(jump-threading) → module(elim-avail-extern) → function(dse) → function(newgvn) → module(inferattrs) → function(jump-threading) → function(newgvn) → function(lower-switch) → module(attributor) → module(attributor) → function(instsimplify) → module(elim-avail-extern) → module(globalopt) → function(lower-switch) → function(jump-threading) → cgscc(attributor-cgscc) → function(newgvn) → module(attributor) → module(attributor) → module(iroutliner) → function(dse) → module(scc-oz-module-inliner) → function(dce) → module(elim-avail-extern) → module(attributor) → module(iroutliner) → function(loop(loop-simplifycfg)) → module(attributor) → module(scc-oz-module-inliner) → function(dse) → function(dse) → function(reassociate) → function(loop(loop-simplifycfg)) → module(iroutliner) → function(gvn-hoist) → cgscc(attributor-cgscc) → module(iroutliner) → function(jump-threading) → module(attributor) → function(dse) → function(newgvn) → module(inferattrs) → module(globalopt) → function(jump-threading) → function(newgvn) → function(mem2reg) → function(dse) → function(dce) → function(lower-switch) → module(attributor) → module(attributor) → function(instsimplify) → module(elim-avail-extern) → module(globalopt) → function(lower-switch) → function(jump-threading) → cgscc(attributor-cgscc) → module(iroutliner) → function(dse) → function(gvn-hoist) → module(globalopt) → function(memcpyopt) → module(elim-avail-extern) → module(elim-avail-extern) → function(reassociate) → function(jump-threading) → function(jump-threading) → module(elim-avail-extern) → function(lower-switch) → function(lower-switch) → module(iroutliner) → function(gvn-sink) → module(scc-oz-module-inliner) → function(mem2reg) → function(reassociate) → module(iroutliner) → module(globalopt) → module(scc-oz-module-inliner) → module(globalopt) → function(gvn-sink) → module(elim-avail-extern) → function(newgvn)
     raw: module(iroutliner) → module(elim-avail-extern) → function(gvn-sink) → module(attributor) → function(dse) → function(reassociate) → loop(loop-simplifycfg) → module(iroutliner) → function(gvn-hoist) → cgscc(attributor-cgscc) → module(iroutliner) → function(jump-threading) → module(elim-avail-extern) → function(dse) → function(newgvn) → module(inferattrs) → function(jump-threading) → function(newgvn) → function(lower-switch) → module(attributor) → module(attributor) → function(instsimplify) → module(elim-avail-extern) → module(globalopt) → function(lower-switch) → function(jump-threading) → cgscc(attributor-cgscc) → function(newgvn) → module(attributor) → module(attributor) → module(iroutliner) → function(dse) → module(scc-oz-module-inliner) → function(dce) → module(elim-avail-extern) → module(attributor) → module(iroutliner) → loop(loop-simplifycfg) → module(attributor) → module(scc-oz-module-inliner) → function(dse) → function(dse) → function(reassociate) → loop(loop-simplifycfg) → module(iroutliner) → function(gvn-hoist) → cgscc(attributor-cgscc) → module(iroutliner) → function(jump-threading) → module(attributor) → function(dse) → function(newgvn) → module(inferattrs) → module(globalopt) → function(jump-threading) → function(newgvn) → function(mem2reg) → function(dse) → function(dce) → function(lower-switch) → module(attributor) → module(attributor) → function(instsimplify) → module(elim-avail-extern) → module(globalopt) → function(lower-switch) → function(jump-threading) → cgscc(attributor-cgscc) → module(iroutliner) → function(dse) → function(gvn-hoist) → module(globalopt) → function(memcpyopt) → module(elim-avail-extern) → module(elim-avail-extern) → function(reassociate) → function(jump-threading) → function(jump-threading) → module(elim-avail-extern) → function(lower-switch) → function(lower-switch) → module(iroutliner) → function(gvn-sink) → module(scc-oz-module-inliner) → function(mem2reg) → function(reassociate) → module(iroutliner) → module(globalopt) → module(scc-oz-module-inliner) → module(globalopt) → function(gvn-sink) → module(elim-avail-extern) → function(newgvn)
  #2: validation_obj=0.7153, validation_mean=0.7003, validation_worsen=10.00%, validation_highvar=0.00%, train_obj=0.6964, train_mean=0.6859, train_highvar=0.00%, len=101, syn_rate=0.98, test_obj=0.8247, test_mean=0.7947, test_worsen=20.00%, test_highvar=0.00%
     module(iroutliner) → module(elim-avail-extern) → function(gvn-sink) → module(attributor) → function(dse) → function(reassociate) → function(loop(loop-simplifycfg)) → module(iroutliner) → function(gvn-hoist) → cgscc(attributor-cgscc) → module(elim-avail-extern) → function(gvn-sink) → module(attributor) → function(dse) → function(reassociate) → function(loop(loop-simplifycfg)) → module(iroutliner) → function(gvn-hoist) → cgscc(attributor-cgscc) → module(iroutliner) → function(jump-threading) → module(elim-avail-extern) → function(dse) → function(jump-threading) → function(newgvn) → function(lower-switch) → module(attributor) → module(attributor) → function(instsimplify) → module(elim-avail-extern) → module(globalopt) → function(lower-switch) → module(iroutliner) → function(jump-threading) → function(jump-threading) → function(gvn-sink) → function(gvn-hoist) → module(iroutliner) → module(elim-avail-extern) → function(dse) → function(newgvn) → module(inferattrs) → function(jump-threading) → function(newgvn) → module(attributor) → module(attributor) → module(iroutliner) → function(dse) → module(scc-oz-module-inliner) → function(dce) → module(elim-avail-extern) → module(attributor) → module(iroutliner) → function(loop(loop-simplifycfg)) → module(attributor) → module(scc-oz-module-inliner) → function(mem2reg) → function(dse) → function(dce) → function(lower-switch) → module(attributor) → module(attributor) → function(instsimplify) → module(elim-avail-extern) → module(globalopt) → function(lower-switch) → function(jump-threading) → cgscc(attributor-cgscc) → module(iroutliner) → function(gvn-hoist) → module(globalopt) → function(memcpyopt) → module(elim-avail-extern) → module(iroutliner) → function(reassociate) → function(jump-threading) → function(jump-threading) → module(elim-avail-extern) → function(lower-switch) → function(lower-switch) → module(iroutliner) → function(gvn-sink) → module(scc-oz-module-inliner) → function(mem2reg) → function(reassociate) → module(iroutliner) → module(globalopt) → module(scc-oz-module-inliner) → module(globalopt) → function(gvn-sink) → module(elim-avail-extern) → module(elim-avail-extern) → function(newgvn) → function(newgvn) → cgscc(attributor-cgscc) → function(loop(loop-simplifycfg)) → module(elim-avail-extern) → function(mem2reg) → module(scc-oz-module-inliner) → module(attributor) → cgscc(attributor-cgscc)
     raw: module(iroutliner) → module(elim-avail-extern) → function(gvn-sink) → module(attributor) → function(dse) → function(reassociate) → loop(loop-simplifycfg) → module(iroutliner) → function(gvn-hoist) → cgscc(attributor-cgscc) → module(elim-avail-extern) → function(gvn-sink) → module(attributor) → function(dse) → function(reassociate) → loop(loop-simplifycfg) → module(iroutliner) → function(gvn-hoist) → cgscc(attributor-cgscc) → module(iroutliner) → function(jump-threading) → module(elim-avail-extern) → function(dse) → function(jump-threading) → function(newgvn) → function(lower-switch) → module(attributor) → module(attributor) → function(instsimplify) → module(elim-avail-extern) → module(globalopt) → function(lower-switch) → module(iroutliner) → function(jump-threading) → function(jump-threading) → function(gvn-sink) → function(gvn-hoist) → module(iroutliner) → module(elim-avail-extern) → function(dse) → function(newgvn) → module(inferattrs) → function(jump-threading) → function(newgvn) → module(attributor) → module(attributor) → module(iroutliner) → function(dse) → module(scc-oz-module-inliner) → function(dce) → module(elim-avail-extern) → module(attributor) → module(iroutliner) → loop(loop-simplifycfg) → module(attributor) → module(scc-oz-module-inliner) → function(mem2reg) → function(dse) → function(dce) → function(lower-switch) → module(attributor) → module(attributor) → function(instsimplify) → module(elim-avail-extern) → module(globalopt) → function(lower-switch) → function(jump-threading) → cgscc(attributor-cgscc) → module(iroutliner) → function(gvn-hoist) → module(globalopt) → function(memcpyopt) → module(elim-avail-extern) → module(iroutliner) → function(reassociate) → function(jump-threading) → function(jump-threading) → module(elim-avail-extern) → function(lower-switch) → function(lower-switch) → module(iroutliner) → function(gvn-sink) → module(scc-oz-module-inliner) → function(mem2reg) → function(reassociate) → module(iroutliner) → module(globalopt) → module(scc-oz-module-inliner) → module(globalopt) → function(gvn-sink) → module(elim-avail-extern) → module(elim-avail-extern) → function(newgvn) → function(newgvn) → cgscc(attributor-cgscc) → loop(loop-simplifycfg) → module(elim-avail-extern) → function(mem2reg) → module(scc-oz-module-inliner) → module(attributor) → cgscc(attributor-cgscc)
  #3: validation_obj=0.7213, validation_mean=0.7048, validation_worsen=11.00%, validation_highvar=0.00%, train_obj=0.7019, train_mean=0.6914, train_highvar=0.00%, len=100, syn_rate=0.98, test_obj=0.8223, test_mean=0.7953, test_worsen=18.00%, test_highvar=0.00%
     module(iroutliner) → module(elim-avail-extern) → module(attributor) → function(loop(loop-simplifycfg)) → function(dse) → function(gvn-sink) → function(reassociate) → function(gvn-hoist) → module(iroutliner) → function(gvn-hoist) → cgscc(attributor-cgscc) → module(iroutliner) → function(jump-threading) → module(attributor) → function(dse) → function(newgvn) → cgscc(attributor-cgscc) → module(iroutliner) → function(jump-threading) → function(jump-threading) → function(gvn-sink) → function(gvn-hoist) → module(iroutliner) → module(elim-avail-extern) → function(dse) → function(jump-threading) → module(inferattrs) → function(jump-threading) → function(newgvn) → module(attributor) → module(attributor) → module(scc-oz-module-inliner) → module(iroutliner) → function(dse) → function(dce) → module(elim-avail-extern) → module(attributor) → module(iroutliner) → function(loop(loop-simplifycfg)) → module(attributor) → module(scc-oz-module-inliner) → function(mem2reg) → function(dse) → function(dce) → function(lower-switch) → module(attributor) → module(attributor) → function(instsimplify) → module(elim-avail-extern) → module(globalopt) → function(lower-switch) → function(jump-threading) → cgscc(attributor-cgscc) → function(gvn-hoist) → module(globalopt) → function(memcpyopt) → module(elim-avail-extern) → module(iroutliner) → function(reassociate) → function(jump-threading) → function(newgvn) → module(elim-avail-extern) → function(newgvn) → function(dse) → function(dse) → function(reassociate) → function(lower-switch) → function(lower-switch) → function(jump-threading) → function(lower-switch) → function(lower-switch) → module(scc-oz-module-inliner) → function(mem2reg) → module(iroutliner) → function(lower-switch) → function(jump-threading) → function(lower-switch) → function(lower-switch) → module(scc-oz-module-inliner) → function(mem2reg) → module(iroutliner) → module(globalopt) → function(gvn-sink) → module(scc-oz-module-inliner) → function(reassociate) → module(iroutliner) → module(globalopt) → module(globalopt) → function(gvn-sink) → module(elim-avail-extern) → module(elim-avail-extern) → function(newgvn) → function(newgvn) → cgscc(attributor-cgscc) → function(loop(loop-simplifycfg)) → module(elim-avail-extern) → module(scc-oz-module-inliner) → function(mem2reg) → module(attributor) → cgscc(attributor-cgscc)
     raw: module(iroutliner) → module(elim-avail-extern) → module(attributor) → loop(loop-simplifycfg) → function(dse) → function(gvn-sink) → function(reassociate) → function(gvn-hoist) → module(iroutliner) → function(gvn-hoist) → cgscc(attributor-cgscc) → module(iroutliner) → function(jump-threading) → module(attributor) → function(dse) → function(newgvn) → cgscc(attributor-cgscc) → module(iroutliner) → function(jump-threading) → function(jump-threading) → function(gvn-sink) → function(gvn-hoist) → module(iroutliner) → module(elim-avail-extern) → function(dse) → function(jump-threading) → module(inferattrs) → function(jump-threading) → function(newgvn) → module(attributor) → module(attributor) → module(scc-oz-module-inliner) → module(iroutliner) → function(dse) → function(dce) → module(elim-avail-extern) → module(attributor) → module(iroutliner) → loop(loop-simplifycfg) → module(attributor) → module(scc-oz-module-inliner) → function(mem2reg) → function(dse) → function(dce) → function(lower-switch) → module(attributor) → module(attributor) → function(instsimplify) → module(elim-avail-extern) → module(globalopt) → function(lower-switch) → function(jump-threading) → cgscc(attributor-cgscc) → function(gvn-hoist) → module(globalopt) → function(memcpyopt) → module(elim-avail-extern) → module(iroutliner) → function(reassociate) → function(jump-threading) → function(newgvn) → module(elim-avail-extern) → function(newgvn) → function(dse) → function(dse) → function(reassociate) → function(lower-switch) → function(lower-switch) → function(jump-threading) → function(lower-switch) → function(lower-switch) → module(scc-oz-module-inliner) → function(mem2reg) → module(iroutliner) → function(lower-switch) → function(jump-threading) → function(lower-switch) → function(lower-switch) → module(scc-oz-module-inliner) → function(mem2reg) → module(iroutliner) → module(globalopt) → function(gvn-sink) → module(scc-oz-module-inliner) → function(reassociate) → module(iroutliner) → module(globalopt) → module(globalopt) → function(gvn-sink) → module(elim-avail-extern) → module(elim-avail-extern) → function(newgvn) → function(newgvn) → cgscc(attributor-cgscc) → loop(loop-simplifycfg) → module(elim-avail-extern) → module(scc-oz-module-inliner) → function(mem2reg) → module(attributor) → cgscc(attributor-cgscc)
  #4: validation_obj=0.7214, validation_mean=0.7049, validation_worsen=11.00%, validation_highvar=0.00%, train_obj=0.6735, train_mean=0.6630, train_highvar=0.00%, len=98, syn_rate=0.97, test_obj=0.8092, test_mean=0.7822, test_worsen=18.00%, test_highvar=0.00%
     module(iroutliner) → module(elim-avail-extern) → module(attributor) → function(jump-threading) → function(loop(loop-simplifycfg)) → function(dse) → function(gvn-sink) → function(reassociate) → module(iroutliner) → function(gvn-hoist) → cgscc(attributor-cgscc) → module(iroutliner) → function(jump-threading) → function(jump-threading) → function(gvn-sink) → function(gvn-hoist) → module(iroutliner) → module(elim-avail-extern) → function(dse) → function(newgvn) → module(inferattrs) → function(jump-threading) → function(newgvn) → function(dse) → function(gvn-sink) → function(reassociate) → module(iroutliner) → function(gvn-hoist) → function(mem2reg) → module(iroutliner) → module(attributor) → module(attributor) → module(scc-oz-module-inliner) → module(iroutliner) → function(dse) → function(dce) → module(elim-avail-extern) → module(attributor) → module(iroutliner) → function(loop(loop-simplifycfg)) → module(attributor) → module(scc-oz-module-inliner) → function(mem2reg) → function(dse) → function(dce) → function(lower-switch) → module(attributor) → module(attributor) → function(instsimplify) → module(elim-avail-extern) → module(globalopt) → function(lower-switch) → function(jump-threading) → cgscc(attributor-cgscc) → module(iroutliner) → function(gvn-hoist) → module(globalopt) → function(memcpyopt) → module(elim-avail-extern) → module(iroutliner) → function(reassociate) → function(jump-threading) → function(jump-threading) → module(elim-avail-extern) → function(newgvn) → function(dse) → function(dse) → function(lower-switch) → function(lower-switch) → function(jump-threading) → module(globalopt) → function(dse) → function(dse) → function(dse) → function(gvn-sink) → function(gvn-sink) → function(lower-switch) → function(lower-switch) → module(scc-oz-module-inliner) → module(scc-oz-module-inliner) → function(mem2reg) → module(iroutliner) → function(gvn-sink) → function(reassociate) → module(iroutliner) → module(globalopt) → module(globalopt) → function(gvn-sink) → module(elim-avail-extern) → module(elim-avail-extern) → function(newgvn) → function(newgvn) → cgscc(attributor-cgscc) → function(loop(loop-simplifycfg)) → module(elim-avail-extern) → module(scc-oz-module-inliner) → function(mem2reg) → cgscc(attributor-cgscc)
     raw: module(iroutliner) → module(elim-avail-extern) → module(attributor) → function(jump-threading) → loop(loop-simplifycfg) → function(dse) → function(gvn-sink) → function(reassociate) → module(iroutliner) → function(gvn-hoist) → cgscc(attributor-cgscc) → module(iroutliner) → function(jump-threading) → function(jump-threading) → function(gvn-sink) → function(gvn-hoist) → module(iroutliner) → module(elim-avail-extern) → function(dse) → function(newgvn) → module(inferattrs) → function(jump-threading) → function(newgvn) → function(dse) → function(gvn-sink) → function(reassociate) → module(iroutliner) → function(gvn-hoist) → function(mem2reg) → module(iroutliner) → module(attributor) → module(attributor) → module(scc-oz-module-inliner) → module(iroutliner) → function(dse) → function(dce) → module(elim-avail-extern) → module(attributor) → module(iroutliner) → loop(loop-simplifycfg) → module(attributor) → module(scc-oz-module-inliner) → function(mem2reg) → function(dse) → function(dce) → function(lower-switch) → module(attributor) → module(attributor) → function(instsimplify) → module(elim-avail-extern) → module(globalopt) → function(lower-switch) → function(jump-threading) → cgscc(attributor-cgscc) → module(iroutliner) → function(gvn-hoist) → module(globalopt) → function(memcpyopt) → module(elim-avail-extern) → module(iroutliner) → function(reassociate) → function(jump-threading) → function(jump-threading) → module(elim-avail-extern) → function(newgvn) → function(dse) → function(dse) → function(lower-switch) → function(lower-switch) → function(jump-threading) → module(globalopt) → function(dse) → function(dse) → function(dse) → function(gvn-sink) → function(gvn-sink) → function(lower-switch) → function(lower-switch) → module(scc-oz-module-inliner) → module(scc-oz-module-inliner) → function(mem2reg) → module(iroutliner) → function(gvn-sink) → function(reassociate) → module(iroutliner) → module(globalopt) → module(globalopt) → function(gvn-sink) → module(elim-avail-extern) → module(elim-avail-extern) → function(newgvn) → function(newgvn) → cgscc(attributor-cgscc) → loop(loop-simplifycfg) → module(elim-avail-extern) → module(scc-oz-module-inliner) → function(mem2reg) → cgscc(attributor-cgscc)
  #5: validation_obj=0.7262, validation_mean=0.7097, validation_worsen=11.00%, validation_highvar=0.00%, train_obj=0.6946, train_mean=0.6841, train_highvar=0.00%, len=102, syn_rate=0.98, test_obj=0.8344, test_mean=0.8044, test_worsen=20.00%, test_highvar=0.00%
     module(iroutliner) → function(reassociate) → module(iroutliner) → module(globalopt) → module(elim-avail-extern) → function(gvn-sink) → module(globalopt) → module(attributor) → function(dse) → function(reassociate) → function(loop(loop-simplifycfg)) → module(iroutliner) → function(gvn-hoist) → cgscc(attributor-cgscc) → module(elim-avail-extern) → function(gvn-sink) → module(attributor) → function(dse) → function(reassociate) → function(loop(loop-simplifycfg)) → module(iroutliner) → function(gvn-hoist) → cgscc(attributor-cgscc) → module(iroutliner) → function(jump-threading) → module(elim-avail-extern) → function(dse) → function(jump-threading) → function(newgvn) → function(lower-switch) → module(attributor) → module(attributor) → function(instsimplify) → module(elim-avail-extern) → module(globalopt) → function(lower-switch) → module(iroutliner) → function(jump-threading) → function(newgvn) → module(inferattrs) → module(attributor) → module(scc-oz-module-inliner) → module(iroutliner) → function(dse) → function(dce) → module(elim-avail-extern) → module(attributor) → module(iroutliner) → function(loop(loop-simplifycfg)) → module(attributor) → module(scc-oz-module-inliner) → function(mem2reg) → function(dse) → function(dce) → function(lower-switch) → module(attributor) → module(attributor) → function(instsimplify) → module(elim-avail-extern) → module(globalopt) → function(lower-switch) → function(jump-threading) → cgscc(attributor-cgscc) → module(iroutliner) → function(gvn-hoist) → module(globalopt) → function(memcpyopt) → module(elim-avail-extern) → module(iroutliner) → function(reassociate) → function(jump-threading) → function(jump-threading) → module(elim-avail-extern) → function(newgvn) → function(dse) → function(dse) → function(lower-switch) → function(lower-switch) → function(jump-threading) → function(lower-switch) → function(lower-switch) → module(scc-oz-module-inliner) → function(mem2reg) → module(iroutliner) → function(gvn-sink) → module(scc-oz-module-inliner) → function(reassociate) → module(iroutliner) → module(globalopt) → module(globalopt) → function(gvn-sink) → module(elim-avail-extern) → module(elim-avail-extern) → function(newgvn) → function(newgvn) → cgscc(attributor-cgscc) → function(loop(loop-simplifycfg)) → module(elim-avail-extern) → module(scc-oz-module-inliner) → function(mem2reg) → module(attributor) → cgscc(attributor-cgscc)
     raw: module(iroutliner) → function(reassociate) → module(iroutliner) → module(globalopt) → module(elim-avail-extern) → function(gvn-sink) → module(globalopt) → module(attributor) → function(dse) → function(reassociate) → loop(loop-simplifycfg) → module(iroutliner) → function(gvn-hoist) → cgscc(attributor-cgscc) → module(elim-avail-extern) → function(gvn-sink) → module(attributor) → function(dse) → function(reassociate) → loop(loop-simplifycfg) → module(iroutliner) → function(gvn-hoist) → cgscc(attributor-cgscc) → module(iroutliner) → function(jump-threading) → module(elim-avail-extern) → function(dse) → function(jump-threading) → function(newgvn) → function(lower-switch) → module(attributor) → module(attributor) → function(instsimplify) → module(elim-avail-extern) → module(globalopt) → function(lower-switch) → module(iroutliner) → function(jump-threading) → function(newgvn) → module(inferattrs) → module(attributor) → module(scc-oz-module-inliner) → module(iroutliner) → function(dse) → function(dce) → module(elim-avail-extern) → module(attributor) → module(iroutliner) → loop(loop-simplifycfg) → module(attributor) → module(scc-oz-module-inliner) → function(mem2reg) → function(dse) → function(dce) → function(lower-switch) → module(attributor) → module(attributor) → function(instsimplify) → module(elim-avail-extern) → module(globalopt) → function(lower-switch) → function(jump-threading) → cgscc(attributor-cgscc) → module(iroutliner) → function(gvn-hoist) → module(globalopt) → function(memcpyopt) → module(elim-avail-extern) → module(iroutliner) → function(reassociate) → function(jump-threading) → function(jump-threading) → module(elim-avail-extern) → function(newgvn) → function(dse) → function(dse) → function(lower-switch) → function(lower-switch) → function(jump-threading) → function(lower-switch) → function(lower-switch) → module(scc-oz-module-inliner) → function(mem2reg) → module(iroutliner) → function(gvn-sink) → module(scc-oz-module-inliner) → function(reassociate) → module(iroutliner) → module(globalopt) → module(globalopt) → function(gvn-sink) → module(elim-avail-extern) → module(elim-avail-extern) → function(newgvn) → function(newgvn) → cgscc(attributor-cgscc) → loop(loop-simplifycfg) → module(elim-avail-extern) → module(scc-oz-module-inliner) → function(mem2reg) → module(attributor) → cgscc(attributor-cgscc)

============================================================
所有轮次中最优 validation objective: 0.6740
最优通用 pass 序列 (28 passes):
  module(iroutliner) → module(elim-avail-extern) → function(gvn-sink) → module(attributor) → function(gvn-hoist) → cgscc(attributor-cgscc) → module(iroutliner) → function(dse) → function(newgvn) → function(jump-threading) → function(newgvn) → module(attributor) → module(globalopt) → function(newgvn) → module(iroutliner) → module(scc-oz-module-inliner) → module(attributor) → module(iroutliner) → module(scc-oz-module-inliner) → function(reassociate) → function(loop(loop-simplifycfg)) → cgscc(attributor-cgscc) → function(newgvn) → function(newgvn) → function(gvn-hoist) → function(reassociate) → module(scc-oz-module-inliner) → function(newgvn)
  search_train_obj=0.6816, search_train_mean=0.6756, search_train_worsen=4.00%, search_train_highvar=0.00%
  validation_obj=0.6740, validation_mean=0.6635, validation_worsen=7.00%, validation_highvar=0.00%
  test_obj=0.7870, test_mean=0.7630, test_worsen=16.00%, test_highvar=0.00%
  raw_sequence (28 passes):
  module(iroutliner) → module(elim-avail-extern) → function(gvn-sink) → module(attributor) → function(gvn-hoist) → cgscc(attributor-cgscc) → module(iroutliner) → function(dse) → function(newgvn) → function(jump-threading) → function(newgvn) → module(attributor) → module(globalopt) → function(newgvn) → module(iroutliner) → module(scc-oz-module-inliner) → module(attributor) → module(iroutliner) → module(scc-oz-module-inliner) → function(reassociate) → loop(loop-simplifycfg) → cgscc(attributor-cgscc) → function(newgvn) → function(newgvn) → function(gvn-hoist) → function(reassociate) → module(scc-oz-module-inliner) → function(newgvn)
  effective_pipeline: module(iroutliner),module(elim-avail-extern),function(gvn-sink),module(attributor),function(gvn-hoist),cgscc(attributor-cgscc),module(iroutliner),function(dse),function(newgvn),function(jump-threading),function(newgvn),module(attributor),module(globalopt),function(newgvn),module(iroutliner),module(scc-oz-module-inliner),module(attributor),module(iroutliner),module(scc-oz-module-inliner),function(reassociate),function(loop(loop-simplifycfg)),cgscc(attributor-cgscc),function(newgvn),function(newgvn),function(gvn-hoist),function(reassociate),module(scc-oz-module-inliner),function(newgvn)

最优轮次 Top-5 序列（含测试集效果，按 validation objective 升序）:
  #1: validation_obj=0.7145, validation_mean=0.6980, validation_worsen=11.00%, validation_highvar=0.00%, train_obj=0.6985, train_mean=0.6880, train_highvar=0.00%, len=93, syn_rate=0.97, test_obj=0.8342, test_mean=0.8042, test_worsen=20.00%, test_highvar=0.00%
     module(iroutliner) → module(elim-avail-extern) → function(gvn-sink) → module(attributor) → function(dse) → function(reassociate) → function(loop(loop-simplifycfg)) → module(iroutliner) → function(gvn-hoist) → cgscc(attributor-cgscc) → module(iroutliner) → function(jump-threading) → module(elim-avail-extern) → function(dse) → function(newgvn) → module(inferattrs) → function(jump-threading) → function(newgvn) → function(lower-switch) → module(attributor) → module(attributor) → function(instsimplify) → module(elim-avail-extern) → module(globalopt) → function(lower-switch) → function(jump-threading) → cgscc(attributor-cgscc) → function(newgvn) → module(attributor) → module(attributor) → module(iroutliner) → function(dse) → module(scc-oz-module-inliner) → function(dce) → module(elim-avail-extern) → module(attributor) → module(iroutliner) → function(loop(loop-simplifycfg)) → module(attributor) → module(scc-oz-module-inliner) → function(dse) → function(dse) → function(reassociate) → function(loop(loop-simplifycfg)) → module(iroutliner) → function(gvn-hoist) → cgscc(attributor-cgscc) → module(iroutliner) → function(jump-threading) → module(attributor) → function(dse) → function(newgvn) → module(inferattrs) → module(globalopt) → function(jump-threading) → function(newgvn) → function(mem2reg) → function(dse) → function(dce) → function(lower-switch) → module(attributor) → module(attributor) → function(instsimplify) → module(elim-avail-extern) → module(globalopt) → function(lower-switch) → function(jump-threading) → cgscc(attributor-cgscc) → module(iroutliner) → function(dse) → function(gvn-hoist) → module(globalopt) → function(memcpyopt) → module(elim-avail-extern) → module(elim-avail-extern) → function(reassociate) → function(jump-threading) → function(jump-threading) → module(elim-avail-extern) → function(lower-switch) → function(lower-switch) → module(iroutliner) → function(gvn-sink) → module(scc-oz-module-inliner) → function(mem2reg) → function(reassociate) → module(iroutliner) → module(globalopt) → module(scc-oz-module-inliner) → module(globalopt) → function(gvn-sink) → module(elim-avail-extern) → function(newgvn)
     raw: module(iroutliner) → module(elim-avail-extern) → function(gvn-sink) → module(attributor) → function(dse) → function(reassociate) → loop(loop-simplifycfg) → module(iroutliner) → function(gvn-hoist) → cgscc(attributor-cgscc) → module(iroutliner) → function(jump-threading) → module(elim-avail-extern) → function(dse) → function(newgvn) → module(inferattrs) → function(jump-threading) → function(newgvn) → function(lower-switch) → module(attributor) → module(attributor) → function(instsimplify) → module(elim-avail-extern) → module(globalopt) → function(lower-switch) → function(jump-threading) → cgscc(attributor-cgscc) → function(newgvn) → module(attributor) → module(attributor) → module(iroutliner) → function(dse) → module(scc-oz-module-inliner) → function(dce) → module(elim-avail-extern) → module(attributor) → module(iroutliner) → loop(loop-simplifycfg) → module(attributor) → module(scc-oz-module-inliner) → function(dse) → function(dse) → function(reassociate) → loop(loop-simplifycfg) → module(iroutliner) → function(gvn-hoist) → cgscc(attributor-cgscc) → module(iroutliner) → function(jump-threading) → module(attributor) → function(dse) → function(newgvn) → module(inferattrs) → module(globalopt) → function(jump-threading) → function(newgvn) → function(mem2reg) → function(dse) → function(dce) → function(lower-switch) → module(attributor) → module(attributor) → function(instsimplify) → module(elim-avail-extern) → module(globalopt) → function(lower-switch) → function(jump-threading) → cgscc(attributor-cgscc) → module(iroutliner) → function(dse) → function(gvn-hoist) → module(globalopt) → function(memcpyopt) → module(elim-avail-extern) → module(elim-avail-extern) → function(reassociate) → function(jump-threading) → function(jump-threading) → module(elim-avail-extern) → function(lower-switch) → function(lower-switch) → module(iroutliner) → function(gvn-sink) → module(scc-oz-module-inliner) → function(mem2reg) → function(reassociate) → module(iroutliner) → module(globalopt) → module(scc-oz-module-inliner) → module(globalopt) → function(gvn-sink) → module(elim-avail-extern) → function(newgvn)
  #2: validation_obj=0.7153, validation_mean=0.7003, validation_worsen=10.00%, validation_highvar=0.00%, train_obj=0.6964, train_mean=0.6859, train_highvar=0.00%, len=101, syn_rate=0.98, test_obj=0.8247, test_mean=0.7947, test_worsen=20.00%, test_highvar=0.00%
     module(iroutliner) → module(elim-avail-extern) → function(gvn-sink) → module(attributor) → function(dse) → function(reassociate) → function(loop(loop-simplifycfg)) → module(iroutliner) → function(gvn-hoist) → cgscc(attributor-cgscc) → module(elim-avail-extern) → function(gvn-sink) → module(attributor) → function(dse) → function(reassociate) → function(loop(loop-simplifycfg)) → module(iroutliner) → function(gvn-hoist) → cgscc(attributor-cgscc) → module(iroutliner) → function(jump-threading) → module(elim-avail-extern) → function(dse) → function(jump-threading) → function(newgvn) → function(lower-switch) → module(attributor) → module(attributor) → function(instsimplify) → module(elim-avail-extern) → module(globalopt) → function(lower-switch) → module(iroutliner) → function(jump-threading) → function(jump-threading) → function(gvn-sink) → function(gvn-hoist) → module(iroutliner) → module(elim-avail-extern) → function(dse) → function(newgvn) → module(inferattrs) → function(jump-threading) → function(newgvn) → module(attributor) → module(attributor) → module(iroutliner) → function(dse) → module(scc-oz-module-inliner) → function(dce) → module(elim-avail-extern) → module(attributor) → module(iroutliner) → function(loop(loop-simplifycfg)) → module(attributor) → module(scc-oz-module-inliner) → function(mem2reg) → function(dse) → function(dce) → function(lower-switch) → module(attributor) → module(attributor) → function(instsimplify) → module(elim-avail-extern) → module(globalopt) → function(lower-switch) → function(jump-threading) → cgscc(attributor-cgscc) → module(iroutliner) → function(gvn-hoist) → module(globalopt) → function(memcpyopt) → module(elim-avail-extern) → module(iroutliner) → function(reassociate) → function(jump-threading) → function(jump-threading) → module(elim-avail-extern) → function(lower-switch) → function(lower-switch) → module(iroutliner) → function(gvn-sink) → module(scc-oz-module-inliner) → function(mem2reg) → function(reassociate) → module(iroutliner) → module(globalopt) → module(scc-oz-module-inliner) → module(globalopt) → function(gvn-sink) → module(elim-avail-extern) → module(elim-avail-extern) → function(newgvn) → function(newgvn) → cgscc(attributor-cgscc) → function(loop(loop-simplifycfg)) → module(elim-avail-extern) → function(mem2reg) → module(scc-oz-module-inliner) → module(attributor) → cgscc(attributor-cgscc)
     raw: module(iroutliner) → module(elim-avail-extern) → function(gvn-sink) → module(attributor) → function(dse) → function(reassociate) → loop(loop-simplifycfg) → module(iroutliner) → function(gvn-hoist) → cgscc(attributor-cgscc) → module(elim-avail-extern) → function(gvn-sink) → module(attributor) → function(dse) → function(reassociate) → loop(loop-simplifycfg) → module(iroutliner) → function(gvn-hoist) → cgscc(attributor-cgscc) → module(iroutliner) → function(jump-threading) → module(elim-avail-extern) → function(dse) → function(jump-threading) → function(newgvn) → function(lower-switch) → module(attributor) → module(attributor) → function(instsimplify) → module(elim-avail-extern) → module(globalopt) → function(lower-switch) → module(iroutliner) → function(jump-threading) → function(jump-threading) → function(gvn-sink) → function(gvn-hoist) → module(iroutliner) → module(elim-avail-extern) → function(dse) → function(newgvn) → module(inferattrs) → function(jump-threading) → function(newgvn) → module(attributor) → module(attributor) → module(iroutliner) → function(dse) → module(scc-oz-module-inliner) → function(dce) → module(elim-avail-extern) → module(attributor) → module(iroutliner) → loop(loop-simplifycfg) → module(attributor) → module(scc-oz-module-inliner) → function(mem2reg) → function(dse) → function(dce) → function(lower-switch) → module(attributor) → module(attributor) → function(instsimplify) → module(elim-avail-extern) → module(globalopt) → function(lower-switch) → function(jump-threading) → cgscc(attributor-cgscc) → module(iroutliner) → function(gvn-hoist) → module(globalopt) → function(memcpyopt) → module(elim-avail-extern) → module(iroutliner) → function(reassociate) → function(jump-threading) → function(jump-threading) → module(elim-avail-extern) → function(lower-switch) → function(lower-switch) → module(iroutliner) → function(gvn-sink) → module(scc-oz-module-inliner) → function(mem2reg) → function(reassociate) → module(iroutliner) → module(globalopt) → module(scc-oz-module-inliner) → module(globalopt) → function(gvn-sink) → module(elim-avail-extern) → module(elim-avail-extern) → function(newgvn) → function(newgvn) → cgscc(attributor-cgscc) → loop(loop-simplifycfg) → module(elim-avail-extern) → function(mem2reg) → module(scc-oz-module-inliner) → module(attributor) → cgscc(attributor-cgscc)
  #3: validation_obj=0.7213, validation_mean=0.7048, validation_worsen=11.00%, validation_highvar=0.00%, train_obj=0.7019, train_mean=0.6914, train_highvar=0.00%, len=100, syn_rate=0.98, test_obj=0.8223, test_mean=0.7953, test_worsen=18.00%, test_highvar=0.00%
     module(iroutliner) → module(elim-avail-extern) → module(attributor) → function(loop(loop-simplifycfg)) → function(dse) → function(gvn-sink) → function(reassociate) → function(gvn-hoist) → module(iroutliner) → function(gvn-hoist) → cgscc(attributor-cgscc) → module(iroutliner) → function(jump-threading) → module(attributor) → function(dse) → function(newgvn) → cgscc(attributor-cgscc) → module(iroutliner) → function(jump-threading) → function(jump-threading) → function(gvn-sink) → function(gvn-hoist) → module(iroutliner) → module(elim-avail-extern) → function(dse) → function(jump-threading) → module(inferattrs) → function(jump-threading) → function(newgvn) → module(attributor) → module(attributor) → module(scc-oz-module-inliner) → module(iroutliner) → function(dse) → function(dce) → module(elim-avail-extern) → module(attributor) → module(iroutliner) → function(loop(loop-simplifycfg)) → module(attributor) → module(scc-oz-module-inliner) → function(mem2reg) → function(dse) → function(dce) → function(lower-switch) → module(attributor) → module(attributor) → function(instsimplify) → module(elim-avail-extern) → module(globalopt) → function(lower-switch) → function(jump-threading) → cgscc(attributor-cgscc) → function(gvn-hoist) → module(globalopt) → function(memcpyopt) → module(elim-avail-extern) → module(iroutliner) → function(reassociate) → function(jump-threading) → function(newgvn) → module(elim-avail-extern) → function(newgvn) → function(dse) → function(dse) → function(reassociate) → function(lower-switch) → function(lower-switch) → function(jump-threading) → function(lower-switch) → function(lower-switch) → module(scc-oz-module-inliner) → function(mem2reg) → module(iroutliner) → function(lower-switch) → function(jump-threading) → function(lower-switch) → function(lower-switch) → module(scc-oz-module-inliner) → function(mem2reg) → module(iroutliner) → module(globalopt) → function(gvn-sink) → module(scc-oz-module-inliner) → function(reassociate) → module(iroutliner) → module(globalopt) → module(globalopt) → function(gvn-sink) → module(elim-avail-extern) → module(elim-avail-extern) → function(newgvn) → function(newgvn) → cgscc(attributor-cgscc) → function(loop(loop-simplifycfg)) → module(elim-avail-extern) → module(scc-oz-module-inliner) → function(mem2reg) → module(attributor) → cgscc(attributor-cgscc)
     raw: module(iroutliner) → module(elim-avail-extern) → module(attributor) → loop(loop-simplifycfg) → function(dse) → function(gvn-sink) → function(reassociate) → function(gvn-hoist) → module(iroutliner) → function(gvn-hoist) → cgscc(attributor-cgscc) → module(iroutliner) → function(jump-threading) → module(attributor) → function(dse) → function(newgvn) → cgscc(attributor-cgscc) → module(iroutliner) → function(jump-threading) → function(jump-threading) → function(gvn-sink) → function(gvn-hoist) → module(iroutliner) → module(elim-avail-extern) → function(dse) → function(jump-threading) → module(inferattrs) → function(jump-threading) → function(newgvn) → module(attributor) → module(attributor) → module(scc-oz-module-inliner) → module(iroutliner) → function(dse) → function(dce) → module(elim-avail-extern) → module(attributor) → module(iroutliner) → loop(loop-simplifycfg) → module(attributor) → module(scc-oz-module-inliner) → function(mem2reg) → function(dse) → function(dce) → function(lower-switch) → module(attributor) → module(attributor) → function(instsimplify) → module(elim-avail-extern) → module(globalopt) → function(lower-switch) → function(jump-threading) → cgscc(attributor-cgscc) → function(gvn-hoist) → module(globalopt) → function(memcpyopt) → module(elim-avail-extern) → module(iroutliner) → function(reassociate) → function(jump-threading) → function(newgvn) → module(elim-avail-extern) → function(newgvn) → function(dse) → function(dse) → function(reassociate) → function(lower-switch) → function(lower-switch) → function(jump-threading) → function(lower-switch) → function(lower-switch) → module(scc-oz-module-inliner) → function(mem2reg) → module(iroutliner) → function(lower-switch) → function(jump-threading) → function(lower-switch) → function(lower-switch) → module(scc-oz-module-inliner) → function(mem2reg) → module(iroutliner) → module(globalopt) → function(gvn-sink) → module(scc-oz-module-inliner) → function(reassociate) → module(iroutliner) → module(globalopt) → module(globalopt) → function(gvn-sink) → module(elim-avail-extern) → module(elim-avail-extern) → function(newgvn) → function(newgvn) → cgscc(attributor-cgscc) → loop(loop-simplifycfg) → module(elim-avail-extern) → module(scc-oz-module-inliner) → function(mem2reg) → module(attributor) → cgscc(attributor-cgscc)
  #4: validation_obj=0.7214, validation_mean=0.7049, validation_worsen=11.00%, validation_highvar=0.00%, train_obj=0.6735, train_mean=0.6630, train_highvar=0.00%, len=98, syn_rate=0.97, test_obj=0.8092, test_mean=0.7822, test_worsen=18.00%, test_highvar=0.00%
     module(iroutliner) → module(elim-avail-extern) → module(attributor) → function(jump-threading) → function(loop(loop-simplifycfg)) → function(dse) → function(gvn-sink) → function(reassociate) → module(iroutliner) → function(gvn-hoist) → cgscc(attributor-cgscc) → module(iroutliner) → function(jump-threading) → function(jump-threading) → function(gvn-sink) → function(gvn-hoist) → module(iroutliner) → module(elim-avail-extern) → function(dse) → function(newgvn) → module(inferattrs) → function(jump-threading) → function(newgvn) → function(dse) → function(gvn-sink) → function(reassociate) → module(iroutliner) → function(gvn-hoist) → function(mem2reg) → module(iroutliner) → module(attributor) → module(attributor) → module(scc-oz-module-inliner) → module(iroutliner) → function(dse) → function(dce) → module(elim-avail-extern) → module(attributor) → module(iroutliner) → function(loop(loop-simplifycfg)) → module(attributor) → module(scc-oz-module-inliner) → function(mem2reg) → function(dse) → function(dce) → function(lower-switch) → module(attributor) → module(attributor) → function(instsimplify) → module(elim-avail-extern) → module(globalopt) → function(lower-switch) → function(jump-threading) → cgscc(attributor-cgscc) → module(iroutliner) → function(gvn-hoist) → module(globalopt) → function(memcpyopt) → module(elim-avail-extern) → module(iroutliner) → function(reassociate) → function(jump-threading) → function(jump-threading) → module(elim-avail-extern) → function(newgvn) → function(dse) → function(dse) → function(lower-switch) → function(lower-switch) → function(jump-threading) → module(globalopt) → function(dse) → function(dse) → function(dse) → function(gvn-sink) → function(gvn-sink) → function(lower-switch) → function(lower-switch) → module(scc-oz-module-inliner) → module(scc-oz-module-inliner) → function(mem2reg) → module(iroutliner) → function(gvn-sink) → function(reassociate) → module(iroutliner) → module(globalopt) → module(globalopt) → function(gvn-sink) → module(elim-avail-extern) → module(elim-avail-extern) → function(newgvn) → function(newgvn) → cgscc(attributor-cgscc) → function(loop(loop-simplifycfg)) → module(elim-avail-extern) → module(scc-oz-module-inliner) → function(mem2reg) → cgscc(attributor-cgscc)
     raw: module(iroutliner) → module(elim-avail-extern) → module(attributor) → function(jump-threading) → loop(loop-simplifycfg) → function(dse) → function(gvn-sink) → function(reassociate) → module(iroutliner) → function(gvn-hoist) → cgscc(attributor-cgscc) → module(iroutliner) → function(jump-threading) → function(jump-threading) → function(gvn-sink) → function(gvn-hoist) → module(iroutliner) → module(elim-avail-extern) → function(dse) → function(newgvn) → module(inferattrs) → function(jump-threading) → function(newgvn) → function(dse) → function(gvn-sink) → function(reassociate) → module(iroutliner) → function(gvn-hoist) → function(mem2reg) → module(iroutliner) → module(attributor) → module(attributor) → module(scc-oz-module-inliner) → module(iroutliner) → function(dse) → function(dce) → module(elim-avail-extern) → module(attributor) → module(iroutliner) → loop(loop-simplifycfg) → module(attributor) → module(scc-oz-module-inliner) → function(mem2reg) → function(dse) → function(dce) → function(lower-switch) → module(attributor) → module(attributor) → function(instsimplify) → module(elim-avail-extern) → module(globalopt) → function(lower-switch) → function(jump-threading) → cgscc(attributor-cgscc) → module(iroutliner) → function(gvn-hoist) → module(globalopt) → function(memcpyopt) → module(elim-avail-extern) → module(iroutliner) → function(reassociate) → function(jump-threading) → function(jump-threading) → module(elim-avail-extern) → function(newgvn) → function(dse) → function(dse) → function(lower-switch) → function(lower-switch) → function(jump-threading) → module(globalopt) → function(dse) → function(dse) → function(dse) → function(gvn-sink) → function(gvn-sink) → function(lower-switch) → function(lower-switch) → module(scc-oz-module-inliner) → module(scc-oz-module-inliner) → function(mem2reg) → module(iroutliner) → function(gvn-sink) → function(reassociate) → module(iroutliner) → module(globalopt) → module(globalopt) → function(gvn-sink) → module(elim-avail-extern) → module(elim-avail-extern) → function(newgvn) → function(newgvn) → cgscc(attributor-cgscc) → loop(loop-simplifycfg) → module(elim-avail-extern) → module(scc-oz-module-inliner) → function(mem2reg) → cgscc(attributor-cgscc)
  #5: validation_obj=0.7262, validation_mean=0.7097, validation_worsen=11.00%, validation_highvar=0.00%, train_obj=0.6946, train_mean=0.6841, train_highvar=0.00%, len=102, syn_rate=0.98, test_obj=0.8344, test_mean=0.8044, test_worsen=20.00%, test_highvar=0.00%
     module(iroutliner) → function(reassociate) → module(iroutliner) → module(globalopt) → module(elim-avail-extern) → function(gvn-sink) → module(globalopt) → module(attributor) → function(dse) → function(reassociate) → function(loop(loop-simplifycfg)) → module(iroutliner) → function(gvn-hoist) → cgscc(attributor-cgscc) → module(elim-avail-extern) → function(gvn-sink) → module(attributor) → function(dse) → function(reassociate) → function(loop(loop-simplifycfg)) → module(iroutliner) → function(gvn-hoist) → cgscc(attributor-cgscc) → module(iroutliner) → function(jump-threading) → module(elim-avail-extern) → function(dse) → function(jump-threading) → function(newgvn) → function(lower-switch) → module(attributor) → module(attributor) → function(instsimplify) → module(elim-avail-extern) → module(globalopt) → function(lower-switch) → module(iroutliner) → function(jump-threading) → function(newgvn) → module(inferattrs) → module(attributor) → module(scc-oz-module-inliner) → module(iroutliner) → function(dse) → function(dce) → module(elim-avail-extern) → module(attributor) → module(iroutliner) → function(loop(loop-simplifycfg)) → module(attributor) → module(scc-oz-module-inliner) → function(mem2reg) → function(dse) → function(dce) → function(lower-switch) → module(attributor) → module(attributor) → function(instsimplify) → module(elim-avail-extern) → module(globalopt) → function(lower-switch) → function(jump-threading) → cgscc(attributor-cgscc) → module(iroutliner) → function(gvn-hoist) → module(globalopt) → function(memcpyopt) → module(elim-avail-extern) → module(iroutliner) → function(reassociate) → function(jump-threading) → function(jump-threading) → module(elim-avail-extern) → function(newgvn) → function(dse) → function(dse) → function(lower-switch) → function(lower-switch) → function(jump-threading) → function(lower-switch) → function(lower-switch) → module(scc-oz-module-inliner) → function(mem2reg) → module(iroutliner) → function(gvn-sink) → module(scc-oz-module-inliner) → function(reassociate) → module(iroutliner) → module(globalopt) → module(globalopt) → function(gvn-sink) → module(elim-avail-extern) → module(elim-avail-extern) → function(newgvn) → function(newgvn) → cgscc(attributor-cgscc) → function(loop(loop-simplifycfg)) → module(elim-avail-extern) → module(scc-oz-module-inliner) → function(mem2reg) → module(attributor) → cgscc(attributor-cgscc)
     raw: module(iroutliner) → function(reassociate) → module(iroutliner) → module(globalopt) → module(elim-avail-extern) → function(gvn-sink) → module(globalopt) → module(attributor) → function(dse) → function(reassociate) → loop(loop-simplifycfg) → module(iroutliner) → function(gvn-hoist) → cgscc(attributor-cgscc) → module(elim-avail-extern) → function(gvn-sink) → module(attributor) → function(dse) → function(reassociate) → loop(loop-simplifycfg) → module(iroutliner) → function(gvn-hoist) → cgscc(attributor-cgscc) → module(iroutliner) → function(jump-threading) → module(elim-avail-extern) → function(dse) → function(jump-threading) → function(newgvn) → function(lower-switch) → module(attributor) → module(attributor) → function(instsimplify) → module(elim-avail-extern) → module(globalopt) → function(lower-switch) → module(iroutliner) → function(jump-threading) → function(newgvn) → module(inferattrs) → module(attributor) → module(scc-oz-module-inliner) → module(iroutliner) → function(dse) → function(dce) → module(elim-avail-extern) → module(attributor) → module(iroutliner) → loop(loop-simplifycfg) → module(attributor) → module(scc-oz-module-inliner) → function(mem2reg) → function(dse) → function(dce) → function(lower-switch) → module(attributor) → module(attributor) → function(instsimplify) → module(elim-avail-extern) → module(globalopt) → function(lower-switch) → function(jump-threading) → cgscc(attributor-cgscc) → module(iroutliner) → function(gvn-hoist) → module(globalopt) → function(memcpyopt) → module(elim-avail-extern) → module(iroutliner) → function(reassociate) → function(jump-threading) → function(jump-threading) → module(elim-avail-extern) → function(newgvn) → function(dse) → function(dse) → function(lower-switch) → function(lower-switch) → function(jump-threading) → function(lower-switch) → function(lower-switch) → module(scc-oz-module-inliner) → function(mem2reg) → module(iroutliner) → function(gvn-sink) → module(scc-oz-module-inliner) → function(reassociate) → module(iroutliner) → module(globalopt) → module(globalopt) → function(gvn-sink) → module(elim-avail-extern) → module(elim-avail-extern) → function(newgvn) → function(newgvn) → cgscc(attributor-cgscc) → loop(loop-simplifycfg) → module(elim-avail-extern) → module(scc-oz-module-inliner) → function(mem2reg) → module(attributor) → cgscc(attributor-cgscc)
binarysize_test: vs_none=0.999 (+0.1%)  vs_oz=1.000 (+0.0%)  vs_o3=0.995 (+0.5%) [metric=stripped_file_bytes]
binarysize_test[text_bytes]: vs_none=0.886 (+11.4%)  vs_oz=0.916 (+8.4%)  vs_o3=0.837 (+16.3%)
binarysize_test[data_bytes]: vs_none=0.989 (+1.1%)  vs_oz=0.995 (+0.5%)  vs_o3=0.990 (+1.0%)
binarysize_test[bss_bytes]: vs_none=1.000 (+0.0%)  vs_oz=1.000 (+0.0%)  vs_o3=1.000 (+0.0%)
binarysize_test[dec_bytes]: vs_none=0.913 (+8.7%)  vs_oz=0.937 (+6.3%)  vs_o3=0.874 (+12.6%)

最优轮次 Top-5 binarysize_test 序列面板（primary=stripped_file_bytes）:
  #1: len=93, syn_rate=0.97
     stripped_file_bytes: obj=1.0025, mean=0.9995, worsen=2.00%, vs_none=0.999 (+0.1%)  vs_oz=0.999 (+0.1%)  vs_o3=0.995 (+0.5%)
     text_bytes: obj=0.9384, mean=0.9114, worsen=18.00%, vs_none=0.885 (+11.5%)  vs_oz=0.911 (+8.9%)  vs_o3=0.833 (+16.7%)
     data_bytes: obj=0.9984, mean=0.9924, worsen=4.00%, vs_none=0.987 (+1.3%)  vs_oz=0.992 (+0.8%)  vs_o3=0.988 (+1.2%)
     bss_bytes: obj=1.0000, mean=1.0000, worsen=0.00%, vs_none=1.000 (+0.0%)  vs_oz=1.000 (+0.0%)  vs_o3=1.000 (+0.0%)
     dec_bytes: obj=0.9586, mean=0.9316, worsen=18.00%, vs_none=0.911 (+8.9%)  vs_oz=0.932 (+6.8%)  vs_o3=0.869 (+13.1%)
  #2: len=101, syn_rate=0.98
     stripped_file_bytes: obj=1.0025, mean=0.9995, worsen=2.00%, vs_none=0.999 (+0.1%)  vs_oz=0.999 (+0.1%)  vs_o3=0.995 (+0.5%)
     text_bytes: obj=0.9389, mean=0.9119, worsen=18.00%, vs_none=0.885 (+11.5%)  vs_oz=0.912 (+8.8%)  vs_o3=0.833 (+16.7%)
     data_bytes: obj=0.9984, mean=0.9924, worsen=4.00%, vs_none=0.987 (+1.3%)  vs_oz=0.992 (+0.8%)  vs_o3=0.988 (+1.2%)
     bss_bytes: obj=1.0000, mean=1.0000, worsen=0.00%, vs_none=1.000 (+0.0%)  vs_oz=1.000 (+0.0%)  vs_o3=1.000 (+0.0%)
     dec_bytes: obj=0.9590, mean=0.9320, worsen=18.00%, vs_none=0.911 (+8.9%)  vs_oz=0.932 (+6.8%)  vs_o3=0.870 (+13.0%)
  #3: len=100, syn_rate=0.98
     stripped_file_bytes: obj=1.0025, mean=0.9995, worsen=2.00%, vs_none=0.999 (+0.1%)  vs_oz=0.999 (+0.1%)  vs_o3=0.995 (+0.5%)
     text_bytes: obj=0.9321, mean=0.9081, worsen=16.00%, vs_none=0.881 (+11.9%)  vs_oz=0.908 (+9.2%)  vs_o3=0.830 (+17.0%)
     data_bytes: obj=0.9984, mean=0.9924, worsen=4.00%, vs_none=0.987 (+1.3%)  vs_oz=0.992 (+0.8%)  vs_o3=0.988 (+1.2%)
     bss_bytes: obj=1.0000, mean=1.0000, worsen=0.00%, vs_none=1.000 (+0.0%)  vs_oz=1.000 (+0.0%)  vs_o3=1.000 (+0.0%)
     dec_bytes: obj=0.9532, mean=0.9292, worsen=16.00%, vs_none=0.908 (+9.2%)  vs_oz=0.929 (+7.1%)  vs_o3=0.867 (+13.3%)
  #4: len=98, syn_rate=0.97
     stripped_file_bytes: obj=1.0025, mean=0.9995, worsen=2.00%, vs_none=0.999 (+0.1%)  vs_oz=0.999 (+0.1%)  vs_o3=0.995 (+0.5%)
     text_bytes: obj=0.9240, mean=0.9000, worsen=16.00%, vs_none=0.872 (+12.8%)  vs_oz=0.900 (+10.0%)  vs_o3=0.826 (+17.4%)
     data_bytes: obj=0.9984, mean=0.9924, worsen=4.00%, vs_none=0.987 (+1.3%)  vs_oz=0.992 (+0.8%)  vs_o3=0.988 (+1.2%)
     bss_bytes: obj=1.0000, mean=1.0000, worsen=0.00%, vs_none=1.000 (+0.0%)  vs_oz=1.000 (+0.0%)  vs_o3=1.000 (+0.0%)
     dec_bytes: obj=0.9464, mean=0.9224, worsen=16.00%, vs_none=0.901 (+9.9%)  vs_oz=0.922 (+7.8%)  vs_o3=0.863 (+13.7%)
  #5: len=102, syn_rate=0.98
     stripped_file_bytes: obj=1.0025, mean=0.9995, worsen=2.00%, vs_none=0.999 (+0.1%)  vs_oz=0.999 (+0.1%)  vs_o3=0.995 (+0.5%)
     text_bytes: obj=0.9410, mean=0.9140, worsen=18.00%, vs_none=0.887 (+11.3%)  vs_oz=0.914 (+8.6%)  vs_o3=0.835 (+16.5%)
     data_bytes: obj=0.9989, mean=0.9929, worsen=4.00%, vs_none=0.987 (+1.3%)  vs_oz=0.993 (+0.7%)  vs_o3=0.988 (+1.2%)
     bss_bytes: obj=1.0000, mean=1.0000, worsen=0.00%, vs_none=1.000 (+0.0%)  vs_oz=1.000 (+0.0%)  vs_o3=1.000 (+0.0%)
     dec_bytes: obj=0.9608, mean=0.9338, worsen=18.00%, vs_none=0.913 (+8.7%)  vs_oz=0.934 (+6.6%)  vs_o3=0.871 (+12.9%)
核心调优成本已写入: /root/exp/RFunipassLab/results/instrcount/summaries/20260508_062419_524134_feature_lite_seed458_core_tuning_cost.json
结果已写入: /root/exp/RFunipassLab/results/instrcount/summaries/20260508_062419_524134_feature_lite_seed458.json
总运行时间: 3177.03 秒
