# run_id: 20260505_074110_879129_feature_lite_seed465
# name: feature_lite
# group: feature_ablation
# description: 切换到 Lite 特征编码，保留其余搜索流程不变。
# changed: FEATURE_MODE=lite, GA_GEN=5, GA_POP=200, ITERS=100, MAX_SEQ_LEN=120, MIN_VAL_PROGRAMS=5, SEED_TOPK=0, TEST_TOPK=50, TRAIN_TOPK=200, VAL_RATIO=0.5
# result_json: /root/exp/RFunipassLab/results/instrcount/summaries/20260505_074110_879129_feature_lite_seed465.json
# started_at: 2026-05-05T07:41:10
# control_env:
#   BACKEND_OPT_LEVEL=-O0
#   BINARY_SIZE_METRIC=stripped_file_bytes
#   BINARY_SIZE_REPORT_METRICS=text_bytes,data_bytes,bss_bytes,dec_bytes
#   DECAY=0.5
#   EXPERIMENT_SEED=465
#   FEATURE_MODE=lite
#   GA_ELITE=0.1
#   GA_GEN=5
#   GA_MUT=0.8
#   GA_POP=200
#   GA_TOUR=3
#   ITERS=100
#   LOOP_NESTING_POLICY=wrap
#   MAX_SEQ_LEN=120
#   MIN_VAL_PROGRAMS=5
#   OBJECTIVE_BASELINE=oz
#   OBJECTIVE_KIND=instrcount
#   OBJ_HIGHVAR_W=0.0
#   OBJ_WORSEN_W=0.15
#   OFFSET=20
#   PROGRAM_POOL_KIND=auto
#   RF_EXPLAIN_COUNTERFACTUAL_ENABLE=1
#   RF_EXPLAIN_COUNTERFACTUAL_MAX_EVALS=20
#   RF_EXPLAIN_COUNTERFACTUAL_SPLIT=selection
#   RF_EXPLAIN_COUNTERFACTUAL_TOPK=5
#   RF_EXPLAIN_ENABLE=1
#   RF_EXPLAIN_HOLDOUT_RATIO=0.3
#   RF_EXPLAIN_MIN_SAMPLES=20
#   RF_EXPLAIN_MODE=final
#   RF_EXPLAIN_PERM_REPEATS=10
#   RF_EXPLAIN_TOPK=20
#   RNUM=256
#   RUNS=1
#   RUNTIME_EVAL_MAX_VARIANCE_PCT=15.0
#   RUNTIME_MAX_INNER_REPEATS=64
#   RUNTIME_MAX_VARIANCE_PCT=10.0
#   RUNTIME_REQUIRED_ROWS=0
#   RUNTIME_SAMPLES=5
#   RUNTIME_TARGET_SAMPLE_MS=30.0
#   RUNTIME_TIMEOUT_SEC=2.0
#   SCALE=10
#   SEED_TOPK=0
#   SPLIT_SEED=465
#   TEST_TOPK=50
#   TRAIN_TOPK=200
#   VAL_RATIO=0.5

Loading train/test rows from: /root/exp/RFunipassLab/data/tuning_results.csv
Loaded train programs:       200
Loaded initial seed seqs:    89
Loaded test programs:        50
Objective kind:              instrcount
Program pool kind:           tuning

Loading synergy graph from: /root/exp/RFunipassLab/data/Step3_EnumeratedPairs.csv
All passes (19): ['module(elim-avail-extern)', 'module(scc-oz-module-inliner)', 'function(dse)', 'function(newgvn)', 'cgscc(attributor-cgscc)', 'module(globalopt)', 'function(instsimplify)', 'function(gvn-hoist)', 'function(jump-threading)', 'module(attributor)', 'function(gvn-sink)', 'function(mem2reg)', 'function(memcpyopt)', 'module(iroutliner)', 'function(dce)', 'function(reassociate)', 'module(inferattrs)', 'loop(loop-simplifycfg)', 'function(lower-switch)']
Synergy edges: 176
Self-loop passes: {'function(newgvn)', 'module(attributor)', 'cgscc(attributor-cgscc)'}

============================================================
实验轮次 1 / 1
============================================================
============================================================
目标类型:      instrcount
目标基准:      -Oz
基准指标:      -Oz 基准指令数
优化指标:      归一化指令数
输入程序数:    200
输入次优序列数: 89
测试程序数:    50
Pass 词表大小: 19
协同边数:      176
自环 pass 数:  3
序列长度上限:  120
Loop 合法化策略: wrap
实验种子:      465
划分种子:      465
特征模式:      lite
RF 特征维度:   31
词表: ['module(elim-avail-extern)', 'module(scc-oz-module-inliner)', 'function(dse)', 'function(newgvn)', 'cgscc(attributor-cgscc)', 'module(globalopt)', 'function(instsimplify)', 'function(gvn-hoist)', 'function(jump-threading)', 'module(attributor)', 'function(gvn-sink)', 'function(mem2reg)', 'function(memcpyopt)', 'module(iroutliner)', 'function(dce)', 'function(reassociate)', 'module(inferattrs)', 'loop(loop-simplifycfg)', 'function(lower-switch)']
多目标权重:    mean=1.0, worsen=0.15, highvar=0.0

[Step 1.5] 训练程序切分...
  search_train 程序数: 100
  validation 程序数:   100
  split_signature(search_train): 84142c2b2a4ae4e0bd2ea1431e35dc7128a50d49
  split_signature(validation):   618eab5c5fbee858a4b5915465dee8cc27158974
  split_signature(test):         8ed784ebd852bb1cb8ac3a89e7489a3cba433b9d

[Step 2] 计算 search_train 程序 -Oz 基准指令数...
[Step 2b] 计算 validation 程序 -Oz 基准指令数...
[Step 2c] 计算测试集程序 -Oz 基准指令数...

[Step 3] 评估初始 seed 序列（共 89 条）...

[Step 4] 开始贝叶斯优化（100 轮）...
GA search time: 13.64s, candidates: 362
  [iter   1/100] search_obj=1.2303  search_best=0.8217  validation_best=0.7946  EI=0.0152  rnum=162.0  len=35  syn_rate=0.55  mean=1.1028  worsen=85.00%  highvar=0.00%
GA search time: 10.62s, candidates: 359
  [iter   2/100] search_obj=0.8405  search_best=0.8217  validation_best=0.7946  EI=0.0137  rnum=159.9  len=19  syn_rate=0.35  mean=0.8285  worsen=8.00%  highvar=0.00%
GA search time: 13.30s, candidates: 357
  [iter   3/100] search_obj=0.9526  search_best=0.8217  validation_best=0.7946  EI=0.0157  rnum=157.7  len=40  syn_rate=0.62  mean=0.9181  worsen=23.00%  highvar=0.00%
GA search time: 9.05s, candidates: 355
  [iter   4/100] search_obj=1.1052  search_best=0.8217  validation_best=0.7946  EI=0.0134  rnum=155.6  len=25  syn_rate=0.59  mean=1.0032  worsen=68.00%  highvar=0.00%
GA search time: 9.67s, candidates: 353
  [iter   5/100] search_obj=1.6746  search_best=0.8217  validation_best=0.7946  EI=0.0109  rnum=153.4  len=29  syn_rate=0.45  mean=1.5426  worsen=88.00%  highvar=0.00%
GA search time: 10.10s, candidates: 351
  [iter   6/100] search_obj=0.9643  search_best=0.8217  validation_best=0.7946  EI=0.0386  rnum=151.3  len=48  syn_rate=0.64  mean=0.9403  worsen=16.00%  highvar=0.00%
GA search time: 9.71s, candidates: 349
  [iter   7/100] search_obj=0.8565  search_best=0.8217  validation_best=0.7946  EI=0.0308  rnum=149.1  len=71  syn_rate=0.62  mean=0.8235  worsen=22.00%  highvar=0.00%
GA search time: 13.88s, candidates: 346
  [iter   8/100] search_obj=1.1578  search_best=0.8217  validation_best=0.7946  EI=0.0149  rnum=147.0  len=32  syn_rate=0.48  mean=1.0783  worsen=53.00%  highvar=0.00%
GA search time: 11.47s, candidates: 344
  [iter   9/100] search_obj=0.9638  search_best=0.8217  validation_best=0.7946  EI=0.0256  rnum=144.8  len=39  syn_rate=0.49  mean=0.8993  worsen=43.00%  highvar=0.00%
GA search time: 14.09s, candidates: 342
  [iter  10/100] search_obj=0.8634  search_best=0.8217  validation_best=0.7946  EI=0.0200  rnum=142.7  len=73  syn_rate=0.70  mean=0.8259  worsen=25.00%  highvar=0.00%
GA search time: 16.50s, candidates: 340
  [iter  11/100] search_obj=0.9052  search_best=0.8217  validation_best=0.7946  EI=0.0120  rnum=140.5  len=120  syn_rate=0.82  mean=0.8482  worsen=38.00%  highvar=0.00%
GA search time: 12.80s, candidates: 338
  [iter  12/100] search_obj=0.8684  search_best=0.8217  validation_best=0.7946  EI=0.0088  rnum=138.4  len=18  syn_rate=0.24  mean=0.8579  worsen=7.00%  highvar=0.00%
GA search time: 11.64s, candidates: 336
  [iter  13/100] search_obj=0.9668  search_best=0.8217  validation_best=0.7946  EI=0.0150  rnum=136.3  len=41  syn_rate=0.69  mean=0.9413  worsen=17.00%  highvar=0.00%
GA search time: 9.78s, candidates: 334
  [iter  14/100] search_obj=0.9681  search_best=0.8217  validation_best=0.7946  EI=0.0107  rnum=134.2  len=47  syn_rate=0.70  mean=0.9426  worsen=17.00%  highvar=0.00%
GA search time: 11.32s, candidates: 332
  [iter  15/100] search_obj=1.0688  search_best=0.8217  validation_best=0.7946  EI=0.0131  rnum=132.1  len=24  syn_rate=0.31  mean=0.9743  worsen=63.00%  highvar=0.00%
GA search time: 17.47s, candidates: 329
  [iter  16/100] search_obj=0.9058  search_best=0.8217  validation_best=0.7946  EI=0.0111  rnum=130.0  len=91  syn_rate=0.76  mean=0.8713  worsen=23.00%  highvar=0.00%
GA search time: 5.46s, candidates: 327
  [iter  17/100] search_obj=1.0326  search_best=0.8217  validation_best=0.7946  EI=0.0114  rnum=127.9  len=17  syn_rate=0.32  mean=0.9981  worsen=23.00%  highvar=0.00%
GA search time: 5.86s, candidates: 325
  [iter  18/100] search_obj=0.8710  search_best=0.8217  validation_best=0.7946  EI=0.0132  rnum=125.8  len=23  syn_rate=0.36  mean=0.8560  worsen=10.00%  highvar=0.00%
GA search time: 6.73s, candidates: 323
  [iter  19/100] search_obj=0.8573  search_best=0.8217  validation_best=0.7946  EI=0.0083  rnum=123.7  len=21  syn_rate=0.44  mean=0.8423  worsen=10.00%  highvar=0.00%
GA search time: 8.89s, candidates: 321
  [iter  20/100] search_obj=1.1897  search_best=0.8217  validation_best=0.7946  EI=0.0141  rnum=121.6  len=22  syn_rate=0.46  mean=1.0697  worsen=80.00%  highvar=0.00%
GA search time: 7.42s, candidates: 319
  [iter  21/100] search_obj=0.8397  search_best=0.8217  validation_best=0.7946  EI=0.0115  rnum=119.6  len=20  syn_rate=0.37  mean=0.8277  worsen=8.00%  highvar=0.00%
GA search time: 8.09s, candidates: 317
  [iter  22/100] search_obj=1.1743  search_best=0.8217  validation_best=0.7946  EI=0.0117  rnum=117.5  len=49  syn_rate=0.36  mean=1.0498  worsen=83.00%  highvar=0.00%
GA search time: 7.88s, candidates: 315
  [iter  23/100] search_obj=0.9372  search_best=0.8217  validation_best=0.7946  EI=0.0098  rnum=115.5  len=46  syn_rate=0.48  mean=0.9117  worsen=17.00%  highvar=0.00%
GA search time: 5.25s, candidates: 313
  [iter  24/100] search_obj=1.1558  search_best=0.8217  validation_best=0.7946  EI=0.0123  rnum=113.5  len=20  syn_rate=0.36  mean=1.0388  worsen=78.00%  highvar=0.00%
GA search time: 6.65s, candidates: 311
  [iter  25/100] search_obj=0.8138  search_best=0.8138  validation_best=0.7870  EI=0.0115  rnum=111.5  len=16  syn_rate=0.34  mean=0.8018  worsen=8.00%  highvar=0.00%
GA search time: 7.00s, candidates: 309
  [iter  26/100] search_obj=1.0727  search_best=0.8138  validation_best=0.7870  EI=0.0117  rnum=109.5  len=21  syn_rate=0.34  mean=0.9767  worsen=64.00%  highvar=0.00%
GA search time: 5.11s, candidates: 307
  [iter  27/100] search_obj=0.8059  search_best=0.8059  validation_best=0.7851  EI=0.0128  rnum=107.6  len=17  syn_rate=0.34  mean=0.7954  worsen=7.00%  highvar=0.00%
GA search time: 7.28s, candidates: 305
  [iter  28/100] search_obj=0.8570  search_best=0.8059  validation_best=0.7851  EI=0.0123  rnum=105.6  len=21  syn_rate=0.43  mean=0.8420  worsen=10.00%  highvar=0.00%
GA search time: 5.27s, candidates: 303
  [iter  29/100] search_obj=0.9154  search_best=0.8059  validation_best=0.7851  EI=0.0105  rnum=103.7  len=19  syn_rate=0.34  mean=0.8959  worsen=13.00%  highvar=0.00%
GA search time: 5.16s, candidates: 301
  [iter  30/100] search_obj=1.1476  search_best=0.8059  validation_best=0.7851  EI=0.0122  rnum=101.7  len=21  syn_rate=0.44  mean=1.0501  worsen=65.00%  highvar=0.00%
GA search time: 7.63s, candidates: 299
  [iter  31/100] search_obj=1.1739  search_best=0.8059  validation_best=0.7851  EI=0.0103  rnum=99.8  len=23  syn_rate=0.36  mean=1.0509  worsen=82.00%  highvar=0.00%
GA search time: 8.70s, candidates: 297
  [iter  32/100] search_obj=0.8057  search_best=0.8057  validation_best=0.7699  EI=0.0107  rnum=97.9  len=17  syn_rate=0.40  mean=0.7937  worsen=8.00%  highvar=0.00%
GA search time: 8.33s, candidates: 296
  [iter  33/100] search_obj=0.8211  search_best=0.8057  validation_best=0.7699  EI=0.0110  rnum=96.1  len=51  syn_rate=0.64  mean=0.8121  worsen=6.00%  highvar=0.00%
GA search time: 9.50s, candidates: 294
  [iter  34/100] search_obj=1.0643  search_best=0.8057  validation_best=0.7699  EI=0.0164  rnum=94.2  len=57  syn_rate=0.41  mean=0.9728  worsen=61.00%  highvar=0.00%
GA search time: 5.92s, candidates: 292
  [iter  35/100] search_obj=0.9052  search_best=0.8057  validation_best=0.7699  EI=0.0121  rnum=92.4  len=43  syn_rate=0.61  mean=0.8482  worsen=38.00%  highvar=0.00%
GA search time: 5.51s, candidates: 290
  [iter  36/100] search_obj=1.0363  search_best=0.8057  validation_best=0.7699  EI=0.0115  rnum=90.5  len=20  syn_rate=0.32  mean=0.9448  worsen=61.00%  highvar=0.00%
GA search time: 8.05s, candidates: 288
  [iter  37/100] search_obj=0.8475  search_best=0.8057  validation_best=0.7699  EI=0.0129  rnum=88.7  len=17  syn_rate=0.36  mean=0.8340  worsen=9.00%  highvar=0.00%
GA search time: 4.29s, candidates: 286
  [iter  38/100] search_obj=0.9757  search_best=0.8057  validation_best=0.7699  EI=0.0111  rnum=87.0  len=17  syn_rate=0.29  mean=0.9412  worsen=23.00%  highvar=0.00%
GA search time: 5.64s, candidates: 285
  [iter  39/100] search_obj=1.2320  search_best=0.8057  validation_best=0.7699  EI=0.0130  rnum=85.2  len=27  syn_rate=0.42  mean=1.1045  worsen=85.00%  highvar=0.00%
GA search time: 8.36s, candidates: 283
  [iter  40/100] search_obj=0.8217  search_best=0.8057  validation_best=0.7699  EI=0.0096  rnum=83.5  len=15  syn_rate=0.35  mean=0.8037  worsen=12.00%  highvar=0.00%
GA search time: 6.42s, candidates: 281
  [iter  41/100] search_obj=0.8711  search_best=0.8057  validation_best=0.7699  EI=0.0119  rnum=81.7  len=17  syn_rate=0.34  mean=0.8561  worsen=10.00%  highvar=0.00%
GA search time: 6.47s, candidates: 280
  [iter  42/100] search_obj=1.3220  search_best=0.8057  validation_best=0.7699  EI=0.0128  rnum=80.0  len=55  syn_rate=0.59  mean=1.2200  worsen=68.00%  highvar=0.00%
GA search time: 5.64s, candidates: 278
  [iter  43/100] search_obj=1.1595  search_best=0.8057  validation_best=0.7699  EI=0.0133  rnum=78.4  len=17  syn_rate=0.35  mean=1.0410  worsen=79.00%  highvar=0.00%
GA search time: 3.92s, candidates: 276
  [iter  44/100] search_obj=0.7903  search_best=0.7903  validation_best=0.7699  EI=0.0195  rnum=76.7  len=16  syn_rate=0.36  mean=0.7813  worsen=6.00%  highvar=0.00%
GA search time: 6.62s, candidates: 275
  [iter  45/100] search_obj=0.9423  search_best=0.7903  validation_best=0.7699  EI=0.0097  rnum=75.1  len=17  syn_rate=0.38  mean=0.9138  worsen=19.00%  highvar=0.00%
GA search time: 4.54s, candidates: 273
  [iter  46/100] search_obj=0.9664  search_best=0.7903  validation_best=0.7699  EI=0.0096  rnum=73.4  len=19  syn_rate=0.43  mean=0.9454  worsen=14.00%  highvar=0.00%
GA search time: 3.49s, candidates: 271
  [iter  47/100] search_obj=0.8155  search_best=0.7903  validation_best=0.7699  EI=0.0139  rnum=71.8  len=18  syn_rate=0.38  mean=0.8020  worsen=9.00%  highvar=0.00%
GA search time: 5.68s, candidates: 270
  [iter  48/100] search_obj=0.8619  search_best=0.7903  validation_best=0.7699  EI=0.0119  rnum=70.3  len=18  syn_rate=0.34  mean=0.8484  worsen=9.00%  highvar=0.00%
GA search time: 5.19s, candidates: 268
  [iter  49/100] search_obj=0.8138  search_best=0.7903  validation_best=0.7699  EI=0.0095  rnum=68.7  len=15  syn_rate=0.30  mean=0.8018  worsen=8.00%  highvar=0.00%
GA search time: 7.36s, candidates: 267
  [iter  50/100] search_obj=0.8083  search_best=0.7903  validation_best=0.7699  EI=0.0115  rnum=67.2  len=16  syn_rate=0.32  mean=0.7978  worsen=7.00%  highvar=0.00%
GA search time: 6.54s, candidates: 265
  [iter  51/100] search_obj=0.8405  search_best=0.7903  validation_best=0.7699  EI=0.0143  rnum=65.7  len=16  syn_rate=0.35  mean=0.8285  worsen=8.00%  highvar=0.00%
GA search time: 4.55s, candidates: 264
  [iter  52/100] search_obj=0.8035  search_best=0.7903  validation_best=0.7699  EI=0.0103  rnum=64.2  len=18  syn_rate=0.35  mean=0.7900  worsen=9.00%  highvar=0.00%
GA search time: 3.64s, candidates: 262
  [iter  53/100] search_obj=1.0727  search_best=0.7903  validation_best=0.7699  EI=0.0162  rnum=62.7  len=18  syn_rate=0.33  mean=1.0157  worsen=38.00%  highvar=0.00%
GA search time: 6.15s, candidates: 261
  [iter  54/100] search_obj=0.8042  search_best=0.7903  validation_best=0.7699  EI=0.0149  rnum=61.3  len=18  syn_rate=0.38  mean=0.7937  worsen=7.00%  highvar=0.00%
GA search time: 4.35s, candidates: 259
  [iter  55/100] search_obj=0.8333  search_best=0.7903  validation_best=0.7699  EI=0.0111  rnum=59.8  len=18  syn_rate=0.34  mean=0.8228  worsen=7.00%  highvar=0.00%
GA search time: 4.47s, candidates: 258
  [iter  56/100] search_obj=0.9757  search_best=0.7903  validation_best=0.7699  EI=0.0113  rnum=58.4  len=16  syn_rate=0.29  mean=0.9412  worsen=23.00%  highvar=0.00%
GA search time: 7.05s, candidates: 257
  [iter  57/100] search_obj=0.8222  search_best=0.7903  validation_best=0.7699  EI=0.0090  rnum=57.0  len=19  syn_rate=0.38  mean=0.8117  worsen=7.00%  highvar=0.00%
GA search time: 3.82s, candidates: 255
  [iter  58/100] search_obj=0.9464  search_best=0.7903  validation_best=0.7699  EI=0.0144  rnum=55.7  len=17  syn_rate=0.37  mean=0.9269  worsen=13.00%  highvar=0.00%
GA search time: 3.45s, candidates: 254
  [iter  59/100] search_obj=0.9790  search_best=0.7903  validation_best=0.7699  EI=0.0108  rnum=54.3  len=20  syn_rate=0.37  mean=0.9415  worsen=25.00%  highvar=0.00%
GA search time: 4.85s, candidates: 253
  [iter  60/100] search_obj=0.8394  search_best=0.7903  validation_best=0.7699  EI=0.0145  rnum=53.0  len=18  syn_rate=0.36  mean=0.8259  worsen=9.00%  highvar=0.00%
GA search time: 3.98s, candidates: 251
  [iter  61/100] search_obj=0.9693  search_best=0.7903  validation_best=0.7699  EI=0.0112  rnum=51.7  len=19  syn_rate=0.36  mean=0.9393  worsen=20.00%  highvar=0.00%
GA search time: 3.52s, candidates: 250
  [iter  62/100] search_obj=1.0580  search_best=0.7903  validation_best=0.7699  EI=0.0089  rnum=50.5  len=17  syn_rate=0.36  mean=1.0115  worsen=31.00%  highvar=0.00%
GA search time: 2.38s, candidates: 249
  [iter  63/100] search_obj=0.8302  search_best=0.7903  validation_best=0.7699  EI=0.0134  rnum=49.2  len=15  syn_rate=0.31  mean=0.8182  worsen=8.00%  highvar=0.00%
GA search time: 4.93s, candidates: 247
  [iter  64/100] search_obj=0.9682  search_best=0.7903  validation_best=0.7699  EI=0.0169  rnum=48.0  len=18  syn_rate=0.38  mean=0.9472  worsen=14.00%  highvar=0.00%
GA search time: 4.21s, candidates: 246
  [iter  65/100] search_obj=1.1495  search_best=0.7903  validation_best=0.7699  EI=0.0107  rnum=46.8  len=21  syn_rate=0.47  mean=1.0385  worsen=74.00%  highvar=0.00%
GA search time: 3.91s, candidates: 245
  [iter  66/100] search_obj=0.8083  search_best=0.7903  validation_best=0.7699  EI=0.0108  rnum=45.6  len=16  syn_rate=0.31  mean=0.7978  worsen=7.00%  highvar=0.00%
GA search time: 3.07s, candidates: 244
  [iter  67/100] search_obj=0.8059  search_best=0.7903  validation_best=0.7699  EI=0.0094  rnum=44.4  len=18  syn_rate=0.34  mean=0.7939  worsen=8.00%  highvar=0.00%
GA search time: 4.78s, candidates: 243
  [iter  68/100] search_obj=1.0406  search_best=0.7903  validation_best=0.7699  EI=0.0076  rnum=43.3  len=51  syn_rate=0.43  mean=0.9491  worsen=61.00%  highvar=0.00%
GA search time: 6.77s, candidates: 242
  [iter  69/100] search_obj=0.9376  search_best=0.7903  validation_best=0.7699  EI=0.0114  rnum=42.2  len=18  syn_rate=0.32  mean=0.9091  worsen=19.00%  highvar=0.00%
GA search time: 5.53s, candidates: 241
  [iter  70/100] search_obj=0.8052  search_best=0.7903  validation_best=0.7699  EI=0.0106  rnum=41.1  len=17  syn_rate=0.32  mean=0.7947  worsen=7.00%  highvar=0.00%
GA search time: 6.00s, candidates: 239
  [iter  71/100] search_obj=0.8804  search_best=0.7903  validation_best=0.7699  EI=0.0089  rnum=40.0  len=89  syn_rate=0.83  mean=0.8669  worsen=9.00%  highvar=0.00%
GA search time: 4.20s, candidates: 238
  [iter  72/100] search_obj=0.9869  search_best=0.7903  validation_best=0.7699  EI=0.0088  rnum=38.9  len=18  syn_rate=0.32  mean=0.9434  worsen=29.00%  highvar=0.00%
GA search time: 3.24s, candidates: 237
  [iter  73/100] search_obj=0.8205  search_best=0.7903  validation_best=0.7699  EI=0.0085  rnum=37.9  len=20  syn_rate=0.39  mean=0.8100  worsen=7.00%  highvar=0.00%
GA search time: 3.31s, candidates: 236
  [iter  74/100] search_obj=0.8129  search_best=0.7903  validation_best=0.7699  EI=0.0115  rnum=36.9  len=22  syn_rate=0.39  mean=0.8039  worsen=6.00%  highvar=0.00%
GA search time: 4.09s, candidates: 235
  [iter  75/100] search_obj=0.8717  search_best=0.7903  validation_best=0.7699  EI=0.0098  rnum=35.9  len=15  syn_rate=0.30  mean=0.8582  worsen=9.00%  highvar=0.00%
GA search time: 4.20s, candidates: 234
  [iter  76/100] search_obj=0.8403  search_best=0.7903  validation_best=0.7699  EI=0.0156  rnum=34.9  len=17  syn_rate=0.41  mean=0.8283  worsen=8.00%  highvar=0.00%
GA search time: 5.28s, candidates: 233
  [iter  77/100] search_obj=1.0359  search_best=0.7903  validation_best=0.7699  EI=0.0099  rnum=33.9  len=22  syn_rate=0.37  mean=0.9819  worsen=36.00%  highvar=0.00%
GA search time: 3.92s, candidates: 233
  [iter  78/100] search_obj=0.8573  search_best=0.7903  validation_best=0.7699  EI=0.0089  rnum=33.0  len=22  syn_rate=0.44  mean=0.8423  worsen=10.00%  highvar=0.00%
GA search time: 4.14s, candidates: 232
  [iter  79/100] search_obj=0.8400  search_best=0.7903  validation_best=0.7699  EI=0.0077  rnum=32.1  len=18  syn_rate=0.36  mean=0.8295  worsen=7.00%  highvar=0.00%
GA search time: 5.08s, candidates: 231
  [iter  80/100] search_obj=0.9865  search_best=0.7903  validation_best=0.7699  EI=0.0131  rnum=31.2  len=18  syn_rate=0.34  mean=0.9430  worsen=29.00%  highvar=0.00%
GA search time: 7.24s, candidates: 230
  [iter  81/100] search_obj=0.8142  search_best=0.7903  validation_best=0.7699  EI=0.0072  rnum=30.3  len=16  syn_rate=0.32  mean=0.7977  worsen=11.00%  highvar=0.00%
GA search time: 5.22s, candidates: 229
  [iter  82/100] search_obj=0.8724  search_best=0.7903  validation_best=0.7699  EI=0.0075  rnum=29.5  len=41  syn_rate=0.62  mean=0.8169  worsen=37.00%  highvar=0.00%
GA search time: 5.75s, candidates: 228
  [iter  83/100] search_obj=1.1595  search_best=0.7903  validation_best=0.7699  EI=0.0076  rnum=28.6  len=17  syn_rate=0.36  mean=1.0410  worsen=79.00%  highvar=0.00%
GA search time: 6.16s, candidates: 227
  [iter  84/100] search_obj=0.8447  search_best=0.7903  validation_best=0.7699  EI=0.0091  rnum=27.8  len=78  syn_rate=0.66  mean=0.8342  worsen=7.00%  highvar=0.00%
GA search time: 7.99s, candidates: 226
  [iter  85/100] search_obj=1.0377  search_best=0.7903  validation_best=0.7699  EI=0.0089  rnum=27.0  len=53  syn_rate=0.57  mean=0.9477  worsen=60.00%  highvar=0.00%
GA search time: 8.36s, candidates: 226
  [iter  86/100] search_obj=1.0275  search_best=0.7903  validation_best=0.7699  EI=0.0088  rnum=26.2  len=71  syn_rate=0.71  mean=0.9930  worsen=23.00%  highvar=0.00%
GA search time: 4.77s, candidates: 225
  [iter  87/100] search_obj=1.0270  search_best=0.7903  validation_best=0.7699  EI=0.0079  rnum=25.4  len=22  syn_rate=0.35  mean=0.9940  worsen=22.00%  highvar=0.00%
GA search time: 3.08s, candidates: 224
  [iter  88/100] search_obj=1.1425  search_best=0.7903  validation_best=0.7699  EI=0.0080  rnum=24.7  len=25  syn_rate=0.39  mean=1.0330  worsen=73.00%  highvar=0.00%
GA search time: 2.46s, candidates: 223
  [iter  89/100] search_obj=0.8472  search_best=0.7903  validation_best=0.7699  EI=0.0063  rnum=24.0  len=21  syn_rate=0.35  mean=0.8352  worsen=8.00%  highvar=0.00%
GA search time: 3.74s, candidates: 223
  [iter  90/100] search_obj=0.9155  search_best=0.7903  validation_best=0.7699  EI=0.0074  rnum=23.3  len=41  syn_rate=0.61  mean=0.8525  worsen=42.00%  highvar=0.00%
GA search time: 4.69s, candidates: 222
  [iter  91/100] search_obj=0.8496  search_best=0.7903  validation_best=0.7699  EI=0.0085  rnum=22.6  len=22  syn_rate=0.45  mean=0.8406  worsen=6.00%  highvar=0.00%
GA search time: 3.51s, candidates: 221
  [iter  92/100] search_obj=0.8332  search_best=0.7903  validation_best=0.7699  EI=0.0071  rnum=21.9  len=23  syn_rate=0.38  mean=0.8227  worsen=7.00%  highvar=0.00%
GA search time: 2.54s, candidates: 221
  [iter  93/100] search_obj=1.1340  search_best=0.7903  validation_best=0.7699  EI=0.0072  rnum=21.2  len=19  syn_rate=0.45  mean=1.0605  worsen=49.00%  highvar=0.00%
GA search time: 2.82s, candidates: 220
  [iter  94/100] search_obj=0.8420  search_best=0.7903  validation_best=0.7699  EI=0.0077  rnum=20.6  len=20  syn_rate=0.38  mean=0.8285  worsen=9.00%  highvar=0.00%
GA search time: 3.36s, candidates: 219
  [iter  95/100] search_obj=0.8217  search_best=0.7903  validation_best=0.7699  EI=0.0074  rnum=19.9  len=16  syn_rate=0.36  mean=0.8037  worsen=12.00%  highvar=0.00%
GA search time: 3.26s, candidates: 219
  [iter  96/100] search_obj=0.8295  search_best=0.7903  validation_best=0.7699  EI=0.0093  rnum=19.3  len=17  syn_rate=0.35  mean=0.8145  worsen=10.00%  highvar=0.00%
GA search time: 3.20s, candidates: 218
  [iter  97/100] search_obj=0.8587  search_best=0.7903  validation_best=0.7699  EI=0.0095  rnum=18.7  len=22  syn_rate=0.45  mean=0.8392  worsen=13.00%  highvar=0.00%
GA search time: 3.21s, candidates: 218
  [iter  98/100] search_obj=0.8621  search_best=0.7903  validation_best=0.7699  EI=0.0121  rnum=18.1  len=22  syn_rate=0.45  mean=0.8426  worsen=13.00%  highvar=0.00%
GA search time: 2.73s, candidates: 217
  [iter  99/100] search_obj=0.8112  search_best=0.7903  validation_best=0.7699  EI=0.0090  rnum=17.6  len=22  syn_rate=0.39  mean=0.8022  worsen=6.00%  highvar=0.00%
GA search time: 3.17s, candidates: 216
  [iter 100/100] search_obj=0.9660  search_best=0.7903  validation_best=0.7699  EI=0.0104  rnum=17.0  len=21  syn_rate=0.39  mean=0.9450  worsen=14.00%  highvar=0.00%

[Step 5] 按 validation 选择最终通用序列...
  选择结果:
    search_train_obj=0.8057, search_train_mean=0.7937, search_train_worsen=8.00%, search_train_highvar=0.00%
    validation_obj=0.7699, validation_mean=0.7579, validation_worsen=8.00%, validation_highvar=0.00%

[Step 6] 在 validation 上执行消融后处理...

[Ablation-validation] 初始序列长度: 17, objective: 0.7699, mean_norm: 0.7579, worsen_rate: 8.00%
  移除 [16] function(gvn-sink): objective 0.7699, mean_norm 0.7579, worsen_rate 8.00% (保留移除)
  移除 [15] module(iroutliner): objective 0.7699, mean_norm 0.7579, worsen_rate 8.00% (保留移除)
  移除 [14] function(instsimplify): objective 0.7699, mean_norm 0.7579, worsen_rate 8.00% (保留移除)
  移除 [13] module(scc-oz-module-inliner): objective 1.3389 > 0.7699 (恢复)
  移除 [12] module(attributor): objective 0.8552 > 0.7699 (恢复)
  移除 [11] function(mem2reg): objective 0.7817 > 0.7699 (恢复)
  移除 [10] module(inferattrs): objective 0.7838 > 0.7699 (恢复)
  移除 [9] loop(loop-simplifycfg): objective 0.7699, mean_norm 0.7579, worsen_rate 8.00% (保留移除)
  移除 [8] module(globalopt): objective 0.7699, mean_norm 0.7579, worsen_rate 8.00% (保留移除)
  移除 [7] cgscc(attributor-cgscc): objective 0.7699, mean_norm 0.7579, worsen_rate 8.00% (保留移除)
  移除 [6] function(memcpyopt): objective 0.7699, mean_norm 0.7579, worsen_rate 8.00% (保留移除)
  移除 [5] function(dse): objective 0.8439 > 0.7699 (恢复)
  移除 [4] function(jump-threading): objective 0.7590, mean_norm 0.7455, worsen_rate 9.00% (保留移除)
  移除 [3] module(iroutliner): objective 0.8486 > 0.7590 (恢复)
  移除 [2] module(attributor): objective 0.8559 > 0.7590 (恢复)
  移除 [1] module(globalopt): objective 0.9166 > 0.7590 (恢复)
  移除 [0] module(elim-avail-extern): objective 1.0220 > 0.7590 (恢复)
[Ablation-validation] 最终序列长度: 9, objective: 0.7590, mean_norm: 0.7455, worsen_rate: 9.00%, 移除了 8 个 pass
  消融有效: 17 → 9 passes, validation_objective: 0.7699 → 0.7590

最终通用 pass 序列（effective=9 个顶层 pass, raw=9 个 pass, syn_rate(raw)=0.11）:
  module(elim-avail-extern) → module(globalopt) → module(attributor) → module(iroutliner) → function(dse) → module(inferattrs) → function(mem2reg) → module(attributor) → module(scc-oz-module-inliner)
  search_train_obj=0.7950, search_train_mean=0.7845, search_train_worsen=7.00%, search_train_highvar=0.00%
  validation_obj=0.7590, validation_mean=0.7455, validation_worsen=9.00%, validation_highvar=0.00%
  test_obj=0.7551, test_mean=0.7521, test_worsen=2.00%, test_highvar=0.00%

Top-5 最佳序列（按 validation 多目标 objective 升序）:
  #1: validation_obj=0.7699, validation_mean=0.7579, validation_worsen=8.00%, validation_highvar=0.00%, train_obj=0.8057, train_mean=0.7937, train_highvar=0.00%, len=17, syn_rate=0.40, test_obj=0.8044, test_mean=0.7984, test_worsen=4.00%, test_highvar=0.00%
     module(elim-avail-extern) → module(globalopt) → module(attributor) → module(iroutliner) → function(jump-threading) → function(dse) → function(memcpyopt) → cgscc(attributor-cgscc) → module(globalopt) → function(loop(loop-simplifycfg)) → module(inferattrs) → function(mem2reg) → module(attributor) → module(scc-oz-module-inliner) → function(instsimplify) → module(iroutliner) → function(gvn-sink)
     raw: module(elim-avail-extern) → module(globalopt) → module(attributor) → module(iroutliner) → function(jump-threading) → function(dse) → function(memcpyopt) → cgscc(attributor-cgscc) → module(globalopt) → loop(loop-simplifycfg) → module(inferattrs) → function(mem2reg) → module(attributor) → module(scc-oz-module-inliner) → function(instsimplify) → module(iroutliner) → function(gvn-sink)
  #2: validation_obj=0.7785, validation_mean=0.7665, validation_worsen=8.00%, validation_highvar=0.00%, train_obj=0.7903, train_mean=0.7813, train_highvar=0.00%, len=16, syn_rate=0.36, test_obj=0.7510, test_mean=0.7480, test_worsen=2.00%, test_highvar=0.00%
     module(iroutliner) → function(lower-switch) → module(globalopt) → module(inferattrs) → module(attributor) → module(elim-avail-extern) → function(jump-threading) → function(dse) → function(memcpyopt) → cgscc(attributor-cgscc) → module(globalopt) → module(attributor) → module(scc-oz-module-inliner) → function(instsimplify) → module(iroutliner) → function(gvn-sink)
  #3: validation_obj=0.7788, validation_mean=0.7668, validation_worsen=8.00%, validation_highvar=0.00%, train_obj=0.8035, train_mean=0.7900, train_highvar=0.00%, len=18, syn_rate=0.35, test_obj=0.7995, test_mean=0.7905, test_worsen=6.00%, test_highvar=0.00%
     module(elim-avail-extern) → module(globalopt) → function(lower-switch) → module(globalopt) → module(inferattrs) → module(attributor) → module(iroutliner) → function(jump-threading) → function(dse) → function(memcpyopt) → cgscc(attributor-cgscc) → function(reassociate) → module(attributor) → module(scc-oz-module-inliner) → function(instsimplify) → module(iroutliner) → function(gvn-sink) → module(attributor)
  #4: validation_obj=0.7870, validation_mean=0.7750, validation_worsen=8.00%, validation_highvar=0.00%, train_obj=0.8138, train_mean=0.8018, train_highvar=0.00%, len=15, syn_rate=0.30, test_obj=0.8034, test_mean=0.7974, test_worsen=4.00%, test_highvar=0.00%
     module(elim-avail-extern) → function(lower-switch) → module(globalopt) → module(inferattrs) → module(attributor) → module(iroutliner) → function(jump-threading) → function(dse) → cgscc(attributor-cgscc) → module(globalopt) → module(attributor) → module(scc-oz-module-inliner) → function(instsimplify) → module(iroutliner) → function(gvn-sink)
  #5: validation_obj=0.7887, validation_mean=0.7767, validation_worsen=8.00%, validation_highvar=0.00%, train_obj=0.8155, train_mean=0.8020, train_highvar=0.00%, len=18, syn_rate=0.38, test_obj=0.8092, test_mean=0.8002, test_worsen=6.00%, test_highvar=0.00%
     module(elim-avail-extern) → module(globalopt) → function(lower-switch) → module(globalopt) → module(inferattrs) → module(attributor) → module(iroutliner) → function(jump-threading) → function(dse) → function(memcpyopt) → cgscc(attributor-cgscc) → function(reassociate) → module(globalopt) → module(attributor) → module(scc-oz-module-inliner) → function(instsimplify) → module(iroutliner) → function(gvn-sink)
RF 解释性分析: ok  /root/exp/RFunipassLab/results/interpretability/20260505_074110_879129_feature_lite_seed465/run_0

============================================================
所有轮次中最优 validation objective: 0.7590
最优通用 pass 序列 (9 passes):
  module(elim-avail-extern) → module(globalopt) → module(attributor) → module(iroutliner) → function(dse) → module(inferattrs) → function(mem2reg) → module(attributor) → module(scc-oz-module-inliner)
  search_train_obj=0.7950, search_train_mean=0.7845, search_train_worsen=7.00%, search_train_highvar=0.00%
  validation_obj=0.7590, validation_mean=0.7455, validation_worsen=9.00%, validation_highvar=0.00%
  test_obj=0.7551, test_mean=0.7521, test_worsen=2.00%, test_highvar=0.00%

最优轮次 Top-5 序列（含测试集效果，按 validation objective 升序）:
  #1: validation_obj=0.7699, validation_mean=0.7579, validation_worsen=8.00%, validation_highvar=0.00%, train_obj=0.8057, train_mean=0.7937, train_highvar=0.00%, len=17, syn_rate=0.40, test_obj=0.8044, test_mean=0.7984, test_worsen=4.00%, test_highvar=0.00%
     module(elim-avail-extern) → module(globalopt) → module(attributor) → module(iroutliner) → function(jump-threading) → function(dse) → function(memcpyopt) → cgscc(attributor-cgscc) → module(globalopt) → function(loop(loop-simplifycfg)) → module(inferattrs) → function(mem2reg) → module(attributor) → module(scc-oz-module-inliner) → function(instsimplify) → module(iroutliner) → function(gvn-sink)
     raw: module(elim-avail-extern) → module(globalopt) → module(attributor) → module(iroutliner) → function(jump-threading) → function(dse) → function(memcpyopt) → cgscc(attributor-cgscc) → module(globalopt) → loop(loop-simplifycfg) → module(inferattrs) → function(mem2reg) → module(attributor) → module(scc-oz-module-inliner) → function(instsimplify) → module(iroutliner) → function(gvn-sink)
  #2: validation_obj=0.7785, validation_mean=0.7665, validation_worsen=8.00%, validation_highvar=0.00%, train_obj=0.7903, train_mean=0.7813, train_highvar=0.00%, len=16, syn_rate=0.36, test_obj=0.7510, test_mean=0.7480, test_worsen=2.00%, test_highvar=0.00%
     module(iroutliner) → function(lower-switch) → module(globalopt) → module(inferattrs) → module(attributor) → module(elim-avail-extern) → function(jump-threading) → function(dse) → function(memcpyopt) → cgscc(attributor-cgscc) → module(globalopt) → module(attributor) → module(scc-oz-module-inliner) → function(instsimplify) → module(iroutliner) → function(gvn-sink)
  #3: validation_obj=0.7788, validation_mean=0.7668, validation_worsen=8.00%, validation_highvar=0.00%, train_obj=0.8035, train_mean=0.7900, train_highvar=0.00%, len=18, syn_rate=0.35, test_obj=0.7995, test_mean=0.7905, test_worsen=6.00%, test_highvar=0.00%
     module(elim-avail-extern) → module(globalopt) → function(lower-switch) → module(globalopt) → module(inferattrs) → module(attributor) → module(iroutliner) → function(jump-threading) → function(dse) → function(memcpyopt) → cgscc(attributor-cgscc) → function(reassociate) → module(attributor) → module(scc-oz-module-inliner) → function(instsimplify) → module(iroutliner) → function(gvn-sink) → module(attributor)
  #4: validation_obj=0.7870, validation_mean=0.7750, validation_worsen=8.00%, validation_highvar=0.00%, train_obj=0.8138, train_mean=0.8018, train_highvar=0.00%, len=15, syn_rate=0.30, test_obj=0.8034, test_mean=0.7974, test_worsen=4.00%, test_highvar=0.00%
     module(elim-avail-extern) → function(lower-switch) → module(globalopt) → module(inferattrs) → module(attributor) → module(iroutliner) → function(jump-threading) → function(dse) → cgscc(attributor-cgscc) → module(globalopt) → module(attributor) → module(scc-oz-module-inliner) → function(instsimplify) → module(iroutliner) → function(gvn-sink)
  #5: validation_obj=0.7887, validation_mean=0.7767, validation_worsen=8.00%, validation_highvar=0.00%, train_obj=0.8155, train_mean=0.8020, train_highvar=0.00%, len=18, syn_rate=0.38, test_obj=0.8092, test_mean=0.8002, test_worsen=6.00%, test_highvar=0.00%
     module(elim-avail-extern) → module(globalopt) → function(lower-switch) → module(globalopt) → module(inferattrs) → module(attributor) → module(iroutliner) → function(jump-threading) → function(dse) → function(memcpyopt) → cgscc(attributor-cgscc) → function(reassociate) → module(globalopt) → module(attributor) → module(scc-oz-module-inliner) → function(instsimplify) → module(iroutliner) → function(gvn-sink)
binarysize_test: vs_none=0.999 (+0.1%)  vs_oz=0.999 (+0.1%)  vs_o3=0.990 (+1.0%) [metric=stripped_file_bytes]
binarysize_test[text_bytes]: vs_none=0.894 (+10.6%)  vs_oz=0.906 (+9.4%)  vs_o3=0.775 (+22.5%)
binarysize_test[data_bytes]: vs_none=0.985 (+1.5%)  vs_oz=0.992 (+0.8%)  vs_o3=0.987 (+1.3%)
binarysize_test[bss_bytes]: vs_none=1.000 (+0.0%)  vs_oz=1.000 (+0.0%)  vs_o3=1.000 (+0.0%)
binarysize_test[dec_bytes]: vs_none=0.914 (+8.6%)  vs_oz=0.925 (+7.5%)  vs_o3=0.820 (+18.0%)

最优轮次 Top-5 binarysize_test 序列面板（primary=stripped_file_bytes）:
  #1: len=17, syn_rate=0.40
     stripped_file_bytes: obj=1.0025, mean=0.9995, worsen=2.00%, vs_none=0.999 (+0.1%)  vs_oz=0.999 (+0.1%)  vs_o3=0.990 (+1.0%)
     text_bytes: obj=0.9543, mean=0.9213, worsen=22.00%, vs_none=0.910 (+9.0%)  vs_oz=0.921 (+7.9%)  vs_o3=0.789 (+21.1%)
     data_bytes: obj=1.0024, mean=0.9934, worsen=6.00%, vs_none=0.986 (+1.4%)  vs_oz=0.993 (+0.7%)  vs_o3=0.988 (+1.2%)
     bss_bytes: obj=1.0000, mean=1.0000, worsen=0.00%, vs_none=1.000 (+0.0%)  vs_oz=1.000 (+0.0%)  vs_o3=1.000 (+0.0%)
     dec_bytes: obj=0.9726, mean=0.9366, worsen=24.00%, vs_none=0.927 (+7.3%)  vs_oz=0.937 (+6.3%)  vs_o3=0.831 (+16.9%)
  #2: len=16, syn_rate=0.36
     stripped_file_bytes: obj=1.0024, mean=0.9994, worsen=2.00%, vs_none=0.999 (+0.1%)  vs_oz=0.999 (+0.1%)  vs_o3=0.990 (+1.0%)
     text_bytes: obj=0.9207, mean=0.8967, worsen=16.00%, vs_none=0.885 (+11.5%)  vs_oz=0.897 (+10.3%)  vs_o3=0.768 (+23.2%)
     data_bytes: obj=1.0009, mean=0.9919, worsen=6.00%, vs_none=0.985 (+1.5%)  vs_oz=0.992 (+0.8%)  vs_o3=0.986 (+1.4%)
     bss_bytes: obj=1.0000, mean=1.0000, worsen=0.00%, vs_none=1.000 (+0.0%)  vs_oz=1.000 (+0.0%)  vs_o3=1.000 (+0.0%)
     dec_bytes: obj=0.9469, mean=0.9199, worsen=18.00%, vs_none=0.909 (+9.1%)  vs_oz=0.920 (+8.0%)  vs_o3=0.816 (+18.4%)
  #3: len=18, syn_rate=0.35
     stripped_file_bytes: obj=1.0025, mean=0.9995, worsen=2.00%, vs_none=0.999 (+0.1%)  vs_oz=0.999 (+0.1%)  vs_o3=0.990 (+1.0%)
     text_bytes: obj=0.9502, mean=0.9172, worsen=22.00%, vs_none=0.906 (+9.4%)  vs_oz=0.917 (+8.3%)  vs_o3=0.785 (+21.5%)
     data_bytes: obj=1.0024, mean=0.9934, worsen=6.00%, vs_none=0.986 (+1.4%)  vs_oz=0.993 (+0.7%)  vs_o3=0.988 (+1.2%)
     bss_bytes: obj=1.0000, mean=1.0000, worsen=0.00%, vs_none=1.000 (+0.0%)  vs_oz=1.000 (+0.0%)  vs_o3=1.000 (+0.0%)
     dec_bytes: obj=0.9662, mean=0.9332, worsen=22.00%, vs_none=0.923 (+7.7%)  vs_oz=0.933 (+6.7%)  vs_o3=0.828 (+17.2%)
  #4: len=15, syn_rate=0.30
     stripped_file_bytes: obj=1.0025, mean=0.9995, worsen=2.00%, vs_none=0.999 (+0.1%)  vs_oz=0.999 (+0.1%)  vs_o3=0.990 (+1.0%)
     text_bytes: obj=0.9524, mean=0.9194, worsen=22.00%, vs_none=0.909 (+9.1%)  vs_oz=0.919 (+8.1%)  vs_o3=0.787 (+21.3%)
     data_bytes: obj=1.0024, mean=0.9934, worsen=6.00%, vs_none=0.986 (+1.4%)  vs_oz=0.993 (+0.7%)  vs_o3=0.988 (+1.2%)
     bss_bytes: obj=1.0000, mean=1.0000, worsen=0.00%, vs_none=1.000 (+0.0%)  vs_oz=1.000 (+0.0%)  vs_o3=1.000 (+0.0%)
     dec_bytes: obj=0.9711, mean=0.9351, worsen=24.00%, vs_none=0.925 (+7.5%)  vs_oz=0.935 (+6.5%)  vs_o3=0.829 (+17.1%)
  #5: len=18, syn_rate=0.38
     stripped_file_bytes: obj=1.0025, mean=0.9995, worsen=2.00%, vs_none=0.999 (+0.1%)  vs_oz=0.999 (+0.1%)  vs_o3=0.990 (+1.0%)
     text_bytes: obj=0.9537, mean=0.9207, worsen=22.00%, vs_none=0.910 (+9.0%)  vs_oz=0.921 (+7.9%)  vs_o3=0.788 (+21.2%)
     data_bytes: obj=1.0024, mean=0.9934, worsen=6.00%, vs_none=0.986 (+1.4%)  vs_oz=0.993 (+0.7%)  vs_o3=0.988 (+1.2%)
     bss_bytes: obj=1.0000, mean=1.0000, worsen=0.00%, vs_none=1.000 (+0.0%)  vs_oz=1.000 (+0.0%)  vs_o3=1.000 (+0.0%)
     dec_bytes: obj=0.9690, mean=0.9360, worsen=22.00%, vs_none=0.926 (+7.4%)  vs_oz=0.936 (+6.4%)  vs_o3=0.830 (+17.0%)
核心调优成本已写入: /root/exp/RFunipassLab/results/instrcount/summaries/20260505_074110_879129_feature_lite_seed465_core_tuning_cost.json
结果已写入: /root/exp/RFunipassLab/results/instrcount/summaries/20260505_074110_879129_feature_lite_seed465.json
总运行时间: 1379.90 秒
