# run_id: 20260423_214113_355045_feature_lite_seed462
# name: feature_lite
# group: feature_ablation
# description: 切换到 Lite 特征编码，保留其余搜索流程不变。
# changed: FEATURE_MODE=lite, GA_GEN=5, GA_POP=200, ITERS=100, MAX_SEQ_LEN=120, MIN_VAL_PROGRAMS=5, SEED_TOPK=0, TEST_TOPK=50, TRAIN_TOPK=200, VAL_RATIO=0.5
# result_json: /root/exp/RFunipassLab/results/instrcount/summaries/20260423_214113_355045_feature_lite_seed462.json
# started_at: 2026-04-23T21:41:13
# control_env:
#   BACKEND_OPT_LEVEL=-O0
#   BINARY_SIZE_METRIC=stripped_file_bytes
#   BINARY_SIZE_REPORT_METRICS=text_bytes,data_bytes,bss_bytes,dec_bytes
#   DECAY=0.5
#   EXPERIMENT_SEED=462
#   FEATURE_MODE=lite
#   GA_ELITE=0.1
#   GA_GEN=5
#   GA_MUT=0.8
#   GA_POP=200
#   GA_TOUR=3
#   ITERS=100
#   LOOP_NESTING_POLICY=wrap
#   MAX_SEQ_LEN=120
#   MIN_VAL_PROGRAMS=5
#   OBJECTIVE_BASELINE=oz
#   OBJECTIVE_KIND=instrcount
#   OBJ_HIGHVAR_W=0.0
#   OBJ_WORSEN_W=0.15
#   OFFSET=20
#   PROGRAM_POOL_KIND=auto
#   RNUM=256
#   RUNS=1
#   RUNTIME_EVAL_MAX_VARIANCE_PCT=15.0
#   RUNTIME_MAX_INNER_REPEATS=64
#   RUNTIME_MAX_VARIANCE_PCT=10.0
#   RUNTIME_REQUIRED_ROWS=0
#   RUNTIME_SAMPLES=5
#   RUNTIME_TARGET_SAMPLE_MS=30.0
#   RUNTIME_TIMEOUT_SEC=2.0
#   SCALE=10
#   SEED_TOPK=0
#   SPLIT_SEED=462
#   TEST_TOPK=50
#   TRAIN_TOPK=200
#   VAL_RATIO=0.5

Loading train/test rows from: /root/exp/RFunipassLab/data/tuning_results.csv
Loaded train programs:       200
Loaded initial seed seqs:    78
Loaded test programs:        50
Objective kind:              instrcount
Program pool kind:           tuning

Loading synergy graph from: /root/exp/RFunipassLab/data/Step3_EnumeratedPairs.csv
All passes (19): ['module(attributor)', 'module(scc-oz-module-inliner)', 'function(dse)', 'module(iroutliner)', 'function(gvn-sink)', 'module(globalopt)', 'function(mem2reg)', 'function(memcpyopt)', 'function(reassociate)', 'function(jump-threading)', 'module(elim-avail-extern)', 'cgscc(attributor-cgscc)', 'function(dce)', 'function(gvn-hoist)', 'function(newgvn)', 'function(instsimplify)', 'loop(loop-simplifycfg)', 'module(inferattrs)', 'function(lower-switch)']
Synergy edges: 176
Self-loop passes: {'cgscc(attributor-cgscc)', 'module(attributor)', 'function(newgvn)'}

============================================================
实验轮次 1 / 1
============================================================
============================================================
目标类型:      instrcount
目标基准:      -Oz
基准指标:      -Oz 基准指令数
优化指标:      归一化指令数
输入程序数:    200
输入次优序列数: 78
测试程序数:    50
Pass 词表大小: 19
协同边数:      176
自环 pass 数:  3
序列长度上限:  120
Loop 合法化策略: wrap
实验种子:      462
划分种子:      462
特征模式:      lite
RF 特征维度:   31
词表: ['module(attributor)', 'module(scc-oz-module-inliner)', 'function(dse)', 'module(iroutliner)', 'function(gvn-sink)', 'module(globalopt)', 'function(mem2reg)', 'function(memcpyopt)', 'function(reassociate)', 'function(jump-threading)', 'module(elim-avail-extern)', 'cgscc(attributor-cgscc)', 'function(dce)', 'function(gvn-hoist)', 'function(newgvn)', 'function(instsimplify)', 'loop(loop-simplifycfg)', 'module(inferattrs)', 'function(lower-switch)']
多目标权重:    mean=1.0, worsen=0.15, highvar=0.0

[Step 1.5] 训练程序切分...
  search_train 程序数: 100
  validation 程序数:   100
  split_signature(search_train): ae3bfaebb38de12769bcdffc1e7776e2cbbb2b79
  split_signature(validation):   b051ac5a9815c85908c9df8d8bbbf5b8e673eb4f
  split_signature(test):         72c84011c3bf8c824f4e63bbd1eabede384b4b61

[Step 2] 计算 search_train 程序 -Oz 基准指令数...
[Step 2b] 计算 validation 程序 -Oz 基准指令数...
[Step 2c] 计算测试集程序 -Oz 基准指令数...

[Step 3] 评估初始 seed 序列（共 78 条）...

[Step 4] 开始贝叶斯优化（100 轮）...
GA search time: 18.70s, candidates: 385
  [iter   1/100] search_obj=1.0460  search_best=0.7357  validation_best=0.7988  EI=0.0151  rnum=185.3  len=60  syn_rate=0.56  mean=0.9515  worsen=63.00%  highvar=0.00%
GA search time: 8.09s, candidates: 383
  [iter   2/100] search_obj=0.7357  search_best=0.7357  validation_best=0.7988  EI=0.0115  rnum=183.2  len=15  syn_rate=0.32  mean=0.7297  worsen=4.00%  highvar=0.00%
GA search time: 6.60s, candidates: 381
  [iter   3/100] search_obj=0.7378  search_best=0.7357  validation_best=0.7957  EI=0.0152  rnum=181.1  len=15  syn_rate=0.34  mean=0.7333  worsen=3.00%  highvar=0.00%
GA search time: 5.38s, candidates: 379
  [iter   4/100] search_obj=0.9525  search_best=0.7357  validation_best=0.7957  EI=0.0189  rnum=179.0  len=15  syn_rate=0.30  mean=0.9270  worsen=17.00%  highvar=0.00%
GA search time: 5.10s, candidates: 376
  [iter   5/100] search_obj=0.7037  search_best=0.7037  validation_best=0.7622  EI=0.0156  rnum=176.9  len=27  syn_rate=0.34  mean=0.7007  worsen=2.00%  highvar=0.00%
GA search time: 8.37s, candidates: 374
  [iter   6/100] search_obj=1.0263  search_best=0.7037  validation_best=0.7622  EI=0.0153  rnum=174.8  len=28  syn_rate=0.34  mean=0.9963  worsen=20.00%  highvar=0.00%
GA search time: 5.74s, candidates: 372
  [iter   7/100] search_obj=1.1708  search_best=0.7037  validation_best=0.7622  EI=0.0155  rnum=172.7  len=39  syn_rate=0.32  mean=1.0418  worsen=86.00%  highvar=0.00%
GA search time: 3.28s, candidates: 370
  [iter   8/100] search_obj=0.9479  search_best=0.7037  validation_best=0.7622  EI=0.0174  rnum=170.6  len=27  syn_rate=0.34  mean=0.9149  worsen=22.00%  highvar=0.00%
GA search time: 4.18s, candidates: 368
  [iter   9/100] search_obj=0.9121  search_best=0.7037  validation_best=0.7622  EI=0.0207  rnum=168.4  len=25  syn_rate=0.35  mean=0.8896  worsen=15.00%  highvar=0.00%
GA search time: 3.31s, candidates: 366
  [iter  10/100] search_obj=0.7243  search_best=0.7037  validation_best=0.7622  EI=0.0188  rnum=166.3  len=27  syn_rate=0.34  mean=0.7213  worsen=2.00%  highvar=0.00%
GA search time: 3.10s, candidates: 364
  [iter  11/100] search_obj=0.6989  search_best=0.6989  validation_best=0.7622  EI=0.0221  rnum=164.2  len=27  syn_rate=0.38  mean=0.6944  worsen=3.00%  highvar=0.00%
GA search time: 6.65s, candidates: 362
  [iter  12/100] search_obj=0.6925  search_best=0.6925  validation_best=0.7486  EI=0.0243  rnum=162.0  len=32  syn_rate=0.41  mean=0.6880  worsen=3.00%  highvar=0.00%
GA search time: 5.61s, candidates: 359
  [iter  13/100] search_obj=1.0174  search_best=0.6925  validation_best=0.7486  EI=0.0291  rnum=159.9  len=46  syn_rate=0.46  mean=0.9904  worsen=18.00%  highvar=0.00%
GA search time: 3.21s, candidates: 357
  [iter  14/100] search_obj=0.6925  search_best=0.6925  validation_best=0.7486  EI=0.0278  rnum=157.7  len=33  syn_rate=0.41  mean=0.6880  worsen=3.00%  highvar=0.00%
GA search time: 4.56s, candidates: 355
  [iter  15/100] search_obj=0.6930  search_best=0.6925  validation_best=0.7484  EI=0.0288  rnum=155.6  len=37  syn_rate=0.42  mean=0.6885  worsen=3.00%  highvar=0.00%
GA search time: 4.16s, candidates: 353
  [iter  16/100] search_obj=0.9132  search_best=0.6925  validation_best=0.7484  EI=0.0287  rnum=153.4  len=40  syn_rate=0.41  mean=0.8907  worsen=15.00%  highvar=0.00%
GA search time: 3.00s, candidates: 351
  [iter  17/100] search_obj=0.7041  search_best=0.6925  validation_best=0.7484  EI=0.0262  rnum=151.3  len=31  syn_rate=0.39  mean=0.6996  worsen=3.00%  highvar=0.00%
GA search time: 3.11s, candidates: 349
  [iter  18/100] search_obj=0.7073  search_best=0.6925  validation_best=0.7484  EI=0.0260  rnum=149.1  len=36  syn_rate=0.43  mean=0.6968  worsen=7.00%  highvar=0.00%
GA search time: 3.29s, candidates: 346
  [iter  19/100] search_obj=0.7232  search_best=0.6925  validation_best=0.7484  EI=0.0231  rnum=147.0  len=38  syn_rate=0.45  mean=0.7187  worsen=3.00%  highvar=0.00%
GA search time: 3.25s, candidates: 344
  [iter  20/100] search_obj=0.6997  search_best=0.6925  validation_best=0.7484  EI=0.0232  rnum=144.8  len=30  syn_rate=0.38  mean=0.6937  worsen=4.00%  highvar=0.00%
GA search time: 4.39s, candidates: 342
  [iter  21/100] search_obj=1.0187  search_best=0.6925  validation_best=0.7484  EI=0.0258  rnum=142.7  len=33  syn_rate=0.32  mean=0.9917  worsen=18.00%  highvar=0.00%
GA search time: 4.00s, candidates: 340
  [iter  22/100] search_obj=1.4175  search_best=0.6925  validation_best=0.7484  EI=0.0289  rnum=140.5  len=31  syn_rate=0.41  mean=1.3080  worsen=73.00%  highvar=0.00%
GA search time: 3.41s, candidates: 338
  [iter  23/100] search_obj=0.6839  search_best=0.6839  validation_best=0.7484  EI=0.0193  rnum=138.4  len=36  syn_rate=0.41  mean=0.6794  worsen=3.00%  highvar=0.00%
GA search time: 3.64s, candidates: 336
  [iter  24/100] search_obj=1.2004  search_best=0.6839  validation_best=0.7484  EI=0.0212  rnum=136.3  len=38  syn_rate=0.37  mean=1.0744  worsen=84.00%  highvar=0.00%
GA search time: 4.12s, candidates: 334
  [iter  25/100] search_obj=1.0186  search_best=0.6839  validation_best=0.7484  EI=0.0306  rnum=134.2  len=35  syn_rate=0.37  mean=0.9916  worsen=18.00%  highvar=0.00%
GA search time: 3.97s, candidates: 332
  [iter  26/100] search_obj=1.0197  search_best=0.6839  validation_best=0.7484  EI=0.0256  rnum=132.1  len=37  syn_rate=0.45  mean=0.9927  worsen=18.00%  highvar=0.00%
GA search time: 2.97s, candidates: 329
  [iter  27/100] search_obj=0.7031  search_best=0.6839  validation_best=0.7484  EI=0.0269  rnum=130.0  len=34  syn_rate=0.42  mean=0.6941  worsen=6.00%  highvar=0.00%
GA search time: 4.03s, candidates: 327
  [iter  28/100] search_obj=0.9178  search_best=0.6839  validation_best=0.7484  EI=0.0277  rnum=127.9  len=36  syn_rate=0.35  mean=0.8953  worsen=15.00%  highvar=0.00%
GA search time: 4.05s, candidates: 325
  [iter  29/100] search_obj=0.6944  search_best=0.6839  validation_best=0.7484  EI=0.0282  rnum=125.8  len=36  syn_rate=0.43  mean=0.6899  worsen=3.00%  highvar=0.00%
GA search time: 3.96s, candidates: 323
  [iter  30/100] search_obj=0.6937  search_best=0.6839  validation_best=0.7484  EI=0.0264  rnum=123.7  len=32  syn_rate=0.39  mean=0.6892  worsen=3.00%  highvar=0.00%
GA search time: 4.47s, candidates: 321
  [iter  31/100] search_obj=0.7081  search_best=0.6839  validation_best=0.7484  EI=0.0260  rnum=121.6  len=32  syn_rate=0.41  mean=0.7021  worsen=4.00%  highvar=0.00%
GA search time: 3.66s, candidates: 319
  [iter  32/100] search_obj=0.6937  search_best=0.6839  validation_best=0.7484  EI=0.0292  rnum=119.6  len=33  syn_rate=0.39  mean=0.6892  worsen=3.00%  highvar=0.00%
GA search time: 3.70s, candidates: 317
  [iter  33/100] search_obj=0.8005  search_best=0.6839  validation_best=0.7484  EI=0.0261  rnum=117.5  len=33  syn_rate=0.45  mean=0.7855  worsen=10.00%  highvar=0.00%
GA search time: 4.34s, candidates: 315
  [iter  34/100] search_obj=0.6784  search_best=0.6784  validation_best=0.7478  EI=0.0266  rnum=115.5  len=36  syn_rate=0.44  mean=0.6739  worsen=3.00%  highvar=0.00%
GA search time: 4.09s, candidates: 313
  [iter  35/100] search_obj=0.8959  search_best=0.6784  validation_best=0.7478  EI=0.0360  rnum=113.5  len=32  syn_rate=0.44  mean=0.8749  worsen=14.00%  highvar=0.00%
GA search time: 4.21s, candidates: 311
  [iter  36/100] search_obj=1.0186  search_best=0.6784  validation_best=0.7478  EI=0.0232  rnum=111.5  len=36  syn_rate=0.41  mean=0.9916  worsen=18.00%  highvar=0.00%
GA search time: 3.79s, candidates: 309
  [iter  37/100] search_obj=1.0176  search_best=0.6784  validation_best=0.7478  EI=0.0317  rnum=109.5  len=36  syn_rate=0.39  mean=0.9906  worsen=18.00%  highvar=0.00%
GA search time: 4.32s, candidates: 307
  [iter  38/100] search_obj=0.7073  search_best=0.6784  validation_best=0.7478  EI=0.0244  rnum=107.6  len=37  syn_rate=0.43  mean=0.6968  worsen=7.00%  highvar=0.00%
GA search time: 3.81s, candidates: 305
  [iter  39/100] search_obj=0.6784  search_best=0.6784  validation_best=0.7478  EI=0.0247  rnum=105.6  len=36  syn_rate=0.46  mean=0.6739  worsen=3.00%  highvar=0.00%
GA search time: 5.28s, candidates: 303
  [iter  40/100] search_obj=0.7029  search_best=0.6784  validation_best=0.7478  EI=0.0228  rnum=103.7  len=43  syn_rate=0.49  mean=0.6939  worsen=6.00%  highvar=0.00%
GA search time: 4.64s, candidates: 301
  [iter  41/100] search_obj=0.9261  search_best=0.6784  validation_best=0.7478  EI=0.0259  rnum=101.7  len=41  syn_rate=0.45  mean=0.9006  worsen=17.00%  highvar=0.00%
GA search time: 4.43s, candidates: 299
  [iter  42/100] search_obj=0.7029  search_best=0.6784  validation_best=0.7478  EI=0.0217  rnum=99.8  len=45  syn_rate=0.51  mean=0.6939  worsen=6.00%  highvar=0.00%
GA search time: 6.80s, candidates: 297
  [iter  43/100] search_obj=1.1981  search_best=0.6784  validation_best=0.7478  EI=0.0225  rnum=97.9  len=38  syn_rate=0.37  mean=1.0721  worsen=84.00%  highvar=0.00%
GA search time: 4.96s, candidates: 296
  [iter  44/100] search_obj=0.7073  search_best=0.6784  validation_best=0.7478  EI=0.0279  rnum=96.1  len=40  syn_rate=0.47  mean=0.6968  worsen=7.00%  highvar=0.00%
GA search time: 4.92s, candidates: 294
  [iter  45/100] search_obj=1.7474  search_best=0.6784  validation_best=0.7478  EI=0.0269  rnum=94.2  len=26  syn_rate=0.38  mean=1.6094  worsen=92.00%  highvar=0.00%
GA search time: 5.42s, candidates: 292
  [iter  46/100] search_obj=0.9123  search_best=0.6784  validation_best=0.7478  EI=0.0393  rnum=92.4  len=31  syn_rate=0.38  mean=0.8898  worsen=15.00%  highvar=0.00%
GA search time: 5.44s, candidates: 290
  [iter  47/100] search_obj=1.0516  search_best=0.6784  validation_best=0.7478  EI=0.0377  rnum=90.5  len=41  syn_rate=0.39  mean=0.9556  worsen=64.00%  highvar=0.00%
GA search time: 6.41s, candidates: 288
  [iter  48/100] search_obj=0.7174  search_best=0.6784  validation_best=0.7478  EI=0.0371  rnum=88.7  len=26  syn_rate=0.38  mean=0.7129  worsen=3.00%  highvar=0.00%
GA search time: 5.93s, candidates: 286
  [iter  49/100] search_obj=0.8534  search_best=0.6784  validation_best=0.7478  EI=0.0268  rnum=87.0  len=47  syn_rate=0.57  mean=0.8399  worsen=9.00%  highvar=0.00%
GA search time: 4.98s, candidates: 285
  [iter  50/100] search_obj=0.7529  search_best=0.6784  validation_best=0.7478  EI=0.0298  rnum=85.2  len=29  syn_rate=0.35  mean=0.7454  worsen=5.00%  highvar=0.00%
GA search time: 3.87s, candidates: 283
  [iter  51/100] search_obj=0.7031  search_best=0.6784  validation_best=0.7478  EI=0.0260  rnum=83.5  len=35  syn_rate=0.42  mean=0.6941  worsen=6.00%  highvar=0.00%
GA search time: 4.83s, candidates: 281
  [iter  52/100] search_obj=0.6941  search_best=0.6784  validation_best=0.7478  EI=0.0273  rnum=81.7  len=34  syn_rate=0.44  mean=0.6881  worsen=4.00%  highvar=0.00%
GA search time: 4.48s, candidates: 280
  [iter  53/100] search_obj=0.6941  search_best=0.6784  validation_best=0.7478  EI=0.0231  rnum=80.0  len=36  syn_rate=0.46  mean=0.6881  worsen=4.00%  highvar=0.00%
GA search time: 4.90s, candidates: 278
  [iter  54/100] search_obj=0.9794  search_best=0.6784  validation_best=0.7478  EI=0.0244  rnum=78.4  len=32  syn_rate=0.40  mean=0.9134  worsen=44.00%  highvar=0.00%
GA search time: 3.64s, candidates: 276
  [iter  55/100] search_obj=0.7049  search_best=0.6784  validation_best=0.7478  EI=0.0222  rnum=76.7  len=37  syn_rate=0.42  mean=0.6959  worsen=6.00%  highvar=0.00%
GA search time: 4.94s, candidates: 275
  [iter  56/100] search_obj=0.6847  search_best=0.6784  validation_best=0.7462  EI=0.0238  rnum=75.1  len=34  syn_rate=0.45  mean=0.6817  worsen=2.00%  highvar=0.00%
GA search time: 4.41s, candidates: 273
  [iter  57/100] search_obj=1.1984  search_best=0.6784  validation_best=0.7462  EI=0.0256  rnum=73.4  len=42  syn_rate=0.42  mean=1.0724  worsen=84.00%  highvar=0.00%
GA search time: 4.71s, candidates: 271
  [iter  58/100] search_obj=0.6847  search_best=0.6784  validation_best=0.7462  EI=0.0257  rnum=71.8  len=34  syn_rate=0.43  mean=0.6817  worsen=2.00%  highvar=0.00%
GA search time: 4.45s, candidates: 270
  [iter  59/100] search_obj=0.7197  search_best=0.6784  validation_best=0.7462  EI=0.0310  rnum=70.3  len=26  syn_rate=0.34  mean=0.7137  worsen=4.00%  highvar=0.00%
GA search time: 4.00s, candidates: 268
  [iter  60/100] search_obj=1.1641  search_best=0.6784  validation_best=0.7462  EI=0.0312  rnum=68.7  len=45  syn_rate=0.42  mean=1.0381  worsen=84.00%  highvar=0.00%
GA search time: 5.20s, candidates: 267
  [iter  61/100] search_obj=0.7037  search_best=0.6784  validation_best=0.7462  EI=0.0292  rnum=67.2  len=39  syn_rate=0.42  mean=0.6947  worsen=6.00%  highvar=0.00%
GA search time: 5.85s, candidates: 265
  [iter  62/100] search_obj=0.7171  search_best=0.6784  validation_best=0.7462  EI=0.0236  rnum=65.7  len=24  syn_rate=0.34  mean=0.7111  worsen=4.00%  highvar=0.00%
GA search time: 4.73s, candidates: 264
  [iter  63/100] search_obj=0.9360  search_best=0.6784  validation_best=0.7462  EI=0.0270  rnum=64.2  len=38  syn_rate=0.47  mean=0.9030  worsen=22.00%  highvar=0.00%
GA search time: 5.46s, candidates: 262
  [iter  64/100] search_obj=0.6912  search_best=0.6784  validation_best=0.7462  EI=0.0288  rnum=62.7  len=29  syn_rate=0.39  mean=0.6882  worsen=2.00%  highvar=0.00%
GA search time: 5.24s, candidates: 261
  [iter  65/100] search_obj=0.7079  search_best=0.6784  validation_best=0.7462  EI=0.0315  rnum=61.3  len=40  syn_rate=0.43  mean=0.6974  worsen=7.00%  highvar=0.00%
GA search time: 4.08s, candidates: 259
  [iter  66/100] search_obj=0.9014  search_best=0.6784  validation_best=0.7462  EI=0.0356  rnum=59.8  len=33  syn_rate=0.43  mean=0.8789  worsen=15.00%  highvar=0.00%
GA search time: 3.38s, candidates: 258
  [iter  67/100] search_obj=0.7606  search_best=0.6784  validation_best=0.7462  EI=0.0321  rnum=58.4  len=31  syn_rate=0.40  mean=0.7516  worsen=6.00%  highvar=0.00%
GA search time: 3.94s, candidates: 257
  [iter  68/100] search_obj=0.7079  search_best=0.6784  validation_best=0.7462  EI=0.0265  rnum=57.0  len=46  syn_rate=0.47  mean=0.6974  worsen=7.00%  highvar=0.00%
GA search time: 3.70s, candidates: 255
  [iter  69/100] search_obj=0.7081  search_best=0.6784  validation_best=0.7462  EI=0.0320  rnum=55.7  len=33  syn_rate=0.43  mean=0.7021  worsen=4.00%  highvar=0.00%
GA search time: 4.91s, candidates: 254
  [iter  70/100] search_obj=0.9161  search_best=0.6784  validation_best=0.7462  EI=0.0347  rnum=54.3  len=35  syn_rate=0.42  mean=0.8921  worsen=16.00%  highvar=0.00%
GA search time: 4.15s, candidates: 253
  [iter  71/100] search_obj=0.7945  search_best=0.6784  validation_best=0.7462  EI=0.0277  rnum=53.0  len=33  syn_rate=0.44  mean=0.7900  worsen=3.00%  highvar=0.00%
GA search time: 3.87s, candidates: 251
  [iter  72/100] search_obj=0.7953  search_best=0.6784  validation_best=0.7462  EI=0.0281  rnum=51.7  len=29  syn_rate=0.36  mean=0.7893  worsen=4.00%  highvar=0.00%
GA search time: 4.46s, candidates: 250
  [iter  73/100] search_obj=1.1584  search_best=0.6784  validation_best=0.7462  EI=0.0239  rnum=50.5  len=26  syn_rate=0.34  mean=1.0354  worsen=82.00%  highvar=0.00%
GA search time: 3.27s, candidates: 249
  [iter  74/100] search_obj=0.7171  search_best=0.6784  validation_best=0.7462  EI=0.0270  rnum=49.2  len=24  syn_rate=0.34  mean=0.7111  worsen=4.00%  highvar=0.00%
GA search time: 4.96s, candidates: 247
  [iter  75/100] search_obj=0.7114  search_best=0.6784  validation_best=0.7462  EI=0.0220  rnum=48.0  len=45  syn_rate=0.52  mean=0.7009  worsen=7.00%  highvar=0.00%
GA search time: 3.64s, candidates: 246
  [iter  76/100] search_obj=0.9302  search_best=0.6784  validation_best=0.7462  EI=0.0278  rnum=46.8  len=32  syn_rate=0.39  mean=0.9212  worsen=6.00%  highvar=0.00%
GA search time: 3.68s, candidates: 245
  [iter  77/100] search_obj=0.7037  search_best=0.6784  validation_best=0.7462  EI=0.0229  rnum=45.6  len=43  syn_rate=0.43  mean=0.6947  worsen=6.00%  highvar=0.00%
GA search time: 3.10s, candidates: 244
  [iter  78/100] search_obj=0.7029  search_best=0.6784  validation_best=0.7462  EI=0.0238  rnum=44.4  len=43  syn_rate=0.42  mean=0.6939  worsen=6.00%  highvar=0.00%
GA search time: 3.07s, candidates: 243
  [iter  79/100] search_obj=1.2101  search_best=0.6784  validation_best=0.7462  EI=0.0227  rnum=43.3  len=45  syn_rate=0.34  mean=1.0766  worsen=89.00%  highvar=0.00%
GA search time: 4.97s, candidates: 242
  [iter  80/100] search_obj=0.7384  search_best=0.6784  validation_best=0.7462  EI=0.0217  rnum=42.2  len=29  syn_rate=0.37  mean=0.7324  worsen=4.00%  highvar=0.00%
GA search time: 5.20s, candidates: 241
  [iter  81/100] search_obj=0.7029  search_best=0.6784  validation_best=0.7462  EI=0.0203  rnum=41.1  len=40  syn_rate=0.42  mean=0.6939  worsen=6.00%  highvar=0.00%
GA search time: 4.48s, candidates: 239
  [iter  82/100] search_obj=0.6937  search_best=0.6784  validation_best=0.7462  EI=0.0202  rnum=40.0  len=31  syn_rate=0.39  mean=0.6892  worsen=3.00%  highvar=0.00%
GA search time: 4.15s, candidates: 238
  [iter  83/100] search_obj=1.0516  search_best=0.6784  validation_best=0.7462  EI=0.0222  rnum=38.9  len=45  syn_rate=0.41  mean=0.9556  worsen=64.00%  highvar=0.00%
GA search time: 5.59s, candidates: 237
  [iter  84/100] search_obj=0.8145  search_best=0.6784  validation_best=0.7462  EI=0.0209  rnum=37.9  len=39  syn_rate=0.45  mean=0.8070  worsen=5.00%  highvar=0.00%
GA search time: 3.74s, candidates: 236
  [iter  85/100] search_obj=0.9359  search_best=0.6784  validation_best=0.7462  EI=0.0221  rnum=36.9  len=52  syn_rate=0.54  mean=0.9029  worsen=22.00%  highvar=0.00%
GA search time: 3.41s, candidates: 235
  [iter  86/100] search_obj=0.7173  search_best=0.6784  validation_best=0.7462  EI=0.0210  rnum=35.9  len=43  syn_rate=0.42  mean=0.7068  worsen=7.00%  highvar=0.00%
GA search time: 3.77s, candidates: 234
  [iter  87/100] search_obj=0.6944  search_best=0.6784  validation_best=0.7462  EI=0.0177  rnum=34.9  len=35  syn_rate=0.41  mean=0.6884  worsen=4.00%  highvar=0.00%
GA search time: 3.60s, candidates: 233
  [iter  88/100] search_obj=0.7171  search_best=0.6784  validation_best=0.7462  EI=0.0205  rnum=33.9  len=26  syn_rate=0.35  mean=0.7111  worsen=4.00%  highvar=0.00%
GA search time: 3.89s, candidates: 233
  [iter  89/100] search_obj=0.7029  search_best=0.6784  validation_best=0.7462  EI=0.0241  rnum=33.0  len=46  syn_rate=0.51  mean=0.6939  worsen=6.00%  highvar=0.00%
GA search time: 3.90s, candidates: 232
  [iter  90/100] search_obj=0.8994  search_best=0.6784  validation_best=0.7462  EI=0.0212  rnum=32.1  len=30  syn_rate=0.39  mean=0.8799  worsen=13.00%  highvar=0.00%
GA search time: 3.02s, candidates: 231
  [iter  91/100] search_obj=0.7029  search_best=0.6784  validation_best=0.7462  EI=0.0258  rnum=31.2  len=44  syn_rate=0.48  mean=0.6939  worsen=6.00%  highvar=0.00%
GA search time: 2.75s, candidates: 230
  [iter  92/100] search_obj=0.7029  search_best=0.6784  validation_best=0.7462  EI=0.0218  rnum=30.3  len=45  syn_rate=0.52  mean=0.6939  worsen=6.00%  highvar=0.00%
GA search time: 2.55s, candidates: 229
  [iter  93/100] search_obj=0.8039  search_best=0.6784  validation_best=0.7462  EI=0.0225  rnum=29.5  len=39  syn_rate=0.50  mean=0.7889  worsen=10.00%  highvar=0.00%
GA search time: 2.36s, candidates: 228
  [iter  94/100] search_obj=0.6985  search_best=0.6784  validation_best=0.7462  EI=0.0191  rnum=28.6  len=37  syn_rate=0.44  mean=0.6925  worsen=4.00%  highvar=0.00%
GA search time: 2.59s, candidates: 227
  [iter  95/100] search_obj=0.6934  search_best=0.6784  validation_best=0.7462  EI=0.0223  rnum=27.8  len=36  syn_rate=0.41  mean=0.6889  worsen=3.00%  highvar=0.00%
GA search time: 2.89s, candidates: 226
  [iter  96/100] search_obj=0.7054  search_best=0.6784  validation_best=0.7462  EI=0.0257  rnum=27.0  len=46  syn_rate=0.49  mean=0.6949  worsen=7.00%  highvar=0.00%
GA search time: 2.55s, candidates: 226
  [iter  97/100] search_obj=0.7410  search_best=0.6784  validation_best=0.7462  EI=0.0223  rnum=26.2  len=41  syn_rate=0.49  mean=0.7200  worsen=14.00%  highvar=0.00%
GA search time: 3.16s, candidates: 225
  [iter  98/100] search_obj=0.6937  search_best=0.6784  validation_best=0.7462  EI=0.0217  rnum=25.4  len=33  syn_rate=0.39  mean=0.6892  worsen=3.00%  highvar=0.00%
GA search time: 2.58s, candidates: 224
  [iter  99/100] search_obj=0.7302  search_best=0.6784  validation_best=0.7462  EI=0.0200  rnum=24.7  len=24  syn_rate=0.40  mean=0.7257  worsen=3.00%  highvar=0.00%
GA search time: 2.13s, candidates: 223
  [iter 100/100] search_obj=0.6847  search_best=0.6784  validation_best=0.7462  EI=0.0243  rnum=24.0  len=37  syn_rate=0.43  mean=0.6817  worsen=2.00%  highvar=0.00%

[Step 5] 按 validation 选择最终通用序列...
  选择结果:
    search_train_obj=0.6847, search_train_mean=0.6817, search_train_worsen=2.00%, search_train_highvar=0.00%
    validation_obj=0.7462, validation_mean=0.7372, validation_worsen=6.00%, validation_highvar=0.00%

[Step 6] 在 validation 上执行消融后处理...

[Ablation-validation] 初始序列长度: 34, objective: 0.7462, mean_norm: 0.7372, worsen_rate: 6.00%
  移除 [33] function(gvn-sink): objective 0.7469 > 0.7462 (恢复)
  移除 [32] module(iroutliner): objective 0.7465 > 0.7462 (恢复)
  移除 [31] function(instsimplify): objective 0.7462, mean_norm 0.7372, worsen_rate 6.00% (保留移除)
  移除 [30] module(scc-oz-module-inliner): objective 0.7462, mean_norm 0.7372, worsen_rate 6.00% (保留移除)
  移除 [29] module(attributor): objective 0.7462, mean_norm 0.7372, worsen_rate 6.00% (保留移除)
  移除 [28] function(instsimplify): objective 0.7462, mean_norm 0.7372, worsen_rate 6.00% (保留移除)
  移除 [27] cgscc(attributor-cgscc): objective 0.7462, mean_norm 0.7372, worsen_rate 6.00% (保留移除)
  移除 [26] module(scc-oz-module-inliner): objective 0.7465 > 0.7462 (恢复)
  移除 [25] function(memcpyopt): objective 0.7462, mean_norm 0.7372, worsen_rate 6.00% (保留移除)
  移除 [24] module(globalopt): objective 0.7462, mean_norm 0.7372, worsen_rate 6.00% (保留移除)
  移除 [23] cgscc(attributor-cgscc): objective 0.7462, mean_norm 0.7372, worsen_rate 6.00% (保留移除)
  移除 [22] module(iroutliner): objective 0.7467 > 0.7462 (恢复)
  移除 [21] function(instsimplify): objective 0.7462, mean_norm 0.7372, worsen_rate 6.00% (保留移除)
  移除 [20] module(scc-oz-module-inliner): objective 0.7463 > 0.7462 (恢复)
  移除 [19] module(attributor): objective 0.7686 > 0.7462 (恢复)
  移除 [18] module(globalopt): objective 0.7462, mean_norm 0.7372, worsen_rate 6.00% (保留移除)
  移除 [17] function(instsimplify): objective 0.7462, mean_norm 0.7372, worsen_rate 6.00% (保留移除)
  移除 [16] function(dce): objective 0.7462, mean_norm 0.7372, worsen_rate 6.00% (保留移除)
  移除 [15] module(scc-oz-module-inliner): objective 0.7689 > 0.7462 (恢复)
  移除 [14] module(attributor): objective 0.7493 > 0.7462 (恢复)
  移除 [13] module(globalopt): objective 0.7462, mean_norm 0.7372, worsen_rate 6.00% (保留移除)
  移除 [12] module(elim-avail-extern): objective 0.7462, mean_norm 0.7372, worsen_rate 6.00% (保留移除)
  移除 [11] function(memcpyopt): objective 0.7462, mean_norm 0.7372, worsen_rate 6.00% (保留移除)
  移除 [10] function(dse): objective 0.7918 > 0.7462 (恢复)
  移除 [9] function(jump-threading): objective 0.7448, mean_norm 0.7358, worsen_rate 6.00% (保留移除)
  移除 [8] module(iroutliner): objective 0.7469 > 0.7448 (恢复)
  移除 [7] module(globalopt): objective 0.8932 > 0.7448 (恢复)
  移除 [6] module(attributor): objective 0.7448, mean_norm 0.7358, worsen_rate 6.00% (保留移除)
  移除 [5] module(elim-avail-extern): objective 0.9698 > 0.7448 (恢复)
  移除 [4] cgscc(attributor-cgscc): objective 0.7954 > 0.7448 (恢复)
  移除 [3] module(iroutliner): objective 0.7448, mean_norm 0.7358, worsen_rate 6.00% (保留移除)
  移除 [2] module(iroutliner): objective 0.7448, mean_norm 0.7358, worsen_rate 6.00% (保留移除)
  移除 [1] module(globalopt): objective 0.7448, mean_norm 0.7358, worsen_rate 6.00% (保留移除)
  移除 [0] module(iroutliner): objective 0.7527 > 0.7448 (恢复)
[Ablation-validation] 最终序列长度: 14, objective: 0.7448, mean_norm: 0.7358, worsen_rate: 6.00%, 移除了 20 个 pass
  消融有效: 34 → 14 passes, validation_objective: 0.7462 → 0.7448

最终通用 pass 序列（effective=14 个顶层 pass, raw=14 个 pass, syn_rate(raw)=0.18）:
  module(iroutliner) → cgscc(attributor-cgscc) → module(elim-avail-extern) → module(globalopt) → module(iroutliner) → function(dse) → module(attributor) → module(scc-oz-module-inliner) → module(attributor) → module(scc-oz-module-inliner) → module(iroutliner) → module(scc-oz-module-inliner) → module(iroutliner) → function(gvn-sink)
  search_train_obj=0.6932, search_train_mean=0.6902, search_train_worsen=2.00%, search_train_highvar=0.00%
  validation_obj=0.7448, validation_mean=0.7358, validation_worsen=6.00%, validation_highvar=0.00%
  test_obj=0.7195, test_mean=0.7105, test_worsen=6.00%, test_highvar=0.00%

Top-5 最佳序列（按 validation 多目标 objective 升序）:
  #1: validation_obj=0.7462, validation_mean=0.7372, validation_worsen=6.00%, validation_highvar=0.00%, train_obj=0.6847, train_mean=0.6817, train_highvar=0.00%, len=34, syn_rate=0.45, test_obj=0.7189, test_mean=0.7099, test_worsen=6.00%, test_highvar=0.00%
     module(iroutliner) → module(globalopt) → module(iroutliner) → module(iroutliner) → cgscc(attributor-cgscc) → module(elim-avail-extern) → module(attributor) → module(globalopt) → module(iroutliner) → function(jump-threading) → function(dse) → function(memcpyopt) → module(elim-avail-extern) → module(globalopt) → module(attributor) → module(scc-oz-module-inliner) → function(dce) → function(instsimplify) → module(globalopt) → module(attributor) → module(scc-oz-module-inliner) → function(instsimplify) → module(iroutliner) → cgscc(attributor-cgscc) → module(globalopt) → function(memcpyopt) → module(scc-oz-module-inliner) → cgscc(attributor-cgscc) → function(instsimplify) → module(attributor) → module(scc-oz-module-inliner) → function(instsimplify) → module(iroutliner) → function(gvn-sink)
  #2: validation_obj=0.7462, validation_mean=0.7372, validation_worsen=6.00%, validation_highvar=0.00%, train_obj=0.6847, train_mean=0.6817, train_highvar=0.00%, len=34, syn_rate=0.43, test_obj=0.7189, test_mean=0.7099, test_worsen=6.00%, test_highvar=0.00%
     module(iroutliner) → module(globalopt) → module(iroutliner) → module(iroutliner) → cgscc(attributor-cgscc) → module(elim-avail-extern) → module(attributor) → module(globalopt) → module(iroutliner) → function(jump-threading) → function(dse) → function(memcpyopt) → module(elim-avail-extern) → module(globalopt) → module(attributor) → module(scc-oz-module-inliner) → function(dce) → function(instsimplify) → module(globalopt) → module(attributor) → module(globalopt) → module(attributor) → module(scc-oz-module-inliner) → function(instsimplify) → module(iroutliner) → cgscc(attributor-cgscc) → module(globalopt) → cgscc(attributor-cgscc) → function(instsimplify) → module(attributor) → module(scc-oz-module-inliner) → function(instsimplify) → module(iroutliner) → function(gvn-sink)
  #3: validation_obj=0.7462, validation_mean=0.7372, validation_worsen=6.00%, validation_highvar=0.00%, train_obj=0.6847, train_mean=0.6817, train_highvar=0.00%, len=37, syn_rate=0.43, test_obj=0.7189, test_mean=0.7099, test_worsen=6.00%, test_highvar=0.00%
     module(iroutliner) → module(globalopt) → module(iroutliner) → module(iroutliner) → cgscc(attributor-cgscc) → module(elim-avail-extern) → module(attributor) → module(globalopt) → module(iroutliner) → function(jump-threading) → function(dse) → function(memcpyopt) → module(elim-avail-extern) → module(globalopt) → module(attributor) → module(scc-oz-module-inliner) → function(dce) → function(instsimplify) → module(globalopt) → module(attributor) → module(globalopt) → module(attributor) → module(scc-oz-module-inliner) → function(instsimplify) → module(globalopt) → module(attributor) → module(scc-oz-module-inliner) → module(iroutliner) → cgscc(attributor-cgscc) → module(globalopt) → cgscc(attributor-cgscc) → function(instsimplify) → module(attributor) → module(scc-oz-module-inliner) → function(instsimplify) → module(iroutliner) → function(gvn-sink)
  #4: validation_obj=0.7478, validation_mean=0.7418, validation_worsen=4.00%, validation_highvar=0.00%, train_obj=0.6784, train_mean=0.6739, train_highvar=0.00%, len=36, syn_rate=0.44, test_obj=0.7228, test_mean=0.7168, test_worsen=4.00%, test_highvar=0.00%
     cgscc(attributor-cgscc) → module(globalopt) → module(iroutliner) → module(globalopt) → module(iroutliner) → module(iroutliner) → module(elim-avail-extern) → function(mem2reg) → function(gvn-sink) → module(iroutliner) → function(jump-threading) → function(dse) → function(memcpyopt) → module(elim-avail-extern) → module(globalopt) → module(globalopt) → module(iroutliner) → cgscc(attributor-cgscc) → module(globalopt) → cgscc(attributor-cgscc) → module(attributor) → module(attributor) → module(scc-oz-module-inliner) → function(instsimplify) → function(instsimplify) → module(globalopt) → module(attributor) → module(scc-oz-module-inliner) → function(instsimplify) → module(iroutliner) → cgscc(attributor-cgscc) → module(globalopt) → cgscc(attributor-cgscc) → module(attributor) → module(scc-oz-module-inliner) → function(instsimplify)
  #5: validation_obj=0.7484, validation_mean=0.7424, validation_worsen=4.00%, validation_highvar=0.00%, train_obj=0.6930, train_mean=0.6885, train_highvar=0.00%, len=37, syn_rate=0.42, test_obj=0.7234, test_mean=0.7144, test_worsen=6.00%, test_highvar=0.00%
     cgscc(attributor-cgscc) → module(globalopt) → module(iroutliner) → module(iroutliner) → module(iroutliner) → module(elim-avail-extern) → module(attributor) → function(gvn-sink) → module(iroutliner) → function(jump-threading) → function(dse) → function(memcpyopt) → module(elim-avail-extern) → module(globalopt) → module(globalopt) → module(attributor) → module(attributor) → module(scc-oz-module-inliner) → function(instsimplify) → module(elim-avail-extern) → module(iroutliner) → module(attributor) → module(scc-oz-module-inliner) → module(globalopt) → module(attributor) → module(scc-oz-module-inliner) → function(instsimplify) → module(iroutliner) → cgscc(attributor-cgscc) → module(globalopt) → cgscc(attributor-cgscc) → function(instsimplify) → module(attributor) → module(scc-oz-module-inliner) → function(instsimplify) → module(iroutliner) → function(gvn-sink)

============================================================
所有轮次中最优 validation objective: 0.7448
最优通用 pass 序列 (14 passes):
  module(iroutliner) → cgscc(attributor-cgscc) → module(elim-avail-extern) → module(globalopt) → module(iroutliner) → function(dse) → module(attributor) → module(scc-oz-module-inliner) → module(attributor) → module(scc-oz-module-inliner) → module(iroutliner) → module(scc-oz-module-inliner) → module(iroutliner) → function(gvn-sink)
  search_train_obj=0.6932, search_train_mean=0.6902, search_train_worsen=2.00%, search_train_highvar=0.00%
  validation_obj=0.7448, validation_mean=0.7358, validation_worsen=6.00%, validation_highvar=0.00%
  test_obj=0.7195, test_mean=0.7105, test_worsen=6.00%, test_highvar=0.00%

最优轮次 Top-5 序列（含测试集效果，按 validation objective 升序）:
  #1: validation_obj=0.7462, validation_mean=0.7372, validation_worsen=6.00%, validation_highvar=0.00%, train_obj=0.6847, train_mean=0.6817, train_highvar=0.00%, len=34, syn_rate=0.45, test_obj=0.7189, test_mean=0.7099, test_worsen=6.00%, test_highvar=0.00%
     module(iroutliner) → module(globalopt) → module(iroutliner) → module(iroutliner) → cgscc(attributor-cgscc) → module(elim-avail-extern) → module(attributor) → module(globalopt) → module(iroutliner) → function(jump-threading) → function(dse) → function(memcpyopt) → module(elim-avail-extern) → module(globalopt) → module(attributor) → module(scc-oz-module-inliner) → function(dce) → function(instsimplify) → module(globalopt) → module(attributor) → module(scc-oz-module-inliner) → function(instsimplify) → module(iroutliner) → cgscc(attributor-cgscc) → module(globalopt) → function(memcpyopt) → module(scc-oz-module-inliner) → cgscc(attributor-cgscc) → function(instsimplify) → module(attributor) → module(scc-oz-module-inliner) → function(instsimplify) → module(iroutliner) → function(gvn-sink)
  #2: validation_obj=0.7462, validation_mean=0.7372, validation_worsen=6.00%, validation_highvar=0.00%, train_obj=0.6847, train_mean=0.6817, train_highvar=0.00%, len=34, syn_rate=0.43, test_obj=0.7189, test_mean=0.7099, test_worsen=6.00%, test_highvar=0.00%
     module(iroutliner) → module(globalopt) → module(iroutliner) → module(iroutliner) → cgscc(attributor-cgscc) → module(elim-avail-extern) → module(attributor) → module(globalopt) → module(iroutliner) → function(jump-threading) → function(dse) → function(memcpyopt) → module(elim-avail-extern) → module(globalopt) → module(attributor) → module(scc-oz-module-inliner) → function(dce) → function(instsimplify) → module(globalopt) → module(attributor) → module(globalopt) → module(attributor) → module(scc-oz-module-inliner) → function(instsimplify) → module(iroutliner) → cgscc(attributor-cgscc) → module(globalopt) → cgscc(attributor-cgscc) → function(instsimplify) → module(attributor) → module(scc-oz-module-inliner) → function(instsimplify) → module(iroutliner) → function(gvn-sink)
  #3: validation_obj=0.7462, validation_mean=0.7372, validation_worsen=6.00%, validation_highvar=0.00%, train_obj=0.6847, train_mean=0.6817, train_highvar=0.00%, len=37, syn_rate=0.43, test_obj=0.7189, test_mean=0.7099, test_worsen=6.00%, test_highvar=0.00%
     module(iroutliner) → module(globalopt) → module(iroutliner) → module(iroutliner) → cgscc(attributor-cgscc) → module(elim-avail-extern) → module(attributor) → module(globalopt) → module(iroutliner) → function(jump-threading) → function(dse) → function(memcpyopt) → module(elim-avail-extern) → module(globalopt) → module(attributor) → module(scc-oz-module-inliner) → function(dce) → function(instsimplify) → module(globalopt) → module(attributor) → module(globalopt) → module(attributor) → module(scc-oz-module-inliner) → function(instsimplify) → module(globalopt) → module(attributor) → module(scc-oz-module-inliner) → module(iroutliner) → cgscc(attributor-cgscc) → module(globalopt) → cgscc(attributor-cgscc) → function(instsimplify) → module(attributor) → module(scc-oz-module-inliner) → function(instsimplify) → module(iroutliner) → function(gvn-sink)
  #4: validation_obj=0.7478, validation_mean=0.7418, validation_worsen=4.00%, validation_highvar=0.00%, train_obj=0.6784, train_mean=0.6739, train_highvar=0.00%, len=36, syn_rate=0.44, test_obj=0.7228, test_mean=0.7168, test_worsen=4.00%, test_highvar=0.00%
     cgscc(attributor-cgscc) → module(globalopt) → module(iroutliner) → module(globalopt) → module(iroutliner) → module(iroutliner) → module(elim-avail-extern) → function(mem2reg) → function(gvn-sink) → module(iroutliner) → function(jump-threading) → function(dse) → function(memcpyopt) → module(elim-avail-extern) → module(globalopt) → module(globalopt) → module(iroutliner) → cgscc(attributor-cgscc) → module(globalopt) → cgscc(attributor-cgscc) → module(attributor) → module(attributor) → module(scc-oz-module-inliner) → function(instsimplify) → function(instsimplify) → module(globalopt) → module(attributor) → module(scc-oz-module-inliner) → function(instsimplify) → module(iroutliner) → cgscc(attributor-cgscc) → module(globalopt) → cgscc(attributor-cgscc) → module(attributor) → module(scc-oz-module-inliner) → function(instsimplify)
  #5: validation_obj=0.7484, validation_mean=0.7424, validation_worsen=4.00%, validation_highvar=0.00%, train_obj=0.6930, train_mean=0.6885, train_highvar=0.00%, len=37, syn_rate=0.42, test_obj=0.7234, test_mean=0.7144, test_worsen=6.00%, test_highvar=0.00%
     cgscc(attributor-cgscc) → module(globalopt) → module(iroutliner) → module(iroutliner) → module(iroutliner) → module(elim-avail-extern) → module(attributor) → function(gvn-sink) → module(iroutliner) → function(jump-threading) → function(dse) → function(memcpyopt) → module(elim-avail-extern) → module(globalopt) → module(globalopt) → module(attributor) → module(attributor) → module(scc-oz-module-inliner) → function(instsimplify) → module(elim-avail-extern) → module(iroutliner) → module(attributor) → module(scc-oz-module-inliner) → module(globalopt) → module(attributor) → module(scc-oz-module-inliner) → function(instsimplify) → module(iroutliner) → cgscc(attributor-cgscc) → module(globalopt) → cgscc(attributor-cgscc) → function(instsimplify) → module(attributor) → module(scc-oz-module-inliner) → function(instsimplify) → module(iroutliner) → function(gvn-sink)
binarysize_test: vs_none=0.995 (+0.5%)  vs_oz=0.999 (+0.1%)  vs_o3=0.995 (+0.5%) [metric=stripped_file_bytes]
binarysize_test[text_bytes]: vs_none=0.874 (+12.6%)  vs_oz=0.901 (+9.9%)  vs_o3=0.755 (+24.5%)
binarysize_test[data_bytes]: vs_none=0.984 (+1.6%)  vs_oz=0.993 (+0.7%)  vs_o3=0.988 (+1.2%)
binarysize_test[bss_bytes]: vs_none=1.000 (+0.0%)  vs_oz=1.000 (+0.0%)  vs_o3=1.000 (+0.0%)
binarysize_test[dec_bytes]: vs_none=0.894 (+10.6%)  vs_oz=0.921 (+7.9%)  vs_o3=0.804 (+19.6%)

最优轮次 Top-5 binarysize_test 序列面板（primary=stripped_file_bytes）:
  #1: len=34, syn_rate=0.45
     stripped_file_bytes: obj=1.0024, mean=0.9994, worsen=2.00%, vs_none=0.995 (+0.5%)  vs_oz=0.999 (+0.1%)  vs_o3=0.995 (+0.5%)
     text_bytes: obj=0.9110, mean=0.8990, worsen=8.00%, vs_none=0.871 (+12.9%)  vs_oz=0.899 (+10.1%)  vs_o3=0.753 (+24.7%)
     data_bytes: obj=0.9990, mean=0.9930, worsen=4.00%, vs_none=0.984 (+1.6%)  vs_oz=0.993 (+0.7%)  vs_o3=0.988 (+1.2%)
     bss_bytes: obj=1.0000, mean=1.0000, worsen=0.00%, vs_none=1.000 (+0.0%)  vs_oz=1.000 (+0.0%)  vs_o3=1.000 (+0.0%)
     dec_bytes: obj=0.9316, mean=0.9196, worsen=8.00%, vs_none=0.892 (+10.8%)  vs_oz=0.920 (+8.0%)  vs_o3=0.802 (+19.8%)
  #2: len=34, syn_rate=0.43
     stripped_file_bytes: obj=1.0024, mean=0.9994, worsen=2.00%, vs_none=0.995 (+0.5%)  vs_oz=0.999 (+0.1%)  vs_o3=0.995 (+0.5%)
     text_bytes: obj=0.9110, mean=0.8990, worsen=8.00%, vs_none=0.871 (+12.9%)  vs_oz=0.899 (+10.1%)  vs_o3=0.753 (+24.7%)
     data_bytes: obj=0.9990, mean=0.9930, worsen=4.00%, vs_none=0.984 (+1.6%)  vs_oz=0.993 (+0.7%)  vs_o3=0.988 (+1.2%)
     bss_bytes: obj=1.0000, mean=1.0000, worsen=0.00%, vs_none=1.000 (+0.0%)  vs_oz=1.000 (+0.0%)  vs_o3=1.000 (+0.0%)
     dec_bytes: obj=0.9316, mean=0.9196, worsen=8.00%, vs_none=0.892 (+10.8%)  vs_oz=0.920 (+8.0%)  vs_o3=0.802 (+19.8%)
  #3: len=37, syn_rate=0.43
     stripped_file_bytes: obj=1.0024, mean=0.9994, worsen=2.00%, vs_none=0.995 (+0.5%)  vs_oz=0.999 (+0.1%)  vs_o3=0.995 (+0.5%)
     text_bytes: obj=0.9110, mean=0.8990, worsen=8.00%, vs_none=0.871 (+12.9%)  vs_oz=0.899 (+10.1%)  vs_o3=0.753 (+24.7%)
     data_bytes: obj=0.9990, mean=0.9930, worsen=4.00%, vs_none=0.984 (+1.6%)  vs_oz=0.993 (+0.7%)  vs_o3=0.988 (+1.2%)
     bss_bytes: obj=1.0000, mean=1.0000, worsen=0.00%, vs_none=1.000 (+0.0%)  vs_oz=1.000 (+0.0%)  vs_o3=1.000 (+0.0%)
     dec_bytes: obj=0.9316, mean=0.9196, worsen=8.00%, vs_none=0.892 (+10.8%)  vs_oz=0.920 (+8.0%)  vs_o3=0.802 (+19.8%)
  #4: len=36, syn_rate=0.44
     stripped_file_bytes: obj=1.0025, mean=0.9995, worsen=2.00%, vs_none=0.995 (+0.5%)  vs_oz=0.999 (+0.1%)  vs_o3=0.995 (+0.5%)
     text_bytes: obj=0.9110, mean=0.9020, worsen=6.00%, vs_none=0.874 (+12.6%)  vs_oz=0.902 (+9.8%)  vs_o3=0.756 (+24.4%)
     data_bytes: obj=1.0001, mean=0.9941, worsen=4.00%, vs_none=0.985 (+1.5%)  vs_oz=0.994 (+0.6%)  vs_o3=0.989 (+1.1%)
     bss_bytes: obj=1.0000, mean=1.0000, worsen=0.00%, vs_none=1.000 (+0.0%)  vs_oz=1.000 (+0.0%)  vs_o3=1.000 (+0.0%)
     dec_bytes: obj=0.9310, mean=0.9220, worsen=6.00%, vs_none=0.895 (+10.5%)  vs_oz=0.922 (+7.8%)  vs_o3=0.804 (+19.6%)
  #5: len=37, syn_rate=0.42
     stripped_file_bytes: obj=1.0024, mean=0.9994, worsen=2.00%, vs_none=0.995 (+0.5%)  vs_oz=0.999 (+0.1%)  vs_o3=0.995 (+0.5%)
     text_bytes: obj=0.9126, mean=0.9006, worsen=8.00%, vs_none=0.873 (+12.7%)  vs_oz=0.901 (+9.9%)  vs_o3=0.755 (+24.5%)
     data_bytes: obj=0.9990, mean=0.9930, worsen=4.00%, vs_none=0.984 (+1.6%)  vs_oz=0.993 (+0.7%)  vs_o3=0.988 (+1.2%)
     bss_bytes: obj=1.0000, mean=1.0000, worsen=0.00%, vs_none=1.000 (+0.0%)  vs_oz=1.000 (+0.0%)  vs_o3=1.000 (+0.0%)
     dec_bytes: obj=0.9327, mean=0.9207, worsen=8.00%, vs_none=0.894 (+10.6%)  vs_oz=0.921 (+7.9%)  vs_o3=0.803 (+19.7%)
结果已写入: /root/exp/RFunipassLab/results/instrcount/summaries/20260423_214113_355045_feature_lite_seed462.json
总运行时间: 1921.19 秒
