# run_id: 20260508_145253_618219_feature_lite_seed456
# name: feature_lite
# group: feature_ablation
# description: 切换到 Lite 特征编码，保留其余搜索流程不变。
# changed: FEATURE_MODE=lite, GA_GEN=5, GA_POP=200, ITERS=100, MAX_SEQ_LEN=120, MIN_VAL_PROGRAMS=5, SEED_TOPK=0, TEST_TOPK=50, TRAIN_TOPK=200, VAL_RATIO=0.5
# result_json: /root/exp/RFunipassLab/results/instrcount/summaries/20260508_145253_618219_feature_lite_seed456.json
# started_at: 2026-05-08T14:52:53
# control_env:
#   BACKEND_OPT_LEVEL=-O0
#   BINARY_SIZE_METRIC=stripped_file_bytes
#   BINARY_SIZE_REPORT_METRICS=text_bytes,data_bytes,bss_bytes,dec_bytes
#   DECAY=0.5
#   EXPERIMENT_SEED=456
#   FEATURE_MODE=lite
#   GA_ELITE=0.1
#   GA_GEN=5
#   GA_MUT=0.8
#   GA_POP=200
#   GA_TOUR=3
#   ITERS=100
#   LOOP_NESTING_POLICY=wrap
#   MAX_SEQ_LEN=120
#   MIN_VAL_PROGRAMS=5
#   OBJECTIVE_BASELINE=oz
#   OBJECTIVE_KIND=instrcount
#   OBJ_HIGHVAR_W=0.0
#   OBJ_WORSEN_W=0.50
#   OFFSET=20
#   PROGRAM_POOL_KIND=auto
#   RF_EXPLAIN_COUNTERFACTUAL_ENABLE=1
#   RF_EXPLAIN_COUNTERFACTUAL_MAX_EVALS=50
#   RF_EXPLAIN_COUNTERFACTUAL_SPLIT=selection
#   RF_EXPLAIN_COUNTERFACTUAL_TOPK=5
#   RF_EXPLAIN_ENABLE=0
#   RF_EXPLAIN_HOLDOUT_RATIO=0.3
#   RF_EXPLAIN_MIN_SAMPLES=20
#   RF_EXPLAIN_MODE=final
#   RF_EXPLAIN_PERM_REPEATS=10
#   RF_EXPLAIN_TOPK=20
#   RNUM=256
#   RUNS=1
#   RUNTIME_EVAL_MAX_VARIANCE_PCT=15.0
#   RUNTIME_MAX_INNER_REPEATS=64
#   RUNTIME_MAX_VARIANCE_PCT=10.0
#   RUNTIME_REQUIRED_ROWS=0
#   RUNTIME_SAMPLES=5
#   RUNTIME_TARGET_SAMPLE_MS=30.0
#   RUNTIME_TIMEOUT_SEC=2.0
#   SCALE=10
#   SEED_TOPK=0
#   SPLIT_SEED=456
#   TEST_TOPK=50
#   TRAIN_TOPK=200
#   VAL_RATIO=0.5

Loading train/test rows from: /root/exp/RFunipassLab/data/tuning_results.csv
Loaded train programs:       200
Loaded initial seed seqs:    86
Loaded test programs:        50
Objective kind:              instrcount
Program pool kind:           tuning

Loading synergy graph from: /root/exp/RFunipassLab/data/Step3_EnumeratedPairs.csv
All passes (19): ['module(elim-avail-extern)', 'module(globalopt)', 'cgscc(attributor-cgscc)', 'module(scc-oz-module-inliner)', 'function(mem2reg)', 'function(instsimplify)', 'module(iroutliner)', 'function(reassociate)', 'function(memcpyopt)', 'function(gvn-hoist)', 'function(dce)', 'function(jump-threading)', 'module(attributor)', 'function(dse)', 'function(newgvn)', 'function(gvn-sink)', 'module(inferattrs)', 'loop(loop-simplifycfg)', 'function(lower-switch)']
Synergy edges: 176
Self-loop passes: {'module(attributor)', 'cgscc(attributor-cgscc)', 'function(newgvn)'}

============================================================
实验轮次 1 / 1
============================================================
============================================================
目标类型:      instrcount
目标基准:      -Oz
基准指标:      -Oz 基准指令数
优化指标:      归一化指令数
输入程序数:    200
输入次优序列数: 86
测试程序数:    50
Pass 词表大小: 19
协同边数:      176
自环 pass 数:  3
序列长度上限:  120
Loop 合法化策略: wrap
实验种子:      456
划分种子:      456
特征模式:      lite
RF 特征维度:   31
词表: ['module(elim-avail-extern)', 'module(globalopt)', 'cgscc(attributor-cgscc)', 'module(scc-oz-module-inliner)', 'function(mem2reg)', 'function(instsimplify)', 'module(iroutliner)', 'function(reassociate)', 'function(memcpyopt)', 'function(gvn-hoist)', 'function(dce)', 'function(jump-threading)', 'module(attributor)', 'function(dse)', 'function(newgvn)', 'function(gvn-sink)', 'module(inferattrs)', 'loop(loop-simplifycfg)', 'function(lower-switch)']
多目标权重:    mean=1.0, worsen=0.5, highvar=0.0

[Step 1.5] 训练程序切分...
  search_train 程序数: 100
  validation 程序数:   100
  split_signature(search_train): 3ad90166bf9bd1af93680f15067615fd4f341481
  split_signature(validation):   bd5a000b3f740ace9576f4dfa0d99ceaf5cd6247
  split_signature(test):         42411d4d4c9d084430c688042fea453b6b352eea

[Step 2] 计算 search_train 程序 -Oz 基准指令数...
[Step 2b] 计算 validation 程序 -Oz 基准指令数...
[Step 2c] 计算测试集程序 -Oz 基准指令数...

[Step 3] 评估初始 seed 序列（共 86 条）...

[Step 4] 开始贝叶斯优化（100 轮）...
GA search time: 7.62s, candidates: 368
  [iter   1/100] search_obj=1.1280  search_best=0.8448  validation_best=0.8924  EI=0.0150  rnum=168.4  len=39  syn_rate=0.72  mean=1.0030  worsen=25.00%  highvar=0.00%
GA search time: 3.97s, candidates: 366
  [iter   2/100] search_obj=0.8872  search_best=0.8448  validation_best=0.8924  EI=0.0143  rnum=166.3  len=19  syn_rate=0.43  mean=0.8372  worsen=10.00%  highvar=0.00%
GA search time: 3.40s, candidates: 364
  [iter   3/100] search_obj=1.3318  search_best=0.8448  validation_best=0.8924  EI=0.0140  rnum=164.2  len=18  syn_rate=0.19  mean=1.0718  worsen=52.00%  highvar=0.00%
GA search time: 3.86s, candidates: 362
  [iter   4/100] search_obj=0.9387  search_best=0.8448  validation_best=0.8924  EI=0.0113  rnum=162.0  len=20  syn_rate=0.34  mean=0.8837  worsen=11.00%  highvar=0.00%
GA search time: 4.35s, candidates: 359
  [iter   5/100] search_obj=1.2204  search_best=0.8448  validation_best=0.8924  EI=0.0154  rnum=159.9  len=25  syn_rate=0.59  mean=1.0754  worsen=29.00%  highvar=0.00%
GA search time: 3.14s, candidates: 357
  [iter   6/100] search_obj=0.9425  search_best=0.8448  validation_best=0.8924  EI=0.0197  rnum=157.7  len=19  syn_rate=0.39  mean=0.8925  worsen=10.00%  highvar=0.00%
GA search time: 2.48s, candidates: 355
  [iter   7/100] search_obj=0.8357  search_best=0.8357  validation_best=0.8792  EI=0.0178  rnum=155.6  len=19  syn_rate=0.36  mean=0.7957  worsen=8.00%  highvar=0.00%
GA search time: 2.19s, candidates: 353
  [iter   8/100] search_obj=1.0031  search_best=0.8357  validation_best=0.8792  EI=0.0130  rnum=153.4  len=17  syn_rate=0.24  mean=0.9331  worsen=14.00%  highvar=0.00%
GA search time: 2.79s, candidates: 351
  [iter   9/100] search_obj=1.3829  search_best=0.8357  validation_best=0.8792  EI=0.0180  rnum=151.3  len=19  syn_rate=0.34  mean=1.1329  worsen=50.00%  highvar=0.00%
GA search time: 3.13s, candidates: 349
  [iter  10/100] search_obj=1.1488  search_best=0.8357  validation_best=0.8792  EI=0.0194  rnum=149.1  len=20  syn_rate=0.39  mean=1.0438  worsen=21.00%  highvar=0.00%
GA search time: 3.47s, candidates: 346
  [iter  11/100] search_obj=0.9899  search_best=0.8357  validation_best=0.8792  EI=0.0139  rnum=147.0  len=22  syn_rate=0.38  mean=0.9349  worsen=11.00%  highvar=0.00%
GA search time: 3.05s, candidates: 344
  [iter  12/100] search_obj=1.1485  search_best=0.8357  validation_best=0.8792  EI=0.0116  rnum=144.8  len=19  syn_rate=0.39  mean=1.0435  worsen=21.00%  highvar=0.00%
GA search time: 2.27s, candidates: 342
  [iter  13/100] search_obj=0.8448  search_best=0.8357  validation_best=0.8792  EI=0.0225  rnum=142.7  len=19  syn_rate=0.38  mean=0.7998  worsen=9.00%  highvar=0.00%
GA search time: 2.77s, candidates: 340
  [iter  14/100] search_obj=0.8448  search_best=0.8357  validation_best=0.8792  EI=0.0134  rnum=140.5  len=20  syn_rate=0.35  mean=0.7998  worsen=9.00%  highvar=0.00%
GA search time: 2.68s, candidates: 338
  [iter  15/100] search_obj=0.8470  search_best=0.8357  validation_best=0.8792  EI=0.0244  rnum=138.4  len=17  syn_rate=0.35  mean=0.8020  worsen=9.00%  highvar=0.00%
GA search time: 2.52s, candidates: 336
  [iter  16/100] search_obj=1.2461  search_best=0.8357  validation_best=0.8792  EI=0.0253  rnum=136.3  len=19  syn_rate=0.35  mean=1.0261  worsen=44.00%  highvar=0.00%
GA search time: 3.59s, candidates: 334
  [iter  17/100] search_obj=1.1390  search_best=0.8357  validation_best=0.8792  EI=0.0289  rnum=134.2  len=17  syn_rate=0.32  mean=1.0390  worsen=20.00%  highvar=0.00%
GA search time: 3.54s, candidates: 332
  [iter  18/100] search_obj=0.9623  search_best=0.8357  validation_best=0.8792  EI=0.0154  rnum=132.1  len=19  syn_rate=0.37  mean=0.9123  worsen=10.00%  highvar=0.00%
GA search time: 2.56s, candidates: 329
  [iter  19/100] search_obj=0.9494  search_best=0.8357  validation_best=0.8792  EI=0.0168  rnum=130.0  len=20  syn_rate=0.26  mean=0.9044  worsen=9.00%  highvar=0.00%
GA search time: 2.62s, candidates: 327
  [iter  20/100] search_obj=1.1460  search_best=0.8357  validation_best=0.8792  EI=0.0310  rnum=127.9  len=19  syn_rate=0.35  mean=1.0410  worsen=21.00%  highvar=0.00%
GA search time: 4.42s, candidates: 325
  [iter  21/100] search_obj=1.2303  search_best=0.8357  validation_best=0.8792  EI=0.0207  rnum=125.8  len=22  syn_rate=0.41  mean=0.9753  worsen=51.00%  highvar=0.00%
GA search time: 1.56s, candidates: 323
  [iter  22/100] search_obj=1.0937  search_best=0.8357  validation_best=0.8792  EI=0.0169  rnum=123.7  len=19  syn_rate=0.42  mean=0.9937  worsen=20.00%  highvar=0.00%
GA search time: 1.76s, candidates: 321
  [iter  23/100] search_obj=1.2284  search_best=0.8357  validation_best=0.8792  EI=0.0219  rnum=121.6  len=19  syn_rate=0.27  mean=0.9884  worsen=48.00%  highvar=0.00%
GA search time: 1.91s, candidates: 319
  [iter  24/100] search_obj=0.8385  search_best=0.8357  validation_best=0.8792  EI=0.0177  rnum=119.6  len=19  syn_rate=0.38  mean=0.7935  worsen=9.00%  highvar=0.00%
GA search time: 2.48s, candidates: 317
  [iter  25/100] search_obj=0.8385  search_best=0.8357  validation_best=0.8792  EI=0.0215  rnum=117.5  len=21  syn_rate=0.39  mean=0.7935  worsen=9.00%  highvar=0.00%
GA search time: 2.18s, candidates: 315
  [iter  26/100] search_obj=0.9469  search_best=0.8357  validation_best=0.8792  EI=0.0278  rnum=115.5  len=21  syn_rate=0.34  mean=0.8969  worsen=10.00%  highvar=0.00%
GA search time: 1.76s, candidates: 313
  [iter  27/100] search_obj=1.1391  search_best=0.8357  validation_best=0.8792  EI=0.0206  rnum=113.5  len=21  syn_rate=0.35  mean=1.0391  worsen=20.00%  highvar=0.00%
GA search time: 1.63s, candidates: 311
  [iter  28/100] search_obj=0.8793  search_best=0.8357  validation_best=0.8792  EI=0.0163  rnum=111.5  len=21  syn_rate=0.39  mean=0.8343  worsen=9.00%  highvar=0.00%
GA search time: 1.93s, candidates: 309
  [iter  29/100] search_obj=0.8470  search_best=0.8357  validation_best=0.8792  EI=0.0146  rnum=109.5  len=18  syn_rate=0.35  mean=0.8020  worsen=9.00%  highvar=0.00%
GA search time: 2.48s, candidates: 307
  [iter  30/100] search_obj=0.8379  search_best=0.8357  validation_best=0.8792  EI=0.0143  rnum=107.6  len=22  syn_rate=0.39  mean=0.7979  worsen=8.00%  highvar=0.00%
GA search time: 2.06s, candidates: 305
  [iter  31/100] search_obj=0.8470  search_best=0.8357  validation_best=0.8792  EI=0.0242  rnum=105.6  len=19  syn_rate=0.35  mean=0.8020  worsen=9.00%  highvar=0.00%
GA search time: 1.91s, candidates: 303
  [iter  32/100] search_obj=0.8449  search_best=0.8357  validation_best=0.8792  EI=0.0292  rnum=103.7  len=19  syn_rate=0.35  mean=0.7999  worsen=9.00%  highvar=0.00%
GA search time: 3.17s, candidates: 301
  [iter  33/100] search_obj=0.8463  search_best=0.8357  validation_best=0.8792  EI=0.0196  rnum=101.7  len=20  syn_rate=0.35  mean=0.8013  worsen=9.00%  highvar=0.00%
GA search time: 1.68s, candidates: 299
  [iter  34/100] search_obj=0.8470  search_best=0.8357  validation_best=0.8792  EI=0.0234  rnum=99.8  len=18  syn_rate=0.35  mean=0.8020  worsen=9.00%  highvar=0.00%
GA search time: 1.91s, candidates: 297
  [iter  35/100] search_obj=1.1489  search_best=0.8357  validation_best=0.8792  EI=0.0246  rnum=97.9  len=31  syn_rate=0.36  mean=1.0439  worsen=21.00%  highvar=0.00%
GA search time: 3.22s, candidates: 296
  [iter  36/100] search_obj=0.8261  search_best=0.8261  validation_best=0.8792  EI=0.0222  rnum=96.1  len=22  syn_rate=0.39  mean=0.7861  worsen=8.00%  highvar=0.00%
GA search time: 2.34s, candidates: 294
  [iter  37/100] search_obj=1.1842  search_best=0.8261  validation_best=0.8792  EI=0.0217  rnum=94.2  len=21  syn_rate=0.39  mean=0.9792  worsen=41.00%  highvar=0.00%
GA search time: 2.10s, candidates: 292
  [iter  38/100] search_obj=1.1488  search_best=0.8261  validation_best=0.8792  EI=0.0191  rnum=92.4  len=24  syn_rate=0.38  mean=1.0438  worsen=21.00%  highvar=0.00%
GA search time: 1.35s, candidates: 290
  [iter  39/100] search_obj=0.8471  search_best=0.8261  validation_best=0.8792  EI=0.0180  rnum=90.5  len=22  syn_rate=0.36  mean=0.8021  worsen=9.00%  highvar=0.00%
GA search time: 1.46s, candidates: 288
  [iter  40/100] search_obj=1.3079  search_best=0.8261  validation_best=0.8792  EI=0.0214  rnum=88.7  len=20  syn_rate=0.39  mean=1.0679  worsen=48.00%  highvar=0.00%
GA search time: 1.73s, candidates: 286
  [iter  41/100] search_obj=0.8343  search_best=0.8261  validation_best=0.8792  EI=0.0236  rnum=87.0  len=23  syn_rate=0.40  mean=0.7943  worsen=8.00%  highvar=0.00%
GA search time: 1.93s, candidates: 285
  [iter  42/100] search_obj=0.8633  search_best=0.8261  validation_best=0.8460  EI=0.0226  rnum=85.2  len=23  syn_rate=0.44  mean=0.8183  worsen=9.00%  highvar=0.00%
GA search time: 1.69s, candidates: 283
  [iter  43/100] search_obj=1.1972  search_best=0.8261  validation_best=0.8460  EI=0.0202  rnum=83.5  len=22  syn_rate=0.38  mean=0.9522  worsen=49.00%  highvar=0.00%
GA search time: 1.59s, candidates: 281
  [iter  44/100] search_obj=0.8280  search_best=0.8261  validation_best=0.8460  EI=0.0267  rnum=81.7  len=23  syn_rate=0.39  mean=0.7880  worsen=8.00%  highvar=0.00%
GA search time: 1.20s, candidates: 280
  [iter  45/100] search_obj=0.8470  search_best=0.8261  validation_best=0.8460  EI=0.0194  rnum=80.0  len=19  syn_rate=0.35  mean=0.8020  worsen=9.00%  highvar=0.00%
GA search time: 1.99s, candidates: 278
  [iter  46/100] search_obj=0.8874  search_best=0.8261  validation_best=0.8460  EI=0.0206  rnum=78.4  len=22  syn_rate=0.39  mean=0.8324  worsen=11.00%  highvar=0.00%
GA search time: 1.11s, candidates: 276
  [iter  47/100] search_obj=0.8471  search_best=0.8261  validation_best=0.8460  EI=0.0247  rnum=76.7  len=23  syn_rate=0.36  mean=0.8021  worsen=9.00%  highvar=0.00%
GA search time: 1.99s, candidates: 275
  [iter  48/100] search_obj=0.8437  search_best=0.8261  validation_best=0.8460  EI=0.0210  rnum=75.1  len=20  syn_rate=0.35  mean=0.7987  worsen=9.00%  highvar=0.00%
GA search time: 1.72s, candidates: 273
  [iter  49/100] search_obj=1.0477  search_best=0.8261  validation_best=0.8460  EI=0.0221  rnum=73.4  len=20  syn_rate=0.40  mean=0.9827  worsen=13.00%  highvar=0.00%
GA search time: 1.36s, candidates: 271
  [iter  50/100] search_obj=0.8485  search_best=0.8261  validation_best=0.8460  EI=0.0200  rnum=71.8  len=19  syn_rate=0.39  mean=0.8085  worsen=8.00%  highvar=0.00%
GA search time: 1.35s, candidates: 270
  [iter  51/100] search_obj=0.8327  search_best=0.8261  validation_best=0.8460  EI=0.0246  rnum=70.3  len=23  syn_rate=0.40  mean=0.7927  worsen=8.00%  highvar=0.00%
GA search time: 1.26s, candidates: 268
  [iter  52/100] search_obj=1.1339  search_best=0.8261  validation_best=0.8460  EI=0.0186  rnum=68.7  len=19  syn_rate=0.38  mean=1.0389  worsen=19.00%  highvar=0.00%
GA search time: 1.36s, candidates: 267
  [iter  53/100] search_obj=0.8470  search_best=0.8261  validation_best=0.8460  EI=0.0196  rnum=67.2  len=18  syn_rate=0.35  mean=0.8020  worsen=9.00%  highvar=0.00%
GA search time: 1.35s, candidates: 265
  [iter  54/100] search_obj=0.8327  search_best=0.8261  validation_best=0.8460  EI=0.0188  rnum=65.7  len=24  syn_rate=0.40  mean=0.7927  worsen=8.00%  highvar=0.00%
GA search time: 0.99s, candidates: 264
  [iter  55/100] search_obj=0.8343  search_best=0.8261  validation_best=0.8460  EI=0.0230  rnum=64.2  len=24  syn_rate=0.40  mean=0.7943  worsen=8.00%  highvar=0.00%
GA search time: 1.30s, candidates: 262
  [iter  56/100] search_obj=0.8470  search_best=0.8261  validation_best=0.8460  EI=0.0244  rnum=62.7  len=19  syn_rate=0.35  mean=0.8020  worsen=9.00%  highvar=0.00%
GA search time: 1.24s, candidates: 261
  [iter  57/100] search_obj=0.7911  search_best=0.7911  validation_best=0.8319  EI=0.0231  rnum=61.3  len=24  syn_rate=0.40  mean=0.7561  worsen=7.00%  highvar=0.00%
GA search time: 1.82s, candidates: 259
  [iter  58/100] search_obj=0.8415  search_best=0.7911  validation_best=0.8319  EI=0.0182  rnum=59.8  len=32  syn_rate=0.46  mean=0.8015  worsen=8.00%  highvar=0.00%
GA search time: 2.38s, candidates: 258
  [iter  59/100] search_obj=0.9374  search_best=0.7911  validation_best=0.8319  EI=0.0167  rnum=58.4  len=34  syn_rate=0.43  mean=0.8874  worsen=10.00%  highvar=0.00%
GA search time: 1.83s, candidates: 257
  [iter  60/100] search_obj=0.7773  search_best=0.7773  validation_best=0.8199  EI=0.0183  rnum=57.0  len=31  syn_rate=0.44  mean=0.7423  worsen=7.00%  highvar=0.00%
GA search time: 2.33s, candidates: 255
  [iter  61/100] search_obj=0.8284  search_best=0.7773  validation_best=0.8199  EI=0.0165  rnum=55.7  len=31  syn_rate=0.48  mean=0.7884  worsen=8.00%  highvar=0.00%
GA search time: 2.05s, candidates: 254
  [iter  62/100] search_obj=1.3547  search_best=0.7773  validation_best=0.8199  EI=0.0162  rnum=54.3  len=44  syn_rate=0.33  mean=1.0197  worsen=67.00%  highvar=0.00%
GA search time: 2.30s, candidates: 253
  [iter  63/100] search_obj=1.1338  search_best=0.7773  validation_best=0.8199  EI=0.0249  rnum=53.0  len=43  syn_rate=0.39  mean=1.0388  worsen=19.00%  highvar=0.00%
GA search time: 1.61s, candidates: 251
  [iter  64/100] search_obj=0.7768  search_best=0.7768  validation_best=0.8199  EI=0.0221  rnum=51.7  len=35  syn_rate=0.44  mean=0.7418  worsen=7.00%  highvar=0.00%
GA search time: 2.23s, candidates: 250
  [iter  65/100] search_obj=1.1339  search_best=0.7768  validation_best=0.8199  EI=0.0278  rnum=50.5  len=31  syn_rate=0.35  mean=1.0389  worsen=19.00%  highvar=0.00%
GA search time: 3.31s, candidates: 249
  [iter  66/100] search_obj=1.0582  search_best=0.7768  validation_best=0.8199  EI=0.0209  rnum=49.2  len=45  syn_rate=0.43  mean=0.9732  worsen=17.00%  highvar=0.00%
GA search time: 1.87s, candidates: 247
  [iter  67/100] search_obj=0.8466  search_best=0.7768  validation_best=0.8199  EI=0.0149  rnum=48.0  len=28  syn_rate=0.48  mean=0.8066  worsen=8.00%  highvar=0.00%
GA search time: 3.43s, candidates: 246
  [iter  68/100] search_obj=0.8282  search_best=0.7768  validation_best=0.8199  EI=0.0224  rnum=46.8  len=37  syn_rate=0.45  mean=0.7882  worsen=8.00%  highvar=0.00%
GA search time: 2.97s, candidates: 245
  [iter  69/100] search_obj=0.8280  search_best=0.7768  validation_best=0.8199  EI=0.0200  rnum=45.6  len=39  syn_rate=0.46  mean=0.7880  worsen=8.00%  highvar=0.00%
GA search time: 2.01s, candidates: 244
  [iter  70/100] search_obj=0.7790  search_best=0.7768  validation_best=0.8199  EI=0.0229  rnum=44.4  len=31  syn_rate=0.42  mean=0.7440  worsen=7.00%  highvar=0.00%
GA search time: 3.80s, candidates: 243
  [iter  71/100] search_obj=0.7773  search_best=0.7768  validation_best=0.8199  EI=0.0159  rnum=43.3  len=38  syn_rate=0.47  mean=0.7423  worsen=7.00%  highvar=0.00%
GA search time: 3.27s, candidates: 242
  [iter  72/100] search_obj=0.8162  search_best=0.7768  validation_best=0.8199  EI=0.0250  rnum=42.2  len=30  syn_rate=0.43  mean=0.7812  worsen=7.00%  highvar=0.00%
GA search time: 2.45s, candidates: 241
  [iter  73/100] search_obj=0.7773  search_best=0.7768  validation_best=0.8199  EI=0.0192  rnum=41.1  len=33  syn_rate=0.44  mean=0.7423  worsen=7.00%  highvar=0.00%
GA search time: 3.61s, candidates: 239
  [iter  74/100] search_obj=0.8291  search_best=0.7768  validation_best=0.8199  EI=0.0194  rnum=40.0  len=31  syn_rate=0.40  mean=0.7941  worsen=7.00%  highvar=0.00%
GA search time: 2.23s, candidates: 238
  [iter  75/100] search_obj=1.1339  search_best=0.7768  validation_best=0.8199  EI=0.0204  rnum=38.9  len=40  syn_rate=0.40  mean=1.0389  worsen=19.00%  highvar=0.00%
GA search time: 1.45s, candidates: 237
  [iter  76/100] search_obj=1.4787  search_best=0.7768  validation_best=0.8199  EI=0.0196  rnum=37.9  len=35  syn_rate=0.54  mean=1.0837  worsen=79.00%  highvar=0.00%
GA search time: 1.55s, candidates: 236
  [iter  77/100] search_obj=0.7599  search_best=0.7599  validation_best=0.8033  EI=0.0278  rnum=36.9  len=39  syn_rate=0.51  mean=0.7249  worsen=7.00%  highvar=0.00%
GA search time: 3.00s, candidates: 235
  [iter  78/100] search_obj=1.1394  search_best=0.7599  validation_best=0.8033  EI=0.0244  rnum=35.9  len=38  syn_rate=0.60  mean=1.0394  worsen=20.00%  highvar=0.00%
GA search time: 4.15s, candidates: 234
  [iter  79/100] search_obj=0.9116  search_best=0.7599  validation_best=0.8033  EI=0.0198  rnum=34.9  len=38  syn_rate=0.53  mean=0.8666  worsen=9.00%  highvar=0.00%
GA search time: 2.94s, candidates: 233
  [iter  80/100] search_obj=0.8644  search_best=0.7599  validation_best=0.8033  EI=0.0165  rnum=33.9  len=28  syn_rate=0.48  mean=0.8244  worsen=8.00%  highvar=0.00%
GA search time: 3.58s, candidates: 233
  [iter  81/100] search_obj=0.7655  search_best=0.7599  validation_best=0.8033  EI=0.0188  rnum=33.0  len=32  syn_rate=0.45  mean=0.7355  worsen=6.00%  highvar=0.00%
GA search time: 2.36s, candidates: 232
  [iter  82/100] search_obj=1.1397  search_best=0.7599  validation_best=0.8033  EI=0.0214  rnum=32.1  len=32  syn_rate=0.39  mean=1.0397  worsen=20.00%  highvar=0.00%
GA search time: 1.96s, candidates: 231
  [iter  83/100] search_obj=0.8389  search_best=0.7599  validation_best=0.8033  EI=0.0246  rnum=31.2  len=32  syn_rate=0.45  mean=0.7989  worsen=8.00%  highvar=0.00%
GA search time: 1.79s, candidates: 230
  [iter  84/100] search_obj=0.7830  search_best=0.7599  validation_best=0.8033  EI=0.0199  rnum=30.3  len=38  syn_rate=0.53  mean=0.7530  worsen=6.00%  highvar=0.00%
GA search time: 1.75s, candidates: 229
  [iter  85/100] search_obj=1.1449  search_best=0.7599  validation_best=0.8033  EI=0.0212  rnum=29.5  len=35  syn_rate=0.50  mean=1.0399  worsen=21.00%  highvar=0.00%
GA search time: 1.62s, candidates: 228
  [iter  86/100] search_obj=0.8466  search_best=0.7599  validation_best=0.8033  EI=0.0280  rnum=28.6  len=39  syn_rate=0.69  mean=0.8066  worsen=8.00%  highvar=0.00%
GA search time: 1.88s, candidates: 227
  [iter  87/100] search_obj=0.8178  search_best=0.7599  validation_best=0.8033  EI=0.0252  rnum=27.8  len=31  syn_rate=0.49  mean=0.7728  worsen=9.00%  highvar=0.00%
GA search time: 1.78s, candidates: 226
  [iter  88/100] search_obj=0.8065  search_best=0.7599  validation_best=0.8033  EI=0.0260  rnum=27.0  len=36  syn_rate=0.48  mean=0.7715  worsen=7.00%  highvar=0.00%
GA search time: 1.75s, candidates: 226
  [iter  89/100] search_obj=1.0732  search_best=0.7599  validation_best=0.8033  EI=0.0228  rnum=26.2  len=38  syn_rate=0.53  mean=0.9782  worsen=19.00%  highvar=0.00%
GA search time: 1.16s, candidates: 225
  [iter  90/100] search_obj=1.3547  search_best=0.7599  validation_best=0.8033  EI=0.0261  rnum=25.4  len=35  syn_rate=0.46  mean=1.0197  worsen=67.00%  highvar=0.00%
GA search time: 1.60s, candidates: 224
  [iter  91/100] search_obj=1.0756  search_best=0.7599  validation_best=0.8033  EI=0.0176  rnum=24.7  len=33  syn_rate=0.49  mean=0.9806  worsen=19.00%  highvar=0.00%
GA search time: 2.17s, candidates: 223
  [iter  92/100] search_obj=0.7887  search_best=0.7599  validation_best=0.8033  EI=0.0158  rnum=24.0  len=41  syn_rate=0.55  mean=0.7537  worsen=7.00%  highvar=0.00%
GA search time: 1.48s, candidates: 223
  [iter  93/100] search_obj=0.8159  search_best=0.7599  validation_best=0.8033  EI=0.0145  rnum=23.3  len=34  syn_rate=0.53  mean=0.7809  worsen=7.00%  highvar=0.00%
GA search time: 2.19s, candidates: 222
  [iter  94/100] search_obj=0.7964  search_best=0.7599  validation_best=0.8033  EI=0.0228  rnum=22.6  len=42  syn_rate=0.55  mean=0.7614  worsen=7.00%  highvar=0.00%
GA search time: 1.53s, candidates: 221
  [iter  95/100] search_obj=1.2125  search_best=0.7599  validation_best=0.8033  EI=0.0148  rnum=21.9  len=42  syn_rate=0.53  mean=1.0475  worsen=33.00%  highvar=0.00%
GA search time: 1.67s, candidates: 221
  [iter  96/100] search_obj=0.9493  search_best=0.7599  validation_best=0.8033  EI=0.0203  rnum=21.2  len=45  syn_rate=0.58  mean=0.8993  worsen=10.00%  highvar=0.00%
GA search time: 1.38s, candidates: 220
  [iter  97/100] search_obj=0.9336  search_best=0.7599  validation_best=0.8033  EI=0.0198  rnum=20.6  len=41  syn_rate=0.53  mean=0.8886  worsen=9.00%  highvar=0.00%
GA search time: 1.15s, candidates: 219
  [iter  98/100] search_obj=1.1338  search_best=0.7599  validation_best=0.8033  EI=0.0177  rnum=19.9  len=32  syn_rate=0.40  mean=1.0388  worsen=19.00%  highvar=0.00%
GA search time: 1.19s, candidates: 219
  [iter  99/100] search_obj=0.8097  search_best=0.7599  validation_best=0.8033  EI=0.0149  rnum=19.3  len=42  syn_rate=0.45  mean=0.7797  worsen=6.00%  highvar=0.00%
GA search time: 1.58s, candidates: 218
  [iter 100/100] search_obj=1.0648  search_best=0.7599  validation_best=0.8033  EI=0.0171  rnum=18.7  len=42  syn_rate=0.57  mean=0.9248  worsen=28.00%  highvar=0.00%

[Step 5] 按 validation 选择最终通用序列...
  选择结果:
    search_train_obj=0.7599, search_train_mean=0.7249, search_train_worsen=7.00%, search_train_highvar=0.00%
    validation_obj=0.8033, validation_mean=0.7533, validation_worsen=10.00%, validation_highvar=0.00%

[Step 6] 在 validation 上执行消融后处理...

[Ablation-validation] 初始序列长度: 39, objective: 0.8033, mean_norm: 0.7533, worsen_rate: 10.00%
  移除 [38] module(scc-oz-module-inliner): objective 0.8033, mean_norm 0.7533, worsen_rate 10.00% (保留移除)
  移除 [37] function(dce): objective 0.8033, mean_norm 0.7533, worsen_rate 10.00% (保留移除)
  移除 [36] function(dce): objective 0.8037 > 0.8033 (恢复)
  移除 [35] module(attributor): objective 0.8037 > 0.8033 (恢复)
  移除 [34] module(iroutliner): objective 0.8033, mean_norm 0.7533, worsen_rate 10.00% (保留移除)
  移除 [33] function(dce): objective 0.8033, mean_norm 0.7533, worsen_rate 10.00% (保留移除)
  移除 [32] module(scc-oz-module-inliner): objective 0.8041 > 0.8033 (恢复)
  移除 [31] module(scc-oz-module-inliner): objective 0.8041 > 0.8033 (恢复)
  移除 [30] module(attributor): objective 0.8158 > 0.8033 (恢复)
  移除 [29] module(globalopt): objective 0.8033, mean_norm 0.7533, worsen_rate 10.00% (保留移除)
  移除 [28] module(iroutliner): objective 0.8033, mean_norm 0.7533, worsen_rate 10.00% (保留移除)
  移除 [27] function(gvn-sink): objective 0.8097 > 0.8033 (恢复)
  移除 [26] function(dce): objective 0.8033, mean_norm 0.7533, worsen_rate 10.00% (保留移除)
  移除 [25] function(instsimplify): objective 0.8033, mean_norm 0.7533, worsen_rate 10.00% (保留移除)
  移除 [24] module(scc-oz-module-inliner): objective 0.8162 > 0.8033 (恢复)
  移除 [23] module(attributor): objective 0.8263 > 0.8033 (恢复)
  移除 [22] function(gvn-hoist): objective 0.8037 > 0.8033 (恢复)
  移除 [21] function(newgvn): objective 0.8265 > 0.8033 (恢复)
  移除 [20] module(globalopt): objective 1.0537 > 0.8033 (恢复)
  移除 [19] function(instsimplify): objective 0.8026, mean_norm 0.7526, worsen_rate 10.00% (保留移除)
  移除 [18] function(gvn-sink): objective 0.8032 > 0.8026 (恢复)
  移除 [17] module(iroutliner): objective 0.8026, mean_norm 0.7526, worsen_rate 10.00% (保留移除)
  移除 [16] module(iroutliner): objective 0.8055 > 0.8026 (恢复)
  移除 [15] module(elim-avail-extern): objective 0.8026, mean_norm 0.7526, worsen_rate 10.00% (保留移除)
  移除 [14] function(dce): objective 0.8056 > 0.8026 (恢复)
  移除 [13] module(attributor): objective 0.8050 > 0.8026 (恢复)
  移除 [12] function(jump-threading): objective 0.8006, mean_norm 0.7506, worsen_rate 10.00% (保留移除)
  移除 [11] function(memcpyopt): objective 0.8006, mean_norm 0.7506, worsen_rate 10.00% (保留移除)
  移除 [10] function(dse): objective 0.8171 > 0.8006 (恢复)
  移除 [9] function(instsimplify): objective 0.8006, mean_norm 0.7506, worsen_rate 10.00% (保留移除)
  移除 [8] function(memcpyopt): objective 0.8006, mean_norm 0.7506, worsen_rate 10.00% (保留移除)
  移除 [7] function(gvn-hoist): objective 0.8006, mean_norm 0.7506, worsen_rate 10.00% (保留移除)
  移除 [6] module(attributor): objective 0.8050 > 0.8006 (恢复)
  移除 [5] function(gvn-hoist): objective 0.7965, mean_norm 0.7515, worsen_rate 9.00% (保留移除)
  移除 [4] function(instsimplify): objective 0.7965, mean_norm 0.7515, worsen_rate 9.00% (保留移除)
  移除 [3] module(iroutliner): objective 0.8112 > 0.7965 (恢复)
  移除 [2] module(elim-avail-extern): objective 1.2167 > 0.7965 (恢复)
  移除 [1] function(dce): objective 0.7965, mean_norm 0.7515, worsen_rate 9.00% (保留移除)
  移除 [0] module(attributor): objective 0.7991 > 0.7965 (恢复)
[Ablation-validation] 最终序列长度: 20, objective: 0.7965, mean_norm: 0.7515, worsen_rate: 9.00%, 移除了 19 个 pass
  消融有效: 39 → 20 passes, validation_objective: 0.8033 → 0.7965

最终通用 pass 序列（effective=20 个顶层 pass, raw=20 个 pass, syn_rate(raw)=0.25）:
  module(attributor) → module(elim-avail-extern) → module(iroutliner) → module(attributor) → function(dse) → module(attributor) → function(dce) → module(iroutliner) → function(gvn-sink) → module(globalopt) → function(newgvn) → function(gvn-hoist) → module(attributor) → module(scc-oz-module-inliner) → function(gvn-sink) → module(attributor) → module(scc-oz-module-inliner) → module(scc-oz-module-inliner) → module(attributor) → function(dce)
  search_train_obj=0.7917, search_train_mean=0.7517, search_train_worsen=8.00%, search_train_highvar=0.00%
  validation_obj=0.7965, validation_mean=0.7515, validation_worsen=9.00%, validation_highvar=0.00%
  test_obj=0.8205, test_mean=0.7405, test_worsen=16.00%, test_highvar=0.00%

Top-5 最佳序列（按 validation 多目标 objective 升序）:
  #1: validation_obj=0.8033, validation_mean=0.7533, validation_worsen=10.00%, validation_highvar=0.00%, train_obj=0.7599, train_mean=0.7249, train_highvar=0.00%, len=39, syn_rate=0.51, test_obj=0.8012, test_mean=0.7212, test_worsen=16.00%, test_highvar=0.00%
     module(attributor) → function(dce) → module(elim-avail-extern) → module(iroutliner) → function(instsimplify) → function(gvn-hoist) → module(attributor) → function(gvn-hoist) → function(memcpyopt) → function(instsimplify) → function(dse) → function(memcpyopt) → function(jump-threading) → module(attributor) → function(dce) → module(elim-avail-extern) → module(iroutliner) → module(iroutliner) → function(gvn-sink) → function(instsimplify) → module(globalopt) → function(newgvn) → function(gvn-hoist) → module(attributor) → module(scc-oz-module-inliner) → function(instsimplify) → function(dce) → function(gvn-sink) → module(iroutliner) → module(globalopt) → module(attributor) → module(scc-oz-module-inliner) → module(scc-oz-module-inliner) → function(dce) → module(iroutliner) → module(attributor) → function(dce) → function(dce) → module(scc-oz-module-inliner)
  #2: validation_obj=0.8121, validation_mean=0.7621, validation_worsen=10.00%, validation_highvar=0.00%, train_obj=0.7655, train_mean=0.7355, train_highvar=0.00%, len=32, syn_rate=0.45, test_obj=0.8235, test_mean=0.7435, test_worsen=16.00%, test_highvar=0.00%
     module(attributor) → function(dce) → module(elim-avail-extern) → module(inferattrs) → module(iroutliner) → function(instsimplify) → function(gvn-hoist) → module(attributor) → function(memcpyopt) → function(jump-threading) → module(attributor) → function(dce) → module(elim-avail-extern) → module(iroutliner) → module(iroutliner) → function(gvn-sink) → function(instsimplify) → module(globalopt) → function(newgvn) → function(gvn-hoist) → module(attributor) → module(scc-oz-module-inliner) → function(instsimplify) → function(dce) → function(gvn-sink) → module(globalopt) → module(attributor) → module(scc-oz-module-inliner) → module(scc-oz-module-inliner) → function(dce) → module(iroutliner) → function(dce)
  #3: validation_obj=0.8199, validation_mean=0.7699, validation_worsen=10.00%, validation_highvar=0.00%, train_obj=0.7773, train_mean=0.7423, train_highvar=0.00%, len=38, syn_rate=0.47, test_obj=0.8235, test_mean=0.7435, test_worsen=16.00%, test_highvar=0.00%
     module(attributor) → function(dce) → module(elim-avail-extern) → module(iroutliner) → function(instsimplify) → function(gvn-hoist) → module(attributor) → function(memcpyopt) → function(jump-threading) → module(attributor) → function(dce) → module(elim-avail-extern) → module(iroutliner) → module(iroutliner) → function(gvn-sink) → function(instsimplify) → module(globalopt) → function(newgvn) → function(gvn-hoist) → module(attributor) → module(scc-oz-module-inliner) → function(gvn-sink) → function(memcpyopt) → function(gvn-hoist) → function(gvn-hoist) → function(gvn-hoist) → module(globalopt) → module(globalopt) → function(instsimplify) → function(gvn-sink) → function(dce) → module(globalopt) → module(attributor) → module(scc-oz-module-inliner) → module(scc-oz-module-inliner) → function(dce) → module(iroutliner) → function(dce)
  #4: validation_obj=0.8199, validation_mean=0.7699, validation_worsen=10.00%, validation_highvar=0.00%, train_obj=0.7773, train_mean=0.7423, train_highvar=0.00%, len=31, syn_rate=0.44, test_obj=0.8235, test_mean=0.7435, test_worsen=16.00%, test_highvar=0.00%
     module(attributor) → function(dce) → module(elim-avail-extern) → module(iroutliner) → function(instsimplify) → function(gvn-hoist) → module(attributor) → function(memcpyopt) → function(jump-threading) → module(attributor) → function(dce) → module(elim-avail-extern) → module(iroutliner) → module(iroutliner) → function(gvn-sink) → function(instsimplify) → module(globalopt) → function(newgvn) → function(gvn-hoist) → module(attributor) → module(scc-oz-module-inliner) → function(instsimplify) → function(dce) → function(gvn-sink) → module(globalopt) → module(attributor) → module(scc-oz-module-inliner) → module(scc-oz-module-inliner) → function(dce) → module(iroutliner) → function(dce)
  #5: validation_obj=0.8199, validation_mean=0.7699, validation_worsen=10.00%, validation_highvar=0.00%, train_obj=0.7790, train_mean=0.7440, train_highvar=0.00%, len=31, syn_rate=0.42, test_obj=0.8235, test_mean=0.7435, test_worsen=16.00%, test_highvar=0.00%
     module(attributor) → function(dce) → module(elim-avail-extern) → module(iroutliner) → function(instsimplify) → function(gvn-hoist) → module(attributor) → function(memcpyopt) → function(jump-threading) → function(dce) → module(attributor) → function(dce) → module(elim-avail-extern) → module(iroutliner) → module(iroutliner) → function(gvn-sink) → function(instsimplify) → module(globalopt) → function(newgvn) → function(gvn-hoist) → module(attributor) → module(scc-oz-module-inliner) → function(instsimplify) → function(dce) → function(gvn-sink) → module(globalopt) → module(attributor) → module(scc-oz-module-inliner) → module(scc-oz-module-inliner) → function(dce) → function(dce)

============================================================
所有轮次中最优 validation objective: 0.7965
最优通用 pass 序列 (20 passes):
  module(attributor) → module(elim-avail-extern) → module(iroutliner) → module(attributor) → function(dse) → module(attributor) → function(dce) → module(iroutliner) → function(gvn-sink) → module(globalopt) → function(newgvn) → function(gvn-hoist) → module(attributor) → module(scc-oz-module-inliner) → function(gvn-sink) → module(attributor) → module(scc-oz-module-inliner) → module(scc-oz-module-inliner) → module(attributor) → function(dce)
  search_train_obj=0.7917, search_train_mean=0.7517, search_train_worsen=8.00%, search_train_highvar=0.00%
  validation_obj=0.7965, validation_mean=0.7515, validation_worsen=9.00%, validation_highvar=0.00%
  test_obj=0.8205, test_mean=0.7405, test_worsen=16.00%, test_highvar=0.00%

最优轮次 Top-5 序列（含测试集效果，按 validation objective 升序）:
  #1: validation_obj=0.8033, validation_mean=0.7533, validation_worsen=10.00%, validation_highvar=0.00%, train_obj=0.7599, train_mean=0.7249, train_highvar=0.00%, len=39, syn_rate=0.51, test_obj=0.8012, test_mean=0.7212, test_worsen=16.00%, test_highvar=0.00%
     module(attributor) → function(dce) → module(elim-avail-extern) → module(iroutliner) → function(instsimplify) → function(gvn-hoist) → module(attributor) → function(gvn-hoist) → function(memcpyopt) → function(instsimplify) → function(dse) → function(memcpyopt) → function(jump-threading) → module(attributor) → function(dce) → module(elim-avail-extern) → module(iroutliner) → module(iroutliner) → function(gvn-sink) → function(instsimplify) → module(globalopt) → function(newgvn) → function(gvn-hoist) → module(attributor) → module(scc-oz-module-inliner) → function(instsimplify) → function(dce) → function(gvn-sink) → module(iroutliner) → module(globalopt) → module(attributor) → module(scc-oz-module-inliner) → module(scc-oz-module-inliner) → function(dce) → module(iroutliner) → module(attributor) → function(dce) → function(dce) → module(scc-oz-module-inliner)
  #2: validation_obj=0.8121, validation_mean=0.7621, validation_worsen=10.00%, validation_highvar=0.00%, train_obj=0.7655, train_mean=0.7355, train_highvar=0.00%, len=32, syn_rate=0.45, test_obj=0.8235, test_mean=0.7435, test_worsen=16.00%, test_highvar=0.00%
     module(attributor) → function(dce) → module(elim-avail-extern) → module(inferattrs) → module(iroutliner) → function(instsimplify) → function(gvn-hoist) → module(attributor) → function(memcpyopt) → function(jump-threading) → module(attributor) → function(dce) → module(elim-avail-extern) → module(iroutliner) → module(iroutliner) → function(gvn-sink) → function(instsimplify) → module(globalopt) → function(newgvn) → function(gvn-hoist) → module(attributor) → module(scc-oz-module-inliner) → function(instsimplify) → function(dce) → function(gvn-sink) → module(globalopt) → module(attributor) → module(scc-oz-module-inliner) → module(scc-oz-module-inliner) → function(dce) → module(iroutliner) → function(dce)
  #3: validation_obj=0.8199, validation_mean=0.7699, validation_worsen=10.00%, validation_highvar=0.00%, train_obj=0.7773, train_mean=0.7423, train_highvar=0.00%, len=38, syn_rate=0.47, test_obj=0.8235, test_mean=0.7435, test_worsen=16.00%, test_highvar=0.00%
     module(attributor) → function(dce) → module(elim-avail-extern) → module(iroutliner) → function(instsimplify) → function(gvn-hoist) → module(attributor) → function(memcpyopt) → function(jump-threading) → module(attributor) → function(dce) → module(elim-avail-extern) → module(iroutliner) → module(iroutliner) → function(gvn-sink) → function(instsimplify) → module(globalopt) → function(newgvn) → function(gvn-hoist) → module(attributor) → module(scc-oz-module-inliner) → function(gvn-sink) → function(memcpyopt) → function(gvn-hoist) → function(gvn-hoist) → function(gvn-hoist) → module(globalopt) → module(globalopt) → function(instsimplify) → function(gvn-sink) → function(dce) → module(globalopt) → module(attributor) → module(scc-oz-module-inliner) → module(scc-oz-module-inliner) → function(dce) → module(iroutliner) → function(dce)
  #4: validation_obj=0.8199, validation_mean=0.7699, validation_worsen=10.00%, validation_highvar=0.00%, train_obj=0.7773, train_mean=0.7423, train_highvar=0.00%, len=31, syn_rate=0.44, test_obj=0.8235, test_mean=0.7435, test_worsen=16.00%, test_highvar=0.00%
     module(attributor) → function(dce) → module(elim-avail-extern) → module(iroutliner) → function(instsimplify) → function(gvn-hoist) → module(attributor) → function(memcpyopt) → function(jump-threading) → module(attributor) → function(dce) → module(elim-avail-extern) → module(iroutliner) → module(iroutliner) → function(gvn-sink) → function(instsimplify) → module(globalopt) → function(newgvn) → function(gvn-hoist) → module(attributor) → module(scc-oz-module-inliner) → function(instsimplify) → function(dce) → function(gvn-sink) → module(globalopt) → module(attributor) → module(scc-oz-module-inliner) → module(scc-oz-module-inliner) → function(dce) → module(iroutliner) → function(dce)
  #5: validation_obj=0.8199, validation_mean=0.7699, validation_worsen=10.00%, validation_highvar=0.00%, train_obj=0.7790, train_mean=0.7440, train_highvar=0.00%, len=31, syn_rate=0.42, test_obj=0.8235, test_mean=0.7435, test_worsen=16.00%, test_highvar=0.00%
     module(attributor) → function(dce) → module(elim-avail-extern) → module(iroutliner) → function(instsimplify) → function(gvn-hoist) → module(attributor) → function(memcpyopt) → function(jump-threading) → function(dce) → module(attributor) → function(dce) → module(elim-avail-extern) → module(iroutliner) → module(iroutliner) → function(gvn-sink) → function(instsimplify) → module(globalopt) → function(newgvn) → function(gvn-hoist) → module(attributor) → module(scc-oz-module-inliner) → function(instsimplify) → function(dce) → function(gvn-sink) → module(globalopt) → module(attributor) → module(scc-oz-module-inliner) → module(scc-oz-module-inliner) → function(dce) → function(dce)
binarysize_test: vs_none=0.995 (+0.5%)  vs_oz=1.000 (+0.0%)  vs_o3=0.982 (+1.8%) [metric=stripped_file_bytes]
binarysize_test[text_bytes]: vs_none=0.888 (+11.2%)  vs_oz=0.910 (+9.0%)  vs_o3=0.789 (+21.1%)
binarysize_test[data_bytes]: vs_none=0.986 (+1.4%)  vs_oz=0.994 (+0.6%)  vs_o3=0.988 (+1.2%)
binarysize_test[bss_bytes]: vs_none=1.000 (+0.0%)  vs_oz=1.000 (+0.0%)  vs_o3=1.000 (+0.0%)
binarysize_test[dec_bytes]: vs_none=0.906 (+9.4%)  vs_oz=0.930 (+7.0%)  vs_o3=0.836 (+16.4%)

最优轮次 Top-5 binarysize_test 序列面板（primary=stripped_file_bytes）:
  #1: len=39, syn_rate=0.51
     stripped_file_bytes: obj=1.0396, mean=0.9996, worsen=8.00%, vs_none=0.995 (+0.5%)  vs_oz=1.000 (+0.0%)  vs_o3=0.981 (+1.9%)
     text_bytes: obj=1.0080, mean=0.8980, worsen=22.00%, vs_none=0.876 (+12.4%)  vs_oz=0.898 (+10.2%)  vs_o3=0.781 (+21.9%)
     data_bytes: obj=1.0338, mean=0.9938, worsen=8.00%, vs_none=0.986 (+1.4%)  vs_oz=0.994 (+0.6%)  vs_o3=0.988 (+1.2%)
     bss_bytes: obj=1.0000, mean=1.0000, worsen=0.00%, vs_none=1.000 (+0.0%)  vs_oz=1.000 (+0.0%)  vs_o3=1.000 (+0.0%)
     dec_bytes: obj=1.0296, mean=0.9196, worsen=22.00%, vs_none=0.896 (+10.4%)  vs_oz=0.920 (+8.0%)  vs_o3=0.829 (+17.1%)
  #2: len=32, syn_rate=0.45
     stripped_file_bytes: obj=1.0396, mean=0.9996, worsen=8.00%, vs_none=0.995 (+0.5%)  vs_oz=1.000 (+0.0%)  vs_o3=0.982 (+1.8%)
     text_bytes: obj=1.0203, mean=0.9103, worsen=22.00%, vs_none=0.888 (+11.2%)  vs_oz=0.910 (+9.0%)  vs_o3=0.791 (+20.9%)
     data_bytes: obj=1.0348, mean=0.9948, worsen=8.00%, vs_none=0.987 (+1.3%)  vs_oz=0.995 (+0.5%)  vs_o3=0.989 (+1.1%)
     bss_bytes: obj=1.0000, mean=1.0000, worsen=0.00%, vs_none=1.000 (+0.0%)  vs_oz=1.000 (+0.0%)  vs_o3=1.000 (+0.0%)
     dec_bytes: obj=1.0396, mean=0.9296, worsen=22.00%, vs_none=0.906 (+9.4%)  vs_oz=0.930 (+7.0%)  vs_o3=0.837 (+16.3%)
  #3: len=38, syn_rate=0.47
     stripped_file_bytes: obj=1.0396, mean=0.9996, worsen=8.00%, vs_none=0.995 (+0.5%)  vs_oz=1.000 (+0.0%)  vs_o3=0.982 (+1.8%)
     text_bytes: obj=1.0203, mean=0.9103, worsen=22.00%, vs_none=0.888 (+11.2%)  vs_oz=0.910 (+9.0%)  vs_o3=0.791 (+20.9%)
     data_bytes: obj=1.0348, mean=0.9948, worsen=8.00%, vs_none=0.987 (+1.3%)  vs_oz=0.995 (+0.5%)  vs_o3=0.989 (+1.1%)
     bss_bytes: obj=1.0000, mean=1.0000, worsen=0.00%, vs_none=1.000 (+0.0%)  vs_oz=1.000 (+0.0%)  vs_o3=1.000 (+0.0%)
     dec_bytes: obj=1.0396, mean=0.9296, worsen=22.00%, vs_none=0.906 (+9.4%)  vs_oz=0.930 (+7.0%)  vs_o3=0.837 (+16.3%)
  #4: len=31, syn_rate=0.44
     stripped_file_bytes: obj=1.0396, mean=0.9996, worsen=8.00%, vs_none=0.995 (+0.5%)  vs_oz=1.000 (+0.0%)  vs_o3=0.982 (+1.8%)
     text_bytes: obj=1.0203, mean=0.9103, worsen=22.00%, vs_none=0.888 (+11.2%)  vs_oz=0.910 (+9.0%)  vs_o3=0.791 (+20.9%)
     data_bytes: obj=1.0348, mean=0.9948, worsen=8.00%, vs_none=0.987 (+1.3%)  vs_oz=0.995 (+0.5%)  vs_o3=0.989 (+1.1%)
     bss_bytes: obj=1.0000, mean=1.0000, worsen=0.00%, vs_none=1.000 (+0.0%)  vs_oz=1.000 (+0.0%)  vs_o3=1.000 (+0.0%)
     dec_bytes: obj=1.0396, mean=0.9296, worsen=22.00%, vs_none=0.906 (+9.4%)  vs_oz=0.930 (+7.0%)  vs_o3=0.837 (+16.3%)
  #5: len=31, syn_rate=0.42
     stripped_file_bytes: obj=1.0396, mean=0.9996, worsen=8.00%, vs_none=0.995 (+0.5%)  vs_oz=1.000 (+0.0%)  vs_o3=0.982 (+1.8%)
     text_bytes: obj=1.0203, mean=0.9103, worsen=22.00%, vs_none=0.888 (+11.2%)  vs_oz=0.910 (+9.0%)  vs_o3=0.791 (+20.9%)
     data_bytes: obj=1.0348, mean=0.9948, worsen=8.00%, vs_none=0.987 (+1.3%)  vs_oz=0.995 (+0.5%)  vs_o3=0.989 (+1.1%)
     bss_bytes: obj=1.0000, mean=1.0000, worsen=0.00%, vs_none=1.000 (+0.0%)  vs_oz=1.000 (+0.0%)  vs_o3=1.000 (+0.0%)
     dec_bytes: obj=1.0396, mean=0.9296, worsen=22.00%, vs_none=0.906 (+9.4%)  vs_oz=0.930 (+7.0%)  vs_o3=0.837 (+16.3%)
核心调优成本已写入: /root/exp/RFunipassLab/results/instrcount/summaries/20260508_145253_618219_feature_lite_seed456_core_tuning_cost.json
结果已写入: /root/exp/RFunipassLab/results/instrcount/summaries/20260508_145253_618219_feature_lite_seed456.json
总运行时间: 2029.91 秒
