# run_id: 20260505_030042_375448_feature_lite_seed457
# name: feature_lite
# group: feature_ablation
# description: 切换到 Lite 特征编码，保留其余搜索流程不变。
# changed: FEATURE_MODE=lite, GA_GEN=5, GA_POP=200, ITERS=100, MAX_SEQ_LEN=120, MIN_VAL_PROGRAMS=5, SEED_TOPK=0, TEST_TOPK=50, TRAIN_TOPK=200, VAL_RATIO=0.5
# result_json: /root/exp/RFunipassLab/results/instrcount/summaries/20260505_030042_375448_feature_lite_seed457.json
# started_at: 2026-05-05T03:00:42
# control_env:
#   BACKEND_OPT_LEVEL=-O0
#   BINARY_SIZE_METRIC=stripped_file_bytes
#   BINARY_SIZE_REPORT_METRICS=text_bytes,data_bytes,bss_bytes,dec_bytes
#   DECAY=0.5
#   EXPERIMENT_SEED=457
#   FEATURE_MODE=lite
#   GA_ELITE=0.1
#   GA_GEN=5
#   GA_MUT=0.8
#   GA_POP=200
#   GA_TOUR=3
#   ITERS=100
#   LOOP_NESTING_POLICY=wrap
#   MAX_SEQ_LEN=120
#   MIN_VAL_PROGRAMS=5
#   OBJECTIVE_BASELINE=oz
#   OBJECTIVE_KIND=instrcount
#   OBJ_HIGHVAR_W=0.0
#   OBJ_WORSEN_W=0.15
#   OFFSET=20
#   PROGRAM_POOL_KIND=auto
#   RF_EXPLAIN_COUNTERFACTUAL_ENABLE=1
#   RF_EXPLAIN_COUNTERFACTUAL_MAX_EVALS=20
#   RF_EXPLAIN_COUNTERFACTUAL_SPLIT=selection
#   RF_EXPLAIN_COUNTERFACTUAL_TOPK=5
#   RF_EXPLAIN_ENABLE=1
#   RF_EXPLAIN_HOLDOUT_RATIO=0.3
#   RF_EXPLAIN_MIN_SAMPLES=20
#   RF_EXPLAIN_MODE=final
#   RF_EXPLAIN_PERM_REPEATS=10
#   RF_EXPLAIN_TOPK=20
#   RNUM=256
#   RUNS=1
#   RUNTIME_EVAL_MAX_VARIANCE_PCT=15.0
#   RUNTIME_MAX_INNER_REPEATS=64
#   RUNTIME_MAX_VARIANCE_PCT=10.0
#   RUNTIME_REQUIRED_ROWS=0
#   RUNTIME_SAMPLES=5
#   RUNTIME_TARGET_SAMPLE_MS=30.0
#   RUNTIME_TIMEOUT_SEC=2.0
#   SCALE=10
#   SEED_TOPK=0
#   SPLIT_SEED=457
#   TEST_TOPK=50
#   TRAIN_TOPK=200
#   VAL_RATIO=0.5

Loading train/test rows from: /root/exp/RFunipassLab/data/tuning_results.csv
Loaded train programs:       200
Loaded initial seed seqs:    84
Loaded test programs:        50
Objective kind:              instrcount
Program pool kind:           tuning

Loading synergy graph from: /root/exp/RFunipassLab/data/Step3_EnumeratedPairs.csv
All passes (19): ['module(elim-avail-extern)', 'module(scc-oz-module-inliner)', 'module(iroutliner)', 'module(globalopt)', 'function(newgvn)', 'function(mem2reg)', 'function(instsimplify)', 'function(reassociate)', 'function(memcpyopt)', 'function(gvn-hoist)', 'function(dce)', 'function(jump-threading)', 'function(gvn-sink)', 'cgscc(attributor-cgscc)', 'function(dse)', 'module(attributor)', 'module(inferattrs)', 'loop(loop-simplifycfg)', 'function(lower-switch)']
Synergy edges: 176
Self-loop passes: {'function(newgvn)', 'module(attributor)', 'cgscc(attributor-cgscc)'}

============================================================
实验轮次 1 / 1
============================================================
============================================================
目标类型:      instrcount
目标基准:      -Oz
基准指标:      -Oz 基准指令数
优化指标:      归一化指令数
输入程序数:    200
输入次优序列数: 84
测试程序数:    50
Pass 词表大小: 19
协同边数:      176
自环 pass 数:  3
序列长度上限:  120
Loop 合法化策略: wrap
实验种子:      457
划分种子:      457
特征模式:      lite
RF 特征维度:   31
词表: ['module(elim-avail-extern)', 'module(scc-oz-module-inliner)', 'module(iroutliner)', 'module(globalopt)', 'function(newgvn)', 'function(mem2reg)', 'function(instsimplify)', 'function(reassociate)', 'function(memcpyopt)', 'function(gvn-hoist)', 'function(dce)', 'function(jump-threading)', 'function(gvn-sink)', 'cgscc(attributor-cgscc)', 'function(dse)', 'module(attributor)', 'module(inferattrs)', 'loop(loop-simplifycfg)', 'function(lower-switch)']
多目标权重:    mean=1.0, worsen=0.15, highvar=0.0

[Step 1.5] 训练程序切分...
  search_train 程序数: 100
  validation 程序数:   100
  split_signature(search_train): 8cdb16291f35559effd96f7e4420b86a084ca961
  split_signature(validation):   0e8d483fbecaf170dc55da4f941b09188bbf9bf2
  split_signature(test):         f68c78b484e63824ec49becfd7a5e2e2baf475d5

[Step 2] 计算 search_train 程序 -Oz 基准指令数...
[Step 2b] 计算 validation 程序 -Oz 基准指令数...
[Step 2c] 计算测试集程序 -Oz 基准指令数...

[Step 3] 评估初始 seed 序列（共 84 条）...

[Step 4] 开始贝叶斯优化（100 轮）...
GA search time: 9.99s, candidates: 372
  [iter   1/100] search_obj=0.8329  search_best=0.8116  validation_best=0.8595  EI=0.0112  rnum=172.7  len=12  syn_rate=0.15  mean=0.8149  worsen=12.00%  highvar=0.00%
GA search time: 11.15s, candidates: 370
  [iter   2/100] search_obj=0.8221  search_best=0.8116  validation_best=0.8595  EI=0.0169  rnum=170.6  len=23  syn_rate=0.29  mean=0.8071  worsen=10.00%  highvar=0.00%
GA search time: 10.23s, candidates: 368
  [iter   3/100] search_obj=0.8221  search_best=0.8116  validation_best=0.8595  EI=0.0191  rnum=168.4  len=32  syn_rate=0.29  mean=0.8071  worsen=10.00%  highvar=0.00%
GA search time: 7.63s, candidates: 366
  [iter   4/100] search_obj=1.0402  search_best=0.8116  validation_best=0.8595  EI=0.0216  rnum=166.3  len=25  syn_rate=0.24  mean=1.0057  worsen=23.00%  highvar=0.00%
GA search time: 6.52s, candidates: 364
  [iter   5/100] search_obj=0.9877  search_best=0.8116  validation_best=0.8595  EI=0.0164  rnum=164.2  len=31  syn_rate=0.29  mean=0.9532  worsen=23.00%  highvar=0.00%
GA search time: 10.56s, candidates: 362
  [iter   6/100] search_obj=1.0402  search_best=0.8116  validation_best=0.8595  EI=0.0149  rnum=162.0  len=32  syn_rate=0.24  mean=1.0057  worsen=23.00%  highvar=0.00%
GA search time: 6.92s, candidates: 359
  [iter   7/100] search_obj=0.8221  search_best=0.8116  validation_best=0.8595  EI=0.0137  rnum=159.9  len=33  syn_rate=0.29  mean=0.8071  worsen=10.00%  highvar=0.00%
GA search time: 6.16s, candidates: 357
  [iter   8/100] search_obj=0.8221  search_best=0.8116  validation_best=0.8595  EI=0.0135  rnum=157.7  len=29  syn_rate=0.30  mean=0.8071  worsen=10.00%  highvar=0.00%
GA search time: 6.60s, candidates: 355
  [iter   9/100] search_obj=0.9408  search_best=0.8116  validation_best=0.8595  EI=0.0130  rnum=155.6  len=26  syn_rate=0.28  mean=0.9153  worsen=17.00%  highvar=0.00%
GA search time: 4.24s, candidates: 353
  [iter  10/100] search_obj=0.8281  search_best=0.8116  validation_best=0.8595  EI=0.0122  rnum=153.4  len=33  syn_rate=0.36  mean=0.8116  worsen=11.00%  highvar=0.00%
GA search time: 5.22s, candidates: 351
  [iter  11/100] search_obj=0.8703  search_best=0.8116  validation_best=0.8595  EI=0.0134  rnum=151.3  len=43  syn_rate=0.32  mean=0.8493  worsen=14.00%  highvar=0.00%
GA search time: 6.17s, candidates: 349
  [iter  12/100] search_obj=0.8204  search_best=0.8116  validation_best=0.7983  EI=0.0128  rnum=149.1  len=40  syn_rate=0.43  mean=0.8039  worsen=11.00%  highvar=0.00%
GA search time: 9.34s, candidates: 346
  [iter  13/100] search_obj=0.8207  search_best=0.8116  validation_best=0.7906  EI=0.0148  rnum=147.0  len=43  syn_rate=0.46  mean=0.8042  worsen=11.00%  highvar=0.00%
GA search time: 7.56s, candidates: 344
  [iter  14/100] search_obj=0.8304  search_best=0.8116  validation_best=0.7906  EI=0.0166  rnum=144.8  len=42  syn_rate=0.45  mean=0.8109  worsen=13.00%  highvar=0.00%
GA search time: 10.09s, candidates: 342
  [iter  15/100] search_obj=1.0572  search_best=0.8116  validation_best=0.7906  EI=0.0140  rnum=142.7  len=32  syn_rate=0.30  mean=0.9747  worsen=55.00%  highvar=0.00%
GA search time: 9.78s, candidates: 340
  [iter  16/100] search_obj=0.8304  search_best=0.8116  validation_best=0.7906  EI=0.0136  rnum=140.5  len=45  syn_rate=0.47  mean=0.8109  worsen=13.00%  highvar=0.00%
GA search time: 12.30s, candidates: 338
  [iter  17/100] search_obj=1.1625  search_best=0.8116  validation_best=0.7906  EI=0.0153  rnum=138.4  len=42  syn_rate=0.40  mean=1.0395  worsen=82.00%  highvar=0.00%
GA search time: 10.62s, candidates: 336
  [iter  18/100] search_obj=0.9203  search_best=0.8116  validation_best=0.7906  EI=0.0228  rnum=136.3  len=51  syn_rate=0.49  mean=0.8618  worsen=39.00%  highvar=0.00%
GA search time: 6.61s, candidates: 334
  [iter  19/100] search_obj=0.9110  search_best=0.8116  validation_best=0.7906  EI=0.0168  rnum=134.2  len=29  syn_rate=0.42  mean=0.8780  worsen=22.00%  highvar=0.00%
GA search time: 10.53s, candidates: 332
  [iter  20/100] search_obj=1.0792  search_best=0.8116  validation_best=0.7906  EI=0.0207  rnum=132.1  len=42  syn_rate=0.37  mean=1.0312  worsen=32.00%  highvar=0.00%
GA search time: 4.77s, candidates: 329
  [iter  21/100] search_obj=0.8441  search_best=0.8116  validation_best=0.7906  EI=0.0161  rnum=130.0  len=38  syn_rate=0.40  mean=0.8261  worsen=12.00%  highvar=0.00%
GA search time: 4.33s, candidates: 327
  [iter  22/100] search_obj=0.9692  search_best=0.8116  validation_best=0.7906  EI=0.0144  rnum=127.9  len=40  syn_rate=0.42  mean=0.9482  worsen=14.00%  highvar=0.00%
GA search time: 6.42s, candidates: 325
  [iter  23/100] search_obj=0.8164  search_best=0.8116  validation_best=0.7906  EI=0.0155  rnum=125.8  len=37  syn_rate=0.43  mean=0.7999  worsen=11.00%  highvar=0.00%
GA search time: 10.46s, candidates: 323
  [iter  24/100] search_obj=1.0402  search_best=0.8116  validation_best=0.7906  EI=0.0162  rnum=123.7  len=34  syn_rate=0.31  mean=1.0057  worsen=23.00%  highvar=0.00%
GA search time: 7.30s, candidates: 321
  [iter  25/100] search_obj=1.2073  search_best=0.8116  validation_best=0.7906  EI=0.0180  rnum=121.6  len=61  syn_rate=0.45  mean=1.0768  worsen=87.00%  highvar=0.00%
GA search time: 10.43s, candidates: 319
  [iter  26/100] search_obj=1.2526  search_best=0.8116  validation_best=0.7906  EI=0.0217  rnum=119.6  len=79  syn_rate=0.42  mean=1.1356  worsen=78.00%  highvar=0.00%
GA search time: 5.62s, candidates: 317
  [iter  27/100] search_obj=1.1920  search_best=0.8116  validation_best=0.7906  EI=0.0208  rnum=117.5  len=43  syn_rate=0.40  mean=1.0690  worsen=82.00%  highvar=0.00%
GA search time: 4.87s, candidates: 315
  [iter  28/100] search_obj=0.8267  search_best=0.8116  validation_best=0.7906  EI=0.0222  rnum=115.5  len=52  syn_rate=0.47  mean=0.8102  worsen=11.00%  highvar=0.00%
GA search time: 6.42s, candidates: 313
  [iter  29/100] search_obj=0.8164  search_best=0.8116  validation_best=0.7906  EI=0.0251  rnum=113.5  len=39  syn_rate=0.43  mean=0.7999  worsen=11.00%  highvar=0.00%
GA search time: 5.37s, candidates: 311
  [iter  30/100] search_obj=0.8164  search_best=0.8116  validation_best=0.7906  EI=0.0244  rnum=111.5  len=42  syn_rate=0.43  mean=0.7999  worsen=11.00%  highvar=0.00%
GA search time: 6.47s, candidates: 309
  [iter  31/100] search_obj=1.1979  search_best=0.8116  validation_best=0.7906  EI=0.0236  rnum=109.5  len=39  syn_rate=0.41  mean=1.0734  worsen=83.00%  highvar=0.00%
GA search time: 5.14s, candidates: 307
  [iter  32/100] search_obj=0.8139  search_best=0.8116  validation_best=0.7906  EI=0.0233  rnum=107.6  len=55  syn_rate=0.48  mean=0.7974  worsen=11.00%  highvar=0.00%
GA search time: 7.63s, candidates: 305
  [iter  33/100] search_obj=0.8139  search_best=0.8116  validation_best=0.7906  EI=0.0289  rnum=105.6  len=57  syn_rate=0.48  mean=0.7974  worsen=11.00%  highvar=0.00%
GA search time: 7.18s, candidates: 303
  [iter  34/100] search_obj=0.8092  search_best=0.8092  validation_best=0.7906  EI=0.0317  rnum=103.7  len=56  syn_rate=0.44  mean=0.7927  worsen=11.00%  highvar=0.00%
GA search time: 7.94s, candidates: 301
  [iter  35/100] search_obj=0.8094  search_best=0.8092  validation_best=0.7906  EI=0.0321  rnum=101.7  len=60  syn_rate=0.46  mean=0.7929  worsen=11.00%  highvar=0.00%
GA search time: 10.95s, candidates: 299
  [iter  36/100] search_obj=0.8356  search_best=0.8092  validation_best=0.7906  EI=0.0260  rnum=99.8  len=73  syn_rate=0.47  mean=0.8161  worsen=13.00%  highvar=0.00%
GA search time: 11.31s, candidates: 297
  [iter  37/100] search_obj=1.1623  search_best=0.8092  validation_best=0.7906  EI=0.0298  rnum=97.9  len=78  syn_rate=0.48  mean=1.0393  worsen=82.00%  highvar=0.00%
GA search time: 8.66s, candidates: 296
  [iter  38/100] search_obj=1.2049  search_best=0.8092  validation_best=0.7906  EI=0.0281  rnum=96.1  len=62  syn_rate=0.45  mean=1.0774  worsen=85.00%  highvar=0.00%
GA search time: 4.58s, candidates: 294
  [iter  39/100] search_obj=0.8164  search_best=0.8092  validation_best=0.7906  EI=0.0281  rnum=94.2  len=40  syn_rate=0.43  mean=0.7999  worsen=11.00%  highvar=0.00%
GA search time: 5.54s, candidates: 292
  [iter  40/100] search_obj=0.8092  search_best=0.8092  validation_best=0.7906  EI=0.0271  rnum=92.4  len=60  syn_rate=0.49  mean=0.7927  worsen=11.00%  highvar=0.00%
GA search time: 6.40s, candidates: 290
  [iter  41/100] search_obj=1.2099  search_best=0.8092  validation_best=0.7906  EI=0.0254  rnum=90.5  len=54  syn_rate=0.48  mean=1.0794  worsen=87.00%  highvar=0.00%
GA search time: 5.61s, candidates: 288
  [iter  42/100] search_obj=0.8164  search_best=0.8092  validation_best=0.7906  EI=0.0275  rnum=88.7  len=43  syn_rate=0.43  mean=0.7999  worsen=11.00%  highvar=0.00%
GA search time: 8.65s, candidates: 286
  [iter  43/100] search_obj=0.8094  search_best=0.8092  validation_best=0.7906  EI=0.0292  rnum=87.0  len=60  syn_rate=0.48  mean=0.7929  worsen=11.00%  highvar=0.00%
GA search time: 8.19s, candidates: 285
  [iter  44/100] search_obj=1.2099  search_best=0.8092  validation_best=0.7906  EI=0.0277  rnum=85.2  len=49  syn_rate=0.44  mean=1.0794  worsen=87.00%  highvar=0.00%
GA search time: 6.86s, candidates: 283
  [iter  45/100] search_obj=1.2099  search_best=0.8092  validation_best=0.7906  EI=0.0279  rnum=83.5  len=54  syn_rate=0.45  mean=1.0794  worsen=87.00%  highvar=0.00%
GA search time: 5.45s, candidates: 281
  [iter  46/100] search_obj=1.1988  search_best=0.8092  validation_best=0.7906  EI=0.0273  rnum=81.7  len=48  syn_rate=0.53  mean=1.0728  worsen=84.00%  highvar=0.00%
GA search time: 6.37s, candidates: 280
  [iter  47/100] search_obj=0.8116  search_best=0.8092  validation_best=0.7906  EI=0.0290  rnum=80.0  len=59  syn_rate=0.62  mean=0.7951  worsen=11.00%  highvar=0.00%
GA search time: 6.47s, candidates: 278
  [iter  48/100] search_obj=0.8139  search_best=0.8092  validation_best=0.7906  EI=0.0304  rnum=78.4  len=59  syn_rate=0.48  mean=0.7974  worsen=11.00%  highvar=0.00%
GA search time: 6.83s, candidates: 276
  [iter  49/100] search_obj=0.8046  search_best=0.8046  validation_best=0.7906  EI=0.0288  rnum=76.7  len=59  syn_rate=0.52  mean=0.7866  worsen=12.00%  highvar=0.00%
GA search time: 8.11s, candidates: 275
  [iter  50/100] search_obj=1.1999  search_best=0.8046  validation_best=0.7906  EI=0.0269  rnum=75.1  len=60  syn_rate=0.43  mean=1.0739  worsen=84.00%  highvar=0.00%
GA search time: 8.11s, candidates: 273
  [iter  51/100] search_obj=1.2049  search_best=0.8046  validation_best=0.7906  EI=0.0271  rnum=73.4  len=58  syn_rate=0.42  mean=1.0774  worsen=85.00%  highvar=0.00%
GA search time: 7.37s, candidates: 271
  [iter  52/100] search_obj=0.8092  search_best=0.8046  validation_best=0.7906  EI=0.0286  rnum=71.8  len=60  syn_rate=0.44  mean=0.7927  worsen=11.00%  highvar=0.00%
GA search time: 9.52s, candidates: 270
  [iter  53/100] search_obj=0.8092  search_best=0.8046  validation_best=0.7906  EI=0.0292  rnum=70.3  len=56  syn_rate=0.45  mean=0.7927  worsen=11.00%  highvar=0.00%
GA search time: 6.76s, candidates: 268
  [iter  54/100] search_obj=0.8046  search_best=0.8046  validation_best=0.7906  EI=0.0302  rnum=68.7  len=59  syn_rate=0.52  mean=0.7866  worsen=12.00%  highvar=0.00%
GA search time: 7.38s, candidates: 267
  [iter  55/100] search_obj=0.8092  search_best=0.8046  validation_best=0.7906  EI=0.0296  rnum=67.2  len=57  syn_rate=0.44  mean=0.7927  worsen=11.00%  highvar=0.00%
GA search time: 10.06s, candidates: 265
  [iter  56/100] search_obj=1.1953  search_best=0.8046  validation_best=0.7906  EI=0.0309  rnum=65.7  len=60  syn_rate=0.44  mean=1.0708  worsen=83.00%  highvar=0.00%
GA search time: 10.92s, candidates: 264
  [iter  57/100] search_obj=0.8046  search_best=0.8046  validation_best=0.7906  EI=0.0296  rnum=64.2  len=60  syn_rate=0.52  mean=0.7866  worsen=12.00%  highvar=0.00%
GA search time: 8.61s, candidates: 262
  [iter  58/100] search_obj=0.8106  search_best=0.8046  validation_best=0.7906  EI=0.0282  rnum=62.7  len=59  syn_rate=0.51  mean=0.7926  worsen=12.00%  highvar=0.00%
GA search time: 11.21s, candidates: 261
  [iter  59/100] search_obj=1.2023  search_best=0.8046  validation_best=0.7906  EI=0.0298  rnum=61.3  len=58  syn_rate=0.47  mean=1.0748  worsen=85.00%  highvar=0.00%
GA search time: 11.50s, candidates: 259
  [iter  60/100] search_obj=0.8107  search_best=0.8046  validation_best=0.7906  EI=0.0301  rnum=59.8  len=62  syn_rate=0.55  mean=0.7897  worsen=14.00%  highvar=0.00%
GA search time: 13.73s, candidates: 258
  [iter  61/100] search_obj=0.8092  search_best=0.8046  validation_best=0.7906  EI=0.0298  rnum=58.4  len=60  syn_rate=0.49  mean=0.7927  worsen=11.00%  highvar=0.00%
GA search time: 12.74s, candidates: 257
  [iter  62/100] search_obj=0.8039  search_best=0.8039  validation_best=0.7906  EI=0.0294  rnum=57.0  len=67  syn_rate=0.56  mean=0.7859  worsen=12.00%  highvar=0.00%
GA search time: 13.87s, candidates: 255
  [iter  63/100] search_obj=0.8989  search_best=0.8039  validation_best=0.7906  EI=0.0305  rnum=55.7  len=120  syn_rate=0.69  mean=0.8674  worsen=21.00%  highvar=0.00%
GA search time: 10.61s, candidates: 254
  [iter  64/100] search_obj=0.8110  search_best=0.8039  validation_best=0.7906  EI=0.0295  rnum=54.3  len=63  syn_rate=0.55  mean=0.7900  worsen=14.00%  highvar=0.00%
GA search time: 10.67s, candidates: 253
  [iter  65/100] search_obj=0.8094  search_best=0.8039  validation_best=0.7906  EI=0.0294  rnum=53.0  len=62  syn_rate=0.46  mean=0.7929  worsen=11.00%  highvar=0.00%
GA search time: 9.34s, candidates: 251
  [iter  66/100] search_obj=0.8032  search_best=0.8032  validation_best=0.7906  EI=0.0292  rnum=51.7  len=62  syn_rate=0.45  mean=0.7867  worsen=11.00%  highvar=0.00%
GA search time: 11.56s, candidates: 250
  [iter  67/100] search_obj=0.8039  search_best=0.8032  validation_best=0.7906  EI=0.0303  rnum=50.5  len=70  syn_rate=0.56  mean=0.7859  worsen=12.00%  highvar=0.00%
GA search time: 9.38s, candidates: 249
  [iter  68/100] search_obj=0.8092  search_best=0.8032  validation_best=0.7906  EI=0.0288  rnum=49.2  len=75  syn_rate=0.44  mean=0.7927  worsen=11.00%  highvar=0.00%
GA search time: 10.49s, candidates: 247
  [iter  69/100] search_obj=0.8171  search_best=0.8032  validation_best=0.7906  EI=0.0298  rnum=48.0  len=73  syn_rate=0.54  mean=0.7946  worsen=15.00%  highvar=0.00%
GA search time: 11.97s, candidates: 246
  [iter  70/100] search_obj=0.8092  search_best=0.8032  validation_best=0.7906  EI=0.0304  rnum=46.8  len=77  syn_rate=0.45  mean=0.7927  worsen=11.00%  highvar=0.00%
GA search time: 12.90s, candidates: 245
  [iter  71/100] search_obj=0.7923  search_best=0.7923  validation_best=0.7906  EI=0.0301  rnum=45.6  len=80  syn_rate=0.56  mean=0.7743  worsen=12.00%  highvar=0.00%
GA search time: 13.02s, candidates: 244
  [iter  72/100] search_obj=0.8092  search_best=0.7923  validation_best=0.7906  EI=0.0305  rnum=44.4  len=81  syn_rate=0.57  mean=0.7912  worsen=12.00%  highvar=0.00%
GA search time: 12.43s, candidates: 243
  [iter  73/100] search_obj=0.7923  search_best=0.7923  validation_best=0.7906  EI=0.0275  rnum=43.3  len=87  syn_rate=0.56  mean=0.7743  worsen=12.00%  highvar=0.00%
GA search time: 12.38s, candidates: 242
  [iter  74/100] search_obj=0.8032  search_best=0.7923  validation_best=0.7906  EI=0.0289  rnum=42.2  len=99  syn_rate=0.46  mean=0.7867  worsen=11.00%  highvar=0.00%
GA search time: 13.45s, candidates: 241
  [iter  75/100] search_obj=0.8256  search_best=0.7923  validation_best=0.7906  EI=0.0288  rnum=41.1  len=65  syn_rate=0.48  mean=0.8046  worsen=14.00%  highvar=0.00%
GA search time: 11.98s, candidates: 239
  [iter  76/100] search_obj=0.9983  search_best=0.7923  validation_best=0.7906  EI=0.0261  rnum=40.0  len=91  syn_rate=0.64  mean=0.9548  worsen=29.00%  highvar=0.00%
GA search time: 9.97s, candidates: 238
  [iter  77/100] search_obj=1.1504  search_best=0.7923  validation_best=0.7906  EI=0.0267  rnum=38.9  len=81  syn_rate=0.43  mean=1.0484  worsen=68.00%  highvar=0.00%
GA search time: 10.96s, candidates: 237
  [iter  78/100] search_obj=0.8092  search_best=0.7923  validation_best=0.7906  EI=0.0262  rnum=37.9  len=58  syn_rate=0.44  mean=0.7927  worsen=11.00%  highvar=0.00%
GA search time: 10.80s, candidates: 236
  [iter  79/100] search_obj=0.8092  search_best=0.7923  validation_best=0.7906  EI=0.0260  rnum=36.9  len=57  syn_rate=0.44  mean=0.7927  worsen=11.00%  highvar=0.00%
GA search time: 10.35s, candidates: 235
  [iter  80/100] search_obj=0.8094  search_best=0.7923  validation_best=0.7906  EI=0.0265  rnum=35.9  len=88  syn_rate=0.47  mean=0.7929  worsen=11.00%  highvar=0.00%
GA search time: 11.02s, candidates: 234
  [iter  81/100] search_obj=0.7906  search_best=0.7906  validation_best=0.7906  EI=0.0243  rnum=34.9  len=64  syn_rate=0.58  mean=0.7726  worsen=12.00%  highvar=0.00%
GA search time: 9.70s, candidates: 233
  [iter  82/100] search_obj=0.8157  search_best=0.7906  validation_best=0.7906  EI=0.0277  rnum=33.9  len=71  syn_rate=0.56  mean=0.7947  worsen=14.00%  highvar=0.00%
GA search time: 9.92s, candidates: 233
  [iter  83/100] search_obj=0.7961  search_best=0.7906  validation_best=0.7906  EI=0.0264  rnum=33.0  len=87  syn_rate=0.60  mean=0.7781  worsen=12.00%  highvar=0.00%
GA search time: 8.19s, candidates: 232
  [iter  84/100] search_obj=0.8920  search_best=0.7906  validation_best=0.7906  EI=0.0267  rnum=32.1  len=72  syn_rate=0.60  mean=0.8365  worsen=37.00%  highvar=0.00%
GA search time: 8.42s, candidates: 231
  [iter  85/100] search_obj=0.8094  search_best=0.7906  validation_best=0.7906  EI=0.0255  rnum=31.2  len=62  syn_rate=0.48  mean=0.7929  worsen=11.00%  highvar=0.00%
GA search time: 8.62s, candidates: 230
  [iter  86/100] search_obj=0.8008  search_best=0.7906  validation_best=0.7906  EI=0.0289  rnum=30.3  len=80  syn_rate=0.56  mean=0.7828  worsen=12.00%  highvar=0.00%
GA search time: 8.30s, candidates: 229
  [iter  87/100] search_obj=0.8094  search_best=0.7906  validation_best=0.7906  EI=0.0273  rnum=29.5  len=80  syn_rate=0.46  mean=0.7929  worsen=11.00%  highvar=0.00%
GA search time: 8.93s, candidates: 228
  [iter  88/100] search_obj=1.1936  search_best=0.7906  validation_best=0.7906  EI=0.0252  rnum=28.6  len=62  syn_rate=0.50  mean=1.0691  worsen=83.00%  highvar=0.00%
GA search time: 10.17s, candidates: 227
  [iter  89/100] search_obj=1.0003  search_best=0.7906  validation_best=0.7906  EI=0.0263  rnum=27.8  len=62  syn_rate=0.57  mean=0.9568  worsen=29.00%  highvar=0.00%
GA search time: 8.20s, candidates: 226
  [iter  90/100] search_obj=0.8094  search_best=0.7906  validation_best=0.7906  EI=0.0266  rnum=27.0  len=84  syn_rate=0.54  mean=0.7929  worsen=11.00%  highvar=0.00%
GA search time: 11.01s, candidates: 226
  [iter  91/100] search_obj=1.1433  search_best=0.7906  validation_best=0.7906  EI=0.0270  rnum=26.2  len=66  syn_rate=0.49  mean=1.0428  worsen=67.00%  highvar=0.00%
GA search time: 10.76s, candidates: 225
  [iter  92/100] search_obj=0.8032  search_best=0.7906  validation_best=0.7906  EI=0.0244  rnum=25.4  len=61  syn_rate=0.48  mean=0.7867  worsen=11.00%  highvar=0.00%
GA search time: 8.81s, candidates: 224
  [iter  93/100] search_obj=0.8188  search_best=0.7906  validation_best=0.7906  EI=0.0255  rnum=24.7  len=82  syn_rate=0.50  mean=0.7993  worsen=13.00%  highvar=0.00%
GA search time: 9.80s, candidates: 223
  [iter  94/100] search_obj=0.8147  search_best=0.7906  validation_best=0.7906  EI=0.0259  rnum=24.0  len=63  syn_rate=0.44  mean=0.7982  worsen=11.00%  highvar=0.00%
GA search time: 8.61s, candidates: 223
  [iter  95/100] search_obj=0.8094  search_best=0.7906  validation_best=0.7906  EI=0.0251  rnum=23.3  len=62  syn_rate=0.48  mean=0.7929  worsen=11.00%  highvar=0.00%
GA search time: 8.65s, candidates: 222
  [iter  96/100] search_obj=0.8047  search_best=0.7906  validation_best=0.7906  EI=0.0256  rnum=22.6  len=60  syn_rate=0.52  mean=0.7867  worsen=12.00%  highvar=0.00%
GA search time: 9.13s, candidates: 221
  [iter  97/100] search_obj=0.8988  search_best=0.7906  validation_best=0.7906  EI=0.0246  rnum=21.9  len=71  syn_rate=0.45  mean=0.8718  worsen=18.00%  highvar=0.00%
GA search time: 8.56s, candidates: 221
  [iter  98/100] search_obj=0.8092  search_best=0.7906  validation_best=0.7906  EI=0.0246  rnum=21.2  len=66  syn_rate=0.49  mean=0.7927  worsen=11.00%  highvar=0.00%
GA search time: 8.92s, candidates: 220
  [iter  99/100] search_obj=1.2073  search_best=0.7906  validation_best=0.7906  EI=0.0242  rnum=20.6  len=57  syn_rate=0.44  mean=1.0768  worsen=87.00%  highvar=0.00%
GA search time: 9.51s, candidates: 219
  [iter 100/100] search_obj=0.8229  search_best=0.7906  validation_best=0.7906  EI=0.0240  rnum=19.9  len=63  syn_rate=0.50  mean=0.8064  worsen=11.00%  highvar=0.00%

[Step 5] 按 validation 选择最终通用序列...
  选择结果:
    search_train_obj=0.8207, search_train_mean=0.8042, search_train_worsen=11.00%, search_train_highvar=0.00%
    validation_obj=0.7906, validation_mean=0.7666, validation_worsen=16.00%, validation_highvar=0.00%

[Step 6] 在 validation 上执行消融后处理...

[Ablation-validation] 初始序列长度: 43, objective: 0.7906, mean_norm: 0.7666, worsen_rate: 16.00%
  移除 [42] function(mem2reg): objective 0.7906, mean_norm 0.7666, worsen_rate 16.00% (保留移除)
  移除 [41] module(scc-oz-module-inliner): objective 1.7858 > 0.7906 (恢复)
  移除 [40] module(inferattrs): objective 0.7906, mean_norm 0.7666, worsen_rate 16.00% (保留移除)
  移除 [39] function(instsimplify): objective 0.7906, mean_norm 0.7666, worsen_rate 16.00% (保留移除)
  移除 [38] loop(loop-simplifycfg): objective 0.7906, mean_norm 0.7666, worsen_rate 16.00% (保留移除)
  移除 [37] function(lower-switch): objective 0.7906, mean_norm 0.7666, worsen_rate 16.00% (保留移除)
  移除 [36] function(dce): objective 0.7906, mean_norm 0.7666, worsen_rate 16.00% (保留移除)
  移除 [35] function(reassociate): objective 0.7903, mean_norm 0.7663, worsen_rate 16.00% (保留移除)
  移除 [34] module(attributor): objective 0.8479 > 0.7903 (恢复)
  移除 [33] function(jump-threading): objective 0.7903, mean_norm 0.7663, worsen_rate 16.00% (保留移除)
  移除 [32] module(iroutliner): objective 0.7903, mean_norm 0.7663, worsen_rate 16.00% (保留移除)
  移除 [31] function(instsimplify): objective 0.7903, mean_norm 0.7663, worsen_rate 16.00% (保留移除)
  移除 [30] function(dce): objective 0.7903, mean_norm 0.7663, worsen_rate 16.00% (保留移除)
  移除 [29] module(elim-avail-extern): objective 0.7903, mean_norm 0.7663, worsen_rate 16.00% (保留移除)
  移除 [28] module(globalopt): objective 0.7903, mean_norm 0.7663, worsen_rate 16.00% (保留移除)
  移除 [27] function(dse): objective 0.8630 > 0.7903 (恢复)
  移除 [26] module(globalopt): objective 0.7903, mean_norm 0.7663, worsen_rate 16.00% (保留移除)
  移除 [25] function(memcpyopt): objective 0.7903, mean_norm 0.7663, worsen_rate 16.00% (保留移除)
  移除 [24] function(dce): objective 0.7903, mean_norm 0.7663, worsen_rate 16.00% (保留移除)
  移除 [23] module(elim-avail-extern): objective 0.7903, mean_norm 0.7663, worsen_rate 16.00% (保留移除)
  移除 [22] module(inferattrs): objective 0.7903, mean_norm 0.7663, worsen_rate 16.00% (保留移除)
  移除 [21] function(lower-switch): objective 0.7903, mean_norm 0.7663, worsen_rate 16.00% (保留移除)
  移除 [20] module(globalopt): objective 0.7903, mean_norm 0.7663, worsen_rate 16.00% (保留移除)
  移除 [19] function(dce): objective 0.7903, mean_norm 0.7663, worsen_rate 16.00% (保留移除)
  移除 [18] function(jump-threading): objective 0.7903, mean_norm 0.7663, worsen_rate 16.00% (保留移除)
  移除 [17] function(dce): objective 0.7903, mean_norm 0.7663, worsen_rate 16.00% (保留移除)
  移除 [16] module(inferattrs): objective 0.8022 > 0.7903 (恢复)
  移除 [15] module(iroutliner): objective 0.7924 > 0.7903 (恢复)
  移除 [14] function(instsimplify): objective 0.7903, mean_norm 0.7663, worsen_rate 16.00% (保留移除)
  移除 [13] function(memcpyopt): objective 0.7903, mean_norm 0.7663, worsen_rate 16.00% (保留移除)
  移除 [12] function(dce): objective 0.7903, mean_norm 0.7663, worsen_rate 16.00% (保留移除)
  移除 [11] module(elim-avail-extern): objective 0.7903, mean_norm 0.7663, worsen_rate 16.00% (保留移除)
  移除 [10] function(gvn-hoist): objective 0.8035 > 0.7903 (恢复)
  移除 [9] function(jump-threading): objective 0.8035 > 0.7903 (恢复)
  移除 [8] module(attributor): objective 0.7918 > 0.7903 (恢复)
  移除 [7] function(gvn-hoist): objective 0.7918 > 0.7903 (恢复)
  移除 [6] module(iroutliner): objective 0.7923 > 0.7903 (恢复)
  移除 [5] module(attributor): objective 0.7983 > 0.7903 (恢复)
  移除 [4] module(iroutliner): objective 0.7959 > 0.7903 (恢复)
  移除 [3] module(globalopt): objective 0.7903, mean_norm 0.7663, worsen_rate 16.00% (保留移除)
  移除 [2] function(gvn-sink): objective 0.7986 > 0.7903 (恢复)
  移除 [1] module(globalopt): objective 0.9280 > 0.7903 (恢复)
  移除 [0] module(elim-avail-extern): objective 1.0348 > 0.7903 (恢复)
[Ablation-validation] 最终序列长度: 15, objective: 0.7903, mean_norm: 0.7663, worsen_rate: 16.00%, 移除了 28 个 pass
  消融有效: 43 → 15 passes, validation_objective: 0.7906 → 0.7903

最终通用 pass 序列（effective=15 个顶层 pass, raw=15 个 pass, syn_rate(raw)=0.18）:
  module(elim-avail-extern) → module(globalopt) → function(gvn-sink) → module(iroutliner) → module(attributor) → module(iroutliner) → function(gvn-hoist) → module(attributor) → function(jump-threading) → function(gvn-hoist) → module(iroutliner) → module(inferattrs) → function(dse) → module(attributor) → module(scc-oz-module-inliner)
  search_train_obj=0.8160, search_train_mean=0.8010, search_train_worsen=10.00%, search_train_highvar=0.00%
  validation_obj=0.7903, validation_mean=0.7663, validation_worsen=16.00%, validation_highvar=0.00%
  test_obj=0.7945, test_mean=0.7795, test_worsen=10.00%, test_highvar=0.00%

Top-5 最佳序列（按 validation 多目标 objective 升序）:
  #1: validation_obj=0.7906, validation_mean=0.7666, validation_worsen=16.00%, validation_highvar=0.00%, train_obj=0.8207, train_mean=0.8042, train_highvar=0.00%, len=43, syn_rate=0.46, test_obj=0.8041, test_mean=0.7861, test_worsen=12.00%, test_highvar=0.00%
     module(elim-avail-extern) → module(globalopt) → function(gvn-sink) → module(globalopt) → module(iroutliner) → module(attributor) → module(iroutliner) → function(gvn-hoist) → module(attributor) → function(jump-threading) → function(gvn-hoist) → module(elim-avail-extern) → function(dce) → function(memcpyopt) → function(instsimplify) → module(iroutliner) → module(inferattrs) → function(dce) → function(jump-threading) → function(dce) → module(globalopt) → function(lower-switch) → module(inferattrs) → module(elim-avail-extern) → function(dce) → function(memcpyopt) → module(globalopt) → function(dse) → module(globalopt) → module(elim-avail-extern) → function(dce) → function(instsimplify) → module(iroutliner) → function(jump-threading) → module(attributor) → function(reassociate) → function(dce) → function(lower-switch) → function(loop(loop-simplifycfg)) → function(instsimplify) → module(inferattrs) → module(scc-oz-module-inliner) → function(mem2reg)
     raw: module(elim-avail-extern) → module(globalopt) → function(gvn-sink) → module(globalopt) → module(iroutliner) → module(attributor) → module(iroutliner) → function(gvn-hoist) → module(attributor) → function(jump-threading) → function(gvn-hoist) → module(elim-avail-extern) → function(dce) → function(memcpyopt) → function(instsimplify) → module(iroutliner) → module(inferattrs) → function(dce) → function(jump-threading) → function(dce) → module(globalopt) → function(lower-switch) → module(inferattrs) → module(elim-avail-extern) → function(dce) → function(memcpyopt) → module(globalopt) → function(dse) → module(globalopt) → module(elim-avail-extern) → function(dce) → function(instsimplify) → module(iroutliner) → function(jump-threading) → module(attributor) → function(reassociate) → function(dce) → function(lower-switch) → loop(loop-simplifycfg) → function(instsimplify) → module(inferattrs) → module(scc-oz-module-inliner) → function(mem2reg)
  #2: validation_obj=0.7983, validation_mean=0.7728, validation_worsen=17.00%, validation_highvar=0.00%, train_obj=0.8204, train_mean=0.8039, train_highvar=0.00%, len=40, syn_rate=0.43, test_obj=0.8223, test_mean=0.8013, test_worsen=14.00%, test_highvar=0.00%
     module(elim-avail-extern) → module(globalopt) → function(gvn-sink) → module(globalopt) → module(iroutliner) → function(gvn-hoist) → module(attributor) → function(jump-threading) → function(gvn-hoist) → module(elim-avail-extern) → function(dce) → function(memcpyopt) → function(instsimplify) → module(iroutliner) → module(inferattrs) → function(dce) → function(jump-threading) → function(dce) → module(globalopt) → function(lower-switch) → module(inferattrs) → module(elim-avail-extern) → function(dce) → function(memcpyopt) → module(globalopt) → function(dse) → module(globalopt) → module(elim-avail-extern) → function(dce) → function(instsimplify) → module(iroutliner) → function(jump-threading) → module(attributor) → function(dce) → function(lower-switch) → function(loop(loop-simplifycfg)) → function(instsimplify) → module(inferattrs) → module(scc-oz-module-inliner) → function(mem2reg)
     raw: module(elim-avail-extern) → module(globalopt) → function(gvn-sink) → module(globalopt) → module(iroutliner) → function(gvn-hoist) → module(attributor) → function(jump-threading) → function(gvn-hoist) → module(elim-avail-extern) → function(dce) → function(memcpyopt) → function(instsimplify) → module(iroutliner) → module(inferattrs) → function(dce) → function(jump-threading) → function(dce) → module(globalopt) → function(lower-switch) → module(inferattrs) → module(elim-avail-extern) → function(dce) → function(memcpyopt) → module(globalopt) → function(dse) → module(globalopt) → module(elim-avail-extern) → function(dce) → function(instsimplify) → module(iroutliner) → function(jump-threading) → module(attributor) → function(dce) → function(lower-switch) → loop(loop-simplifycfg) → function(instsimplify) → module(inferattrs) → module(scc-oz-module-inliner) → function(mem2reg)
  #3: validation_obj=0.8000, validation_mean=0.7760, validation_worsen=16.00%, validation_highvar=0.00%, train_obj=0.7906, train_mean=0.7726, train_highvar=0.00%, len=64, syn_rate=0.58, test_obj=0.7513, test_mean=0.7333, test_worsen=12.00%, test_highvar=0.00%
     function(gvn-hoist) → function(gvn-sink) → module(globalopt) → module(iroutliner) → function(gvn-sink) → module(elim-avail-extern) → module(attributor) → module(globalopt) → function(gvn-sink) → function(gvn-sink) → module(globalopt) → module(globalopt) → module(globalopt) → module(iroutliner) → module(inferattrs) → module(iroutliner) → module(inferattrs) → function(dce) → module(globalopt) → function(dse) → module(globalopt) → module(elim-avail-extern) → function(dce) → function(instsimplify) → module(iroutliner) → function(jump-threading) → function(dse) → module(globalopt) → module(elim-avail-extern) → module(globalopt) → module(elim-avail-extern) → module(globalopt) → function(dce) → function(instsimplify) → module(iroutliner) → function(jump-threading) → module(inferattrs) → function(reassociate) → function(dce) → function(lower-switch) → function(jump-threading) → function(jump-threading) → function(dse) → module(globalopt) → module(attributor) → function(reassociate) → function(instsimplify) → function(lower-switch) → function(jump-threading) → module(globalopt) → module(elim-avail-extern) → function(loop(loop-simplifycfg)) → function(memcpyopt) → module(iroutliner) → function(mem2reg) → module(scc-oz-module-inliner) → function(dce) → function(jump-threading) → function(gvn-hoist) → module(elim-avail-extern) → function(memcpyopt) → module(attributor) → module(scc-oz-module-inliner) → function(mem2reg)
     raw: function(gvn-hoist) → function(gvn-sink) → module(globalopt) → module(iroutliner) → function(gvn-sink) → module(elim-avail-extern) → module(attributor) → module(globalopt) → function(gvn-sink) → function(gvn-sink) → module(globalopt) → module(globalopt) → module(globalopt) → module(iroutliner) → module(inferattrs) → module(iroutliner) → module(inferattrs) → function(dce) → module(globalopt) → function(dse) → module(globalopt) → module(elim-avail-extern) → function(dce) → function(instsimplify) → module(iroutliner) → function(jump-threading) → function(dse) → module(globalopt) → module(elim-avail-extern) → module(globalopt) → module(elim-avail-extern) → module(globalopt) → function(dce) → function(instsimplify) → module(iroutliner) → function(jump-threading) → module(inferattrs) → function(reassociate) → function(dce) → function(lower-switch) → function(jump-threading) → function(jump-threading) → function(dse) → module(globalopt) → module(attributor) → function(reassociate) → function(instsimplify) → function(lower-switch) → function(jump-threading) → module(globalopt) → module(elim-avail-extern) → loop(loop-simplifycfg) → function(memcpyopt) → module(iroutliner) → function(mem2reg) → module(scc-oz-module-inliner) → function(dce) → function(jump-threading) → function(gvn-hoist) → module(elim-avail-extern) → function(memcpyopt) → module(attributor) → module(scc-oz-module-inliner) → function(mem2reg)
  #4: validation_obj=0.8001, validation_mean=0.7791, validation_worsen=14.00%, validation_highvar=0.00%, train_obj=0.7961, train_mean=0.7781, train_highvar=0.00%, len=87, syn_rate=0.60, test_obj=0.7451, test_mean=0.7271, test_worsen=12.00%, test_highvar=0.00%
     function(gvn-hoist) → function(gvn-sink) → module(globalopt) → module(iroutliner) → function(gvn-sink) → module(elim-avail-extern) → module(attributor) → module(globalopt) → function(gvn-sink) → function(gvn-sink) → module(globalopt) → module(globalopt) → module(globalopt) → module(iroutliner) → module(inferattrs) → module(iroutliner) → module(inferattrs) → function(dce) → module(globalopt) → function(dse) → module(globalopt) → module(elim-avail-extern) → function(memcpyopt) → function(dce) → function(instsimplify) → function(jump-threading) → function(dse) → module(globalopt) → module(elim-avail-extern) → module(globalopt) → module(elim-avail-extern) → module(globalopt) → module(attributor) → function(dce) → function(instsimplify) → function(reassociate) → function(dce) → function(lower-switch) → module(iroutliner) → module(elim-avail-extern) → function(jump-threading) → function(dse) → module(globalopt) → module(attributor) → function(reassociate) → function(dce) → function(lower-switch) → module(attributor) → function(reassociate) → module(elim-avail-extern) → function(dse) → function(gvn-sink) → module(globalopt) → module(elim-avail-extern) → function(dse) → function(dce) → function(reassociate) → module(globalopt) → function(gvn-sink) → module(globalopt) → module(elim-avail-extern) → module(attributor) → function(jump-threading) → function(mem2reg) → function(mem2reg) → function(reassociate) → module(scc-oz-module-inliner) → function(instsimplify) → function(dse) → function(jump-threading) → function(reassociate) → function(jump-threading) → module(globalopt) → module(elim-avail-extern) → function(loop(loop-simplifycfg)) → function(memcpyopt) → function(dse) → function(instsimplify) → function(instsimplify) → module(iroutliner) → module(inferattrs) → module(scc-oz-module-inliner) → module(elim-avail-extern) → module(scc-oz-module-inliner) → function(reassociate) → function(jump-threading) → module(attributor)
     raw: function(gvn-hoist) → function(gvn-sink) → module(globalopt) → module(iroutliner) → function(gvn-sink) → module(elim-avail-extern) → module(attributor) → module(globalopt) → function(gvn-sink) → function(gvn-sink) → module(globalopt) → module(globalopt) → module(globalopt) → module(iroutliner) → module(inferattrs) → module(iroutliner) → module(inferattrs) → function(dce) → module(globalopt) → function(dse) → module(globalopt) → module(elim-avail-extern) → function(memcpyopt) → function(dce) → function(instsimplify) → function(jump-threading) → function(dse) → module(globalopt) → module(elim-avail-extern) → module(globalopt) → module(elim-avail-extern) → module(globalopt) → module(attributor) → function(dce) → function(instsimplify) → function(reassociate) → function(dce) → function(lower-switch) → module(iroutliner) → module(elim-avail-extern) → function(jump-threading) → function(dse) → module(globalopt) → module(attributor) → function(reassociate) → function(dce) → function(lower-switch) → module(attributor) → function(reassociate) → module(elim-avail-extern) → function(dse) → function(gvn-sink) → module(globalopt) → module(elim-avail-extern) → function(dse) → function(dce) → function(reassociate) → module(globalopt) → function(gvn-sink) → module(globalopt) → module(elim-avail-extern) → module(attributor) → function(jump-threading) → function(mem2reg) → function(mem2reg) → function(reassociate) → module(scc-oz-module-inliner) → function(instsimplify) → function(dse) → function(jump-threading) → function(reassociate) → function(jump-threading) → module(globalopt) → module(elim-avail-extern) → loop(loop-simplifycfg) → function(memcpyopt) → function(dse) → function(instsimplify) → function(instsimplify) → module(iroutliner) → module(inferattrs) → module(scc-oz-module-inliner) → module(elim-avail-extern) → module(scc-oz-module-inliner) → function(reassociate) → function(jump-threading) → module(attributor)
  #5: validation_obj=0.8101, validation_mean=0.7861, validation_worsen=16.00%, validation_highvar=0.00%, train_obj=0.8008, train_mean=0.7828, train_highvar=0.00%, len=80, syn_rate=0.56, test_obj=0.7446, test_mean=0.7266, test_worsen=12.00%, test_highvar=0.00%
     function(gvn-hoist) → function(gvn-sink) → module(globalopt) → module(iroutliner) → function(gvn-sink) → module(elim-avail-extern) → module(attributor) → module(globalopt) → function(gvn-sink) → function(gvn-sink) → module(globalopt) → module(globalopt) → module(inferattrs) → module(elim-avail-extern) → function(instsimplify) → function(instsimplify) → module(elim-avail-extern) → function(instsimplify) → function(reassociate) → function(dce) → module(iroutliner) → function(dce) → module(globalopt) → module(globalopt) → module(elim-avail-extern) → module(globalopt) → function(reassociate) → module(globalopt) → module(iroutliner) → module(inferattrs) → module(iroutliner) → module(inferattrs) → function(dce) → module(globalopt) → function(dse) → module(globalopt) → module(elim-avail-extern) → function(dce) → function(instsimplify) → module(iroutliner) → function(jump-threading) → function(dse) → module(globalopt) → module(elim-avail-extern) → module(globalopt) → module(elim-avail-extern) → module(globalopt) → function(dce) → function(instsimplify) → module(iroutliner) → function(jump-threading) → module(attributor) → function(reassociate) → function(dce) → function(lower-switch) → function(jump-threading) → function(dse) → module(globalopt) → module(attributor) → function(reassociate) → function(instsimplify) → function(lower-switch) → function(jump-threading) → module(globalopt) → module(elim-avail-extern) → function(loop(loop-simplifycfg)) → function(memcpyopt) → function(dce) → function(jump-threading) → function(gvn-hoist) → module(elim-avail-extern) → function(memcpyopt) → module(inferattrs) → module(scc-oz-module-inliner) → function(mem2reg) → module(elim-avail-extern) → module(scc-oz-module-inliner) → function(reassociate) → function(jump-threading) → module(attributor)
     raw: function(gvn-hoist) → function(gvn-sink) → module(globalopt) → module(iroutliner) → function(gvn-sink) → module(elim-avail-extern) → module(attributor) → module(globalopt) → function(gvn-sink) → function(gvn-sink) → module(globalopt) → module(globalopt) → module(inferattrs) → module(elim-avail-extern) → function(instsimplify) → function(instsimplify) → module(elim-avail-extern) → function(instsimplify) → function(reassociate) → function(dce) → module(iroutliner) → function(dce) → module(globalopt) → module(globalopt) → module(elim-avail-extern) → module(globalopt) → function(reassociate) → module(globalopt) → module(iroutliner) → module(inferattrs) → module(iroutliner) → module(inferattrs) → function(dce) → module(globalopt) → function(dse) → module(globalopt) → module(elim-avail-extern) → function(dce) → function(instsimplify) → module(iroutliner) → function(jump-threading) → function(dse) → module(globalopt) → module(elim-avail-extern) → module(globalopt) → module(elim-avail-extern) → module(globalopt) → function(dce) → function(instsimplify) → module(iroutliner) → function(jump-threading) → module(attributor) → function(reassociate) → function(dce) → function(lower-switch) → function(jump-threading) → function(dse) → module(globalopt) → module(attributor) → function(reassociate) → function(instsimplify) → function(lower-switch) → function(jump-threading) → module(globalopt) → module(elim-avail-extern) → loop(loop-simplifycfg) → function(memcpyopt) → function(dce) → function(jump-threading) → function(gvn-hoist) → module(elim-avail-extern) → function(memcpyopt) → module(inferattrs) → module(scc-oz-module-inliner) → function(mem2reg) → module(elim-avail-extern) → module(scc-oz-module-inliner) → function(reassociate) → function(jump-threading) → module(attributor)
RF 解释性分析: ok  /root/exp/RFunipassLab/results/interpretability/20260505_030042_375448_feature_lite_seed457/run_0

============================================================
所有轮次中最优 validation objective: 0.7903
最优通用 pass 序列 (15 passes):
  module(elim-avail-extern) → module(globalopt) → function(gvn-sink) → module(iroutliner) → module(attributor) → module(iroutliner) → function(gvn-hoist) → module(attributor) → function(jump-threading) → function(gvn-hoist) → module(iroutliner) → module(inferattrs) → function(dse) → module(attributor) → module(scc-oz-module-inliner)
  search_train_obj=0.8160, search_train_mean=0.8010, search_train_worsen=10.00%, search_train_highvar=0.00%
  validation_obj=0.7903, validation_mean=0.7663, validation_worsen=16.00%, validation_highvar=0.00%
  test_obj=0.7945, test_mean=0.7795, test_worsen=10.00%, test_highvar=0.00%

最优轮次 Top-5 序列（含测试集效果，按 validation objective 升序）:
  #1: validation_obj=0.7906, validation_mean=0.7666, validation_worsen=16.00%, validation_highvar=0.00%, train_obj=0.8207, train_mean=0.8042, train_highvar=0.00%, len=43, syn_rate=0.46, test_obj=0.8041, test_mean=0.7861, test_worsen=12.00%, test_highvar=0.00%
     module(elim-avail-extern) → module(globalopt) → function(gvn-sink) → module(globalopt) → module(iroutliner) → module(attributor) → module(iroutliner) → function(gvn-hoist) → module(attributor) → function(jump-threading) → function(gvn-hoist) → module(elim-avail-extern) → function(dce) → function(memcpyopt) → function(instsimplify) → module(iroutliner) → module(inferattrs) → function(dce) → function(jump-threading) → function(dce) → module(globalopt) → function(lower-switch) → module(inferattrs) → module(elim-avail-extern) → function(dce) → function(memcpyopt) → module(globalopt) → function(dse) → module(globalopt) → module(elim-avail-extern) → function(dce) → function(instsimplify) → module(iroutliner) → function(jump-threading) → module(attributor) → function(reassociate) → function(dce) → function(lower-switch) → function(loop(loop-simplifycfg)) → function(instsimplify) → module(inferattrs) → module(scc-oz-module-inliner) → function(mem2reg)
     raw: module(elim-avail-extern) → module(globalopt) → function(gvn-sink) → module(globalopt) → module(iroutliner) → module(attributor) → module(iroutliner) → function(gvn-hoist) → module(attributor) → function(jump-threading) → function(gvn-hoist) → module(elim-avail-extern) → function(dce) → function(memcpyopt) → function(instsimplify) → module(iroutliner) → module(inferattrs) → function(dce) → function(jump-threading) → function(dce) → module(globalopt) → function(lower-switch) → module(inferattrs) → module(elim-avail-extern) → function(dce) → function(memcpyopt) → module(globalopt) → function(dse) → module(globalopt) → module(elim-avail-extern) → function(dce) → function(instsimplify) → module(iroutliner) → function(jump-threading) → module(attributor) → function(reassociate) → function(dce) → function(lower-switch) → loop(loop-simplifycfg) → function(instsimplify) → module(inferattrs) → module(scc-oz-module-inliner) → function(mem2reg)
  #2: validation_obj=0.7983, validation_mean=0.7728, validation_worsen=17.00%, validation_highvar=0.00%, train_obj=0.8204, train_mean=0.8039, train_highvar=0.00%, len=40, syn_rate=0.43, test_obj=0.8223, test_mean=0.8013, test_worsen=14.00%, test_highvar=0.00%
     module(elim-avail-extern) → module(globalopt) → function(gvn-sink) → module(globalopt) → module(iroutliner) → function(gvn-hoist) → module(attributor) → function(jump-threading) → function(gvn-hoist) → module(elim-avail-extern) → function(dce) → function(memcpyopt) → function(instsimplify) → module(iroutliner) → module(inferattrs) → function(dce) → function(jump-threading) → function(dce) → module(globalopt) → function(lower-switch) → module(inferattrs) → module(elim-avail-extern) → function(dce) → function(memcpyopt) → module(globalopt) → function(dse) → module(globalopt) → module(elim-avail-extern) → function(dce) → function(instsimplify) → module(iroutliner) → function(jump-threading) → module(attributor) → function(dce) → function(lower-switch) → function(loop(loop-simplifycfg)) → function(instsimplify) → module(inferattrs) → module(scc-oz-module-inliner) → function(mem2reg)
     raw: module(elim-avail-extern) → module(globalopt) → function(gvn-sink) → module(globalopt) → module(iroutliner) → function(gvn-hoist) → module(attributor) → function(jump-threading) → function(gvn-hoist) → module(elim-avail-extern) → function(dce) → function(memcpyopt) → function(instsimplify) → module(iroutliner) → module(inferattrs) → function(dce) → function(jump-threading) → function(dce) → module(globalopt) → function(lower-switch) → module(inferattrs) → module(elim-avail-extern) → function(dce) → function(memcpyopt) → module(globalopt) → function(dse) → module(globalopt) → module(elim-avail-extern) → function(dce) → function(instsimplify) → module(iroutliner) → function(jump-threading) → module(attributor) → function(dce) → function(lower-switch) → loop(loop-simplifycfg) → function(instsimplify) → module(inferattrs) → module(scc-oz-module-inliner) → function(mem2reg)
  #3: validation_obj=0.8000, validation_mean=0.7760, validation_worsen=16.00%, validation_highvar=0.00%, train_obj=0.7906, train_mean=0.7726, train_highvar=0.00%, len=64, syn_rate=0.58, test_obj=0.7513, test_mean=0.7333, test_worsen=12.00%, test_highvar=0.00%
     function(gvn-hoist) → function(gvn-sink) → module(globalopt) → module(iroutliner) → function(gvn-sink) → module(elim-avail-extern) → module(attributor) → module(globalopt) → function(gvn-sink) → function(gvn-sink) → module(globalopt) → module(globalopt) → module(globalopt) → module(iroutliner) → module(inferattrs) → module(iroutliner) → module(inferattrs) → function(dce) → module(globalopt) → function(dse) → module(globalopt) → module(elim-avail-extern) → function(dce) → function(instsimplify) → module(iroutliner) → function(jump-threading) → function(dse) → module(globalopt) → module(elim-avail-extern) → module(globalopt) → module(elim-avail-extern) → module(globalopt) → function(dce) → function(instsimplify) → module(iroutliner) → function(jump-threading) → module(inferattrs) → function(reassociate) → function(dce) → function(lower-switch) → function(jump-threading) → function(jump-threading) → function(dse) → module(globalopt) → module(attributor) → function(reassociate) → function(instsimplify) → function(lower-switch) → function(jump-threading) → module(globalopt) → module(elim-avail-extern) → function(loop(loop-simplifycfg)) → function(memcpyopt) → module(iroutliner) → function(mem2reg) → module(scc-oz-module-inliner) → function(dce) → function(jump-threading) → function(gvn-hoist) → module(elim-avail-extern) → function(memcpyopt) → module(attributor) → module(scc-oz-module-inliner) → function(mem2reg)
     raw: function(gvn-hoist) → function(gvn-sink) → module(globalopt) → module(iroutliner) → function(gvn-sink) → module(elim-avail-extern) → module(attributor) → module(globalopt) → function(gvn-sink) → function(gvn-sink) → module(globalopt) → module(globalopt) → module(globalopt) → module(iroutliner) → module(inferattrs) → module(iroutliner) → module(inferattrs) → function(dce) → module(globalopt) → function(dse) → module(globalopt) → module(elim-avail-extern) → function(dce) → function(instsimplify) → module(iroutliner) → function(jump-threading) → function(dse) → module(globalopt) → module(elim-avail-extern) → module(globalopt) → module(elim-avail-extern) → module(globalopt) → function(dce) → function(instsimplify) → module(iroutliner) → function(jump-threading) → module(inferattrs) → function(reassociate) → function(dce) → function(lower-switch) → function(jump-threading) → function(jump-threading) → function(dse) → module(globalopt) → module(attributor) → function(reassociate) → function(instsimplify) → function(lower-switch) → function(jump-threading) → module(globalopt) → module(elim-avail-extern) → loop(loop-simplifycfg) → function(memcpyopt) → module(iroutliner) → function(mem2reg) → module(scc-oz-module-inliner) → function(dce) → function(jump-threading) → function(gvn-hoist) → module(elim-avail-extern) → function(memcpyopt) → module(attributor) → module(scc-oz-module-inliner) → function(mem2reg)
  #4: validation_obj=0.8001, validation_mean=0.7791, validation_worsen=14.00%, validation_highvar=0.00%, train_obj=0.7961, train_mean=0.7781, train_highvar=0.00%, len=87, syn_rate=0.60, test_obj=0.7451, test_mean=0.7271, test_worsen=12.00%, test_highvar=0.00%
     function(gvn-hoist) → function(gvn-sink) → module(globalopt) → module(iroutliner) → function(gvn-sink) → module(elim-avail-extern) → module(attributor) → module(globalopt) → function(gvn-sink) → function(gvn-sink) → module(globalopt) → module(globalopt) → module(globalopt) → module(iroutliner) → module(inferattrs) → module(iroutliner) → module(inferattrs) → function(dce) → module(globalopt) → function(dse) → module(globalopt) → module(elim-avail-extern) → function(memcpyopt) → function(dce) → function(instsimplify) → function(jump-threading) → function(dse) → module(globalopt) → module(elim-avail-extern) → module(globalopt) → module(elim-avail-extern) → module(globalopt) → module(attributor) → function(dce) → function(instsimplify) → function(reassociate) → function(dce) → function(lower-switch) → module(iroutliner) → module(elim-avail-extern) → function(jump-threading) → function(dse) → module(globalopt) → module(attributor) → function(reassociate) → function(dce) → function(lower-switch) → module(attributor) → function(reassociate) → module(elim-avail-extern) → function(dse) → function(gvn-sink) → module(globalopt) → module(elim-avail-extern) → function(dse) → function(dce) → function(reassociate) → module(globalopt) → function(gvn-sink) → module(globalopt) → module(elim-avail-extern) → module(attributor) → function(jump-threading) → function(mem2reg) → function(mem2reg) → function(reassociate) → module(scc-oz-module-inliner) → function(instsimplify) → function(dse) → function(jump-threading) → function(reassociate) → function(jump-threading) → module(globalopt) → module(elim-avail-extern) → function(loop(loop-simplifycfg)) → function(memcpyopt) → function(dse) → function(instsimplify) → function(instsimplify) → module(iroutliner) → module(inferattrs) → module(scc-oz-module-inliner) → module(elim-avail-extern) → module(scc-oz-module-inliner) → function(reassociate) → function(jump-threading) → module(attributor)
     raw: function(gvn-hoist) → function(gvn-sink) → module(globalopt) → module(iroutliner) → function(gvn-sink) → module(elim-avail-extern) → module(attributor) → module(globalopt) → function(gvn-sink) → function(gvn-sink) → module(globalopt) → module(globalopt) → module(globalopt) → module(iroutliner) → module(inferattrs) → module(iroutliner) → module(inferattrs) → function(dce) → module(globalopt) → function(dse) → module(globalopt) → module(elim-avail-extern) → function(memcpyopt) → function(dce) → function(instsimplify) → function(jump-threading) → function(dse) → module(globalopt) → module(elim-avail-extern) → module(globalopt) → module(elim-avail-extern) → module(globalopt) → module(attributor) → function(dce) → function(instsimplify) → function(reassociate) → function(dce) → function(lower-switch) → module(iroutliner) → module(elim-avail-extern) → function(jump-threading) → function(dse) → module(globalopt) → module(attributor) → function(reassociate) → function(dce) → function(lower-switch) → module(attributor) → function(reassociate) → module(elim-avail-extern) → function(dse) → function(gvn-sink) → module(globalopt) → module(elim-avail-extern) → function(dse) → function(dce) → function(reassociate) → module(globalopt) → function(gvn-sink) → module(globalopt) → module(elim-avail-extern) → module(attributor) → function(jump-threading) → function(mem2reg) → function(mem2reg) → function(reassociate) → module(scc-oz-module-inliner) → function(instsimplify) → function(dse) → function(jump-threading) → function(reassociate) → function(jump-threading) → module(globalopt) → module(elim-avail-extern) → loop(loop-simplifycfg) → function(memcpyopt) → function(dse) → function(instsimplify) → function(instsimplify) → module(iroutliner) → module(inferattrs) → module(scc-oz-module-inliner) → module(elim-avail-extern) → module(scc-oz-module-inliner) → function(reassociate) → function(jump-threading) → module(attributor)
  #5: validation_obj=0.8101, validation_mean=0.7861, validation_worsen=16.00%, validation_highvar=0.00%, train_obj=0.8008, train_mean=0.7828, train_highvar=0.00%, len=80, syn_rate=0.56, test_obj=0.7446, test_mean=0.7266, test_worsen=12.00%, test_highvar=0.00%
     function(gvn-hoist) → function(gvn-sink) → module(globalopt) → module(iroutliner) → function(gvn-sink) → module(elim-avail-extern) → module(attributor) → module(globalopt) → function(gvn-sink) → function(gvn-sink) → module(globalopt) → module(globalopt) → module(inferattrs) → module(elim-avail-extern) → function(instsimplify) → function(instsimplify) → module(elim-avail-extern) → function(instsimplify) → function(reassociate) → function(dce) → module(iroutliner) → function(dce) → module(globalopt) → module(globalopt) → module(elim-avail-extern) → module(globalopt) → function(reassociate) → module(globalopt) → module(iroutliner) → module(inferattrs) → module(iroutliner) → module(inferattrs) → function(dce) → module(globalopt) → function(dse) → module(globalopt) → module(elim-avail-extern) → function(dce) → function(instsimplify) → module(iroutliner) → function(jump-threading) → function(dse) → module(globalopt) → module(elim-avail-extern) → module(globalopt) → module(elim-avail-extern) → module(globalopt) → function(dce) → function(instsimplify) → module(iroutliner) → function(jump-threading) → module(attributor) → function(reassociate) → function(dce) → function(lower-switch) → function(jump-threading) → function(dse) → module(globalopt) → module(attributor) → function(reassociate) → function(instsimplify) → function(lower-switch) → function(jump-threading) → module(globalopt) → module(elim-avail-extern) → function(loop(loop-simplifycfg)) → function(memcpyopt) → function(dce) → function(jump-threading) → function(gvn-hoist) → module(elim-avail-extern) → function(memcpyopt) → module(inferattrs) → module(scc-oz-module-inliner) → function(mem2reg) → module(elim-avail-extern) → module(scc-oz-module-inliner) → function(reassociate) → function(jump-threading) → module(attributor)
     raw: function(gvn-hoist) → function(gvn-sink) → module(globalopt) → module(iroutliner) → function(gvn-sink) → module(elim-avail-extern) → module(attributor) → module(globalopt) → function(gvn-sink) → function(gvn-sink) → module(globalopt) → module(globalopt) → module(inferattrs) → module(elim-avail-extern) → function(instsimplify) → function(instsimplify) → module(elim-avail-extern) → function(instsimplify) → function(reassociate) → function(dce) → module(iroutliner) → function(dce) → module(globalopt) → module(globalopt) → module(elim-avail-extern) → module(globalopt) → function(reassociate) → module(globalopt) → module(iroutliner) → module(inferattrs) → module(iroutliner) → module(inferattrs) → function(dce) → module(globalopt) → function(dse) → module(globalopt) → module(elim-avail-extern) → function(dce) → function(instsimplify) → module(iroutliner) → function(jump-threading) → function(dse) → module(globalopt) → module(elim-avail-extern) → module(globalopt) → module(elim-avail-extern) → module(globalopt) → function(dce) → function(instsimplify) → module(iroutliner) → function(jump-threading) → module(attributor) → function(reassociate) → function(dce) → function(lower-switch) → function(jump-threading) → function(dse) → module(globalopt) → module(attributor) → function(reassociate) → function(instsimplify) → function(lower-switch) → function(jump-threading) → module(globalopt) → module(elim-avail-extern) → loop(loop-simplifycfg) → function(memcpyopt) → function(dce) → function(jump-threading) → function(gvn-hoist) → module(elim-avail-extern) → function(memcpyopt) → module(inferattrs) → module(scc-oz-module-inliner) → function(mem2reg) → module(elim-avail-extern) → module(scc-oz-module-inliner) → function(reassociate) → function(jump-threading) → module(attributor)
binarysize_test: vs_none=0.999 (+0.1%)  vs_oz=0.999 (+0.1%)  vs_o3=0.981 (+1.9%) [metric=stripped_file_bytes]
binarysize_test[text_bytes]: vs_none=0.903 (+9.7%)  vs_oz=0.914 (+8.6%)  vs_o3=0.779 (+22.1%)
binarysize_test[data_bytes]: vs_none=0.983 (+1.7%)  vs_oz=0.993 (+0.7%)  vs_o3=0.986 (+1.4%)
binarysize_test[bss_bytes]: vs_none=1.000 (+0.0%)  vs_oz=1.000 (+0.0%)  vs_o3=1.000 (+0.0%)
binarysize_test[dec_bytes]: vs_none=0.931 (+6.9%)  vs_oz=0.944 (+5.6%)  vs_o3=0.840 (+16.0%)

最优轮次 Top-5 binarysize_test 序列面板（primary=stripped_file_bytes）:
  #1: len=43, syn_rate=0.46
     stripped_file_bytes: obj=1.0084, mean=0.9994, worsen=6.00%, vs_none=0.999 (+0.1%)  vs_oz=0.999 (+0.1%)  vs_o3=0.981 (+1.9%)
     text_bytes: obj=0.9367, mean=0.9127, worsen=16.00%, vs_none=0.902 (+9.8%)  vs_oz=0.913 (+8.7%)  vs_o3=0.778 (+22.2%)
     data_bytes: obj=1.0046, mean=0.9926, worsen=8.00%, vs_none=0.983 (+1.7%)  vs_oz=0.993 (+0.7%)  vs_o3=0.986 (+1.4%)
     bss_bytes: obj=1.0000, mean=1.0000, worsen=0.00%, vs_none=1.000 (+0.0%)  vs_oz=1.000 (+0.0%)  vs_o3=1.000 (+0.0%)
     dec_bytes: obj=0.9661, mean=0.9421, worsen=16.00%, vs_none=0.930 (+7.0%)  vs_oz=0.942 (+5.8%)  vs_o3=0.839 (+16.1%)
  #2: len=40, syn_rate=0.43
     stripped_file_bytes: obj=1.0085, mean=0.9995, worsen=6.00%, vs_none=0.999 (+0.1%)  vs_oz=0.999 (+0.1%)  vs_o3=0.981 (+1.9%)
     text_bytes: obj=0.9482, mean=0.9212, worsen=18.00%, vs_none=0.910 (+9.0%)  vs_oz=0.921 (+7.9%)  vs_o3=0.784 (+21.6%)
     data_bytes: obj=1.0048, mean=0.9928, worsen=8.00%, vs_none=0.983 (+1.7%)  vs_oz=0.993 (+0.7%)  vs_o3=0.987 (+1.3%)
     bss_bytes: obj=1.0000, mean=1.0000, worsen=0.00%, vs_none=1.000 (+0.0%)  vs_oz=1.000 (+0.0%)  vs_o3=1.000 (+0.0%)
     dec_bytes: obj=0.9720, mean=0.9450, worsen=18.00%, vs_none=0.932 (+6.8%)  vs_oz=0.945 (+5.5%)  vs_o3=0.842 (+15.8%)
  #3: len=64, syn_rate=0.58
     stripped_file_bytes: obj=1.0084, mean=0.9994, worsen=6.00%, vs_none=0.999 (+0.1%)  vs_oz=0.999 (+0.1%)  vs_o3=0.981 (+1.9%)
     text_bytes: obj=0.9151, mean=0.8941, worsen=14.00%, vs_none=0.882 (+11.8%)  vs_oz=0.894 (+10.6%)  vs_o3=0.762 (+23.8%)
     data_bytes: obj=1.0041, mean=0.9921, worsen=8.00%, vs_none=0.983 (+1.7%)  vs_oz=0.992 (+0.8%)  vs_o3=0.986 (+1.4%)
     bss_bytes: obj=1.0000, mean=1.0000, worsen=0.00%, vs_none=1.000 (+0.0%)  vs_oz=1.000 (+0.0%)  vs_o3=1.000 (+0.0%)
     dec_bytes: obj=0.9484, mean=0.9274, worsen=14.00%, vs_none=0.914 (+8.6%)  vs_oz=0.927 (+7.3%)  vs_o3=0.827 (+17.3%)
  #4: len=87, syn_rate=0.60
     stripped_file_bytes: obj=1.0054, mean=0.9994, worsen=4.00%, vs_none=0.999 (+0.1%)  vs_oz=0.999 (+0.1%)  vs_o3=0.981 (+1.9%)
     text_bytes: obj=0.9096, mean=0.8886, worsen=14.00%, vs_none=0.877 (+12.3%)  vs_oz=0.889 (+11.1%)  vs_o3=0.757 (+24.3%)
     data_bytes: obj=1.0002, mean=0.9912, worsen=6.00%, vs_none=0.982 (+1.8%)  vs_oz=0.991 (+0.9%)  vs_o3=0.985 (+1.5%)
     bss_bytes: obj=1.0000, mean=1.0000, worsen=0.00%, vs_none=1.000 (+0.0%)  vs_oz=1.000 (+0.0%)  vs_o3=1.000 (+0.0%)
     dec_bytes: obj=0.9437, mean=0.9227, worsen=14.00%, vs_none=0.910 (+9.0%)  vs_oz=0.923 (+7.7%)  vs_o3=0.822 (+17.8%)
  #5: len=80, syn_rate=0.56
     stripped_file_bytes: obj=1.0054, mean=0.9994, worsen=4.00%, vs_none=0.999 (+0.1%)  vs_oz=0.999 (+0.1%)  vs_o3=0.981 (+1.9%)
     text_bytes: obj=0.9101, mean=0.8891, worsen=14.00%, vs_none=0.878 (+12.2%)  vs_oz=0.889 (+11.1%)  vs_o3=0.758 (+24.2%)
     data_bytes: obj=1.0002, mean=0.9912, worsen=6.00%, vs_none=0.982 (+1.8%)  vs_oz=0.991 (+0.9%)  vs_o3=0.985 (+1.5%)
     bss_bytes: obj=1.0000, mean=1.0000, worsen=0.00%, vs_none=1.000 (+0.0%)  vs_oz=1.000 (+0.0%)  vs_o3=1.000 (+0.0%)
     dec_bytes: obj=0.9442, mean=0.9232, worsen=14.00%, vs_none=0.911 (+8.9%)  vs_oz=0.923 (+7.7%)  vs_o3=0.823 (+17.7%)
核心调优成本已写入: /root/exp/RFunipassLab/results/instrcount/summaries/20260505_030042_375448_feature_lite_seed457_core_tuning_cost.json
结果已写入: /root/exp/RFunipassLab/results/instrcount/summaries/20260505_030042_375448_feature_lite_seed457.json
总运行时间: 4275.71 秒
