# run_id: 20260510_195248_525320_feature_lite_seed458
# name: feature_lite
# group: feature_ablation
# description: 切换到 Lite 特征编码，保留其余搜索流程不变。
# changed: FEATURE_MODE=lite, GA_GEN=5, GA_POP=200, ITERS=100, MAX_SEQ_LEN=120, MIN_VAL_PROGRAMS=5, SEED_TOPK=0, TEST_TOPK=50, TRAIN_TOPK=200, VAL_RATIO=0.5
# result_json: /root/exp/RFunipassLab/results/instrcount/summaries/20260510_195248_525320_feature_lite_seed458.json
# started_at: 2026-05-10T19:52:48
# control_env:
#   BACKEND_OPT_LEVEL=-O0
#   BINARY_SIZE_METRIC=stripped_file_bytes
#   BINARY_SIZE_REPORT_METRICS=text_bytes,data_bytes,bss_bytes,dec_bytes
#   DECAY=0.5
#   EXPERIMENT_SEED=458
#   FEATURE_MODE=lite
#   GA_ELITE=0.1
#   GA_GEN=5
#   GA_MUT=0.8
#   GA_POP=200
#   GA_TOUR=3
#   ITERS=100
#   LOOP_NESTING_POLICY=wrap
#   MAX_SEQ_LEN=120
#   MIN_VAL_PROGRAMS=5
#   OBJECTIVE_BASELINE=oz
#   OBJECTIVE_KIND=instrcount
#   OBJ_HIGHVAR_W=0.0
#   OBJ_WORSEN_W=1.00
#   OFFSET=20
#   PROGRAM_POOL_KIND=auto
#   RF_EXPLAIN_COUNTERFACTUAL_ENABLE=1
#   RF_EXPLAIN_COUNTERFACTUAL_MAX_EVALS=50
#   RF_EXPLAIN_COUNTERFACTUAL_SPLIT=selection
#   RF_EXPLAIN_COUNTERFACTUAL_TOPK=5
#   RF_EXPLAIN_ENABLE=0
#   RF_EXPLAIN_HOLDOUT_RATIO=0.3
#   RF_EXPLAIN_MIN_SAMPLES=20
#   RF_EXPLAIN_MODE=final
#   RF_EXPLAIN_PERM_REPEATS=10
#   RF_EXPLAIN_TOPK=20
#   RNUM=256
#   RUNS=1
#   RUNTIME_EVAL_MAX_VARIANCE_PCT=15.0
#   RUNTIME_MAX_INNER_REPEATS=64
#   RUNTIME_MAX_VARIANCE_PCT=10.0
#   RUNTIME_REQUIRED_ROWS=0
#   RUNTIME_SAMPLES=5
#   RUNTIME_TARGET_SAMPLE_MS=30.0
#   RUNTIME_TIMEOUT_SEC=2.0
#   SCALE=10
#   SEED_TOPK=0
#   SPLIT_SEED=458
#   TEST_TOPK=50
#   TRAIN_TOPK=200
#   VAL_RATIO=0.5

Loading train/test rows from: /root/exp/RFunipassLab/data/tuning_results.csv
Loaded train programs:       200
Loaded initial seed seqs:    79
Loaded test programs:        50
Objective kind:              instrcount
Program pool kind:           tuning

Loading synergy graph from: /root/exp/RFunipassLab/data/Step3_EnumeratedPairs.csv
All passes (19): ['module(elim-avail-extern)', 'function(mem2reg)', 'function(instsimplify)', 'module(iroutliner)', 'function(reassociate)', 'function(memcpyopt)', 'function(gvn-hoist)', 'function(dce)', 'function(jump-threading)', 'module(globalopt)', 'module(attributor)', 'cgscc(attributor-cgscc)', 'function(gvn-sink)', 'module(scc-oz-module-inliner)', 'function(dse)', 'function(newgvn)', 'module(inferattrs)', 'loop(loop-simplifycfg)', 'function(lower-switch)']
Synergy edges: 176
Self-loop passes: {'function(newgvn)', 'module(attributor)', 'cgscc(attributor-cgscc)'}

============================================================
实验轮次 1 / 1
============================================================
============================================================
目标类型:      instrcount
目标基准:      -Oz
基准指标:      -Oz 基准指令数
优化指标:      归一化指令数
输入程序数:    200
输入次优序列数: 79
测试程序数:    50
Pass 词表大小: 19
协同边数:      176
自环 pass 数:  3
序列长度上限:  120
Loop 合法化策略: wrap
实验种子:      458
划分种子:      458
特征模式:      lite
RF 特征维度:   31
词表: ['module(elim-avail-extern)', 'function(mem2reg)', 'function(instsimplify)', 'module(iroutliner)', 'function(reassociate)', 'function(memcpyopt)', 'function(gvn-hoist)', 'function(dce)', 'function(jump-threading)', 'module(globalopt)', 'module(attributor)', 'cgscc(attributor-cgscc)', 'function(gvn-sink)', 'module(scc-oz-module-inliner)', 'function(dse)', 'function(newgvn)', 'module(inferattrs)', 'loop(loop-simplifycfg)', 'function(lower-switch)']
多目标权重:    mean=1.0, worsen=1.0, highvar=0.0

[Step 1.5] 训练程序切分...
  search_train 程序数: 100
  validation 程序数:   100
  split_signature(search_train): 8c651010a3ff27fec9f7e5d5efa9cee41062e869
  split_signature(validation):   dd8f07df3ff69242e6dacb9d6936f2a026580e81
  split_signature(test):         a482a9715f2cdbf9817e6c112cc95b7aa635e4fb

[Step 2] 计算 search_train 程序 -Oz 基准指令数...
[Step 2b] 计算 validation 程序 -Oz 基准指令数...
[Step 2c] 计算测试集程序 -Oz 基准指令数...

[Step 3] 评估初始 seed 序列（共 79 条）...

[Step 4] 开始贝叶斯优化（100 轮）...
GA search time: 8.35s, candidates: 383
  [iter   1/100] search_obj=1.5806  search_best=0.8913  validation_best=0.8547  EI=0.0502  rnum=183.2  len=64  syn_rate=0.56  mean=0.9706  worsen=61.00%  highvar=0.00%
GA search time: 10.46s, candidates: 381
  [iter   2/100] search_obj=1.0154  search_best=0.8913  validation_best=0.8547  EI=0.0397  rnum=181.1  len=17  syn_rate=0.23  mean=0.9054  worsen=11.00%  highvar=0.00%
GA search time: 9.60s, candidates: 379
  [iter   3/100] search_obj=1.3995  search_best=0.8913  validation_best=0.8547  EI=0.0307  rnum=179.0  len=27  syn_rate=0.40  mean=0.9795  worsen=42.00%  highvar=0.00%
GA search time: 8.41s, candidates: 376
  [iter   4/100] search_obj=1.0797  search_best=0.8913  validation_best=0.8547  EI=0.0299  rnum=176.9  len=18  syn_rate=0.36  mean=0.9497  worsen=13.00%  highvar=0.00%
GA search time: 4.55s, candidates: 374
  [iter   5/100] search_obj=1.1841  search_best=0.8913  validation_best=0.8547  EI=0.0285  rnum=174.8  len=24  syn_rate=0.45  mean=0.9341  worsen=25.00%  highvar=0.00%
GA search time: 3.88s, candidates: 372
  [iter   6/100] search_obj=1.2508  search_best=0.8913  validation_best=0.8547  EI=0.0221  rnum=172.7  len=29  syn_rate=0.46  mean=1.0008  worsen=25.00%  highvar=0.00%
GA search time: 2.25s, candidates: 370
  [iter   7/100] search_obj=0.8333  search_best=0.8333  validation_best=0.8222  EI=0.0213  rnum=170.6  len=18  syn_rate=0.32  mean=0.7733  worsen=6.00%  highvar=0.00%
GA search time: 3.73s, candidates: 368
  [iter   8/100] search_obj=0.8333  search_best=0.8333  validation_best=0.8218  EI=0.0239  rnum=168.4  len=21  syn_rate=0.32  mean=0.7733  worsen=6.00%  highvar=0.00%
GA search time: 3.43s, candidates: 366
  [iter   9/100] search_obj=1.3464  search_best=0.8333  validation_best=0.8218  EI=0.0374  rnum=166.3  len=23  syn_rate=0.32  mean=0.9164  worsen=43.00%  highvar=0.00%
GA search time: 3.07s, candidates: 364
  [iter  10/100] search_obj=0.8487  search_best=0.8333  validation_best=0.8191  EI=0.0289  rnum=164.2  len=21  syn_rate=0.34  mean=0.7787  worsen=7.00%  highvar=0.00%
GA search time: 3.66s, candidates: 362
  [iter  11/100] search_obj=0.8108  search_best=0.8108  validation_best=0.8155  EI=0.0310  rnum=162.0  len=40  syn_rate=0.45  mean=0.7608  worsen=5.00%  highvar=0.00%
GA search time: 7.90s, candidates: 359
  [iter  12/100] search_obj=0.8256  search_best=0.8108  validation_best=0.8155  EI=0.0411  rnum=159.9  len=33  syn_rate=0.44  mean=0.7656  worsen=6.00%  highvar=0.00%
GA search time: 10.07s, candidates: 357
  [iter  13/100] search_obj=0.8256  search_best=0.8108  validation_best=0.8155  EI=0.0513  rnum=157.7  len=38  syn_rate=0.44  mean=0.7656  worsen=6.00%  highvar=0.00%
GA search time: 11.31s, candidates: 355
  [iter  14/100] search_obj=1.5296  search_best=0.8108  validation_best=0.8155  EI=0.0507  rnum=155.6  len=61  syn_rate=0.39  mean=0.9396  worsen=59.00%  highvar=0.00%
GA search time: 5.20s, candidates: 353
  [iter  15/100] search_obj=0.8114  search_best=0.8108  validation_best=0.8155  EI=0.0491  rnum=153.4  len=45  syn_rate=0.40  mean=0.7614  worsen=5.00%  highvar=0.00%
GA search time: 7.15s, candidates: 351
  [iter  16/100] search_obj=1.5960  search_best=0.8108  validation_best=0.8155  EI=0.0505  rnum=151.3  len=33  syn_rate=0.43  mean=0.9560  worsen=64.00%  highvar=0.00%
GA search time: 6.89s, candidates: 349
  [iter  17/100] search_obj=1.6630  search_best=0.8108  validation_best=0.8155  EI=0.0549  rnum=149.1  len=48  syn_rate=0.47  mean=0.9930  worsen=67.00%  highvar=0.00%
GA search time: 4.07s, candidates: 346
  [iter  18/100] search_obj=1.5420  search_best=0.8108  validation_best=0.8155  EI=0.0622  rnum=147.0  len=43  syn_rate=0.35  mean=0.9420  worsen=60.00%  highvar=0.00%
GA search time: 3.51s, candidates: 344
  [iter  19/100] search_obj=1.5420  search_best=0.8108  validation_best=0.8155  EI=0.0620  rnum=144.8  len=46  syn_rate=0.33  mean=0.9420  worsen=60.00%  highvar=0.00%
GA search time: 2.53s, candidates: 342
  [iter  20/100] search_obj=1.5409  search_best=0.8108  validation_best=0.8155  EI=0.0598  rnum=142.7  len=45  syn_rate=0.34  mean=0.9409  worsen=60.00%  highvar=0.00%
GA search time: 3.25s, candidates: 340
  [iter  21/100] search_obj=0.9415  search_best=0.8108  validation_best=0.8155  EI=0.0598  rnum=140.5  len=41  syn_rate=0.43  mean=0.8515  worsen=9.00%  highvar=0.00%
GA search time: 2.48s, candidates: 338
  [iter  22/100] search_obj=1.1295  search_best=0.8108  validation_best=0.8155  EI=0.0515  rnum=138.4  len=34  syn_rate=0.46  mean=0.8195  worsen=31.00%  highvar=0.00%
GA search time: 2.70s, candidates: 336
  [iter  23/100] search_obj=0.9415  search_best=0.8108  validation_best=0.8155  EI=0.0488  rnum=136.3  len=43  syn_rate=0.43  mean=0.8515  worsen=9.00%  highvar=0.00%
GA search time: 2.51s, candidates: 334
  [iter  24/100] search_obj=0.8447  search_best=0.8108  validation_best=0.8152  EI=0.0483  rnum=134.2  len=39  syn_rate=0.42  mean=0.7747  worsen=7.00%  highvar=0.00%
GA search time: 2.88s, candidates: 332
  [iter  25/100] search_obj=1.0791  search_best=0.8108  validation_best=0.8152  EI=0.0521  rnum=132.1  len=45  syn_rate=0.41  mean=0.8991  worsen=18.00%  highvar=0.00%
GA search time: 2.51s, candidates: 329
  [iter  26/100] search_obj=0.8447  search_best=0.8108  validation_best=0.8152  EI=0.0406  rnum=130.0  len=44  syn_rate=0.42  mean=0.7747  worsen=7.00%  highvar=0.00%
GA search time: 2.35s, candidates: 327
  [iter  27/100] search_obj=1.3469  search_best=0.8108  validation_best=0.8152  EI=0.0453  rnum=127.9  len=39  syn_rate=0.38  mean=0.9169  worsen=43.00%  highvar=0.00%
GA search time: 2.73s, candidates: 325
  [iter  28/100] search_obj=0.9773  search_best=0.8108  validation_best=0.8152  EI=0.0433  rnum=125.8  len=39  syn_rate=0.40  mean=0.8573  worsen=12.00%  highvar=0.00%
GA search time: 2.60s, candidates: 323
  [iter  29/100] search_obj=1.3469  search_best=0.8108  validation_best=0.8152  EI=0.0408  rnum=123.7  len=40  syn_rate=0.33  mean=0.9169  worsen=43.00%  highvar=0.00%
GA search time: 3.27s, candidates: 321
  [iter  30/100] search_obj=0.8256  search_best=0.8108  validation_best=0.8152  EI=0.0397  rnum=121.6  len=38  syn_rate=0.44  mean=0.7656  worsen=6.00%  highvar=0.00%
GA search time: 2.59s, candidates: 319
  [iter  31/100] search_obj=0.8447  search_best=0.8108  validation_best=0.8152  EI=0.0398  rnum=119.6  len=45  syn_rate=0.43  mean=0.7747  worsen=7.00%  highvar=0.00%
GA search time: 3.01s, candidates: 317
  [iter  32/100] search_obj=0.8256  search_best=0.8108  validation_best=0.8152  EI=0.0419  rnum=117.5  len=40  syn_rate=0.44  mean=0.7656  worsen=6.00%  highvar=0.00%
GA search time: 3.02s, candidates: 315
  [iter  33/100] search_obj=1.5420  search_best=0.8108  validation_best=0.8152  EI=0.0350  rnum=115.5  len=43  syn_rate=0.42  mean=0.9420  worsen=60.00%  highvar=0.00%
GA search time: 4.23s, candidates: 313
  [iter  34/100] search_obj=0.8261  search_best=0.8108  validation_best=0.8131  EI=0.0485  rnum=113.5  len=45  syn_rate=0.44  mean=0.7661  worsen=6.00%  highvar=0.00%
GA search time: 3.19s, candidates: 311
  [iter  35/100] search_obj=0.8210  search_best=0.8108  validation_best=0.8131  EI=0.0369  rnum=111.5  len=40  syn_rate=0.45  mean=0.7610  worsen=6.00%  highvar=0.00%
GA search time: 4.10s, candidates: 309
  [iter  36/100] search_obj=0.8252  search_best=0.8108  validation_best=0.8131  EI=0.0394  rnum=109.5  len=46  syn_rate=0.43  mean=0.7652  worsen=6.00%  highvar=0.00%
GA search time: 6.20s, candidates: 307
  [iter  37/100] search_obj=0.8252  search_best=0.8108  validation_best=0.8131  EI=0.0509  rnum=107.6  len=48  syn_rate=0.43  mean=0.7652  worsen=6.00%  highvar=0.00%
GA search time: 9.28s, candidates: 305
  [iter  38/100] search_obj=0.8257  search_best=0.8108  validation_best=0.8131  EI=0.0509  rnum=105.6  len=52  syn_rate=0.44  mean=0.7657  worsen=6.00%  highvar=0.00%
GA search time: 9.10s, candidates: 303
  [iter  39/100] search_obj=0.8216  search_best=0.8108  validation_best=0.8090  EI=0.0486  rnum=103.7  len=64  syn_rate=0.45  mean=0.7616  worsen=6.00%  highvar=0.00%
GA search time: 10.09s, candidates: 301
  [iter  40/100] search_obj=0.8216  search_best=0.8108  validation_best=0.8090  EI=0.0483  rnum=101.7  len=42  syn_rate=0.44  mean=0.7616  worsen=6.00%  highvar=0.00%
GA search time: 7.45s, candidates: 299
  [iter  41/100] search_obj=1.0403  search_best=0.8108  validation_best=0.8090  EI=0.0510  rnum=99.8  len=54  syn_rate=0.45  mean=0.9403  worsen=10.00%  highvar=0.00%
GA search time: 8.03s, candidates: 297
  [iter  42/100] search_obj=0.8256  search_best=0.8108  validation_best=0.8090  EI=0.0456  rnum=97.9  len=42  syn_rate=0.44  mean=0.7656  worsen=6.00%  highvar=0.00%
GA search time: 9.88s, candidates: 296
  [iter  43/100] search_obj=0.8210  search_best=0.8108  validation_best=0.8090  EI=0.0528  rnum=96.1  len=44  syn_rate=0.44  mean=0.7610  worsen=6.00%  highvar=0.00%
GA search time: 10.57s, candidates: 294
  [iter  44/100] search_obj=1.5192  search_best=0.8108  validation_best=0.8090  EI=0.0489  rnum=94.2  len=60  syn_rate=0.44  mean=0.9392  worsen=58.00%  highvar=0.00%
GA search time: 9.31s, candidates: 292
  [iter  45/100] search_obj=0.8210  search_best=0.8108  validation_best=0.8090  EI=0.0545  rnum=92.4  len=48  syn_rate=0.45  mean=0.7610  worsen=6.00%  highvar=0.00%
GA search time: 8.79s, candidates: 290
  [iter  46/100] search_obj=1.5162  search_best=0.8108  validation_best=0.8090  EI=0.0504  rnum=90.5  len=90  syn_rate=0.45  mean=0.9362  worsen=58.00%  highvar=0.00%
GA search time: 8.20s, candidates: 288
  [iter  47/100] search_obj=0.9366  search_best=0.8108  validation_best=0.8090  EI=0.0466  rnum=88.7  len=64  syn_rate=0.44  mean=0.8166  worsen=12.00%  highvar=0.00%
GA search time: 9.72s, candidates: 286
  [iter  48/100] search_obj=0.8210  search_best=0.8108  validation_best=0.8090  EI=0.0525  rnum=87.0  len=45  syn_rate=0.44  mean=0.7610  worsen=6.00%  highvar=0.00%
GA search time: 7.85s, candidates: 285
  [iter  49/100] search_obj=0.8215  search_best=0.8108  validation_best=0.8090  EI=0.0464  rnum=85.2  len=53  syn_rate=0.44  mean=0.7615  worsen=6.00%  highvar=0.00%
GA search time: 7.41s, candidates: 283
  [iter  50/100] search_obj=0.8215  search_best=0.8108  validation_best=0.8088  EI=0.0520  rnum=83.5  len=54  syn_rate=0.45  mean=0.7615  worsen=6.00%  highvar=0.00%
GA search time: 9.28s, candidates: 281
  [iter  51/100] search_obj=0.8210  search_best=0.8108  validation_best=0.8088  EI=0.0532  rnum=81.7  len=51  syn_rate=0.44  mean=0.7610  worsen=6.00%  highvar=0.00%
GA search time: 7.62s, candidates: 280
  [iter  52/100] search_obj=0.8219  search_best=0.8108  validation_best=0.8088  EI=0.0489  rnum=80.0  len=41  syn_rate=0.43  mean=0.7619  worsen=6.00%  highvar=0.00%
GA search time: 7.71s, candidates: 278
  [iter  53/100] search_obj=0.8210  search_best=0.8108  validation_best=0.8088  EI=0.0502  rnum=78.4  len=50  syn_rate=0.45  mean=0.7610  worsen=6.00%  highvar=0.00%
GA search time: 7.21s, candidates: 276
  [iter  54/100] search_obj=0.8260  search_best=0.8108  validation_best=0.8088  EI=0.0472  rnum=76.7  len=51  syn_rate=0.52  mean=0.7660  worsen=6.00%  highvar=0.00%
GA search time: 7.46s, candidates: 275
  [iter  55/100] search_obj=0.8260  search_best=0.8108  validation_best=0.8088  EI=0.0507  rnum=75.1  len=52  syn_rate=0.52  mean=0.7660  worsen=6.00%  highvar=0.00%
GA search time: 7.82s, candidates: 273
  [iter  56/100] search_obj=0.8216  search_best=0.8108  validation_best=0.8088  EI=0.0507  rnum=73.4  len=44  syn_rate=0.47  mean=0.7616  worsen=6.00%  highvar=0.00%
GA search time: 7.57s, candidates: 271
  [iter  57/100] search_obj=0.8210  search_best=0.8108  validation_best=0.8088  EI=0.0490  rnum=71.8  len=54  syn_rate=0.49  mean=0.7610  worsen=6.00%  highvar=0.00%
GA search time: 7.50s, candidates: 270
  [iter  58/100] search_obj=0.7874  search_best=0.7874  validation_best=0.8088  EI=0.0477  rnum=70.3  len=60  syn_rate=0.58  mean=0.7274  worsen=6.00%  highvar=0.00%
GA search time: 8.63s, candidates: 268
  [iter  59/100] search_obj=0.7874  search_best=0.7874  validation_best=0.8088  EI=0.0488  rnum=68.7  len=61  syn_rate=0.59  mean=0.7274  worsen=6.00%  highvar=0.00%
GA search time: 10.15s, candidates: 267
  [iter  60/100] search_obj=1.1884  search_best=0.7874  validation_best=0.8088  EI=0.0426  rnum=67.2  len=94  syn_rate=0.64  mean=0.9884  worsen=20.00%  highvar=0.00%
GA search time: 6.07s, candidates: 265
  [iter  61/100] search_obj=0.8256  search_best=0.7874  validation_best=0.8088  EI=0.0443  rnum=65.7  len=60  syn_rate=0.59  mean=0.7656  worsen=6.00%  highvar=0.00%
GA search time: 6.60s, candidates: 264
  [iter  62/100] search_obj=0.8201  search_best=0.7874  validation_best=0.8088  EI=0.0472  rnum=64.2  len=59  syn_rate=0.47  mean=0.7601  worsen=6.00%  highvar=0.00%
GA search time: 7.71s, candidates: 262
  [iter  63/100] search_obj=0.8244  search_best=0.7874  validation_best=0.8088  EI=0.0467  rnum=62.7  len=65  syn_rate=0.60  mean=0.7644  worsen=6.00%  highvar=0.00%
GA search time: 7.98s, candidates: 261
  [iter  64/100] search_obj=1.0480  search_best=0.7874  validation_best=0.8088  EI=0.0463  rnum=61.3  len=56  syn_rate=0.51  mean=0.9380  worsen=11.00%  highvar=0.00%
GA search time: 6.36s, candidates: 259
  [iter  65/100] search_obj=0.8215  search_best=0.7874  validation_best=0.8088  EI=0.0427  rnum=59.8  len=62  syn_rate=0.45  mean=0.7615  worsen=6.00%  highvar=0.00%
GA search time: 6.38s, candidates: 258
  [iter  66/100] search_obj=1.0717  search_best=0.7874  validation_best=0.8088  EI=0.0439  rnum=58.4  len=59  syn_rate=0.59  mean=0.9417  worsen=13.00%  highvar=0.00%
GA search time: 6.27s, candidates: 257
  [iter  67/100] search_obj=0.8220  search_best=0.7874  validation_best=0.8088  EI=0.0405  rnum=57.0  len=43  syn_rate=0.43  mean=0.7620  worsen=6.00%  highvar=0.00%
GA search time: 6.58s, candidates: 255
  [iter  68/100] search_obj=1.0372  search_best=0.7874  validation_best=0.8088  EI=0.0392  rnum=55.7  len=61  syn_rate=0.47  mean=0.7672  worsen=27.00%  highvar=0.00%
GA search time: 6.92s, candidates: 254
  [iter  69/100] search_obj=0.8216  search_best=0.7874  validation_best=0.8088  EI=0.0395  rnum=54.3  len=41  syn_rate=0.41  mean=0.7616  worsen=6.00%  highvar=0.00%
GA search time: 7.77s, candidates: 253
  [iter  70/100] search_obj=0.8422  search_best=0.7874  validation_best=0.8088  EI=0.0424  rnum=53.0  len=50  syn_rate=0.41  mean=0.7722  worsen=7.00%  highvar=0.00%
GA search time: 5.96s, candidates: 251
  [iter  71/100] search_obj=0.8114  search_best=0.7874  validation_best=0.8088  EI=0.0413  rnum=51.7  len=45  syn_rate=0.40  mean=0.7614  worsen=5.00%  highvar=0.00%
GA search time: 6.80s, candidates: 250
  [iter  72/100] search_obj=1.5235  search_best=0.7874  validation_best=0.8088  EI=0.0380  rnum=50.5  len=21  syn_rate=0.28  mean=1.0035  worsen=52.00%  highvar=0.00%
GA search time: 6.64s, candidates: 249
  [iter  73/100] search_obj=0.8114  search_best=0.7874  validation_best=0.8088  EI=0.0451  rnum=49.2  len=46  syn_rate=0.40  mean=0.7614  worsen=5.00%  highvar=0.00%
GA search time: 6.21s, candidates: 247
  [iter  74/100] search_obj=0.9435  search_best=0.7874  validation_best=0.8088  EI=0.0341  rnum=48.0  len=53  syn_rate=0.41  mean=0.8435  worsen=10.00%  highvar=0.00%
GA search time: 6.73s, candidates: 246
  [iter  75/100] search_obj=1.0931  search_best=0.7874  validation_best=0.8088  EI=0.0344  rnum=46.8  len=78  syn_rate=0.50  mean=0.9031  worsen=19.00%  highvar=0.00%
GA search time: 5.81s, candidates: 245
  [iter  76/100] search_obj=0.8114  search_best=0.7874  validation_best=0.8088  EI=0.0503  rnum=45.6  len=46  syn_rate=0.40  mean=0.7614  worsen=5.00%  highvar=0.00%
GA search time: 6.58s, candidates: 244
  [iter  77/100] search_obj=1.5420  search_best=0.7874  validation_best=0.8088  EI=0.0348  rnum=44.4  len=66  syn_rate=0.48  mean=0.9420  worsen=60.00%  highvar=0.00%
GA search time: 5.83s, candidates: 243
  [iter  78/100] search_obj=1.1564  search_best=0.7874  validation_best=0.8088  EI=0.0364  rnum=43.3  len=42  syn_rate=0.40  mean=0.9864  worsen=17.00%  highvar=0.00%
GA search time: 7.02s, candidates: 242
  [iter  79/100] search_obj=0.8260  search_best=0.7874  validation_best=0.8088  EI=0.0417  rnum=42.2  len=65  syn_rate=0.59  mean=0.7660  worsen=6.00%  highvar=0.00%
GA search time: 6.23s, candidates: 241
  [iter  80/100] search_obj=0.9164  search_best=0.7874  validation_best=0.8088  EI=0.0330  rnum=41.1  len=64  syn_rate=0.54  mean=0.8064  worsen=11.00%  highvar=0.00%
GA search time: 6.08s, candidates: 239
  [iter  81/100] search_obj=0.8447  search_best=0.7874  validation_best=0.8088  EI=0.0343  rnum=40.0  len=46  syn_rate=0.53  mean=0.7747  worsen=7.00%  highvar=0.00%
GA search time: 5.34s, candidates: 238
  [iter  82/100] search_obj=1.7538  search_best=0.7874  validation_best=0.8088  EI=0.0367  rnum=38.9  len=47  syn_rate=0.43  mean=1.0138  worsen=74.00%  highvar=0.00%
GA search time: 5.80s, candidates: 237
  [iter  83/100] search_obj=0.8108  search_best=0.7874  validation_best=0.8088  EI=0.0490  rnum=37.9  len=47  syn_rate=0.43  mean=0.7608  worsen=5.00%  highvar=0.00%
GA search time: 4.92s, candidates: 236
  [iter  84/100] search_obj=0.9644  search_best=0.7874  validation_best=0.8088  EI=0.0440  rnum=36.9  len=50  syn_rate=0.42  mean=0.8544  worsen=11.00%  highvar=0.00%
GA search time: 7.18s, candidates: 235
  [iter  85/100] search_obj=1.2188  search_best=0.7874  validation_best=0.8088  EI=0.0396  rnum=35.9  len=45  syn_rate=0.40  mean=0.9488  worsen=27.00%  highvar=0.00%
GA search time: 5.41s, candidates: 234
  [iter  86/100] search_obj=1.0639  search_best=0.7874  validation_best=0.8088  EI=0.0393  rnum=34.9  len=45  syn_rate=0.42  mean=0.9439  worsen=12.00%  highvar=0.00%
GA search time: 5.40s, candidates: 233
  [iter  87/100] search_obj=0.8472  search_best=0.7874  validation_best=0.8088  EI=0.0322  rnum=33.9  len=21  syn_rate=0.34  mean=0.7772  worsen=7.00%  highvar=0.00%
GA search time: 4.83s, candidates: 233
  [iter  88/100] search_obj=0.8529  search_best=0.7874  validation_best=0.8088  EI=0.0359  rnum=33.0  len=38  syn_rate=0.44  mean=0.7829  worsen=7.00%  highvar=0.00%
GA search time: 5.20s, candidates: 232
  [iter  89/100] search_obj=0.7874  search_best=0.7874  validation_best=0.8088  EI=0.0328  rnum=32.1  len=71  syn_rate=0.60  mean=0.7274  worsen=6.00%  highvar=0.00%
GA search time: 5.19s, candidates: 231
  [iter  90/100] search_obj=0.8215  search_best=0.7874  validation_best=0.8088  EI=0.0401  rnum=31.2  len=69  syn_rate=0.51  mean=0.7615  worsen=6.00%  highvar=0.00%
GA search time: 5.55s, candidates: 230
  [iter  91/100] search_obj=0.7874  search_best=0.7874  validation_best=0.8088  EI=0.0490  rnum=30.3  len=63  syn_rate=0.60  mean=0.7274  worsen=6.00%  highvar=0.00%
GA search time: 6.87s, candidates: 229
  [iter  92/100] search_obj=0.7873  search_best=0.7873  validation_best=0.8088  EI=0.0430  rnum=29.5  len=66  syn_rate=0.61  mean=0.7273  worsen=6.00%  highvar=0.00%
GA search time: 7.68s, candidates: 228
  [iter  93/100] search_obj=0.8211  search_best=0.7873  validation_best=0.8088  EI=0.0326  rnum=28.6  len=67  syn_rate=0.47  mean=0.7611  worsen=6.00%  highvar=0.00%
GA search time: 6.21s, candidates: 227
  [iter  94/100] search_obj=0.9757  search_best=0.7873  validation_best=0.8088  EI=0.0382  rnum=27.8  len=45  syn_rate=0.61  mean=0.8557  worsen=12.00%  highvar=0.00%
GA search time: 5.74s, candidates: 226
  [iter  95/100] search_obj=1.0518  search_best=0.7873  validation_best=0.8088  EI=0.0351  rnum=27.0  len=74  syn_rate=0.57  mean=0.9418  worsen=11.00%  highvar=0.00%
GA search time: 5.77s, candidates: 226
  [iter  96/100] search_obj=1.0306  search_best=0.7873  validation_best=0.8088  EI=0.0376  rnum=26.2  len=46  syn_rate=0.42  mean=0.9406  worsen=9.00%  highvar=0.00%
GA search time: 4.71s, candidates: 225
  [iter  97/100] search_obj=0.8244  search_best=0.7873  validation_best=0.8088  EI=0.0381  rnum=25.4  len=67  syn_rate=0.60  mean=0.7644  worsen=6.00%  highvar=0.00%
GA search time: 7.52s, candidates: 224
  [iter  98/100] search_obj=0.8210  search_best=0.7873  validation_best=0.8088  EI=0.0325  rnum=24.7  len=62  syn_rate=0.47  mean=0.7610  worsen=6.00%  highvar=0.00%
GA search time: 6.50s, candidates: 223
  [iter  99/100] search_obj=0.7874  search_best=0.7873  validation_best=0.8088  EI=0.0386  rnum=24.0  len=66  syn_rate=0.61  mean=0.7274  worsen=6.00%  highvar=0.00%
GA search time: 4.96s, candidates: 223
  [iter 100/100] search_obj=0.8443  search_best=0.7873  validation_best=0.8088  EI=0.0327  rnum=23.3  len=52  syn_rate=0.48  mean=0.7743  worsen=7.00%  highvar=0.00%

[Step 5] 按 validation 选择最终通用序列...
  选择结果:
    search_train_obj=0.8216, search_train_mean=0.7616, search_train_worsen=6.00%, search_train_highvar=0.00%
    validation_obj=0.8088, validation_mean=0.7488, validation_worsen=6.00%, validation_highvar=0.00%

[Step 6] 在 validation 上执行消融后处理...

[Ablation-validation] 初始序列长度: 41, objective: 0.8088, mean_norm: 0.7488, worsen_rate: 6.00%
  移除 [40] module(scc-oz-module-inliner): objective 0.8088, mean_norm 0.7488, worsen_rate 6.00% (保留移除)
  移除 [39] module(elim-avail-extern): objective 0.8088, mean_norm 0.7488, worsen_rate 6.00% (保留移除)
  移除 [38] module(iroutliner): objective 0.8088, mean_norm 0.7488, worsen_rate 6.00% (保留移除)
  移除 [37] function(dce): objective 0.8088, mean_norm 0.7488, worsen_rate 6.00% (保留移除)
  移除 [36] module(attributor): objective 0.8088, mean_norm 0.7488, worsen_rate 6.00% (保留移除)
  移除 [35] module(globalopt): objective 0.8088, mean_norm 0.7488, worsen_rate 6.00% (保留移除)
  移除 [34] function(gvn-sink): objective 0.8088, mean_norm 0.7488, worsen_rate 6.00% (保留移除)
  移除 [33] function(gvn-sink): objective 0.8088, mean_norm 0.7488, worsen_rate 6.00% (保留移除)
  移除 [32] module(scc-oz-module-inliner): objective 0.8088, mean_norm 0.7488, worsen_rate 6.00% (保留移除)
  移除 [31] module(elim-avail-extern): objective 0.8088, mean_norm 0.7488, worsen_rate 6.00% (保留移除)
  移除 [30] module(elim-avail-extern): objective 0.8088, mean_norm 0.7488, worsen_rate 6.00% (保留移除)
  移除 [29] module(scc-oz-module-inliner): objective 1.0947 > 0.8088 (恢复)
  移除 [28] module(attributor): objective 0.8088, mean_norm 0.7488, worsen_rate 6.00% (保留移除)
  移除 [27] module(elim-avail-extern): objective 0.8088, mean_norm 0.7488, worsen_rate 6.00% (保留移除)
  移除 [26] loop(loop-simplifycfg): objective 0.8088, mean_norm 0.7488, worsen_rate 6.00% (保留移除)
  移除 [25] cgscc(attributor-cgscc): objective 0.8116 > 0.8088 (恢复)
  移除 [24] module(globalopt): objective 0.8088, mean_norm 0.7488, worsen_rate 6.00% (保留移除)
  移除 [23] module(scc-oz-module-inliner): objective 0.8123 > 0.8088 (恢复)
  移除 [22] module(elim-avail-extern): objective 0.8088, mean_norm 0.7488, worsen_rate 6.00% (保留移除)
  移除 [21] module(iroutliner): objective 0.8091 > 0.8088 (恢复)
  移除 [20] function(dce): objective 0.8088, mean_norm 0.7488, worsen_rate 6.00% (保留移除)
  移除 [19] module(attributor): objective 0.8122 > 0.8088 (恢复)
  移除 [18] module(globalopt): objective 0.8088, mean_norm 0.7488, worsen_rate 6.00% (保留移除)
  移除 [17] function(gvn-sink): objective 0.8088, mean_norm 0.7488, worsen_rate 6.00% (保留移除)
  移除 [16] module(inferattrs): objective 0.8131 > 0.8088 (恢复)
  移除 [15] module(globalopt): objective 0.8088, mean_norm 0.7488, worsen_rate 6.00% (保留移除)
  移除 [14] function(gvn-sink): objective 0.8088, mean_norm 0.7488, worsen_rate 6.00% (保留移除)
  移除 [13] function(gvn-sink): objective 0.8088, mean_norm 0.7488, worsen_rate 6.00% (保留移除)
  移除 [12] function(gvn-sink): objective 0.8088, mean_norm 0.7488, worsen_rate 6.00% (保留移除)
  移除 [11] module(scc-oz-module-inliner): objective 0.8090 > 0.8088 (恢复)
  移除 [10] module(scc-oz-module-inliner): objective 0.8090 > 0.8088 (恢复)
  移除 [9] loop(loop-simplifycfg): objective 0.8088, mean_norm 0.7488, worsen_rate 6.00% (保留移除)
  移除 [8] loop(loop-simplifycfg): objective 0.8088, mean_norm 0.7488, worsen_rate 6.00% (保留移除)
  移除 [7] module(globalopt): objective 1.2797 > 0.8088 (恢复)
  移除 [6] function(jump-threading): objective 0.8088, mean_norm 0.7488, worsen_rate 6.00% (保留移除)
  移除 [5] function(memcpyopt): objective 0.8088, mean_norm 0.7488, worsen_rate 6.00% (保留移除)
  移除 [4] module(attributor): objective 1.0312 > 0.8088 (恢复)
  移除 [3] function(gvn-hoist): objective 0.8098 > 0.8088 (恢复)
  移除 [2] function(instsimplify): objective 0.8088, mean_norm 0.7488, worsen_rate 6.00% (保留移除)
  移除 [1] module(iroutliner): objective 0.9286 > 0.8088 (恢复)
  移除 [0] module(elim-avail-extern): objective 1.4520 > 0.8088 (恢复)
[Ablation-validation] 最终序列长度: 13, objective: 0.8088, mean_norm: 0.7488, worsen_rate: 6.00%, 移除了 28 个 pass
  消融有效: 41 → 13 passes, validation_objective: 0.8088 → 0.8088

最终通用 pass 序列（effective=13 个顶层 pass, raw=13 个 pass, syn_rate(raw)=0.14）:
  module(elim-avail-extern) → module(iroutliner) → function(gvn-hoist) → module(attributor) → module(globalopt) → module(scc-oz-module-inliner) → module(scc-oz-module-inliner) → module(inferattrs) → module(attributor) → module(iroutliner) → module(scc-oz-module-inliner) → cgscc(attributor-cgscc) → module(scc-oz-module-inliner)
  search_train_obj=0.8227, search_train_mean=0.7627, search_train_worsen=6.00%, search_train_highvar=0.00%
  validation_obj=0.8088, validation_mean=0.7488, validation_worsen=6.00%, validation_highvar=0.00%
  test_obj=0.9842, test_mean=0.8242, test_worsen=16.00%, test_highvar=0.00%

Top-5 最佳序列（按 validation 多目标 objective 升序）:
  #1: validation_obj=0.8088, validation_mean=0.7488, validation_worsen=6.00%, validation_highvar=0.00%, train_obj=0.8216, train_mean=0.7616, train_highvar=0.00%, len=41, syn_rate=0.41, test_obj=0.9839, test_mean=0.8239, test_worsen=16.00%, test_highvar=0.00%
     module(elim-avail-extern) → module(iroutliner) → function(instsimplify) → function(gvn-hoist) → module(attributor) → function(memcpyopt) → function(jump-threading) → module(globalopt) → function(loop(loop-simplifycfg)) → function(loop(loop-simplifycfg)) → module(scc-oz-module-inliner) → module(scc-oz-module-inliner) → function(gvn-sink) → function(gvn-sink) → function(gvn-sink) → module(globalopt) → module(inferattrs) → function(gvn-sink) → module(globalopt) → module(attributor) → function(dce) → module(iroutliner) → module(elim-avail-extern) → module(scc-oz-module-inliner) → module(globalopt) → cgscc(attributor-cgscc) → function(loop(loop-simplifycfg)) → module(elim-avail-extern) → module(attributor) → module(scc-oz-module-inliner) → module(elim-avail-extern) → module(elim-avail-extern) → module(scc-oz-module-inliner) → function(gvn-sink) → function(gvn-sink) → module(globalopt) → module(attributor) → function(dce) → module(iroutliner) → module(elim-avail-extern) → module(scc-oz-module-inliner)
     raw: module(elim-avail-extern) → module(iroutliner) → function(instsimplify) → function(gvn-hoist) → module(attributor) → function(memcpyopt) → function(jump-threading) → module(globalopt) → loop(loop-simplifycfg) → loop(loop-simplifycfg) → module(scc-oz-module-inliner) → module(scc-oz-module-inliner) → function(gvn-sink) → function(gvn-sink) → function(gvn-sink) → module(globalopt) → module(inferattrs) → function(gvn-sink) → module(globalopt) → module(attributor) → function(dce) → module(iroutliner) → module(elim-avail-extern) → module(scc-oz-module-inliner) → module(globalopt) → cgscc(attributor-cgscc) → loop(loop-simplifycfg) → module(elim-avail-extern) → module(attributor) → module(scc-oz-module-inliner) → module(elim-avail-extern) → module(elim-avail-extern) → module(scc-oz-module-inliner) → function(gvn-sink) → function(gvn-sink) → module(globalopt) → module(attributor) → function(dce) → module(iroutliner) → module(elim-avail-extern) → module(scc-oz-module-inliner)
  #2: validation_obj=0.8088, validation_mean=0.7488, validation_worsen=6.00%, validation_highvar=0.00%, train_obj=0.8211, train_mean=0.7611, train_highvar=0.00%, len=67, syn_rate=0.47, test_obj=0.9842, test_mean=0.8242, test_worsen=16.00%, test_highvar=0.00%
     module(elim-avail-extern) → module(iroutliner) → function(instsimplify) → function(gvn-hoist) → module(attributor) → function(memcpyopt) → module(scc-oz-module-inliner) → function(jump-threading) → module(globalopt) → function(gvn-sink) → function(dce) → function(gvn-sink) → function(gvn-sink) → function(gvn-sink) → function(jump-threading) → module(globalopt) → module(globalopt) → module(iroutliner) → function(loop(loop-simplifycfg)) → module(scc-oz-module-inliner) → function(gvn-sink) → function(gvn-sink) → module(globalopt) → function(loop(loop-simplifycfg)) → module(scc-oz-module-inliner) → function(gvn-sink) → module(globalopt) → module(attributor) → function(dce) → module(iroutliner) → module(elim-avail-extern) → module(scc-oz-module-inliner) → module(globalopt) → cgscc(attributor-cgscc) → function(loop(loop-simplifycfg)) → module(elim-avail-extern) → function(loop(loop-simplifycfg)) → function(dce) → function(instsimplify) → function(instsimplify) → module(inferattrs) → module(attributor) → module(scc-oz-module-inliner) → module(elim-avail-extern) → module(elim-avail-extern) → function(gvn-sink) → module(globalopt) → module(attributor) → function(dce) → module(iroutliner) → module(globalopt) → cgscc(attributor-cgscc) → function(loop(loop-simplifycfg)) → module(attributor) → function(gvn-sink) → module(elim-avail-extern) → module(scc-oz-module-inliner) → module(scc-oz-module-inliner) → module(attributor) → module(scc-oz-module-inliner) → module(attributor) → function(instsimplify) → module(iroutliner) → module(elim-avail-extern) → module(scc-oz-module-inliner) → module(attributor) → function(gvn-sink)
     raw: module(elim-avail-extern) → module(iroutliner) → function(instsimplify) → function(gvn-hoist) → module(attributor) → function(memcpyopt) → module(scc-oz-module-inliner) → function(jump-threading) → module(globalopt) → function(gvn-sink) → function(dce) → function(gvn-sink) → function(gvn-sink) → function(gvn-sink) → function(jump-threading) → module(globalopt) → module(globalopt) → module(iroutliner) → loop(loop-simplifycfg) → module(scc-oz-module-inliner) → function(gvn-sink) → function(gvn-sink) → module(globalopt) → loop(loop-simplifycfg) → module(scc-oz-module-inliner) → function(gvn-sink) → module(globalopt) → module(attributor) → function(dce) → module(iroutliner) → module(elim-avail-extern) → module(scc-oz-module-inliner) → module(globalopt) → cgscc(attributor-cgscc) → loop(loop-simplifycfg) → module(elim-avail-extern) → loop(loop-simplifycfg) → function(dce) → function(instsimplify) → function(instsimplify) → module(inferattrs) → module(attributor) → module(scc-oz-module-inliner) → module(elim-avail-extern) → module(elim-avail-extern) → function(gvn-sink) → module(globalopt) → module(attributor) → function(dce) → module(iroutliner) → module(globalopt) → cgscc(attributor-cgscc) → loop(loop-simplifycfg) → module(attributor) → function(gvn-sink) → module(elim-avail-extern) → module(scc-oz-module-inliner) → module(scc-oz-module-inliner) → module(attributor) → module(scc-oz-module-inliner) → module(attributor) → function(instsimplify) → module(iroutliner) → module(elim-avail-extern) → module(scc-oz-module-inliner) → module(attributor) → function(gvn-sink)
  #3: validation_obj=0.8088, validation_mean=0.7488, validation_worsen=6.00%, validation_highvar=0.00%, train_obj=0.8219, train_mean=0.7619, train_highvar=0.00%, len=41, syn_rate=0.43, test_obj=0.9884, test_mean=0.8284, test_worsen=16.00%, test_highvar=0.00%
     module(elim-avail-extern) → module(iroutliner) → function(instsimplify) → function(gvn-hoist) → module(attributor) → function(memcpyopt) → function(jump-threading) → module(globalopt) → module(iroutliner) → function(loop(loop-simplifycfg)) → module(scc-oz-module-inliner) → function(gvn-sink) → function(gvn-sink) → module(globalopt) → module(attributor) → function(dce) → module(iroutliner) → module(elim-avail-extern) → function(loop(loop-simplifycfg)) → module(scc-oz-module-inliner) → function(gvn-sink) → function(gvn-sink) → module(globalopt) → module(globalopt) → module(attributor) → function(dce) → module(iroutliner) → module(globalopt) → module(attributor) → function(loop(loop-simplifycfg)) → module(inferattrs) → function(dce) → function(instsimplify) → module(elim-avail-extern) → module(elim-avail-extern) → module(globalopt) → cgscc(attributor-cgscc) → function(loop(loop-simplifycfg)) → module(attributor) → module(elim-avail-extern) → module(scc-oz-module-inliner)
     raw: module(elim-avail-extern) → module(iroutliner) → function(instsimplify) → function(gvn-hoist) → module(attributor) → function(memcpyopt) → function(jump-threading) → module(globalopt) → module(iroutliner) → loop(loop-simplifycfg) → module(scc-oz-module-inliner) → function(gvn-sink) → function(gvn-sink) → module(globalopt) → module(attributor) → function(dce) → module(iroutliner) → module(elim-avail-extern) → loop(loop-simplifycfg) → module(scc-oz-module-inliner) → function(gvn-sink) → function(gvn-sink) → module(globalopt) → module(globalopt) → module(attributor) → function(dce) → module(iroutliner) → module(globalopt) → module(attributor) → loop(loop-simplifycfg) → module(inferattrs) → function(dce) → function(instsimplify) → module(elim-avail-extern) → module(elim-avail-extern) → module(globalopt) → cgscc(attributor-cgscc) → loop(loop-simplifycfg) → module(attributor) → module(elim-avail-extern) → module(scc-oz-module-inliner)
  #4: validation_obj=0.8088, validation_mean=0.7488, validation_worsen=6.00%, validation_highvar=0.00%, train_obj=0.8220, train_mean=0.7620, train_highvar=0.00%, len=43, syn_rate=0.43, test_obj=0.9859, test_mean=0.8259, test_worsen=16.00%, test_highvar=0.00%
     module(elim-avail-extern) → module(iroutliner) → function(instsimplify) → function(gvn-hoist) → module(attributor) → function(memcpyopt) → function(jump-threading) → module(globalopt) → module(iroutliner) → function(loop(loop-simplifycfg)) → module(elim-avail-extern) → module(scc-oz-module-inliner) → module(scc-oz-module-inliner) → function(gvn-sink) → function(gvn-sink) → module(globalopt) → module(attributor) → function(dce) → module(iroutliner) → module(scc-oz-module-inliner) → function(loop(loop-simplifycfg)) → module(scc-oz-module-inliner) → function(gvn-sink) → function(gvn-sink) → module(globalopt) → module(globalopt) → module(attributor) → function(dce) → module(iroutliner) → module(globalopt) → module(attributor) → function(loop(loop-simplifycfg)) → module(inferattrs) → function(dce) → function(instsimplify) → module(elim-avail-extern) → module(elim-avail-extern) → module(globalopt) → cgscc(attributor-cgscc) → function(loop(loop-simplifycfg)) → module(attributor) → module(elim-avail-extern) → module(scc-oz-module-inliner)
     raw: module(elim-avail-extern) → module(iroutliner) → function(instsimplify) → function(gvn-hoist) → module(attributor) → function(memcpyopt) → function(jump-threading) → module(globalopt) → module(iroutliner) → loop(loop-simplifycfg) → module(elim-avail-extern) → module(scc-oz-module-inliner) → module(scc-oz-module-inliner) → function(gvn-sink) → function(gvn-sink) → module(globalopt) → module(attributor) → function(dce) → module(iroutliner) → module(scc-oz-module-inliner) → loop(loop-simplifycfg) → module(scc-oz-module-inliner) → function(gvn-sink) → function(gvn-sink) → module(globalopt) → module(globalopt) → module(attributor) → function(dce) → module(iroutliner) → module(globalopt) → module(attributor) → loop(loop-simplifycfg) → module(inferattrs) → function(dce) → function(instsimplify) → module(elim-avail-extern) → module(elim-avail-extern) → module(globalopt) → cgscc(attributor-cgscc) → loop(loop-simplifycfg) → module(attributor) → module(elim-avail-extern) → module(scc-oz-module-inliner)
  #5: validation_obj=0.8088, validation_mean=0.7488, validation_worsen=6.00%, validation_highvar=0.00%, train_obj=0.8215, train_mean=0.7615, train_highvar=0.00%, len=54, syn_rate=0.45, test_obj=0.9884, test_mean=0.8284, test_worsen=16.00%, test_highvar=0.00%
     module(elim-avail-extern) → module(iroutliner) → function(instsimplify) → function(gvn-hoist) → module(attributor) → function(memcpyopt) → function(jump-threading) → module(globalopt) → module(iroutliner) → function(loop(loop-simplifycfg)) → module(scc-oz-module-inliner) → function(gvn-sink) → function(gvn-sink) → module(globalopt) → module(attributor) → function(dce) → module(iroutliner) → module(elim-avail-extern) → function(loop(loop-simplifycfg)) → module(scc-oz-module-inliner) → function(gvn-sink) → function(gvn-sink) → module(globalopt) → module(globalopt) → module(attributor) → function(dce) → module(iroutliner) → module(globalopt) → module(attributor) → function(loop(loop-simplifycfg)) → module(inferattrs) → function(dce) → function(instsimplify) → module(elim-avail-extern) → module(elim-avail-extern) → module(scc-oz-module-inliner) → module(globalopt) → cgscc(attributor-cgscc) → function(loop(loop-simplifycfg)) → module(attributor) → module(elim-avail-extern) → module(scc-oz-module-inliner) → module(scc-oz-module-inliner) → function(loop(loop-simplifycfg)) → module(attributor) → module(scc-oz-module-inliner) → module(elim-avail-extern) → module(globalopt) → function(gvn-sink) → module(globalopt) → module(iroutliner) → module(scc-oz-module-inliner) → module(scc-oz-module-inliner) → function(instsimplify)
     raw: module(elim-avail-extern) → module(iroutliner) → function(instsimplify) → function(gvn-hoist) → module(attributor) → function(memcpyopt) → function(jump-threading) → module(globalopt) → module(iroutliner) → loop(loop-simplifycfg) → module(scc-oz-module-inliner) → function(gvn-sink) → function(gvn-sink) → module(globalopt) → module(attributor) → function(dce) → module(iroutliner) → module(elim-avail-extern) → loop(loop-simplifycfg) → module(scc-oz-module-inliner) → function(gvn-sink) → function(gvn-sink) → module(globalopt) → module(globalopt) → module(attributor) → function(dce) → module(iroutliner) → module(globalopt) → module(attributor) → loop(loop-simplifycfg) → module(inferattrs) → function(dce) → function(instsimplify) → module(elim-avail-extern) → module(elim-avail-extern) → module(scc-oz-module-inliner) → module(globalopt) → cgscc(attributor-cgscc) → loop(loop-simplifycfg) → module(attributor) → module(elim-avail-extern) → module(scc-oz-module-inliner) → module(scc-oz-module-inliner) → loop(loop-simplifycfg) → module(attributor) → module(scc-oz-module-inliner) → module(elim-avail-extern) → module(globalopt) → function(gvn-sink) → module(globalopt) → module(iroutliner) → module(scc-oz-module-inliner) → module(scc-oz-module-inliner) → function(instsimplify)

============================================================
所有轮次中最优 validation objective: 0.8088
最优通用 pass 序列 (13 passes):
  module(elim-avail-extern) → module(iroutliner) → function(gvn-hoist) → module(attributor) → module(globalopt) → module(scc-oz-module-inliner) → module(scc-oz-module-inliner) → module(inferattrs) → module(attributor) → module(iroutliner) → module(scc-oz-module-inliner) → cgscc(attributor-cgscc) → module(scc-oz-module-inliner)
  search_train_obj=0.8227, search_train_mean=0.7627, search_train_worsen=6.00%, search_train_highvar=0.00%
  validation_obj=0.8088, validation_mean=0.7488, validation_worsen=6.00%, validation_highvar=0.00%
  test_obj=0.9842, test_mean=0.8242, test_worsen=16.00%, test_highvar=0.00%

最优轮次 Top-5 序列（含测试集效果，按 validation objective 升序）:
  #1: validation_obj=0.8088, validation_mean=0.7488, validation_worsen=6.00%, validation_highvar=0.00%, train_obj=0.8216, train_mean=0.7616, train_highvar=0.00%, len=41, syn_rate=0.41, test_obj=0.9839, test_mean=0.8239, test_worsen=16.00%, test_highvar=0.00%
     module(elim-avail-extern) → module(iroutliner) → function(instsimplify) → function(gvn-hoist) → module(attributor) → function(memcpyopt) → function(jump-threading) → module(globalopt) → function(loop(loop-simplifycfg)) → function(loop(loop-simplifycfg)) → module(scc-oz-module-inliner) → module(scc-oz-module-inliner) → function(gvn-sink) → function(gvn-sink) → function(gvn-sink) → module(globalopt) → module(inferattrs) → function(gvn-sink) → module(globalopt) → module(attributor) → function(dce) → module(iroutliner) → module(elim-avail-extern) → module(scc-oz-module-inliner) → module(globalopt) → cgscc(attributor-cgscc) → function(loop(loop-simplifycfg)) → module(elim-avail-extern) → module(attributor) → module(scc-oz-module-inliner) → module(elim-avail-extern) → module(elim-avail-extern) → module(scc-oz-module-inliner) → function(gvn-sink) → function(gvn-sink) → module(globalopt) → module(attributor) → function(dce) → module(iroutliner) → module(elim-avail-extern) → module(scc-oz-module-inliner)
     raw: module(elim-avail-extern) → module(iroutliner) → function(instsimplify) → function(gvn-hoist) → module(attributor) → function(memcpyopt) → function(jump-threading) → module(globalopt) → loop(loop-simplifycfg) → loop(loop-simplifycfg) → module(scc-oz-module-inliner) → module(scc-oz-module-inliner) → function(gvn-sink) → function(gvn-sink) → function(gvn-sink) → module(globalopt) → module(inferattrs) → function(gvn-sink) → module(globalopt) → module(attributor) → function(dce) → module(iroutliner) → module(elim-avail-extern) → module(scc-oz-module-inliner) → module(globalopt) → cgscc(attributor-cgscc) → loop(loop-simplifycfg) → module(elim-avail-extern) → module(attributor) → module(scc-oz-module-inliner) → module(elim-avail-extern) → module(elim-avail-extern) → module(scc-oz-module-inliner) → function(gvn-sink) → function(gvn-sink) → module(globalopt) → module(attributor) → function(dce) → module(iroutliner) → module(elim-avail-extern) → module(scc-oz-module-inliner)
  #2: validation_obj=0.8088, validation_mean=0.7488, validation_worsen=6.00%, validation_highvar=0.00%, train_obj=0.8211, train_mean=0.7611, train_highvar=0.00%, len=67, syn_rate=0.47, test_obj=0.9842, test_mean=0.8242, test_worsen=16.00%, test_highvar=0.00%
     module(elim-avail-extern) → module(iroutliner) → function(instsimplify) → function(gvn-hoist) → module(attributor) → function(memcpyopt) → module(scc-oz-module-inliner) → function(jump-threading) → module(globalopt) → function(gvn-sink) → function(dce) → function(gvn-sink) → function(gvn-sink) → function(gvn-sink) → function(jump-threading) → module(globalopt) → module(globalopt) → module(iroutliner) → function(loop(loop-simplifycfg)) → module(scc-oz-module-inliner) → function(gvn-sink) → function(gvn-sink) → module(globalopt) → function(loop(loop-simplifycfg)) → module(scc-oz-module-inliner) → function(gvn-sink) → module(globalopt) → module(attributor) → function(dce) → module(iroutliner) → module(elim-avail-extern) → module(scc-oz-module-inliner) → module(globalopt) → cgscc(attributor-cgscc) → function(loop(loop-simplifycfg)) → module(elim-avail-extern) → function(loop(loop-simplifycfg)) → function(dce) → function(instsimplify) → function(instsimplify) → module(inferattrs) → module(attributor) → module(scc-oz-module-inliner) → module(elim-avail-extern) → module(elim-avail-extern) → function(gvn-sink) → module(globalopt) → module(attributor) → function(dce) → module(iroutliner) → module(globalopt) → cgscc(attributor-cgscc) → function(loop(loop-simplifycfg)) → module(attributor) → function(gvn-sink) → module(elim-avail-extern) → module(scc-oz-module-inliner) → module(scc-oz-module-inliner) → module(attributor) → module(scc-oz-module-inliner) → module(attributor) → function(instsimplify) → module(iroutliner) → module(elim-avail-extern) → module(scc-oz-module-inliner) → module(attributor) → function(gvn-sink)
     raw: module(elim-avail-extern) → module(iroutliner) → function(instsimplify) → function(gvn-hoist) → module(attributor) → function(memcpyopt) → module(scc-oz-module-inliner) → function(jump-threading) → module(globalopt) → function(gvn-sink) → function(dce) → function(gvn-sink) → function(gvn-sink) → function(gvn-sink) → function(jump-threading) → module(globalopt) → module(globalopt) → module(iroutliner) → loop(loop-simplifycfg) → module(scc-oz-module-inliner) → function(gvn-sink) → function(gvn-sink) → module(globalopt) → loop(loop-simplifycfg) → module(scc-oz-module-inliner) → function(gvn-sink) → module(globalopt) → module(attributor) → function(dce) → module(iroutliner) → module(elim-avail-extern) → module(scc-oz-module-inliner) → module(globalopt) → cgscc(attributor-cgscc) → loop(loop-simplifycfg) → module(elim-avail-extern) → loop(loop-simplifycfg) → function(dce) → function(instsimplify) → function(instsimplify) → module(inferattrs) → module(attributor) → module(scc-oz-module-inliner) → module(elim-avail-extern) → module(elim-avail-extern) → function(gvn-sink) → module(globalopt) → module(attributor) → function(dce) → module(iroutliner) → module(globalopt) → cgscc(attributor-cgscc) → loop(loop-simplifycfg) → module(attributor) → function(gvn-sink) → module(elim-avail-extern) → module(scc-oz-module-inliner) → module(scc-oz-module-inliner) → module(attributor) → module(scc-oz-module-inliner) → module(attributor) → function(instsimplify) → module(iroutliner) → module(elim-avail-extern) → module(scc-oz-module-inliner) → module(attributor) → function(gvn-sink)
  #3: validation_obj=0.8088, validation_mean=0.7488, validation_worsen=6.00%, validation_highvar=0.00%, train_obj=0.8219, train_mean=0.7619, train_highvar=0.00%, len=41, syn_rate=0.43, test_obj=0.9884, test_mean=0.8284, test_worsen=16.00%, test_highvar=0.00%
     module(elim-avail-extern) → module(iroutliner) → function(instsimplify) → function(gvn-hoist) → module(attributor) → function(memcpyopt) → function(jump-threading) → module(globalopt) → module(iroutliner) → function(loop(loop-simplifycfg)) → module(scc-oz-module-inliner) → function(gvn-sink) → function(gvn-sink) → module(globalopt) → module(attributor) → function(dce) → module(iroutliner) → module(elim-avail-extern) → function(loop(loop-simplifycfg)) → module(scc-oz-module-inliner) → function(gvn-sink) → function(gvn-sink) → module(globalopt) → module(globalopt) → module(attributor) → function(dce) → module(iroutliner) → module(globalopt) → module(attributor) → function(loop(loop-simplifycfg)) → module(inferattrs) → function(dce) → function(instsimplify) → module(elim-avail-extern) → module(elim-avail-extern) → module(globalopt) → cgscc(attributor-cgscc) → function(loop(loop-simplifycfg)) → module(attributor) → module(elim-avail-extern) → module(scc-oz-module-inliner)
     raw: module(elim-avail-extern) → module(iroutliner) → function(instsimplify) → function(gvn-hoist) → module(attributor) → function(memcpyopt) → function(jump-threading) → module(globalopt) → module(iroutliner) → loop(loop-simplifycfg) → module(scc-oz-module-inliner) → function(gvn-sink) → function(gvn-sink) → module(globalopt) → module(attributor) → function(dce) → module(iroutliner) → module(elim-avail-extern) → loop(loop-simplifycfg) → module(scc-oz-module-inliner) → function(gvn-sink) → function(gvn-sink) → module(globalopt) → module(globalopt) → module(attributor) → function(dce) → module(iroutliner) → module(globalopt) → module(attributor) → loop(loop-simplifycfg) → module(inferattrs) → function(dce) → function(instsimplify) → module(elim-avail-extern) → module(elim-avail-extern) → module(globalopt) → cgscc(attributor-cgscc) → loop(loop-simplifycfg) → module(attributor) → module(elim-avail-extern) → module(scc-oz-module-inliner)
  #4: validation_obj=0.8088, validation_mean=0.7488, validation_worsen=6.00%, validation_highvar=0.00%, train_obj=0.8220, train_mean=0.7620, train_highvar=0.00%, len=43, syn_rate=0.43, test_obj=0.9859, test_mean=0.8259, test_worsen=16.00%, test_highvar=0.00%
     module(elim-avail-extern) → module(iroutliner) → function(instsimplify) → function(gvn-hoist) → module(attributor) → function(memcpyopt) → function(jump-threading) → module(globalopt) → module(iroutliner) → function(loop(loop-simplifycfg)) → module(elim-avail-extern) → module(scc-oz-module-inliner) → module(scc-oz-module-inliner) → function(gvn-sink) → function(gvn-sink) → module(globalopt) → module(attributor) → function(dce) → module(iroutliner) → module(scc-oz-module-inliner) → function(loop(loop-simplifycfg)) → module(scc-oz-module-inliner) → function(gvn-sink) → function(gvn-sink) → module(globalopt) → module(globalopt) → module(attributor) → function(dce) → module(iroutliner) → module(globalopt) → module(attributor) → function(loop(loop-simplifycfg)) → module(inferattrs) → function(dce) → function(instsimplify) → module(elim-avail-extern) → module(elim-avail-extern) → module(globalopt) → cgscc(attributor-cgscc) → function(loop(loop-simplifycfg)) → module(attributor) → module(elim-avail-extern) → module(scc-oz-module-inliner)
     raw: module(elim-avail-extern) → module(iroutliner) → function(instsimplify) → function(gvn-hoist) → module(attributor) → function(memcpyopt) → function(jump-threading) → module(globalopt) → module(iroutliner) → loop(loop-simplifycfg) → module(elim-avail-extern) → module(scc-oz-module-inliner) → module(scc-oz-module-inliner) → function(gvn-sink) → function(gvn-sink) → module(globalopt) → module(attributor) → function(dce) → module(iroutliner) → module(scc-oz-module-inliner) → loop(loop-simplifycfg) → module(scc-oz-module-inliner) → function(gvn-sink) → function(gvn-sink) → module(globalopt) → module(globalopt) → module(attributor) → function(dce) → module(iroutliner) → module(globalopt) → module(attributor) → loop(loop-simplifycfg) → module(inferattrs) → function(dce) → function(instsimplify) → module(elim-avail-extern) → module(elim-avail-extern) → module(globalopt) → cgscc(attributor-cgscc) → loop(loop-simplifycfg) → module(attributor) → module(elim-avail-extern) → module(scc-oz-module-inliner)
  #5: validation_obj=0.8088, validation_mean=0.7488, validation_worsen=6.00%, validation_highvar=0.00%, train_obj=0.8215, train_mean=0.7615, train_highvar=0.00%, len=54, syn_rate=0.45, test_obj=0.9884, test_mean=0.8284, test_worsen=16.00%, test_highvar=0.00%
     module(elim-avail-extern) → module(iroutliner) → function(instsimplify) → function(gvn-hoist) → module(attributor) → function(memcpyopt) → function(jump-threading) → module(globalopt) → module(iroutliner) → function(loop(loop-simplifycfg)) → module(scc-oz-module-inliner) → function(gvn-sink) → function(gvn-sink) → module(globalopt) → module(attributor) → function(dce) → module(iroutliner) → module(elim-avail-extern) → function(loop(loop-simplifycfg)) → module(scc-oz-module-inliner) → function(gvn-sink) → function(gvn-sink) → module(globalopt) → module(globalopt) → module(attributor) → function(dce) → module(iroutliner) → module(globalopt) → module(attributor) → function(loop(loop-simplifycfg)) → module(inferattrs) → function(dce) → function(instsimplify) → module(elim-avail-extern) → module(elim-avail-extern) → module(scc-oz-module-inliner) → module(globalopt) → cgscc(attributor-cgscc) → function(loop(loop-simplifycfg)) → module(attributor) → module(elim-avail-extern) → module(scc-oz-module-inliner) → module(scc-oz-module-inliner) → function(loop(loop-simplifycfg)) → module(attributor) → module(scc-oz-module-inliner) → module(elim-avail-extern) → module(globalopt) → function(gvn-sink) → module(globalopt) → module(iroutliner) → module(scc-oz-module-inliner) → module(scc-oz-module-inliner) → function(instsimplify)
     raw: module(elim-avail-extern) → module(iroutliner) → function(instsimplify) → function(gvn-hoist) → module(attributor) → function(memcpyopt) → function(jump-threading) → module(globalopt) → module(iroutliner) → loop(loop-simplifycfg) → module(scc-oz-module-inliner) → function(gvn-sink) → function(gvn-sink) → module(globalopt) → module(attributor) → function(dce) → module(iroutliner) → module(elim-avail-extern) → loop(loop-simplifycfg) → module(scc-oz-module-inliner) → function(gvn-sink) → function(gvn-sink) → module(globalopt) → module(globalopt) → module(attributor) → function(dce) → module(iroutliner) → module(globalopt) → module(attributor) → loop(loop-simplifycfg) → module(inferattrs) → function(dce) → function(instsimplify) → module(elim-avail-extern) → module(elim-avail-extern) → module(scc-oz-module-inliner) → module(globalopt) → cgscc(attributor-cgscc) → loop(loop-simplifycfg) → module(attributor) → module(elim-avail-extern) → module(scc-oz-module-inliner) → module(scc-oz-module-inliner) → loop(loop-simplifycfg) → module(attributor) → module(scc-oz-module-inliner) → module(elim-avail-extern) → module(globalopt) → function(gvn-sink) → module(globalopt) → module(iroutliner) → module(scc-oz-module-inliner) → module(scc-oz-module-inliner) → function(instsimplify)
binarysize_test: vs_none=0.999 (+0.1%)  vs_oz=1.000 (+0.0%)  vs_o3=0.995 (+0.5%) [metric=stripped_file_bytes]
binarysize_test[text_bytes]: vs_none=0.902 (+9.8%)  vs_oz=0.932 (+6.8%)  vs_o3=0.852 (+14.8%)
binarysize_test[data_bytes]: vs_none=0.989 (+1.1%)  vs_oz=0.994 (+0.6%)  vs_o3=0.990 (+1.0%)
binarysize_test[bss_bytes]: vs_none=1.000 (+0.0%)  vs_oz=1.000 (+0.0%)  vs_o3=1.000 (+0.0%)
binarysize_test[dec_bytes]: vs_none=0.925 (+7.5%)  vs_oz=0.949 (+5.1%)  vs_o3=0.885 (+11.5%)

最优轮次 Top-5 binarysize_test 序列面板（primary=stripped_file_bytes）:
  #1: len=41, syn_rate=0.41
     stripped_file_bytes: obj=1.0596, mean=0.9996, worsen=6.00%, vs_none=0.999 (+0.1%)  vs_oz=1.000 (+0.0%)  vs_o3=0.995 (+0.5%)
     text_bytes: obj=1.1326, mean=0.9326, worsen=20.00%, vs_none=0.903 (+9.7%)  vs_oz=0.933 (+6.7%)  vs_o3=0.853 (+14.7%)
     data_bytes: obj=1.0742, mean=0.9942, worsen=8.00%, vs_none=0.989 (+1.1%)  vs_oz=0.994 (+0.6%)  vs_o3=0.990 (+1.0%)
     bss_bytes: obj=1.0000, mean=1.0000, worsen=0.00%, vs_none=1.000 (+0.0%)  vs_oz=1.000 (+0.0%)  vs_o3=1.000 (+0.0%)
     dec_bytes: obj=1.1488, mean=0.9488, worsen=20.00%, vs_none=0.925 (+7.5%)  vs_oz=0.949 (+5.1%)  vs_o3=0.885 (+11.5%)
  #2: len=67, syn_rate=0.47
     stripped_file_bytes: obj=1.0596, mean=0.9996, worsen=6.00%, vs_none=0.999 (+0.1%)  vs_oz=1.000 (+0.0%)  vs_o3=0.995 (+0.5%)
     text_bytes: obj=1.1319, mean=0.9319, worsen=20.00%, vs_none=0.902 (+9.8%)  vs_oz=0.932 (+6.8%)  vs_o3=0.852 (+14.8%)
     data_bytes: obj=1.0742, mean=0.9942, worsen=8.00%, vs_none=0.989 (+1.1%)  vs_oz=0.994 (+0.6%)  vs_o3=0.990 (+1.0%)
     bss_bytes: obj=1.0000, mean=1.0000, worsen=0.00%, vs_none=1.000 (+0.0%)  vs_oz=1.000 (+0.0%)  vs_o3=1.000 (+0.0%)
     dec_bytes: obj=1.1483, mean=0.9483, worsen=20.00%, vs_none=0.925 (+7.5%)  vs_oz=0.948 (+5.2%)  vs_o3=0.885 (+11.5%)
  #3: len=41, syn_rate=0.43
     stripped_file_bytes: obj=1.0596, mean=0.9996, worsen=6.00%, vs_none=0.999 (+0.1%)  vs_oz=1.000 (+0.0%)  vs_o3=0.995 (+0.5%)
     text_bytes: obj=1.1364, mean=0.9364, worsen=20.00%, vs_none=0.906 (+9.4%)  vs_oz=0.936 (+6.4%)  vs_o3=0.856 (+14.4%)
     data_bytes: obj=1.0754, mean=0.9954, worsen=8.00%, vs_none=0.990 (+1.0%)  vs_oz=0.995 (+0.5%)  vs_o3=0.991 (+0.9%)
     bss_bytes: obj=1.0000, mean=1.0000, worsen=0.00%, vs_none=1.000 (+0.0%)  vs_oz=1.000 (+0.0%)  vs_o3=1.000 (+0.0%)
     dec_bytes: obj=1.1522, mean=0.9522, worsen=20.00%, vs_none=0.929 (+7.1%)  vs_oz=0.952 (+4.8%)  vs_o3=0.888 (+11.2%)
  #4: len=43, syn_rate=0.43
     stripped_file_bytes: obj=1.0596, mean=0.9996, worsen=6.00%, vs_none=0.999 (+0.1%)  vs_oz=1.000 (+0.0%)  vs_o3=0.995 (+0.5%)
     text_bytes: obj=1.1327, mean=0.9327, worsen=20.00%, vs_none=0.903 (+9.7%)  vs_oz=0.933 (+6.7%)  vs_o3=0.853 (+14.7%)
     data_bytes: obj=1.0742, mean=0.9942, worsen=8.00%, vs_none=0.989 (+1.1%)  vs_oz=0.994 (+0.6%)  vs_o3=0.990 (+1.0%)
     bss_bytes: obj=1.0000, mean=1.0000, worsen=0.00%, vs_none=1.000 (+0.0%)  vs_oz=1.000 (+0.0%)  vs_o3=1.000 (+0.0%)
     dec_bytes: obj=1.1490, mean=0.9490, worsen=20.00%, vs_none=0.926 (+7.4%)  vs_oz=0.949 (+5.1%)  vs_o3=0.886 (+11.4%)
  #5: len=54, syn_rate=0.45
     stripped_file_bytes: obj=1.0596, mean=0.9996, worsen=6.00%, vs_none=0.999 (+0.1%)  vs_oz=1.000 (+0.0%)  vs_o3=0.995 (+0.5%)
     text_bytes: obj=1.1364, mean=0.9364, worsen=20.00%, vs_none=0.906 (+9.4%)  vs_oz=0.936 (+6.4%)  vs_o3=0.856 (+14.4%)
     data_bytes: obj=1.0754, mean=0.9954, worsen=8.00%, vs_none=0.990 (+1.0%)  vs_oz=0.995 (+0.5%)  vs_o3=0.991 (+0.9%)
     bss_bytes: obj=1.0000, mean=1.0000, worsen=0.00%, vs_none=1.000 (+0.0%)  vs_oz=1.000 (+0.0%)  vs_o3=1.000 (+0.0%)
     dec_bytes: obj=1.1522, mean=0.9522, worsen=20.00%, vs_none=0.929 (+7.1%)  vs_oz=0.952 (+4.8%)  vs_o3=0.888 (+11.2%)
核心调优成本已写入: /root/exp/RFunipassLab/results/instrcount/summaries/20260510_195248_525320_feature_lite_seed458_core_tuning_cost.json
结果已写入: /root/exp/RFunipassLab/results/instrcount/summaries/20260510_195248_525320_feature_lite_seed458.json
总运行时间: 1518.58 秒
