# run_id: 20260423_121734_195330_feature_lite
# name: feature_lite
# group: feature_ablation
# description: 切换到 Lite 特征编码，保留其余搜索流程不变。
# changed: FEATURE_MODE=lite, GA_GEN=5, GA_POP=200, ITERS=100, MAX_SEQ_LEN=120, MIN_VAL_PROGRAMS=5, SEED_TOPK=0, TEST_TOPK=50, TRAIN_TOPK=200, VAL_RATIO=0.5
# result_json: /root/exp/RFunipassLab/results/instrcount/summaries/20260423_121734_195330_feature_lite.json
# started_at: 2026-04-23T12:17:34
# control_env:
#   BACKEND_OPT_LEVEL=-O0
#   BINARY_SIZE_METRIC=stripped_file_bytes
#   BINARY_SIZE_REPORT_METRICS=text_bytes,data_bytes,bss_bytes,dec_bytes
#   DECAY=0.5
#   FEATURE_MODE=lite
#   GA_ELITE=0.1
#   GA_GEN=5
#   GA_MUT=0.8
#   GA_POP=200
#   GA_TOUR=3
#   ITERS=100
#   MAX_SEQ_LEN=120
#   MIN_VAL_PROGRAMS=5
#   OBJECTIVE_BASELINE=oz
#   OBJECTIVE_KIND=instrcount
#   OBJ_HIGHVAR_W=0.0
#   OBJ_WORSEN_W=0.15
#   OFFSET=20
#   PROGRAM_POOL_KIND=auto
#   RNUM=256
#   RUNS=1
#   RUNTIME_EVAL_MAX_VARIANCE_PCT=15.0
#   RUNTIME_MAX_INNER_REPEATS=64
#   RUNTIME_MAX_VARIANCE_PCT=10.0
#   RUNTIME_REQUIRED_ROWS=0
#   RUNTIME_SAMPLES=5
#   RUNTIME_TARGET_SAMPLE_MS=30.0
#   RUNTIME_TIMEOUT_SEC=2.0
#   SCALE=10
#   SEED_TOPK=0
#   TEST_TOPK=50
#   TRAIN_TOPK=200
#   VAL_RATIO=0.5

Loading train/test rows from: /root/exp/RFunipassLab/data/tuning_results.csv
Loaded train programs:       200
Loaded initial seed seqs:    86
Loaded test programs:        50
Objective kind:              instrcount
Program pool kind:           tuning

Loading synergy graph from: /root/exp/RFunipassLab/data/Step3_EnumeratedPairs.csv
All passes (19): ['module(elim-avail-extern)', 'module(globalopt)', 'cgscc(attributor-cgscc)', 'module(scc-oz-module-inliner)', 'function(mem2reg)', 'function(instsimplify)', 'module(iroutliner)', 'function(reassociate)', 'function(memcpyopt)', 'function(gvn-hoist)', 'function(dce)', 'function(jump-threading)', 'module(attributor)', 'function(dse)', 'function(newgvn)', 'function(gvn-sink)', 'module(inferattrs)', 'loop(loop-simplifycfg)', 'function(lower-switch)']
Synergy edges: 176
Self-loop passes: {'module(attributor)', 'function(newgvn)', 'cgscc(attributor-cgscc)'}

============================================================
实验轮次 1 / 1
============================================================
============================================================
目标类型:      instrcount
目标基准:      -Oz
基准指标:      -Oz 基准指令数
优化指标:      归一化指令数
输入程序数:    200
输入次优序列数: 86
测试程序数:    50
Pass 词表大小: 19
协同边数:      176
自环 pass 数:  3
序列长度上限:  120
特征模式:      lite
RF 特征维度:   31
词表: ['module(elim-avail-extern)', 'module(globalopt)', 'cgscc(attributor-cgscc)', 'module(scc-oz-module-inliner)', 'function(mem2reg)', 'function(instsimplify)', 'module(iroutliner)', 'function(reassociate)', 'function(memcpyopt)', 'function(gvn-hoist)', 'function(dce)', 'function(jump-threading)', 'module(attributor)', 'function(dse)', 'function(newgvn)', 'function(gvn-sink)', 'module(inferattrs)', 'loop(loop-simplifycfg)', 'function(lower-switch)']
多目标权重:    mean=1.0, worsen=0.15, highvar=0.0

[Step 1.5] 训练程序切分...
  search_train 程序数: 100
  validation 程序数:   100

[Step 2] 计算 search_train 程序 -Oz 基准指令数...
[Step 2b] 计算 validation 程序 -Oz 基准指令数...
[Step 2c] 计算测试集程序 -Oz 基准指令数...

[Step 3] 评估初始 seed 序列（共 86 条）...

[Step 4] 开始贝叶斯优化（100 轮）...
GA search time: 7.52s, candidates: 368
  [iter   1/100] search_obj=0.9949  search_best=0.8133  validation_best=0.8529  EI=0.0124  rnum=168.4  len=25  syn_rate=0.51  mean=0.9769  worsen=12.00%  highvar=0.00%
GA search time: 7.05s, candidates: 366
  [iter   2/100] search_obj=0.8077  search_best=0.8077  validation_best=0.8442  EI=0.0149  rnum=166.3  len=17  syn_rate=0.32  mean=0.7957  worsen=8.00%  highvar=0.00%
GA search time: 9.28s, candidates: 364
  [iter   3/100] search_obj=1.0659  search_best=0.8077  validation_best=0.8442  EI=0.0106  rnum=164.2  len=51  syn_rate=0.58  mean=1.0254  worsen=27.00%  highvar=0.00%
GA search time: 8.46s, candidates: 362
  [iter   4/100] search_obj=1.0753  search_best=0.8077  validation_best=0.8442  EI=0.0132  rnum=162.0  len=19  syn_rate=0.32  mean=1.0438  worsen=21.00%  highvar=0.00%
GA search time: 8.34s, candidates: 359
  [iter   5/100] search_obj=0.8040  search_best=0.8040  validation_best=0.8412  EI=0.0147  rnum=159.9  len=18  syn_rate=0.37  mean=0.7935  worsen=7.00%  highvar=0.00%
GA search time: 11.80s, candidates: 357
  [iter   6/100] search_obj=0.9871  search_best=0.8040  validation_best=0.8412  EI=0.0166  rnum=157.7  len=25  syn_rate=0.36  mean=0.9601  worsen=18.00%  highvar=0.00%
GA search time: 10.07s, candidates: 355
  [iter   7/100] search_obj=1.2493  search_best=0.8040  validation_best=0.8412  EI=0.0128  rnum=155.6  len=15  syn_rate=0.23  mean=1.1278  worsen=81.00%  highvar=0.00%
GA search time: 8.67s, candidates: 353
  [iter   8/100] search_obj=0.8537  search_best=0.8040  validation_best=0.8375  EI=0.0141  rnum=153.4  len=19  syn_rate=0.43  mean=0.8387  worsen=10.00%  highvar=0.00%
GA search time: 9.29s, candidates: 351
  [iter   9/100] search_obj=1.2073  search_best=0.8040  validation_best=0.8375  EI=0.0160  rnum=151.3  len=18  syn_rate=0.31  mean=1.0873  worsen=80.00%  highvar=0.00%
GA search time: 6.78s, candidates: 349
  [iter  10/100] search_obj=1.0753  search_best=0.8040  validation_best=0.8375  EI=0.0141  rnum=149.1  len=18  syn_rate=0.28  mean=1.0438  worsen=21.00%  highvar=0.00%
GA search time: 5.02s, candidates: 346
  [iter  11/100] search_obj=1.0754  search_best=0.8040  validation_best=0.8375  EI=0.0162  rnum=147.0  len=18  syn_rate=0.32  mean=1.0439  worsen=21.00%  highvar=0.00%
GA search time: 5.17s, candidates: 344
  [iter  12/100] search_obj=1.3493  search_best=0.8040  validation_best=0.8375  EI=0.0164  rnum=144.8  len=22  syn_rate=0.42  mean=1.2128  worsen=91.00%  highvar=0.00%
GA search time: 9.16s, candidates: 342
  [iter  13/100] search_obj=1.2457  search_best=0.8040  validation_best=0.8375  EI=0.0161  rnum=142.7  len=24  syn_rate=0.51  mean=1.1212  worsen=83.00%  highvar=0.00%
GA search time: 7.58s, candidates: 340
  [iter  14/100] search_obj=0.8053  search_best=0.8040  validation_best=0.7925  EI=0.0166  rnum=140.5  len=22  syn_rate=0.58  mean=0.7903  worsen=10.00%  highvar=0.00%
GA search time: 11.22s, candidates: 338
  [iter  15/100] search_obj=1.0278  search_best=0.8040  validation_best=0.7925  EI=0.0179  rnum=138.4  len=23  syn_rate=0.61  mean=0.9963  worsen=21.00%  highvar=0.00%
GA search time: 8.83s, candidates: 336
  [iter  16/100] search_obj=0.7994  search_best=0.7994  validation_best=0.7925  EI=0.0127  rnum=136.3  len=22  syn_rate=0.45  mean=0.7889  worsen=7.00%  highvar=0.00%
GA search time: 12.22s, candidates: 334
  [iter  17/100] search_obj=1.1530  search_best=0.7994  validation_best=0.7925  EI=0.0173  rnum=134.2  len=111  syn_rate=0.56  mean=1.0480  worsen=70.00%  highvar=0.00%
GA search time: 6.10s, candidates: 332
  [iter  18/100] search_obj=0.8064  search_best=0.7994  validation_best=0.7925  EI=0.0170  rnum=132.1  len=22  syn_rate=0.44  mean=0.7944  worsen=8.00%  highvar=0.00%
GA search time: 6.35s, candidates: 329
  [iter  19/100] search_obj=0.8514  search_best=0.7994  validation_best=0.7925  EI=0.0162  rnum=130.0  len=22  syn_rate=0.49  mean=0.8379  worsen=9.00%  highvar=0.00%
GA search time: 5.91s, candidates: 327
  [iter  20/100] search_obj=1.0069  search_best=0.7994  validation_best=0.7925  EI=0.0158  rnum=127.9  len=44  syn_rate=0.47  mean=0.9784  worsen=19.00%  highvar=0.00%
GA search time: 2.79s, candidates: 325
  [iter  21/100] search_obj=1.0728  search_best=0.7994  validation_best=0.7925  EI=0.0138  rnum=125.8  len=22  syn_rate=0.45  mean=1.0413  worsen=21.00%  highvar=0.00%
GA search time: 2.46s, candidates: 323
  [iter  22/100] search_obj=0.8014  search_best=0.7994  validation_best=0.7925  EI=0.0166  rnum=123.7  len=22  syn_rate=0.39  mean=0.7909  worsen=7.00%  highvar=0.00%
GA search time: 2.51s, candidates: 321
  [iter  23/100] search_obj=1.0690  search_best=0.7994  validation_best=0.7925  EI=0.0138  rnum=121.6  len=22  syn_rate=0.41  mean=1.0390  worsen=20.00%  highvar=0.00%
GA search time: 4.29s, candidates: 319
  [iter  24/100] search_obj=1.0067  search_best=0.7994  validation_best=0.7925  EI=0.0146  rnum=119.6  len=23  syn_rate=0.40  mean=0.9782  worsen=19.00%  highvar=0.00%
GA search time: 2.93s, candidates: 317
  [iter  25/100] search_obj=1.0690  search_best=0.7994  validation_best=0.7925  EI=0.0146  rnum=117.5  len=17  syn_rate=0.33  mean=1.0390  worsen=20.00%  highvar=0.00%
GA search time: 3.30s, candidates: 315
  [iter  26/100] search_obj=1.0273  search_best=0.7994  validation_best=0.7925  EI=0.0115  rnum=115.5  len=19  syn_rate=0.39  mean=0.9973  worsen=20.00%  highvar=0.00%
GA search time: 3.07s, candidates: 313
  [iter  27/100] search_obj=1.0753  search_best=0.7994  validation_best=0.7925  EI=0.0190  rnum=113.5  len=22  syn_rate=0.56  mean=1.0438  worsen=21.00%  highvar=0.00%
GA search time: 4.35s, candidates: 311
  [iter  28/100] search_obj=1.0750  search_best=0.7994  validation_best=0.7925  EI=0.0109  rnum=111.5  len=22  syn_rate=0.32  mean=1.0435  worsen=21.00%  highvar=0.00%
GA search time: 2.35s, candidates: 309
  [iter  29/100] search_obj=1.0067  search_best=0.7994  validation_best=0.7925  EI=0.0186  rnum=109.5  len=22  syn_rate=0.42  mean=0.9782  worsen=19.00%  highvar=0.00%
GA search time: 3.20s, candidates: 307
  [iter  30/100] search_obj=1.0717  search_best=0.7994  validation_best=0.7925  EI=0.0098  rnum=107.6  len=26  syn_rate=0.66  mean=1.0402  worsen=21.00%  highvar=0.00%
GA search time: 2.88s, candidates: 305
  [iter  31/100] search_obj=1.2024  search_best=0.7994  validation_best=0.7925  EI=0.0102  rnum=105.6  len=22  syn_rate=0.57  mean=1.1274  worsen=50.00%  highvar=0.00%
GA search time: 2.88s, candidates: 303
  [iter  32/100] search_obj=0.8038  search_best=0.7994  validation_best=0.7925  EI=0.0169  rnum=103.7  len=18  syn_rate=0.36  mean=0.7933  worsen=7.00%  highvar=0.00%
GA search time: 2.78s, candidates: 301
  [iter  33/100] search_obj=1.1210  search_best=0.7994  validation_best=0.7925  EI=0.0111  rnum=101.7  len=21  syn_rate=0.39  mean=1.0790  worsen=28.00%  highvar=0.00%
GA search time: 2.31s, candidates: 299
  [iter  34/100] search_obj=0.7650  search_best=0.7650  validation_best=0.7925  EI=0.0168  rnum=99.8  len=17  syn_rate=0.34  mean=0.7530  worsen=8.00%  highvar=0.00%
GA search time: 1.74s, candidates: 297
  [iter  35/100] search_obj=0.8157  search_best=0.7650  validation_best=0.7925  EI=0.0097  rnum=97.9  len=18  syn_rate=0.39  mean=0.8052  worsen=7.00%  highvar=0.00%
GA search time: 2.50s, candidates: 296
  [iter  36/100] search_obj=0.8019  search_best=0.7650  validation_best=0.7925  EI=0.0056  rnum=96.1  len=21  syn_rate=0.47  mean=0.7929  worsen=6.00%  highvar=0.00%
GA search time: 2.26s, candidates: 294
  [iter  37/100] search_obj=1.0754  search_best=0.7650  validation_best=0.7925  EI=0.0102  rnum=94.2  len=18  syn_rate=0.31  mean=1.0439  worsen=21.00%  highvar=0.00%
GA search time: 1.80s, candidates: 292
  [iter  38/100] search_obj=0.7655  search_best=0.7650  validation_best=0.7925  EI=0.0093  rnum=92.4  len=19  syn_rate=0.35  mean=0.7535  worsen=8.00%  highvar=0.00%
GA search time: 2.62s, candidates: 290
  [iter  39/100] search_obj=0.8040  search_best=0.7650  validation_best=0.7925  EI=0.0129  rnum=90.5  len=22  syn_rate=0.38  mean=0.7935  worsen=7.00%  highvar=0.00%
GA search time: 2.04s, candidates: 288
  [iter  40/100] search_obj=1.1172  search_best=0.7650  validation_best=0.7925  EI=0.0165  rnum=88.7  len=20  syn_rate=0.32  mean=1.0752  worsen=28.00%  highvar=0.00%
GA search time: 1.75s, candidates: 286
  [iter  41/100] search_obj=0.7818  search_best=0.7650  validation_best=0.7925  EI=0.0151  rnum=87.0  len=21  syn_rate=0.38  mean=0.7683  worsen=9.00%  highvar=0.00%
GA search time: 2.20s, candidates: 285
  [iter  42/100] search_obj=0.7794  search_best=0.7650  validation_best=0.7925  EI=0.0167  rnum=85.2  len=21  syn_rate=0.35  mean=0.7674  worsen=8.00%  highvar=0.00%
GA search time: 2.44s, candidates: 283
  [iter  43/100] search_obj=0.8245  search_best=0.7650  validation_best=0.7925  EI=0.0164  rnum=83.5  len=19  syn_rate=0.35  mean=0.8080  worsen=11.00%  highvar=0.00%
GA search time: 2.54s, candidates: 281
  [iter  44/100] search_obj=1.0754  search_best=0.7650  validation_best=0.7925  EI=0.0139  rnum=81.7  len=21  syn_rate=0.39  mean=1.0439  worsen=21.00%  highvar=0.00%
GA search time: 1.80s, candidates: 280
  [iter  45/100] search_obj=1.0750  search_best=0.7650  validation_best=0.7925  EI=0.0181  rnum=80.0  len=20  syn_rate=0.35  mean=1.0435  worsen=21.00%  highvar=0.00%
GA search time: 1.86s, candidates: 278
  [iter  46/100] search_obj=1.0750  search_best=0.7650  validation_best=0.7925  EI=0.0152  rnum=78.4  len=23  syn_rate=0.35  mean=1.0435  worsen=21.00%  highvar=0.00%
GA search time: 2.26s, candidates: 276
  [iter  47/100] search_obj=0.8157  search_best=0.7650  validation_best=0.7925  EI=0.0178  rnum=76.7  len=18  syn_rate=0.35  mean=0.8052  worsen=7.00%  highvar=0.00%
GA search time: 1.46s, candidates: 275
  [iter  48/100] search_obj=0.7949  search_best=0.7650  validation_best=0.7925  EI=0.0193  rnum=75.1  len=21  syn_rate=0.38  mean=0.7844  worsen=7.00%  highvar=0.00%
GA search time: 1.60s, candidates: 273
  [iter  49/100] search_obj=0.7606  search_best=0.7606  validation_best=0.7925  EI=0.0140  rnum=73.4  len=18  syn_rate=0.35  mean=0.7486  worsen=8.00%  highvar=0.00%
GA search time: 2.00s, candidates: 271
  [iter  50/100] search_obj=0.7588  search_best=0.7588  validation_best=0.7925  EI=0.0175  rnum=71.8  len=21  syn_rate=0.36  mean=0.7483  worsen=7.00%  highvar=0.00%
GA search time: 1.12s, candidates: 270
  [iter  51/100] search_obj=0.7600  search_best=0.7588  validation_best=0.7925  EI=0.0195  rnum=70.3  len=20  syn_rate=0.36  mean=0.7480  worsen=8.00%  highvar=0.00%
GA search time: 1.37s, candidates: 268
  [iter  52/100] search_obj=1.0754  search_best=0.7588  validation_best=0.7925  EI=0.0163  rnum=68.7  len=22  syn_rate=0.36  mean=1.0439  worsen=21.00%  highvar=0.00%
GA search time: 1.62s, candidates: 267
  [iter  53/100] search_obj=0.7843  search_best=0.7588  validation_best=0.7925  EI=0.0168  rnum=67.2  len=20  syn_rate=0.36  mean=0.7738  worsen=7.00%  highvar=0.00%
GA search time: 1.65s, candidates: 265
  [iter  54/100] search_obj=0.8445  search_best=0.7588  validation_best=0.7925  EI=0.0206  rnum=65.7  len=21  syn_rate=0.35  mean=0.8310  worsen=9.00%  highvar=0.00%
GA search time: 1.45s, candidates: 264
  [iter  55/100] search_obj=0.7581  search_best=0.7581  validation_best=0.7925  EI=0.0191  rnum=64.2  len=21  syn_rate=0.39  mean=0.7476  worsen=7.00%  highvar=0.00%
GA search time: 1.66s, candidates: 262
  [iter  56/100] search_obj=1.0753  search_best=0.7581  validation_best=0.7925  EI=0.0163  rnum=62.7  len=21  syn_rate=0.36  mean=1.0438  worsen=21.00%  highvar=0.00%
GA search time: 1.10s, candidates: 261
  [iter  57/100] search_obj=0.7564  search_best=0.7564  validation_best=0.7920  EI=0.0185  rnum=61.3  len=21  syn_rate=0.37  mean=0.7444  worsen=8.00%  highvar=0.00%
GA search time: 1.60s, candidates: 259
  [iter  58/100] search_obj=0.7606  search_best=0.7564  validation_best=0.7920  EI=0.0174  rnum=59.8  len=20  syn_rate=0.35  mean=0.7486  worsen=8.00%  highvar=0.00%
GA search time: 1.96s, candidates: 258
  [iter  59/100] search_obj=0.7843  search_best=0.7564  validation_best=0.7920  EI=0.0188  rnum=58.4  len=21  syn_rate=0.36  mean=0.7738  worsen=7.00%  highvar=0.00%
GA search time: 1.43s, candidates: 257
  [iter  60/100] search_obj=0.7671  search_best=0.7564  validation_best=0.7920  EI=0.0173  rnum=57.0  len=20  syn_rate=0.35  mean=0.7551  worsen=8.00%  highvar=0.00%
GA search time: 1.31s, candidates: 255
  [iter  61/100] search_obj=0.7600  search_best=0.7564  validation_best=0.7920  EI=0.0202  rnum=55.7  len=21  syn_rate=0.36  mean=0.7480  worsen=8.00%  highvar=0.00%
GA search time: 1.31s, candidates: 254
  [iter  62/100] search_obj=0.7600  search_best=0.7564  validation_best=0.7920  EI=0.0287  rnum=54.3  len=21  syn_rate=0.39  mean=0.7480  worsen=8.00%  highvar=0.00%
GA search time: 1.28s, candidates: 253
  [iter  63/100] search_obj=0.7665  search_best=0.7564  validation_best=0.7920  EI=0.0200  rnum=53.0  len=21  syn_rate=0.34  mean=0.7560  worsen=7.00%  highvar=0.00%
GA search time: 1.71s, candidates: 251
  [iter  64/100] search_obj=0.7655  search_best=0.7564  validation_best=0.7920  EI=0.0201  rnum=51.7  len=20  syn_rate=0.35  mean=0.7535  worsen=8.00%  highvar=0.00%
GA search time: 0.96s, candidates: 250
  [iter  65/100] search_obj=1.0753  search_best=0.7564  validation_best=0.7920  EI=0.0211  rnum=50.5  len=21  syn_rate=0.34  mean=1.0438  worsen=21.00%  highvar=0.00%
GA search time: 1.24s, candidates: 249
  [iter  66/100] search_obj=0.7601  search_best=0.7564  validation_best=0.7920  EI=0.0274  rnum=49.2  len=22  syn_rate=0.40  mean=0.7481  worsen=8.00%  highvar=0.00%
GA search time: 1.77s, candidates: 247
  [iter  67/100] search_obj=0.7586  search_best=0.7564  validation_best=0.7920  EI=0.0327  rnum=48.0  len=21  syn_rate=0.39  mean=0.7466  worsen=8.00%  highvar=0.00%
GA search time: 1.61s, candidates: 246
  [iter  68/100] search_obj=0.7651  search_best=0.7564  validation_best=0.7920  EI=0.0216  rnum=46.8  len=18  syn_rate=0.34  mean=0.7531  worsen=8.00%  highvar=0.00%
GA search time: 1.70s, candidates: 245
  [iter  69/100] search_obj=0.7449  search_best=0.7449  validation_best=0.7839  EI=0.0213  rnum=45.6  len=21  syn_rate=0.37  mean=0.7329  worsen=8.00%  highvar=0.00%
GA search time: 1.42s, candidates: 244
  [iter  70/100] search_obj=0.7582  search_best=0.7449  validation_best=0.7839  EI=0.0174  rnum=44.4  len=22  syn_rate=0.39  mean=0.7477  worsen=7.00%  highvar=0.00%
GA search time: 1.68s, candidates: 243
  [iter  71/100] search_obj=1.3148  search_best=0.7449  validation_best=0.7839  EI=0.0233  rnum=43.3  len=20  syn_rate=0.36  mean=1.1978  worsen=78.00%  highvar=0.00%
GA search time: 1.40s, candidates: 242
  [iter  72/100] search_obj=0.7503  search_best=0.7449  validation_best=0.7826  EI=0.0274  rnum=42.2  len=21  syn_rate=0.38  mean=0.7383  worsen=8.00%  highvar=0.00%
GA search time: 1.99s, candidates: 241
  [iter  73/100] search_obj=0.7681  search_best=0.7449  validation_best=0.7826  EI=0.0214  rnum=41.1  len=20  syn_rate=0.36  mean=0.7576  worsen=7.00%  highvar=0.00%
GA search time: 1.07s, candidates: 239
  [iter  74/100] search_obj=0.7703  search_best=0.7449  validation_best=0.7826  EI=0.0257  rnum=40.0  len=21  syn_rate=0.39  mean=0.7598  worsen=7.00%  highvar=0.00%
GA search time: 1.42s, candidates: 238
  [iter  75/100] search_obj=1.1444  search_best=0.7449  validation_best=0.7826  EI=0.0175  rnum=38.9  len=21  syn_rate=0.37  mean=1.0589  worsen=57.00%  highvar=0.00%
GA search time: 1.05s, candidates: 237
  [iter  76/100] search_obj=1.0778  search_best=0.7449  validation_best=0.7826  EI=0.0202  rnum=37.9  len=21  syn_rate=0.42  mean=1.0448  worsen=22.00%  highvar=0.00%
GA search time: 1.52s, candidates: 236
  [iter  77/100] search_obj=0.7743  search_best=0.7449  validation_best=0.7826  EI=0.0255  rnum=36.9  len=22  syn_rate=0.38  mean=0.7623  worsen=8.00%  highvar=0.00%
GA search time: 1.29s, candidates: 235
  [iter  78/100] search_obj=0.7570  search_best=0.7449  validation_best=0.7826  EI=0.0198  rnum=35.9  len=22  syn_rate=0.38  mean=0.7480  worsen=6.00%  highvar=0.00%
GA search time: 1.27s, candidates: 234
  [iter  79/100] search_obj=0.7588  search_best=0.7449  validation_best=0.7826  EI=0.0173  rnum=34.9  len=22  syn_rate=0.36  mean=0.7483  worsen=7.00%  highvar=0.00%
GA search time: 1.03s, candidates: 233
  [iter  80/100] search_obj=0.7610  search_best=0.7449  validation_best=0.7826  EI=0.0301  rnum=33.9  len=20  syn_rate=0.35  mean=0.7490  worsen=8.00%  highvar=0.00%
GA search time: 1.31s, candidates: 233
  [iter  81/100] search_obj=0.7649  search_best=0.7449  validation_best=0.7826  EI=0.0177  rnum=33.0  len=21  syn_rate=0.35  mean=0.7529  worsen=8.00%  highvar=0.00%
GA search time: 1.50s, candidates: 232
  [iter  82/100] search_obj=0.8215  search_best=0.7449  validation_best=0.7826  EI=0.0245  rnum=32.1  len=22  syn_rate=0.38  mean=0.8095  worsen=8.00%  highvar=0.00%
GA search time: 1.59s, candidates: 231
  [iter  83/100] search_obj=0.7794  search_best=0.7449  validation_best=0.7826  EI=0.0246  rnum=31.2  len=22  syn_rate=0.35  mean=0.7674  worsen=8.00%  highvar=0.00%
GA search time: 1.25s, candidates: 230
  [iter  84/100] search_obj=0.9598  search_best=0.7449  validation_best=0.7826  EI=0.0177  rnum=30.3  len=24  syn_rate=0.36  mean=0.9403  worsen=13.00%  highvar=0.00%
GA search time: 1.68s, candidates: 229
  [iter  85/100] search_obj=0.7596  search_best=0.7449  validation_best=0.7826  EI=0.0182  rnum=29.5  len=21  syn_rate=0.34  mean=0.7491  worsen=7.00%  highvar=0.00%
GA search time: 1.08s, candidates: 228
  [iter  86/100] search_obj=1.1409  search_best=0.7449  validation_best=0.7826  EI=0.0267  rnum=28.6  len=22  syn_rate=0.39  mean=1.0584  worsen=55.00%  highvar=0.00%
GA search time: 1.61s, candidates: 227
  [iter  87/100] search_obj=0.7771  search_best=0.7449  validation_best=0.7826  EI=0.0151  rnum=27.8  len=22  syn_rate=0.41  mean=0.7636  worsen=9.00%  highvar=0.00%
GA search time: 1.07s, candidates: 226
  [iter  88/100] search_obj=1.0753  search_best=0.7449  validation_best=0.7826  EI=0.0178  rnum=27.0  len=22  syn_rate=0.41  mean=1.0438  worsen=21.00%  highvar=0.00%
GA search time: 1.88s, candidates: 226
  [iter  89/100] search_obj=0.7794  search_best=0.7449  validation_best=0.7826  EI=0.0211  rnum=26.2  len=22  syn_rate=0.35  mean=0.7674  worsen=8.00%  highvar=0.00%
GA search time: 1.37s, candidates: 225
  [iter  90/100] search_obj=0.7653  search_best=0.7449  validation_best=0.7826  EI=0.0184  rnum=25.4  len=21  syn_rate=0.39  mean=0.7533  worsen=8.00%  highvar=0.00%
GA search time: 1.06s, candidates: 224
  [iter  91/100] search_obj=0.7612  search_best=0.7449  validation_best=0.7826  EI=0.0189  rnum=24.7  len=18  syn_rate=0.34  mean=0.7492  worsen=8.00%  highvar=0.00%
GA search time: 1.37s, candidates: 223
  [iter  92/100] search_obj=0.7650  search_best=0.7449  validation_best=0.7826  EI=0.0157  rnum=24.0  len=20  syn_rate=0.36  mean=0.7530  worsen=8.00%  highvar=0.00%
GA search time: 1.19s, candidates: 223
  [iter  93/100] search_obj=1.0728  search_best=0.7449  validation_best=0.7826  EI=0.0159  rnum=23.3  len=20  syn_rate=0.38  mean=1.0413  worsen=21.00%  highvar=0.00%
GA search time: 0.99s, candidates: 222
  [iter  94/100] search_obj=0.7667  search_best=0.7449  validation_best=0.7826  EI=0.0134  rnum=22.6  len=20  syn_rate=0.35  mean=0.7547  worsen=8.00%  highvar=0.00%
GA search time: 1.49s, candidates: 221
  [iter  95/100] search_obj=0.7655  search_best=0.7449  validation_best=0.7826  EI=0.0176  rnum=21.9  len=20  syn_rate=0.35  mean=0.7535  worsen=8.00%  highvar=0.00%
GA search time: 1.30s, candidates: 221
  [iter  96/100] search_obj=0.7651  search_best=0.7449  validation_best=0.7826  EI=0.0177  rnum=21.2  len=20  syn_rate=0.35  mean=0.7531  worsen=8.00%  highvar=0.00%
GA search time: 1.16s, candidates: 220
  [iter  97/100] search_obj=0.7960  search_best=0.7449  validation_best=0.7826  EI=0.0142  rnum=20.6  len=21  syn_rate=0.34  mean=0.7870  worsen=6.00%  highvar=0.00%
GA search time: 1.22s, candidates: 219
  [iter  98/100] search_obj=0.7794  search_best=0.7449  validation_best=0.7826  EI=0.0147  rnum=19.9  len=22  syn_rate=0.35  mean=0.7674  worsen=8.00%  highvar=0.00%
GA search time: 1.43s, candidates: 219
  [iter  99/100] search_obj=0.7634  search_best=0.7449  validation_best=0.7826  EI=0.0183  rnum=19.3  len=21  syn_rate=0.39  mean=0.7529  worsen=7.00%  highvar=0.00%
GA search time: 1.20s, candidates: 218
  [iter 100/100] search_obj=0.8080  search_best=0.7449  validation_best=0.7826  EI=0.0173  rnum=18.7  len=21  syn_rate=0.38  mean=0.7960  worsen=8.00%  highvar=0.00%

[Step 5] 按 validation 选择最终通用序列...
  选择结果:
    search_train_obj=0.7503, search_train_mean=0.7383, search_train_worsen=8.00%, search_train_highvar=0.00%
    validation_obj=0.7826, validation_mean=0.7676, validation_worsen=10.00%, validation_highvar=0.00%

[Step 6] 在 validation 上执行消融后处理...

[Ablation-validation] 初始序列长度: 21, objective: 0.7826, mean_norm: 0.7676, worsen_rate: 10.00%
  移除 [20] function(dce): objective 0.7842 > 0.7826 (恢复)
  移除 [19] module(attributor): objective 0.7935 > 0.7826 (恢复)
  移除 [18] module(scc-oz-module-inliner): objective 1.3543 > 0.7826 (恢复)
  移除 [17] module(attributor): objective 0.8328 > 0.7826 (恢复)
  移除 [16] module(globalopt): objective 0.7826, mean_norm 0.7676, worsen_rate 10.00% (保留移除)
  移除 [15] function(gvn-sink): objective 0.7821, mean_norm 0.7671, worsen_rate 10.00% (保留移除)
  移除 [14] function(instsimplify): objective 0.7821, mean_norm 0.7671, worsen_rate 10.00% (保留移除)
  移除 [13] function(newgvn): objective 0.8000 > 0.7821 (恢复)
  移除 [12] module(globalopt): objective 0.9535 > 0.7821 (恢复)
  移除 [11] module(iroutliner): objective 0.7946 > 0.7821 (恢复)
  移除 [10] function(dce): objective 0.7821, mean_norm 0.7671, worsen_rate 10.00% (保留移除)
  移除 [9] function(jump-threading): objective 0.7860 > 0.7821 (恢复)
  移除 [8] function(dse): objective 0.7978 > 0.7821 (恢复)
  移除 [7] module(inferattrs): objective 0.7930 > 0.7821 (恢复)
  移除 [6] module(attributor): objective 0.8468 > 0.7821 (恢复)
  移除 [5] function(gvn-hoist): objective 0.7840 > 0.7821 (恢复)
  移除 [4] loop(loop-simplifycfg): objective 0.7834 > 0.7821 (恢复)
  移除 [3] function(instsimplify): objective 0.8490 > 0.7821 (恢复)
  移除 [2] module(iroutliner): objective 0.8858 > 0.7821 (恢复)
  移除 [1] module(elim-avail-extern): objective 1.0909 > 0.7821 (恢复)
  移除 [0] function(gvn-hoist): objective 0.8030 > 0.7821 (恢复)
[Ablation-validation] 最终序列长度: 17, objective: 0.7821, mean_norm: 0.7671, worsen_rate: 10.00%, 移除了 4 个 pass
  消融有效: 21 → 17 passes, validation_objective: 0.7826 → 0.7821

最终通用 pass 序列（effective=16 个顶层 pass, raw=17 个 pass, syn_rate(raw)=0.29）:
  function(gvn-hoist) → module(elim-avail-extern) → module(iroutliner) → function(instsimplify,loop(loop-simplifycfg)) → function(gvn-hoist) → module(attributor) → module(inferattrs) → function(dse) → function(jump-threading) → module(iroutliner) → module(globalopt) → function(newgvn) → module(attributor) → module(scc-oz-module-inliner) → module(attributor) → function(dce)
  search_train_obj=0.7508, search_train_mean=0.7373, search_train_worsen=9.00%, search_train_highvar=0.00%
  validation_obj=0.7821, validation_mean=0.7671, validation_worsen=10.00%, validation_highvar=0.00%
  test_obj=0.7720, test_mean=0.7480, test_worsen=16.00%, test_highvar=0.00%
  raw_sequence (17 passes):
  function(gvn-hoist) → module(elim-avail-extern) → module(iroutliner) → function(instsimplify) → loop(loop-simplifycfg) → function(gvn-hoist) → module(attributor) → module(inferattrs) → function(dse) → function(jump-threading) → module(iroutliner) → module(globalopt) → function(newgvn) → module(attributor) → module(scc-oz-module-inliner) → module(attributor) → function(dce)
  effective_pipeline: function(gvn-hoist),module(elim-avail-extern),module(iroutliner),function(instsimplify,loop(loop-simplifycfg)),function(gvn-hoist),module(attributor),module(inferattrs),function(dse),function(jump-threading),module(iroutliner),module(globalopt),function(newgvn),module(attributor),module(scc-oz-module-inliner),module(attributor),function(dce)

Top-5 最佳序列（按 validation 多目标 objective 升序）:
  #1: validation_obj=0.7826, validation_mean=0.7676, validation_worsen=10.00%, validation_highvar=0.00%, train_obj=0.7503, train_mean=0.7383, train_highvar=0.00%, len=21, syn_rate=0.38, test_obj=0.7599, test_mean=0.7389, test_worsen=14.00%, test_highvar=0.00%
     function(gvn-hoist) → module(elim-avail-extern) → module(iroutliner) → function(instsimplify,loop(loop-simplifycfg)) → function(gvn-hoist) → module(attributor) → module(inferattrs) → function(dse) → function(jump-threading) → function(dce) → module(iroutliner) → module(globalopt) → function(newgvn) → function(instsimplify) → function(gvn-sink) → module(globalopt) → module(attributor) → module(scc-oz-module-inliner) → module(attributor) → function(dce)
     raw: function(gvn-hoist) → module(elim-avail-extern) → module(iroutliner) → function(instsimplify) → loop(loop-simplifycfg) → function(gvn-hoist) → module(attributor) → module(inferattrs) → function(dse) → function(jump-threading) → function(dce) → module(iroutliner) → module(globalopt) → function(newgvn) → function(instsimplify) → function(gvn-sink) → module(globalopt) → module(attributor) → module(scc-oz-module-inliner) → module(attributor) → function(dce)
  #2: validation_obj=0.7839, validation_mean=0.7689, validation_worsen=10.00%, validation_highvar=0.00%, train_obj=0.7449, train_mean=0.7329, train_highvar=0.00%, len=21, syn_rate=0.37, test_obj=0.7396, test_mean=0.7186, test_worsen=14.00%, test_highvar=0.00%
     function(gvn-hoist) → module(elim-avail-extern) → module(iroutliner) → function(instsimplify) → function(gvn-hoist) → module(attributor) → module(inferattrs) → function(dse) → function(jump-threading) → function(dce) → module(iroutliner) → module(globalopt) → function(newgvn) → function(instsimplify) → function(gvn-sink) → module(globalopt) → module(attributor) → module(scc-oz-module-inliner) → module(attributor) → function(dce) → module(iroutliner)
  #3: validation_obj=0.7920, validation_mean=0.7785, validation_worsen=9.00%, validation_highvar=0.00%, train_obj=0.7564, train_mean=0.7444, train_highvar=0.00%, len=21, syn_rate=0.37, test_obj=0.7545, test_mean=0.7335, test_worsen=14.00%, test_highvar=0.00%
     module(elim-avail-extern) → module(iroutliner) → function(instsimplify) → function(gvn-hoist) → module(attributor) → module(inferattrs) → function(dse) → function(jump-threading) → function(dce) → module(iroutliner) → module(globalopt) → function(newgvn) → function(instsimplify) → function(gvn-sink) → function(gvn-sink) → module(globalopt) → module(attributor) → module(scc-oz-module-inliner) → module(attributor) → function(dce) → module(iroutliner)
  #4: validation_obj=0.7921, validation_mean=0.7771, validation_worsen=10.00%, validation_highvar=0.00%, train_obj=0.7586, train_mean=0.7466, train_highvar=0.00%, len=21, syn_rate=0.39, test_obj=0.7724, test_mean=0.7514, test_worsen=14.00%, test_highvar=0.00%
     function(instsimplify) → module(iroutliner) → module(elim-avail-extern) → function(gvn-hoist) → module(attributor) → module(inferattrs) → function(dse) → function(jump-threading,loop(loop-simplifycfg)) → module(inferattrs) → function(newgvn) → function(instsimplify) → function(gvn-sink) → function(gvn-sink) → module(globalopt) → module(attributor) → module(scc-oz-module-inliner) → module(attributor) → module(globalopt) → function(dce) → module(iroutliner)
     raw: function(instsimplify) → module(iroutliner) → module(elim-avail-extern) → function(gvn-hoist) → module(attributor) → module(inferattrs) → function(dse) → function(jump-threading) → loop(loop-simplifycfg) → module(inferattrs) → function(newgvn) → function(instsimplify) → function(gvn-sink) → function(gvn-sink) → module(globalopt) → module(attributor) → module(scc-oz-module-inliner) → module(attributor) → module(globalopt) → function(dce) → module(iroutliner)
  #5: validation_obj=0.7925, validation_mean=0.7790, validation_worsen=9.00%, validation_highvar=0.00%, train_obj=0.8053, train_mean=0.7903, train_highvar=0.00%, len=22, syn_rate=0.58, test_obj=0.7795, test_mean=0.7525, test_worsen=18.00%, test_highvar=0.00%
     module(elim-avail-extern) → module(iroutliner) → function(instsimplify) → function(gvn-hoist) → module(attributor) → module(inferattrs) → function(memcpyopt) → function(jump-threading) → cgscc(attributor-cgscc) → function(mem2reg) → function(dse) → function(jump-threading) → function(memcpyopt) → module(globalopt) → function(gvn-sink) → function(newgvn) → function(gvn-sink) → module(globalopt) → module(attributor) → module(scc-oz-module-inliner) → function(dce) → module(iroutliner)

============================================================
所有轮次中最优 validation objective: 0.7821
最优通用 pass 序列 (16 passes):
  function(gvn-hoist) → module(elim-avail-extern) → module(iroutliner) → function(instsimplify,loop(loop-simplifycfg)) → function(gvn-hoist) → module(attributor) → module(inferattrs) → function(dse) → function(jump-threading) → module(iroutliner) → module(globalopt) → function(newgvn) → module(attributor) → module(scc-oz-module-inliner) → module(attributor) → function(dce)
  search_train_obj=0.7508, search_train_mean=0.7373, search_train_worsen=9.00%, search_train_highvar=0.00%
  validation_obj=0.7821, validation_mean=0.7671, validation_worsen=10.00%, validation_highvar=0.00%
  test_obj=0.7720, test_mean=0.7480, test_worsen=16.00%, test_highvar=0.00%
  raw_sequence (17 passes):
  function(gvn-hoist) → module(elim-avail-extern) → module(iroutliner) → function(instsimplify) → loop(loop-simplifycfg) → function(gvn-hoist) → module(attributor) → module(inferattrs) → function(dse) → function(jump-threading) → module(iroutliner) → module(globalopt) → function(newgvn) → module(attributor) → module(scc-oz-module-inliner) → module(attributor) → function(dce)
  effective_pipeline: function(gvn-hoist),module(elim-avail-extern),module(iroutliner),function(instsimplify,loop(loop-simplifycfg)),function(gvn-hoist),module(attributor),module(inferattrs),function(dse),function(jump-threading),module(iroutliner),module(globalopt),function(newgvn),module(attributor),module(scc-oz-module-inliner),module(attributor),function(dce)

最优轮次 Top-5 序列（含测试集效果，按 validation objective 升序）:
  #1: validation_obj=0.7826, validation_mean=0.7676, validation_worsen=10.00%, validation_highvar=0.00%, train_obj=0.7503, train_mean=0.7383, train_highvar=0.00%, len=21, syn_rate=0.38, test_obj=0.7599, test_mean=0.7389, test_worsen=14.00%, test_highvar=0.00%
     function(gvn-hoist) → module(elim-avail-extern) → module(iroutliner) → function(instsimplify,loop(loop-simplifycfg)) → function(gvn-hoist) → module(attributor) → module(inferattrs) → function(dse) → function(jump-threading) → function(dce) → module(iroutliner) → module(globalopt) → function(newgvn) → function(instsimplify) → function(gvn-sink) → module(globalopt) → module(attributor) → module(scc-oz-module-inliner) → module(attributor) → function(dce)
     raw: function(gvn-hoist) → module(elim-avail-extern) → module(iroutliner) → function(instsimplify) → loop(loop-simplifycfg) → function(gvn-hoist) → module(attributor) → module(inferattrs) → function(dse) → function(jump-threading) → function(dce) → module(iroutliner) → module(globalopt) → function(newgvn) → function(instsimplify) → function(gvn-sink) → module(globalopt) → module(attributor) → module(scc-oz-module-inliner) → module(attributor) → function(dce)
  #2: validation_obj=0.7839, validation_mean=0.7689, validation_worsen=10.00%, validation_highvar=0.00%, train_obj=0.7449, train_mean=0.7329, train_highvar=0.00%, len=21, syn_rate=0.37, test_obj=0.7396, test_mean=0.7186, test_worsen=14.00%, test_highvar=0.00%
     function(gvn-hoist) → module(elim-avail-extern) → module(iroutliner) → function(instsimplify) → function(gvn-hoist) → module(attributor) → module(inferattrs) → function(dse) → function(jump-threading) → function(dce) → module(iroutliner) → module(globalopt) → function(newgvn) → function(instsimplify) → function(gvn-sink) → module(globalopt) → module(attributor) → module(scc-oz-module-inliner) → module(attributor) → function(dce) → module(iroutliner)
  #3: validation_obj=0.7920, validation_mean=0.7785, validation_worsen=9.00%, validation_highvar=0.00%, train_obj=0.7564, train_mean=0.7444, train_highvar=0.00%, len=21, syn_rate=0.37, test_obj=0.7545, test_mean=0.7335, test_worsen=14.00%, test_highvar=0.00%
     module(elim-avail-extern) → module(iroutliner) → function(instsimplify) → function(gvn-hoist) → module(attributor) → module(inferattrs) → function(dse) → function(jump-threading) → function(dce) → module(iroutliner) → module(globalopt) → function(newgvn) → function(instsimplify) → function(gvn-sink) → function(gvn-sink) → module(globalopt) → module(attributor) → module(scc-oz-module-inliner) → module(attributor) → function(dce) → module(iroutliner)
  #4: validation_obj=0.7921, validation_mean=0.7771, validation_worsen=10.00%, validation_highvar=0.00%, train_obj=0.7586, train_mean=0.7466, train_highvar=0.00%, len=21, syn_rate=0.39, test_obj=0.7724, test_mean=0.7514, test_worsen=14.00%, test_highvar=0.00%
     function(instsimplify) → module(iroutliner) → module(elim-avail-extern) → function(gvn-hoist) → module(attributor) → module(inferattrs) → function(dse) → function(jump-threading,loop(loop-simplifycfg)) → module(inferattrs) → function(newgvn) → function(instsimplify) → function(gvn-sink) → function(gvn-sink) → module(globalopt) → module(attributor) → module(scc-oz-module-inliner) → module(attributor) → module(globalopt) → function(dce) → module(iroutliner)
     raw: function(instsimplify) → module(iroutliner) → module(elim-avail-extern) → function(gvn-hoist) → module(attributor) → module(inferattrs) → function(dse) → function(jump-threading) → loop(loop-simplifycfg) → module(inferattrs) → function(newgvn) → function(instsimplify) → function(gvn-sink) → function(gvn-sink) → module(globalopt) → module(attributor) → module(scc-oz-module-inliner) → module(attributor) → module(globalopt) → function(dce) → module(iroutliner)
  #5: validation_obj=0.7925, validation_mean=0.7790, validation_worsen=9.00%, validation_highvar=0.00%, train_obj=0.8053, train_mean=0.7903, train_highvar=0.00%, len=22, syn_rate=0.58, test_obj=0.7795, test_mean=0.7525, test_worsen=18.00%, test_highvar=0.00%
     module(elim-avail-extern) → module(iroutliner) → function(instsimplify) → function(gvn-hoist) → module(attributor) → module(inferattrs) → function(memcpyopt) → function(jump-threading) → cgscc(attributor-cgscc) → function(mem2reg) → function(dse) → function(jump-threading) → function(memcpyopt) → module(globalopt) → function(gvn-sink) → function(newgvn) → function(gvn-sink) → module(globalopt) → module(attributor) → module(scc-oz-module-inliner) → function(dce) → module(iroutliner)
binarysize_test: vs_none=0.995 (+0.5%)  vs_oz=1.000 (+0.0%)  vs_o3=0.982 (+1.8%) [metric=stripped_file_bytes]
binarysize_test[text_bytes]: vs_none=0.889 (+11.1%)  vs_oz=0.910 (+9.0%)  vs_o3=0.790 (+21.0%)
binarysize_test[data_bytes]: vs_none=0.986 (+1.4%)  vs_oz=0.994 (+0.6%)  vs_o3=0.988 (+1.2%)
binarysize_test[bss_bytes]: vs_none=1.000 (+0.0%)  vs_oz=1.000 (+0.0%)  vs_o3=1.000 (+0.0%)
binarysize_test[dec_bytes]: vs_none=0.906 (+9.4%)  vs_oz=0.928 (+7.2%)  vs_o3=0.835 (+16.5%)

最优轮次 Top-5 binarysize_test 序列面板（primary=stripped_file_bytes）:
  #1: len=21, syn_rate=0.38
     stripped_file_bytes: obj=1.0116, mean=0.9996, worsen=8.00%, vs_none=0.995 (+0.5%)  vs_oz=1.000 (+0.0%)  vs_o3=0.982 (+1.8%)
     text_bytes: obj=0.9427, mean=0.9067, worsen=24.00%, vs_none=0.885 (+11.5%)  vs_oz=0.907 (+9.3%)  vs_o3=0.788 (+21.2%)
     data_bytes: obj=1.0061, mean=0.9941, worsen=8.00%, vs_none=0.986 (+1.4%)  vs_oz=0.994 (+0.6%)  vs_o3=0.988 (+1.2%)
     bss_bytes: obj=1.0000, mean=1.0000, worsen=0.00%, vs_none=1.000 (+0.0%)  vs_oz=1.000 (+0.0%)  vs_o3=1.000 (+0.0%)
     dec_bytes: obj=0.9620, mean=0.9260, worsen=24.00%, vs_none=0.903 (+9.7%)  vs_oz=0.926 (+7.4%)  vs_o3=0.833 (+16.7%)
  #2: len=21, syn_rate=0.37
     stripped_file_bytes: obj=1.0116, mean=0.9996, worsen=8.00%, vs_none=0.995 (+0.5%)  vs_oz=1.000 (+0.0%)  vs_o3=0.982 (+1.8%)
     text_bytes: obj=0.9336, mean=0.8976, worsen=24.00%, vs_none=0.875 (+12.5%)  vs_oz=0.898 (+10.2%)  vs_o3=0.782 (+21.8%)
     data_bytes: obj=1.0061, mean=0.9941, worsen=8.00%, vs_none=0.986 (+1.4%)  vs_oz=0.994 (+0.6%)  vs_o3=0.988 (+1.2%)
     bss_bytes: obj=1.0000, mean=1.0000, worsen=0.00%, vs_none=1.000 (+0.0%)  vs_oz=1.000 (+0.0%)  vs_o3=1.000 (+0.0%)
     dec_bytes: obj=0.9542, mean=0.9182, worsen=24.00%, vs_none=0.895 (+10.5%)  vs_oz=0.918 (+8.2%)  vs_o3=0.828 (+17.2%)
  #3: len=21, syn_rate=0.37
     stripped_file_bytes: obj=1.0116, mean=0.9996, worsen=8.00%, vs_none=0.995 (+0.5%)  vs_oz=1.000 (+0.0%)  vs_o3=0.982 (+1.8%)
     text_bytes: obj=0.9424, mean=0.9064, worsen=24.00%, vs_none=0.884 (+11.6%)  vs_oz=0.906 (+9.4%)  vs_o3=0.787 (+21.3%)
     data_bytes: obj=1.0061, mean=0.9941, worsen=8.00%, vs_none=0.986 (+1.4%)  vs_oz=0.994 (+0.6%)  vs_o3=0.988 (+1.2%)
     bss_bytes: obj=1.0000, mean=1.0000, worsen=0.00%, vs_none=1.000 (+0.0%)  vs_oz=1.000 (+0.0%)  vs_o3=1.000 (+0.0%)
     dec_bytes: obj=0.9617, mean=0.9257, worsen=24.00%, vs_none=0.902 (+9.8%)  vs_oz=0.926 (+7.4%)  vs_o3=0.833 (+16.7%)
  #4: len=21, syn_rate=0.39
     stripped_file_bytes: obj=1.0116, mean=0.9996, worsen=8.00%, vs_none=0.995 (+0.5%)  vs_oz=1.000 (+0.0%)  vs_o3=0.982 (+1.8%)
     text_bytes: obj=0.9459, mean=0.9159, worsen=20.00%, vs_none=0.894 (+10.6%)  vs_oz=0.916 (+8.4%)  vs_o3=0.793 (+20.7%)
     data_bytes: obj=1.0061, mean=0.9941, worsen=8.00%, vs_none=0.986 (+1.4%)  vs_oz=0.994 (+0.6%)  vs_o3=0.988 (+1.2%)
     bss_bytes: obj=1.0000, mean=1.0000, worsen=0.00%, vs_none=1.000 (+0.0%)  vs_oz=1.000 (+0.0%)  vs_o3=1.000 (+0.0%)
     dec_bytes: obj=0.9639, mean=0.9339, worsen=20.00%, vs_none=0.911 (+8.9%)  vs_oz=0.934 (+6.6%)  vs_o3=0.838 (+16.2%)
  #5: len=22, syn_rate=0.58
     stripped_file_bytes: obj=1.0116, mean=0.9996, worsen=8.00%, vs_none=0.995 (+0.5%)  vs_oz=1.000 (+0.0%)  vs_o3=0.982 (+1.8%)
     text_bytes: obj=0.9551, mean=0.9161, worsen=26.00%, vs_none=0.896 (+10.4%)  vs_oz=0.916 (+8.4%)  vs_o3=0.794 (+20.6%)
     data_bytes: obj=1.0061, mean=0.9941, worsen=8.00%, vs_none=0.986 (+1.4%)  vs_oz=0.994 (+0.6%)  vs_o3=0.988 (+1.2%)
     bss_bytes: obj=1.0000, mean=1.0000, worsen=0.00%, vs_none=1.000 (+0.0%)  vs_oz=1.000 (+0.0%)  vs_o3=1.000 (+0.0%)
     dec_bytes: obj=0.9727, mean=0.9337, worsen=26.00%, vs_none=0.912 (+8.8%)  vs_oz=0.934 (+6.6%)  vs_o3=0.839 (+16.1%)
结果已写入: /root/exp/RFunipassLab/results/instrcount/summaries/20260423_121734_195330_feature_lite.json
总运行时间: 1795.08 秒
