# run_id: 20260510_164201_491950_feature_lite_seed458
# name: feature_lite
# group: feature_ablation
# description: 切换到 Lite 特征编码，保留其余搜索流程不变。
# changed: FEATURE_MODE=lite, GA_GEN=5, GA_POP=200, ITERS=100, MAX_SEQ_LEN=120, MIN_VAL_PROGRAMS=5, SEED_TOPK=0, TEST_TOPK=50, TRAIN_TOPK=200, VAL_RATIO=0.5
# result_json: /root/exp/RFunipassLab/results/instrcount/summaries/20260510_164201_491950_feature_lite_seed458.json
# started_at: 2026-05-10T16:42:01
# control_env:
#   BACKEND_OPT_LEVEL=-O0
#   BINARY_SIZE_METRIC=stripped_file_bytes
#   BINARY_SIZE_REPORT_METRICS=text_bytes,data_bytes,bss_bytes,dec_bytes
#   DECAY=0.5
#   EXPERIMENT_SEED=458
#   FEATURE_MODE=lite
#   GA_ELITE=0.1
#   GA_GEN=5
#   GA_MUT=0.8
#   GA_POP=200
#   GA_TOUR=3
#   ITERS=100
#   LOOP_NESTING_POLICY=wrap
#   MAX_SEQ_LEN=120
#   MIN_VAL_PROGRAMS=5
#   OBJECTIVE_BASELINE=oz
#   OBJECTIVE_KIND=instrcount
#   OBJ_HIGHVAR_W=0.0
#   OBJ_WORSEN_W=0.60
#   OFFSET=20
#   PROGRAM_POOL_KIND=auto
#   RF_EXPLAIN_COUNTERFACTUAL_ENABLE=1
#   RF_EXPLAIN_COUNTERFACTUAL_MAX_EVALS=50
#   RF_EXPLAIN_COUNTERFACTUAL_SPLIT=selection
#   RF_EXPLAIN_COUNTERFACTUAL_TOPK=5
#   RF_EXPLAIN_ENABLE=0
#   RF_EXPLAIN_HOLDOUT_RATIO=0.3
#   RF_EXPLAIN_MIN_SAMPLES=20
#   RF_EXPLAIN_MODE=final
#   RF_EXPLAIN_PERM_REPEATS=10
#   RF_EXPLAIN_TOPK=20
#   RNUM=256
#   RUNS=1
#   RUNTIME_EVAL_MAX_VARIANCE_PCT=15.0
#   RUNTIME_MAX_INNER_REPEATS=64
#   RUNTIME_MAX_VARIANCE_PCT=10.0
#   RUNTIME_REQUIRED_ROWS=0
#   RUNTIME_SAMPLES=5
#   RUNTIME_TARGET_SAMPLE_MS=30.0
#   RUNTIME_TIMEOUT_SEC=2.0
#   SCALE=10
#   SEED_TOPK=0
#   SPLIT_SEED=458
#   TEST_TOPK=50
#   TRAIN_TOPK=200
#   VAL_RATIO=0.5

Loading train/test rows from: /root/exp/RFunipassLab/data/tuning_results.csv
Loaded train programs:       200
Loaded initial seed seqs:    79
Loaded test programs:        50
Objective kind:              instrcount
Program pool kind:           tuning

Loading synergy graph from: /root/exp/RFunipassLab/data/Step3_EnumeratedPairs.csv
All passes (19): ['module(elim-avail-extern)', 'function(mem2reg)', 'function(instsimplify)', 'module(iroutliner)', 'function(reassociate)', 'function(memcpyopt)', 'function(gvn-hoist)', 'function(dce)', 'function(jump-threading)', 'module(globalopt)', 'module(attributor)', 'cgscc(attributor-cgscc)', 'function(gvn-sink)', 'module(scc-oz-module-inliner)', 'function(dse)', 'function(newgvn)', 'module(inferattrs)', 'loop(loop-simplifycfg)', 'function(lower-switch)']
Synergy edges: 176
Self-loop passes: {'cgscc(attributor-cgscc)', 'function(newgvn)', 'module(attributor)'}

============================================================
实验轮次 1 / 1
============================================================
============================================================
目标类型:      instrcount
目标基准:      -Oz
基准指标:      -Oz 基准指令数
优化指标:      归一化指令数
输入程序数:    200
输入次优序列数: 79
测试程序数:    50
Pass 词表大小: 19
协同边数:      176
自环 pass 数:  3
序列长度上限:  120
Loop 合法化策略: wrap
实验种子:      458
划分种子:      458
特征模式:      lite
RF 特征维度:   31
词表: ['module(elim-avail-extern)', 'function(mem2reg)', 'function(instsimplify)', 'module(iroutliner)', 'function(reassociate)', 'function(memcpyopt)', 'function(gvn-hoist)', 'function(dce)', 'function(jump-threading)', 'module(globalopt)', 'module(attributor)', 'cgscc(attributor-cgscc)', 'function(gvn-sink)', 'module(scc-oz-module-inliner)', 'function(dse)', 'function(newgvn)', 'module(inferattrs)', 'loop(loop-simplifycfg)', 'function(lower-switch)']
多目标权重:    mean=1.0, worsen=0.6, highvar=0.0

[Step 1.5] 训练程序切分...
  search_train 程序数: 100
  validation 程序数:   100
  split_signature(search_train): 8c651010a3ff27fec9f7e5d5efa9cee41062e869
  split_signature(validation):   dd8f07df3ff69242e6dacb9d6936f2a026580e81
  split_signature(test):         a482a9715f2cdbf9817e6c112cc95b7aa635e4fb

[Step 2] 计算 search_train 程序 -Oz 基准指令数...
[Step 2b] 计算 validation 程序 -Oz 基准指令数...
[Step 2c] 计算测试集程序 -Oz 基准指令数...

[Step 3] 评估初始 seed 序列（共 79 条）...

[Step 4] 开始贝叶斯优化（100 轮）...
GA search time: 11.23s, candidates: 383
  [iter   1/100] search_obj=1.0386  search_best=0.8473  validation_best=0.8307  EI=0.0288  rnum=183.2  len=70  syn_rate=0.85  mean=0.9066  worsen=22.00%  highvar=0.00%
GA search time: 7.05s, candidates: 381
  [iter   2/100] search_obj=1.0386  search_best=0.8473  validation_best=0.8307  EI=0.0230  rnum=181.1  len=76  syn_rate=0.85  mean=0.9066  worsen=22.00%  highvar=0.00%
GA search time: 5.83s, candidates: 379
  [iter   3/100] search_obj=1.1333  search_best=0.8473  validation_best=0.8307  EI=0.0286  rnum=179.0  len=52  syn_rate=0.54  mean=0.9893  worsen=24.00%  highvar=0.00%
GA search time: 6.48s, candidates: 376
  [iter   4/100] search_obj=1.1119  search_best=0.8473  validation_best=0.8307  EI=0.0180  rnum=176.9  len=30  syn_rate=0.45  mean=0.9919  worsen=20.00%  highvar=0.00%
GA search time: 2.52s, candidates: 374
  [iter   5/100] search_obj=0.9015  search_best=0.8473  validation_best=0.8307  EI=0.0129  rnum=174.8  len=9  syn_rate=0.11  mean=0.8415  worsen=10.00%  highvar=0.00%
GA search time: 3.45s, candidates: 372
  [iter   6/100] search_obj=0.8163  search_best=0.8163  validation_best=0.8151  EI=0.0139  rnum=172.7  len=16  syn_rate=0.22  mean=0.7623  worsen=9.00%  highvar=0.00%
GA search time: 7.23s, candidates: 370
  [iter   7/100] search_obj=0.9183  search_best=0.8163  validation_best=0.8151  EI=0.0220  rnum=170.6  len=16  syn_rate=0.27  mean=0.8463  worsen=12.00%  highvar=0.00%
GA search time: 3.98s, candidates: 368
  [iter   8/100] search_obj=1.3571  search_best=0.8163  validation_best=0.8151  EI=0.0201  rnum=168.4  len=15  syn_rate=0.15  mean=0.9911  worsen=61.00%  highvar=0.00%
GA search time: 3.95s, candidates: 366
  [iter   9/100] search_obj=1.3328  search_best=0.8163  validation_best=0.8151  EI=0.0246  rnum=166.3  len=23  syn_rate=0.32  mean=0.9548  worsen=63.00%  highvar=0.00%
GA search time: 3.41s, candidates: 364
  [iter  10/100] search_obj=1.1552  search_best=0.8163  validation_best=0.8151  EI=0.0239  rnum=164.2  len=16  syn_rate=0.19  mean=1.0052  worsen=25.00%  highvar=0.00%
GA search time: 3.69s, candidates: 362
  [iter  11/100] search_obj=0.9420  search_best=0.8163  validation_best=0.8151  EI=0.0183  rnum=162.0  len=31  syn_rate=0.35  mean=0.8640  worsen=13.00%  highvar=0.00%
GA search time: 4.10s, candidates: 359
  [iter  12/100] search_obj=1.3892  search_best=0.8163  validation_best=0.8151  EI=0.0193  rnum=159.9  len=15  syn_rate=0.16  mean=0.9932  worsen=66.00%  highvar=0.00%
GA search time: 4.61s, candidates: 357
  [iter  13/100] search_obj=0.9183  search_best=0.8163  validation_best=0.8151  EI=0.0184  rnum=157.7  len=17  syn_rate=0.22  mean=0.8463  worsen=12.00%  highvar=0.00%
GA search time: 3.86s, candidates: 355
  [iter  14/100] search_obj=0.8843  search_best=0.8163  validation_best=0.8151  EI=0.0131  rnum=155.6  len=22  syn_rate=0.30  mean=0.8303  worsen=9.00%  highvar=0.00%
GA search time: 3.67s, candidates: 353
  [iter  15/100] search_obj=1.1510  search_best=0.8163  validation_best=0.8151  EI=0.0185  rnum=153.4  len=15  syn_rate=0.22  mean=0.9350  worsen=36.00%  highvar=0.00%
GA search time: 3.88s, candidates: 351
  [iter  16/100] search_obj=1.1385  search_best=0.8163  validation_best=0.8151  EI=0.0164  rnum=151.3  len=14  syn_rate=0.18  mean=1.0065  worsen=22.00%  highvar=0.00%
GA search time: 2.75s, candidates: 349
  [iter  17/100] search_obj=0.7996  search_best=0.7996  validation_best=0.8085  EI=0.0144  rnum=149.1  len=18  syn_rate=0.26  mean=0.7576  worsen=7.00%  highvar=0.00%
GA search time: 6.12s, candidates: 346
  [iter  18/100] search_obj=1.2982  search_best=0.7996  validation_best=0.8085  EI=0.0232  rnum=147.0  len=21  syn_rate=0.21  mean=0.9262  worsen=62.00%  highvar=0.00%
GA search time: 7.93s, candidates: 344
  [iter  19/100] search_obj=1.5350  search_best=0.7996  validation_best=0.8085  EI=0.0254  rnum=144.8  len=22  syn_rate=0.30  mean=1.0430  worsen=82.00%  highvar=0.00%
GA search time: 5.66s, candidates: 342
  [iter  20/100] search_obj=1.5269  search_best=0.7996  validation_best=0.8085  EI=0.0310  rnum=142.7  len=50  syn_rate=0.54  mean=1.0409  worsen=81.00%  highvar=0.00%
GA search time: 6.04s, candidates: 340
  [iter  21/100] search_obj=0.8163  search_best=0.7996  validation_best=0.8085  EI=0.0355  rnum=140.5  len=17  syn_rate=0.22  mean=0.7623  worsen=9.00%  highvar=0.00%
GA search time: 5.15s, candidates: 338
  [iter  22/100] search_obj=1.5724  search_best=0.7996  validation_best=0.8085  EI=0.0485  rnum=138.4  len=19  syn_rate=0.26  mean=1.0504  worsen=87.00%  highvar=0.00%
GA search time: 4.12s, candidates: 336
  [iter  23/100] search_obj=1.5506  search_best=0.7996  validation_best=0.8085  EI=0.0258  rnum=136.3  len=19  syn_rate=0.34  mean=1.0406  worsen=85.00%  highvar=0.00%
GA search time: 3.56s, candidates: 334
  [iter  24/100] search_obj=0.8163  search_best=0.7996  validation_best=0.8085  EI=0.0516  rnum=134.2  len=17  syn_rate=0.22  mean=0.7623  worsen=9.00%  highvar=0.00%
GA search time: 4.21s, candidates: 332
  [iter  25/100] search_obj=1.5730  search_best=0.7996  validation_best=0.8085  EI=0.0521  rnum=132.1  len=18  syn_rate=0.24  mean=1.0510  worsen=87.00%  highvar=0.00%
GA search time: 3.25s, candidates: 329
  [iter  26/100] search_obj=1.3786  search_best=0.7996  validation_best=0.8085  EI=0.0384  rnum=130.0  len=17  syn_rate=0.26  mean=1.0246  worsen=59.00%  highvar=0.00%
GA search time: 4.10s, candidates: 327
  [iter  27/100] search_obj=0.7996  search_best=0.7996  validation_best=0.8085  EI=0.0597  rnum=127.9  len=18  syn_rate=0.26  mean=0.7576  worsen=7.00%  highvar=0.00%
GA search time: 3.53s, candidates: 325
  [iter  28/100] search_obj=1.3708  search_best=0.7996  validation_best=0.8085  EI=0.0415  rnum=125.8  len=17  syn_rate=0.24  mean=1.0228  worsen=58.00%  highvar=0.00%
GA search time: 4.64s, candidates: 323
  [iter  29/100] search_obj=1.3708  search_best=0.7996  validation_best=0.8085  EI=0.0524  rnum=123.7  len=18  syn_rate=0.26  mean=1.0228  worsen=58.00%  highvar=0.00%
GA search time: 3.71s, candidates: 321
  [iter  30/100] search_obj=0.8841  search_best=0.7996  validation_best=0.8085  EI=0.0411  rnum=121.6  len=17  syn_rate=0.22  mean=0.8181  worsen=11.00%  highvar=0.00%
GA search time: 2.93s, candidates: 319
  [iter  31/100] search_obj=0.8163  search_best=0.7996  validation_best=0.8085  EI=0.0425  rnum=119.6  len=18  syn_rate=0.22  mean=0.7623  worsen=9.00%  highvar=0.00%
GA search time: 2.40s, candidates: 317
  [iter  32/100] search_obj=1.5797  search_best=0.7996  validation_best=0.8085  EI=0.0262  rnum=117.5  len=17  syn_rate=0.20  mean=1.0517  worsen=88.00%  highvar=0.00%
GA search time: 2.97s, candidates: 315
  [iter  33/100] search_obj=1.2190  search_best=0.7996  validation_best=0.8085  EI=0.0303  rnum=115.5  len=18  syn_rate=0.24  mean=0.9310  worsen=48.00%  highvar=0.00%
GA search time: 2.45s, candidates: 313
  [iter  34/100] search_obj=1.1534  search_best=0.7996  validation_best=0.8085  EI=0.0323  rnum=113.5  len=17  syn_rate=0.22  mean=0.8954  worsen=43.00%  highvar=0.00%
GA search time: 2.58s, candidates: 311
  [iter  35/100] search_obj=1.5797  search_best=0.7996  validation_best=0.8085  EI=0.0379  rnum=111.5  len=18  syn_rate=0.22  mean=1.0517  worsen=88.00%  highvar=0.00%
GA search time: 2.93s, candidates: 309
  [iter  36/100] search_obj=0.8163  search_best=0.7996  validation_best=0.8085  EI=0.0326  rnum=109.5  len=18  syn_rate=0.22  mean=0.7623  worsen=9.00%  highvar=0.00%
GA search time: 2.89s, candidates: 307
  [iter  37/100] search_obj=0.8161  search_best=0.7996  validation_best=0.8085  EI=0.0268  rnum=107.6  len=21  syn_rate=0.22  mean=0.7621  worsen=9.00%  highvar=0.00%
GA search time: 2.67s, candidates: 305
  [iter  38/100] search_obj=0.8841  search_best=0.7996  validation_best=0.8085  EI=0.0451  rnum=105.6  len=21  syn_rate=0.22  mean=0.8181  worsen=11.00%  highvar=0.00%
GA search time: 2.58s, candidates: 303
  [iter  39/100] search_obj=0.8161  search_best=0.7996  validation_best=0.8085  EI=0.0381  rnum=103.7  len=21  syn_rate=0.19  mean=0.7621  worsen=9.00%  highvar=0.00%
GA search time: 2.28s, candidates: 301
  [iter  40/100] search_obj=0.8131  search_best=0.7996  validation_best=0.8085  EI=0.0472  rnum=101.7  len=21  syn_rate=0.20  mean=0.7591  worsen=9.00%  highvar=0.00%
GA search time: 2.46s, candidates: 299
  [iter  41/100] search_obj=0.8163  search_best=0.7996  validation_best=0.8085  EI=0.0385  rnum=99.8  len=18  syn_rate=0.22  mean=0.7623  worsen=9.00%  highvar=0.00%
GA search time: 2.24s, candidates: 297
  [iter  42/100] search_obj=1.3525  search_best=0.7996  validation_best=0.8085  EI=0.0495  rnum=97.9  len=18  syn_rate=0.21  mean=0.9505  worsen=67.00%  highvar=0.00%
GA search time: 2.12s, candidates: 296
  [iter  43/100] search_obj=0.8134  search_best=0.7996  validation_best=0.8085  EI=0.0433  rnum=96.1  len=26  syn_rate=0.22  mean=0.7594  worsen=9.00%  highvar=0.00%
GA search time: 2.28s, candidates: 294
  [iter  44/100] search_obj=1.5797  search_best=0.7996  validation_best=0.8085  EI=0.0432  rnum=94.2  len=21  syn_rate=0.20  mean=1.0517  worsen=88.00%  highvar=0.00%
GA search time: 2.21s, candidates: 292
  [iter  45/100] search_obj=0.9212  search_best=0.7996  validation_best=0.8085  EI=0.0385  rnum=92.4  len=21  syn_rate=0.23  mean=0.8552  worsen=11.00%  highvar=0.00%
GA search time: 1.77s, candidates: 290
  [iter  46/100] search_obj=1.3786  search_best=0.7996  validation_best=0.8085  EI=0.0414  rnum=90.5  len=19  syn_rate=0.22  mean=1.0246  worsen=59.00%  highvar=0.00%
GA search time: 2.01s, candidates: 288
  [iter  47/100] search_obj=1.5797  search_best=0.7996  validation_best=0.8085  EI=0.0421  rnum=88.7  len=26  syn_rate=0.20  mean=1.0517  worsen=88.00%  highvar=0.00%
GA search time: 2.15s, candidates: 286
  [iter  48/100] search_obj=1.5797  search_best=0.7996  validation_best=0.8085  EI=0.0462  rnum=87.0  len=21  syn_rate=0.20  mean=1.0517  worsen=88.00%  highvar=0.00%
GA search time: 2.28s, candidates: 285
  [iter  49/100] search_obj=0.8201  search_best=0.7996  validation_best=0.8085  EI=0.0425  rnum=85.2  len=20  syn_rate=0.15  mean=0.7601  worsen=10.00%  highvar=0.00%
GA search time: 1.70s, candidates: 283
  [iter  50/100] search_obj=1.5797  search_best=0.7996  validation_best=0.8085  EI=0.0535  rnum=83.5  len=21  syn_rate=0.19  mean=1.0517  worsen=88.00%  highvar=0.00%
GA search time: 2.00s, candidates: 281
  [iter  51/100] search_obj=1.0422  search_best=0.7996  validation_best=0.8085  EI=0.0441  rnum=81.7  len=18  syn_rate=0.23  mean=0.8682  worsen=29.00%  highvar=0.00%
GA search time: 1.70s, candidates: 280
  [iter  52/100] search_obj=0.8131  search_best=0.7996  validation_best=0.8085  EI=0.0452  rnum=80.0  len=21  syn_rate=0.20  mean=0.7591  worsen=9.00%  highvar=0.00%
GA search time: 1.72s, candidates: 278
  [iter  53/100] search_obj=1.3786  search_best=0.7996  validation_best=0.8085  EI=0.0536  rnum=78.4  len=21  syn_rate=0.20  mean=1.0246  worsen=59.00%  highvar=0.00%
GA search time: 1.97s, candidates: 276
  [iter  54/100] search_obj=1.5797  search_best=0.7996  validation_best=0.8085  EI=0.0414  rnum=76.7  len=26  syn_rate=0.22  mean=1.0517  worsen=88.00%  highvar=0.00%
GA search time: 2.38s, candidates: 275
  [iter  55/100] search_obj=0.8202  search_best=0.7996  validation_best=0.8085  EI=0.0409  rnum=75.1  len=22  syn_rate=0.15  mean=0.7602  worsen=10.00%  highvar=0.00%
GA search time: 1.53s, candidates: 273
  [iter  56/100] search_obj=0.8201  search_best=0.7996  validation_best=0.8085  EI=0.0526  rnum=73.4  len=26  syn_rate=0.15  mean=0.7601  worsen=10.00%  highvar=0.00%
GA search time: 1.83s, candidates: 271
  [iter  57/100] search_obj=0.9190  search_best=0.7996  validation_best=0.8085  EI=0.0401  rnum=71.8  len=22  syn_rate=0.12  mean=0.8470  worsen=12.00%  highvar=0.00%
GA search time: 1.81s, candidates: 270
  [iter  58/100] search_obj=1.5864  search_best=0.7996  validation_best=0.8085  EI=0.0426  rnum=70.3  len=32  syn_rate=0.14  mean=1.0524  worsen=89.00%  highvar=0.00%
GA search time: 2.30s, candidates: 268
  [iter  59/100] search_obj=1.0179  search_best=0.7996  validation_best=0.8085  EI=0.0499  rnum=68.7  len=28  syn_rate=0.18  mean=0.9459  worsen=12.00%  highvar=0.00%
GA search time: 1.49s, candidates: 267
  [iter  60/100] search_obj=0.8163  search_best=0.7996  validation_best=0.8085  EI=0.0465  rnum=67.2  len=18  syn_rate=0.22  mean=0.7623  worsen=9.00%  highvar=0.00%
GA search time: 1.63s, candidates: 265
  [iter  61/100] search_obj=0.8202  search_best=0.7996  validation_best=0.8085  EI=0.0419  rnum=65.7  len=22  syn_rate=0.15  mean=0.7602  worsen=10.00%  highvar=0.00%
GA search time: 1.66s, candidates: 264
  [iter  62/100] search_obj=0.8202  search_best=0.7996  validation_best=0.8085  EI=0.0466  rnum=64.2  len=23  syn_rate=0.15  mean=0.7602  worsen=10.00%  highvar=0.00%
GA search time: 1.68s, candidates: 262
  [iter  63/100] search_obj=0.8201  search_best=0.7996  validation_best=0.8085  EI=0.0425  rnum=62.7  len=22  syn_rate=0.16  mean=0.7601  worsen=10.00%  highvar=0.00%
GA search time: 1.70s, candidates: 261
  [iter  64/100] search_obj=0.8201  search_best=0.7996  validation_best=0.8085  EI=0.0436  rnum=61.3  len=27  syn_rate=0.15  mean=0.7601  worsen=10.00%  highvar=0.00%
GA search time: 2.17s, candidates: 259
  [iter  65/100] search_obj=0.8152  search_best=0.7996  validation_best=0.8085  EI=0.0405  rnum=59.8  len=17  syn_rate=0.22  mean=0.7612  worsen=9.00%  highvar=0.00%
GA search time: 1.64s, candidates: 258
  [iter  66/100] search_obj=1.5797  search_best=0.7996  validation_best=0.8085  EI=0.0452  rnum=58.4  len=18  syn_rate=0.22  mean=1.0517  worsen=88.00%  highvar=0.00%
GA search time: 1.85s, candidates: 257
  [iter  67/100] search_obj=0.8576  search_best=0.7996  validation_best=0.8085  EI=0.0417  rnum=57.0  len=25  syn_rate=0.16  mean=0.7736  worsen=14.00%  highvar=0.00%
GA search time: 2.34s, candidates: 255
  [iter  68/100] search_obj=2.3398  search_best=0.7996  validation_best=0.8085  EI=0.0438  rnum=55.7  len=17  syn_rate=0.11  mean=1.7518  worsen=98.00%  highvar=0.00%
GA search time: 2.43s, candidates: 254
  [iter  69/100] search_obj=1.5797  search_best=0.7996  validation_best=0.8085  EI=0.0429  rnum=54.3  len=23  syn_rate=0.15  mean=1.0517  worsen=88.00%  highvar=0.00%
GA search time: 1.86s, candidates: 253
  [iter  70/100] search_obj=1.1774  search_best=0.7996  validation_best=0.8085  EI=0.0434  rnum=53.0  len=25  syn_rate=0.12  mean=0.8594  worsen=53.00%  highvar=0.00%
GA search time: 1.88s, candidates: 251
  [iter  71/100] search_obj=0.8201  search_best=0.7996  validation_best=0.8085  EI=0.0500  rnum=51.7  len=26  syn_rate=0.15  mean=0.7601  worsen=10.00%  highvar=0.00%
GA search time: 2.85s, candidates: 250
  [iter  72/100] search_obj=0.9324  search_best=0.7996  validation_best=0.8085  EI=0.0443  rnum=50.5  len=23  syn_rate=0.17  mean=0.8604  worsen=12.00%  highvar=0.00%
GA search time: 1.48s, candidates: 249
  [iter  73/100] search_obj=0.8202  search_best=0.7996  validation_best=0.8085  EI=0.0467  rnum=49.2  len=23  syn_rate=0.15  mean=0.7602  worsen=10.00%  highvar=0.00%
GA search time: 2.27s, candidates: 247
  [iter  74/100] search_obj=0.8202  search_best=0.7996  validation_best=0.8085  EI=0.0475  rnum=48.0  len=24  syn_rate=0.15  mean=0.7602  worsen=10.00%  highvar=0.00%
GA search time: 1.94s, candidates: 246
  [iter  75/100] search_obj=0.8202  search_best=0.7996  validation_best=0.8085  EI=0.0510  rnum=46.8  len=25  syn_rate=0.15  mean=0.7602  worsen=10.00%  highvar=0.00%
GA search time: 1.48s, candidates: 245
  [iter  76/100] search_obj=1.5575  search_best=0.7996  validation_best=0.8085  EI=0.0387  rnum=45.6  len=27  syn_rate=0.22  mean=1.0475  worsen=85.00%  highvar=0.00%
GA search time: 1.18s, candidates: 244
  [iter  77/100] search_obj=0.8855  search_best=0.7996  validation_best=0.8085  EI=0.0437  rnum=44.4  len=19  syn_rate=0.13  mean=0.8135  worsen=12.00%  highvar=0.00%
GA search time: 1.45s, candidates: 243
  [iter  78/100] search_obj=0.8238  search_best=0.7996  validation_best=0.8085  EI=0.0424  rnum=43.3  len=26  syn_rate=0.22  mean=0.7818  worsen=7.00%  highvar=0.00%
GA search time: 1.33s, candidates: 242
  [iter  79/100] search_obj=1.5864  search_best=0.7996  validation_best=0.8085  EI=0.0442  rnum=42.2  len=24  syn_rate=0.12  mean=1.0524  worsen=89.00%  highvar=0.00%
GA search time: 1.38s, candidates: 241
  [iter  80/100] search_obj=0.8134  search_best=0.7996  validation_best=0.8085  EI=0.0513  rnum=41.1  len=26  syn_rate=0.22  mean=0.7594  worsen=9.00%  highvar=0.00%
GA search time: 1.18s, candidates: 239
  [iter  81/100] search_obj=0.8201  search_best=0.7996  validation_best=0.8085  EI=0.0515  rnum=40.0  len=27  syn_rate=0.15  mean=0.7601  worsen=10.00%  highvar=0.00%
GA search time: 1.65s, candidates: 238
  [iter  82/100] search_obj=1.5720  search_best=0.7996  validation_best=0.8085  EI=0.0436  rnum=38.9  len=22  syn_rate=0.22  mean=1.0500  worsen=87.00%  highvar=0.00%
GA search time: 1.23s, candidates: 237
  [iter  83/100] search_obj=0.8202  search_best=0.7996  validation_best=0.8085  EI=0.0526  rnum=37.9  len=24  syn_rate=0.15  mean=0.7602  worsen=10.00%  highvar=0.00%
GA search time: 1.53s, candidates: 236
  [iter  84/100] search_obj=0.8202  search_best=0.7996  validation_best=0.8085  EI=0.0526  rnum=36.9  len=26  syn_rate=0.15  mean=0.7602  worsen=10.00%  highvar=0.00%
GA search time: 1.11s, candidates: 235
  [iter  85/100] search_obj=0.8853  search_best=0.7996  validation_best=0.8085  EI=0.0439  rnum=35.9  len=23  syn_rate=0.13  mean=0.8133  worsen=12.00%  highvar=0.00%
GA search time: 1.25s, candidates: 234
  [iter  86/100] search_obj=0.8894  search_best=0.7996  validation_best=0.8085  EI=0.0427  rnum=34.9  len=24  syn_rate=0.15  mean=0.8174  worsen=12.00%  highvar=0.00%
GA search time: 1.18s, candidates: 233
  [iter  87/100] search_obj=0.8204  search_best=0.7996  validation_best=0.8085  EI=0.0448  rnum=33.9  len=25  syn_rate=0.15  mean=0.7604  worsen=10.00%  highvar=0.00%
GA search time: 1.06s, candidates: 233
  [iter  88/100] search_obj=0.8163  search_best=0.7996  validation_best=0.8085  EI=0.0403  rnum=33.0  len=24  syn_rate=0.22  mean=0.7623  worsen=9.00%  highvar=0.00%
GA search time: 1.40s, candidates: 232
  [iter  89/100] search_obj=1.3793  search_best=0.7996  validation_best=0.8085  EI=0.0518  rnum=32.1  len=26  syn_rate=0.12  mean=1.0253  worsen=59.00%  highvar=0.00%
GA search time: 1.56s, candidates: 231
  [iter  90/100] search_obj=1.3579  search_best=0.7996  validation_best=0.8085  EI=0.0411  rnum=31.2  len=26  syn_rate=0.15  mean=0.9739  worsen=64.00%  highvar=0.00%
GA search time: 1.23s, candidates: 230
  [iter  91/100] search_obj=0.9676  search_best=0.7996  validation_best=0.8085  EI=0.0473  rnum=30.3  len=32  syn_rate=0.22  mean=0.8896  worsen=13.00%  highvar=0.00%
GA search time: 1.19s, candidates: 229
  [iter  92/100] search_obj=1.6750  search_best=0.7996  validation_best=0.8085  EI=0.0381  rnum=29.5  len=24  syn_rate=0.22  mean=1.2130  worsen=77.00%  highvar=0.00%
GA search time: 1.00s, candidates: 228
  [iter  93/100] search_obj=0.8839  search_best=0.7996  validation_best=0.8085  EI=0.0412  rnum=28.6  len=26  syn_rate=0.22  mean=0.8179  worsen=11.00%  highvar=0.00%
GA search time: 1.04s, candidates: 227
  [iter  94/100] search_obj=0.8202  search_best=0.7996  validation_best=0.8085  EI=0.0450  rnum=27.8  len=23  syn_rate=0.15  mean=0.7602  worsen=10.00%  highvar=0.00%
GA search time: 1.09s, candidates: 226
  [iter  95/100] search_obj=1.5797  search_best=0.7996  validation_best=0.8085  EI=0.0521  rnum=27.0  len=17  syn_rate=0.22  mean=1.0517  worsen=88.00%  highvar=0.00%
GA search time: 1.32s, candidates: 226
  [iter  96/100] search_obj=1.5797  search_best=0.7996  validation_best=0.8085  EI=0.0471  rnum=26.2  len=18  syn_rate=0.22  mean=1.0517  worsen=88.00%  highvar=0.00%
GA search time: 1.24s, candidates: 225
  [iter  97/100] search_obj=0.8202  search_best=0.7996  validation_best=0.8085  EI=0.0396  rnum=25.4  len=19  syn_rate=0.15  mean=0.7602  worsen=10.00%  highvar=0.00%
GA search time: 1.11s, candidates: 224
  [iter  98/100] search_obj=0.9062  search_best=0.7996  validation_best=0.8085  EI=0.0391  rnum=24.7  len=21  syn_rate=0.15  mean=0.8402  worsen=11.00%  highvar=0.00%
GA search time: 1.62s, candidates: 223
  [iter  99/100] search_obj=1.5797  search_best=0.7996  validation_best=0.8085  EI=0.0558  rnum=24.0  len=26  syn_rate=0.22  mean=1.0517  worsen=88.00%  highvar=0.00%
GA search time: 1.42s, candidates: 223
  [iter 100/100] search_obj=1.3953  search_best=0.7996  validation_best=0.8085  EI=0.0419  rnum=23.3  len=18  syn_rate=0.15  mean=1.0053  worsen=65.00%  highvar=0.00%

[Step 5] 按 validation 选择最终通用序列...
  选择结果:
    search_train_obj=0.7996, search_train_mean=0.7576, search_train_worsen=7.00%, search_train_highvar=0.00%
    validation_obj=0.8085, validation_mean=0.7545, validation_worsen=9.00%, validation_highvar=0.00%

[Step 6] 在 validation 上执行消融后处理...

[Ablation-validation] 初始序列长度: 18, objective: 0.8085, mean_norm: 0.7545, worsen_rate: 9.00%
  移除 [17] function(instsimplify): objective 0.8085, mean_norm 0.7545, worsen_rate 9.00% (保留移除)
  移除 [16] function(mem2reg): objective 0.8085, mean_norm 0.7545, worsen_rate 9.00% (保留移除)
  移除 [15] module(scc-oz-module-inliner): objective 2.1350 > 0.8085 (恢复)
  移除 [14] module(attributor): objective 0.9513 > 0.8085 (恢复)
  移除 [13] module(iroutliner): objective 0.8171 > 0.8085 (恢复)
  移除 [12] module(globalopt): objective 0.8085, mean_norm 0.7545, worsen_rate 9.00% (保留移除)
  移除 [11] function(gvn-sink): objective 0.8105 > 0.8085 (恢复)
  移除 [10] function(gvn-hoist): objective 0.8151 > 0.8085 (恢复)
  移除 [9] loop(loop-simplifycfg): objective 0.7983, mean_norm 0.7443, worsen_rate 9.00% (保留移除)
  移除 [8] module(iroutliner): objective 0.7983, mean_norm 0.7443, worsen_rate 9.00% (保留移除)
  移除 [7] module(iroutliner): objective 0.8309 > 0.7983 (恢复)
  移除 [6] function(dse): objective 0.8460 > 0.7983 (恢复)
  移除 [5] module(globalopt): objective 0.7983, mean_norm 0.7443, worsen_rate 9.00% (保留移除)
  移除 [4] module(elim-avail-extern): objective 0.7983, mean_norm 0.7443, worsen_rate 9.00% (保留移除)
  移除 [3] module(attributor): objective 0.8474 > 0.7983 (恢复)
  移除 [2] function(lower-switch): objective 0.7974, mean_norm 0.7434, worsen_rate 9.00% (保留移除)
  移除 [1] module(globalopt): objective 1.1043 > 0.7974 (恢复)
  移除 [0] module(elim-avail-extern): objective 1.2989 > 0.7974 (恢复)
[Ablation-validation] 最终序列长度: 10, objective: 0.7974, mean_norm: 0.7434, worsen_rate: 9.00%, 移除了 8 个 pass
  消融有效: 18 → 10 passes, validation_objective: 0.8085 → 0.7974

最终通用 pass 序列（effective=10 个顶层 pass, raw=10 个 pass, syn_rate(raw)=0.14）:
  module(elim-avail-extern) → module(globalopt) → module(attributor) → function(dse) → module(iroutliner) → function(gvn-hoist) → function(gvn-sink) → module(iroutliner) → module(attributor) → module(scc-oz-module-inliner)
  search_train_obj=0.7882, search_train_mean=0.7462, search_train_worsen=7.00%, search_train_highvar=0.00%
  validation_obj=0.7974, validation_mean=0.7434, validation_worsen=9.00%, validation_highvar=0.00%
  test_obj=0.9507, test_mean=0.8547, test_worsen=16.00%, test_highvar=0.00%

Top-5 最佳序列（按 validation 多目标 objective 升序）:
  #1: validation_obj=0.8085, validation_mean=0.7545, validation_worsen=9.00%, validation_highvar=0.00%, train_obj=0.7996, train_mean=0.7576, train_highvar=0.00%, len=18, syn_rate=0.26, test_obj=0.9469, test_mean=0.8509, test_worsen=16.00%, test_highvar=0.00%
     module(elim-avail-extern) → module(globalopt) → function(lower-switch) → module(attributor) → module(elim-avail-extern) → module(globalopt) → function(dse) → module(iroutliner) → module(iroutliner) → function(loop(loop-simplifycfg)) → function(gvn-hoist) → function(gvn-sink) → module(globalopt) → module(iroutliner) → module(attributor) → module(scc-oz-module-inliner) → function(mem2reg) → function(instsimplify)
     raw: module(elim-avail-extern) → module(globalopt) → function(lower-switch) → module(attributor) → module(elim-avail-extern) → module(globalopt) → function(dse) → module(iroutliner) → module(iroutliner) → loop(loop-simplifycfg) → function(gvn-hoist) → function(gvn-sink) → module(globalopt) → module(iroutliner) → module(attributor) → module(scc-oz-module-inliner) → function(mem2reg) → function(instsimplify)
  #2: validation_obj=0.8138, validation_mean=0.7598, validation_worsen=9.00%, validation_highvar=0.00%, train_obj=0.8152, train_mean=0.7612, train_highvar=0.00%, len=17, syn_rate=0.22, test_obj=0.9933, test_mean=0.8733, test_worsen=20.00%, test_highvar=0.00%
     function(lower-switch) → module(globalopt) → function(lower-switch) → module(globalopt) → module(attributor) → module(elim-avail-extern) → module(globalopt) → function(dse) → module(iroutliner) → function(loop(loop-simplifycfg)) → function(gvn-sink) → module(globalopt) → module(iroutliner) → module(attributor) → module(scc-oz-module-inliner) → function(mem2reg) → function(instsimplify)
     raw: function(lower-switch) → module(globalopt) → function(lower-switch) → module(globalopt) → module(attributor) → module(elim-avail-extern) → module(globalopt) → function(dse) → module(iroutliner) → loop(loop-simplifycfg) → function(gvn-sink) → module(globalopt) → module(iroutliner) → module(attributor) → module(scc-oz-module-inliner) → function(mem2reg) → function(instsimplify)
  #3: validation_obj=0.8151, validation_mean=0.7611, validation_worsen=9.00%, validation_highvar=0.00%, train_obj=0.8163, train_mean=0.7623, train_highvar=0.00%, len=16, syn_rate=0.22, test_obj=0.9938, test_mean=0.8738, test_worsen=20.00%, test_highvar=0.00%
     module(elim-avail-extern) → module(globalopt) → function(lower-switch) → module(attributor) → module(elim-avail-extern) → module(globalopt) → function(dse) → module(iroutliner) → function(loop(loop-simplifycfg)) → function(gvn-sink) → module(globalopt) → module(iroutliner) → module(attributor) → module(scc-oz-module-inliner) → function(mem2reg) → function(instsimplify)
     raw: module(elim-avail-extern) → module(globalopt) → function(lower-switch) → module(attributor) → module(elim-avail-extern) → module(globalopt) → function(dse) → module(iroutliner) → loop(loop-simplifycfg) → function(gvn-sink) → module(globalopt) → module(iroutliner) → module(attributor) → module(scc-oz-module-inliner) → function(mem2reg) → function(instsimplify)
  #4: validation_obj=0.8151, validation_mean=0.7611, validation_worsen=9.00%, validation_highvar=0.00%, train_obj=0.8163, train_mean=0.7623, train_highvar=0.00%, len=18, syn_rate=0.22, test_obj=0.9938, test_mean=0.8738, test_worsen=20.00%, test_highvar=0.00%
     module(elim-avail-extern) → function(lower-switch) → module(globalopt) → function(lower-switch) → module(globalopt) → module(attributor) → module(elim-avail-extern) → module(globalopt) → function(dse) → module(iroutliner) → function(loop(loop-simplifycfg)) → function(gvn-sink) → module(globalopt) → module(iroutliner) → module(attributor) → module(scc-oz-module-inliner) → function(mem2reg) → function(instsimplify)
     raw: module(elim-avail-extern) → function(lower-switch) → module(globalopt) → function(lower-switch) → module(globalopt) → module(attributor) → module(elim-avail-extern) → module(globalopt) → function(dse) → module(iroutliner) → loop(loop-simplifycfg) → function(gvn-sink) → module(globalopt) → module(iroutliner) → module(attributor) → module(scc-oz-module-inliner) → function(mem2reg) → function(instsimplify)
  #5: validation_obj=0.8151, validation_mean=0.7611, validation_worsen=9.00%, validation_highvar=0.00%, train_obj=0.8163, train_mean=0.7623, train_highvar=0.00%, len=18, syn_rate=0.22, test_obj=0.9938, test_mean=0.8738, test_worsen=20.00%, test_highvar=0.00%
     module(elim-avail-extern) → module(attributor) → module(globalopt) → function(lower-switch) → module(attributor) → module(elim-avail-extern) → module(globalopt) → function(dse) → module(iroutliner) → function(loop(loop-simplifycfg)) → function(gvn-sink) → module(globalopt) → module(iroutliner) → module(attributor) → module(scc-oz-module-inliner) → function(mem2reg) → function(mem2reg) → function(instsimplify)
     raw: module(elim-avail-extern) → module(attributor) → module(globalopt) → function(lower-switch) → module(attributor) → module(elim-avail-extern) → module(globalopt) → function(dse) → module(iroutliner) → loop(loop-simplifycfg) → function(gvn-sink) → module(globalopt) → module(iroutliner) → module(attributor) → module(scc-oz-module-inliner) → function(mem2reg) → function(mem2reg) → function(instsimplify)

============================================================
所有轮次中最优 validation objective: 0.7974
最优通用 pass 序列 (10 passes):
  module(elim-avail-extern) → module(globalopt) → module(attributor) → function(dse) → module(iroutliner) → function(gvn-hoist) → function(gvn-sink) → module(iroutliner) → module(attributor) → module(scc-oz-module-inliner)
  search_train_obj=0.7882, search_train_mean=0.7462, search_train_worsen=7.00%, search_train_highvar=0.00%
  validation_obj=0.7974, validation_mean=0.7434, validation_worsen=9.00%, validation_highvar=0.00%
  test_obj=0.9507, test_mean=0.8547, test_worsen=16.00%, test_highvar=0.00%

最优轮次 Top-5 序列（含测试集效果，按 validation objective 升序）:
  #1: validation_obj=0.8085, validation_mean=0.7545, validation_worsen=9.00%, validation_highvar=0.00%, train_obj=0.7996, train_mean=0.7576, train_highvar=0.00%, len=18, syn_rate=0.26, test_obj=0.9469, test_mean=0.8509, test_worsen=16.00%, test_highvar=0.00%
     module(elim-avail-extern) → module(globalopt) → function(lower-switch) → module(attributor) → module(elim-avail-extern) → module(globalopt) → function(dse) → module(iroutliner) → module(iroutliner) → function(loop(loop-simplifycfg)) → function(gvn-hoist) → function(gvn-sink) → module(globalopt) → module(iroutliner) → module(attributor) → module(scc-oz-module-inliner) → function(mem2reg) → function(instsimplify)
     raw: module(elim-avail-extern) → module(globalopt) → function(lower-switch) → module(attributor) → module(elim-avail-extern) → module(globalopt) → function(dse) → module(iroutliner) → module(iroutliner) → loop(loop-simplifycfg) → function(gvn-hoist) → function(gvn-sink) → module(globalopt) → module(iroutliner) → module(attributor) → module(scc-oz-module-inliner) → function(mem2reg) → function(instsimplify)
  #2: validation_obj=0.8138, validation_mean=0.7598, validation_worsen=9.00%, validation_highvar=0.00%, train_obj=0.8152, train_mean=0.7612, train_highvar=0.00%, len=17, syn_rate=0.22, test_obj=0.9933, test_mean=0.8733, test_worsen=20.00%, test_highvar=0.00%
     function(lower-switch) → module(globalopt) → function(lower-switch) → module(globalopt) → module(attributor) → module(elim-avail-extern) → module(globalopt) → function(dse) → module(iroutliner) → function(loop(loop-simplifycfg)) → function(gvn-sink) → module(globalopt) → module(iroutliner) → module(attributor) → module(scc-oz-module-inliner) → function(mem2reg) → function(instsimplify)
     raw: function(lower-switch) → module(globalopt) → function(lower-switch) → module(globalopt) → module(attributor) → module(elim-avail-extern) → module(globalopt) → function(dse) → module(iroutliner) → loop(loop-simplifycfg) → function(gvn-sink) → module(globalopt) → module(iroutliner) → module(attributor) → module(scc-oz-module-inliner) → function(mem2reg) → function(instsimplify)
  #3: validation_obj=0.8151, validation_mean=0.7611, validation_worsen=9.00%, validation_highvar=0.00%, train_obj=0.8163, train_mean=0.7623, train_highvar=0.00%, len=16, syn_rate=0.22, test_obj=0.9938, test_mean=0.8738, test_worsen=20.00%, test_highvar=0.00%
     module(elim-avail-extern) → module(globalopt) → function(lower-switch) → module(attributor) → module(elim-avail-extern) → module(globalopt) → function(dse) → module(iroutliner) → function(loop(loop-simplifycfg)) → function(gvn-sink) → module(globalopt) → module(iroutliner) → module(attributor) → module(scc-oz-module-inliner) → function(mem2reg) → function(instsimplify)
     raw: module(elim-avail-extern) → module(globalopt) → function(lower-switch) → module(attributor) → module(elim-avail-extern) → module(globalopt) → function(dse) → module(iroutliner) → loop(loop-simplifycfg) → function(gvn-sink) → module(globalopt) → module(iroutliner) → module(attributor) → module(scc-oz-module-inliner) → function(mem2reg) → function(instsimplify)
  #4: validation_obj=0.8151, validation_mean=0.7611, validation_worsen=9.00%, validation_highvar=0.00%, train_obj=0.8163, train_mean=0.7623, train_highvar=0.00%, len=18, syn_rate=0.22, test_obj=0.9938, test_mean=0.8738, test_worsen=20.00%, test_highvar=0.00%
     module(elim-avail-extern) → function(lower-switch) → module(globalopt) → function(lower-switch) → module(globalopt) → module(attributor) → module(elim-avail-extern) → module(globalopt) → function(dse) → module(iroutliner) → function(loop(loop-simplifycfg)) → function(gvn-sink) → module(globalopt) → module(iroutliner) → module(attributor) → module(scc-oz-module-inliner) → function(mem2reg) → function(instsimplify)
     raw: module(elim-avail-extern) → function(lower-switch) → module(globalopt) → function(lower-switch) → module(globalopt) → module(attributor) → module(elim-avail-extern) → module(globalopt) → function(dse) → module(iroutliner) → loop(loop-simplifycfg) → function(gvn-sink) → module(globalopt) → module(iroutliner) → module(attributor) → module(scc-oz-module-inliner) → function(mem2reg) → function(instsimplify)
  #5: validation_obj=0.8151, validation_mean=0.7611, validation_worsen=9.00%, validation_highvar=0.00%, train_obj=0.8163, train_mean=0.7623, train_highvar=0.00%, len=18, syn_rate=0.22, test_obj=0.9938, test_mean=0.8738, test_worsen=20.00%, test_highvar=0.00%
     module(elim-avail-extern) → module(attributor) → module(globalopt) → function(lower-switch) → module(attributor) → module(elim-avail-extern) → module(globalopt) → function(dse) → module(iroutliner) → function(loop(loop-simplifycfg)) → function(gvn-sink) → module(globalopt) → module(iroutliner) → module(attributor) → module(scc-oz-module-inliner) → function(mem2reg) → function(mem2reg) → function(instsimplify)
     raw: module(elim-avail-extern) → module(attributor) → module(globalopt) → function(lower-switch) → module(attributor) → module(elim-avail-extern) → module(globalopt) → function(dse) → module(iroutliner) → loop(loop-simplifycfg) → function(gvn-sink) → module(globalopt) → module(iroutliner) → module(attributor) → module(scc-oz-module-inliner) → function(mem2reg) → function(mem2reg) → function(instsimplify)
binarysize_test: vs_none=0.999 (+0.1%)  vs_oz=1.000 (+0.0%)  vs_o3=0.995 (+0.5%) [metric=stripped_file_bytes]
binarysize_test[text_bytes]: vs_none=0.917 (+8.3%)  vs_oz=0.948 (+5.2%)  vs_o3=0.865 (+13.5%)
binarysize_test[data_bytes]: vs_none=0.989 (+1.1%)  vs_oz=0.995 (+0.5%)  vs_o3=0.991 (+0.9%)
binarysize_test[bss_bytes]: vs_none=1.000 (+0.0%)  vs_oz=1.000 (+0.0%)  vs_o3=1.000 (+0.0%)
binarysize_test[dec_bytes]: vs_none=0.938 (+6.2%)  vs_oz=0.961 (+3.9%)  vs_o3=0.896 (+10.4%)

最优轮次 Top-5 binarysize_test 序列面板（primary=stripped_file_bytes）:
  #1: len=18, syn_rate=0.26
     stripped_file_bytes: obj=1.0356, mean=0.9996, worsen=6.00%, vs_none=0.999 (+0.1%)  vs_oz=1.000 (+0.0%)  vs_o3=0.995 (+0.5%)
     text_bytes: obj=1.0650, mean=0.9450, worsen=20.00%, vs_none=0.914 (+8.6%)  vs_oz=0.945 (+5.5%)  vs_o3=0.863 (+13.7%)
     data_bytes: obj=1.0432, mean=0.9952, worsen=8.00%, vs_none=0.989 (+1.1%)  vs_oz=0.995 (+0.5%)  vs_o3=0.991 (+0.9%)
     bss_bytes: obj=1.0000, mean=1.0000, worsen=0.00%, vs_none=1.000 (+0.0%)  vs_oz=1.000 (+0.0%)  vs_o3=1.000 (+0.0%)
     dec_bytes: obj=1.0792, mean=0.9592, worsen=20.00%, vs_none=0.935 (+6.5%)  vs_oz=0.959 (+4.1%)  vs_o3=0.894 (+10.6%)
  #2: len=17, syn_rate=0.22
     stripped_file_bytes: obj=1.0356, mean=0.9996, worsen=6.00%, vs_none=0.999 (+0.1%)  vs_oz=1.000 (+0.0%)  vs_o3=0.995 (+0.5%)
     text_bytes: obj=1.1105, mean=0.9665, worsen=24.00%, vs_none=0.937 (+6.3%)  vs_oz=0.966 (+3.4%)  vs_o3=0.884 (+11.6%)
     data_bytes: obj=1.0432, mean=0.9952, worsen=8.00%, vs_none=0.989 (+1.1%)  vs_oz=0.995 (+0.5%)  vs_o3=0.991 (+0.9%)
     bss_bytes: obj=1.0000, mean=1.0000, worsen=0.00%, vs_none=1.000 (+0.0%)  vs_oz=1.000 (+0.0%)  vs_o3=1.000 (+0.0%)
     dec_bytes: obj=1.1198, mean=0.9758, worsen=24.00%, vs_none=0.953 (+4.7%)  vs_oz=0.976 (+2.4%)  vs_o3=0.910 (+9.0%)
  #3: len=16, syn_rate=0.22
     stripped_file_bytes: obj=1.0356, mean=0.9996, worsen=6.00%, vs_none=0.999 (+0.1%)  vs_oz=1.000 (+0.0%)  vs_o3=0.995 (+0.5%)
     text_bytes: obj=1.1108, mean=0.9668, worsen=24.00%, vs_none=0.937 (+6.3%)  vs_oz=0.967 (+3.3%)  vs_o3=0.884 (+11.6%)
     data_bytes: obj=1.0432, mean=0.9952, worsen=8.00%, vs_none=0.989 (+1.1%)  vs_oz=0.995 (+0.5%)  vs_o3=0.991 (+0.9%)
     bss_bytes: obj=1.0000, mean=1.0000, worsen=0.00%, vs_none=1.000 (+0.0%)  vs_oz=1.000 (+0.0%)  vs_o3=1.000 (+0.0%)
     dec_bytes: obj=1.1200, mean=0.9760, worsen=24.00%, vs_none=0.953 (+4.7%)  vs_oz=0.976 (+2.4%)  vs_o3=0.911 (+8.9%)
  #4: len=18, syn_rate=0.22
     stripped_file_bytes: obj=1.0356, mean=0.9996, worsen=6.00%, vs_none=0.999 (+0.1%)  vs_oz=1.000 (+0.0%)  vs_o3=0.995 (+0.5%)
     text_bytes: obj=1.1108, mean=0.9668, worsen=24.00%, vs_none=0.937 (+6.3%)  vs_oz=0.967 (+3.3%)  vs_o3=0.884 (+11.6%)
     data_bytes: obj=1.0432, mean=0.9952, worsen=8.00%, vs_none=0.989 (+1.1%)  vs_oz=0.995 (+0.5%)  vs_o3=0.991 (+0.9%)
     bss_bytes: obj=1.0000, mean=1.0000, worsen=0.00%, vs_none=1.000 (+0.0%)  vs_oz=1.000 (+0.0%)  vs_o3=1.000 (+0.0%)
     dec_bytes: obj=1.1200, mean=0.9760, worsen=24.00%, vs_none=0.953 (+4.7%)  vs_oz=0.976 (+2.4%)  vs_o3=0.911 (+8.9%)
  #5: len=18, syn_rate=0.22
     stripped_file_bytes: obj=1.0356, mean=0.9996, worsen=6.00%, vs_none=0.999 (+0.1%)  vs_oz=1.000 (+0.0%)  vs_o3=0.995 (+0.5%)
     text_bytes: obj=1.1108, mean=0.9668, worsen=24.00%, vs_none=0.937 (+6.3%)  vs_oz=0.967 (+3.3%)  vs_o3=0.884 (+11.6%)
     data_bytes: obj=1.0432, mean=0.9952, worsen=8.00%, vs_none=0.989 (+1.1%)  vs_oz=0.995 (+0.5%)  vs_o3=0.991 (+0.9%)
     bss_bytes: obj=1.0000, mean=1.0000, worsen=0.00%, vs_none=1.000 (+0.0%)  vs_oz=1.000 (+0.0%)  vs_o3=1.000 (+0.0%)
     dec_bytes: obj=1.1200, mean=0.9760, worsen=24.00%, vs_none=0.953 (+4.7%)  vs_oz=0.976 (+2.4%)  vs_o3=0.911 (+8.9%)
核心调优成本已写入: /root/exp/RFunipassLab/results/instrcount/summaries/20260510_164201_491950_feature_lite_seed458_core_tuning_cost.json
结果已写入: /root/exp/RFunipassLab/results/instrcount/summaries/20260510_164201_491950_feature_lite_seed458.json
总运行时间: 877.47 秒
