# run_id: 20260413_193344_284829_runtime_feature_lite
# name: runtime_feature_lite
# group: runtime_feature_ablation
# description: 运行时间目标 + Lite 特征编码，用于分析轻量特征对时间目标的影响。
# changed: BACKEND_OPT_LEVEL=-O0, FEATURE_MODE=lite, GA_GEN=5, GA_POP=200, ITERS=20, MAX_SEQ_LEN=120, MIN_VAL_PROGRAMS=5, OBJECTIVE_KIND=runtime, PROGRAM_POOL_KIND=runtime, SEED_TOPK=0, TEST_TOPK=20, TRAIN_TOPK=50, VAL_RATIO=0.5
# result_json: /root/exp/RFunipassLab/results/runtime/summaries/20260413_193344_284829_runtime_feature_lite.json
# started_at: 2026-04-13T19:33:44
# control_env:
#   BACKEND_OPT_LEVEL=-O0
#   DECAY=0.5
#   FEATURE_MODE=lite
#   GA_ELITE=0.1
#   GA_GEN=5
#   GA_MUT=0.8
#   GA_POP=200
#   GA_TOUR=3
#   ITERS=20
#   MAX_SEQ_LEN=120
#   MIN_VAL_PROGRAMS=5
#   OBJECTIVE_KIND=runtime
#   OBJ_HIGHVAR_W=0.05
#   OBJ_WORSEN_W=0.15
#   OFFSET=20
#   PROGRAM_POOL_KIND=runtime
#   RNUM=256
#   RUNS=1
#   RUNTIME_EVAL_MAX_VARIANCE_PCT=15.0
#   RUNTIME_MAX_INNER_REPEATS=64
#   RUNTIME_MAX_VARIANCE_PCT=10.0
#   RUNTIME_REQUIRED_ROWS=0
#   RUNTIME_SAMPLES=5
#   RUNTIME_TARGET_SAMPLE_MS=30.0
#   RUNTIME_TIMEOUT_SEC=2.0
#   SCALE=10
#   SEED_TOPK=0
#   TEST_TOPK=20
#   TRAIN_TOPK=50
#   VAL_RATIO=0.5

Loading runtime-evaluable rows from: /root/exp/RFunipassLab/data/tuning_results.csv
Runtime manifest path: /root/exp/RFunipassLab/results/runtime/manifests/runtime_manifest.json
Runtime required rows: 70
Loaded runtime-evaluable rows: 70
Loaded train programs:       50
Loaded initial seed seqs:    30
Loaded test programs:        20
Objective kind:              runtime
Program pool kind:           runtime

Loading synergy graph from: /root/exp/RFunipassLab/data/Step3_EnumeratedPairs.csv
All passes (19): ['module(elim-avail-extern)', 'module(scc-oz-module-inliner)', 'function(dse)', 'module(globalopt)', 'module(attributor)', 'cgscc(attributor-cgscc)', 'module(iroutliner)', 'function(reassociate)', 'function(memcpyopt)', 'function(dce)', 'function(newgvn)', 'function(mem2reg)', 'module(inferattrs)', 'function(gvn-hoist)', 'function(gvn-sink)', 'function(jump-threading)', 'function(instsimplify)', 'loop(loop-simplifycfg)', 'function(lower-switch)']
Synergy edges: 176
Self-loop passes: {'cgscc(attributor-cgscc)', 'function(newgvn)', 'module(attributor)'}

============================================================
实验轮次 1 / 1
============================================================
============================================================
目标类型:      runtime
基准指标:      -Oz 基准运行时间
优化指标:      归一化运行时间
后端编译级别:  -O0
输入程序数:    50
输入次优序列数: 30
测试程序数:    20
Pass 词表大小: 19
协同边数:      176
自环 pass 数:  3
序列长度上限:  120
特征模式:      lite
RF 特征维度:   31
词表: ['module(elim-avail-extern)', 'module(scc-oz-module-inliner)', 'function(dse)', 'module(globalopt)', 'module(attributor)', 'cgscc(attributor-cgscc)', 'module(iroutliner)', 'function(reassociate)', 'function(memcpyopt)', 'function(dce)', 'function(newgvn)', 'function(mem2reg)', 'module(inferattrs)', 'function(gvn-hoist)', 'function(gvn-sink)', 'function(jump-threading)', 'function(instsimplify)', 'loop(loop-simplifycfg)', 'function(lower-switch)']
多目标权重:    mean=1.0, worsen=0.15, highvar=0.05

[Step 1.5] 训练程序切分...
  search_train 程序数: 25
  validation 程序数:   25

[Step 2] 计算 search_train 程序 -Oz 基准运行时间...
[Step 2b] 计算 validation 程序 -Oz 基准运行时间...
[Step 2c] 计算测试集程序 -Oz 基准运行时间...

[Step 2d] 固定参考基线（相对 []）...
  search_train: []=1.000 (+0.0%)  -Oz=0.927 (+7.3%)  -O3=0.851 (+14.9%)
  validation:   []=1.000 (+0.0%)  -Oz=0.863 (+13.7%)  -O3=0.763 (+23.7%)
  test:         []=1.000 (+0.0%)  -Oz=0.901 (+9.9%)  -O3=0.831 (+16.9%)

[Step 3] 评估初始 seed 序列（共 30 条）...

[Step 4] 开始贝叶斯优化（20 轮）...
Traceback (most recent call last):
  File "/root/exp/RFunipassLab/boca.py", line 25, in <module>
    raise SystemExit(cli_main())
                     ~~~~~~~~^^
  File "/root/exp/RFunipassLab/boca_exp/runner.py", line 657, in cli_main
    run_result = main(
        programs,
    ...<2 lines>...
        topn=top_n,
    )
  File "/root/exp/RFunipassLab/boca_exp/runner.py", line 350, in main
    new_seq, ei_val = get_nd_solutions(
                      ~~~~~~~~~~~~~~~~^
        evaluated_sequences,
        ^^^^^^^^^^^^^^^^^^^^
    ...<3 lines>...
        suboptimal_sequences,
        ^^^^^^^^^^^^^^^^^^^^^
    )
    ^
  File "/root/exp/RFunipassLab/boca_exp/search.py", line 168, in get_nd_solutions
    from sklearn.ensemble import RandomForestRegressor
ModuleNotFoundError: No module named 'sklearn'
