# run_id: 20260508_134127_858741_feature_lite_seed458
# name: feature_lite
# group: feature_ablation
# description: 切换到 Lite 特征编码，保留其余搜索流程不变。
# changed: FEATURE_MODE=lite, GA_GEN=5, GA_POP=200, ITERS=100, MAX_SEQ_LEN=120, MIN_VAL_PROGRAMS=5, SEED_TOPK=0, TEST_TOPK=50, TRAIN_TOPK=200, VAL_RATIO=0.5
# result_json: /root/exp/RFunipassLab/results/instrcount/summaries/20260508_134127_858741_feature_lite_seed458.json
# started_at: 2026-05-08T13:41:27
# control_env:
#   BACKEND_OPT_LEVEL=-O0
#   BINARY_SIZE_METRIC=stripped_file_bytes
#   BINARY_SIZE_REPORT_METRICS=text_bytes,data_bytes,bss_bytes,dec_bytes
#   DECAY=0.5
#   EXPERIMENT_SEED=458
#   FEATURE_MODE=lite
#   GA_ELITE=0.1
#   GA_GEN=5
#   GA_MUT=0.8
#   GA_POP=200
#   GA_TOUR=3
#   ITERS=100
#   LOOP_NESTING_POLICY=wrap
#   MAX_SEQ_LEN=120
#   MIN_VAL_PROGRAMS=5
#   OBJECTIVE_BASELINE=oz
#   OBJECTIVE_KIND=instrcount
#   OBJ_HIGHVAR_W=0.0
#   OBJ_WORSEN_W=0.30
#   OFFSET=20
#   PROGRAM_POOL_KIND=auto
#   RF_EXPLAIN_COUNTERFACTUAL_ENABLE=1
#   RF_EXPLAIN_COUNTERFACTUAL_MAX_EVALS=50
#   RF_EXPLAIN_COUNTERFACTUAL_SPLIT=selection
#   RF_EXPLAIN_COUNTERFACTUAL_TOPK=5
#   RF_EXPLAIN_ENABLE=0
#   RF_EXPLAIN_HOLDOUT_RATIO=0.3
#   RF_EXPLAIN_MIN_SAMPLES=20
#   RF_EXPLAIN_MODE=final
#   RF_EXPLAIN_PERM_REPEATS=10
#   RF_EXPLAIN_TOPK=20
#   RNUM=256
#   RUNS=1
#   RUNTIME_EVAL_MAX_VARIANCE_PCT=15.0
#   RUNTIME_MAX_INNER_REPEATS=64
#   RUNTIME_MAX_VARIANCE_PCT=10.0
#   RUNTIME_REQUIRED_ROWS=0
#   RUNTIME_SAMPLES=5
#   RUNTIME_TARGET_SAMPLE_MS=30.0
#   RUNTIME_TIMEOUT_SEC=2.0
#   SCALE=10
#   SEED_TOPK=0
#   SPLIT_SEED=458
#   TEST_TOPK=50
#   TRAIN_TOPK=200
#   VAL_RATIO=0.5

Loading train/test rows from: /root/exp/RFunipassLab/data/tuning_results.csv
Loaded train programs:       200
Loaded initial seed seqs:    79
Loaded test programs:        50
Objective kind:              instrcount
Program pool kind:           tuning

Loading synergy graph from: /root/exp/RFunipassLab/data/Step3_EnumeratedPairs.csv
All passes (19): ['module(elim-avail-extern)', 'function(mem2reg)', 'function(instsimplify)', 'module(iroutliner)', 'function(reassociate)', 'function(memcpyopt)', 'function(gvn-hoist)', 'function(dce)', 'function(jump-threading)', 'module(globalopt)', 'module(attributor)', 'cgscc(attributor-cgscc)', 'function(gvn-sink)', 'module(scc-oz-module-inliner)', 'function(dse)', 'function(newgvn)', 'module(inferattrs)', 'loop(loop-simplifycfg)', 'function(lower-switch)']
Synergy edges: 176
Self-loop passes: {'function(newgvn)', 'module(attributor)', 'cgscc(attributor-cgscc)'}

============================================================
实验轮次 1 / 1
============================================================
============================================================
目标类型:      instrcount
目标基准:      -Oz
基准指标:      -Oz 基准指令数
优化指标:      归一化指令数
输入程序数:    200
输入次优序列数: 79
测试程序数:    50
Pass 词表大小: 19
协同边数:      176
自环 pass 数:  3
序列长度上限:  120
Loop 合法化策略: wrap
实验种子:      458
划分种子:      458
特征模式:      lite
RF 特征维度:   31
词表: ['module(elim-avail-extern)', 'function(mem2reg)', 'function(instsimplify)', 'module(iroutliner)', 'function(reassociate)', 'function(memcpyopt)', 'function(gvn-hoist)', 'function(dce)', 'function(jump-threading)', 'module(globalopt)', 'module(attributor)', 'cgscc(attributor-cgscc)', 'function(gvn-sink)', 'module(scc-oz-module-inliner)', 'function(dse)', 'function(newgvn)', 'module(inferattrs)', 'loop(loop-simplifycfg)', 'function(lower-switch)']
多目标权重:    mean=1.0, worsen=0.3, highvar=0.0

[Step 1.5] 训练程序切分...
  search_train 程序数: 100
  validation 程序数:   100
  split_signature(search_train): 8c651010a3ff27fec9f7e5d5efa9cee41062e869
  split_signature(validation):   dd8f07df3ff69242e6dacb9d6936f2a026580e81
  split_signature(test):         a482a9715f2cdbf9817e6c112cc95b7aa635e4fb

[Step 2] 计算 search_train 程序 -Oz 基准指令数...
[Step 2b] 计算 validation 程序 -Oz 基准指令数...
[Step 2c] 计算测试集程序 -Oz 基准指令数...

[Step 3] 评估初始 seed 序列（共 79 条）...

[Step 4] 开始贝叶斯优化（100 轮）...
GA search time: 12.53s, candidates: 383
  [iter   1/100] search_obj=1.0095  search_best=0.8143  validation_best=0.8107  EI=0.0326  rnum=183.2  len=31  syn_rate=0.34  mean=0.9375  worsen=24.00%  highvar=0.00%
GA search time: 15.60s, candidates: 381
  [iter   2/100] search_obj=1.4023  search_best=0.8143  validation_best=0.8107  EI=0.0245  rnum=181.1  len=45  syn_rate=0.53  mean=1.1263  worsen=92.00%  highvar=0.00%
GA search time: 18.21s, candidates: 379
  [iter   3/100] search_obj=1.0489  search_best=0.8143  validation_best=0.8107  EI=0.0215  rnum=179.0  len=47  syn_rate=0.84  mean=0.9619  worsen=29.00%  highvar=0.00%
GA search time: 6.22s, candidates: 376
  [iter   4/100] search_obj=0.8780  search_best=0.8143  validation_best=0.8107  EI=0.0198  rnum=176.9  len=24  syn_rate=0.44  mean=0.8510  worsen=9.00%  highvar=0.00%
GA search time: 7.68s, candidates: 374
  [iter   5/100] search_obj=0.9542  search_best=0.8143  validation_best=0.8107  EI=0.0154  rnum=174.8  len=35  syn_rate=0.40  mean=0.9062  worsen=16.00%  highvar=0.00%
GA search time: 4.51s, candidates: 372
  [iter   6/100] search_obj=1.0068  search_best=0.8143  validation_best=0.8107  EI=0.0139  rnum=172.7  len=17  syn_rate=0.27  mean=0.9558  worsen=17.00%  highvar=0.00%
GA search time: 7.13s, candidates: 370
  [iter   7/100] search_obj=0.8579  search_best=0.8143  validation_best=0.8107  EI=0.0149  rnum=170.6  len=29  syn_rate=0.54  mean=0.8249  worsen=11.00%  highvar=0.00%
GA search time: 11.33s, candidates: 368
  [iter   8/100] search_obj=1.1904  search_best=0.8143  validation_best=0.8107  EI=0.0189  rnum=168.4  len=23  syn_rate=0.45  mean=1.0194  worsen=57.00%  highvar=0.00%
GA search time: 10.31s, candidates: 366
  [iter   9/100] search_obj=1.0191  search_best=0.8143  validation_best=0.8107  EI=0.0127  rnum=166.3  len=36  syn_rate=0.49  mean=0.8751  worsen=48.00%  highvar=0.00%
GA search time: 7.06s, candidates: 364
  [iter  10/100] search_obj=1.4012  search_best=0.8143  validation_best=0.8107  EI=0.0171  rnum=164.2  len=27  syn_rate=0.57  mean=1.1252  worsen=92.00%  highvar=0.00%
GA search time: 7.67s, candidates: 362
  [iter  11/100] search_obj=0.8532  search_best=0.8143  validation_best=0.8107  EI=0.0149  rnum=162.0  len=16  syn_rate=0.32  mean=0.8202  worsen=11.00%  highvar=0.00%
GA search time: 9.80s, candidates: 359
  [iter  12/100] search_obj=1.1342  search_best=0.8143  validation_best=0.8107  EI=0.0173  rnum=159.9  len=26  syn_rate=0.39  mean=0.9512  worsen=61.00%  highvar=0.00%
GA search time: 7.85s, candidates: 357
  [iter  13/100] search_obj=1.1985  search_best=0.8143  validation_best=0.8107  EI=0.0125  rnum=157.7  len=28  syn_rate=0.55  mean=1.0005  worsen=66.00%  highvar=0.00%
GA search time: 3.56s, candidates: 355
  [iter  14/100] search_obj=1.3034  search_best=0.8143  validation_best=0.8107  EI=0.0206  rnum=155.6  len=19  syn_rate=0.35  mean=1.0874  worsen=72.00%  highvar=0.00%
GA search time: 3.44s, candidates: 353
  [iter  15/100] search_obj=1.0800  search_best=0.8143  validation_best=0.8107  EI=0.0176  rnum=153.4  len=19  syn_rate=0.32  mean=1.0080  worsen=24.00%  highvar=0.00%
GA search time: 3.92s, candidates: 351
  [iter  16/100] search_obj=0.8579  search_best=0.8143  validation_best=0.8107  EI=0.0170  rnum=151.3  len=30  syn_rate=0.54  mean=0.8249  worsen=11.00%  highvar=0.00%
GA search time: 4.20s, candidates: 349
  [iter  17/100] search_obj=0.8579  search_best=0.8143  validation_best=0.8107  EI=0.0250  rnum=149.1  len=32  syn_rate=0.54  mean=0.8249  worsen=11.00%  highvar=0.00%
GA search time: 4.74s, candidates: 346
  [iter  18/100] search_obj=1.3133  search_best=0.8143  validation_best=0.8107  EI=0.0191  rnum=147.0  len=39  syn_rate=0.49  mean=1.0493  worsen=88.00%  highvar=0.00%
GA search time: 3.58s, candidates: 344
  [iter  19/100] search_obj=1.3015  search_best=0.8143  validation_best=0.8107  EI=0.0217  rnum=144.8  len=31  syn_rate=0.52  mean=1.0465  worsen=85.00%  highvar=0.00%
GA search time: 4.43s, candidates: 342
  [iter  20/100] search_obj=1.1960  search_best=0.8143  validation_best=0.8107  EI=0.0217  rnum=142.7  len=30  syn_rate=0.40  mean=1.0010  worsen=65.00%  highvar=0.00%
GA search time: 2.98s, candidates: 340
  [iter  21/100] search_obj=1.1611  search_best=0.8143  validation_best=0.8107  EI=0.0156  rnum=140.5  len=41  syn_rate=0.51  mean=1.0051  worsen=52.00%  highvar=0.00%
GA search time: 3.52s, candidates: 338
  [iter  22/100] search_obj=0.8579  search_best=0.8143  validation_best=0.8107  EI=0.0198  rnum=138.4  len=31  syn_rate=0.55  mean=0.8249  worsen=11.00%  highvar=0.00%
GA search time: 2.29s, candidates: 336
  [iter  23/100] search_obj=0.8597  search_best=0.8143  validation_best=0.8107  EI=0.0186  rnum=136.3  len=32  syn_rate=0.56  mean=0.8267  worsen=11.00%  highvar=0.00%
GA search time: 2.60s, candidates: 334
  [iter  24/100] search_obj=0.8579  search_best=0.8143  validation_best=0.8107  EI=0.0254  rnum=134.2  len=36  syn_rate=0.56  mean=0.8249  worsen=11.00%  highvar=0.00%
GA search time: 2.51s, candidates: 332
  [iter  25/100] search_obj=1.0335  search_best=0.8143  validation_best=0.8107  EI=0.0163  rnum=132.1  len=37  syn_rate=0.47  mean=0.9615  worsen=24.00%  highvar=0.00%
GA search time: 2.56s, candidates: 329
  [iter  26/100] search_obj=1.3099  search_best=0.8143  validation_best=0.8107  EI=0.0187  rnum=130.0  len=32  syn_rate=0.44  mean=1.0489  worsen=87.00%  highvar=0.00%
GA search time: 2.39s, candidates: 327
  [iter  27/100] search_obj=0.8579  search_best=0.8143  validation_best=0.8107  EI=0.0216  rnum=127.9  len=36  syn_rate=0.54  mean=0.8249  worsen=11.00%  highvar=0.00%
GA search time: 3.95s, candidates: 325
  [iter  28/100] search_obj=0.8775  search_best=0.8143  validation_best=0.8107  EI=0.0204  rnum=125.8  len=37  syn_rate=0.55  mean=0.8355  worsen=14.00%  highvar=0.00%
GA search time: 2.76s, candidates: 323
  [iter  29/100] search_obj=1.0699  search_best=0.8143  validation_best=0.8107  EI=0.0163  rnum=123.7  len=26  syn_rate=0.55  mean=0.9919  worsen=26.00%  highvar=0.00%
GA search time: 3.43s, candidates: 321
  [iter  30/100] search_obj=0.9973  search_best=0.8143  validation_best=0.8107  EI=0.0184  rnum=121.6  len=41  syn_rate=0.64  mean=0.9463  worsen=17.00%  highvar=0.00%
GA search time: 2.90s, candidates: 319
  [iter  31/100] search_obj=1.1699  search_best=0.8143  validation_best=0.8107  EI=0.0182  rnum=119.6  len=32  syn_rate=0.44  mean=0.9749  worsen=65.00%  highvar=0.00%
GA search time: 2.92s, candidates: 317
  [iter  32/100] search_obj=0.8143  search_best=0.8143  validation_best=0.8107  EI=0.0136  rnum=117.5  len=15  syn_rate=0.32  mean=0.7813  worsen=11.00%  highvar=0.00%
GA search time: 2.85s, candidates: 315
  [iter  33/100] search_obj=0.8608  search_best=0.8143  validation_best=0.8107  EI=0.0188  rnum=115.5  len=31  syn_rate=0.53  mean=0.8278  worsen=11.00%  highvar=0.00%
GA search time: 3.13s, candidates: 313
  [iter  34/100] search_obj=0.8786  search_best=0.8143  validation_best=0.8107  EI=0.0154  rnum=113.5  len=46  syn_rate=0.62  mean=0.8366  worsen=14.00%  highvar=0.00%
GA search time: 3.14s, candidates: 311
  [iter  35/100] search_obj=0.8143  search_best=0.8143  validation_best=0.8107  EI=0.0176  rnum=111.5  len=15  syn_rate=0.32  mean=0.7813  worsen=11.00%  highvar=0.00%
GA search time: 2.50s, candidates: 309
  [iter  36/100] search_obj=0.9265  search_best=0.8143  validation_best=0.8107  EI=0.0190  rnum=109.5  len=33  syn_rate=0.59  mean=0.8395  worsen=29.00%  highvar=0.00%
GA search time: 2.42s, candidates: 307
  [iter  37/100] search_obj=1.0587  search_best=0.8143  validation_best=0.8107  EI=0.0202  rnum=107.6  len=15  syn_rate=0.28  mean=0.9987  worsen=20.00%  highvar=0.00%
GA search time: 2.03s, candidates: 305
  [iter  38/100] search_obj=1.0532  search_best=0.8143  validation_best=0.8107  EI=0.0161  rnum=105.6  len=19  syn_rate=0.47  mean=0.9932  worsen=20.00%  highvar=0.00%
GA search time: 3.29s, candidates: 303
  [iter  39/100] search_obj=0.8552  search_best=0.8143  validation_best=0.8107  EI=0.0137  rnum=103.7  len=32  syn_rate=0.54  mean=0.8222  worsen=11.00%  highvar=0.00%
GA search time: 2.63s, candidates: 301
  [iter  40/100] search_obj=0.9081  search_best=0.8143  validation_best=0.8107  EI=0.0141  rnum=101.7  len=16  syn_rate=0.31  mean=0.8751  worsen=11.00%  highvar=0.00%
GA search time: 3.11s, candidates: 299
  [iter  41/100] search_obj=0.8718  search_best=0.8143  validation_best=0.8107  EI=0.0170  rnum=99.8  len=15  syn_rate=0.32  mean=0.8358  worsen=12.00%  highvar=0.00%
GA search time: 2.85s, candidates: 297
  [iter  42/100] search_obj=1.2148  search_best=0.8143  validation_best=0.8107  EI=0.0136  rnum=97.9  len=38  syn_rate=0.55  mean=1.0138  worsen=67.00%  highvar=0.00%
GA search time: 2.42s, candidates: 296
  [iter  43/100] search_obj=0.8605  search_best=0.8143  validation_best=0.8107  EI=0.0176  rnum=96.1  len=16  syn_rate=0.35  mean=0.8245  worsen=12.00%  highvar=0.00%
GA search time: 2.17s, candidates: 294
  [iter  44/100] search_obj=0.8690  search_best=0.8143  validation_best=0.8107  EI=0.0149  rnum=94.2  len=31  syn_rate=0.53  mean=0.8300  worsen=13.00%  highvar=0.00%
GA search time: 2.31s, candidates: 292
  [iter  45/100] search_obj=0.8597  search_best=0.8143  validation_best=0.8107  EI=0.0151  rnum=92.4  len=39  syn_rate=0.57  mean=0.8267  worsen=11.00%  highvar=0.00%
GA search time: 4.16s, candidates: 290
  [iter  46/100] search_obj=0.8569  search_best=0.8143  validation_best=0.8107  EI=0.0150  rnum=90.5  len=28  syn_rate=0.57  mean=0.8179  worsen=13.00%  highvar=0.00%
GA search time: 2.43s, candidates: 288
  [iter  47/100] search_obj=1.2704  search_best=0.8143  validation_best=0.8107  EI=0.0170  rnum=88.7  len=15  syn_rate=0.38  mean=1.0544  worsen=72.00%  highvar=0.00%
GA search time: 3.20s, candidates: 286
  [iter  48/100] search_obj=0.8741  search_best=0.8143  validation_best=0.8107  EI=0.0180  rnum=87.0  len=43  syn_rate=0.54  mean=0.8381  worsen=12.00%  highvar=0.00%
GA search time: 2.58s, candidates: 285
  [iter  49/100] search_obj=0.8560  search_best=0.8143  validation_best=0.8107  EI=0.0182  rnum=85.2  len=32  syn_rate=0.51  mean=0.8230  worsen=11.00%  highvar=0.00%
GA search time: 2.81s, candidates: 283
  [iter  50/100] search_obj=0.8687  search_best=0.8143  validation_best=0.8107  EI=0.0221  rnum=83.5  len=35  syn_rate=0.57  mean=0.8297  worsen=13.00%  highvar=0.00%
GA search time: 2.53s, candidates: 281
  [iter  51/100] search_obj=0.8766  search_best=0.8143  validation_best=0.8107  EI=0.0163  rnum=81.7  len=16  syn_rate=0.34  mean=0.8256  worsen=17.00%  highvar=0.00%
GA search time: 1.93s, candidates: 280
  [iter  52/100] search_obj=0.9771  search_best=0.8143  validation_best=0.8107  EI=0.0143  rnum=80.0  len=17  syn_rate=0.38  mean=0.9501  worsen=9.00%  highvar=0.00%
GA search time: 2.61s, candidates: 278
  [iter  53/100] search_obj=0.8590  search_best=0.8143  validation_best=0.8107  EI=0.0147  rnum=78.4  len=27  syn_rate=0.51  mean=0.8260  worsen=11.00%  highvar=0.00%
GA search time: 2.32s, candidates: 276
  [iter  54/100] search_obj=0.8780  search_best=0.8143  validation_best=0.8107  EI=0.0156  rnum=76.7  len=18  syn_rate=0.43  mean=0.8480  worsen=10.00%  highvar=0.00%
GA search time: 1.90s, candidates: 275
  [iter  55/100] search_obj=1.3079  search_best=0.8143  validation_best=0.8107  EI=0.0169  rnum=75.1  len=18  syn_rate=0.32  mean=1.0409  worsen=89.00%  highvar=0.00%
GA search time: 1.91s, candidates: 273
  [iter  56/100] search_obj=0.8143  search_best=0.8143  validation_best=0.8107  EI=0.0189  rnum=73.4  len=16  syn_rate=0.32  mean=0.7813  worsen=11.00%  highvar=0.00%
GA search time: 1.76s, candidates: 271
  [iter  57/100] search_obj=0.8143  search_best=0.8143  validation_best=0.8107  EI=0.0183  rnum=71.8  len=15  syn_rate=0.32  mean=0.7813  worsen=11.00%  highvar=0.00%
GA search time: 1.66s, candidates: 270
  [iter  58/100] search_obj=0.8056  search_best=0.8056  validation_best=0.7953  EI=0.0168  rnum=70.3  len=18  syn_rate=0.41  mean=0.7816  worsen=8.00%  highvar=0.00%
GA search time: 1.84s, candidates: 268
  [iter  59/100] search_obj=0.9672  search_best=0.8056  validation_best=0.7953  EI=0.0197  rnum=68.7  len=19  syn_rate=0.34  mean=0.9072  worsen=20.00%  highvar=0.00%
GA search time: 1.88s, candidates: 267
  [iter  60/100] search_obj=0.8056  search_best=0.8056  validation_best=0.7953  EI=0.0218  rnum=67.2  len=18  syn_rate=0.41  mean=0.7816  worsen=8.00%  highvar=0.00%
GA search time: 2.14s, candidates: 265
  [iter  61/100] search_obj=1.0565  search_best=0.8056  validation_best=0.7953  EI=0.0299  rnum=65.7  len=18  syn_rate=0.34  mean=0.9965  worsen=20.00%  highvar=0.00%
GA search time: 1.59s, candidates: 264
  [iter  62/100] search_obj=0.7884  search_best=0.7884  validation_best=0.7809  EI=0.0185  rnum=64.2  len=22  syn_rate=0.39  mean=0.7614  worsen=9.00%  highvar=0.00%
GA search time: 1.69s, candidates: 262
  [iter  63/100] search_obj=1.2958  search_best=0.7884  validation_best=0.7809  EI=0.0202  rnum=62.7  len=23  syn_rate=0.35  mean=1.0378  worsen=86.00%  highvar=0.00%
GA search time: 1.64s, candidates: 261
  [iter  64/100] search_obj=0.7372  search_best=0.7372  validation_best=0.7602  EI=0.0261  rnum=61.3  len=28  syn_rate=0.42  mean=0.7222  worsen=5.00%  highvar=0.00%
GA search time: 1.95s, candidates: 259
  [iter  65/100] search_obj=0.7353  search_best=0.7353  validation_best=0.7602  EI=0.0219  rnum=59.8  len=34  syn_rate=0.43  mean=0.7203  worsen=5.00%  highvar=0.00%
GA search time: 3.02s, candidates: 258
  [iter  66/100] search_obj=0.7368  search_best=0.7353  validation_best=0.7597  EI=0.0243  rnum=58.4  len=36  syn_rate=0.44  mean=0.7218  worsen=5.00%  highvar=0.00%
GA search time: 4.66s, candidates: 257
  [iter  67/100] search_obj=0.7339  search_best=0.7339  validation_best=0.7573  EI=0.0318  rnum=57.0  len=43  syn_rate=0.44  mean=0.7189  worsen=5.00%  highvar=0.00%
GA search time: 3.93s, candidates: 255
  [iter  68/100] search_obj=0.7563  search_best=0.7339  validation_best=0.7573  EI=0.0363  rnum=55.7  len=54  syn_rate=0.49  mean=0.7323  worsen=8.00%  highvar=0.00%
GA search time: 4.81s, candidates: 254
  [iter  69/100] search_obj=0.7337  search_best=0.7337  validation_best=0.7573  EI=0.0361  rnum=54.3  len=47  syn_rate=0.44  mean=0.7187  worsen=5.00%  highvar=0.00%
GA search time: 6.04s, candidates: 253
  [iter  70/100] search_obj=1.1263  search_best=0.7337  validation_best=0.7573  EI=0.0368  rnum=53.0  len=56  syn_rate=0.45  mean=0.9523  worsen=58.00%  highvar=0.00%
GA search time: 5.08s, candidates: 251
  [iter  71/100] search_obj=0.7353  search_best=0.7337  validation_best=0.7573  EI=0.0347  rnum=51.7  len=38  syn_rate=0.44  mean=0.7203  worsen=5.00%  highvar=0.00%
GA search time: 6.02s, candidates: 250
  [iter  72/100] search_obj=0.7370  search_best=0.7337  validation_best=0.7573  EI=0.0348  rnum=50.5  len=31  syn_rate=0.43  mean=0.7220  worsen=5.00%  highvar=0.00%
GA search time: 5.36s, candidates: 249
  [iter  73/100] search_obj=1.1686  search_best=0.7337  validation_best=0.7573  EI=0.0355  rnum=49.2  len=45  syn_rate=0.35  mean=1.0066  worsen=54.00%  highvar=0.00%
GA search time: 5.57s, candidates: 247
  [iter  74/100] search_obj=0.7339  search_best=0.7337  validation_best=0.7568  EI=0.0351  rnum=48.0  len=46  syn_rate=0.44  mean=0.7189  worsen=5.00%  highvar=0.00%
GA search time: 5.60s, candidates: 246
  [iter  75/100] search_obj=0.7352  search_best=0.7337  validation_best=0.7568  EI=0.0337  rnum=46.8  len=38  syn_rate=0.43  mean=0.7202  worsen=5.00%  highvar=0.00%
GA search time: 6.57s, candidates: 245
  [iter  76/100] search_obj=0.9181  search_best=0.7337  validation_best=0.7568  EI=0.0322  rnum=45.6  len=38  syn_rate=0.47  mean=0.8731  worsen=15.00%  highvar=0.00%
GA search time: 5.14s, candidates: 244
  [iter  77/100] search_obj=0.7427  search_best=0.7337  validation_best=0.7568  EI=0.0346  rnum=44.4  len=29  syn_rate=0.43  mean=0.7247  worsen=6.00%  highvar=0.00%
GA search time: 7.05s, candidates: 243
  [iter  78/100] search_obj=0.7339  search_best=0.7337  validation_best=0.7568  EI=0.0316  rnum=43.3  len=59  syn_rate=0.44  mean=0.7189  worsen=5.00%  highvar=0.00%
GA search time: 9.65s, candidates: 242
  [iter  79/100] search_obj=1.1636  search_best=0.7337  validation_best=0.7568  EI=0.0346  rnum=42.2  len=51  syn_rate=0.39  mean=1.0046  worsen=53.00%  highvar=0.00%
GA search time: 7.74s, candidates: 241
  [iter  80/100] search_obj=1.1636  search_best=0.7337  validation_best=0.7568  EI=0.0339  rnum=41.1  len=53  syn_rate=0.41  mean=1.0046  worsen=53.00%  highvar=0.00%
GA search time: 6.06s, candidates: 239
  [iter  81/100] search_obj=0.7891  search_best=0.7337  validation_best=0.7568  EI=0.0339  rnum=40.0  len=69  syn_rate=0.44  mean=0.7621  worsen=9.00%  highvar=0.00%
GA search time: 7.53s, candidates: 238
  [iter  82/100] search_obj=0.7285  search_best=0.7285  validation_best=0.7568  EI=0.0323  rnum=38.9  len=57  syn_rate=0.44  mean=0.7135  worsen=5.00%  highvar=0.00%
GA search time: 5.64s, candidates: 237
  [iter  83/100] search_obj=0.7339  search_best=0.7285  validation_best=0.7568  EI=0.0331  rnum=37.9  len=47  syn_rate=0.44  mean=0.7189  worsen=5.00%  highvar=0.00%
GA search time: 7.21s, candidates: 236
  [iter  84/100] search_obj=0.7333  search_best=0.7285  validation_best=0.7568  EI=0.0316  rnum=36.9  len=51  syn_rate=0.44  mean=0.7183  worsen=5.00%  highvar=0.00%
GA search time: 4.32s, candidates: 235
  [iter  85/100] search_obj=0.7334  search_best=0.7285  validation_best=0.7568  EI=0.0334  rnum=35.9  len=50  syn_rate=0.44  mean=0.7184  worsen=5.00%  highvar=0.00%
GA search time: 5.01s, candidates: 234
  [iter  86/100] search_obj=0.7337  search_best=0.7285  validation_best=0.7568  EI=0.0323  rnum=34.9  len=57  syn_rate=0.44  mean=0.7187  worsen=5.00%  highvar=0.00%
GA search time: 6.52s, candidates: 233
  [iter  87/100] search_obj=0.8398  search_best=0.7285  validation_best=0.7568  EI=0.0358  rnum=33.9  len=52  syn_rate=0.44  mean=0.7498  worsen=30.00%  highvar=0.00%
GA search time: 6.72s, candidates: 233
  [iter  88/100] search_obj=1.7019  search_best=0.7285  validation_best=0.7568  EI=0.0350  rnum=33.0  len=31  syn_rate=0.43  mean=1.4589  worsen=81.00%  highvar=0.00%
GA search time: 6.58s, candidates: 232
  [iter  89/100] search_obj=0.7353  search_best=0.7285  validation_best=0.7568  EI=0.0388  rnum=32.1  len=39  syn_rate=0.44  mean=0.7203  worsen=5.00%  highvar=0.00%
GA search time: 5.11s, candidates: 231
  [iter  90/100] search_obj=0.7472  search_best=0.7285  validation_best=0.7568  EI=0.0341  rnum=31.2  len=57  syn_rate=0.43  mean=0.7292  worsen=6.00%  highvar=0.00%
GA search time: 4.52s, candidates: 230
  [iter  91/100] search_obj=1.2863  search_best=0.7285  validation_best=0.7568  EI=0.0297  rnum=30.3  len=48  syn_rate=0.41  mean=1.0343  worsen=84.00%  highvar=0.00%
GA search time: 6.11s, candidates: 229
  [iter  92/100] search_obj=0.7304  search_best=0.7285  validation_best=0.7568  EI=0.0303  rnum=29.5  len=39  syn_rate=0.45  mean=0.7154  worsen=5.00%  highvar=0.00%
GA search time: 6.54s, candidates: 228
  [iter  93/100] search_obj=0.7372  search_best=0.7285  validation_best=0.7568  EI=0.0359  rnum=28.6  len=30  syn_rate=0.42  mean=0.7222  worsen=5.00%  highvar=0.00%
GA search time: 5.45s, candidates: 227
  [iter  94/100] search_obj=0.7339  search_best=0.7285  validation_best=0.7568  EI=0.0307  rnum=27.8  len=48  syn_rate=0.44  mean=0.7189  worsen=5.00%  highvar=0.00%
GA search time: 4.63s, candidates: 226
  [iter  95/100] search_obj=0.8421  search_best=0.7285  validation_best=0.7568  EI=0.0308  rnum=27.0  len=33  syn_rate=0.47  mean=0.8121  worsen=10.00%  highvar=0.00%
GA search time: 3.89s, candidates: 226
  [iter  96/100] search_obj=1.2984  search_best=0.7285  validation_best=0.7568  EI=0.0283  rnum=26.2  len=24  syn_rate=0.45  mean=1.0374  worsen=87.00%  highvar=0.00%
GA search time: 3.89s, candidates: 225
  [iter  97/100] search_obj=0.7291  search_best=0.7285  validation_best=0.7568  EI=0.0411  rnum=25.4  len=31  syn_rate=0.44  mean=0.7141  worsen=5.00%  highvar=0.00%
GA search time: 5.23s, candidates: 224
  [iter  98/100] search_obj=0.7372  search_best=0.7285  validation_best=0.7568  EI=0.0466  rnum=24.7  len=30  syn_rate=0.42  mean=0.7222  worsen=5.00%  highvar=0.00%
GA search time: 3.18s, candidates: 223
  [iter  99/100] search_obj=0.8944  search_best=0.7285  validation_best=0.7568  EI=0.0305  rnum=24.0  len=40  syn_rate=0.44  mean=0.8584  worsen=12.00%  highvar=0.00%
GA search time: 3.44s, candidates: 223
  [iter 100/100] search_obj=0.7372  search_best=0.7285  validation_best=0.7568  EI=0.0458  rnum=23.3  len=32  syn_rate=0.43  mean=0.7222  worsen=5.00%  highvar=0.00%

[Step 5] 按 validation 选择最终通用序列...
  选择结果:
    search_train_obj=0.7339, search_train_mean=0.7189, search_train_worsen=5.00%, search_train_highvar=0.00%
    validation_obj=0.7568, validation_mean=0.7358, validation_worsen=7.00%, validation_highvar=0.00%

[Step 6] 在 validation 上执行消融后处理...

[Ablation-validation] 初始序列长度: 46, objective: 0.7568, mean_norm: 0.7358, worsen_rate: 7.00%
  移除 [45] function(gvn-sink): objective 0.7568, mean_norm 0.7358, worsen_rate 7.00% (保留移除)
  移除 [44] module(iroutliner): objective 0.7568, mean_norm 0.7358, worsen_rate 7.00% (保留移除)
  移除 [43] function(instsimplify): objective 0.7568, mean_norm 0.7358, worsen_rate 7.00% (保留移除)
  移除 [42] module(scc-oz-module-inliner): objective 0.7568, mean_norm 0.7358, worsen_rate 7.00% (保留移除)
  移除 [41] module(attributor): objective 0.7568, mean_norm 0.7358, worsen_rate 7.00% (保留移除)
  移除 [40] module(globalopt): objective 0.7568, mean_norm 0.7358, worsen_rate 7.00% (保留移除)
  移除 [39] cgscc(attributor-cgscc): objective 0.7568, mean_norm 0.7358, worsen_rate 7.00% (保留移除)
  移除 [38] function(memcpyopt): objective 0.7575 > 0.7568 (恢复)
  移除 [37] function(instsimplify): objective 0.7568, mean_norm 0.7358, worsen_rate 7.00% (保留移除)
  移除 [36] module(scc-oz-module-inliner): objective 0.7576 > 0.7568 (恢复)
  移除 [35] module(attributor): objective 0.7568, mean_norm 0.7358, worsen_rate 7.00% (保留移除)
  移除 [34] module(globalopt): objective 0.7568, mean_norm 0.7358, worsen_rate 7.00% (保留移除)
  移除 [33] cgscc(attributor-cgscc): objective 0.7596 > 0.7568 (恢复)
  移除 [32] function(memcpyopt): objective 0.7568, mean_norm 0.7358, worsen_rate 7.00% (保留移除)
  移除 [31] function(dse): objective 0.7568, mean_norm 0.7358, worsen_rate 7.00% (保留移除)
  移除 [30] function(gvn-sink): objective 0.7568, mean_norm 0.7358, worsen_rate 7.00% (保留移除)
  移除 [29] function(memcpyopt): objective 0.7568, mean_norm 0.7358, worsen_rate 7.00% (保留移除)
  移除 [28] function(instsimplify): objective 0.7568, mean_norm 0.7358, worsen_rate 7.00% (保留移除)
  移除 [27] module(scc-oz-module-inliner): objective 0.7597 > 0.7568 (恢复)
  移除 [26] cgscc(attributor-cgscc): objective 0.7568, mean_norm 0.7358, worsen_rate 7.00% (保留移除)
  移除 [25] function(memcpyopt): objective 0.7568, mean_norm 0.7358, worsen_rate 7.00% (保留移除)
  移除 [24] loop(loop-simplifycfg): objective 0.7568, mean_norm 0.7358, worsen_rate 7.00% (保留移除)
  移除 [23] function(dse): objective 0.7568, mean_norm 0.7358, worsen_rate 7.00% (保留移除)
  移除 [22] module(iroutliner): objective 0.7571 > 0.7568 (恢复)
  移除 [21] cgscc(attributor-cgscc): objective 0.7568, mean_norm 0.7358, worsen_rate 7.00% (保留移除)
  移除 [20] function(jump-threading): objective 0.7568, mean_norm 0.7358, worsen_rate 7.00% (保留移除)
  移除 [19] module(attributor): objective 0.7593 > 0.7568 (恢复)
  移除 [18] module(scc-oz-module-inliner): objective 0.7608 > 0.7568 (恢复)
  移除 [17] module(attributor): objective 0.7568, mean_norm 0.7358, worsen_rate 7.00% (保留移除)
  移除 [16] module(globalopt): objective 0.7568, mean_norm 0.7358, worsen_rate 7.00% (保留移除)
  移除 [15] cgscc(attributor-cgscc): objective 0.7575 > 0.7568 (恢复)
  移除 [14] function(memcpyopt): objective 0.7568, mean_norm 0.7358, worsen_rate 7.00% (保留移除)
  移除 [13] function(dse): objective 0.7568, mean_norm 0.7358, worsen_rate 7.00% (保留移除)
  移除 [12] function(gvn-sink): objective 0.7601 > 0.7568 (恢复)
  移除 [11] loop(loop-simplifycfg): objective 0.7568, mean_norm 0.7358, worsen_rate 7.00% (保留移除)
  移除 [10] function(jump-threading): objective 0.7608 > 0.7568 (恢复)
  移除 [9] module(attributor): objective 0.8568 > 0.7568 (恢复)
  移除 [8] module(globalopt): objective 0.7568, mean_norm 0.7358, worsen_rate 7.00% (保留移除)
  移除 [7] cgscc(attributor-cgscc): objective 0.7568, mean_norm 0.7358, worsen_rate 7.00% (保留移除)
  移除 [6] cgscc(attributor-cgscc): objective 0.7568, mean_norm 0.7358, worsen_rate 7.00% (保留移除)
  移除 [5] function(memcpyopt): objective 0.7568, mean_norm 0.7358, worsen_rate 7.00% (保留移除)
  移除 [4] function(dse): objective 0.7678 > 0.7568 (恢复)
  移除 [3] module(iroutliner): objective 0.8618 > 0.7568 (恢复)
  移除 [2] module(attributor): objective 0.7688 > 0.7568 (恢复)
  移除 [1] module(globalopt): objective 0.9887 > 0.7568 (恢复)
  移除 [0] module(elim-avail-extern): objective 1.1373 > 0.7568 (恢复)
[Ablation-validation] 最终序列长度: 16, objective: 0.7568, mean_norm: 0.7358, worsen_rate: 7.00%, 移除了 30 个 pass
  消融有效: 46 → 16 passes, validation_objective: 0.7568 → 0.7568

最终通用 pass 序列（effective=16 个顶层 pass, raw=16 个 pass, syn_rate(raw)=0.26）:
  module(elim-avail-extern) → module(globalopt) → module(attributor) → module(iroutliner) → function(dse) → module(attributor) → function(jump-threading) → function(gvn-sink) → cgscc(attributor-cgscc) → module(scc-oz-module-inliner) → module(attributor) → module(iroutliner) → module(scc-oz-module-inliner) → cgscc(attributor-cgscc) → module(scc-oz-module-inliner) → function(memcpyopt)
  search_train_obj=0.7335, search_train_mean=0.7185, search_train_worsen=5.00%, search_train_highvar=0.00%
  validation_obj=0.7568, validation_mean=0.7358, validation_worsen=7.00%, validation_highvar=0.00%
  test_obj=0.8465, test_mean=0.7985, test_worsen=16.00%, test_highvar=0.00%

Top-5 最佳序列（按 validation 多目标 objective 升序）:
  #1: validation_obj=0.7568, validation_mean=0.7358, validation_worsen=7.00%, validation_highvar=0.00%, train_obj=0.7339, train_mean=0.7189, train_highvar=0.00%, len=46, syn_rate=0.44, test_obj=0.8387, test_mean=0.7907, test_worsen=16.00%, test_highvar=0.00%
     module(elim-avail-extern) → module(globalopt) → module(attributor) → module(iroutliner) → function(dse) → function(memcpyopt) → cgscc(attributor-cgscc) → cgscc(attributor-cgscc) → module(globalopt) → module(attributor) → function(jump-threading) → function(loop(loop-simplifycfg)) → function(gvn-sink) → function(dse) → function(memcpyopt) → cgscc(attributor-cgscc) → module(globalopt) → module(attributor) → module(scc-oz-module-inliner) → module(attributor) → function(jump-threading) → cgscc(attributor-cgscc) → module(iroutliner) → function(dse) → function(loop(loop-simplifycfg)) → function(memcpyopt) → cgscc(attributor-cgscc) → module(scc-oz-module-inliner) → function(instsimplify) → function(memcpyopt) → function(gvn-sink) → function(dse) → function(memcpyopt) → cgscc(attributor-cgscc) → module(globalopt) → module(attributor) → module(scc-oz-module-inliner) → function(instsimplify) → function(memcpyopt) → cgscc(attributor-cgscc) → module(globalopt) → module(attributor) → module(scc-oz-module-inliner) → function(instsimplify) → module(iroutliner) → function(gvn-sink)
     raw: module(elim-avail-extern) → module(globalopt) → module(attributor) → module(iroutliner) → function(dse) → function(memcpyopt) → cgscc(attributor-cgscc) → cgscc(attributor-cgscc) → module(globalopt) → module(attributor) → function(jump-threading) → loop(loop-simplifycfg) → function(gvn-sink) → function(dse) → function(memcpyopt) → cgscc(attributor-cgscc) → module(globalopt) → module(attributor) → module(scc-oz-module-inliner) → module(attributor) → function(jump-threading) → cgscc(attributor-cgscc) → module(iroutliner) → function(dse) → loop(loop-simplifycfg) → function(memcpyopt) → cgscc(attributor-cgscc) → module(scc-oz-module-inliner) → function(instsimplify) → function(memcpyopt) → function(gvn-sink) → function(dse) → function(memcpyopt) → cgscc(attributor-cgscc) → module(globalopt) → module(attributor) → module(scc-oz-module-inliner) → function(instsimplify) → function(memcpyopt) → cgscc(attributor-cgscc) → module(globalopt) → module(attributor) → module(scc-oz-module-inliner) → function(instsimplify) → module(iroutliner) → function(gvn-sink)
  #2: validation_obj=0.7568, validation_mean=0.7358, validation_worsen=7.00%, validation_highvar=0.00%, train_obj=0.7334, train_mean=0.7184, train_highvar=0.00%, len=50, syn_rate=0.44, test_obj=0.8434, test_mean=0.7954, test_worsen=16.00%, test_highvar=0.00%
     module(elim-avail-extern) → module(globalopt) → module(attributor) → module(iroutliner) → function(dse) → function(memcpyopt) → cgscc(attributor-cgscc) → module(iroutliner) → function(dse) → function(memcpyopt) → cgscc(attributor-cgscc) → cgscc(attributor-cgscc) → module(globalopt) → module(attributor) → function(jump-threading) → function(loop(loop-simplifycfg)) → function(dse) → function(gvn-sink) → function(memcpyopt) → cgscc(attributor-cgscc) → module(globalopt) → module(attributor) → module(scc-oz-module-inliner) → module(attributor) → function(jump-threading) → cgscc(attributor-cgscc) → module(iroutliner) → function(loop(loop-simplifycfg)) → function(dse) → function(memcpyopt) → cgscc(attributor-cgscc) → module(scc-oz-module-inliner) → function(instsimplify) → function(memcpyopt) → function(dse) → function(gvn-sink) → function(memcpyopt) → cgscc(attributor-cgscc) → module(globalopt) → module(attributor) → module(scc-oz-module-inliner) → function(instsimplify) → function(memcpyopt) → cgscc(attributor-cgscc) → module(globalopt) → module(attributor) → module(scc-oz-module-inliner) → function(instsimplify) → module(iroutliner) → function(gvn-sink)
     raw: module(elim-avail-extern) → module(globalopt) → module(attributor) → module(iroutliner) → function(dse) → function(memcpyopt) → cgscc(attributor-cgscc) → module(iroutliner) → function(dse) → function(memcpyopt) → cgscc(attributor-cgscc) → cgscc(attributor-cgscc) → module(globalopt) → module(attributor) → function(jump-threading) → loop(loop-simplifycfg) → function(dse) → function(gvn-sink) → function(memcpyopt) → cgscc(attributor-cgscc) → module(globalopt) → module(attributor) → module(scc-oz-module-inliner) → module(attributor) → function(jump-threading) → cgscc(attributor-cgscc) → module(iroutliner) → loop(loop-simplifycfg) → function(dse) → function(memcpyopt) → cgscc(attributor-cgscc) → module(scc-oz-module-inliner) → function(instsimplify) → function(memcpyopt) → function(dse) → function(gvn-sink) → function(memcpyopt) → cgscc(attributor-cgscc) → module(globalopt) → module(attributor) → module(scc-oz-module-inliner) → function(instsimplify) → function(memcpyopt) → cgscc(attributor-cgscc) → module(globalopt) → module(attributor) → module(scc-oz-module-inliner) → function(instsimplify) → module(iroutliner) → function(gvn-sink)
  #3: validation_obj=0.7568, validation_mean=0.7358, validation_worsen=7.00%, validation_highvar=0.00%, train_obj=0.7339, train_mean=0.7189, train_highvar=0.00%, len=59, syn_rate=0.44, test_obj=0.8387, test_mean=0.7907, test_worsen=16.00%, test_highvar=0.00%
     module(elim-avail-extern) → module(globalopt) → module(attributor) → module(iroutliner) → function(dse) → function(memcpyopt) → cgscc(attributor-cgscc) → cgscc(attributor-cgscc) → module(globalopt) → module(attributor) → function(jump-threading) → function(loop(loop-simplifycfg)) → function(dse) → function(gvn-sink) → function(memcpyopt) → cgscc(attributor-cgscc) → module(globalopt) → module(attributor) → module(scc-oz-module-inliner) → function(instsimplify) → module(iroutliner) → module(attributor) → module(scc-oz-module-inliner) → function(gvn-sink) → function(instsimplify) → function(memcpyopt) → cgscc(attributor-cgscc) → function(memcpyopt) → cgscc(attributor-cgscc) → cgscc(attributor-cgscc) → module(globalopt) → module(attributor) → function(jump-threading) → function(loop(loop-simplifycfg)) → function(dse) → function(gvn-sink) → function(memcpyopt) → cgscc(attributor-cgscc) → function(jump-threading) → function(instsimplify) → function(memcpyopt) → function(memcpyopt) → module(scc-oz-module-inliner) → module(attributor) → function(gvn-sink) → module(globalopt) → module(attributor) → module(scc-oz-module-inliner) → module(globalopt) → function(instsimplify) → function(memcpyopt) → module(scc-oz-module-inliner) → cgscc(attributor-cgscc) → module(globalopt) → module(attributor) → module(scc-oz-module-inliner) → function(instsimplify) → module(iroutliner) → function(gvn-sink)
     raw: module(elim-avail-extern) → module(globalopt) → module(attributor) → module(iroutliner) → function(dse) → function(memcpyopt) → cgscc(attributor-cgscc) → cgscc(attributor-cgscc) → module(globalopt) → module(attributor) → function(jump-threading) → loop(loop-simplifycfg) → function(dse) → function(gvn-sink) → function(memcpyopt) → cgscc(attributor-cgscc) → module(globalopt) → module(attributor) → module(scc-oz-module-inliner) → function(instsimplify) → module(iroutliner) → module(attributor) → module(scc-oz-module-inliner) → function(gvn-sink) → function(instsimplify) → function(memcpyopt) → cgscc(attributor-cgscc) → function(memcpyopt) → cgscc(attributor-cgscc) → cgscc(attributor-cgscc) → module(globalopt) → module(attributor) → function(jump-threading) → loop(loop-simplifycfg) → function(dse) → function(gvn-sink) → function(memcpyopt) → cgscc(attributor-cgscc) → function(jump-threading) → function(instsimplify) → function(memcpyopt) → function(memcpyopt) → module(scc-oz-module-inliner) → module(attributor) → function(gvn-sink) → module(globalopt) → module(attributor) → module(scc-oz-module-inliner) → module(globalopt) → function(instsimplify) → function(memcpyopt) → module(scc-oz-module-inliner) → cgscc(attributor-cgscc) → module(globalopt) → module(attributor) → module(scc-oz-module-inliner) → function(instsimplify) → module(iroutliner) → function(gvn-sink)
  #4: validation_obj=0.7573, validation_mean=0.7363, validation_worsen=7.00%, validation_highvar=0.00%, train_obj=0.7339, train_mean=0.7189, train_highvar=0.00%, len=43, syn_rate=0.44, test_obj=0.8387, test_mean=0.7907, test_worsen=16.00%, test_highvar=0.00%
     module(elim-avail-extern) → module(globalopt) → module(attributor) → module(iroutliner) → function(dse) → function(memcpyopt) → cgscc(attributor-cgscc) → cgscc(attributor-cgscc) → module(globalopt) → module(attributor) → function(jump-threading) → function(loop(loop-simplifycfg)) → function(gvn-sink) → function(dse) → function(memcpyopt) → cgscc(attributor-cgscc) → module(globalopt) → module(attributor) → module(scc-oz-module-inliner) → module(attributor) → function(jump-threading) → function(loop(loop-simplifycfg)) → function(memcpyopt) → cgscc(attributor-cgscc) → module(scc-oz-module-inliner) → function(instsimplify) → function(memcpyopt) → function(gvn-sink) → function(dse) → function(memcpyopt) → cgscc(attributor-cgscc) → module(globalopt) → module(attributor) → module(scc-oz-module-inliner) → function(instsimplify) → function(memcpyopt) → cgscc(attributor-cgscc) → module(globalopt) → module(attributor) → module(scc-oz-module-inliner) → function(instsimplify) → module(iroutliner) → function(gvn-sink)
     raw: module(elim-avail-extern) → module(globalopt) → module(attributor) → module(iroutliner) → function(dse) → function(memcpyopt) → cgscc(attributor-cgscc) → cgscc(attributor-cgscc) → module(globalopt) → module(attributor) → function(jump-threading) → loop(loop-simplifycfg) → function(gvn-sink) → function(dse) → function(memcpyopt) → cgscc(attributor-cgscc) → module(globalopt) → module(attributor) → module(scc-oz-module-inliner) → module(attributor) → function(jump-threading) → loop(loop-simplifycfg) → function(memcpyopt) → cgscc(attributor-cgscc) → module(scc-oz-module-inliner) → function(instsimplify) → function(memcpyopt) → function(gvn-sink) → function(dse) → function(memcpyopt) → cgscc(attributor-cgscc) → module(globalopt) → module(attributor) → module(scc-oz-module-inliner) → function(instsimplify) → function(memcpyopt) → cgscc(attributor-cgscc) → module(globalopt) → module(attributor) → module(scc-oz-module-inliner) → function(instsimplify) → module(iroutliner) → function(gvn-sink)
  #5: validation_obj=0.7573, validation_mean=0.7363, validation_worsen=7.00%, validation_highvar=0.00%, train_obj=0.7337, train_mean=0.7187, train_highvar=0.00%, len=47, syn_rate=0.44, test_obj=0.8387, test_mean=0.7907, test_worsen=16.00%, test_highvar=0.00%
     module(elim-avail-extern) → module(globalopt) → module(attributor) → module(iroutliner) → function(dse) → function(memcpyopt) → cgscc(attributor-cgscc) → cgscc(attributor-cgscc) → module(globalopt) → module(attributor) → function(jump-threading) → function(loop(loop-simplifycfg)) → module(globalopt) → module(attributor) → function(jump-threading) → function(loop(loop-simplifycfg)) → function(gvn-sink) → function(dse) → function(memcpyopt) → cgscc(attributor-cgscc) → module(globalopt) → module(attributor) → module(scc-oz-module-inliner) → module(attributor) → function(jump-threading) → function(loop(loop-simplifycfg)) → function(memcpyopt) → cgscc(attributor-cgscc) → module(scc-oz-module-inliner) → function(loop(loop-simplifycfg)) → function(memcpyopt) → function(gvn-sink) → function(dse) → function(memcpyopt) → cgscc(attributor-cgscc) → module(globalopt) → module(attributor) → module(scc-oz-module-inliner) → function(instsimplify) → function(memcpyopt) → cgscc(attributor-cgscc) → module(globalopt) → module(attributor) → module(scc-oz-module-inliner) → function(instsimplify) → module(iroutliner) → function(gvn-sink)
     raw: module(elim-avail-extern) → module(globalopt) → module(attributor) → module(iroutliner) → function(dse) → function(memcpyopt) → cgscc(attributor-cgscc) → cgscc(attributor-cgscc) → module(globalopt) → module(attributor) → function(jump-threading) → loop(loop-simplifycfg) → module(globalopt) → module(attributor) → function(jump-threading) → loop(loop-simplifycfg) → function(gvn-sink) → function(dse) → function(memcpyopt) → cgscc(attributor-cgscc) → module(globalopt) → module(attributor) → module(scc-oz-module-inliner) → module(attributor) → function(jump-threading) → loop(loop-simplifycfg) → function(memcpyopt) → cgscc(attributor-cgscc) → module(scc-oz-module-inliner) → loop(loop-simplifycfg) → function(memcpyopt) → function(gvn-sink) → function(dse) → function(memcpyopt) → cgscc(attributor-cgscc) → module(globalopt) → module(attributor) → module(scc-oz-module-inliner) → function(instsimplify) → function(memcpyopt) → cgscc(attributor-cgscc) → module(globalopt) → module(attributor) → module(scc-oz-module-inliner) → function(instsimplify) → module(iroutliner) → function(gvn-sink)

============================================================
所有轮次中最优 validation objective: 0.7568
最优通用 pass 序列 (16 passes):
  module(elim-avail-extern) → module(globalopt) → module(attributor) → module(iroutliner) → function(dse) → module(attributor) → function(jump-threading) → function(gvn-sink) → cgscc(attributor-cgscc) → module(scc-oz-module-inliner) → module(attributor) → module(iroutliner) → module(scc-oz-module-inliner) → cgscc(attributor-cgscc) → module(scc-oz-module-inliner) → function(memcpyopt)
  search_train_obj=0.7335, search_train_mean=0.7185, search_train_worsen=5.00%, search_train_highvar=0.00%
  validation_obj=0.7568, validation_mean=0.7358, validation_worsen=7.00%, validation_highvar=0.00%
  test_obj=0.8465, test_mean=0.7985, test_worsen=16.00%, test_highvar=0.00%

最优轮次 Top-5 序列（含测试集效果，按 validation objective 升序）:
  #1: validation_obj=0.7568, validation_mean=0.7358, validation_worsen=7.00%, validation_highvar=0.00%, train_obj=0.7339, train_mean=0.7189, train_highvar=0.00%, len=46, syn_rate=0.44, test_obj=0.8387, test_mean=0.7907, test_worsen=16.00%, test_highvar=0.00%
     module(elim-avail-extern) → module(globalopt) → module(attributor) → module(iroutliner) → function(dse) → function(memcpyopt) → cgscc(attributor-cgscc) → cgscc(attributor-cgscc) → module(globalopt) → module(attributor) → function(jump-threading) → function(loop(loop-simplifycfg)) → function(gvn-sink) → function(dse) → function(memcpyopt) → cgscc(attributor-cgscc) → module(globalopt) → module(attributor) → module(scc-oz-module-inliner) → module(attributor) → function(jump-threading) → cgscc(attributor-cgscc) → module(iroutliner) → function(dse) → function(loop(loop-simplifycfg)) → function(memcpyopt) → cgscc(attributor-cgscc) → module(scc-oz-module-inliner) → function(instsimplify) → function(memcpyopt) → function(gvn-sink) → function(dse) → function(memcpyopt) → cgscc(attributor-cgscc) → module(globalopt) → module(attributor) → module(scc-oz-module-inliner) → function(instsimplify) → function(memcpyopt) → cgscc(attributor-cgscc) → module(globalopt) → module(attributor) → module(scc-oz-module-inliner) → function(instsimplify) → module(iroutliner) → function(gvn-sink)
     raw: module(elim-avail-extern) → module(globalopt) → module(attributor) → module(iroutliner) → function(dse) → function(memcpyopt) → cgscc(attributor-cgscc) → cgscc(attributor-cgscc) → module(globalopt) → module(attributor) → function(jump-threading) → loop(loop-simplifycfg) → function(gvn-sink) → function(dse) → function(memcpyopt) → cgscc(attributor-cgscc) → module(globalopt) → module(attributor) → module(scc-oz-module-inliner) → module(attributor) → function(jump-threading) → cgscc(attributor-cgscc) → module(iroutliner) → function(dse) → loop(loop-simplifycfg) → function(memcpyopt) → cgscc(attributor-cgscc) → module(scc-oz-module-inliner) → function(instsimplify) → function(memcpyopt) → function(gvn-sink) → function(dse) → function(memcpyopt) → cgscc(attributor-cgscc) → module(globalopt) → module(attributor) → module(scc-oz-module-inliner) → function(instsimplify) → function(memcpyopt) → cgscc(attributor-cgscc) → module(globalopt) → module(attributor) → module(scc-oz-module-inliner) → function(instsimplify) → module(iroutliner) → function(gvn-sink)
  #2: validation_obj=0.7568, validation_mean=0.7358, validation_worsen=7.00%, validation_highvar=0.00%, train_obj=0.7334, train_mean=0.7184, train_highvar=0.00%, len=50, syn_rate=0.44, test_obj=0.8434, test_mean=0.7954, test_worsen=16.00%, test_highvar=0.00%
     module(elim-avail-extern) → module(globalopt) → module(attributor) → module(iroutliner) → function(dse) → function(memcpyopt) → cgscc(attributor-cgscc) → module(iroutliner) → function(dse) → function(memcpyopt) → cgscc(attributor-cgscc) → cgscc(attributor-cgscc) → module(globalopt) → module(attributor) → function(jump-threading) → function(loop(loop-simplifycfg)) → function(dse) → function(gvn-sink) → function(memcpyopt) → cgscc(attributor-cgscc) → module(globalopt) → module(attributor) → module(scc-oz-module-inliner) → module(attributor) → function(jump-threading) → cgscc(attributor-cgscc) → module(iroutliner) → function(loop(loop-simplifycfg)) → function(dse) → function(memcpyopt) → cgscc(attributor-cgscc) → module(scc-oz-module-inliner) → function(instsimplify) → function(memcpyopt) → function(dse) → function(gvn-sink) → function(memcpyopt) → cgscc(attributor-cgscc) → module(globalopt) → module(attributor) → module(scc-oz-module-inliner) → function(instsimplify) → function(memcpyopt) → cgscc(attributor-cgscc) → module(globalopt) → module(attributor) → module(scc-oz-module-inliner) → function(instsimplify) → module(iroutliner) → function(gvn-sink)
     raw: module(elim-avail-extern) → module(globalopt) → module(attributor) → module(iroutliner) → function(dse) → function(memcpyopt) → cgscc(attributor-cgscc) → module(iroutliner) → function(dse) → function(memcpyopt) → cgscc(attributor-cgscc) → cgscc(attributor-cgscc) → module(globalopt) → module(attributor) → function(jump-threading) → loop(loop-simplifycfg) → function(dse) → function(gvn-sink) → function(memcpyopt) → cgscc(attributor-cgscc) → module(globalopt) → module(attributor) → module(scc-oz-module-inliner) → module(attributor) → function(jump-threading) → cgscc(attributor-cgscc) → module(iroutliner) → loop(loop-simplifycfg) → function(dse) → function(memcpyopt) → cgscc(attributor-cgscc) → module(scc-oz-module-inliner) → function(instsimplify) → function(memcpyopt) → function(dse) → function(gvn-sink) → function(memcpyopt) → cgscc(attributor-cgscc) → module(globalopt) → module(attributor) → module(scc-oz-module-inliner) → function(instsimplify) → function(memcpyopt) → cgscc(attributor-cgscc) → module(globalopt) → module(attributor) → module(scc-oz-module-inliner) → function(instsimplify) → module(iroutliner) → function(gvn-sink)
  #3: validation_obj=0.7568, validation_mean=0.7358, validation_worsen=7.00%, validation_highvar=0.00%, train_obj=0.7339, train_mean=0.7189, train_highvar=0.00%, len=59, syn_rate=0.44, test_obj=0.8387, test_mean=0.7907, test_worsen=16.00%, test_highvar=0.00%
     module(elim-avail-extern) → module(globalopt) → module(attributor) → module(iroutliner) → function(dse) → function(memcpyopt) → cgscc(attributor-cgscc) → cgscc(attributor-cgscc) → module(globalopt) → module(attributor) → function(jump-threading) → function(loop(loop-simplifycfg)) → function(dse) → function(gvn-sink) → function(memcpyopt) → cgscc(attributor-cgscc) → module(globalopt) → module(attributor) → module(scc-oz-module-inliner) → function(instsimplify) → module(iroutliner) → module(attributor) → module(scc-oz-module-inliner) → function(gvn-sink) → function(instsimplify) → function(memcpyopt) → cgscc(attributor-cgscc) → function(memcpyopt) → cgscc(attributor-cgscc) → cgscc(attributor-cgscc) → module(globalopt) → module(attributor) → function(jump-threading) → function(loop(loop-simplifycfg)) → function(dse) → function(gvn-sink) → function(memcpyopt) → cgscc(attributor-cgscc) → function(jump-threading) → function(instsimplify) → function(memcpyopt) → function(memcpyopt) → module(scc-oz-module-inliner) → module(attributor) → function(gvn-sink) → module(globalopt) → module(attributor) → module(scc-oz-module-inliner) → module(globalopt) → function(instsimplify) → function(memcpyopt) → module(scc-oz-module-inliner) → cgscc(attributor-cgscc) → module(globalopt) → module(attributor) → module(scc-oz-module-inliner) → function(instsimplify) → module(iroutliner) → function(gvn-sink)
     raw: module(elim-avail-extern) → module(globalopt) → module(attributor) → module(iroutliner) → function(dse) → function(memcpyopt) → cgscc(attributor-cgscc) → cgscc(attributor-cgscc) → module(globalopt) → module(attributor) → function(jump-threading) → loop(loop-simplifycfg) → function(dse) → function(gvn-sink) → function(memcpyopt) → cgscc(attributor-cgscc) → module(globalopt) → module(attributor) → module(scc-oz-module-inliner) → function(instsimplify) → module(iroutliner) → module(attributor) → module(scc-oz-module-inliner) → function(gvn-sink) → function(instsimplify) → function(memcpyopt) → cgscc(attributor-cgscc) → function(memcpyopt) → cgscc(attributor-cgscc) → cgscc(attributor-cgscc) → module(globalopt) → module(attributor) → function(jump-threading) → loop(loop-simplifycfg) → function(dse) → function(gvn-sink) → function(memcpyopt) → cgscc(attributor-cgscc) → function(jump-threading) → function(instsimplify) → function(memcpyopt) → function(memcpyopt) → module(scc-oz-module-inliner) → module(attributor) → function(gvn-sink) → module(globalopt) → module(attributor) → module(scc-oz-module-inliner) → module(globalopt) → function(instsimplify) → function(memcpyopt) → module(scc-oz-module-inliner) → cgscc(attributor-cgscc) → module(globalopt) → module(attributor) → module(scc-oz-module-inliner) → function(instsimplify) → module(iroutliner) → function(gvn-sink)
  #4: validation_obj=0.7573, validation_mean=0.7363, validation_worsen=7.00%, validation_highvar=0.00%, train_obj=0.7339, train_mean=0.7189, train_highvar=0.00%, len=43, syn_rate=0.44, test_obj=0.8387, test_mean=0.7907, test_worsen=16.00%, test_highvar=0.00%
     module(elim-avail-extern) → module(globalopt) → module(attributor) → module(iroutliner) → function(dse) → function(memcpyopt) → cgscc(attributor-cgscc) → cgscc(attributor-cgscc) → module(globalopt) → module(attributor) → function(jump-threading) → function(loop(loop-simplifycfg)) → function(gvn-sink) → function(dse) → function(memcpyopt) → cgscc(attributor-cgscc) → module(globalopt) → module(attributor) → module(scc-oz-module-inliner) → module(attributor) → function(jump-threading) → function(loop(loop-simplifycfg)) → function(memcpyopt) → cgscc(attributor-cgscc) → module(scc-oz-module-inliner) → function(instsimplify) → function(memcpyopt) → function(gvn-sink) → function(dse) → function(memcpyopt) → cgscc(attributor-cgscc) → module(globalopt) → module(attributor) → module(scc-oz-module-inliner) → function(instsimplify) → function(memcpyopt) → cgscc(attributor-cgscc) → module(globalopt) → module(attributor) → module(scc-oz-module-inliner) → function(instsimplify) → module(iroutliner) → function(gvn-sink)
     raw: module(elim-avail-extern) → module(globalopt) → module(attributor) → module(iroutliner) → function(dse) → function(memcpyopt) → cgscc(attributor-cgscc) → cgscc(attributor-cgscc) → module(globalopt) → module(attributor) → function(jump-threading) → loop(loop-simplifycfg) → function(gvn-sink) → function(dse) → function(memcpyopt) → cgscc(attributor-cgscc) → module(globalopt) → module(attributor) → module(scc-oz-module-inliner) → module(attributor) → function(jump-threading) → loop(loop-simplifycfg) → function(memcpyopt) → cgscc(attributor-cgscc) → module(scc-oz-module-inliner) → function(instsimplify) → function(memcpyopt) → function(gvn-sink) → function(dse) → function(memcpyopt) → cgscc(attributor-cgscc) → module(globalopt) → module(attributor) → module(scc-oz-module-inliner) → function(instsimplify) → function(memcpyopt) → cgscc(attributor-cgscc) → module(globalopt) → module(attributor) → module(scc-oz-module-inliner) → function(instsimplify) → module(iroutliner) → function(gvn-sink)
  #5: validation_obj=0.7573, validation_mean=0.7363, validation_worsen=7.00%, validation_highvar=0.00%, train_obj=0.7337, train_mean=0.7187, train_highvar=0.00%, len=47, syn_rate=0.44, test_obj=0.8387, test_mean=0.7907, test_worsen=16.00%, test_highvar=0.00%
     module(elim-avail-extern) → module(globalopt) → module(attributor) → module(iroutliner) → function(dse) → function(memcpyopt) → cgscc(attributor-cgscc) → cgscc(attributor-cgscc) → module(globalopt) → module(attributor) → function(jump-threading) → function(loop(loop-simplifycfg)) → module(globalopt) → module(attributor) → function(jump-threading) → function(loop(loop-simplifycfg)) → function(gvn-sink) → function(dse) → function(memcpyopt) → cgscc(attributor-cgscc) → module(globalopt) → module(attributor) → module(scc-oz-module-inliner) → module(attributor) → function(jump-threading) → function(loop(loop-simplifycfg)) → function(memcpyopt) → cgscc(attributor-cgscc) → module(scc-oz-module-inliner) → function(loop(loop-simplifycfg)) → function(memcpyopt) → function(gvn-sink) → function(dse) → function(memcpyopt) → cgscc(attributor-cgscc) → module(globalopt) → module(attributor) → module(scc-oz-module-inliner) → function(instsimplify) → function(memcpyopt) → cgscc(attributor-cgscc) → module(globalopt) → module(attributor) → module(scc-oz-module-inliner) → function(instsimplify) → module(iroutliner) → function(gvn-sink)
     raw: module(elim-avail-extern) → module(globalopt) → module(attributor) → module(iroutliner) → function(dse) → function(memcpyopt) → cgscc(attributor-cgscc) → cgscc(attributor-cgscc) → module(globalopt) → module(attributor) → function(jump-threading) → loop(loop-simplifycfg) → module(globalopt) → module(attributor) → function(jump-threading) → loop(loop-simplifycfg) → function(gvn-sink) → function(dse) → function(memcpyopt) → cgscc(attributor-cgscc) → module(globalopt) → module(attributor) → module(scc-oz-module-inliner) → module(attributor) → function(jump-threading) → loop(loop-simplifycfg) → function(memcpyopt) → cgscc(attributor-cgscc) → module(scc-oz-module-inliner) → loop(loop-simplifycfg) → function(memcpyopt) → function(gvn-sink) → function(dse) → function(memcpyopt) → cgscc(attributor-cgscc) → module(globalopt) → module(attributor) → module(scc-oz-module-inliner) → function(instsimplify) → function(memcpyopt) → cgscc(attributor-cgscc) → module(globalopt) → module(attributor) → module(scc-oz-module-inliner) → function(instsimplify) → module(iroutliner) → function(gvn-sink)
binarysize_test: vs_none=0.999 (+0.1%)  vs_oz=1.000 (+0.0%)  vs_o3=0.995 (+0.5%) [metric=stripped_file_bytes]
binarysize_test[text_bytes]: vs_none=0.892 (+10.8%)  vs_oz=0.923 (+7.7%)  vs_o3=0.843 (+15.7%)
binarysize_test[data_bytes]: vs_none=0.988 (+1.2%)  vs_oz=0.993 (+0.7%)  vs_o3=0.989 (+1.1%)
binarysize_test[bss_bytes]: vs_none=1.000 (+0.0%)  vs_oz=1.000 (+0.0%)  vs_o3=1.000 (+0.0%)
binarysize_test[dec_bytes]: vs_none=0.917 (+8.3%)  vs_oz=0.941 (+5.9%)  vs_o3=0.878 (+12.2%)

最优轮次 Top-5 binarysize_test 序列面板（primary=stripped_file_bytes）:
  #1: len=46, syn_rate=0.44
     stripped_file_bytes: obj=1.0175, mean=0.9995, worsen=6.00%, vs_none=0.999 (+0.1%)  vs_oz=1.000 (+0.0%)  vs_o3=0.995 (+0.5%)
     text_bytes: obj=0.9866, mean=0.9206, worsen=22.00%, vs_none=0.890 (+11.0%)  vs_oz=0.921 (+7.9%)  vs_o3=0.841 (+15.9%)
     data_bytes: obj=1.0113, mean=0.9933, worsen=6.00%, vs_none=0.988 (+1.2%)  vs_oz=0.993 (+0.7%)  vs_o3=0.989 (+1.1%)
     bss_bytes: obj=1.0000, mean=1.0000, worsen=0.00%, vs_none=1.000 (+0.0%)  vs_oz=1.000 (+0.0%)  vs_o3=1.000 (+0.0%)
     dec_bytes: obj=1.0052, mean=0.9392, worsen=22.00%, vs_none=0.915 (+8.5%)  vs_oz=0.939 (+6.1%)  vs_o3=0.876 (+12.4%)
  #2: len=50, syn_rate=0.44
     stripped_file_bytes: obj=1.0176, mean=0.9996, worsen=6.00%, vs_none=0.999 (+0.1%)  vs_oz=1.000 (+0.0%)  vs_o3=0.995 (+0.5%)
     text_bytes: obj=0.9915, mean=0.9255, worsen=22.00%, vs_none=0.894 (+10.6%)  vs_oz=0.926 (+7.4%)  vs_o3=0.845 (+15.5%)
     data_bytes: obj=1.0187, mean=0.9947, worsen=8.00%, vs_none=0.989 (+1.1%)  vs_oz=0.995 (+0.5%)  vs_o3=0.990 (+1.0%)
     bss_bytes: obj=1.0000, mean=1.0000, worsen=0.00%, vs_none=1.000 (+0.0%)  vs_oz=1.000 (+0.0%)  vs_o3=1.000 (+0.0%)
     dec_bytes: obj=1.0095, mean=0.9435, worsen=22.00%, vs_none=0.919 (+8.1%)  vs_oz=0.944 (+5.6%)  vs_o3=0.880 (+12.0%)
  #3: len=59, syn_rate=0.44
     stripped_file_bytes: obj=1.0175, mean=0.9995, worsen=6.00%, vs_none=0.999 (+0.1%)  vs_oz=1.000 (+0.0%)  vs_o3=0.995 (+0.5%)
     text_bytes: obj=0.9866, mean=0.9206, worsen=22.00%, vs_none=0.890 (+11.0%)  vs_oz=0.921 (+7.9%)  vs_o3=0.841 (+15.9%)
     data_bytes: obj=1.0113, mean=0.9933, worsen=6.00%, vs_none=0.988 (+1.2%)  vs_oz=0.993 (+0.7%)  vs_o3=0.989 (+1.1%)
     bss_bytes: obj=1.0000, mean=1.0000, worsen=0.00%, vs_none=1.000 (+0.0%)  vs_oz=1.000 (+0.0%)  vs_o3=1.000 (+0.0%)
     dec_bytes: obj=1.0052, mean=0.9392, worsen=22.00%, vs_none=0.915 (+8.5%)  vs_oz=0.939 (+6.1%)  vs_o3=0.876 (+12.4%)
  #4: len=43, syn_rate=0.44
     stripped_file_bytes: obj=1.0175, mean=0.9995, worsen=6.00%, vs_none=0.999 (+0.1%)  vs_oz=1.000 (+0.0%)  vs_o3=0.995 (+0.5%)
     text_bytes: obj=0.9866, mean=0.9206, worsen=22.00%, vs_none=0.890 (+11.0%)  vs_oz=0.921 (+7.9%)  vs_o3=0.841 (+15.9%)
     data_bytes: obj=1.0113, mean=0.9933, worsen=6.00%, vs_none=0.988 (+1.2%)  vs_oz=0.993 (+0.7%)  vs_o3=0.989 (+1.1%)
     bss_bytes: obj=1.0000, mean=1.0000, worsen=0.00%, vs_none=1.000 (+0.0%)  vs_oz=1.000 (+0.0%)  vs_o3=1.000 (+0.0%)
     dec_bytes: obj=1.0052, mean=0.9392, worsen=22.00%, vs_none=0.915 (+8.5%)  vs_oz=0.939 (+6.1%)  vs_o3=0.876 (+12.4%)
  #5: len=47, syn_rate=0.44
     stripped_file_bytes: obj=1.0175, mean=0.9995, worsen=6.00%, vs_none=0.999 (+0.1%)  vs_oz=1.000 (+0.0%)  vs_o3=0.995 (+0.5%)
     text_bytes: obj=0.9866, mean=0.9206, worsen=22.00%, vs_none=0.890 (+11.0%)  vs_oz=0.921 (+7.9%)  vs_o3=0.841 (+15.9%)
     data_bytes: obj=1.0113, mean=0.9933, worsen=6.00%, vs_none=0.988 (+1.2%)  vs_oz=0.993 (+0.7%)  vs_o3=0.989 (+1.1%)
     bss_bytes: obj=1.0000, mean=1.0000, worsen=0.00%, vs_none=1.000 (+0.0%)  vs_oz=1.000 (+0.0%)  vs_o3=1.000 (+0.0%)
     dec_bytes: obj=1.0052, mean=0.9392, worsen=22.00%, vs_none=0.915 (+8.5%)  vs_oz=0.939 (+6.1%)  vs_o3=0.876 (+12.4%)
核心调优成本已写入: /root/exp/RFunipassLab/results/instrcount/summaries/20260508_134127_858741_feature_lite_seed458_core_tuning_cost.json
结果已写入: /root/exp/RFunipassLab/results/instrcount/summaries/20260508_134127_858741_feature_lite_seed458.json
总运行时间: 1436.06 秒
