# run_id: 20260507_223903_628314_feature_lite_seed456
# name: feature_lite
# group: feature_ablation
# description: 切换到 Lite 特征编码，保留其余搜索流程不变。
# changed: FEATURE_MODE=lite, GA_GEN=5, GA_POP=200, ITERS=100, MAX_SEQ_LEN=120, MIN_VAL_PROGRAMS=5, SEED_TOPK=0, TEST_TOPK=50, TRAIN_TOPK=200, VAL_RATIO=0.5
# result_json: /root/exp/RFunipassLab/results/instrcount/summaries/20260507_223903_628314_feature_lite_seed456.json
# started_at: 2026-05-07T22:39:03
# control_env:
#   BACKEND_OPT_LEVEL=-O0
#   BINARY_SIZE_METRIC=stripped_file_bytes
#   BINARY_SIZE_REPORT_METRICS=text_bytes,data_bytes,bss_bytes,dec_bytes
#   DECAY=0.5
#   EXPERIMENT_SEED=456
#   FEATURE_MODE=lite
#   GA_ELITE=0.1
#   GA_GEN=5
#   GA_MUT=0.8
#   GA_POP=200
#   GA_TOUR=3
#   ITERS=100
#   LOOP_NESTING_POLICY=wrap
#   MAX_SEQ_LEN=120
#   MIN_VAL_PROGRAMS=5
#   OBJECTIVE_BASELINE=oz
#   OBJECTIVE_KIND=instrcount
#   OBJ_HIGHVAR_W=0.0
#   OBJ_WORSEN_W=0.05
#   OFFSET=20
#   PROGRAM_POOL_KIND=auto
#   RF_EXPLAIN_COUNTERFACTUAL_ENABLE=1
#   RF_EXPLAIN_COUNTERFACTUAL_MAX_EVALS=50
#   RF_EXPLAIN_COUNTERFACTUAL_SPLIT=selection
#   RF_EXPLAIN_COUNTERFACTUAL_TOPK=5
#   RF_EXPLAIN_ENABLE=0
#   RF_EXPLAIN_HOLDOUT_RATIO=0.3
#   RF_EXPLAIN_MIN_SAMPLES=20
#   RF_EXPLAIN_MODE=final
#   RF_EXPLAIN_PERM_REPEATS=10
#   RF_EXPLAIN_TOPK=20
#   RNUM=256
#   RUNS=1
#   RUNTIME_EVAL_MAX_VARIANCE_PCT=15.0
#   RUNTIME_MAX_INNER_REPEATS=64
#   RUNTIME_MAX_VARIANCE_PCT=10.0
#   RUNTIME_REQUIRED_ROWS=0
#   RUNTIME_SAMPLES=5
#   RUNTIME_TARGET_SAMPLE_MS=30.0
#   RUNTIME_TIMEOUT_SEC=2.0
#   SCALE=10
#   SEED_TOPK=0
#   SPLIT_SEED=456
#   TEST_TOPK=50
#   TRAIN_TOPK=200
#   VAL_RATIO=0.5

Loading train/test rows from: /root/exp/RFunipassLab/data/tuning_results.csv
Loaded train programs:       200
Loaded initial seed seqs:    86
Loaded test programs:        50
Objective kind:              instrcount
Program pool kind:           tuning

Loading synergy graph from: /root/exp/RFunipassLab/data/Step3_EnumeratedPairs.csv
All passes (19): ['module(elim-avail-extern)', 'module(globalopt)', 'cgscc(attributor-cgscc)', 'module(scc-oz-module-inliner)', 'function(mem2reg)', 'function(instsimplify)', 'module(iroutliner)', 'function(reassociate)', 'function(memcpyopt)', 'function(gvn-hoist)', 'function(dce)', 'function(jump-threading)', 'module(attributor)', 'function(dse)', 'function(newgvn)', 'function(gvn-sink)', 'module(inferattrs)', 'loop(loop-simplifycfg)', 'function(lower-switch)']
Synergy edges: 176
Self-loop passes: {'module(attributor)', 'function(newgvn)', 'cgscc(attributor-cgscc)'}

============================================================
实验轮次 1 / 1
============================================================
============================================================
目标类型:      instrcount
目标基准:      -Oz
基准指标:      -Oz 基准指令数
优化指标:      归一化指令数
输入程序数:    200
输入次优序列数: 86
测试程序数:    50
Pass 词表大小: 19
协同边数:      176
自环 pass 数:  3
序列长度上限:  120
Loop 合法化策略: wrap
实验种子:      456
划分种子:      456
特征模式:      lite
RF 特征维度:   31
词表: ['module(elim-avail-extern)', 'module(globalopt)', 'cgscc(attributor-cgscc)', 'module(scc-oz-module-inliner)', 'function(mem2reg)', 'function(instsimplify)', 'module(iroutliner)', 'function(reassociate)', 'function(memcpyopt)', 'function(gvn-hoist)', 'function(dce)', 'function(jump-threading)', 'module(attributor)', 'function(dse)', 'function(newgvn)', 'function(gvn-sink)', 'module(inferattrs)', 'loop(loop-simplifycfg)', 'function(lower-switch)']
多目标权重:    mean=1.0, worsen=0.05, highvar=0.0

[Step 1.5] 训练程序切分...
  search_train 程序数: 100
  validation 程序数:   100
  split_signature(search_train): 3ad90166bf9bd1af93680f15067615fd4f341481
  split_signature(validation):   bd5a000b3f740ace9576f4dfa0d99ceaf5cd6247
  split_signature(test):         42411d4d4c9d084430c688042fea453b6b352eea

[Step 2] 计算 search_train 程序 -Oz 基准指令数...
[Step 2b] 计算 validation 程序 -Oz 基准指令数...
[Step 2c] 计算测试集程序 -Oz 基准指令数...

[Step 3] 评估初始 seed 序列（共 86 条）...

[Step 4] 开始贝叶斯优化（100 轮）...
GA search time: 12.06s, candidates: 368
  [iter   1/100] search_obj=0.8149  search_best=0.8043  validation_best=0.8027  EI=0.0134  rnum=168.4  len=19  syn_rate=0.36  mean=0.8109  worsen=8.00%  highvar=0.00%
GA search time: 14.12s, candidates: 366
  [iter   2/100] search_obj=0.8114  search_best=0.8043  validation_best=0.8004  EI=0.0135  rnum=166.3  len=38  syn_rate=0.52  mean=0.8074  worsen=8.00%  highvar=0.00%
GA search time: 15.62s, candidates: 364
  [iter   3/100] search_obj=1.1491  search_best=0.8043  validation_best=0.8004  EI=0.0215  rnum=164.2  len=34  syn_rate=0.60  mean=1.1196  worsen=59.00%  highvar=0.00%
GA search time: 15.62s, candidates: 362
  [iter   4/100] search_obj=1.2184  search_best=0.8043  validation_best=0.8004  EI=0.0173  rnum=162.0  len=44  syn_rate=0.38  mean=1.1739  worsen=89.00%  highvar=0.00%
GA search time: 16.28s, candidates: 359
  [iter   5/100] search_obj=0.8007  search_best=0.8007  validation_best=0.8004  EI=0.0258  rnum=159.9  len=23  syn_rate=0.42  mean=0.7962  worsen=9.00%  highvar=0.00%
GA search time: 16.80s, candidates: 357
  [iter   6/100] search_obj=0.8114  search_best=0.8007  validation_best=0.8004  EI=0.0230  rnum=157.7  len=26  syn_rate=0.46  mean=0.8074  worsen=8.00%  highvar=0.00%
GA search time: 12.62s, candidates: 355
  [iter   7/100] search_obj=1.0779  search_best=0.8007  validation_best=0.8004  EI=0.0261  rnum=155.6  len=32  syn_rate=0.43  mean=1.0394  worsen=77.00%  highvar=0.00%
GA search time: 13.75s, candidates: 353
  [iter   8/100] search_obj=0.8112  search_best=0.8007  validation_best=0.8004  EI=0.0252  rnum=153.4  len=27  syn_rate=0.46  mean=0.8072  worsen=8.00%  highvar=0.00%
GA search time: 12.59s, candidates: 351
  [iter   9/100] search_obj=0.8187  search_best=0.8007  validation_best=0.8004  EI=0.0238  rnum=151.3  len=35  syn_rate=0.39  mean=0.8127  worsen=12.00%  highvar=0.00%
GA search time: 10.88s, candidates: 349
  [iter  10/100] search_obj=0.9890  search_best=0.8007  validation_best=0.8004  EI=0.0262  rnum=149.1  len=45  syn_rate=0.43  mean=0.9790  worsen=20.00%  highvar=0.00%
GA search time: 7.10s, candidates: 346
  [iter  11/100] search_obj=0.8118  search_best=0.8007  validation_best=0.7934  EI=0.0230  rnum=147.0  len=35  syn_rate=0.41  mean=0.8078  worsen=8.00%  highvar=0.00%
GA search time: 6.51s, candidates: 344
  [iter  12/100] search_obj=0.9877  search_best=0.8007  validation_best=0.7934  EI=0.0220  rnum=144.8  len=39  syn_rate=0.36  mean=0.9782  worsen=19.00%  highvar=0.00%
GA search time: 4.86s, candidates: 342
  [iter  13/100] search_obj=1.1601  search_best=0.8007  validation_best=0.7934  EI=0.0185  rnum=142.7  len=37  syn_rate=0.47  mean=1.1186  worsen=83.00%  highvar=0.00%
GA search time: 3.34s, candidates: 340
  [iter  14/100] search_obj=0.8114  search_best=0.8007  validation_best=0.7934  EI=0.0192  rnum=140.5  len=29  syn_rate=0.46  mean=0.8074  worsen=8.00%  highvar=0.00%
GA search time: 3.34s, candidates: 338
  [iter  15/100] search_obj=1.1238  search_best=0.8007  validation_best=0.7934  EI=0.0228  rnum=138.4  len=25  syn_rate=0.36  mean=1.0843  worsen=79.00%  highvar=0.00%
GA search time: 3.41s, candidates: 336
  [iter  16/100] search_obj=0.8450  search_best=0.8007  validation_best=0.7934  EI=0.0204  rnum=136.3  len=36  syn_rate=0.40  mean=0.8395  worsen=11.00%  highvar=0.00%
GA search time: 3.26s, candidates: 334
  [iter  17/100] search_obj=0.8009  search_best=0.8007  validation_best=0.7934  EI=0.0208  rnum=134.2  len=22  syn_rate=0.40  mean=0.7964  worsen=9.00%  highvar=0.00%
GA search time: 3.17s, candidates: 332
  [iter  18/100] search_obj=1.1250  search_best=0.8007  validation_best=0.7934  EI=0.0228  rnum=132.1  len=23  syn_rate=0.35  mean=1.0850  worsen=80.00%  highvar=0.00%
GA search time: 4.22s, candidates: 329
  [iter  19/100] search_obj=0.8693  search_best=0.8007  validation_best=0.7934  EI=0.0234  rnum=130.0  len=38  syn_rate=0.44  mean=0.8458  worsen=47.00%  highvar=0.00%
GA search time: 3.82s, candidates: 327
  [iter  20/100] search_obj=0.7976  search_best=0.7976  validation_best=0.7934  EI=0.0200  rnum=127.9  len=23  syn_rate=0.44  mean=0.7936  worsen=8.00%  highvar=0.00%
GA search time: 4.94s, candidates: 325
  [iter  21/100] search_obj=0.7730  search_best=0.7730  validation_best=0.7934  EI=0.0217  rnum=125.8  len=27  syn_rate=0.41  mean=0.7685  worsen=9.00%  highvar=0.00%
GA search time: 4.76s, candidates: 323
  [iter  22/100] search_obj=0.8007  search_best=0.7730  validation_best=0.7934  EI=0.0229  rnum=123.7  len=25  syn_rate=0.42  mean=0.7962  worsen=9.00%  highvar=0.00%
GA search time: 3.99s, candidates: 321
  [iter  23/100] search_obj=0.7758  search_best=0.7730  validation_best=0.7934  EI=0.0148  rnum=121.6  len=42  syn_rate=0.55  mean=0.7718  worsen=8.00%  highvar=0.00%
GA search time: 7.85s, candidates: 319
  [iter  24/100] search_obj=0.8302  search_best=0.7730  validation_best=0.7934  EI=0.0183  rnum=119.6  len=30  syn_rate=0.46  mean=0.8157  worsen=29.00%  highvar=0.00%
GA search time: 4.47s, candidates: 317
  [iter  25/100] search_obj=0.9456  search_best=0.7730  validation_best=0.7934  EI=0.0213  rnum=117.5  len=26  syn_rate=0.39  mean=0.9381  worsen=15.00%  highvar=0.00%
GA search time: 4.52s, candidates: 315
  [iter  26/100] search_obj=0.7756  search_best=0.7730  validation_best=0.7934  EI=0.0163  rnum=115.5  len=43  syn_rate=0.55  mean=0.7716  worsen=8.00%  highvar=0.00%
GA search time: 4.93s, candidates: 313
  [iter  27/100] search_obj=0.7851  search_best=0.7730  validation_best=0.7934  EI=0.0186  rnum=113.5  len=43  syn_rate=0.56  mean=0.7811  worsen=8.00%  highvar=0.00%
GA search time: 4.64s, candidates: 311
  [iter  28/100] search_obj=1.1677  search_best=0.7730  validation_best=0.7934  EI=0.0203  rnum=111.5  len=42  syn_rate=0.39  mean=1.1277  worsen=80.00%  highvar=0.00%
GA search time: 5.93s, candidates: 309
  [iter  29/100] search_obj=0.9431  search_best=0.7730  validation_best=0.7934  EI=0.0217  rnum=109.5  len=54  syn_rate=0.47  mean=0.9361  worsen=14.00%  highvar=0.00%
GA search time: 4.93s, candidates: 307
  [iter  30/100] search_obj=0.8006  search_best=0.7730  validation_best=0.7934  EI=0.0214  rnum=107.6  len=38  syn_rate=0.55  mean=0.7966  worsen=8.00%  highvar=0.00%
GA search time: 4.11s, candidates: 305
  [iter  31/100] search_obj=1.1268  search_best=0.7730  validation_best=0.7934  EI=0.0242  rnum=105.6  len=43  syn_rate=0.40  mean=1.0868  worsen=80.00%  highvar=0.00%
GA search time: 7.14s, candidates: 303
  [iter  32/100] search_obj=0.8588  search_best=0.7730  validation_best=0.7934  EI=0.0158  rnum=103.7  len=49  syn_rate=0.69  mean=0.8538  worsen=10.00%  highvar=0.00%
GA search time: 6.29s, candidates: 301
  [iter  33/100] search_obj=0.7760  search_best=0.7730  validation_best=0.7934  EI=0.0221  rnum=101.7  len=42  syn_rate=0.53  mean=0.7720  worsen=8.00%  highvar=0.00%
GA search time: 6.38s, candidates: 299
  [iter  34/100] search_obj=0.7676  search_best=0.7676  validation_best=0.7934  EI=0.0271  rnum=99.8  len=42  syn_rate=0.54  mean=0.7641  worsen=7.00%  highvar=0.00%
GA search time: 9.69s, candidates: 297
  [iter  35/100] search_obj=1.0533  search_best=0.7676  validation_best=0.7934  EI=0.0221  rnum=97.9  len=46  syn_rate=0.42  mean=1.0198  worsen=67.00%  highvar=0.00%
GA search time: 7.94s, candidates: 296
  [iter  36/100] search_obj=0.7676  search_best=0.7676  validation_best=0.7934  EI=0.0221  rnum=96.1  len=43  syn_rate=0.54  mean=0.7641  worsen=7.00%  highvar=0.00%
GA search time: 8.18s, candidates: 294
  [iter  37/100] search_obj=1.0721  search_best=0.7676  validation_best=0.7934  EI=0.0249  rnum=94.2  len=42  syn_rate=0.41  mean=1.0386  worsen=67.00%  highvar=0.00%
GA search time: 10.34s, candidates: 292
  [iter  38/100] search_obj=1.0192  search_best=0.7676  validation_best=0.7934  EI=0.0222  rnum=92.4  len=87  syn_rate=0.73  mean=1.0067  worsen=25.00%  highvar=0.00%
GA search time: 4.84s, candidates: 290
  [iter  39/100] search_obj=0.9889  search_best=0.7676  validation_best=0.7934  EI=0.0197  rnum=90.5  len=41  syn_rate=0.62  mean=0.9789  worsen=20.00%  highvar=0.00%
GA search time: 5.77s, candidates: 288
  [iter  40/100] search_obj=0.7673  search_best=0.7673  validation_best=0.7934  EI=0.0199  rnum=88.7  len=40  syn_rate=0.55  mean=0.7638  worsen=7.00%  highvar=0.00%
GA search time: 5.58s, candidates: 286
  [iter  41/100] search_obj=0.7673  search_best=0.7673  validation_best=0.7934  EI=0.0252  rnum=87.0  len=43  syn_rate=0.55  mean=0.7638  worsen=7.00%  highvar=0.00%
GA search time: 4.38s, candidates: 285
  [iter  42/100] search_obj=0.7689  search_best=0.7673  validation_best=0.7934  EI=0.0223  rnum=85.2  len=42  syn_rate=0.54  mean=0.7654  worsen=7.00%  highvar=0.00%
GA search time: 5.16s, candidates: 283
  [iter  43/100] search_obj=1.1242  search_best=0.7673  validation_best=0.7934  EI=0.0218  rnum=83.5  len=42  syn_rate=0.55  mean=1.0852  worsen=78.00%  highvar=0.00%
GA search time: 4.79s, candidates: 281
  [iter  44/100] search_obj=1.1677  search_best=0.7673  validation_best=0.7934  EI=0.0193  rnum=81.7  len=43  syn_rate=0.46  mean=1.1277  worsen=80.00%  highvar=0.00%
GA search time: 5.43s, candidates: 280
  [iter  45/100] search_obj=0.7677  search_best=0.7673  validation_best=0.7934  EI=0.0255  rnum=80.0  len=45  syn_rate=0.55  mean=0.7642  worsen=7.00%  highvar=0.00%
GA search time: 4.36s, candidates: 278
  [iter  46/100] search_obj=0.8667  search_best=0.7673  validation_best=0.7934  EI=0.0235  rnum=78.4  len=42  syn_rate=0.53  mean=0.8622  worsen=9.00%  highvar=0.00%
GA search time: 4.25s, candidates: 276
  [iter  47/100] search_obj=0.8946  search_best=0.7673  validation_best=0.7934  EI=0.0198  rnum=76.7  len=43  syn_rate=0.68  mean=0.8901  worsen=9.00%  highvar=0.00%
GA search time: 4.93s, candidates: 275
  [iter  48/100] search_obj=0.7629  search_best=0.7629  validation_best=0.7934  EI=0.0207  rnum=75.1  len=42  syn_rate=0.56  mean=0.7599  worsen=6.00%  highvar=0.00%
GA search time: 7.00s, candidates: 273
  [iter  49/100] search_obj=0.9438  search_best=0.7629  validation_best=0.7934  EI=0.0186  rnum=73.4  len=27  syn_rate=0.40  mean=0.9253  worsen=37.00%  highvar=0.00%
GA search time: 5.11s, candidates: 271
  [iter  50/100] search_obj=0.9649  search_best=0.7629  validation_best=0.7934  EI=0.0154  rnum=71.8  len=43  syn_rate=0.58  mean=0.9494  worsen=31.00%  highvar=0.00%
GA search time: 5.61s, candidates: 270
  [iter  51/100] search_obj=0.7745  search_best=0.7629  validation_best=0.7934  EI=0.0195  rnum=70.3  len=44  syn_rate=0.56  mean=0.7705  worsen=8.00%  highvar=0.00%
GA search time: 5.97s, candidates: 268
  [iter  52/100] search_obj=0.7992  search_best=0.7629  validation_best=0.7934  EI=0.0211  rnum=68.7  len=43  syn_rate=0.55  mean=0.7952  worsen=8.00%  highvar=0.00%
GA search time: 5.66s, candidates: 267
  [iter  53/100] search_obj=0.8065  search_best=0.7629  validation_best=0.7934  EI=0.0170  rnum=67.2  len=41  syn_rate=0.50  mean=0.7930  worsen=27.00%  highvar=0.00%
GA search time: 6.21s, candidates: 265
  [iter  54/100] search_obj=0.7673  search_best=0.7629  validation_best=0.7934  EI=0.0197  rnum=65.7  len=45  syn_rate=0.56  mean=0.7638  worsen=7.00%  highvar=0.00%
GA search time: 6.71s, candidates: 264
  [iter  55/100] search_obj=0.9317  search_best=0.7629  validation_best=0.7934  EI=0.0216  rnum=64.2  len=44  syn_rate=0.49  mean=0.9182  worsen=27.00%  highvar=0.00%
GA search time: 6.83s, candidates: 262
  [iter  56/100] search_obj=0.7695  search_best=0.7629  validation_best=0.7934  EI=0.0173  rnum=62.7  len=47  syn_rate=0.57  mean=0.7655  worsen=8.00%  highvar=0.00%
GA search time: 6.09s, candidates: 261
  [iter  57/100] search_obj=0.7673  search_best=0.7629  validation_best=0.7934  EI=0.0175  rnum=61.3  len=35  syn_rate=0.55  mean=0.7638  worsen=7.00%  highvar=0.00%
GA search time: 4.81s, candidates: 259
  [iter  58/100] search_obj=1.1217  search_best=0.7629  validation_best=0.7934  EI=0.0157  rnum=59.8  len=44  syn_rate=0.57  mean=1.0827  worsen=78.00%  highvar=0.00%
GA search time: 5.29s, candidates: 258
  [iter  59/100] search_obj=0.7629  search_best=0.7629  validation_best=0.7934  EI=0.0181  rnum=58.4  len=44  syn_rate=0.57  mean=0.7599  worsen=6.00%  highvar=0.00%
GA search time: 5.31s, candidates: 257
  [iter  60/100] search_obj=0.7716  search_best=0.7629  validation_best=0.7934  EI=0.0203  rnum=57.0  len=43  syn_rate=0.57  mean=0.7676  worsen=8.00%  highvar=0.00%
GA search time: 5.31s, candidates: 255
  [iter  61/100] search_obj=1.0156  search_best=0.7629  validation_best=0.7934  EI=0.0172  rnum=55.7  len=44  syn_rate=0.47  mean=0.9931  worsen=45.00%  highvar=0.00%
GA search time: 5.56s, candidates: 254
  [iter  62/100] search_obj=0.7678  search_best=0.7629  validation_best=0.7934  EI=0.0209  rnum=54.3  len=45  syn_rate=0.56  mean=0.7643  worsen=7.00%  highvar=0.00%
GA search time: 7.25s, candidates: 253
  [iter  63/100] search_obj=1.1268  search_best=0.7629  validation_best=0.7934  EI=0.0194  rnum=53.0  len=44  syn_rate=0.56  mean=1.0868  worsen=80.00%  highvar=0.00%
GA search time: 6.96s, candidates: 251
  [iter  64/100] search_obj=0.7943  search_best=0.7629  validation_best=0.7934  EI=0.0190  rnum=51.7  len=46  syn_rate=0.55  mean=0.7908  worsen=7.00%  highvar=0.00%
GA search time: 7.53s, candidates: 250
  [iter  65/100] search_obj=1.0795  search_best=0.7629  validation_best=0.7934  EI=0.0174  rnum=50.5  len=48  syn_rate=0.55  mean=1.0410  worsen=77.00%  highvar=0.00%
GA search time: 5.90s, candidates: 249
  [iter  66/100] search_obj=0.7676  search_best=0.7629  validation_best=0.7934  EI=0.0226  rnum=49.2  len=36  syn_rate=0.56  mean=0.7641  worsen=7.00%  highvar=0.00%
GA search time: 6.19s, candidates: 247
  [iter  67/100] search_obj=0.7672  search_best=0.7629  validation_best=0.7934  EI=0.0254  rnum=48.0  len=41  syn_rate=0.56  mean=0.7637  worsen=7.00%  highvar=0.00%
GA search time: 6.22s, candidates: 246
  [iter  68/100] search_obj=0.7672  search_best=0.7629  validation_best=0.7934  EI=0.0200  rnum=46.8  len=42  syn_rate=0.56  mean=0.7637  worsen=7.00%  highvar=0.00%
GA search time: 4.99s, candidates: 245
  [iter  69/100] search_obj=1.1237  search_best=0.7629  validation_best=0.7934  EI=0.0195  rnum=45.6  len=48  syn_rate=0.57  mean=1.0837  worsen=80.00%  highvar=0.00%
GA search time: 5.20s, candidates: 244
  [iter  70/100] search_obj=0.7724  search_best=0.7629  validation_best=0.7934  EI=0.0216  rnum=44.4  len=47  syn_rate=0.57  mean=0.7684  worsen=8.00%  highvar=0.00%
GA search time: 7.57s, candidates: 243
  [iter  71/100] search_obj=0.9453  search_best=0.7629  validation_best=0.7934  EI=0.0218  rnum=43.3  len=47  syn_rate=0.57  mean=0.9383  worsen=14.00%  highvar=0.00%
GA search time: 6.49s, candidates: 242
  [iter  72/100] search_obj=0.7624  search_best=0.7624  validation_best=0.7934  EI=0.0188  rnum=42.2  len=47  syn_rate=0.57  mean=0.7594  worsen=6.00%  highvar=0.00%
GA search time: 5.93s, candidates: 241
  [iter  73/100] search_obj=0.7685  search_best=0.7624  validation_best=0.7934  EI=0.0175  rnum=41.1  len=52  syn_rate=0.57  mean=0.7645  worsen=8.00%  highvar=0.00%
GA search time: 6.01s, candidates: 239
  [iter  74/100] search_obj=0.7999  search_best=0.7624  validation_best=0.7934  EI=0.0189  rnum=40.0  len=46  syn_rate=0.58  mean=0.7959  worsen=8.00%  highvar=0.00%
GA search time: 7.22s, candidates: 238
  [iter  75/100] search_obj=1.2600  search_best=0.7624  validation_best=0.7934  EI=0.0183  rnum=38.9  len=40  syn_rate=0.55  mean=1.2180  worsen=84.00%  highvar=0.00%
GA search time: 6.66s, candidates: 237
  [iter  76/100] search_obj=1.2761  search_best=0.7624  validation_best=0.7934  EI=0.0276  rnum=37.9  len=37  syn_rate=0.53  mean=1.2346  worsen=83.00%  highvar=0.00%
GA search time: 6.62s, candidates: 236
  [iter  77/100] search_obj=0.8069  search_best=0.7624  validation_best=0.7934  EI=0.0223  rnum=36.9  len=49  syn_rate=0.54  mean=0.8029  worsen=8.00%  highvar=0.00%
GA search time: 7.86s, candidates: 235
  [iter  78/100] search_obj=0.7695  search_best=0.7624  validation_best=0.7934  EI=0.0212  rnum=35.9  len=48  syn_rate=0.57  mean=0.7655  worsen=8.00%  highvar=0.00%
GA search time: 6.70s, candidates: 234
  [iter  79/100] search_obj=1.0665  search_best=0.7624  validation_best=0.7934  EI=0.0173  rnum=34.9  len=58  syn_rate=0.55  mean=1.0330  worsen=67.00%  highvar=0.00%
GA search time: 5.71s, candidates: 233
  [iter  80/100] search_obj=0.7676  search_best=0.7624  validation_best=0.7934  EI=0.0267  rnum=33.9  len=42  syn_rate=0.55  mean=0.7641  worsen=7.00%  highvar=0.00%
GA search time: 5.09s, candidates: 233
  [iter  81/100] search_obj=1.0000  search_best=0.7624  validation_best=0.7934  EI=0.0224  rnum=33.0  len=41  syn_rate=0.55  mean=0.9875  worsen=25.00%  highvar=0.00%
GA search time: 5.15s, candidates: 232
  [iter  82/100] search_obj=0.7696  search_best=0.7624  validation_best=0.7934  EI=0.0192  rnum=32.1  len=41  syn_rate=0.55  mean=0.7661  worsen=7.00%  highvar=0.00%
GA search time: 7.89s, candidates: 231
  [iter  83/100] search_obj=0.7600  search_best=0.7600  validation_best=0.7934  EI=0.0216  rnum=31.2  len=44  syn_rate=0.57  mean=0.7570  worsen=6.00%  highvar=0.00%
GA search time: 5.44s, candidates: 230
  [iter  84/100] search_obj=0.9575  search_best=0.7600  validation_best=0.7934  EI=0.0201  rnum=30.3  len=50  syn_rate=0.56  mean=0.9350  worsen=45.00%  highvar=0.00%
GA search time: 6.14s, candidates: 229
  [iter  85/100] search_obj=0.8087  search_best=0.7600  validation_best=0.7934  EI=0.0215  rnum=29.5  len=41  syn_rate=0.56  mean=0.8052  worsen=7.00%  highvar=0.00%
GA search time: 6.77s, candidates: 228
  [iter  86/100] search_obj=0.7693  search_best=0.7600  validation_best=0.7934  EI=0.0208  rnum=28.6  len=53  syn_rate=0.57  mean=0.7653  worsen=8.00%  highvar=0.00%
GA search time: 6.79s, candidates: 227
  [iter  87/100] search_obj=1.1242  search_best=0.7600  validation_best=0.7934  EI=0.0177  rnum=27.8  len=62  syn_rate=0.56  mean=1.0847  worsen=79.00%  highvar=0.00%
GA search time: 3.91s, candidates: 226
  [iter  88/100] search_obj=1.2018  search_best=0.7600  validation_best=0.7934  EI=0.0209  rnum=27.0  len=41  syn_rate=0.55  mean=1.1693  worsen=65.00%  highvar=0.00%
GA search time: 4.22s, candidates: 226
  [iter  89/100] search_obj=0.7937  search_best=0.7600  validation_best=0.7934  EI=0.0215  rnum=26.2  len=41  syn_rate=0.57  mean=0.7897  worsen=8.00%  highvar=0.00%
GA search time: 4.42s, candidates: 225
  [iter  90/100] search_obj=1.1488  search_best=0.7600  validation_best=0.7934  EI=0.0184  rnum=25.4  len=54  syn_rate=0.57  mean=1.1088  worsen=80.00%  highvar=0.00%
GA search time: 2.73s, candidates: 224
  [iter  91/100] search_obj=0.8314  search_best=0.7600  validation_best=0.7934  EI=0.0236  rnum=24.7  len=47  syn_rate=0.53  mean=0.8259  worsen=11.00%  highvar=0.00%
GA search time: 3.54s, candidates: 223
  [iter  92/100] search_obj=1.0813  search_best=0.7600  validation_best=0.7934  EI=0.0177  rnum=24.0  len=45  syn_rate=0.60  mean=1.0553  worsen=52.00%  highvar=0.00%
GA search time: 2.63s, candidates: 223
  [iter  93/100] search_obj=0.7907  search_best=0.7600  validation_best=0.7934  EI=0.0269  rnum=23.3  len=52  syn_rate=0.57  mean=0.7867  worsen=8.00%  highvar=0.00%
GA search time: 3.03s, candidates: 222
  [iter  94/100] search_obj=0.8096  search_best=0.7600  validation_best=0.7932  EI=0.0172  rnum=22.6  len=52  syn_rate=0.54  mean=0.8056  worsen=8.00%  highvar=0.00%
GA search time: 2.99s, candidates: 221
  [iter  95/100] search_obj=0.8199  search_best=0.7600  validation_best=0.7932  EI=0.0187  rnum=21.9  len=34  syn_rate=0.55  mean=0.8074  worsen=25.00%  highvar=0.00%
GA search time: 2.95s, candidates: 221
  [iter  96/100] search_obj=0.7722  search_best=0.7600  validation_best=0.7932  EI=0.0205  rnum=21.2  len=49  syn_rate=0.56  mean=0.7682  worsen=8.00%  highvar=0.00%
GA search time: 3.03s, candidates: 220
  [iter  97/100] search_obj=0.7989  search_best=0.7600  validation_best=0.7932  EI=0.0164  rnum=20.6  len=52  syn_rate=0.57  mean=0.7949  worsen=8.00%  highvar=0.00%
GA search time: 2.95s, candidates: 219
  [iter  98/100] search_obj=0.7720  search_best=0.7600  validation_best=0.7932  EI=0.0174  rnum=19.9  len=47  syn_rate=0.54  mean=0.7680  worsen=8.00%  highvar=0.00%
GA search time: 2.62s, candidates: 219
  [iter  99/100] search_obj=0.7760  search_best=0.7600  validation_best=0.7932  EI=0.0159  rnum=19.3  len=51  syn_rate=0.53  mean=0.7720  worsen=8.00%  highvar=0.00%
GA search time: 2.58s, candidates: 218
  [iter 100/100] search_obj=0.8802  search_best=0.7600  validation_best=0.7932  EI=0.0225  rnum=18.7  len=43  syn_rate=0.57  mean=0.8752  worsen=10.00%  highvar=0.00%

[Step 5] 按 validation 选择最终通用序列...
  选择结果:
    search_train_obj=0.8096, search_train_mean=0.8056, search_train_worsen=8.00%, search_train_highvar=0.00%
    validation_obj=0.7932, validation_mean=0.7887, validation_worsen=9.00%, validation_highvar=0.00%

[Step 6] 在 validation 上执行消融后处理...

[Ablation-validation] 初始序列长度: 52, objective: 0.7932, mean_norm: 0.7887, worsen_rate: 9.00%
  移除 [51] module(scc-oz-module-inliner): objective 0.8128 > 0.7932 (恢复)
  移除 [50] module(inferattrs): objective 0.7932, mean_norm 0.7887, worsen_rate 9.00% (保留移除)
  移除 [49] function(jump-threading): objective 0.7932, mean_norm 0.7887, worsen_rate 9.00% (保留移除)
  移除 [48] function(newgvn): objective 0.7932, mean_norm 0.7887, worsen_rate 9.00% (保留移除)
  移除 [47] function(instsimplify): objective 0.7932, mean_norm 0.7887, worsen_rate 9.00% (保留移除)
  移除 [46] loop(loop-simplifycfg): objective 0.7932, mean_norm 0.7887, worsen_rate 9.00% (保留移除)
  移除 [45] loop(loop-simplifycfg): objective 0.7932, mean_norm 0.7887, worsen_rate 9.00% (保留移除)
  移除 [44] module(elim-avail-extern): objective 0.7932, mean_norm 0.7887, worsen_rate 9.00% (保留移除)
  移除 [43] module(iroutliner): objective 0.7932, mean_norm 0.7887, worsen_rate 9.00% (保留移除)
  移除 [42] function(dce): objective 0.7932, mean_norm 0.7887, worsen_rate 9.00% (保留移除)
  移除 [41] module(attributor): objective 0.7932, mean_norm 0.7887, worsen_rate 9.00% (保留移除)
  移除 [40] module(globalopt): objective 0.7932, mean_norm 0.7887, worsen_rate 9.00% (保留移除)
  移除 [39] function(gvn-sink): objective 0.7932, mean_norm 0.7887, worsen_rate 9.00% (保留移除)
  移除 [38] function(newgvn): objective 0.8004 > 0.7932 (恢复)
  移除 [37] function(gvn-sink): objective 0.7932, mean_norm 0.7887, worsen_rate 9.00% (保留移除)
  移除 [36] loop(loop-simplifycfg): objective 0.8004 > 0.7932 (恢复)
  移除 [35] module(globalopt): objective 0.7932, mean_norm 0.7887, worsen_rate 9.00% (保留移除)
  移除 [34] function(jump-threading): objective 0.7932, mean_norm 0.7887, worsen_rate 9.00% (保留移除)
  移除 [33] function(memcpyopt): objective 0.7932, mean_norm 0.7887, worsen_rate 9.00% (保留移除)
  移除 [32] module(attributor): objective 0.7932, mean_norm 0.7887, worsen_rate 9.00% (保留移除)
  移除 [31] function(gvn-hoist): objective 0.7932, mean_norm 0.7887, worsen_rate 9.00% (保留移除)
  移除 [30] function(instsimplify): objective 0.7932, mean_norm 0.7887, worsen_rate 9.00% (保留移除)
  移除 [29] module(iroutliner): objective 0.7932, mean_norm 0.7887, worsen_rate 9.00% (保留移除)
  移除 [28] module(elim-avail-extern): objective 0.7932, mean_norm 0.7887, worsen_rate 9.00% (保留移除)
  移除 [27] module(scc-oz-module-inliner): objective 0.7950 > 0.7932 (恢复)
  移除 [26] module(elim-avail-extern): objective 0.7932, mean_norm 0.7887, worsen_rate 9.00% (保留移除)
  移除 [25] module(iroutliner): objective 0.7932, mean_norm 0.7887, worsen_rate 9.00% (保留移除)
  移除 [24] function(gvn-sink): objective 0.7932, mean_norm 0.7887, worsen_rate 9.00% (保留移除)
  移除 [23] module(globalopt): objective 0.7932, mean_norm 0.7887, worsen_rate 9.00% (保留移除)
  移除 [22] function(dce): objective 0.7932, mean_norm 0.7887, worsen_rate 9.00% (保留移除)
  移除 [21] module(attributor): objective 0.7936 > 0.7932 (恢复)
  移除 [20] module(globalopt): objective 0.7932, mean_norm 0.7887, worsen_rate 9.00% (保留移除)
  移除 [19] function(gvn-sink): objective 0.7931, mean_norm 0.7886, worsen_rate 9.00% (保留移除)
  移除 [18] function(newgvn): objective 0.7931, mean_norm 0.7886, worsen_rate 9.00% (保留移除)
  移除 [17] module(globalopt): objective 0.7931, mean_norm 0.7886, worsen_rate 9.00% (保留移除)
  移除 [16] function(jump-threading): objective 0.7931, mean_norm 0.7886, worsen_rate 9.00% (保留移除)
  移除 [15] function(memcpyopt): objective 0.7931, mean_norm 0.7886, worsen_rate 9.00% (保留移除)
  移除 [14] module(attributor): objective 0.7935 > 0.7931 (恢复)
  移除 [13] function(gvn-hoist): objective 0.7931, mean_norm 0.7886, worsen_rate 9.00% (保留移除)
  移除 [12] function(newgvn): objective 0.7924, mean_norm 0.7879, worsen_rate 9.00% (保留移除)
  移除 [11] function(gvn-sink): objective 0.7936 > 0.7924 (恢复)
  移除 [10] module(globalopt): objective 0.9398 > 0.7924 (恢复)
  移除 [9] function(gvn-hoist): objective 0.7936 > 0.7924 (恢复)
  移除 [8] module(scc-oz-module-inliner): objective 0.8391 > 0.7924 (恢复)
  移除 [7] module(inferattrs): objective 0.7987 > 0.7924 (恢复)
  移除 [6] function(jump-threading): objective 0.7922, mean_norm 0.7877, worsen_rate 9.00% (保留移除)
  移除 [5] function(memcpyopt): objective 0.7922, mean_norm 0.7877, worsen_rate 9.00% (保留移除)
  移除 [4] module(attributor): objective 0.9454 > 0.7922 (恢复)
  移除 [3] function(gvn-hoist): objective 0.7940 > 0.7922 (恢复)
  移除 [2] function(instsimplify): objective 0.7922, mean_norm 0.7877, worsen_rate 9.00% (保留移除)
  移除 [1] module(iroutliner): objective 0.8802 > 0.7922 (恢复)
  移除 [0] module(elim-avail-extern): objective 1.0435 > 0.7922 (恢复)
[Ablation-validation] 最终序列长度: 15, objective: 0.7922, mean_norm: 0.7877, worsen_rate: 9.00%, 移除了 37 个 pass
  消融有效: 52 → 15 passes, validation_objective: 0.7932 → 0.7922

最终通用 pass 序列（effective=15 个顶层 pass, raw=15 个 pass, syn_rate(raw)=0.15）:
  module(elim-avail-extern) → module(iroutliner) → function(gvn-hoist) → module(attributor) → module(inferattrs) → module(scc-oz-module-inliner) → function(gvn-hoist) → module(globalopt) → function(gvn-sink) → module(attributor) → module(attributor) → module(scc-oz-module-inliner) → function(loop(loop-simplifycfg)) → function(newgvn) → module(scc-oz-module-inliner)
  search_train_obj=0.8103, search_train_mean=0.8068, search_train_worsen=7.00%, search_train_highvar=0.00%
  validation_obj=0.7922, validation_mean=0.7877, validation_worsen=9.00%, validation_highvar=0.00%
  test_obj=0.7863, test_mean=0.7793, test_worsen=14.00%, test_highvar=0.00%
  raw_sequence (15 passes):
  module(elim-avail-extern) → module(iroutliner) → function(gvn-hoist) → module(attributor) → module(inferattrs) → module(scc-oz-module-inliner) → function(gvn-hoist) → module(globalopt) → function(gvn-sink) → module(attributor) → module(attributor) → module(scc-oz-module-inliner) → loop(loop-simplifycfg) → function(newgvn) → module(scc-oz-module-inliner)
  effective_pipeline: module(elim-avail-extern),module(iroutliner),function(gvn-hoist),module(attributor),module(inferattrs),module(scc-oz-module-inliner),function(gvn-hoist),module(globalopt),function(gvn-sink),module(attributor),module(attributor),module(scc-oz-module-inliner),function(loop(loop-simplifycfg)),function(newgvn),module(scc-oz-module-inliner)

Top-5 最佳序列（按 validation 多目标 objective 升序）:
  #1: validation_obj=0.7932, validation_mean=0.7887, validation_worsen=9.00%, validation_highvar=0.00%, train_obj=0.8096, train_mean=0.8056, train_highvar=0.00%, len=52, syn_rate=0.54, test_obj=0.7863, test_mean=0.7793, test_worsen=14.00%, test_highvar=0.00%
     module(elim-avail-extern) → module(iroutliner) → function(instsimplify) → function(gvn-hoist) → module(attributor) → function(memcpyopt) → function(jump-threading) → module(inferattrs) → module(scc-oz-module-inliner) → function(gvn-hoist) → module(globalopt) → function(gvn-sink) → function(newgvn) → function(gvn-hoist) → module(attributor) → function(memcpyopt) → function(jump-threading) → module(globalopt) → function(newgvn) → function(gvn-sink) → module(globalopt) → module(attributor) → function(dce) → module(globalopt) → function(gvn-sink) → module(iroutliner) → module(elim-avail-extern) → module(scc-oz-module-inliner) → module(elim-avail-extern) → module(iroutliner) → function(instsimplify) → function(gvn-hoist) → module(attributor) → function(memcpyopt) → function(jump-threading) → module(globalopt) → function(loop(loop-simplifycfg)) → function(gvn-sink) → function(newgvn) → function(gvn-sink) → module(globalopt) → module(attributor) → function(dce) → module(iroutliner) → module(elim-avail-extern) → function(loop(loop-simplifycfg)) → function(loop(loop-simplifycfg)) → function(instsimplify) → function(newgvn) → function(jump-threading) → module(inferattrs) → module(scc-oz-module-inliner)
     raw: module(elim-avail-extern) → module(iroutliner) → function(instsimplify) → function(gvn-hoist) → module(attributor) → function(memcpyopt) → function(jump-threading) → module(inferattrs) → module(scc-oz-module-inliner) → function(gvn-hoist) → module(globalopt) → function(gvn-sink) → function(newgvn) → function(gvn-hoist) → module(attributor) → function(memcpyopt) → function(jump-threading) → module(globalopt) → function(newgvn) → function(gvn-sink) → module(globalopt) → module(attributor) → function(dce) → module(globalopt) → function(gvn-sink) → module(iroutliner) → module(elim-avail-extern) → module(scc-oz-module-inliner) → module(elim-avail-extern) → module(iroutliner) → function(instsimplify) → function(gvn-hoist) → module(attributor) → function(memcpyopt) → function(jump-threading) → module(globalopt) → loop(loop-simplifycfg) → function(gvn-sink) → function(newgvn) → function(gvn-sink) → module(globalopt) → module(attributor) → function(dce) → module(iroutliner) → module(elim-avail-extern) → loop(loop-simplifycfg) → loop(loop-simplifycfg) → function(instsimplify) → function(newgvn) → function(jump-threading) → module(inferattrs) → module(scc-oz-module-inliner)
  #2: validation_obj=0.7934, validation_mean=0.7889, validation_worsen=9.00%, validation_highvar=0.00%, train_obj=0.8118, train_mean=0.8078, train_highvar=0.00%, len=35, syn_rate=0.41, test_obj=0.7863, test_mean=0.7793, test_worsen=14.00%, test_highvar=0.00%
     module(elim-avail-extern) → module(iroutliner) → module(elim-avail-extern) → module(elim-avail-extern) → module(inferattrs) → function(instsimplify) → function(gvn-hoist) → module(attributor) → function(memcpyopt) → function(jump-threading) → module(inferattrs) → module(scc-oz-module-inliner) → function(gvn-hoist) → module(scc-oz-module-inliner) → module(globalopt) → function(gvn-sink) → function(newgvn) → function(gvn-hoist) → function(memcpyopt) → function(jump-threading) → module(globalopt) → function(newgvn) → function(gvn-sink) → module(globalopt) → module(attributor) → module(globalopt) → module(attributor) → module(elim-avail-extern) → function(loop(loop-simplifycfg)) → function(loop(loop-simplifycfg)) → function(instsimplify) → function(newgvn) → function(jump-threading) → module(inferattrs) → module(scc-oz-module-inliner)
     raw: module(elim-avail-extern) → module(iroutliner) → module(elim-avail-extern) → module(elim-avail-extern) → module(inferattrs) → function(instsimplify) → function(gvn-hoist) → module(attributor) → function(memcpyopt) → function(jump-threading) → module(inferattrs) → module(scc-oz-module-inliner) → function(gvn-hoist) → module(scc-oz-module-inliner) → module(globalopt) → function(gvn-sink) → function(newgvn) → function(gvn-hoist) → function(memcpyopt) → function(jump-threading) → module(globalopt) → function(newgvn) → function(gvn-sink) → module(globalopt) → module(attributor) → module(globalopt) → module(attributor) → module(elim-avail-extern) → loop(loop-simplifycfg) → loop(loop-simplifycfg) → function(instsimplify) → function(newgvn) → function(jump-threading) → module(inferattrs) → module(scc-oz-module-inliner)
  #3: validation_obj=0.7934, validation_mean=0.7889, validation_worsen=9.00%, validation_highvar=0.00%, train_obj=0.8069, train_mean=0.8029, train_highvar=0.00%, len=49, syn_rate=0.54, test_obj=0.7838, test_mean=0.7768, test_worsen=14.00%, test_highvar=0.00%
     module(elim-avail-extern) → module(iroutliner) → function(instsimplify) → function(gvn-hoist) → module(attributor) → function(memcpyopt) → function(instsimplify) → module(elim-avail-extern) → function(loop(loop-simplifycfg)) → function(gvn-hoist) → module(globalopt) → function(gvn-sink) → function(gvn-sink) → module(globalopt) → module(inferattrs) → module(scc-oz-module-inliner) → function(jump-threading) → module(inferattrs) → module(scc-oz-module-inliner) → function(gvn-hoist) → module(globalopt) → function(gvn-sink) → function(newgvn) → function(gvn-hoist) → module(attributor) → function(memcpyopt) → function(jump-threading) → module(globalopt) → function(newgvn) → function(gvn-sink) → function(dce) → module(iroutliner) → function(dce) → function(loop(loop-simplifycfg)) → function(gvn-sink) → function(newgvn) → function(gvn-hoist) → module(elim-avail-extern) → function(gvn-sink) → module(globalopt) → module(globalopt) → module(elim-avail-extern) → function(instsimplify) → module(globalopt) → module(attributor) → module(elim-avail-extern) → module(iroutliner) → module(elim-avail-extern) → module(scc-oz-module-inliner)
     raw: module(elim-avail-extern) → module(iroutliner) → function(instsimplify) → function(gvn-hoist) → module(attributor) → function(memcpyopt) → function(instsimplify) → module(elim-avail-extern) → loop(loop-simplifycfg) → function(gvn-hoist) → module(globalopt) → function(gvn-sink) → function(gvn-sink) → module(globalopt) → module(inferattrs) → module(scc-oz-module-inliner) → function(jump-threading) → module(inferattrs) → module(scc-oz-module-inliner) → function(gvn-hoist) → module(globalopt) → function(gvn-sink) → function(newgvn) → function(gvn-hoist) → module(attributor) → function(memcpyopt) → function(jump-threading) → module(globalopt) → function(newgvn) → function(gvn-sink) → function(dce) → module(iroutliner) → function(dce) → loop(loop-simplifycfg) → function(gvn-sink) → function(newgvn) → function(gvn-hoist) → module(elim-avail-extern) → function(gvn-sink) → module(globalopt) → module(globalopt) → module(elim-avail-extern) → function(instsimplify) → module(globalopt) → module(attributor) → module(elim-avail-extern) → module(iroutliner) → module(elim-avail-extern) → module(scc-oz-module-inliner)
  #4: validation_obj=0.8004, validation_mean=0.7954, validation_worsen=10.00%, validation_highvar=0.00%, train_obj=0.8114, train_mean=0.8074, train_highvar=0.00%, len=29, syn_rate=0.46, test_obj=0.7863, test_mean=0.7793, test_worsen=14.00%, test_highvar=0.00%
     module(elim-avail-extern) → module(iroutliner) → function(instsimplify) → function(gvn-hoist) → module(attributor) → function(memcpyopt) → function(jump-threading) → module(inferattrs) → module(scc-oz-module-inliner) → function(gvn-hoist) → function(gvn-sink) → function(newgvn) → function(gvn-hoist) → module(attributor) → function(memcpyopt) → function(jump-threading) → module(globalopt) → function(newgvn) → function(gvn-sink) → module(globalopt) → module(attributor) → function(gvn-sink) → module(globalopt) → function(dce) → module(iroutliner) → module(elim-avail-extern) → module(scc-oz-module-inliner) → module(scc-oz-module-inliner) → module(globalopt)
  #5: validation_obj=0.8004, validation_mean=0.7954, validation_worsen=10.00%, validation_highvar=0.00%, train_obj=0.8114, train_mean=0.8074, train_highvar=0.00%, len=38, syn_rate=0.52, test_obj=0.7913, test_mean=0.7843, test_worsen=14.00%, test_highvar=0.00%
     module(elim-avail-extern) → module(iroutliner) → function(instsimplify) → function(gvn-hoist) → module(attributor) → function(memcpyopt) → function(jump-threading) → module(inferattrs) → module(scc-oz-module-inliner) → function(gvn-hoist) → module(globalopt) → function(gvn-sink) → function(newgvn) → function(gvn-sink) → module(globalopt) → module(attributor) → function(dce) → module(elim-avail-extern) → module(scc-oz-module-inliner) → module(elim-avail-extern) → module(iroutliner) → function(instsimplify) → function(gvn-hoist) → module(attributor) → function(memcpyopt) → function(jump-threading) → module(inferattrs) → module(scc-oz-module-inliner) → function(gvn-hoist) → module(globalopt) → function(gvn-sink) → function(newgvn) → function(gvn-sink) → module(globalopt) → module(attributor) → function(dce) → module(elim-avail-extern) → module(scc-oz-module-inliner)

============================================================
所有轮次中最优 validation objective: 0.7922
最优通用 pass 序列 (15 passes):
  module(elim-avail-extern) → module(iroutliner) → function(gvn-hoist) → module(attributor) → module(inferattrs) → module(scc-oz-module-inliner) → function(gvn-hoist) → module(globalopt) → function(gvn-sink) → module(attributor) → module(attributor) → module(scc-oz-module-inliner) → function(loop(loop-simplifycfg)) → function(newgvn) → module(scc-oz-module-inliner)
  search_train_obj=0.8103, search_train_mean=0.8068, search_train_worsen=7.00%, search_train_highvar=0.00%
  validation_obj=0.7922, validation_mean=0.7877, validation_worsen=9.00%, validation_highvar=0.00%
  test_obj=0.7863, test_mean=0.7793, test_worsen=14.00%, test_highvar=0.00%
  raw_sequence (15 passes):
  module(elim-avail-extern) → module(iroutliner) → function(gvn-hoist) → module(attributor) → module(inferattrs) → module(scc-oz-module-inliner) → function(gvn-hoist) → module(globalopt) → function(gvn-sink) → module(attributor) → module(attributor) → module(scc-oz-module-inliner) → loop(loop-simplifycfg) → function(newgvn) → module(scc-oz-module-inliner)
  effective_pipeline: module(elim-avail-extern),module(iroutliner),function(gvn-hoist),module(attributor),module(inferattrs),module(scc-oz-module-inliner),function(gvn-hoist),module(globalopt),function(gvn-sink),module(attributor),module(attributor),module(scc-oz-module-inliner),function(loop(loop-simplifycfg)),function(newgvn),module(scc-oz-module-inliner)

最优轮次 Top-5 序列（含测试集效果，按 validation objective 升序）:
  #1: validation_obj=0.7932, validation_mean=0.7887, validation_worsen=9.00%, validation_highvar=0.00%, train_obj=0.8096, train_mean=0.8056, train_highvar=0.00%, len=52, syn_rate=0.54, test_obj=0.7863, test_mean=0.7793, test_worsen=14.00%, test_highvar=0.00%
     module(elim-avail-extern) → module(iroutliner) → function(instsimplify) → function(gvn-hoist) → module(attributor) → function(memcpyopt) → function(jump-threading) → module(inferattrs) → module(scc-oz-module-inliner) → function(gvn-hoist) → module(globalopt) → function(gvn-sink) → function(newgvn) → function(gvn-hoist) → module(attributor) → function(memcpyopt) → function(jump-threading) → module(globalopt) → function(newgvn) → function(gvn-sink) → module(globalopt) → module(attributor) → function(dce) → module(globalopt) → function(gvn-sink) → module(iroutliner) → module(elim-avail-extern) → module(scc-oz-module-inliner) → module(elim-avail-extern) → module(iroutliner) → function(instsimplify) → function(gvn-hoist) → module(attributor) → function(memcpyopt) → function(jump-threading) → module(globalopt) → function(loop(loop-simplifycfg)) → function(gvn-sink) → function(newgvn) → function(gvn-sink) → module(globalopt) → module(attributor) → function(dce) → module(iroutliner) → module(elim-avail-extern) → function(loop(loop-simplifycfg)) → function(loop(loop-simplifycfg)) → function(instsimplify) → function(newgvn) → function(jump-threading) → module(inferattrs) → module(scc-oz-module-inliner)
     raw: module(elim-avail-extern) → module(iroutliner) → function(instsimplify) → function(gvn-hoist) → module(attributor) → function(memcpyopt) → function(jump-threading) → module(inferattrs) → module(scc-oz-module-inliner) → function(gvn-hoist) → module(globalopt) → function(gvn-sink) → function(newgvn) → function(gvn-hoist) → module(attributor) → function(memcpyopt) → function(jump-threading) → module(globalopt) → function(newgvn) → function(gvn-sink) → module(globalopt) → module(attributor) → function(dce) → module(globalopt) → function(gvn-sink) → module(iroutliner) → module(elim-avail-extern) → module(scc-oz-module-inliner) → module(elim-avail-extern) → module(iroutliner) → function(instsimplify) → function(gvn-hoist) → module(attributor) → function(memcpyopt) → function(jump-threading) → module(globalopt) → loop(loop-simplifycfg) → function(gvn-sink) → function(newgvn) → function(gvn-sink) → module(globalopt) → module(attributor) → function(dce) → module(iroutliner) → module(elim-avail-extern) → loop(loop-simplifycfg) → loop(loop-simplifycfg) → function(instsimplify) → function(newgvn) → function(jump-threading) → module(inferattrs) → module(scc-oz-module-inliner)
  #2: validation_obj=0.7934, validation_mean=0.7889, validation_worsen=9.00%, validation_highvar=0.00%, train_obj=0.8118, train_mean=0.8078, train_highvar=0.00%, len=35, syn_rate=0.41, test_obj=0.7863, test_mean=0.7793, test_worsen=14.00%, test_highvar=0.00%
     module(elim-avail-extern) → module(iroutliner) → module(elim-avail-extern) → module(elim-avail-extern) → module(inferattrs) → function(instsimplify) → function(gvn-hoist) → module(attributor) → function(memcpyopt) → function(jump-threading) → module(inferattrs) → module(scc-oz-module-inliner) → function(gvn-hoist) → module(scc-oz-module-inliner) → module(globalopt) → function(gvn-sink) → function(newgvn) → function(gvn-hoist) → function(memcpyopt) → function(jump-threading) → module(globalopt) → function(newgvn) → function(gvn-sink) → module(globalopt) → module(attributor) → module(globalopt) → module(attributor) → module(elim-avail-extern) → function(loop(loop-simplifycfg)) → function(loop(loop-simplifycfg)) → function(instsimplify) → function(newgvn) → function(jump-threading) → module(inferattrs) → module(scc-oz-module-inliner)
     raw: module(elim-avail-extern) → module(iroutliner) → module(elim-avail-extern) → module(elim-avail-extern) → module(inferattrs) → function(instsimplify) → function(gvn-hoist) → module(attributor) → function(memcpyopt) → function(jump-threading) → module(inferattrs) → module(scc-oz-module-inliner) → function(gvn-hoist) → module(scc-oz-module-inliner) → module(globalopt) → function(gvn-sink) → function(newgvn) → function(gvn-hoist) → function(memcpyopt) → function(jump-threading) → module(globalopt) → function(newgvn) → function(gvn-sink) → module(globalopt) → module(attributor) → module(globalopt) → module(attributor) → module(elim-avail-extern) → loop(loop-simplifycfg) → loop(loop-simplifycfg) → function(instsimplify) → function(newgvn) → function(jump-threading) → module(inferattrs) → module(scc-oz-module-inliner)
  #3: validation_obj=0.7934, validation_mean=0.7889, validation_worsen=9.00%, validation_highvar=0.00%, train_obj=0.8069, train_mean=0.8029, train_highvar=0.00%, len=49, syn_rate=0.54, test_obj=0.7838, test_mean=0.7768, test_worsen=14.00%, test_highvar=0.00%
     module(elim-avail-extern) → module(iroutliner) → function(instsimplify) → function(gvn-hoist) → module(attributor) → function(memcpyopt) → function(instsimplify) → module(elim-avail-extern) → function(loop(loop-simplifycfg)) → function(gvn-hoist) → module(globalopt) → function(gvn-sink) → function(gvn-sink) → module(globalopt) → module(inferattrs) → module(scc-oz-module-inliner) → function(jump-threading) → module(inferattrs) → module(scc-oz-module-inliner) → function(gvn-hoist) → module(globalopt) → function(gvn-sink) → function(newgvn) → function(gvn-hoist) → module(attributor) → function(memcpyopt) → function(jump-threading) → module(globalopt) → function(newgvn) → function(gvn-sink) → function(dce) → module(iroutliner) → function(dce) → function(loop(loop-simplifycfg)) → function(gvn-sink) → function(newgvn) → function(gvn-hoist) → module(elim-avail-extern) → function(gvn-sink) → module(globalopt) → module(globalopt) → module(elim-avail-extern) → function(instsimplify) → module(globalopt) → module(attributor) → module(elim-avail-extern) → module(iroutliner) → module(elim-avail-extern) → module(scc-oz-module-inliner)
     raw: module(elim-avail-extern) → module(iroutliner) → function(instsimplify) → function(gvn-hoist) → module(attributor) → function(memcpyopt) → function(instsimplify) → module(elim-avail-extern) → loop(loop-simplifycfg) → function(gvn-hoist) → module(globalopt) → function(gvn-sink) → function(gvn-sink) → module(globalopt) → module(inferattrs) → module(scc-oz-module-inliner) → function(jump-threading) → module(inferattrs) → module(scc-oz-module-inliner) → function(gvn-hoist) → module(globalopt) → function(gvn-sink) → function(newgvn) → function(gvn-hoist) → module(attributor) → function(memcpyopt) → function(jump-threading) → module(globalopt) → function(newgvn) → function(gvn-sink) → function(dce) → module(iroutliner) → function(dce) → loop(loop-simplifycfg) → function(gvn-sink) → function(newgvn) → function(gvn-hoist) → module(elim-avail-extern) → function(gvn-sink) → module(globalopt) → module(globalopt) → module(elim-avail-extern) → function(instsimplify) → module(globalopt) → module(attributor) → module(elim-avail-extern) → module(iroutliner) → module(elim-avail-extern) → module(scc-oz-module-inliner)
  #4: validation_obj=0.8004, validation_mean=0.7954, validation_worsen=10.00%, validation_highvar=0.00%, train_obj=0.8114, train_mean=0.8074, train_highvar=0.00%, len=29, syn_rate=0.46, test_obj=0.7863, test_mean=0.7793, test_worsen=14.00%, test_highvar=0.00%
     module(elim-avail-extern) → module(iroutliner) → function(instsimplify) → function(gvn-hoist) → module(attributor) → function(memcpyopt) → function(jump-threading) → module(inferattrs) → module(scc-oz-module-inliner) → function(gvn-hoist) → function(gvn-sink) → function(newgvn) → function(gvn-hoist) → module(attributor) → function(memcpyopt) → function(jump-threading) → module(globalopt) → function(newgvn) → function(gvn-sink) → module(globalopt) → module(attributor) → function(gvn-sink) → module(globalopt) → function(dce) → module(iroutliner) → module(elim-avail-extern) → module(scc-oz-module-inliner) → module(scc-oz-module-inliner) → module(globalopt)
  #5: validation_obj=0.8004, validation_mean=0.7954, validation_worsen=10.00%, validation_highvar=0.00%, train_obj=0.8114, train_mean=0.8074, train_highvar=0.00%, len=38, syn_rate=0.52, test_obj=0.7913, test_mean=0.7843, test_worsen=14.00%, test_highvar=0.00%
     module(elim-avail-extern) → module(iroutliner) → function(instsimplify) → function(gvn-hoist) → module(attributor) → function(memcpyopt) → function(jump-threading) → module(inferattrs) → module(scc-oz-module-inliner) → function(gvn-hoist) → module(globalopt) → function(gvn-sink) → function(newgvn) → function(gvn-sink) → module(globalopt) → module(attributor) → function(dce) → module(elim-avail-extern) → module(scc-oz-module-inliner) → module(elim-avail-extern) → module(iroutliner) → function(instsimplify) → function(gvn-hoist) → module(attributor) → function(memcpyopt) → function(jump-threading) → module(inferattrs) → module(scc-oz-module-inliner) → function(gvn-hoist) → module(globalopt) → function(gvn-sink) → function(newgvn) → function(gvn-sink) → module(globalopt) → module(attributor) → function(dce) → module(elim-avail-extern) → module(scc-oz-module-inliner)
binarysize_test: vs_none=0.995 (+0.5%)  vs_oz=1.000 (+0.0%)  vs_o3=0.981 (+1.9%) [metric=stripped_file_bytes]
binarysize_test[text_bytes]: vs_none=0.903 (+9.7%)  vs_oz=0.923 (+7.7%)  vs_o3=0.799 (+20.1%)
binarysize_test[data_bytes]: vs_none=0.986 (+1.4%)  vs_oz=0.994 (+0.6%)  vs_o3=0.988 (+1.2%)
binarysize_test[bss_bytes]: vs_none=1.000 (+0.0%)  vs_oz=1.000 (+0.0%)  vs_o3=1.000 (+0.0%)
binarysize_test[dec_bytes]: vs_none=0.918 (+8.2%)  vs_oz=0.940 (+6.0%)  vs_o3=0.843 (+15.7%)

最优轮次 Top-5 binarysize_test 序列面板（primary=stripped_file_bytes）:
  #1: len=52, syn_rate=0.54
     stripped_file_bytes: obj=1.0036, mean=0.9996, worsen=8.00%, vs_none=0.995 (+0.5%)  vs_oz=1.000 (+0.0%)  vs_o3=0.981 (+1.9%)
     text_bytes: obj=0.9362, mean=0.9232, worsen=26.00%, vs_none=0.903 (+9.7%)  vs_oz=0.923 (+7.7%)  vs_o3=0.799 (+20.1%)
     data_bytes: obj=0.9978, mean=0.9938, worsen=8.00%, vs_none=0.986 (+1.4%)  vs_oz=0.994 (+0.6%)  vs_o3=0.988 (+1.2%)
     bss_bytes: obj=1.0000, mean=1.0000, worsen=0.00%, vs_none=1.000 (+0.0%)  vs_oz=1.000 (+0.0%)  vs_o3=1.000 (+0.0%)
     dec_bytes: obj=0.9528, mean=0.9398, worsen=26.00%, vs_none=0.918 (+8.2%)  vs_oz=0.940 (+6.0%)  vs_o3=0.844 (+15.6%)
  #2: len=35, syn_rate=0.41
     stripped_file_bytes: obj=1.0036, mean=0.9996, worsen=8.00%, vs_none=0.995 (+0.5%)  vs_oz=1.000 (+0.0%)  vs_o3=0.981 (+1.9%)
     text_bytes: obj=0.9362, mean=0.9232, worsen=26.00%, vs_none=0.904 (+9.6%)  vs_oz=0.923 (+7.7%)  vs_o3=0.799 (+20.1%)
     data_bytes: obj=0.9978, mean=0.9938, worsen=8.00%, vs_none=0.986 (+1.4%)  vs_oz=0.994 (+0.6%)  vs_o3=0.988 (+1.2%)
     bss_bytes: obj=1.0000, mean=1.0000, worsen=0.00%, vs_none=1.000 (+0.0%)  vs_oz=1.000 (+0.0%)  vs_o3=1.000 (+0.0%)
     dec_bytes: obj=0.9528, mean=0.9398, worsen=26.00%, vs_none=0.918 (+8.2%)  vs_oz=0.940 (+6.0%)  vs_o3=0.844 (+15.6%)
  #3: len=49, syn_rate=0.54
     stripped_file_bytes: obj=1.0036, mean=0.9996, worsen=8.00%, vs_none=0.995 (+0.5%)  vs_oz=1.000 (+0.0%)  vs_o3=0.981 (+1.9%)
     text_bytes: obj=0.9357, mean=0.9227, worsen=26.00%, vs_none=0.903 (+9.7%)  vs_oz=0.923 (+7.7%)  vs_o3=0.799 (+20.1%)
     data_bytes: obj=0.9978, mean=0.9938, worsen=8.00%, vs_none=0.986 (+1.4%)  vs_oz=0.994 (+0.6%)  vs_o3=0.988 (+1.2%)
     bss_bytes: obj=1.0000, mean=1.0000, worsen=0.00%, vs_none=1.000 (+0.0%)  vs_oz=1.000 (+0.0%)  vs_o3=1.000 (+0.0%)
     dec_bytes: obj=0.9524, mean=0.9394, worsen=26.00%, vs_none=0.918 (+8.2%)  vs_oz=0.939 (+6.1%)  vs_o3=0.843 (+15.7%)
  #4: len=29, syn_rate=0.46
     stripped_file_bytes: obj=1.0036, mean=0.9996, worsen=8.00%, vs_none=0.995 (+0.5%)  vs_oz=1.000 (+0.0%)  vs_o3=0.981 (+1.9%)
     text_bytes: obj=0.9362, mean=0.9232, worsen=26.00%, vs_none=0.903 (+9.7%)  vs_oz=0.923 (+7.7%)  vs_o3=0.799 (+20.1%)
     data_bytes: obj=0.9978, mean=0.9938, worsen=8.00%, vs_none=0.986 (+1.4%)  vs_oz=0.994 (+0.6%)  vs_o3=0.988 (+1.2%)
     bss_bytes: obj=1.0000, mean=1.0000, worsen=0.00%, vs_none=1.000 (+0.0%)  vs_oz=1.000 (+0.0%)  vs_o3=1.000 (+0.0%)
     dec_bytes: obj=0.9528, mean=0.9398, worsen=26.00%, vs_none=0.918 (+8.2%)  vs_oz=0.940 (+6.0%)  vs_o3=0.844 (+15.6%)
  #5: len=38, syn_rate=0.52
     stripped_file_bytes: obj=1.0036, mean=0.9996, worsen=8.00%, vs_none=0.995 (+0.5%)  vs_oz=1.000 (+0.0%)  vs_o3=0.981 (+1.9%)
     text_bytes: obj=0.9376, mean=0.9246, worsen=26.00%, vs_none=0.905 (+9.5%)  vs_oz=0.925 (+7.5%)  vs_o3=0.800 (+20.0%)
     data_bytes: obj=0.9978, mean=0.9938, worsen=8.00%, vs_none=0.986 (+1.4%)  vs_oz=0.994 (+0.6%)  vs_o3=0.988 (+1.2%)
     bss_bytes: obj=1.0000, mean=1.0000, worsen=0.00%, vs_none=1.000 (+0.0%)  vs_oz=1.000 (+0.0%)  vs_o3=1.000 (+0.0%)
     dec_bytes: obj=0.9539, mean=0.9409, worsen=26.00%, vs_none=0.919 (+8.1%)  vs_oz=0.941 (+5.9%)  vs_o3=0.845 (+15.5%)
核心调优成本已写入: /root/exp/RFunipassLab/results/instrcount/summaries/20260507_223903_628314_feature_lite_seed456_core_tuning_cost.json
结果已写入: /root/exp/RFunipassLab/results/instrcount/summaries/20260507_223903_628314_feature_lite_seed456.json
总运行时间: 2494.31 秒
