# run_id: 20260505_041238_090656_feature_lite_seed458
# name: feature_lite
# group: feature_ablation
# description: 切换到 Lite 特征编码，保留其余搜索流程不变。
# changed: FEATURE_MODE=lite, GA_GEN=5, GA_POP=200, ITERS=100, MAX_SEQ_LEN=120, MIN_VAL_PROGRAMS=5, SEED_TOPK=0, TEST_TOPK=50, TRAIN_TOPK=200, VAL_RATIO=0.5
# result_json: /root/exp/RFunipassLab/results/instrcount/summaries/20260505_041238_090656_feature_lite_seed458.json
# started_at: 2026-05-05T04:12:38
# control_env:
#   BACKEND_OPT_LEVEL=-O0
#   BINARY_SIZE_METRIC=stripped_file_bytes
#   BINARY_SIZE_REPORT_METRICS=text_bytes,data_bytes,bss_bytes,dec_bytes
#   DECAY=0.5
#   EXPERIMENT_SEED=458
#   FEATURE_MODE=lite
#   GA_ELITE=0.1
#   GA_GEN=5
#   GA_MUT=0.8
#   GA_POP=200
#   GA_TOUR=3
#   ITERS=100
#   LOOP_NESTING_POLICY=wrap
#   MAX_SEQ_LEN=120
#   MIN_VAL_PROGRAMS=5
#   OBJECTIVE_BASELINE=oz
#   OBJECTIVE_KIND=instrcount
#   OBJ_HIGHVAR_W=0.0
#   OBJ_WORSEN_W=0.15
#   OFFSET=20
#   PROGRAM_POOL_KIND=auto
#   RF_EXPLAIN_COUNTERFACTUAL_ENABLE=1
#   RF_EXPLAIN_COUNTERFACTUAL_MAX_EVALS=20
#   RF_EXPLAIN_COUNTERFACTUAL_SPLIT=selection
#   RF_EXPLAIN_COUNTERFACTUAL_TOPK=5
#   RF_EXPLAIN_ENABLE=1
#   RF_EXPLAIN_HOLDOUT_RATIO=0.3
#   RF_EXPLAIN_MIN_SAMPLES=20
#   RF_EXPLAIN_MODE=final
#   RF_EXPLAIN_PERM_REPEATS=10
#   RF_EXPLAIN_TOPK=20
#   RNUM=256
#   RUNS=1
#   RUNTIME_EVAL_MAX_VARIANCE_PCT=15.0
#   RUNTIME_MAX_INNER_REPEATS=64
#   RUNTIME_MAX_VARIANCE_PCT=10.0
#   RUNTIME_REQUIRED_ROWS=0
#   RUNTIME_SAMPLES=5
#   RUNTIME_TARGET_SAMPLE_MS=30.0
#   RUNTIME_TIMEOUT_SEC=2.0
#   SCALE=10
#   SEED_TOPK=0
#   SPLIT_SEED=458
#   TEST_TOPK=50
#   TRAIN_TOPK=200
#   VAL_RATIO=0.5

Loading train/test rows from: /root/exp/RFunipassLab/data/tuning_results.csv
Loaded train programs:       200
Loaded initial seed seqs:    79
Loaded test programs:        50
Objective kind:              instrcount
Program pool kind:           tuning

Loading synergy graph from: /root/exp/RFunipassLab/data/Step3_EnumeratedPairs.csv
All passes (19): ['module(elim-avail-extern)', 'function(mem2reg)', 'function(instsimplify)', 'module(iroutliner)', 'function(reassociate)', 'function(memcpyopt)', 'function(gvn-hoist)', 'function(dce)', 'function(jump-threading)', 'module(globalopt)', 'module(attributor)', 'cgscc(attributor-cgscc)', 'function(gvn-sink)', 'module(scc-oz-module-inliner)', 'function(dse)', 'function(newgvn)', 'module(inferattrs)', 'loop(loop-simplifycfg)', 'function(lower-switch)']
Synergy edges: 176
Self-loop passes: {'function(newgvn)', 'module(attributor)', 'cgscc(attributor-cgscc)'}

============================================================
实验轮次 1 / 1
============================================================
============================================================
目标类型:      instrcount
目标基准:      -Oz
基准指标:      -Oz 基准指令数
优化指标:      归一化指令数
输入程序数:    200
输入次优序列数: 79
测试程序数:    50
Pass 词表大小: 19
协同边数:      176
自环 pass 数:  3
序列长度上限:  120
Loop 合法化策略: wrap
实验种子:      458
划分种子:      458
特征模式:      lite
RF 特征维度:   31
词表: ['module(elim-avail-extern)', 'function(mem2reg)', 'function(instsimplify)', 'module(iroutliner)', 'function(reassociate)', 'function(memcpyopt)', 'function(gvn-hoist)', 'function(dce)', 'function(jump-threading)', 'module(globalopt)', 'module(attributor)', 'cgscc(attributor-cgscc)', 'function(gvn-sink)', 'module(scc-oz-module-inliner)', 'function(dse)', 'function(newgvn)', 'module(inferattrs)', 'loop(loop-simplifycfg)', 'function(lower-switch)']
多目标权重:    mean=1.0, worsen=0.15, highvar=0.0

[Step 1.5] 训练程序切分...
  search_train 程序数: 100
  validation 程序数:   100
  split_signature(search_train): 8c651010a3ff27fec9f7e5d5efa9cee41062e869
  split_signature(validation):   dd8f07df3ff69242e6dacb9d6936f2a026580e81
  split_signature(test):         a482a9715f2cdbf9817e6c112cc95b7aa635e4fb

[Step 2] 计算 search_train 程序 -Oz 基准指令数...
[Step 2b] 计算 validation 程序 -Oz 基准指令数...
[Step 2c] 计算测试集程序 -Oz 基准指令数...

[Step 3] 评估初始 seed 序列（共 79 条）...

[Step 4] 开始贝叶斯优化（100 轮）...
GA search time: 11.51s, candidates: 383
  [iter   1/100] search_obj=1.1010  search_best=0.7978  validation_best=0.7972  EI=0.0254  rnum=183.2  len=54  syn_rate=0.60  mean=1.0035  worsen=65.00%  highvar=0.00%
GA search time: 9.25s, candidates: 381
  [iter   2/100] search_obj=1.1525  search_best=0.7978  validation_best=0.7972  EI=0.0170  rnum=181.1  len=18  syn_rate=0.36  mean=1.0835  worsen=46.00%  highvar=0.00%
GA search time: 14.32s, candidates: 379
  [iter   3/100] search_obj=0.9618  search_best=0.7978  validation_best=0.7972  EI=0.0120  rnum=179.0  len=27  syn_rate=0.50  mean=0.9438  worsen=12.00%  highvar=0.00%
GA search time: 5.41s, candidates: 376
  [iter   4/100] search_obj=0.9702  search_best=0.7978  validation_best=0.7972  EI=0.0087  rnum=176.9  len=17  syn_rate=0.36  mean=0.9492  worsen=14.00%  highvar=0.00%
GA search time: 7.99s, candidates: 374
  [iter   5/100] search_obj=1.1535  search_best=0.7978  validation_best=0.7972  EI=0.0079  rnum=174.8  len=9  syn_rate=0.09  mean=1.0875  worsen=44.00%  highvar=0.00%
GA search time: 3.87s, candidates: 372
  [iter   6/100] search_obj=1.1752  search_best=0.7978  validation_best=0.7972  EI=0.0082  rnum=172.7  len=29  syn_rate=0.22  mean=1.0612  worsen=76.00%  highvar=0.00%
GA search time: 8.70s, candidates: 370
  [iter   7/100] search_obj=0.9334  search_best=0.7978  validation_best=0.7972  EI=0.0144  rnum=170.6  len=44  syn_rate=0.59  mean=0.9019  worsen=21.00%  highvar=0.00%
GA search time: 6.94s, candidates: 368
  [iter   8/100] search_obj=0.9700  search_best=0.7978  validation_best=0.7972  EI=0.0100  rnum=168.4  len=17  syn_rate=0.24  mean=0.9520  worsen=12.00%  highvar=0.00%
GA search time: 4.30s, candidates: 366
  [iter   9/100] search_obj=1.0480  search_best=0.7978  validation_best=0.7972  EI=0.0082  rnum=166.3  len=35  syn_rate=0.30  mean=0.9760  worsen=48.00%  highvar=0.00%
GA search time: 9.91s, candidates: 364
  [iter  10/100] search_obj=1.4885  search_best=0.7978  validation_best=0.7972  EI=0.0071  rnum=164.2  len=20  syn_rate=0.33  mean=1.3460  worsen=95.00%  highvar=0.00%
GA search time: 13.80s, candidates: 362
  [iter  11/100] search_obj=1.0428  search_best=0.7978  validation_best=0.7972  EI=0.0194  rnum=162.0  len=35  syn_rate=0.59  mean=0.9513  worsen=61.00%  highvar=0.00%
GA search time: 4.50s, candidates: 359
  [iter  12/100] search_obj=1.0635  search_best=0.7978  validation_best=0.7972  EI=0.0078  rnum=159.9  len=22  syn_rate=0.57  mean=0.9975  worsen=44.00%  highvar=0.00%
GA search time: 1.78s, candidates: 357
  [iter  13/100] search_obj=0.9625  search_best=0.7978  validation_best=0.7972  EI=0.0094  rnum=157.7  len=14  syn_rate=0.30  mean=0.9340  worsen=19.00%  highvar=0.00%
GA search time: 3.18s, candidates: 355
  [iter  14/100] search_obj=1.0204  search_best=0.7978  validation_best=0.7972  EI=0.0085  rnum=155.6  len=21  syn_rate=0.35  mean=0.9889  worsen=21.00%  highvar=0.00%
GA search time: 6.95s, candidates: 353
  [iter  15/100] search_obj=1.0266  search_best=0.7978  validation_best=0.7972  EI=0.0069  rnum=153.4  len=15  syn_rate=0.34  mean=0.9966  worsen=20.00%  highvar=0.00%
GA search time: 6.81s, candidates: 351
  [iter  16/100] search_obj=0.9316  search_best=0.7978  validation_best=0.7972  EI=0.0074  rnum=151.3  len=14  syn_rate=0.34  mean=0.9031  worsen=19.00%  highvar=0.00%
GA search time: 7.62s, candidates: 349
  [iter  17/100] search_obj=0.7902  search_best=0.7902  validation_best=0.7965  EI=0.0089  rnum=149.1  len=50  syn_rate=0.56  mean=0.7752  worsen=10.00%  highvar=0.00%
GA search time: 14.77s, candidates: 346
  [iter  18/100] search_obj=0.9452  search_best=0.7902  validation_best=0.7965  EI=0.0191  rnum=147.0  len=98  syn_rate=0.75  mean=0.9122  worsen=22.00%  highvar=0.00%
GA search time: 14.18s, candidates: 344
  [iter  19/100] search_obj=0.7902  search_best=0.7902  validation_best=0.7965  EI=0.0116  rnum=144.8  len=50  syn_rate=0.56  mean=0.7752  worsen=10.00%  highvar=0.00%
GA search time: 16.84s, candidates: 342
  [iter  20/100] search_obj=1.0283  search_best=0.7902  validation_best=0.7965  EI=0.0149  rnum=142.7  len=120  syn_rate=0.65  mean=0.9968  worsen=21.00%  highvar=0.00%
GA search time: 14.04s, candidates: 340
  [iter  21/100] search_obj=0.7915  search_best=0.7902  validation_best=0.7965  EI=0.0143  rnum=140.5  len=54  syn_rate=0.56  mean=0.7765  worsen=10.00%  highvar=0.00%
GA search time: 8.85s, candidates: 338
  [iter  22/100] search_obj=0.7902  search_best=0.7902  validation_best=0.7965  EI=0.0181  rnum=138.4  len=52  syn_rate=0.56  mean=0.7752  worsen=10.00%  highvar=0.00%
GA search time: 9.62s, candidates: 336
  [iter  23/100] search_obj=0.8220  search_best=0.7902  validation_best=0.7965  EI=0.0177  rnum=136.3  len=43  syn_rate=0.61  mean=0.8055  worsen=11.00%  highvar=0.00%
GA search time: 14.80s, candidates: 334
  [iter  24/100] search_obj=0.8220  search_best=0.7902  validation_best=0.7965  EI=0.0224  rnum=134.2  len=50  syn_rate=0.62  mean=0.8055  worsen=11.00%  highvar=0.00%
GA search time: 9.81s, candidates: 332
  [iter  25/100] search_obj=1.0638  search_best=0.7902  validation_best=0.7965  EI=0.0179  rnum=132.1  len=55  syn_rate=0.44  mean=0.9948  worsen=46.00%  highvar=0.00%
GA search time: 12.50s, candidates: 329
  [iter  26/100] search_obj=0.7967  search_best=0.7902  validation_best=0.7965  EI=0.0167  rnum=130.0  len=58  syn_rate=0.57  mean=0.7772  worsen=13.00%  highvar=0.00%
GA search time: 13.34s, candidates: 327
  [iter  27/100] search_obj=0.8285  search_best=0.7902  validation_best=0.7965  EI=0.0201  rnum=127.9  len=62  syn_rate=0.62  mean=0.8075  worsen=14.00%  highvar=0.00%
GA search time: 11.03s, candidates: 325
  [iter  28/100] search_obj=0.9588  search_best=0.7902  validation_best=0.7965  EI=0.0174  rnum=125.8  len=59  syn_rate=0.44  mean=0.9183  worsen=27.00%  highvar=0.00%
GA search time: 7.38s, candidates: 323
  [iter  29/100] search_obj=0.9748  search_best=0.7902  validation_best=0.7965  EI=0.0163  rnum=123.7  len=91  syn_rate=0.57  mean=0.9508  worsen=16.00%  highvar=0.00%
GA search time: 6.44s, candidates: 321
  [iter  30/100] search_obj=0.8412  search_best=0.7902  validation_best=0.7965  EI=0.0145  rnum=121.6  len=55  syn_rate=0.57  mean=0.8232  worsen=12.00%  highvar=0.00%
GA search time: 5.69s, candidates: 319
  [iter  31/100] search_obj=0.9740  search_best=0.7902  validation_best=0.7965  EI=0.0137  rnum=119.6  len=44  syn_rate=0.55  mean=0.9530  worsen=14.00%  highvar=0.00%
GA search time: 10.47s, candidates: 317
  [iter  32/100] search_obj=0.7813  search_best=0.7813  validation_best=0.7965  EI=0.0135  rnum=117.5  len=57  syn_rate=0.56  mean=0.7603  worsen=14.00%  highvar=0.00%
GA search time: 9.16s, candidates: 315
  [iter  33/100] search_obj=0.7633  search_best=0.7633  validation_best=0.7965  EI=0.0114  rnum=115.5  len=67  syn_rate=0.57  mean=0.7438  worsen=13.00%  highvar=0.00%
GA search time: 10.90s, candidates: 313
  [iter  34/100] search_obj=0.7633  search_best=0.7633  validation_best=0.7965  EI=0.0159  rnum=113.5  len=71  syn_rate=0.57  mean=0.7438  worsen=13.00%  highvar=0.00%
GA search time: 12.31s, candidates: 311
  [iter  35/100] search_obj=1.0267  search_best=0.7633  validation_best=0.7965  EI=0.0174  rnum=111.5  len=77  syn_rate=0.41  mean=0.9907  worsen=24.00%  highvar=0.00%
GA search time: 13.06s, candidates: 309
  [iter  36/100] search_obj=1.0243  search_best=0.7633  validation_best=0.7965  EI=0.0169  rnum=109.5  len=62  syn_rate=0.66  mean=0.9883  worsen=24.00%  highvar=0.00%
GA search time: 10.16s, candidates: 307
  [iter  37/100] search_obj=0.8727  search_best=0.7633  validation_best=0.7965  EI=0.0229  rnum=107.6  len=57  syn_rate=0.56  mean=0.8547  worsen=12.00%  highvar=0.00%
GA search time: 9.93s, candidates: 305
  [iter  38/100] search_obj=0.7633  search_best=0.7633  validation_best=0.7965  EI=0.0181  rnum=105.6  len=72  syn_rate=0.57  mean=0.7438  worsen=13.00%  highvar=0.00%
GA search time: 10.96s, candidates: 303
  [iter  39/100] search_obj=0.7633  search_best=0.7633  validation_best=0.7965  EI=0.0186  rnum=103.7  len=75  syn_rate=0.57  mean=0.7438  worsen=13.00%  highvar=0.00%
GA search time: 7.90s, candidates: 301
  [iter  40/100] search_obj=0.7633  search_best=0.7633  validation_best=0.7965  EI=0.0199  rnum=101.7  len=79  syn_rate=0.57  mean=0.7438  worsen=13.00%  highvar=0.00%
GA search time: 13.80s, candidates: 299
  [iter  41/100] search_obj=0.7633  search_best=0.7633  validation_best=0.7965  EI=0.0203  rnum=99.8  len=81  syn_rate=0.57  mean=0.7438  worsen=13.00%  highvar=0.00%
GA search time: 15.79s, candidates: 297
  [iter  42/100] search_obj=0.7633  search_best=0.7633  validation_best=0.7965  EI=0.0188  rnum=97.9  len=65  syn_rate=0.56  mean=0.7438  worsen=13.00%  highvar=0.00%
GA search time: 13.51s, candidates: 296
  [iter  43/100] search_obj=0.9306  search_best=0.7633  validation_best=0.7965  EI=0.0174  rnum=96.1  len=94  syn_rate=0.56  mean=0.8991  worsen=21.00%  highvar=0.00%
GA search time: 13.04s, candidates: 294
  [iter  44/100] search_obj=0.7629  search_best=0.7629  validation_best=0.7965  EI=0.0155  rnum=94.2  len=71  syn_rate=0.56  mean=0.7434  worsen=13.00%  highvar=0.00%
GA search time: 12.91s, candidates: 292
  [iter  45/100] search_obj=0.7554  search_best=0.7554  validation_best=0.7965  EI=0.0170  rnum=92.4  len=74  syn_rate=0.57  mean=0.7419  worsen=9.00%  highvar=0.00%
GA search time: 11.92s, candidates: 290
  [iter  46/100] search_obj=0.7629  search_best=0.7554  validation_best=0.7965  EI=0.0140  rnum=90.5  len=80  syn_rate=0.57  mean=0.7434  worsen=13.00%  highvar=0.00%
GA search time: 11.51s, candidates: 288
  [iter  47/100] search_obj=1.0222  search_best=0.7554  validation_best=0.7965  EI=0.0219  rnum=88.7  len=69  syn_rate=0.68  mean=0.9877  worsen=23.00%  highvar=0.00%
GA search time: 11.48s, candidates: 286
  [iter  48/100] search_obj=0.7554  search_best=0.7554  validation_best=0.7965  EI=0.0178  rnum=87.0  len=76  syn_rate=0.57  mean=0.7419  worsen=9.00%  highvar=0.00%
GA search time: 13.21s, candidates: 285
  [iter  49/100] search_obj=0.9360  search_best=0.7554  validation_best=0.7965  EI=0.0162  rnum=85.2  len=60  syn_rate=0.57  mean=0.9030  worsen=22.00%  highvar=0.00%
GA search time: 14.27s, candidates: 283
  [iter  50/100] search_obj=0.7629  search_best=0.7554  validation_best=0.7965  EI=0.0159  rnum=83.5  len=82  syn_rate=0.62  mean=0.7434  worsen=13.00%  highvar=0.00%
GA search time: 11.48s, candidates: 281
  [iter  51/100] search_obj=0.7554  search_best=0.7554  validation_best=0.7965  EI=0.0185  rnum=81.7  len=86  syn_rate=0.63  mean=0.7419  worsen=9.00%  highvar=0.00%
GA search time: 12.80s, candidates: 280
  [iter  52/100] search_obj=1.2924  search_best=0.7554  validation_best=0.7965  EI=0.0193  rnum=80.0  len=50  syn_rate=0.43  mean=1.1784  worsen=76.00%  highvar=0.00%
GA search time: 12.23s, candidates: 278
  [iter  53/100] search_obj=0.7633  search_best=0.7554  validation_best=0.7965  EI=0.0195  rnum=78.4  len=75  syn_rate=0.63  mean=0.7438  worsen=13.00%  highvar=0.00%
GA search time: 14.32s, candidates: 276
  [iter  54/100] search_obj=0.7634  search_best=0.7554  validation_best=0.7965  EI=0.0173  rnum=76.7  len=80  syn_rate=0.64  mean=0.7439  worsen=13.00%  highvar=0.00%
GA search time: 15.07s, candidates: 275
  [iter  55/100] search_obj=0.7554  search_best=0.7554  validation_best=0.7965  EI=0.0174  rnum=75.1  len=87  syn_rate=0.63  mean=0.7419  worsen=9.00%  highvar=0.00%
GA search time: 14.02s, candidates: 273
  [iter  56/100] search_obj=0.7066  search_best=0.7066  validation_best=0.7409  EI=0.0151  rnum=73.4  len=80  syn_rate=0.59  mean=0.7006  worsen=4.00%  highvar=0.00%
GA search time: 16.61s, candidates: 271
  [iter  57/100] search_obj=0.7038  search_best=0.7038  validation_best=0.7360  EI=0.0143  rnum=71.8  len=80  syn_rate=0.59  mean=0.6978  worsen=4.00%  highvar=0.00%
GA search time: 17.33s, candidates: 270
  [iter  58/100] search_obj=0.7066  search_best=0.7038  validation_best=0.7360  EI=0.0157  rnum=70.3  len=84  syn_rate=0.59  mean=0.7006  worsen=4.00%  highvar=0.00%
GA search time: 17.46s, candidates: 268
  [iter  59/100] search_obj=0.7066  search_best=0.7038  validation_best=0.7360  EI=0.0156  rnum=68.7  len=86  syn_rate=0.59  mean=0.7006  worsen=4.00%  highvar=0.00%
GA search time: 16.14s, candidates: 267
  [iter  60/100] search_obj=0.7066  search_best=0.7038  validation_best=0.7360  EI=0.0191  rnum=67.2  len=90  syn_rate=0.59  mean=0.7006  worsen=4.00%  highvar=0.00%
GA search time: 18.84s, candidates: 265
  [iter  61/100] search_obj=0.7391  search_best=0.7038  validation_best=0.7360  EI=0.0170  rnum=65.7  len=120  syn_rate=0.58  mean=0.7286  worsen=7.00%  highvar=0.00%
GA search time: 16.87s, candidates: 264
  [iter  62/100] search_obj=0.9606  search_best=0.7038  validation_best=0.7360  EI=0.0176  rnum=64.2  len=82  syn_rate=0.59  mean=0.9411  worsen=13.00%  highvar=0.00%
GA search time: 16.44s, candidates: 262
  [iter  63/100] search_obj=1.0243  search_best=0.7038  validation_best=0.7360  EI=0.0179  rnum=62.7  len=93  syn_rate=0.59  mean=0.9883  worsen=24.00%  highvar=0.00%
GA search time: 17.95s, candidates: 261
  [iter  64/100] search_obj=0.7066  search_best=0.7038  validation_best=0.7360  EI=0.0188  rnum=61.3  len=89  syn_rate=0.59  mean=0.7006  worsen=4.00%  highvar=0.00%
GA search time: 20.69s, candidates: 259
  [iter  65/100] search_obj=0.7066  search_best=0.7038  validation_best=0.7360  EI=0.0196  rnum=59.8  len=89  syn_rate=0.59  mean=0.7006  worsen=4.00%  highvar=0.00%
GA search time: 17.82s, candidates: 258
  [iter  66/100] search_obj=0.9295  search_best=0.7038  validation_best=0.7360  EI=0.0211  rnum=58.4  len=85  syn_rate=0.56  mean=0.9010  worsen=19.00%  highvar=0.00%
GA search time: 17.14s, candidates: 257
  [iter  67/100] search_obj=0.7033  search_best=0.7033  validation_best=0.7062  EI=0.0189  rnum=57.0  len=89  syn_rate=0.59  mean=0.6973  worsen=4.00%  highvar=0.00%
GA search time: 16.43s, candidates: 255
  [iter  68/100] search_obj=0.7799  search_best=0.7033  validation_best=0.7062  EI=0.0189  rnum=55.7  len=91  syn_rate=0.57  mean=0.7694  worsen=7.00%  highvar=0.00%
GA search time: 18.94s, candidates: 254
  [iter  69/100] search_obj=0.8723  search_best=0.7033  validation_best=0.7062  EI=0.0198  rnum=54.3  len=90  syn_rate=0.61  mean=0.8543  worsen=12.00%  highvar=0.00%
GA search time: 18.76s, candidates: 253
  [iter  70/100] search_obj=0.7253  search_best=0.7033  validation_best=0.7062  EI=0.0187  rnum=53.0  len=78  syn_rate=0.59  mean=0.7193  worsen=4.00%  highvar=0.00%
GA search time: 20.03s, candidates: 251
  [iter  71/100] search_obj=0.7066  search_best=0.7033  validation_best=0.7062  EI=0.0166  rnum=51.7  len=92  syn_rate=0.59  mean=0.7006  worsen=4.00%  highvar=0.00%
GA search time: 22.07s, candidates: 250
  [iter  72/100] search_obj=0.7688  search_best=0.7033  validation_best=0.7062  EI=0.0189  rnum=50.5  len=92  syn_rate=0.58  mean=0.7583  worsen=7.00%  highvar=0.00%
GA search time: 17.90s, candidates: 249
  [iter  73/100] search_obj=0.7205  search_best=0.7033  validation_best=0.7062  EI=0.0181  rnum=49.2  len=90  syn_rate=0.59  mean=0.7145  worsen=4.00%  highvar=0.00%
GA search time: 16.13s, candidates: 247
  [iter  74/100] search_obj=0.7040  search_best=0.7033  validation_best=0.7062  EI=0.0184  rnum=48.0  len=81  syn_rate=0.59  mean=0.6980  worsen=4.00%  highvar=0.00%
GA search time: 20.35s, candidates: 246
  [iter  75/100] search_obj=0.7066  search_best=0.7033  validation_best=0.7062  EI=0.0214  rnum=46.8  len=92  syn_rate=0.59  mean=0.7006  worsen=4.00%  highvar=0.00%
GA search time: 19.46s, candidates: 245
  [iter  76/100] search_obj=0.8732  search_best=0.7033  validation_best=0.7062  EI=0.0193  rnum=45.6  len=120  syn_rate=0.59  mean=0.8552  worsen=12.00%  highvar=0.00%
GA search time: 18.98s, candidates: 244
  [iter  77/100] search_obj=0.7033  search_best=0.7033  validation_best=0.7062  EI=0.0185  rnum=44.4  len=91  syn_rate=0.59  mean=0.6973  worsen=4.00%  highvar=0.00%
GA search time: 19.58s, candidates: 243
  [iter  78/100] search_obj=0.7062  search_best=0.7033  validation_best=0.7062  EI=0.0176  rnum=43.3  len=88  syn_rate=0.59  mean=0.7002  worsen=4.00%  highvar=0.00%
GA search time: 18.11s, candidates: 242
  [iter  79/100] search_obj=0.7033  search_best=0.7033  validation_best=0.7062  EI=0.0178  rnum=42.2  len=93  syn_rate=0.59  mean=0.6973  worsen=4.00%  highvar=0.00%
GA search time: 19.82s, candidates: 241
  [iter  80/100] search_obj=0.7030  search_best=0.7030  validation_best=0.7062  EI=0.0215  rnum=41.1  len=93  syn_rate=0.59  mean=0.6970  worsen=4.00%  highvar=0.00%
GA search time: 20.69s, candidates: 239
  [iter  81/100] search_obj=0.6788  search_best=0.6788  validation_best=0.7062  EI=0.0187  rnum=40.0  len=89  syn_rate=0.59  mean=0.6728  worsen=4.00%  highvar=0.00%
GA search time: 19.36s, candidates: 238
  [iter  82/100] search_obj=0.9240  search_best=0.6788  validation_best=0.7062  EI=0.0154  rnum=38.9  len=105  syn_rate=0.60  mean=0.8970  worsen=18.00%  highvar=0.00%
GA search time: 18.18s, candidates: 237
  [iter  83/100] search_obj=0.7033  search_best=0.6788  validation_best=0.7062  EI=0.0118  rnum=37.9  len=95  syn_rate=0.59  mean=0.6973  worsen=4.00%  highvar=0.00%
GA search time: 16.06s, candidates: 236
  [iter  84/100] search_obj=0.9490  search_best=0.6788  validation_best=0.7062  EI=0.0145  rnum=36.9  len=87  syn_rate=0.59  mean=0.9310  worsen=12.00%  highvar=0.00%
GA search time: 17.30s, candidates: 235
  [iter  85/100] search_obj=0.9194  search_best=0.6788  validation_best=0.7062  EI=0.0103  rnum=35.9  len=84  syn_rate=0.59  mean=0.8954  worsen=16.00%  highvar=0.00%
GA search time: 17.13s, candidates: 234
  [iter  86/100] search_obj=0.7044  search_best=0.6788  validation_best=0.7062  EI=0.0142  rnum=34.9  len=90  syn_rate=0.65  mean=0.6984  worsen=4.00%  highvar=0.00%
GA search time: 18.61s, candidates: 233
  [iter  87/100] search_obj=0.7040  search_best=0.6788  validation_best=0.7062  EI=0.0153  rnum=33.9  len=87  syn_rate=0.66  mean=0.6980  worsen=4.00%  highvar=0.00%
GA search time: 18.46s, candidates: 233
  [iter  88/100] search_obj=1.0163  search_best=0.6788  validation_best=0.7062  EI=0.0126  rnum=33.0  len=120  syn_rate=0.78  mean=0.9863  worsen=20.00%  highvar=0.00%
GA search time: 16.63s, candidates: 232
  [iter  89/100] search_obj=0.6832  search_best=0.6788  validation_best=0.7062  EI=0.0132  rnum=32.1  len=95  syn_rate=0.59  mean=0.6772  worsen=4.00%  highvar=0.00%
GA search time: 17.20s, candidates: 231
  [iter  90/100] search_obj=0.7066  search_best=0.6788  validation_best=0.7062  EI=0.0176  rnum=31.2  len=96  syn_rate=0.59  mean=0.7006  worsen=4.00%  highvar=0.00%
GA search time: 17.29s, candidates: 230
  [iter  91/100] search_obj=1.0102  search_best=0.6788  validation_best=0.7062  EI=0.0153  rnum=30.3  len=99  syn_rate=0.59  mean=0.9847  worsen=17.00%  highvar=0.00%
GA search time: 17.56s, candidates: 229
  [iter  92/100] search_obj=0.7066  search_best=0.6788  validation_best=0.7062  EI=0.0171  rnum=29.5  len=101  syn_rate=0.59  mean=0.7006  worsen=4.00%  highvar=0.00%
GA search time: 17.68s, candidates: 228
  [iter  93/100] search_obj=0.7066  search_best=0.6788  validation_best=0.7062  EI=0.0148  rnum=28.6  len=101  syn_rate=0.59  mean=0.7006  worsen=4.00%  highvar=0.00%
GA search time: 16.82s, candidates: 227
  [iter  94/100] search_obj=0.9286  search_best=0.6788  validation_best=0.7062  EI=0.0139  rnum=27.8  len=104  syn_rate=0.59  mean=0.9001  worsen=19.00%  highvar=0.00%
GA search time: 15.13s, candidates: 226
  [iter  95/100] search_obj=0.9516  search_best=0.6788  validation_best=0.7062  EI=0.0156  rnum=27.0  len=102  syn_rate=0.63  mean=0.9381  worsen=9.00%  highvar=0.00%
GA search time: 17.16s, candidates: 226
  [iter  96/100] search_obj=0.7075  search_best=0.6788  validation_best=0.7062  EI=0.0166  rnum=26.2  len=95  syn_rate=0.59  mean=0.7015  worsen=4.00%  highvar=0.00%
GA search time: 15.97s, candidates: 225
  [iter  97/100] search_obj=1.0163  search_best=0.6788  validation_best=0.7062  EI=0.0140  rnum=25.4  len=89  syn_rate=0.60  mean=0.9863  worsen=20.00%  highvar=0.00%
GA search time: 15.09s, candidates: 224
  [iter  98/100] search_obj=1.0142  search_best=0.6788  validation_best=0.7062  EI=0.0145  rnum=24.7  len=88  syn_rate=0.62  mean=0.9857  worsen=19.00%  highvar=0.00%
GA search time: 16.73s, candidates: 223
  [iter  99/100] search_obj=0.9473  search_best=0.6788  validation_best=0.7062  EI=0.0136  rnum=24.0  len=84  syn_rate=0.59  mean=0.9353  worsen=8.00%  highvar=0.00%
GA search time: 16.42s, candidates: 223
  [iter 100/100] search_obj=0.7044  search_best=0.6788  validation_best=0.7062  EI=0.0138  rnum=23.3  len=93  syn_rate=0.60  mean=0.6984  worsen=4.00%  highvar=0.00%

[Step 5] 按 validation 选择最终通用序列...
  选择结果:
    search_train_obj=0.7033, search_train_mean=0.6973, search_train_worsen=4.00%, search_train_highvar=0.00%
    validation_obj=0.7062, validation_mean=0.6957, validation_worsen=7.00%, validation_highvar=0.00%

[Step 6] 在 validation 上执行消融后处理...

[Ablation-validation] 初始序列长度: 89, objective: 0.7062, mean_norm: 0.6957, worsen_rate: 7.00%
  移除 [88] module(globalopt): objective 0.7062, mean_norm 0.6957, worsen_rate 7.00% (保留移除)
  移除 [87] module(attributor): objective 0.7062, mean_norm 0.6957, worsen_rate 7.00% (保留移除)
  移除 [86] module(iroutliner): objective 0.7062, mean_norm 0.6957, worsen_rate 7.00% (保留移除)
  移除 [85] module(globalopt): objective 0.7062, mean_norm 0.6957, worsen_rate 7.00% (保留移除)
  移除 [84] module(elim-avail-extern): objective 0.7062, mean_norm 0.6957, worsen_rate 7.00% (保留移除)
  移除 [83] function(gvn-sink): objective 0.7062, mean_norm 0.6957, worsen_rate 7.00% (保留移除)
  移除 [82] function(instsimplify): objective 0.7062, mean_norm 0.6957, worsen_rate 7.00% (保留移除)
  移除 [81] module(attributor): objective 0.7062, mean_norm 0.6957, worsen_rate 7.00% (保留移除)
  移除 [80] module(iroutliner): objective 0.7062, mean_norm 0.6957, worsen_rate 7.00% (保留移除)
  移除 [79] function(instsimplify): objective 0.7062, mean_norm 0.6957, worsen_rate 7.00% (保留移除)
  移除 [78] module(scc-oz-module-inliner): objective 0.7062, mean_norm 0.6957, worsen_rate 7.00% (保留移除)
  移除 [77] module(elim-avail-extern): objective 0.7062, mean_norm 0.6957, worsen_rate 7.00% (保留移除)
  移除 [76] module(attributor): objective 0.7062, mean_norm 0.6957, worsen_rate 7.00% (保留移除)
  移除 [75] module(elim-avail-extern): objective 0.7062, mean_norm 0.6957, worsen_rate 7.00% (保留移除)
  移除 [74] function(gvn-hoist): objective 0.7062, mean_norm 0.6957, worsen_rate 7.00% (保留移除)
  移除 [73] module(scc-oz-module-inliner): objective 0.7062, mean_norm 0.6957, worsen_rate 7.00% (保留移除)
  移除 [72] module(elim-avail-extern): objective 0.7062, mean_norm 0.6957, worsen_rate 7.00% (保留移除)
  移除 [71] module(attributor): objective 0.7062, mean_norm 0.6957, worsen_rate 7.00% (保留移除)
  移除 [70] module(globalopt): objective 0.7062, mean_norm 0.6957, worsen_rate 7.00% (保留移除)
  移除 [69] function(gvn-hoist): objective 0.7062, mean_norm 0.6957, worsen_rate 7.00% (保留移除)
  移除 [68] function(instsimplify): objective 0.7062, mean_norm 0.6957, worsen_rate 7.00% (保留移除)
  移除 [67] module(elim-avail-extern): objective 0.7062, mean_norm 0.6957, worsen_rate 7.00% (保留移除)
  移除 [66] module(globalopt): objective 0.7062, mean_norm 0.6957, worsen_rate 7.00% (保留移除)
  移除 [65] function(gvn-sink): objective 0.7062, mean_norm 0.6957, worsen_rate 7.00% (保留移除)
  移除 [64] function(dse): objective 0.7062, mean_norm 0.6957, worsen_rate 7.00% (保留移除)
  移除 [63] module(iroutliner): objective 0.7062, mean_norm 0.6957, worsen_rate 7.00% (保留移除)
  移除 [62] function(memcpyopt): objective 0.7062, mean_norm 0.6957, worsen_rate 7.00% (保留移除)
  移除 [61] function(instsimplify): objective 0.7062, mean_norm 0.6957, worsen_rate 7.00% (保留移除)
  移除 [60] function(gvn-hoist): objective 0.7062, mean_norm 0.6957, worsen_rate 7.00% (保留移除)
  移除 [59] module(attributor): objective 0.7062, mean_norm 0.6957, worsen_rate 7.00% (保留移除)
  移除 [58] module(elim-avail-extern): objective 0.7062, mean_norm 0.6957, worsen_rate 7.00% (保留移除)
  移除 [57] function(newgvn): objective 0.7062, mean_norm 0.6957, worsen_rate 7.00% (保留移除)
  移除 [56] module(scc-oz-module-inliner): objective 0.7078 > 0.7062 (恢复)
  移除 [55] module(elim-avail-extern): objective 0.7062, mean_norm 0.6957, worsen_rate 7.00% (保留移除)
  移除 [54] module(attributor): objective 0.7062, mean_norm 0.6957, worsen_rate 7.00% (保留移除)
  移除 [53] module(attributor): objective 0.7062, mean_norm 0.6957, worsen_rate 7.00% (保留移除)
  移除 [52] function(gvn-hoist): objective 0.7062, mean_norm 0.6957, worsen_rate 7.00% (保留移除)
  移除 [51] module(attributor): objective 0.7062, mean_norm 0.6957, worsen_rate 7.00% (保留移除)
  移除 [50] module(attributor): objective 0.7062, mean_norm 0.6957, worsen_rate 7.00% (保留移除)
  移除 [49] module(elim-avail-extern): objective 0.7062, mean_norm 0.6957, worsen_rate 7.00% (保留移除)
  移除 [48] function(newgvn): objective 0.7125 > 0.7062 (恢复)
  移除 [47] module(scc-oz-module-inliner): objective 0.7064 > 0.7062 (恢复)
  移除 [46] module(elim-avail-extern): objective 0.7062, mean_norm 0.6957, worsen_rate 7.00% (保留移除)
  移除 [45] module(attributor): objective 0.7062, mean_norm 0.6957, worsen_rate 7.00% (保留移除)
  移除 [44] module(globalopt): objective 0.7062, mean_norm 0.6957, worsen_rate 7.00% (保留移除)
  移除 [43] function(gvn-hoist): objective 0.7048, mean_norm 0.6958, worsen_rate 6.00% (保留移除)
  移除 [42] function(instsimplify): objective 0.7048, mean_norm 0.6958, worsen_rate 6.00% (保留移除)
  移除 [41] module(elim-avail-extern): objective 0.7048, mean_norm 0.6958, worsen_rate 6.00% (保留移除)
  移除 [40] module(globalopt): objective 0.7048, mean_norm 0.6958, worsen_rate 6.00% (保留移除)
  移除 [39] module(attributor): objective 0.7048, mean_norm 0.6958, worsen_rate 6.00% (保留移除)
  移除 [38] module(elim-avail-extern): objective 0.7048, mean_norm 0.6958, worsen_rate 6.00% (保留移除)
  移除 [37] module(elim-avail-extern): objective 0.7048, mean_norm 0.6958, worsen_rate 6.00% (保留移除)
  移除 [36] module(globalopt): objective 0.7048, mean_norm 0.6958, worsen_rate 6.00% (保留移除)
  移除 [35] function(gvn-sink): objective 0.7048, mean_norm 0.6958, worsen_rate 6.00% (保留移除)
  移除 [34] function(reassociate): objective 0.7048, mean_norm 0.6958, worsen_rate 6.00% (保留移除)
  移除 [33] module(attributor): objective 0.7057 > 0.7048 (恢复)
  移除 [32] function(dse): objective 0.7048, mean_norm 0.6958, worsen_rate 6.00% (保留移除)
  移除 [31] function(memcpyopt): objective 0.7048, mean_norm 0.6958, worsen_rate 6.00% (保留移除)
  移除 [30] function(instsimplify): objective 0.7048, mean_norm 0.6958, worsen_rate 6.00% (保留移除)
  移除 [29] function(memcpyopt): objective 0.7048, mean_norm 0.6958, worsen_rate 6.00% (保留移除)
  移除 [28] module(globalopt): objective 0.7048, mean_norm 0.6958, worsen_rate 6.00% (保留移除)
  移除 [27] function(gvn-sink): objective 0.7048, mean_norm 0.6958, worsen_rate 6.00% (保留移除)
  移除 [26] function(instsimplify): objective 0.7048, mean_norm 0.6958, worsen_rate 6.00% (保留移除)
  移除 [25] function(instsimplify): objective 0.7048, mean_norm 0.6958, worsen_rate 6.00% (保留移除)
  移除 [24] module(scc-oz-module-inliner): objective 0.7054 > 0.7048 (恢复)
  移除 [23] module(scc-oz-module-inliner): objective 0.7054 > 0.7048 (恢复)
  移除 [22] cgscc(attributor-cgscc): objective 0.7048, mean_norm 0.6958, worsen_rate 6.00% (保留移除)
  移除 [21] module(globalopt): objective 0.7048, mean_norm 0.6958, worsen_rate 6.00% (保留移除)
  移除 [20] module(globalopt): objective 0.7048, mean_norm 0.6958, worsen_rate 6.00% (保留移除)
  移除 [19] module(globalopt): objective 0.7048, mean_norm 0.6958, worsen_rate 6.00% (保留移除)
  移除 [18] module(attributor): objective 0.7051 > 0.7048 (恢复)
  移除 [17] module(globalopt): objective 0.7048, mean_norm 0.6958, worsen_rate 6.00% (保留移除)
  移除 [16] module(iroutliner): objective 0.7052 > 0.7048 (恢复)
  移除 [15] module(scc-oz-module-inliner): objective 0.7061 > 0.7048 (恢复)
  移除 [14] module(attributor): objective 0.8184 > 0.7048 (恢复)
  移除 [13] module(iroutliner): objective 0.7048, mean_norm 0.6958, worsen_rate 6.00% (保留移除)
  移除 [12] module(globalopt): objective 0.7048, mean_norm 0.6958, worsen_rate 6.00% (保留移除)
  移除 [11] function(gvn-sink): objective 0.7059 > 0.7048 (恢复)
  移除 [10] function(dse): objective 0.7048, mean_norm 0.6958, worsen_rate 6.00% (保留移除)
  移除 [9] module(globalopt): objective 0.8932 > 0.7048 (恢复)
  移除 [8] module(iroutliner): objective 0.7089 > 0.7048 (恢复)
  移除 [7] function(memcpyopt): objective 0.7048, mean_norm 0.6958, worsen_rate 6.00% (保留移除)
  移除 [6] function(newgvn): objective 0.7048, mean_norm 0.6958, worsen_rate 6.00% (保留移除)
  移除 [5] function(newgvn): objective 0.7441 > 0.7048 (恢复)
  移除 [4] function(dse): objective 0.7146 > 0.7048 (恢复)
  移除 [3] module(iroutliner): objective 0.7048, mean_norm 0.6958, worsen_rate 6.00% (保留移除)
  移除 [2] module(iroutliner): objective 0.8298 > 0.7048 (恢复)
  移除 [1] module(attributor): objective 0.7995 > 0.7048 (恢复)
  移除 [0] module(elim-avail-extern): objective 1.0260 > 0.7048 (恢复)
[Ablation-validation] 最终序列长度: 18, objective: 0.7048, mean_norm: 0.6958, worsen_rate: 6.00%, 移除了 71 个 pass
  消融有效: 89 → 18 passes, validation_objective: 0.7062 → 0.7048

最终通用 pass 序列（effective=18 个顶层 pass, raw=18 个 pass, syn_rate(raw)=0.20）:
  module(elim-avail-extern) → module(attributor) → module(iroutliner) → function(dse) → function(newgvn) → module(iroutliner) → module(globalopt) → function(gvn-sink) → module(attributor) → module(scc-oz-module-inliner) → module(iroutliner) → module(attributor) → module(scc-oz-module-inliner) → module(scc-oz-module-inliner) → module(attributor) → module(scc-oz-module-inliner) → function(newgvn) → module(scc-oz-module-inliner)
  search_train_obj=0.7044, search_train_mean=0.6984, search_train_worsen=4.00%, search_train_highvar=0.00%
  validation_obj=0.7048, validation_mean=0.6958, validation_worsen=6.00%, validation_highvar=0.00%
  test_obj=0.8122, test_mean=0.7852, test_worsen=18.00%, test_highvar=0.00%

Top-5 最佳序列（按 validation 多目标 objective 升序）:
  #1: validation_obj=0.7062, validation_mean=0.6957, validation_worsen=7.00%, validation_highvar=0.00%, train_obj=0.7033, train_mean=0.6973, train_highvar=0.00%, len=89, syn_rate=0.59, test_obj=0.8087, test_mean=0.7847, test_worsen=16.00%, test_highvar=0.00%
     module(elim-avail-extern) → module(attributor) → module(iroutliner) → module(iroutliner) → function(dse) → function(newgvn) → function(newgvn) → function(memcpyopt) → module(iroutliner) → module(globalopt) → function(dse) → function(gvn-sink) → module(globalopt) → module(iroutliner) → module(attributor) → module(scc-oz-module-inliner) → module(iroutliner) → module(globalopt) → module(attributor) → module(globalopt) → module(globalopt) → module(globalopt) → cgscc(attributor-cgscc) → module(scc-oz-module-inliner) → module(scc-oz-module-inliner) → function(instsimplify) → function(instsimplify) → function(gvn-sink) → module(globalopt) → function(memcpyopt) → function(instsimplify) → function(memcpyopt) → function(dse) → module(attributor) → function(reassociate) → function(gvn-sink) → module(globalopt) → module(elim-avail-extern) → module(elim-avail-extern) → module(attributor) → module(globalopt) → module(elim-avail-extern) → function(instsimplify) → function(gvn-hoist) → module(globalopt) → module(attributor) → module(elim-avail-extern) → module(scc-oz-module-inliner) → function(newgvn) → module(elim-avail-extern) → module(attributor) → module(attributor) → function(gvn-hoist) → module(attributor) → module(attributor) → module(elim-avail-extern) → module(scc-oz-module-inliner) → function(newgvn) → module(elim-avail-extern) → module(attributor) → function(gvn-hoist) → function(instsimplify) → function(memcpyopt) → module(iroutliner) → function(dse) → function(gvn-sink) → module(globalopt) → module(elim-avail-extern) → function(instsimplify) → function(gvn-hoist) → module(globalopt) → module(attributor) → module(elim-avail-extern) → module(scc-oz-module-inliner) → function(gvn-hoist) → module(elim-avail-extern) → module(attributor) → module(elim-avail-extern) → module(scc-oz-module-inliner) → function(instsimplify) → module(iroutliner) → module(attributor) → function(instsimplify) → function(gvn-sink) → module(elim-avail-extern) → module(globalopt) → module(iroutliner) → module(attributor) → module(globalopt)
  #2: validation_obj=0.7062, validation_mean=0.6957, validation_worsen=7.00%, validation_highvar=0.00%, train_obj=0.7033, train_mean=0.6973, train_highvar=0.00%, len=91, syn_rate=0.59, test_obj=0.8087, test_mean=0.7847, test_worsen=16.00%, test_highvar=0.00%
     module(elim-avail-extern) → module(attributor) → module(iroutliner) → module(iroutliner) → function(dse) → function(newgvn) → function(memcpyopt) → function(instsimplify) → function(newgvn) → function(memcpyopt) → module(iroutliner) → module(globalopt) → function(dse) → function(gvn-sink) → module(globalopt) → module(iroutliner) → module(attributor) → module(scc-oz-module-inliner) → module(iroutliner) → module(globalopt) → module(attributor) → module(globalopt) → module(globalopt) → module(globalopt) → cgscc(attributor-cgscc) → module(scc-oz-module-inliner) → module(scc-oz-module-inliner) → function(instsimplify) → function(instsimplify) → function(gvn-sink) → module(globalopt) → function(memcpyopt) → function(instsimplify) → function(memcpyopt) → function(dse) → module(attributor) → function(reassociate) → function(gvn-sink) → module(globalopt) → module(elim-avail-extern) → module(elim-avail-extern) → module(attributor) → module(globalopt) → module(elim-avail-extern) → function(instsimplify) → function(gvn-hoist) → module(globalopt) → module(attributor) → module(elim-avail-extern) → module(scc-oz-module-inliner) → function(newgvn) → module(elim-avail-extern) → module(attributor) → module(attributor) → function(gvn-hoist) → module(attributor) → module(attributor) → module(elim-avail-extern) → module(scc-oz-module-inliner) → function(newgvn) → module(elim-avail-extern) → module(attributor) → function(gvn-hoist) → function(instsimplify) → function(memcpyopt) → module(iroutliner) → function(dse) → function(gvn-sink) → module(globalopt) → module(elim-avail-extern) → function(instsimplify) → function(gvn-hoist) → module(globalopt) → module(attributor) → module(elim-avail-extern) → module(scc-oz-module-inliner) → function(gvn-hoist) → module(elim-avail-extern) → module(attributor) → module(elim-avail-extern) → module(scc-oz-module-inliner) → function(instsimplify) → module(iroutliner) → module(attributor) → function(instsimplify) → function(gvn-sink) → module(elim-avail-extern) → module(globalopt) → module(iroutliner) → module(attributor) → module(globalopt)
  #3: validation_obj=0.7062, validation_mean=0.6957, validation_worsen=7.00%, validation_highvar=0.00%, train_obj=0.7030, train_mean=0.6970, train_highvar=0.00%, len=93, syn_rate=0.59, test_obj=0.8087, test_mean=0.7847, test_worsen=16.00%, test_highvar=0.00%
     module(elim-avail-extern) → module(attributor) → module(iroutliner) → module(iroutliner) → function(dse) → function(memcpyopt) → function(instsimplify) → function(newgvn) → function(memcpyopt) → module(iroutliner) → module(globalopt) → function(dse) → function(gvn-sink) → module(globalopt) → module(iroutliner) → module(attributor) → module(scc-oz-module-inliner) → module(iroutliner) → module(globalopt) → module(attributor) → module(globalopt) → module(globalopt) → module(globalopt) → cgscc(attributor-cgscc) → module(scc-oz-module-inliner) → module(scc-oz-module-inliner) → function(instsimplify) → function(instsimplify) → function(gvn-sink) → module(globalopt) → function(memcpyopt) → function(instsimplify) → function(memcpyopt) → function(dse) → module(attributor) → function(reassociate) → function(gvn-sink) → module(globalopt) → module(elim-avail-extern) → module(elim-avail-extern) → module(attributor) → module(globalopt) → module(elim-avail-extern) → function(instsimplify) → function(gvn-hoist) → module(globalopt) → module(attributor) → module(elim-avail-extern) → module(scc-oz-module-inliner) → function(newgvn) → module(elim-avail-extern) → module(attributor) → module(attributor) → function(gvn-hoist) → module(attributor) → module(attributor) → module(elim-avail-extern) → module(attributor) → module(elim-avail-extern) → module(scc-oz-module-inliner) → function(newgvn) → module(elim-avail-extern) → module(attributor) → function(gvn-hoist) → function(instsimplify) → function(memcpyopt) → module(iroutliner) → function(dse) → function(gvn-sink) → module(globalopt) → module(elim-avail-extern) → function(instsimplify) → function(gvn-hoist) → module(globalopt) → module(attributor) → module(elim-avail-extern) → module(scc-oz-module-inliner) → function(gvn-hoist) → function(dse) → module(elim-avail-extern) → module(attributor) → module(elim-avail-extern) → module(scc-oz-module-inliner) → function(instsimplify) → module(iroutliner) → module(attributor) → function(instsimplify) → function(gvn-sink) → module(elim-avail-extern) → module(globalopt) → module(iroutliner) → module(attributor) → module(globalopt)
  #4: validation_obj=0.7062, validation_mean=0.6957, validation_worsen=7.00%, validation_highvar=0.00%, train_obj=0.7033, train_mean=0.6973, train_highvar=0.00%, len=93, syn_rate=0.59, test_obj=0.8087, test_mean=0.7847, test_worsen=16.00%, test_highvar=0.00%
     module(elim-avail-extern) → module(attributor) → module(iroutliner) → module(iroutliner) → function(dse) → function(newgvn) → function(memcpyopt) → function(instsimplify) → function(newgvn) → function(memcpyopt) → module(iroutliner) → module(globalopt) → function(dse) → function(gvn-sink) → module(globalopt) → module(iroutliner) → module(attributor) → module(scc-oz-module-inliner) → module(iroutliner) → module(globalopt) → module(attributor) → module(globalopt) → module(globalopt) → module(globalopt) → cgscc(attributor-cgscc) → module(scc-oz-module-inliner) → module(scc-oz-module-inliner) → function(instsimplify) → function(instsimplify) → function(gvn-sink) → module(globalopt) → function(memcpyopt) → function(instsimplify) → function(memcpyopt) → function(dse) → module(attributor) → function(reassociate) → function(gvn-sink) → module(globalopt) → module(elim-avail-extern) → module(elim-avail-extern) → module(attributor) → module(globalopt) → module(elim-avail-extern) → function(instsimplify) → function(gvn-hoist) → module(globalopt) → module(attributor) → module(elim-avail-extern) → module(scc-oz-module-inliner) → function(newgvn) → module(elim-avail-extern) → module(attributor) → module(attributor) → function(gvn-hoist) → module(attributor) → module(attributor) → module(elim-avail-extern) → module(attributor) → module(elim-avail-extern) → module(scc-oz-module-inliner) → function(newgvn) → module(elim-avail-extern) → module(attributor) → function(gvn-hoist) → function(instsimplify) → function(memcpyopt) → module(iroutliner) → function(dse) → function(gvn-sink) → module(globalopt) → module(elim-avail-extern) → function(instsimplify) → function(gvn-hoist) → module(globalopt) → module(attributor) → module(elim-avail-extern) → module(scc-oz-module-inliner) → function(gvn-hoist) → module(elim-avail-extern) → module(attributor) → module(elim-avail-extern) → module(scc-oz-module-inliner) → function(instsimplify) → module(iroutliner) → module(attributor) → function(instsimplify) → function(gvn-sink) → module(elim-avail-extern) → module(globalopt) → module(iroutliner) → module(attributor) → module(globalopt)
  #5: validation_obj=0.7062, validation_mean=0.6957, validation_worsen=7.00%, validation_highvar=0.00%, train_obj=0.7033, train_mean=0.6973, train_highvar=0.00%, len=95, syn_rate=0.59, test_obj=0.8087, test_mean=0.7847, test_worsen=16.00%, test_highvar=0.00%
     module(elim-avail-extern) → module(attributor) → module(iroutliner) → module(iroutliner) → function(dse) → function(newgvn) → function(memcpyopt) → function(instsimplify) → function(newgvn) → function(memcpyopt) → module(iroutliner) → module(globalopt) → function(dse) → function(gvn-sink) → module(globalopt) → module(iroutliner) → module(attributor) → module(scc-oz-module-inliner) → module(iroutliner) → module(globalopt) → module(attributor) → module(attributor) → module(globalopt) → module(globalopt) → module(globalopt) → cgscc(attributor-cgscc) → module(scc-oz-module-inliner) → module(scc-oz-module-inliner) → function(instsimplify) → function(instsimplify) → function(gvn-sink) → module(globalopt) → function(memcpyopt) → function(instsimplify) → function(memcpyopt) → function(dse) → module(attributor) → function(reassociate) → function(gvn-sink) → module(globalopt) → module(elim-avail-extern) → module(elim-avail-extern) → module(attributor) → module(globalopt) → module(elim-avail-extern) → function(instsimplify) → function(gvn-hoist) → module(globalopt) → module(attributor) → module(elim-avail-extern) → module(scc-oz-module-inliner) → function(newgvn) → module(elim-avail-extern) → module(attributor) → module(attributor) → function(gvn-hoist) → module(attributor) → module(attributor) → module(elim-avail-extern) → module(attributor) → module(elim-avail-extern) → module(scc-oz-module-inliner) → function(newgvn) → module(elim-avail-extern) → module(attributor) → function(gvn-hoist) → function(instsimplify) → function(memcpyopt) → module(iroutliner) → function(dse) → function(gvn-sink) → module(globalopt) → module(elim-avail-extern) → function(instsimplify) → function(gvn-hoist) → module(globalopt) → module(attributor) → module(elim-avail-extern) → module(scc-oz-module-inliner) → function(gvn-hoist) → module(elim-avail-extern) → module(attributor) → module(elim-avail-extern) → module(scc-oz-module-inliner) → function(instsimplify) → module(iroutliner) → module(attributor) → function(instsimplify) → function(gvn-sink) → module(elim-avail-extern) → module(globalopt) → module(iroutliner) → module(attributor) → function(memcpyopt) → module(globalopt)
RF 解释性分析: ok  /root/exp/RFunipassLab/results/interpretability/20260505_041238_090656_feature_lite_seed458/run_0

============================================================
所有轮次中最优 validation objective: 0.7048
最优通用 pass 序列 (18 passes):
  module(elim-avail-extern) → module(attributor) → module(iroutliner) → function(dse) → function(newgvn) → module(iroutliner) → module(globalopt) → function(gvn-sink) → module(attributor) → module(scc-oz-module-inliner) → module(iroutliner) → module(attributor) → module(scc-oz-module-inliner) → module(scc-oz-module-inliner) → module(attributor) → module(scc-oz-module-inliner) → function(newgvn) → module(scc-oz-module-inliner)
  search_train_obj=0.7044, search_train_mean=0.6984, search_train_worsen=4.00%, search_train_highvar=0.00%
  validation_obj=0.7048, validation_mean=0.6958, validation_worsen=6.00%, validation_highvar=0.00%
  test_obj=0.8122, test_mean=0.7852, test_worsen=18.00%, test_highvar=0.00%

最优轮次 Top-5 序列（含测试集效果，按 validation objective 升序）:
  #1: validation_obj=0.7062, validation_mean=0.6957, validation_worsen=7.00%, validation_highvar=0.00%, train_obj=0.7033, train_mean=0.6973, train_highvar=0.00%, len=89, syn_rate=0.59, test_obj=0.8087, test_mean=0.7847, test_worsen=16.00%, test_highvar=0.00%
     module(elim-avail-extern) → module(attributor) → module(iroutliner) → module(iroutliner) → function(dse) → function(newgvn) → function(newgvn) → function(memcpyopt) → module(iroutliner) → module(globalopt) → function(dse) → function(gvn-sink) → module(globalopt) → module(iroutliner) → module(attributor) → module(scc-oz-module-inliner) → module(iroutliner) → module(globalopt) → module(attributor) → module(globalopt) → module(globalopt) → module(globalopt) → cgscc(attributor-cgscc) → module(scc-oz-module-inliner) → module(scc-oz-module-inliner) → function(instsimplify) → function(instsimplify) → function(gvn-sink) → module(globalopt) → function(memcpyopt) → function(instsimplify) → function(memcpyopt) → function(dse) → module(attributor) → function(reassociate) → function(gvn-sink) → module(globalopt) → module(elim-avail-extern) → module(elim-avail-extern) → module(attributor) → module(globalopt) → module(elim-avail-extern) → function(instsimplify) → function(gvn-hoist) → module(globalopt) → module(attributor) → module(elim-avail-extern) → module(scc-oz-module-inliner) → function(newgvn) → module(elim-avail-extern) → module(attributor) → module(attributor) → function(gvn-hoist) → module(attributor) → module(attributor) → module(elim-avail-extern) → module(scc-oz-module-inliner) → function(newgvn) → module(elim-avail-extern) → module(attributor) → function(gvn-hoist) → function(instsimplify) → function(memcpyopt) → module(iroutliner) → function(dse) → function(gvn-sink) → module(globalopt) → module(elim-avail-extern) → function(instsimplify) → function(gvn-hoist) → module(globalopt) → module(attributor) → module(elim-avail-extern) → module(scc-oz-module-inliner) → function(gvn-hoist) → module(elim-avail-extern) → module(attributor) → module(elim-avail-extern) → module(scc-oz-module-inliner) → function(instsimplify) → module(iroutliner) → module(attributor) → function(instsimplify) → function(gvn-sink) → module(elim-avail-extern) → module(globalopt) → module(iroutliner) → module(attributor) → module(globalopt)
  #2: validation_obj=0.7062, validation_mean=0.6957, validation_worsen=7.00%, validation_highvar=0.00%, train_obj=0.7033, train_mean=0.6973, train_highvar=0.00%, len=91, syn_rate=0.59, test_obj=0.8087, test_mean=0.7847, test_worsen=16.00%, test_highvar=0.00%
     module(elim-avail-extern) → module(attributor) → module(iroutliner) → module(iroutliner) → function(dse) → function(newgvn) → function(memcpyopt) → function(instsimplify) → function(newgvn) → function(memcpyopt) → module(iroutliner) → module(globalopt) → function(dse) → function(gvn-sink) → module(globalopt) → module(iroutliner) → module(attributor) → module(scc-oz-module-inliner) → module(iroutliner) → module(globalopt) → module(attributor) → module(globalopt) → module(globalopt) → module(globalopt) → cgscc(attributor-cgscc) → module(scc-oz-module-inliner) → module(scc-oz-module-inliner) → function(instsimplify) → function(instsimplify) → function(gvn-sink) → module(globalopt) → function(memcpyopt) → function(instsimplify) → function(memcpyopt) → function(dse) → module(attributor) → function(reassociate) → function(gvn-sink) → module(globalopt) → module(elim-avail-extern) → module(elim-avail-extern) → module(attributor) → module(globalopt) → module(elim-avail-extern) → function(instsimplify) → function(gvn-hoist) → module(globalopt) → module(attributor) → module(elim-avail-extern) → module(scc-oz-module-inliner) → function(newgvn) → module(elim-avail-extern) → module(attributor) → module(attributor) → function(gvn-hoist) → module(attributor) → module(attributor) → module(elim-avail-extern) → module(scc-oz-module-inliner) → function(newgvn) → module(elim-avail-extern) → module(attributor) → function(gvn-hoist) → function(instsimplify) → function(memcpyopt) → module(iroutliner) → function(dse) → function(gvn-sink) → module(globalopt) → module(elim-avail-extern) → function(instsimplify) → function(gvn-hoist) → module(globalopt) → module(attributor) → module(elim-avail-extern) → module(scc-oz-module-inliner) → function(gvn-hoist) → module(elim-avail-extern) → module(attributor) → module(elim-avail-extern) → module(scc-oz-module-inliner) → function(instsimplify) → module(iroutliner) → module(attributor) → function(instsimplify) → function(gvn-sink) → module(elim-avail-extern) → module(globalopt) → module(iroutliner) → module(attributor) → module(globalopt)
  #3: validation_obj=0.7062, validation_mean=0.6957, validation_worsen=7.00%, validation_highvar=0.00%, train_obj=0.7030, train_mean=0.6970, train_highvar=0.00%, len=93, syn_rate=0.59, test_obj=0.8087, test_mean=0.7847, test_worsen=16.00%, test_highvar=0.00%
     module(elim-avail-extern) → module(attributor) → module(iroutliner) → module(iroutliner) → function(dse) → function(memcpyopt) → function(instsimplify) → function(newgvn) → function(memcpyopt) → module(iroutliner) → module(globalopt) → function(dse) → function(gvn-sink) → module(globalopt) → module(iroutliner) → module(attributor) → module(scc-oz-module-inliner) → module(iroutliner) → module(globalopt) → module(attributor) → module(globalopt) → module(globalopt) → module(globalopt) → cgscc(attributor-cgscc) → module(scc-oz-module-inliner) → module(scc-oz-module-inliner) → function(instsimplify) → function(instsimplify) → function(gvn-sink) → module(globalopt) → function(memcpyopt) → function(instsimplify) → function(memcpyopt) → function(dse) → module(attributor) → function(reassociate) → function(gvn-sink) → module(globalopt) → module(elim-avail-extern) → module(elim-avail-extern) → module(attributor) → module(globalopt) → module(elim-avail-extern) → function(instsimplify) → function(gvn-hoist) → module(globalopt) → module(attributor) → module(elim-avail-extern) → module(scc-oz-module-inliner) → function(newgvn) → module(elim-avail-extern) → module(attributor) → module(attributor) → function(gvn-hoist) → module(attributor) → module(attributor) → module(elim-avail-extern) → module(attributor) → module(elim-avail-extern) → module(scc-oz-module-inliner) → function(newgvn) → module(elim-avail-extern) → module(attributor) → function(gvn-hoist) → function(instsimplify) → function(memcpyopt) → module(iroutliner) → function(dse) → function(gvn-sink) → module(globalopt) → module(elim-avail-extern) → function(instsimplify) → function(gvn-hoist) → module(globalopt) → module(attributor) → module(elim-avail-extern) → module(scc-oz-module-inliner) → function(gvn-hoist) → function(dse) → module(elim-avail-extern) → module(attributor) → module(elim-avail-extern) → module(scc-oz-module-inliner) → function(instsimplify) → module(iroutliner) → module(attributor) → function(instsimplify) → function(gvn-sink) → module(elim-avail-extern) → module(globalopt) → module(iroutliner) → module(attributor) → module(globalopt)
  #4: validation_obj=0.7062, validation_mean=0.6957, validation_worsen=7.00%, validation_highvar=0.00%, train_obj=0.7033, train_mean=0.6973, train_highvar=0.00%, len=93, syn_rate=0.59, test_obj=0.8087, test_mean=0.7847, test_worsen=16.00%, test_highvar=0.00%
     module(elim-avail-extern) → module(attributor) → module(iroutliner) → module(iroutliner) → function(dse) → function(newgvn) → function(memcpyopt) → function(instsimplify) → function(newgvn) → function(memcpyopt) → module(iroutliner) → module(globalopt) → function(dse) → function(gvn-sink) → module(globalopt) → module(iroutliner) → module(attributor) → module(scc-oz-module-inliner) → module(iroutliner) → module(globalopt) → module(attributor) → module(globalopt) → module(globalopt) → module(globalopt) → cgscc(attributor-cgscc) → module(scc-oz-module-inliner) → module(scc-oz-module-inliner) → function(instsimplify) → function(instsimplify) → function(gvn-sink) → module(globalopt) → function(memcpyopt) → function(instsimplify) → function(memcpyopt) → function(dse) → module(attributor) → function(reassociate) → function(gvn-sink) → module(globalopt) → module(elim-avail-extern) → module(elim-avail-extern) → module(attributor) → module(globalopt) → module(elim-avail-extern) → function(instsimplify) → function(gvn-hoist) → module(globalopt) → module(attributor) → module(elim-avail-extern) → module(scc-oz-module-inliner) → function(newgvn) → module(elim-avail-extern) → module(attributor) → module(attributor) → function(gvn-hoist) → module(attributor) → module(attributor) → module(elim-avail-extern) → module(attributor) → module(elim-avail-extern) → module(scc-oz-module-inliner) → function(newgvn) → module(elim-avail-extern) → module(attributor) → function(gvn-hoist) → function(instsimplify) → function(memcpyopt) → module(iroutliner) → function(dse) → function(gvn-sink) → module(globalopt) → module(elim-avail-extern) → function(instsimplify) → function(gvn-hoist) → module(globalopt) → module(attributor) → module(elim-avail-extern) → module(scc-oz-module-inliner) → function(gvn-hoist) → module(elim-avail-extern) → module(attributor) → module(elim-avail-extern) → module(scc-oz-module-inliner) → function(instsimplify) → module(iroutliner) → module(attributor) → function(instsimplify) → function(gvn-sink) → module(elim-avail-extern) → module(globalopt) → module(iroutliner) → module(attributor) → module(globalopt)
  #5: validation_obj=0.7062, validation_mean=0.6957, validation_worsen=7.00%, validation_highvar=0.00%, train_obj=0.7033, train_mean=0.6973, train_highvar=0.00%, len=95, syn_rate=0.59, test_obj=0.8087, test_mean=0.7847, test_worsen=16.00%, test_highvar=0.00%
     module(elim-avail-extern) → module(attributor) → module(iroutliner) → module(iroutliner) → function(dse) → function(newgvn) → function(memcpyopt) → function(instsimplify) → function(newgvn) → function(memcpyopt) → module(iroutliner) → module(globalopt) → function(dse) → function(gvn-sink) → module(globalopt) → module(iroutliner) → module(attributor) → module(scc-oz-module-inliner) → module(iroutliner) → module(globalopt) → module(attributor) → module(attributor) → module(globalopt) → module(globalopt) → module(globalopt) → cgscc(attributor-cgscc) → module(scc-oz-module-inliner) → module(scc-oz-module-inliner) → function(instsimplify) → function(instsimplify) → function(gvn-sink) → module(globalopt) → function(memcpyopt) → function(instsimplify) → function(memcpyopt) → function(dse) → module(attributor) → function(reassociate) → function(gvn-sink) → module(globalopt) → module(elim-avail-extern) → module(elim-avail-extern) → module(attributor) → module(globalopt) → module(elim-avail-extern) → function(instsimplify) → function(gvn-hoist) → module(globalopt) → module(attributor) → module(elim-avail-extern) → module(scc-oz-module-inliner) → function(newgvn) → module(elim-avail-extern) → module(attributor) → module(attributor) → function(gvn-hoist) → module(attributor) → module(attributor) → module(elim-avail-extern) → module(attributor) → module(elim-avail-extern) → module(scc-oz-module-inliner) → function(newgvn) → module(elim-avail-extern) → module(attributor) → function(gvn-hoist) → function(instsimplify) → function(memcpyopt) → module(iroutliner) → function(dse) → function(gvn-sink) → module(globalopt) → module(elim-avail-extern) → function(instsimplify) → function(gvn-hoist) → module(globalopt) → module(attributor) → module(elim-avail-extern) → module(scc-oz-module-inliner) → function(gvn-hoist) → module(elim-avail-extern) → module(attributor) → module(elim-avail-extern) → module(scc-oz-module-inliner) → function(instsimplify) → module(iroutliner) → module(attributor) → function(instsimplify) → function(gvn-sink) → module(elim-avail-extern) → module(globalopt) → module(iroutliner) → module(attributor) → function(memcpyopt) → module(globalopt)
binarysize_test: vs_none=0.999 (+0.1%)  vs_oz=1.000 (+0.0%)  vs_o3=0.995 (+0.5%) [metric=stripped_file_bytes]
binarysize_test[text_bytes]: vs_none=0.890 (+11.0%)  vs_oz=0.920 (+8.0%)  vs_o3=0.840 (+16.0%)
binarysize_test[data_bytes]: vs_none=0.989 (+1.1%)  vs_oz=0.995 (+0.5%)  vs_o3=0.991 (+0.9%)
binarysize_test[bss_bytes]: vs_none=1.000 (+0.0%)  vs_oz=1.000 (+0.0%)  vs_o3=1.000 (+0.0%)
binarysize_test[dec_bytes]: vs_none=0.916 (+8.4%)  vs_oz=0.940 (+6.0%)  vs_o3=0.876 (+12.4%)

最优轮次 Top-5 binarysize_test 序列面板（primary=stripped_file_bytes）:
  #1: len=89, syn_rate=0.59
     stripped_file_bytes: obj=1.0086, mean=0.9996, worsen=6.00%, vs_none=0.999 (+0.1%)  vs_oz=1.000 (+0.0%)  vs_o3=0.995 (+0.5%)
     text_bytes: obj=0.9526, mean=0.9196, worsen=22.00%, vs_none=0.890 (+11.0%)  vs_oz=0.920 (+8.0%)  vs_o3=0.840 (+16.0%)
     data_bytes: obj=1.0069, mean=0.9949, worsen=8.00%, vs_none=0.989 (+1.1%)  vs_oz=0.995 (+0.5%)  vs_o3=0.991 (+0.9%)
     bss_bytes: obj=1.0000, mean=1.0000, worsen=0.00%, vs_none=1.000 (+0.0%)  vs_oz=1.000 (+0.0%)  vs_o3=1.000 (+0.0%)
     dec_bytes: obj=0.9719, mean=0.9389, worsen=22.00%, vs_none=0.915 (+8.5%)  vs_oz=0.939 (+6.1%)  vs_o3=0.875 (+12.5%)
  #2: len=91, syn_rate=0.59
     stripped_file_bytes: obj=1.0086, mean=0.9996, worsen=6.00%, vs_none=0.999 (+0.1%)  vs_oz=1.000 (+0.0%)  vs_o3=0.995 (+0.5%)
     text_bytes: obj=0.9526, mean=0.9196, worsen=22.00%, vs_none=0.890 (+11.0%)  vs_oz=0.920 (+8.0%)  vs_o3=0.840 (+16.0%)
     data_bytes: obj=1.0069, mean=0.9949, worsen=8.00%, vs_none=0.989 (+1.1%)  vs_oz=0.995 (+0.5%)  vs_o3=0.991 (+0.9%)
     bss_bytes: obj=1.0000, mean=1.0000, worsen=0.00%, vs_none=1.000 (+0.0%)  vs_oz=1.000 (+0.0%)  vs_o3=1.000 (+0.0%)
     dec_bytes: obj=0.9719, mean=0.9389, worsen=22.00%, vs_none=0.915 (+8.5%)  vs_oz=0.939 (+6.1%)  vs_o3=0.875 (+12.5%)
  #3: len=93, syn_rate=0.59
     stripped_file_bytes: obj=1.0086, mean=0.9996, worsen=6.00%, vs_none=0.999 (+0.1%)  vs_oz=1.000 (+0.0%)  vs_o3=0.995 (+0.5%)
     text_bytes: obj=0.9526, mean=0.9196, worsen=22.00%, vs_none=0.890 (+11.0%)  vs_oz=0.920 (+8.0%)  vs_o3=0.840 (+16.0%)
     data_bytes: obj=1.0069, mean=0.9949, worsen=8.00%, vs_none=0.989 (+1.1%)  vs_oz=0.995 (+0.5%)  vs_o3=0.991 (+0.9%)
     bss_bytes: obj=1.0000, mean=1.0000, worsen=0.00%, vs_none=1.000 (+0.0%)  vs_oz=1.000 (+0.0%)  vs_o3=1.000 (+0.0%)
     dec_bytes: obj=0.9719, mean=0.9389, worsen=22.00%, vs_none=0.915 (+8.5%)  vs_oz=0.939 (+6.1%)  vs_o3=0.875 (+12.5%)
  #4: len=93, syn_rate=0.59
     stripped_file_bytes: obj=1.0086, mean=0.9996, worsen=6.00%, vs_none=0.999 (+0.1%)  vs_oz=1.000 (+0.0%)  vs_o3=0.995 (+0.5%)
     text_bytes: obj=0.9526, mean=0.9196, worsen=22.00%, vs_none=0.890 (+11.0%)  vs_oz=0.920 (+8.0%)  vs_o3=0.840 (+16.0%)
     data_bytes: obj=1.0069, mean=0.9949, worsen=8.00%, vs_none=0.989 (+1.1%)  vs_oz=0.995 (+0.5%)  vs_o3=0.991 (+0.9%)
     bss_bytes: obj=1.0000, mean=1.0000, worsen=0.00%, vs_none=1.000 (+0.0%)  vs_oz=1.000 (+0.0%)  vs_o3=1.000 (+0.0%)
     dec_bytes: obj=0.9719, mean=0.9389, worsen=22.00%, vs_none=0.915 (+8.5%)  vs_oz=0.939 (+6.1%)  vs_o3=0.875 (+12.5%)
  #5: len=95, syn_rate=0.59
     stripped_file_bytes: obj=1.0086, mean=0.9996, worsen=6.00%, vs_none=0.999 (+0.1%)  vs_oz=1.000 (+0.0%)  vs_o3=0.995 (+0.5%)
     text_bytes: obj=0.9526, mean=0.9196, worsen=22.00%, vs_none=0.890 (+11.0%)  vs_oz=0.920 (+8.0%)  vs_o3=0.840 (+16.0%)
     data_bytes: obj=1.0069, mean=0.9949, worsen=8.00%, vs_none=0.989 (+1.1%)  vs_oz=0.995 (+0.5%)  vs_o3=0.991 (+0.9%)
     bss_bytes: obj=1.0000, mean=1.0000, worsen=0.00%, vs_none=1.000 (+0.0%)  vs_oz=1.000 (+0.0%)  vs_o3=1.000 (+0.0%)
     dec_bytes: obj=0.9719, mean=0.9389, worsen=22.00%, vs_none=0.915 (+8.5%)  vs_oz=0.939 (+6.1%)  vs_o3=0.875 (+12.5%)
核心调优成本已写入: /root/exp/RFunipassLab/results/instrcount/summaries/20260505_041238_090656_feature_lite_seed458_core_tuning_cost.json
结果已写入: /root/exp/RFunipassLab/results/instrcount/summaries/20260505_041238_090656_feature_lite_seed458.json
总运行时间: 2699.51 秒
