# run_id: 20260411_180633_210924_runtime_baseline
# name: runtime_baseline
# group: runtime
# description: 把优化目标切换为实际运行时间，搜索/选择流程与 orig_boca 尽量保持一致。
# changed: BACKEND_OPT_LEVEL=-O0, GA_GEN=5, GA_POP=200, ITERS=200, MAX_SEQ_LEN=120, MIN_VAL_PROGRAMS=5, OBJECTIVE_KIND=runtime, PROGRAM_POOL_KIND=runtime, SEED_TOPK=0, TEST_TOPK=50, TRAIN_TOPK=200, VAL_RATIO=0.5
# result_json: /root/exp/RFunipassLab/results/runtime/summaries/20260411_180633_210924_runtime_baseline.json
# started_at: 2026-04-11T18:06:33
# control_env:
#   BACKEND_OPT_LEVEL=-O0
#   DECAY=0.5
#   FEATURE_MODE=full
#   GA_ELITE=0.1
#   GA_GEN=5
#   GA_MUT=0.8
#   GA_POP=200
#   GA_TOUR=3
#   ITERS=200
#   MAX_SEQ_LEN=120
#   MIN_VAL_PROGRAMS=5
#   OBJECTIVE_KIND=runtime
#   OBJ_WORSEN_W=0.15
#   OFFSET=20
#   PROGRAM_POOL_KIND=runtime
#   RNUM=256
#   RUNS=1
#   RUNTIME_EVAL_MAX_VARIANCE_PCT=15.0
#   RUNTIME_MAX_INNER_REPEATS=64
#   RUNTIME_MAX_VARIANCE_PCT=10.0
#   RUNTIME_REQUIRED_ROWS=0
#   RUNTIME_SAMPLES=5
#   RUNTIME_TARGET_SAMPLE_MS=30.0
#   RUNTIME_TIMEOUT_SEC=2.0
#   SCALE=10
#   SEED_TOPK=0
#   TEST_TOPK=50
#   TRAIN_TOPK=200
#   VAL_RATIO=0.5

Loading runtime-evaluable rows from: /root/exp/RFunipassLab/data/tuning_results.csv
Runtime manifest path: /root/exp/RFunipassLab/results/runtime/manifests/runtime_manifest.json
Runtime required rows: 250
Traceback (most recent call last):
  File "/root/exp/RFunipassLab/boca.py", line 25, in <module>
    raise SystemExit(cli_main())
                     ~~~~~~~~^^
  File "/root/exp/RFunipassLab/boca_exp/runner.py", line 511, in cli_main
    programs, suboptimal_sequences, test_programs, runtime_rows, resolved_pool_kind, runtime_required_rows = _load_program_pool(
                                                                                                             ~~~~~~~~~~~~~~~~~~^
        tuning_csv=tuning_csv,
        ^^^^^^^^^^^^^^^^^^^^^^
    ...<5 lines>...
        runtime_manifest_path=runtime_manifest_path,
        ^^^^^^^^^^^^^^^^^^^^^^^^^^^^^^^^^^^^^^^^^^^^
    )
    ^
  File "/root/exp/RFunipassLab/boca_exp/runner.py", line 142, in _load_program_pool
    runtime_rows = load_runtime_evaluable_rows_from_tuning_csv(
        tuning_csv,
    ...<2 lines>...
        rebuild=REBUILD_RUNTIME_MANIFEST,
    )
  File "/root/exp/RFunipassLab/boca_exp/data.py", line 281, in load_runtime_evaluable_rows_from_tuning_csv
    harness = builder.calibrate_program(row['filename'], row['best_sequence'])
  File "/root/exp/RFunipassLab/boca_exp/objective_time.py", line 213, in calibrate_program
    baseline_stats = self._benchmark_binary(baseline_exe, input_data)
  File "/root/exp/RFunipassLab/boca_exp/objective_time.py", line 268, in _benchmark_binary
    warmup = self._run_once(binary_path, input_data)
  File "/root/exp/RFunipassLab/boca_exp/objective_time.py", line 246, in _run_once
    proc = subprocess.run(
        [binary_path],
    ...<4 lines>...
        timeout=self.timeout_sec,
    )
  File "/root/miniconda3/envs/csibe313/lib/python3.13/subprocess.py", line 556, in run
    stdout, stderr = process.communicate(input, timeout=timeout)
                     ~~~~~~~~~~~~~~~~~~~^^^^^^^^^^^^^^^^^^^^^^^^
  File "/root/miniconda3/envs/csibe313/lib/python3.13/subprocess.py", line 1219, in communicate
    stdout, stderr = self._communicate(input, endtime, timeout)
                     ~~~~~~~~~~~~~~~~~^^^^^^^^^^^^^^^^^^^^^^^^^
  File "/root/miniconda3/envs/csibe313/lib/python3.13/subprocess.py", line 2160, in _communicate
    stdout = self._translate_newlines(stdout,
                                      self.stdout.encoding,
                                      self.stdout.errors)
  File "/root/miniconda3/envs/csibe313/lib/python3.13/subprocess.py", line 1096, in _translate_newlines
    data = data.decode(encoding, errors)
UnicodeDecodeError: 'utf-8' codec can't decode byte 0xae in position 37: invalid start byte
