# run_id: 20260409_150335_979076_orig_boca
# name: orig_boca
# group: reproduce
# description: 复现原始 RFunipass/boca.py 默认实验参数。
# changed: GA_GEN=5, GA_POP=200, ITERS=200, MAX_SEQ_LEN=120, MIN_VAL_PROGRAMS=5, SEED_TOPK=0, TEST_TOPK=50, TRAIN_TOPK=200, VAL_RATIO=0.5
# started_at: 2026-04-09T15:03:35
# control_env:
#   DECAY=0.5
#   GA_ELITE=0.1
#   GA_GEN=5
#   GA_MUT=0.8
#   GA_POP=200
#   GA_TOUR=3
#   ITERS=200
#   MAX_SEQ_LEN=120
#   MIN_VAL_PROGRAMS=5
#   OBJ_WORSEN_W=0.15
#   OFFSET=20
#   RNUM=256
#   RUNS=1
#   SCALE=10
#   SEED_TOPK=0
#   TEST_TOPK=50
#   TRAIN_TOPK=200
#   VAL_RATIO=0.5

Loading train/test rows from: /root/exp/RFunipassLab/data/tuning_results.csv
Loaded train programs:       200
Loaded initial seed seqs:    86
Loaded test programs:        50

Loading synergy graph from: /root/exp/RFunipassLab/data/Step3_EnumeratedPairs.csv
All passes (19): ['module(elim-avail-extern)', 'module(globalopt)', 'cgscc(attributor-cgscc)', 'module(scc-oz-module-inliner)', 'function(mem2reg)', 'function(instsimplify)', 'module(iroutliner)', 'function(reassociate)', 'function(memcpyopt)', 'function(gvn-hoist)', 'function(dce)', 'function(jump-threading)', 'module(attributor)', 'function(dse)', 'function(newgvn)', 'function(gvn-sink)', 'module(inferattrs)', 'loop(loop-simplifycfg)', 'function(lower-switch)']
Synergy edges: 176
Self-loop passes: {'function(newgvn)', 'module(attributor)', 'cgscc(attributor-cgscc)'}

============================================================
实验轮次 1 / 1
============================================================
============================================================
输入程序数:    200
输入次优序列数: 86
测试程序数:    50
Pass 词表大小: 19
协同边数:      176
自环 pass 数:  3
序列长度上限:  120
RF 特征维度:   216
词表: ['module(elim-avail-extern)', 'module(globalopt)', 'cgscc(attributor-cgscc)', 'module(scc-oz-module-inliner)', 'function(mem2reg)', 'function(instsimplify)', 'module(iroutliner)', 'function(reassociate)', 'function(memcpyopt)', 'function(gvn-hoist)', 'function(dce)', 'function(jump-threading)', 'module(attributor)', 'function(dse)', 'function(newgvn)', 'function(gvn-sink)', 'module(inferattrs)', 'loop(loop-simplifycfg)', 'function(lower-switch)']
多目标权重:    mean=1.0, worsen=0.15

[Step 1.5] 训练程序切分...
  search_train 程序数: 100
  validation 程序数:   100

[Step 2] 计算 search_train 程序 -Oz 基准指令数...
Traceback (most recent call last):
  File "/root/exp/RFunipassLab/boca_exp/runtime.py", line 125, in get_instrcount
    result = subprocess.run(
        cmd_opt,
    ...<4 lines>...
        check=True,
    )
  File "/root/miniconda3/envs/RL/lib/python3.14/subprocess.py", line 577, in run
    raise CalledProcessError(retcode, process.args,
                             output=stdout, stderr=stderr)
subprocess.CalledProcessError: Command '['/root/opt/rv64gc_llvm_21/bin/opt', '-Oz', '-S', '--mtriple=riscv64-unknown-linux-gnu']' returned non-zero exit status 1.

During handling of the above exception, another exception occurred:

Traceback (most recent call last):
  File "/root/exp/RFunipassLab/boca.py", line 25, in <module>
    raise SystemExit(cli_main())
                     ~~~~~~~~^^
  File "/root/exp/RFunipassLab/boca_exp/runner.py", line 359, in cli_main
    run_result = main(
        programs,
    ...<2 lines>...
        topn=top_n,
    )
  File "/root/exp/RFunipassLab/boca_exp/runner.py", line 95, in main
    search_oz_values = compute_oz_values(search_programs)
  File "/root/exp/RFunipassLab/boca_exp/data.py", line 296, in compute_oz_values
    oz_values.append(get_instrcount(ll_code, ['-Oz'], llvm_tools_path, isriscv=True))
                     ~~~~~~~~~~~~~~^^^^^^^^^^^^^^^^^^^^^^^^^^^^^^^^^^^^^^^^^^^^^^^^^
  File "/root/exp/RFunipassLab/boca_exp/runtime.py", line 135, in get_instrcount
    return get_inst_count(ir_code)
  File "/root/exp/RFunipassLab/boca_exp/runtime.py", line 39, in get_inst_count
    autophase_lib = _load_autophase_lib()
  File "/root/exp/RFunipassLab/boca_exp/runtime.py", line 34, in _load_autophase_lib
    _AUTOPHASE_LIB = ctypes.CDLL(str(AUTOPHASE_LIB_PATH))
  File "/root/miniconda3/envs/RL/lib/python3.14/ctypes/__init__.py", line 462, in __init__
    self._handle = _dlopen(self._name, mode)
                   ~~~~~~~^^^^^^^^^^^^^^^^^^
OSError: /root/miniconda3/envs/RL/bin/../lib/libstdc++.so.6: version `GLIBCXX_3.4.30' not found (required by /root/exp/RFunipass/lib/libAutophase_21_1_8.so)
