# run_id: 20260505_065952_368025_feature_lite_seed463
# name: feature_lite
# group: feature_ablation
# description: 切换到 Lite 特征编码，保留其余搜索流程不变。
# changed: FEATURE_MODE=lite, GA_GEN=5, GA_POP=200, ITERS=100, MAX_SEQ_LEN=120, MIN_VAL_PROGRAMS=5, SEED_TOPK=0, TEST_TOPK=50, TRAIN_TOPK=200, VAL_RATIO=0.5
# result_json: /root/exp/RFunipassLab/results/instrcount/summaries/20260505_065952_368025_feature_lite_seed463.json
# started_at: 2026-05-05T06:59:52
# control_env:
#   BACKEND_OPT_LEVEL=-O0
#   BINARY_SIZE_METRIC=stripped_file_bytes
#   BINARY_SIZE_REPORT_METRICS=text_bytes,data_bytes,bss_bytes,dec_bytes
#   DECAY=0.5
#   EXPERIMENT_SEED=463
#   FEATURE_MODE=lite
#   GA_ELITE=0.1
#   GA_GEN=5
#   GA_MUT=0.8
#   GA_POP=200
#   GA_TOUR=3
#   ITERS=100
#   LOOP_NESTING_POLICY=wrap
#   MAX_SEQ_LEN=120
#   MIN_VAL_PROGRAMS=5
#   OBJECTIVE_BASELINE=oz
#   OBJECTIVE_KIND=instrcount
#   OBJ_HIGHVAR_W=0.0
#   OBJ_WORSEN_W=0.15
#   OFFSET=20
#   PROGRAM_POOL_KIND=auto
#   RF_EXPLAIN_COUNTERFACTUAL_ENABLE=1
#   RF_EXPLAIN_COUNTERFACTUAL_MAX_EVALS=20
#   RF_EXPLAIN_COUNTERFACTUAL_SPLIT=selection
#   RF_EXPLAIN_COUNTERFACTUAL_TOPK=5
#   RF_EXPLAIN_ENABLE=1
#   RF_EXPLAIN_HOLDOUT_RATIO=0.3
#   RF_EXPLAIN_MIN_SAMPLES=20
#   RF_EXPLAIN_MODE=final
#   RF_EXPLAIN_PERM_REPEATS=10
#   RF_EXPLAIN_TOPK=20
#   RNUM=256
#   RUNS=1
#   RUNTIME_EVAL_MAX_VARIANCE_PCT=15.0
#   RUNTIME_MAX_INNER_REPEATS=64
#   RUNTIME_MAX_VARIANCE_PCT=10.0
#   RUNTIME_REQUIRED_ROWS=0
#   RUNTIME_SAMPLES=5
#   RUNTIME_TARGET_SAMPLE_MS=30.0
#   RUNTIME_TIMEOUT_SEC=2.0
#   SCALE=10
#   SEED_TOPK=0
#   SPLIT_SEED=463
#   TEST_TOPK=50
#   TRAIN_TOPK=200
#   VAL_RATIO=0.5

Loading train/test rows from: /root/exp/RFunipassLab/data/tuning_results.csv
Loaded train programs:       200
Loaded initial seed seqs:    84
Loaded test programs:        50
Objective kind:              instrcount
Program pool kind:           tuning

Loading synergy graph from: /root/exp/RFunipassLab/data/Step3_EnumeratedPairs.csv
All passes (19): ['module(elim-avail-extern)', 'module(globalopt)', 'cgscc(attributor-cgscc)', 'function(gvn-hoist)', 'function(reassociate)', 'module(iroutliner)', 'function(instsimplify)', 'function(memcpyopt)', 'function(jump-threading)', 'module(scc-oz-module-inliner)', 'function(newgvn)', 'module(attributor)', 'function(mem2reg)', 'module(inferattrs)', 'function(dse)', 'function(dce)', 'function(gvn-sink)', 'loop(loop-simplifycfg)', 'function(lower-switch)']
Synergy edges: 176
Self-loop passes: {'cgscc(attributor-cgscc)', 'function(newgvn)', 'module(attributor)'}

============================================================
实验轮次 1 / 1
============================================================
============================================================
目标类型:      instrcount
目标基准:      -Oz
基准指标:      -Oz 基准指令数
优化指标:      归一化指令数
输入程序数:    200
输入次优序列数: 84
测试程序数:    50
Pass 词表大小: 19
协同边数:      176
自环 pass 数:  3
序列长度上限:  120
Loop 合法化策略: wrap
实验种子:      463
划分种子:      463
特征模式:      lite
RF 特征维度:   31
词表: ['module(elim-avail-extern)', 'module(globalopt)', 'cgscc(attributor-cgscc)', 'function(gvn-hoist)', 'function(reassociate)', 'module(iroutliner)', 'function(instsimplify)', 'function(memcpyopt)', 'function(jump-threading)', 'module(scc-oz-module-inliner)', 'function(newgvn)', 'module(attributor)', 'function(mem2reg)', 'module(inferattrs)', 'function(dse)', 'function(dce)', 'function(gvn-sink)', 'loop(loop-simplifycfg)', 'function(lower-switch)']
多目标权重:    mean=1.0, worsen=0.15, highvar=0.0

[Step 1.5] 训练程序切分...
  search_train 程序数: 100
  validation 程序数:   100
  split_signature(search_train): ce1f059f4ce8ae090f50679faa07154062507576
  split_signature(validation):   4aa9b18f01b4e1ee86beb0fefb18b376ef7f2d8e
  split_signature(test):         2b1e084b2a12f6391543750f17f04b451598fbce

[Step 2] 计算 search_train 程序 -Oz 基准指令数...
[Step 2b] 计算 validation 程序 -Oz 基准指令数...
[Step 2c] 计算测试集程序 -Oz 基准指令数...

[Step 3] 评估初始 seed 序列（共 84 条）...

[Step 4] 开始贝叶斯优化（100 轮）...
GA search time: 7.48s, candidates: 372
  [iter   1/100] search_obj=1.1695  search_best=0.7977  validation_best=0.7816  EI=0.0265  rnum=172.7  len=28  syn_rate=0.43  mean=1.0525  worsen=78.00%  highvar=0.00%
GA search time: 10.42s, candidates: 370
  [iter   2/100] search_obj=1.0974  search_best=0.7977  validation_best=0.7816  EI=0.0254  rnum=170.6  len=40  syn_rate=0.55  mean=1.0344  worsen=42.00%  highvar=0.00%
GA search time: 6.61s, candidates: 368
  [iter   3/100] search_obj=0.9300  search_best=0.7977  validation_best=0.7816  EI=0.0132  rnum=168.4  len=40  syn_rate=0.62  mean=0.9090  worsen=14.00%  highvar=0.00%
GA search time: 5.00s, candidates: 366
  [iter   4/100] search_obj=0.8179  search_best=0.7977  validation_best=0.7816  EI=0.0121  rnum=166.3  len=12  syn_rate=0.14  mean=0.8059  worsen=8.00%  highvar=0.00%
GA search time: 10.19s, candidates: 364
  [iter   5/100] search_obj=1.2497  search_best=0.7977  validation_best=0.7816  EI=0.0201  rnum=164.2  len=35  syn_rate=0.51  mean=1.1447  worsen=70.00%  highvar=0.00%
GA search time: 10.92s, candidates: 362
  [iter   6/100] search_obj=1.1055  search_best=0.7977  validation_best=0.7816  EI=0.0113  rnum=162.0  len=14  syn_rate=0.10  mean=1.0395  worsen=44.00%  highvar=0.00%
GA search time: 5.96s, candidates: 359
  [iter   7/100] search_obj=0.8179  search_best=0.7977  validation_best=0.7816  EI=0.0155  rnum=159.9  len=13  syn_rate=0.14  mean=0.8059  worsen=8.00%  highvar=0.00%
GA search time: 7.65s, candidates: 357
  [iter   8/100] search_obj=0.8121  search_best=0.7977  validation_best=0.7816  EI=0.0142  rnum=157.7  len=14  syn_rate=0.14  mean=0.8001  worsen=8.00%  highvar=0.00%
GA search time: 6.17s, candidates: 355
  [iter   9/100] search_obj=0.7679  search_best=0.7679  validation_best=0.7690  EI=0.0150  rnum=155.6  len=27  syn_rate=0.18  mean=0.7574  worsen=7.00%  highvar=0.00%
GA search time: 7.76s, candidates: 353
  [iter  10/100] search_obj=0.7679  search_best=0.7679  validation_best=0.7690  EI=0.0173  rnum=153.4  len=29  syn_rate=0.18  mean=0.7574  worsen=7.00%  highvar=0.00%
GA search time: 7.57s, candidates: 351
  [iter  11/100] search_obj=0.9339  search_best=0.7679  validation_best=0.7690  EI=0.0204  rnum=151.3  len=97  syn_rate=0.24  mean=0.9114  worsen=15.00%  highvar=0.00%
GA search time: 7.85s, candidates: 349
  [iter  12/100] search_obj=1.0380  search_best=0.7679  validation_best=0.7690  EI=0.0198  rnum=149.1  len=29  syn_rate=0.15  mean=0.9690  worsen=46.00%  highvar=0.00%
GA search time: 4.91s, candidates: 346
  [iter  13/100] search_obj=1.0135  search_best=0.7679  validation_best=0.7690  EI=0.0166  rnum=147.0  len=21  syn_rate=0.18  mean=0.9880  worsen=17.00%  highvar=0.00%
GA search time: 3.31s, candidates: 344
  [iter  14/100] search_obj=0.8687  search_best=0.7679  validation_best=0.7690  EI=0.0160  rnum=144.8  len=18  syn_rate=0.15  mean=0.8537  worsen=10.00%  highvar=0.00%
GA search time: 3.66s, candidates: 342
  [iter  15/100] search_obj=0.9794  search_best=0.7679  validation_best=0.7690  EI=0.0153  rnum=142.7  len=26  syn_rate=0.11  mean=0.9539  worsen=17.00%  highvar=0.00%
GA search time: 7.70s, candidates: 340
  [iter  16/100] search_obj=0.9156  search_best=0.7679  validation_best=0.7690  EI=0.0130  rnum=140.5  len=39  syn_rate=0.18  mean=0.8976  worsen=12.00%  highvar=0.00%
GA search time: 4.40s, candidates: 338
  [iter  17/100] search_obj=1.0139  search_best=0.7679  validation_best=0.7690  EI=0.0155  rnum=138.4  len=27  syn_rate=0.18  mean=0.9869  worsen=18.00%  highvar=0.00%
GA search time: 6.36s, candidates: 336
  [iter  18/100] search_obj=1.0139  search_best=0.7679  validation_best=0.7690  EI=0.0145  rnum=136.3  len=28  syn_rate=0.18  mean=0.9869  worsen=18.00%  highvar=0.00%
GA search time: 6.18s, candidates: 334
  [iter  19/100] search_obj=1.0139  search_best=0.7679  validation_best=0.7690  EI=0.0182  rnum=134.2  len=29  syn_rate=0.18  mean=0.9869  worsen=18.00%  highvar=0.00%
GA search time: 5.46s, candidates: 332
  [iter  20/100] search_obj=0.9525  search_best=0.7679  validation_best=0.7690  EI=0.0062  rnum=132.1  len=17  syn_rate=0.14  mean=0.9375  worsen=10.00%  highvar=0.00%
GA search time: 4.06s, candidates: 329
  [iter  21/100] search_obj=1.2327  search_best=0.7679  validation_best=0.7690  EI=0.0064  rnum=130.0  len=29  syn_rate=0.40  mean=1.1442  worsen=59.00%  highvar=0.00%
GA search time: 3.85s, candidates: 327
  [iter  22/100] search_obj=0.8282  search_best=0.7679  validation_best=0.7690  EI=0.0063  rnum=127.9  len=14  syn_rate=0.14  mean=0.8147  worsen=9.00%  highvar=0.00%
GA search time: 2.49s, candidates: 325
  [iter  23/100] search_obj=1.0752  search_best=0.7679  validation_best=0.7690  EI=0.0041  rnum=125.8  len=21  syn_rate=0.44  mean=0.9747  worsen=67.00%  highvar=0.00%
GA search time: 2.55s, candidates: 323
  [iter  24/100] search_obj=0.8726  search_best=0.7679  validation_best=0.7690  EI=0.0053  rnum=123.7  len=16  syn_rate=0.35  mean=0.8621  worsen=7.00%  highvar=0.00%
GA search time: 6.06s, candidates: 321
  [iter  25/100] search_obj=1.4154  search_best=0.7679  validation_best=0.7690  EI=0.0066  rnum=121.6  len=32  syn_rate=0.48  mean=1.2864  worsen=86.00%  highvar=0.00%
GA search time: 4.71s, candidates: 319
  [iter  26/100] search_obj=1.0139  search_best=0.7679  validation_best=0.7690  EI=0.0056  rnum=119.6  len=29  syn_rate=0.18  mean=0.9869  worsen=18.00%  highvar=0.00%
GA search time: 3.02s, candidates: 317
  [iter  27/100] search_obj=1.3752  search_best=0.7679  validation_best=0.7690  EI=0.0049  rnum=117.5  len=49  syn_rate=0.57  mean=1.2567  worsen=79.00%  highvar=0.00%
GA search time: 4.65s, candidates: 315
  [iter  28/100] search_obj=0.9483  search_best=0.7679  validation_best=0.7690  EI=0.0060  rnum=115.5  len=11  syn_rate=0.13  mean=0.9318  worsen=11.00%  highvar=0.00%
GA search time: 7.34s, candidates: 313
  [iter  29/100] search_obj=1.0203  search_best=0.7679  validation_best=0.7690  EI=0.0055  rnum=113.5  len=16  syn_rate=0.18  mean=0.9648  worsen=37.00%  highvar=0.00%
GA search time: 4.64s, candidates: 311
  [iter  30/100] search_obj=1.1070  search_best=0.7679  validation_best=0.7690  EI=0.0043  rnum=111.5  len=15  syn_rate=0.14  mean=1.0440  worsen=42.00%  highvar=0.00%
GA search time: 2.95s, candidates: 309
  [iter  31/100] search_obj=0.9753  search_best=0.7679  validation_best=0.7690  EI=0.0065  rnum=109.5  len=15  syn_rate=0.18  mean=0.9513  worsen=16.00%  highvar=0.00%
GA search time: 3.55s, candidates: 307
  [iter  32/100] search_obj=1.0717  search_best=0.7679  validation_best=0.7690  EI=0.0061  rnum=107.6  len=41  syn_rate=0.45  mean=1.0072  worsen=43.00%  highvar=0.00%
GA search time: 1.60s, candidates: 305
  [iter  33/100] search_obj=0.9565  search_best=0.7679  validation_best=0.7690  EI=0.0046  rnum=105.6  len=14  syn_rate=0.16  mean=0.9385  worsen=12.00%  highvar=0.00%
GA search time: 2.16s, candidates: 303
  [iter  34/100] search_obj=1.0957  search_best=0.7679  validation_best=0.7690  EI=0.0062  rnum=103.7  len=13  syn_rate=0.08  mean=1.0327  worsen=42.00%  highvar=0.00%
GA search time: 4.04s, candidates: 301
  [iter  35/100] search_obj=0.9761  search_best=0.7679  validation_best=0.7690  EI=0.0067  rnum=101.7  len=14  syn_rate=0.13  mean=0.9521  worsen=16.00%  highvar=0.00%
GA search time: 3.30s, candidates: 299
  [iter  36/100] search_obj=0.7978  search_best=0.7679  validation_best=0.7690  EI=0.0051  rnum=99.8  len=18  syn_rate=0.44  mean=0.7873  worsen=7.00%  highvar=0.00%
GA search time: 4.98s, candidates: 297
  [iter  37/100] search_obj=1.0181  search_best=0.7679  validation_best=0.7690  EI=0.0051  rnum=97.9  len=19  syn_rate=0.38  mean=0.9926  worsen=17.00%  highvar=0.00%
GA search time: 2.65s, candidates: 296
  [iter  38/100] search_obj=1.0188  search_best=0.7679  validation_best=0.7690  EI=0.0071  rnum=96.1  len=18  syn_rate=0.30  mean=0.9933  worsen=17.00%  highvar=0.00%
GA search time: 2.03s, candidates: 294
  [iter  39/100] search_obj=0.7978  search_best=0.7679  validation_best=0.7690  EI=0.0061  rnum=94.2  len=19  syn_rate=0.50  mean=0.7873  worsen=7.00%  highvar=0.00%
GA search time: 4.35s, candidates: 292
  [iter  40/100] search_obj=1.0186  search_best=0.7679  validation_best=0.7690  EI=0.0068  rnum=92.4  len=19  syn_rate=0.37  mean=0.9931  worsen=17.00%  highvar=0.00%
GA search time: 3.70s, candidates: 290
  [iter  41/100] search_obj=0.9530  search_best=0.7679  validation_best=0.7690  EI=0.0088  rnum=90.5  len=19  syn_rate=0.45  mean=0.9305  worsen=15.00%  highvar=0.00%
GA search time: 2.95s, candidates: 288
  [iter  42/100] search_obj=0.9658  search_best=0.7679  validation_best=0.7690  EI=0.0056  rnum=88.7  len=31  syn_rate=0.61  mean=0.9298  worsen=24.00%  highvar=0.00%
GA search time: 2.21s, candidates: 286
  [iter  43/100] search_obj=0.9203  search_best=0.7679  validation_best=0.7690  EI=0.0055  rnum=87.0  len=19  syn_rate=0.50  mean=0.8708  worsen=33.00%  highvar=0.00%
GA search time: 1.79s, candidates: 285
  [iter  44/100] search_obj=0.7977  search_best=0.7679  validation_best=0.7690  EI=0.0078  rnum=85.2  len=17  syn_rate=0.35  mean=0.7872  worsen=7.00%  highvar=0.00%
GA search time: 1.60s, candidates: 283
  [iter  45/100] search_obj=1.0181  search_best=0.7679  validation_best=0.7690  EI=0.0044  rnum=83.5  len=20  syn_rate=0.53  mean=0.9926  worsen=17.00%  highvar=0.00%
GA search time: 4.19s, candidates: 281
  [iter  46/100] search_obj=0.9761  search_best=0.7679  validation_best=0.7690  EI=0.0072  rnum=81.7  len=13  syn_rate=0.14  mean=0.9521  worsen=16.00%  highvar=0.00%
GA search time: 4.15s, candidates: 280
  [iter  47/100] search_obj=0.8087  search_best=0.7679  validation_best=0.7690  EI=0.0124  rnum=80.0  len=17  syn_rate=0.34  mean=0.7982  worsen=7.00%  highvar=0.00%
GA search time: 7.99s, candidates: 278
  [iter  48/100] search_obj=0.8197  search_best=0.7679  validation_best=0.7690  EI=0.0083  rnum=78.4  len=13  syn_rate=0.17  mean=0.7987  worsen=14.00%  highvar=0.00%
GA search time: 4.61s, candidates: 276
  [iter  49/100] search_obj=1.1011  search_best=0.7679  validation_best=0.7690  EI=0.0092  rnum=76.7  len=18  syn_rate=0.26  mean=1.0306  worsen=47.00%  highvar=0.00%
GA search time: 3.77s, candidates: 275
  [iter  50/100] search_obj=1.0538  search_best=0.7679  validation_best=0.7690  EI=0.0122  rnum=75.1  len=14  syn_rate=0.21  mean=1.0103  worsen=29.00%  highvar=0.00%
GA search time: 2.34s, candidates: 273
  [iter  51/100] search_obj=0.8197  search_best=0.7679  validation_best=0.7690  EI=0.0097  rnum=73.4  len=13  syn_rate=0.15  mean=0.7987  worsen=14.00%  highvar=0.00%
GA search time: 3.97s, candidates: 271
  [iter  52/100] search_obj=0.9530  search_best=0.7679  validation_best=0.7690  EI=0.0067  rnum=71.8  len=18  syn_rate=0.40  mean=0.9305  worsen=15.00%  highvar=0.00%
GA search time: 2.16s, candidates: 270
  [iter  53/100] search_obj=0.8640  search_best=0.7679  validation_best=0.7690  EI=0.0064  rnum=70.3  len=16  syn_rate=0.19  mean=0.8400  worsen=16.00%  highvar=0.00%
GA search time: 2.60s, candidates: 268
  [iter  54/100] search_obj=1.0669  search_best=0.7679  validation_best=0.7690  EI=0.0055  rnum=68.7  len=18  syn_rate=0.35  mean=1.0234  worsen=29.00%  highvar=0.00%
GA search time: 4.10s, candidates: 267
  [iter  55/100] search_obj=0.9535  search_best=0.7679  validation_best=0.7690  EI=0.0048  rnum=67.2  len=16  syn_rate=0.32  mean=0.9040  worsen=33.00%  highvar=0.00%
GA search time: 2.36s, candidates: 265
  [iter  56/100] search_obj=0.8087  search_best=0.7679  validation_best=0.7690  EI=0.0068  rnum=65.7  len=17  syn_rate=0.34  mean=0.7982  worsen=7.00%  highvar=0.00%
GA search time: 2.45s, candidates: 264
  [iter  57/100] search_obj=1.0188  search_best=0.7679  validation_best=0.7690  EI=0.0049  rnum=64.2  len=17  syn_rate=0.32  mean=0.9933  worsen=17.00%  highvar=0.00%
GA search time: 2.86s, candidates: 262
  [iter  58/100] search_obj=1.1762  search_best=0.7679  validation_best=0.7690  EI=0.0051  rnum=62.7  len=36  syn_rate=0.55  mean=1.0982  worsen=52.00%  highvar=0.00%
GA search time: 2.47s, candidates: 261
  [iter  59/100] search_obj=0.9665  search_best=0.7679  validation_best=0.7690  EI=0.0059  rnum=61.3  len=17  syn_rate=0.32  mean=0.9305  worsen=24.00%  highvar=0.00%
GA search time: 4.54s, candidates: 259
  [iter  60/100] search_obj=0.7966  search_best=0.7679  validation_best=0.7690  EI=0.0064  rnum=59.8  len=19  syn_rate=0.52  mean=0.7846  worsen=8.00%  highvar=0.00%
GA search time: 2.82s, candidates: 258
  [iter  61/100] search_obj=0.9570  search_best=0.7679  validation_best=0.7690  EI=0.0069  rnum=58.4  len=13  syn_rate=0.15  mean=0.9330  worsen=16.00%  highvar=0.00%
GA search time: 2.66s, candidates: 257
  [iter  62/100] search_obj=0.9445  search_best=0.7679  validation_best=0.7690  EI=0.0048  rnum=57.0  len=14  syn_rate=0.15  mean=0.9295  worsen=10.00%  highvar=0.00%
GA search time: 2.20s, candidates: 255
  [iter  63/100] search_obj=0.8857  search_best=0.7679  validation_best=0.7690  EI=0.0052  rnum=55.7  len=38  syn_rate=0.66  mean=0.8707  worsen=10.00%  highvar=0.00%
GA search time: 2.03s, candidates: 254
  [iter  64/100] search_obj=1.0188  search_best=0.7679  validation_best=0.7690  EI=0.0096  rnum=54.3  len=17  syn_rate=0.34  mean=0.9933  worsen=17.00%  highvar=0.00%
GA search time: 2.20s, candidates: 253
  [iter  65/100] search_obj=0.8343  search_best=0.7679  validation_best=0.7690  EI=0.0047  rnum=53.0  len=18  syn_rate=0.31  mean=0.8238  worsen=7.00%  highvar=0.00%
GA search time: 2.68s, candidates: 251
  [iter  66/100] search_obj=0.8076  search_best=0.7679  validation_best=0.7690  EI=0.0083  rnum=51.7  len=17  syn_rate=0.38  mean=0.7971  worsen=7.00%  highvar=0.00%
GA search time: 3.41s, candidates: 250
  [iter  67/100] search_obj=1.0145  search_best=0.7679  validation_best=0.7690  EI=0.0062  rnum=50.5  len=29  syn_rate=0.52  mean=0.9890  worsen=17.00%  highvar=0.00%
GA search time: 1.48s, candidates: 249
  [iter  68/100] search_obj=0.9433  search_best=0.7679  validation_best=0.7690  EI=0.0067  rnum=49.2  len=18  syn_rate=0.44  mean=0.9283  worsen=10.00%  highvar=0.00%
GA search time: 1.35s, candidates: 247
  [iter  69/100] search_obj=0.9530  search_best=0.7679  validation_best=0.7690  EI=0.0064  rnum=48.0  len=19  syn_rate=0.53  mean=0.9305  worsen=15.00%  highvar=0.00%
GA search time: 1.88s, candidates: 246
  [iter  70/100] search_obj=1.0669  search_best=0.7679  validation_best=0.7690  EI=0.0060  rnum=46.8  len=17  syn_rate=0.27  mean=1.0234  worsen=29.00%  highvar=0.00%
GA search time: 2.02s, candidates: 245
  [iter  71/100] search_obj=0.8096  search_best=0.7679  validation_best=0.7690  EI=0.0057  rnum=45.6  len=17  syn_rate=0.37  mean=0.7976  worsen=8.00%  highvar=0.00%
GA search time: 1.40s, candidates: 244
  [iter  72/100] search_obj=0.7977  search_best=0.7679  validation_best=0.7690  EI=0.0053  rnum=44.4  len=18  syn_rate=0.35  mean=0.7872  worsen=7.00%  highvar=0.00%
GA search time: 1.56s, candidates: 243
  [iter  73/100] search_obj=0.7705  search_best=0.7679  validation_best=0.7621  EI=0.0083  rnum=43.3  len=18  syn_rate=0.36  mean=0.7615  worsen=6.00%  highvar=0.00%
GA search time: 2.68s, candidates: 242
  [iter  74/100] search_obj=0.7391  search_best=0.7391  validation_best=0.7446  EI=0.0082  rnum=42.2  len=20  syn_rate=0.40  mean=0.7331  worsen=4.00%  highvar=0.00%
GA search time: 4.50s, candidates: 241
  [iter  75/100] search_obj=0.7977  search_best=0.7391  validation_best=0.7446  EI=0.0091  rnum=41.1  len=19  syn_rate=0.38  mean=0.7872  worsen=7.00%  highvar=0.00%
GA search time: 4.40s, candidates: 239
  [iter  76/100] search_obj=0.7906  search_best=0.7391  validation_best=0.7446  EI=0.0069  rnum=40.0  len=20  syn_rate=0.35  mean=0.7801  worsen=7.00%  highvar=0.00%
GA search time: 4.06s, candidates: 238
  [iter  77/100] search_obj=0.8229  search_best=0.7391  validation_best=0.7446  EI=0.0083  rnum=38.9  len=24  syn_rate=0.47  mean=0.7974  worsen=17.00%  highvar=0.00%
GA search time: 2.99s, candidates: 237
  [iter  78/100] search_obj=1.0541  search_best=0.7391  validation_best=0.7446  EI=0.0095  rnum=37.9  len=50  syn_rate=0.39  mean=1.0121  worsen=28.00%  highvar=0.00%
GA search time: 2.12s, candidates: 236
  [iter  79/100] search_obj=0.8264  search_best=0.7391  validation_best=0.7446  EI=0.0095  rnum=36.9  len=22  syn_rate=0.38  mean=0.8144  worsen=8.00%  highvar=0.00%
GA search time: 3.84s, candidates: 235
  [iter  80/100] search_obj=0.8416  search_best=0.7391  validation_best=0.7446  EI=0.0076  rnum=35.9  len=20  syn_rate=0.41  mean=0.8311  worsen=7.00%  highvar=0.00%
GA search time: 3.50s, candidates: 234
  [iter  81/100] search_obj=0.9471  search_best=0.7391  validation_best=0.7446  EI=0.0073  rnum=34.9  len=27  syn_rate=0.43  mean=0.9306  worsen=11.00%  highvar=0.00%
GA search time: 2.34s, candidates: 233
  [iter  82/100] search_obj=1.1330  search_best=0.7391  validation_best=0.7446  EI=0.0064  rnum=33.9  len=14  syn_rate=0.19  mean=1.0640  worsen=46.00%  highvar=0.00%
GA search time: 1.32s, candidates: 233
  [iter  83/100] search_obj=1.0099  search_best=0.7391  validation_best=0.7446  EI=0.0065  rnum=33.0  len=22  syn_rate=0.45  mean=0.9844  worsen=17.00%  highvar=0.00%
GA search time: 1.37s, candidates: 232
  [iter  84/100] search_obj=0.8246  search_best=0.7391  validation_best=0.7446  EI=0.0059  rnum=32.1  len=22  syn_rate=0.38  mean=0.8156  worsen=6.00%  highvar=0.00%
GA search time: 1.62s, candidates: 231
  [iter  85/100] search_obj=0.8135  search_best=0.7391  validation_best=0.7446  EI=0.0066  rnum=31.2  len=20  syn_rate=0.39  mean=0.8000  worsen=9.00%  highvar=0.00%
GA search time: 1.02s, candidates: 230
  [iter  86/100] search_obj=0.8982  search_best=0.7391  validation_best=0.7446  EI=0.0045  rnum=30.3  len=18  syn_rate=0.23  mean=0.8727  worsen=17.00%  highvar=0.00%
GA search time: 0.99s, candidates: 229
  [iter  87/100] search_obj=0.9303  search_best=0.7391  validation_best=0.7446  EI=0.0055  rnum=29.5  len=20  syn_rate=0.41  mean=0.9093  worsen=14.00%  highvar=0.00%
GA search time: 1.51s, candidates: 228
  [iter  88/100] search_obj=1.0705  search_best=0.7391  validation_best=0.7446  EI=0.0038  rnum=28.6  len=22  syn_rate=0.36  mean=0.9865  worsen=56.00%  highvar=0.00%
GA search time: 2.11s, candidates: 227
  [iter  89/100] search_obj=0.7925  search_best=0.7391  validation_best=0.7446  EI=0.0038  rnum=27.8  len=39  syn_rate=0.50  mean=0.7700  worsen=15.00%  highvar=0.00%
GA search time: 1.21s, candidates: 226
  [iter  90/100] search_obj=0.8087  search_best=0.7391  validation_best=0.7446  EI=0.0045  rnum=27.0  len=18  syn_rate=0.37  mean=0.7982  worsen=7.00%  highvar=0.00%
GA search time: 2.81s, candidates: 226
  [iter  91/100] search_obj=0.8175  search_best=0.7391  validation_best=0.7446  EI=0.0085  rnum=26.2  len=38  syn_rate=0.44  mean=0.7920  worsen=17.00%  highvar=0.00%
GA search time: 2.01s, candidates: 225
  [iter  92/100] search_obj=0.8141  search_best=0.7391  validation_best=0.7446  EI=0.0056  rnum=25.4  len=40  syn_rate=0.48  mean=0.7901  worsen=16.00%  highvar=0.00%
GA search time: 2.33s, candidates: 224
  [iter  93/100] search_obj=0.7761  search_best=0.7391  validation_best=0.7446  EI=0.0079  rnum=24.7  len=26  syn_rate=0.39  mean=0.7641  worsen=8.00%  highvar=0.00%
GA search time: 2.83s, candidates: 223
  [iter  94/100] search_obj=0.8165  search_best=0.7391  validation_best=0.7446  EI=0.0099  rnum=24.0  len=45  syn_rate=0.49  mean=0.7910  worsen=17.00%  highvar=0.00%
GA search time: 2.24s, candidates: 223
  [iter  95/100] search_obj=1.0636  search_best=0.7391  validation_best=0.7446  EI=0.0073  rnum=23.3  len=34  syn_rate=0.40  mean=1.0216  worsen=28.00%  highvar=0.00%
GA search time: 1.98s, candidates: 222
  [iter  96/100] search_obj=0.8667  search_best=0.7391  validation_best=0.7446  EI=0.0061  rnum=22.6  len=47  syn_rate=0.54  mean=0.8517  worsen=10.00%  highvar=0.00%
GA search time: 2.20s, candidates: 221
  [iter  97/100] search_obj=0.8664  search_best=0.7391  validation_best=0.7446  EI=0.0078  rnum=21.9  len=26  syn_rate=0.44  mean=0.8514  worsen=10.00%  highvar=0.00%
GA search time: 1.95s, candidates: 221
  [iter  98/100] search_obj=0.7822  search_best=0.7391  validation_best=0.7446  EI=0.0071  rnum=21.2  len=20  syn_rate=0.35  mean=0.7717  worsen=7.00%  highvar=0.00%
GA search time: 1.72s, candidates: 220
  [iter  99/100] search_obj=0.7349  search_best=0.7349  validation_best=0.7163  EI=0.0072  rnum=20.6  len=40  syn_rate=0.54  mean=0.7244  worsen=7.00%  highvar=0.00%
GA search time: 2.55s, candidates: 219
  [iter 100/100] search_obj=0.8509  search_best=0.7349  validation_best=0.7163  EI=0.0123  rnum=19.9  len=48  syn_rate=0.48  mean=0.8359  worsen=10.00%  highvar=0.00%

[Step 5] 按 validation 选择最终通用序列...
  选择结果:
    search_train_obj=0.7349, search_train_mean=0.7244, search_train_worsen=7.00%, search_train_highvar=0.00%
    validation_obj=0.7163, validation_mean=0.7073, validation_worsen=6.00%, validation_highvar=0.00%

[Step 6] 在 validation 上执行消融后处理...

[Ablation-validation] 初始序列长度: 40, objective: 0.7163, mean_norm: 0.7073, worsen_rate: 6.00%
  移除 [39] cgscc(attributor-cgscc): objective 0.7163, mean_norm 0.7073, worsen_rate 6.00% (保留移除)
  移除 [38] function(memcpyopt): objective 0.7163, mean_norm 0.7073, worsen_rate 6.00% (保留移除)
  移除 [37] module(iroutliner): objective 0.7163, mean_norm 0.7073, worsen_rate 6.00% (保留移除)
  移除 [36] module(elim-avail-extern): objective 0.7163, mean_norm 0.7073, worsen_rate 6.00% (保留移除)
  移除 [35] module(globalopt): objective 0.7163, mean_norm 0.7073, worsen_rate 6.00% (保留移除)
  移除 [34] module(elim-avail-extern): objective 0.7163, mean_norm 0.7073, worsen_rate 6.00% (保留移除)
  移除 [33] module(scc-oz-module-inliner): objective 0.7342 > 0.7163 (恢复)
  移除 [32] module(attributor): objective 0.7283 > 0.7163 (恢复)
  移除 [31] module(iroutliner): objective 0.7199 > 0.7163 (恢复)
  移除 [30] function(gvn-sink): objective 0.7170 > 0.7163 (恢复)
  移除 [29] function(jump-threading): objective 0.7163, mean_norm 0.7073, worsen_rate 6.00% (保留移除)
  移除 [28] function(gvn-hoist): objective 0.7180 > 0.7163 (恢复)
  移除 [27] module(scc-oz-module-inliner): objective 0.7548 > 0.7163 (恢复)
  移除 [26] module(attributor): objective 0.7271 > 0.7163 (恢复)
  移除 [25] function(lower-switch): objective 0.7119, mean_norm 0.7044, worsen_rate 5.00% (保留移除)
  移除 [24] module(iroutliner): objective 0.7227 > 0.7119 (恢复)
  移除 [23] function(gvn-sink): objective 0.7128 > 0.7119 (恢复)
  移除 [22] function(dse): objective 0.7119, mean_norm 0.7044, worsen_rate 5.00% (保留移除)
  移除 [21] function(dse): objective 0.7206 > 0.7119 (恢复)
  移除 [20] function(memcpyopt): objective 0.7119, mean_norm 0.7044, worsen_rate 5.00% (保留移除)
  移除 [19] function(gvn-hoist): objective 0.7111, mean_norm 0.7036, worsen_rate 5.00% (保留移除)
  移除 [18] module(attributor): objective 0.7111, mean_norm 0.7036, worsen_rate 5.00% (保留移除)
  移除 [17] module(attributor): objective 0.7111, mean_norm 0.7036, worsen_rate 5.00% (保留移除)
  移除 [16] module(attributor): objective 0.7201 > 0.7111 (恢复)
  移除 [15] function(dse): objective 0.7111, mean_norm 0.7036, worsen_rate 5.00% (保留移除)
  移除 [14] function(dse): objective 0.7114 > 0.7111 (恢复)
  移除 [13] function(instsimplify): objective 0.7200 > 0.7111 (恢复)
  移除 [12] function(dce): objective 0.7111, mean_norm 0.7036, worsen_rate 5.00% (保留移除)
  移除 [11] loop(loop-simplifycfg): objective 0.7104, mean_norm 0.7029, worsen_rate 5.00% (保留移除)
  移除 [10] function(memcpyopt): objective 0.7104, mean_norm 0.7029, worsen_rate 5.00% (保留移除)
  移除 [9] module(globalopt): objective 0.7104, mean_norm 0.7029, worsen_rate 5.00% (保留移除)
  移除 [8] module(globalopt): objective 0.7104, mean_norm 0.7029, worsen_rate 5.00% (保留移除)
  移除 [7] module(elim-avail-extern): objective 0.7104, mean_norm 0.7029, worsen_rate 5.00% (保留移除)
  移除 [6] module(globalopt): objective 0.7104, mean_norm 0.7029, worsen_rate 5.00% (保留移除)
  移除 [5] module(elim-avail-extern): objective 0.7104, mean_norm 0.7029, worsen_rate 5.00% (保留移除)
  移除 [4] function(gvn-hoist): objective 0.7236 > 0.7104 (恢复)
  移除 [3] module(iroutliner): objective 0.7225 > 0.7104 (恢复)
  移除 [2] module(attributor): objective 0.7096, mean_norm 0.7021, worsen_rate 5.00% (保留移除)
  移除 [1] module(globalopt): objective 0.8901 > 0.7096 (恢复)
  移除 [0] module(elim-avail-extern): objective 1.0042 > 0.7096 (恢复)
[Ablation-validation] 最终序列长度: 17, objective: 0.7096, mean_norm: 0.7021, worsen_rate: 5.00%, 移除了 23 个 pass
  消融有效: 40 → 17 passes, validation_objective: 0.7163 → 0.7096

最终通用 pass 序列（effective=17 个顶层 pass, raw=17 个 pass, syn_rate(raw)=0.19）:
  module(elim-avail-extern) → module(globalopt) → module(iroutliner) → function(gvn-hoist) → function(instsimplify) → function(dse) → module(attributor) → function(dse) → function(gvn-sink) → module(iroutliner) → module(attributor) → module(scc-oz-module-inliner) → function(gvn-hoist) → function(gvn-sink) → module(iroutliner) → module(attributor) → module(scc-oz-module-inliner)
  search_train_obj=0.7183, search_train_mean=0.7108, search_train_worsen=5.00%, search_train_highvar=0.00%
  validation_obj=0.7096, validation_mean=0.7021, validation_worsen=5.00%, validation_highvar=0.00%
  test_obj=0.7523, test_mean=0.7463, test_worsen=4.00%, test_highvar=0.00%

Top-5 最佳序列（按 validation 多目标 objective 升序）:
  #1: validation_obj=0.7163, validation_mean=0.7073, validation_worsen=6.00%, validation_highvar=0.00%, train_obj=0.7349, train_mean=0.7244, train_highvar=0.00%, len=40, syn_rate=0.54, test_obj=0.7734, test_mean=0.7674, test_worsen=4.00%, test_highvar=0.00%
     module(elim-avail-extern) → module(globalopt) → module(attributor) → module(iroutliner) → function(gvn-hoist) → module(elim-avail-extern) → module(globalopt) → module(elim-avail-extern) → module(globalopt) → module(globalopt) → function(memcpyopt) → function(loop(loop-simplifycfg)) → function(dce) → function(instsimplify) → function(dse) → function(dse) → module(attributor) → module(attributor) → module(attributor) → function(gvn-hoist) → function(memcpyopt) → function(dse) → function(dse) → function(gvn-sink) → module(iroutliner) → function(lower-switch) → module(attributor) → module(scc-oz-module-inliner) → function(gvn-hoist) → function(jump-threading) → function(gvn-sink) → module(iroutliner) → module(attributor) → module(scc-oz-module-inliner) → module(elim-avail-extern) → module(globalopt) → module(elim-avail-extern) → module(iroutliner) → function(memcpyopt) → cgscc(attributor-cgscc)
     raw: module(elim-avail-extern) → module(globalopt) → module(attributor) → module(iroutliner) → function(gvn-hoist) → module(elim-avail-extern) → module(globalopt) → module(elim-avail-extern) → module(globalopt) → module(globalopt) → function(memcpyopt) → loop(loop-simplifycfg) → function(dce) → function(instsimplify) → function(dse) → function(dse) → module(attributor) → module(attributor) → module(attributor) → function(gvn-hoist) → function(memcpyopt) → function(dse) → function(dse) → function(gvn-sink) → module(iroutliner) → function(lower-switch) → module(attributor) → module(scc-oz-module-inliner) → function(gvn-hoist) → function(jump-threading) → function(gvn-sink) → module(iroutliner) → module(attributor) → module(scc-oz-module-inliner) → module(elim-avail-extern) → module(globalopt) → module(elim-avail-extern) → module(iroutliner) → function(memcpyopt) → cgscc(attributor-cgscc)
  #2: validation_obj=0.7446, validation_mean=0.7341, validation_worsen=7.00%, validation_highvar=0.00%, train_obj=0.7391, train_mean=0.7331, train_highvar=0.00%, len=20, syn_rate=0.40, test_obj=0.7689, test_mean=0.7629, test_worsen=4.00%, test_highvar=0.00%
     module(globalopt) → function(gvn-hoist) → module(elim-avail-extern) → module(iroutliner) → function(gvn-sink) → module(globalopt) → module(elim-avail-extern) → function(memcpyopt) → module(attributor) → module(iroutliner) → function(jump-threading) → function(dse) → function(memcpyopt) → cgscc(attributor-cgscc) → module(globalopt) → module(attributor) → module(scc-oz-module-inliner) → function(instsimplify) → module(iroutliner) → function(gvn-sink)
  #3: validation_obj=0.7523, validation_mean=0.7373, validation_worsen=10.00%, validation_highvar=0.00%, train_obj=0.8165, train_mean=0.7910, train_highvar=0.00%, len=45, syn_rate=0.49, test_obj=0.7989, test_mean=0.7899, test_worsen=6.00%, test_highvar=0.00%
     module(elim-avail-extern) → module(globalopt) → module(attributor) → module(iroutliner) → function(jump-threading) → function(dse) → function(lower-switch) → function(memcpyopt) → cgscc(attributor-cgscc) → module(globalopt) → module(attributor) → module(scc-oz-module-inliner) → function(instsimplify) → function(instsimplify) → module(iroutliner) → module(iroutliner) → function(gvn-sink) → function(gvn-hoist) → module(elim-avail-extern) → module(elim-avail-extern) → module(iroutliner) → function(lower-switch) → module(attributor) → function(memcpyopt) → cgscc(attributor-cgscc) → module(globalopt) → module(attributor) → module(scc-oz-module-inliner) → module(elim-avail-extern) → module(elim-avail-extern) → module(iroutliner) → module(attributor) → function(memcpyopt) → cgscc(attributor-cgscc) → module(globalopt) → module(attributor) → module(scc-oz-module-inliner) → module(elim-avail-extern) → module(iroutliner) → module(elim-avail-extern) → function(instsimplify) → function(instsimplify) → function(lower-switch) → function(instsimplify) → function(lower-switch)
  #4: validation_obj=0.7560, validation_mean=0.7365, validation_worsen=13.00%, validation_highvar=0.00%, train_obj=0.8175, train_mean=0.7920, train_highvar=0.00%, len=38, syn_rate=0.44, test_obj=0.7949, test_mean=0.7859, test_worsen=6.00%, test_highvar=0.00%
     module(elim-avail-extern) → module(globalopt) → module(attributor) → module(iroutliner) → function(jump-threading) → function(dse) → function(lower-switch) → module(elim-avail-extern) → module(iroutliner) → module(attributor) → module(scc-oz-module-inliner) → module(scc-oz-module-inliner) → module(scc-oz-module-inliner) → module(globalopt) → function(memcpyopt) → cgscc(attributor-cgscc) → module(globalopt) → module(attributor) → module(scc-oz-module-inliner) → function(instsimplify) → module(elim-avail-extern) → module(iroutliner) → function(jump-threading) → function(lower-switch) → module(attributor) → function(memcpyopt) → function(lower-switch) → cgscc(attributor-cgscc) → module(globalopt) → module(attributor) → module(scc-oz-module-inliner) → function(instsimplify) → function(lower-switch) → module(attributor) → module(globalopt) → module(iroutliner) → module(iroutliner) → function(gvn-sink)
  #5: validation_obj=0.7582, validation_mean=0.7387, validation_worsen=13.00%, validation_highvar=0.00%, train_obj=0.8141, train_mean=0.7901, train_highvar=0.00%, len=40, syn_rate=0.48, test_obj=0.8006, test_mean=0.7916, test_worsen=6.00%, test_highvar=0.00%
     module(elim-avail-extern) → module(globalopt) → module(attributor) → module(iroutliner) → function(jump-threading) → function(dse) → function(lower-switch) → function(memcpyopt) → cgscc(attributor-cgscc) → module(globalopt) → module(attributor) → module(scc-oz-module-inliner) → function(instsimplify) → module(globalopt) → module(iroutliner) → module(iroutliner) → function(gvn-sink) → module(elim-avail-extern) → module(globalopt) → module(attributor) → module(iroutliner) → module(attributor) → module(scc-oz-module-inliner) → function(lower-switch) → module(attributor) → function(instsimplify) → function(gvn-sink) → function(jump-threading) → function(dse) → function(lower-switch) → function(memcpyopt) → cgscc(attributor-cgscc) → module(globalopt) → module(attributor) → module(scc-oz-module-inliner) → function(instsimplify) → function(instsimplify) → function(gvn-sink) → module(iroutliner) → function(gvn-sink)
RF 解释性分析: ok  /root/exp/RFunipassLab/results/interpretability/20260505_065952_368025_feature_lite_seed463/run_0

============================================================
所有轮次中最优 validation objective: 0.7096
最优通用 pass 序列 (17 passes):
  module(elim-avail-extern) → module(globalopt) → module(iroutliner) → function(gvn-hoist) → function(instsimplify) → function(dse) → module(attributor) → function(dse) → function(gvn-sink) → module(iroutliner) → module(attributor) → module(scc-oz-module-inliner) → function(gvn-hoist) → function(gvn-sink) → module(iroutliner) → module(attributor) → module(scc-oz-module-inliner)
  search_train_obj=0.7183, search_train_mean=0.7108, search_train_worsen=5.00%, search_train_highvar=0.00%
  validation_obj=0.7096, validation_mean=0.7021, validation_worsen=5.00%, validation_highvar=0.00%
  test_obj=0.7523, test_mean=0.7463, test_worsen=4.00%, test_highvar=0.00%

最优轮次 Top-5 序列（含测试集效果，按 validation objective 升序）:
  #1: validation_obj=0.7163, validation_mean=0.7073, validation_worsen=6.00%, validation_highvar=0.00%, train_obj=0.7349, train_mean=0.7244, train_highvar=0.00%, len=40, syn_rate=0.54, test_obj=0.7734, test_mean=0.7674, test_worsen=4.00%, test_highvar=0.00%
     module(elim-avail-extern) → module(globalopt) → module(attributor) → module(iroutliner) → function(gvn-hoist) → module(elim-avail-extern) → module(globalopt) → module(elim-avail-extern) → module(globalopt) → module(globalopt) → function(memcpyopt) → function(loop(loop-simplifycfg)) → function(dce) → function(instsimplify) → function(dse) → function(dse) → module(attributor) → module(attributor) → module(attributor) → function(gvn-hoist) → function(memcpyopt) → function(dse) → function(dse) → function(gvn-sink) → module(iroutliner) → function(lower-switch) → module(attributor) → module(scc-oz-module-inliner) → function(gvn-hoist) → function(jump-threading) → function(gvn-sink) → module(iroutliner) → module(attributor) → module(scc-oz-module-inliner) → module(elim-avail-extern) → module(globalopt) → module(elim-avail-extern) → module(iroutliner) → function(memcpyopt) → cgscc(attributor-cgscc)
     raw: module(elim-avail-extern) → module(globalopt) → module(attributor) → module(iroutliner) → function(gvn-hoist) → module(elim-avail-extern) → module(globalopt) → module(elim-avail-extern) → module(globalopt) → module(globalopt) → function(memcpyopt) → loop(loop-simplifycfg) → function(dce) → function(instsimplify) → function(dse) → function(dse) → module(attributor) → module(attributor) → module(attributor) → function(gvn-hoist) → function(memcpyopt) → function(dse) → function(dse) → function(gvn-sink) → module(iroutliner) → function(lower-switch) → module(attributor) → module(scc-oz-module-inliner) → function(gvn-hoist) → function(jump-threading) → function(gvn-sink) → module(iroutliner) → module(attributor) → module(scc-oz-module-inliner) → module(elim-avail-extern) → module(globalopt) → module(elim-avail-extern) → module(iroutliner) → function(memcpyopt) → cgscc(attributor-cgscc)
  #2: validation_obj=0.7446, validation_mean=0.7341, validation_worsen=7.00%, validation_highvar=0.00%, train_obj=0.7391, train_mean=0.7331, train_highvar=0.00%, len=20, syn_rate=0.40, test_obj=0.7689, test_mean=0.7629, test_worsen=4.00%, test_highvar=0.00%
     module(globalopt) → function(gvn-hoist) → module(elim-avail-extern) → module(iroutliner) → function(gvn-sink) → module(globalopt) → module(elim-avail-extern) → function(memcpyopt) → module(attributor) → module(iroutliner) → function(jump-threading) → function(dse) → function(memcpyopt) → cgscc(attributor-cgscc) → module(globalopt) → module(attributor) → module(scc-oz-module-inliner) → function(instsimplify) → module(iroutliner) → function(gvn-sink)
  #3: validation_obj=0.7523, validation_mean=0.7373, validation_worsen=10.00%, validation_highvar=0.00%, train_obj=0.8165, train_mean=0.7910, train_highvar=0.00%, len=45, syn_rate=0.49, test_obj=0.7989, test_mean=0.7899, test_worsen=6.00%, test_highvar=0.00%
     module(elim-avail-extern) → module(globalopt) → module(attributor) → module(iroutliner) → function(jump-threading) → function(dse) → function(lower-switch) → function(memcpyopt) → cgscc(attributor-cgscc) → module(globalopt) → module(attributor) → module(scc-oz-module-inliner) → function(instsimplify) → function(instsimplify) → module(iroutliner) → module(iroutliner) → function(gvn-sink) → function(gvn-hoist) → module(elim-avail-extern) → module(elim-avail-extern) → module(iroutliner) → function(lower-switch) → module(attributor) → function(memcpyopt) → cgscc(attributor-cgscc) → module(globalopt) → module(attributor) → module(scc-oz-module-inliner) → module(elim-avail-extern) → module(elim-avail-extern) → module(iroutliner) → module(attributor) → function(memcpyopt) → cgscc(attributor-cgscc) → module(globalopt) → module(attributor) → module(scc-oz-module-inliner) → module(elim-avail-extern) → module(iroutliner) → module(elim-avail-extern) → function(instsimplify) → function(instsimplify) → function(lower-switch) → function(instsimplify) → function(lower-switch)
  #4: validation_obj=0.7560, validation_mean=0.7365, validation_worsen=13.00%, validation_highvar=0.00%, train_obj=0.8175, train_mean=0.7920, train_highvar=0.00%, len=38, syn_rate=0.44, test_obj=0.7949, test_mean=0.7859, test_worsen=6.00%, test_highvar=0.00%
     module(elim-avail-extern) → module(globalopt) → module(attributor) → module(iroutliner) → function(jump-threading) → function(dse) → function(lower-switch) → module(elim-avail-extern) → module(iroutliner) → module(attributor) → module(scc-oz-module-inliner) → module(scc-oz-module-inliner) → module(scc-oz-module-inliner) → module(globalopt) → function(memcpyopt) → cgscc(attributor-cgscc) → module(globalopt) → module(attributor) → module(scc-oz-module-inliner) → function(instsimplify) → module(elim-avail-extern) → module(iroutliner) → function(jump-threading) → function(lower-switch) → module(attributor) → function(memcpyopt) → function(lower-switch) → cgscc(attributor-cgscc) → module(globalopt) → module(attributor) → module(scc-oz-module-inliner) → function(instsimplify) → function(lower-switch) → module(attributor) → module(globalopt) → module(iroutliner) → module(iroutliner) → function(gvn-sink)
  #5: validation_obj=0.7582, validation_mean=0.7387, validation_worsen=13.00%, validation_highvar=0.00%, train_obj=0.8141, train_mean=0.7901, train_highvar=0.00%, len=40, syn_rate=0.48, test_obj=0.8006, test_mean=0.7916, test_worsen=6.00%, test_highvar=0.00%
     module(elim-avail-extern) → module(globalopt) → module(attributor) → module(iroutliner) → function(jump-threading) → function(dse) → function(lower-switch) → function(memcpyopt) → cgscc(attributor-cgscc) → module(globalopt) → module(attributor) → module(scc-oz-module-inliner) → function(instsimplify) → module(globalopt) → module(iroutliner) → module(iroutliner) → function(gvn-sink) → module(elim-avail-extern) → module(globalopt) → module(attributor) → module(iroutliner) → module(attributor) → module(scc-oz-module-inliner) → function(lower-switch) → module(attributor) → function(instsimplify) → function(gvn-sink) → function(jump-threading) → function(dse) → function(lower-switch) → function(memcpyopt) → cgscc(attributor-cgscc) → module(globalopt) → module(attributor) → module(scc-oz-module-inliner) → function(instsimplify) → function(instsimplify) → function(gvn-sink) → module(iroutliner) → function(gvn-sink)
binarysize_test: vs_none=0.999 (+0.1%)  vs_oz=0.999 (+0.1%)  vs_o3=0.995 (+0.5%) [metric=stripped_file_bytes]
binarysize_test[text_bytes]: vs_none=0.892 (+10.8%)  vs_oz=0.900 (+10.0%)  vs_o3=0.784 (+21.6%)
binarysize_test[data_bytes]: vs_none=0.984 (+1.6%)  vs_oz=0.991 (+0.9%)  vs_o3=0.986 (+1.4%)
binarysize_test[bss_bytes]: vs_none=1.000 (+0.0%)  vs_oz=1.000 (+0.0%)  vs_o3=1.000 (+0.0%)
binarysize_test[dec_bytes]: vs_none=0.922 (+7.8%)  vs_oz=0.927 (+7.3%)  vs_o3=0.848 (+15.2%)

最优轮次 Top-5 binarysize_test 序列面板（primary=stripped_file_bytes）:
  #1: len=40, syn_rate=0.54
     stripped_file_bytes: obj=1.0084, mean=0.9994, worsen=6.00%, vs_none=0.999 (+0.1%)  vs_oz=0.999 (+0.1%)  vs_o3=0.995 (+0.5%)
     text_bytes: obj=0.9250, mean=0.9040, worsen=14.00%, vs_none=0.895 (+10.5%)  vs_oz=0.904 (+9.6%)  vs_o3=0.788 (+21.2%)
     data_bytes: obj=1.0006, mean=0.9916, worsen=6.00%, vs_none=0.984 (+1.6%)  vs_oz=0.992 (+0.8%)  vs_o3=0.987 (+1.3%)
     bss_bytes: obj=1.0000, mean=1.0000, worsen=0.00%, vs_none=1.000 (+0.0%)  vs_oz=1.000 (+0.0%)  vs_o3=1.000 (+0.0%)
     dec_bytes: obj=0.9507, mean=0.9297, worsen=14.00%, vs_none=0.925 (+7.5%)  vs_oz=0.930 (+7.0%)  vs_o3=0.851 (+14.9%)
  #2: len=20, syn_rate=0.40
     stripped_file_bytes: obj=1.0085, mean=0.9995, worsen=6.00%, vs_none=0.999 (+0.1%)  vs_oz=0.999 (+0.1%)  vs_o3=0.995 (+0.5%)
     text_bytes: obj=0.9331, mean=0.9091, worsen=16.00%, vs_none=0.900 (+10.0%)  vs_oz=0.909 (+9.1%)  vs_o3=0.792 (+20.8%)
     data_bytes: obj=1.0025, mean=0.9935, worsen=6.00%, vs_none=0.986 (+1.4%)  vs_oz=0.993 (+0.7%)  vs_o3=0.988 (+1.2%)
     bss_bytes: obj=1.0000, mean=1.0000, worsen=0.00%, vs_none=1.000 (+0.0%)  vs_oz=1.000 (+0.0%)  vs_o3=1.000 (+0.0%)
     dec_bytes: obj=0.9581, mean=0.9341, worsen=16.00%, vs_none=0.929 (+7.1%)  vs_oz=0.934 (+6.6%)  vs_o3=0.855 (+14.5%)
  #3: len=45, syn_rate=0.49
     stripped_file_bytes: obj=1.0054, mean=0.9994, worsen=4.00%, vs_none=0.999 (+0.1%)  vs_oz=0.999 (+0.1%)  vs_o3=0.995 (+0.5%)
     text_bytes: obj=0.9310, mean=0.9100, worsen=14.00%, vs_none=0.901 (+9.9%)  vs_oz=0.910 (+9.0%)  vs_o3=0.792 (+20.8%)
     data_bytes: obj=0.9976, mean=0.9916, worsen=4.00%, vs_none=0.984 (+1.6%)  vs_oz=0.992 (+0.8%)  vs_o3=0.987 (+1.3%)
     bss_bytes: obj=1.0000, mean=1.0000, worsen=0.00%, vs_none=1.000 (+0.0%)  vs_oz=1.000 (+0.0%)  vs_o3=1.000 (+0.0%)
     dec_bytes: obj=0.9528, mean=0.9318, worsen=14.00%, vs_none=0.927 (+7.3%)  vs_oz=0.932 (+6.8%)  vs_o3=0.853 (+14.7%)
  #4: len=38, syn_rate=0.44
     stripped_file_bytes: obj=1.0054, mean=0.9994, worsen=4.00%, vs_none=0.999 (+0.1%)  vs_oz=0.999 (+0.1%)  vs_o3=0.995 (+0.5%)
     text_bytes: obj=0.9274, mean=0.9064, worsen=14.00%, vs_none=0.897 (+10.3%)  vs_oz=0.906 (+9.4%)  vs_o3=0.789 (+21.1%)
     data_bytes: obj=0.9976, mean=0.9916, worsen=4.00%, vs_none=0.984 (+1.6%)  vs_oz=0.992 (+0.8%)  vs_o3=0.987 (+1.3%)
     bss_bytes: obj=1.0000, mean=1.0000, worsen=0.00%, vs_none=1.000 (+0.0%)  vs_oz=1.000 (+0.0%)  vs_o3=1.000 (+0.0%)
     dec_bytes: obj=0.9500, mean=0.9290, worsen=14.00%, vs_none=0.924 (+7.6%)  vs_oz=0.929 (+7.1%)  vs_o3=0.851 (+14.9%)
  #5: len=40, syn_rate=0.48
     stripped_file_bytes: obj=1.0054, mean=0.9994, worsen=4.00%, vs_none=0.999 (+0.1%)  vs_oz=0.999 (+0.1%)  vs_o3=0.995 (+0.5%)
     text_bytes: obj=0.9310, mean=0.9100, worsen=14.00%, vs_none=0.901 (+9.9%)  vs_oz=0.910 (+9.0%)  vs_o3=0.792 (+20.8%)
     data_bytes: obj=0.9976, mean=0.9916, worsen=4.00%, vs_none=0.984 (+1.6%)  vs_oz=0.992 (+0.8%)  vs_o3=0.987 (+1.3%)
     bss_bytes: obj=1.0000, mean=1.0000, worsen=0.00%, vs_none=1.000 (+0.0%)  vs_oz=1.000 (+0.0%)  vs_o3=1.000 (+0.0%)
     dec_bytes: obj=0.9528, mean=0.9318, worsen=14.00%, vs_none=0.927 (+7.3%)  vs_oz=0.932 (+6.8%)  vs_o3=0.853 (+14.7%)
核心调优成本已写入: /root/exp/RFunipassLab/results/instrcount/summaries/20260505_065952_368025_feature_lite_seed463_core_tuning_cost.json
结果已写入: /root/exp/RFunipassLab/results/instrcount/summaries/20260505_065952_368025_feature_lite_seed463.json
总运行时间: 1192.86 秒
