# run_id: 20260409_150405_007257_orig_boca
# name: orig_boca
# group: reproduce
# description: 复现原始 RFunipass/boca.py 默认实验参数。
# changed: GA_GEN=5, GA_POP=200, ITERS=200, MAX_SEQ_LEN=120, MIN_VAL_PROGRAMS=5, SEED_TOPK=0, TEST_TOPK=50, TRAIN_TOPK=200, VAL_RATIO=0.5
# started_at: 2026-04-09T15:04:05
# control_env:
#   DECAY=0.5
#   GA_ELITE=0.1
#   GA_GEN=5
#   GA_MUT=0.8
#   GA_POP=200
#   GA_TOUR=3
#   ITERS=200
#   MAX_SEQ_LEN=120
#   MIN_VAL_PROGRAMS=5
#   OBJ_WORSEN_W=0.15
#   OFFSET=20
#   RNUM=256
#   RUNS=1
#   SCALE=10
#   SEED_TOPK=0
#   TEST_TOPK=50
#   TRAIN_TOPK=200
#   VAL_RATIO=0.5

Loading train/test rows from: /root/exp/RFunipassLab/data/tuning_results.csv
Loaded train programs:       200
Loaded initial seed seqs:    86
Loaded test programs:        50

Loading synergy graph from: /root/exp/RFunipassLab/data/Step3_EnumeratedPairs.csv
All passes (19): ['module(elim-avail-extern)', 'module(globalopt)', 'cgscc(attributor-cgscc)', 'module(scc-oz-module-inliner)', 'function(mem2reg)', 'function(instsimplify)', 'module(iroutliner)', 'function(reassociate)', 'function(memcpyopt)', 'function(gvn-hoist)', 'function(dce)', 'function(jump-threading)', 'module(attributor)', 'function(dse)', 'function(newgvn)', 'function(gvn-sink)', 'module(inferattrs)', 'loop(loop-simplifycfg)', 'function(lower-switch)']
Synergy edges: 176
Self-loop passes: {'function(newgvn)', 'cgscc(attributor-cgscc)', 'module(attributor)'}

============================================================
实验轮次 1 / 1
============================================================
============================================================
输入程序数:    200
输入次优序列数: 86
测试程序数:    50
Pass 词表大小: 19
协同边数:      176
自环 pass 数:  3
序列长度上限:  120
RF 特征维度:   216
词表: ['module(elim-avail-extern)', 'module(globalopt)', 'cgscc(attributor-cgscc)', 'module(scc-oz-module-inliner)', 'function(mem2reg)', 'function(instsimplify)', 'module(iroutliner)', 'function(reassociate)', 'function(memcpyopt)', 'function(gvn-hoist)', 'function(dce)', 'function(jump-threading)', 'module(attributor)', 'function(dse)', 'function(newgvn)', 'function(gvn-sink)', 'module(inferattrs)', 'loop(loop-simplifycfg)', 'function(lower-switch)']
多目标权重:    mean=1.0, worsen=0.15

[Step 1.5] 训练程序切分...
  search_train 程序数: 100
  validation 程序数:   100

[Step 2] 计算 search_train 程序 -Oz 基准指令数...
[Step 2b] 计算 validation 程序 -Oz 基准指令数...
[Step 2c] 计算测试集程序 -Oz 基准指令数...

[Step 3] 评估初始 seed 序列（共 86 条）...

[Step 4] 开始贝叶斯优化（200 轮）...
GA search time: 6.21s, candidates: 368
  [iter   1/200] search_obj=1.0000  search_best=1.0000  validation_best=1.0000  EI=0.0000  rnum=168.4  len=43  syn_rate=0.30  mean=1.0000  worsen=0.00%
GA search time: 5.69s, candidates: 366
  [iter   2/200] search_obj=1.0000  search_best=1.0000  validation_best=1.0000  EI=0.0000  rnum=166.3  len=17  syn_rate=0.16  mean=1.0000  worsen=0.00%
GA search time: 4.97s, candidates: 364
  [iter   3/200] search_obj=1.0000  search_best=1.0000  validation_best=1.0000  EI=0.0000  rnum=164.2  len=64  syn_rate=0.88  mean=1.0000  worsen=0.00%
GA search time: 5.54s, candidates: 362
  [iter   4/200] search_obj=1.0000  search_best=1.0000  validation_best=1.0000  EI=0.0000  rnum=162.0  len=7  syn_rate=0.00  mean=1.0000  worsen=0.00%
GA search time: 4.99s, candidates: 359
  [iter   5/200] search_obj=1.0000  search_best=1.0000  validation_best=1.0000  EI=0.0000  rnum=159.9  len=86  syn_rate=0.69  mean=1.0000  worsen=0.00%
GA search time: 5.14s, candidates: 357
  [iter   6/200] search_obj=1.0000  search_best=1.0000  validation_best=1.0000  EI=0.0000  rnum=157.7  len=102  syn_rate=0.62  mean=1.0000  worsen=0.00%
GA search time: 5.67s, candidates: 355
  [iter   7/200] search_obj=1.0000  search_best=1.0000  validation_best=1.0000  EI=0.0000  rnum=155.6  len=89  syn_rate=0.57  mean=1.0000  worsen=0.00%
GA search time: 5.10s, candidates: 353
  [iter   8/200] search_obj=1.0000  search_best=1.0000  validation_best=1.0000  EI=0.0000  rnum=153.4  len=62  syn_rate=0.93  mean=1.0000  worsen=0.00%
GA search time: 4.00s, candidates: 351
  [iter   9/200] search_obj=1.0000  search_best=1.0000  validation_best=1.0000  EI=0.0000  rnum=151.3  len=33  syn_rate=0.06  mean=1.0000  worsen=0.00%
GA search time: 6.21s, candidates: 349
  [iter  10/200] search_obj=1.0000  search_best=1.0000  validation_best=1.0000  EI=0.0000  rnum=149.1  len=15  syn_rate=0.24  mean=1.0000  worsen=0.00%
GA search time: 5.30s, candidates: 346
  [iter  11/200] search_obj=1.0000  search_best=1.0000  validation_best=1.0000  EI=0.0000  rnum=147.0  len=16  syn_rate=0.32  mean=1.0000  worsen=0.00%
GA search time: 6.11s, candidates: 344
  [iter  12/200] search_obj=1.0000  search_best=1.0000  validation_best=1.0000  EI=0.0000  rnum=144.8  len=114  syn_rate=0.98  mean=1.0000  worsen=0.00%
GA search time: 4.72s, candidates: 342
  [iter  13/200] search_obj=1.0000  search_best=1.0000  validation_best=1.0000  EI=0.0000  rnum=142.7  len=59  syn_rate=0.59  mean=1.0000  worsen=0.00%
GA search time: 6.15s, candidates: 340
  [iter  14/200] search_obj=1.0000  search_best=1.0000  validation_best=1.0000  EI=0.0000  rnum=140.5  len=100  syn_rate=0.97  mean=1.0000  worsen=0.00%
GA search time: 5.82s, candidates: 338
  [iter  15/200] search_obj=1.0000  search_best=1.0000  validation_best=1.0000  EI=0.0000  rnum=138.4  len=50  syn_rate=0.59  mean=1.0000  worsen=0.00%
GA search time: 5.70s, candidates: 336
  [iter  16/200] search_obj=1.0000  search_best=1.0000  validation_best=1.0000  EI=0.0000  rnum=136.3  len=66  syn_rate=0.59  mean=1.0000  worsen=0.00%
GA search time: 5.30s, candidates: 334
  [iter  17/200] search_obj=1.0000  search_best=1.0000  validation_best=1.0000  EI=0.0000  rnum=134.2  len=25  syn_rate=0.48  mean=1.0000  worsen=0.00%
GA search time: 4.45s, candidates: 332
  [iter  18/200] search_obj=1.0000  search_best=1.0000  validation_best=1.0000  EI=0.0000  rnum=132.1  len=65  syn_rate=0.56  mean=1.0000  worsen=0.00%
GA search time: 6.15s, candidates: 329
  [iter  19/200] search_obj=1.0000  search_best=1.0000  validation_best=1.0000  EI=0.0000  rnum=130.0  len=120  syn_rate=1.00  mean=1.0000  worsen=0.00%
GA search time: 4.12s, candidates: 327
  [iter  20/200] search_obj=1.0000  search_best=1.0000  validation_best=1.0000  EI=0.0000  rnum=127.9  len=31  syn_rate=0.51  mean=1.0000  worsen=0.00%
GA search time: 4.35s, candidates: 325
  [iter  21/200] search_obj=1.0000  search_best=1.0000  validation_best=1.0000  EI=0.0000  rnum=125.8  len=10  syn_rate=0.10  mean=1.0000  worsen=0.00%
GA search time: 4.21s, candidates: 323
  [iter  22/200] search_obj=1.0000  search_best=1.0000  validation_best=1.0000  EI=0.0000  rnum=123.7  len=92  syn_rate=0.57  mean=1.0000  worsen=0.00%
GA search time: 4.32s, candidates: 321
  [iter  23/200] search_obj=1.0000  search_best=1.0000  validation_best=1.0000  EI=0.0000  rnum=121.6  len=46  syn_rate=0.46  mean=1.0000  worsen=0.00%
GA search time: 5.13s, candidates: 319
  [iter  24/200] search_obj=1.0000  search_best=1.0000  validation_best=1.0000  EI=0.0000  rnum=119.6  len=56  syn_rate=0.98  mean=1.0000  worsen=0.00%
GA search time: 6.05s, candidates: 317
  [iter  25/200] search_obj=1.0000  search_best=1.0000  validation_best=1.0000  EI=0.0000  rnum=117.5  len=10  syn_rate=0.16  mean=1.0000  worsen=0.00%
GA search time: 5.42s, candidates: 315
  [iter  26/200] search_obj=1.0000  search_best=1.0000  validation_best=1.0000  EI=0.0000  rnum=115.5  len=47  syn_rate=0.66  mean=1.0000  worsen=0.00%
GA search time: 7.88s, candidates: 313
  [iter  27/200] search_obj=1.0000  search_best=1.0000  validation_best=1.0000  EI=0.0000  rnum=113.5  len=91  syn_rate=0.68  mean=1.0000  worsen=0.00%
GA search time: 5.65s, candidates: 311
  [iter  28/200] search_obj=1.0000  search_best=1.0000  validation_best=1.0000  EI=0.0000  rnum=111.5  len=95  syn_rate=0.98  mean=1.0000  worsen=0.00%
GA search time: 5.77s, candidates: 309
  [iter  29/200] search_obj=1.0000  search_best=1.0000  validation_best=1.0000  EI=0.0000  rnum=109.5  len=12  syn_rate=0.16  mean=1.0000  worsen=0.00%
GA search time: 5.26s, candidates: 307
  [iter  30/200] search_obj=1.0000  search_best=1.0000  validation_best=1.0000  EI=0.0000  rnum=107.6  len=19  syn_rate=0.24  mean=1.0000  worsen=0.00%
GA search time: 5.89s, candidates: 305
  [iter  31/200] search_obj=1.0000  search_best=1.0000  validation_best=1.0000  EI=0.0000  rnum=105.6  len=35  syn_rate=0.39  mean=1.0000  worsen=0.00%
GA search time: 4.06s, candidates: 303
  [iter  32/200] search_obj=1.0000  search_best=1.0000  validation_best=1.0000  EI=0.0000  rnum=103.7  len=15  syn_rate=0.24  mean=1.0000  worsen=0.00%
GA search time: 5.59s, candidates: 301
  [iter  33/200] search_obj=1.0000  search_best=1.0000  validation_best=1.0000  EI=0.0000  rnum=101.7  len=30  syn_rate=0.19  mean=1.0000  worsen=0.00%
GA search time: 6.16s, candidates: 299
  [iter  34/200] search_obj=1.0000  search_best=1.0000  validation_best=1.0000  EI=0.0000  rnum=99.8  len=46  syn_rate=0.49  mean=1.0000  worsen=0.00%
GA search time: 7.09s, candidates: 297
  [iter  35/200] search_obj=1.0000  search_best=1.0000  validation_best=1.0000  EI=0.0000  rnum=97.9  len=33  syn_rate=0.05  mean=1.0000  worsen=0.00%
GA search time: 5.08s, candidates: 296
  [iter  36/200] search_obj=1.0000  search_best=1.0000  validation_best=1.0000  EI=0.0000  rnum=96.1  len=42  syn_rate=0.59  mean=1.0000  worsen=0.00%
GA search time: 5.69s, candidates: 294
  [iter  37/200] search_obj=1.0000  search_best=1.0000  validation_best=1.0000  EI=0.0000  rnum=94.2  len=16  syn_rate=0.35  mean=1.0000  worsen=0.00%
GA search time: 6.16s, candidates: 292
  [iter  38/200] search_obj=1.0000  search_best=1.0000  validation_best=1.0000  EI=0.0000  rnum=92.4  len=25  syn_rate=0.50  mean=1.0000  worsen=0.00%
GA search time: 6.85s, candidates: 290
  [iter  39/200] search_obj=1.0000  search_best=1.0000  validation_best=1.0000  EI=0.0000  rnum=90.5  len=54  syn_rate=0.14  mean=1.0000  worsen=0.00%
GA search time: 4.23s, candidates: 288
  [iter  40/200] search_obj=1.0000  search_best=1.0000  validation_best=1.0000  EI=0.0000  rnum=88.7  len=120  syn_rate=0.98  mean=1.0000  worsen=0.00%
GA search time: 4.95s, candidates: 286
  [iter  41/200] search_obj=1.0000  search_best=1.0000  validation_best=1.0000  EI=0.0000  rnum=87.0  len=85  syn_rate=0.80  mean=1.0000  worsen=0.00%
GA search time: 6.91s, candidates: 285
  [iter  42/200] search_obj=1.0000  search_best=1.0000  validation_best=1.0000  EI=0.0000  rnum=85.2  len=10  syn_rate=0.15  mean=1.0000  worsen=0.00%
GA search time: 5.03s, candidates: 283
  [iter  43/200] search_obj=1.0000  search_best=1.0000  validation_best=1.0000  EI=0.0000  rnum=83.5  len=24  syn_rate=0.44  mean=1.0000  worsen=0.00%
GA search time: 5.52s, candidates: 281
  [iter  44/200] search_obj=1.0000  search_best=1.0000  validation_best=1.0000  EI=0.0000  rnum=81.7  len=32  syn_rate=0.60  mean=1.0000  worsen=0.00%
GA search time: 5.95s, candidates: 280
  [iter  45/200] search_obj=1.0000  search_best=1.0000  validation_best=1.0000  EI=0.0000  rnum=80.0  len=44  syn_rate=0.59  mean=1.0000  worsen=0.00%
GA search time: 4.41s, candidates: 278
  [iter  46/200] search_obj=1.0000  search_best=1.0000  validation_best=1.0000  EI=0.0000  rnum=78.4  len=12  syn_rate=0.23  mean=1.0000  worsen=0.00%
GA search time: 4.63s, candidates: 276
  [iter  47/200] search_obj=1.0000  search_best=1.0000  validation_best=1.0000  EI=0.0000  rnum=76.7  len=17  syn_rate=0.29  mean=1.0000  worsen=0.00%
GA search time: 3.66s, candidates: 275
  [iter  48/200] search_obj=1.0000  search_best=1.0000  validation_best=1.0000  EI=0.0000  rnum=75.1  len=8  syn_rate=0.08  mean=1.0000  worsen=0.00%
GA search time: 4.72s, candidates: 273
  [iter  49/200] search_obj=1.0000  search_best=1.0000  validation_best=1.0000  EI=0.0000  rnum=73.4  len=6  syn_rate=0.06  mean=1.0000  worsen=0.00%
GA search time: 4.98s, candidates: 271
  [iter  50/200] search_obj=1.0000  search_best=1.0000  validation_best=1.0000  EI=0.0000  rnum=71.8  len=32  syn_rate=0.58  mean=1.0000  worsen=0.00%
GA search time: 2.17s, candidates: 270
  [iter  51/200] search_obj=1.0000  search_best=1.0000  validation_best=1.0000  EI=0.0000  rnum=70.3  len=23  syn_rate=0.53  mean=1.0000  worsen=0.00%
GA search time: 3.76s, candidates: 268
  [iter  52/200] search_obj=1.0000  search_best=1.0000  validation_best=1.0000  EI=0.0000  rnum=68.7  len=100  syn_rate=0.94  mean=1.0000  worsen=0.00%
GA search time: 5.56s, candidates: 267
  [iter  53/200] search_obj=1.0000  search_best=1.0000  validation_best=1.0000  EI=0.0000  rnum=67.2  len=104  syn_rate=0.59  mean=1.0000  worsen=0.00%
GA search time: 5.18s, candidates: 265
  [iter  54/200] search_obj=1.0000  search_best=1.0000  validation_best=1.0000  EI=0.0000  rnum=65.7  len=36  syn_rate=0.43  mean=1.0000  worsen=0.00%
GA search time: 8.46s, candidates: 264
  [iter  55/200] search_obj=1.0000  search_best=1.0000  validation_best=1.0000  EI=0.0000  rnum=64.2  len=120  syn_rate=0.82  mean=1.0000  worsen=0.00%
GA search time: 6.85s, candidates: 262
  [iter  56/200] search_obj=1.0000  search_best=1.0000  validation_best=1.0000  EI=0.0000  rnum=62.7  len=119  syn_rate=0.60  mean=1.0000  worsen=0.00%
GA search time: 7.14s, candidates: 261
  [iter  57/200] search_obj=1.0000  search_best=1.0000  validation_best=1.0000  EI=0.0000  rnum=61.3  len=8  syn_rate=0.10  mean=1.0000  worsen=0.00%
GA search time: 5.43s, candidates: 259
  [iter  58/200] search_obj=1.0000  search_best=1.0000  validation_best=1.0000  EI=0.0000  rnum=59.8  len=120  syn_rate=0.99  mean=1.0000  worsen=0.00%
GA search time: 3.80s, candidates: 258
  [iter  59/200] search_obj=1.0000  search_best=1.0000  validation_best=1.0000  EI=0.0000  rnum=58.4  len=51  syn_rate=0.46  mean=1.0000  worsen=0.00%
GA search time: 3.40s, candidates: 257
  [iter  60/200] search_obj=1.0000  search_best=1.0000  validation_best=1.0000  EI=0.0000  rnum=57.0  len=42  syn_rate=0.45  mean=1.0000  worsen=0.00%
GA search time: 5.31s, candidates: 255
  [iter  61/200] search_obj=1.0000  search_best=1.0000  validation_best=1.0000  EI=0.0000  rnum=55.7  len=15  syn_rate=0.36  mean=1.0000  worsen=0.00%
GA search time: 5.97s, candidates: 254
  [iter  62/200] search_obj=1.0000  search_best=1.0000  validation_best=1.0000  EI=0.0000  rnum=54.3  len=68  syn_rate=0.75  mean=1.0000  worsen=0.00%
GA search time: 5.05s, candidates: 253
  [iter  63/200] search_obj=1.0000  search_best=1.0000  validation_best=1.0000  EI=0.0000  rnum=53.0  len=35  syn_rate=0.62  mean=1.0000  worsen=0.00%
GA search time: 4.18s, candidates: 251
  [iter  64/200] search_obj=1.0000  search_best=1.0000  validation_best=1.0000  EI=0.0000  rnum=51.7  len=120  syn_rate=0.98  mean=1.0000  worsen=0.00%
GA search time: 6.77s, candidates: 250
  [iter  65/200] search_obj=1.0000  search_best=1.0000  validation_best=1.0000  EI=0.0000  rnum=50.5  len=88  syn_rate=0.82  mean=1.0000  worsen=0.00%
GA search time: 5.18s, candidates: 249
  [iter  66/200] search_obj=1.0000  search_best=1.0000  validation_best=1.0000  EI=0.0000  rnum=49.2  len=52  syn_rate=0.79  mean=1.0000  worsen=0.00%
GA search time: 5.83s, candidates: 247
  [iter  67/200] search_obj=1.0000  search_best=1.0000  validation_best=1.0000  EI=0.0000  rnum=48.0  len=19  syn_rate=0.34  mean=1.0000  worsen=0.00%
GA search time: 6.02s, candidates: 246
  [iter  68/200] search_obj=1.0000  search_best=1.0000  validation_best=1.0000  EI=0.0000  rnum=46.8  len=17  syn_rate=0.39  mean=1.0000  worsen=0.00%
GA search time: 5.15s, candidates: 245
  [iter  69/200] search_obj=1.0000  search_best=1.0000  validation_best=1.0000  EI=0.0000  rnum=45.6  len=15  syn_rate=0.28  mean=1.0000  worsen=0.00%
GA search time: 5.51s, candidates: 244
  [iter  70/200] search_obj=1.0000  search_best=1.0000  validation_best=1.0000  EI=0.0000  rnum=44.4  len=53  syn_rate=0.63  mean=1.0000  worsen=0.00%
GA search time: 3.15s, candidates: 243
  [iter  71/200] search_obj=1.0000  search_best=1.0000  validation_best=1.0000  EI=0.0000  rnum=43.3  len=10  syn_rate=0.16  mean=1.0000  worsen=0.00%
GA search time: 4.56s, candidates: 242
  [iter  72/200] search_obj=1.0000  search_best=1.0000  validation_best=1.0000  EI=0.0000  rnum=42.2  len=74  syn_rate=0.94  mean=1.0000  worsen=0.00%
GA search time: 3.66s, candidates: 241
  [iter  73/200] search_obj=1.0000  search_best=1.0000  validation_best=1.0000  EI=0.0000  rnum=41.1  len=8  syn_rate=0.07  mean=1.0000  worsen=0.00%
GA search time: 3.52s, candidates: 239
  [iter  74/200] search_obj=1.0000  search_best=1.0000  validation_best=1.0000  EI=0.0000  rnum=40.0  len=17  syn_rate=0.28  mean=1.0000  worsen=0.00%
GA search time: 5.81s, candidates: 238
  [iter  75/200] search_obj=1.0000  search_best=1.0000  validation_best=1.0000  EI=0.0000  rnum=38.9  len=34  syn_rate=0.70  mean=1.0000  worsen=0.00%
GA search time: 5.21s, candidates: 237
  [iter  76/200] search_obj=1.0000  search_best=1.0000  validation_best=1.0000  EI=0.0000  rnum=37.9  len=39  syn_rate=0.55  mean=1.0000  worsen=0.00%
GA search time: 4.39s, candidates: 236
  [iter  77/200] search_obj=1.0000  search_best=1.0000  validation_best=1.0000  EI=0.0000  rnum=36.9  len=63  syn_rate=0.29  mean=1.0000  worsen=0.00%
GA search time: 4.31s, candidates: 235
  [iter  78/200] search_obj=1.0000  search_best=1.0000  validation_best=1.0000  EI=0.0000  rnum=35.9  len=76  syn_rate=0.52  mean=1.0000  worsen=0.00%
GA search time: 3.37s, candidates: 234
  [iter  79/200] search_obj=1.0000  search_best=1.0000  validation_best=1.0000  EI=0.0000  rnum=34.9  len=120  syn_rate=0.93  mean=1.0000  worsen=0.00%
GA search time: 7.68s, candidates: 233
  [iter  80/200] search_obj=1.0000  search_best=1.0000  validation_best=1.0000  EI=0.0000  rnum=33.9  len=61  syn_rate=0.61  mean=1.0000  worsen=0.00%
GA search time: 4.44s, candidates: 233
  [iter  81/200] search_obj=1.0000  search_best=1.0000  validation_best=1.0000  EI=0.0000  rnum=33.0  len=115  syn_rate=0.58  mean=1.0000  worsen=0.00%
GA search time: 5.39s, candidates: 232
  [iter  82/200] search_obj=1.0000  search_best=1.0000  validation_best=1.0000  EI=0.0000  rnum=32.1  len=120  syn_rate=0.59  mean=1.0000  worsen=0.00%
GA search time: 7.08s, candidates: 231
  [iter  83/200] search_obj=1.0000  search_best=1.0000  validation_best=1.0000  EI=0.0000  rnum=31.2  len=6  syn_rate=0.03  mean=1.0000  worsen=0.00%
GA search time: 5.97s, candidates: 230
  [iter  84/200] search_obj=1.0000  search_best=1.0000  validation_best=1.0000  EI=0.0000  rnum=30.3  len=59  syn_rate=0.58  mean=1.0000  worsen=0.00%
GA search time: 4.52s, candidates: 229
  [iter  85/200] search_obj=1.0000  search_best=1.0000  validation_best=1.0000  EI=0.0000  rnum=29.5  len=23  syn_rate=0.34  mean=1.0000  worsen=0.00%
GA search time: 4.46s, candidates: 228
  [iter  86/200] search_obj=1.0000  search_best=1.0000  validation_best=1.0000  EI=0.0000  rnum=28.6  len=87  syn_rate=0.64  mean=1.0000  worsen=0.00%
GA search time: 2.77s, candidates: 227
  [iter  87/200] search_obj=1.0000  search_best=1.0000  validation_best=1.0000  EI=0.0000  rnum=27.8  len=13  syn_rate=0.16  mean=1.0000  worsen=0.00%
GA search time: 4.62s, candidates: 226
  [iter  88/200] search_obj=1.0000  search_best=1.0000  validation_best=1.0000  EI=0.0000  rnum=27.0  len=30  syn_rate=0.26  mean=1.0000  worsen=0.00%
GA search time: 4.69s, candidates: 226
  [iter  89/200] search_obj=1.0000  search_best=1.0000  validation_best=1.0000  EI=0.0000  rnum=26.2  len=81  syn_rate=0.90  mean=1.0000  worsen=0.00%
GA search time: 2.52s, candidates: 225
  [iter  90/200] search_obj=1.0000  search_best=1.0000  validation_best=1.0000  EI=0.0000  rnum=25.4  len=72  syn_rate=0.88  mean=1.0000  worsen=0.00%
GA search time: 3.54s, candidates: 224
  [iter  91/200] search_obj=1.0000  search_best=1.0000  validation_best=1.0000  EI=0.0000  rnum=24.7  len=120  syn_rate=0.98  mean=1.0000  worsen=0.00%
GA search time: 2.54s, candidates: 223
  [iter  92/200] search_obj=1.0000  search_best=1.0000  validation_best=1.0000  EI=0.0000  rnum=24.0  len=18  syn_rate=0.42  mean=1.0000  worsen=0.00%
GA search time: 2.56s, candidates: 223
  [iter  93/200] search_obj=1.0000  search_best=1.0000  validation_best=1.0000  EI=0.0000  rnum=23.3  len=14  syn_rate=0.27  mean=1.0000  worsen=0.00%
GA search time: 3.55s, candidates: 222
  [iter  94/200] search_obj=1.0000  search_best=1.0000  validation_best=1.0000  EI=0.0000  rnum=22.6  len=8  syn_rate=0.07  mean=1.0000  worsen=0.00%
GA search time: 1.45s, candidates: 221
  [iter  95/200] search_obj=1.0000  search_best=1.0000  validation_best=1.0000  EI=0.0000  rnum=21.9  len=54  syn_rate=0.90  mean=1.0000  worsen=0.00%
GA search time: 4.39s, candidates: 221
  [iter  96/200] search_obj=1.0000  search_best=1.0000  validation_best=1.0000  EI=0.0000  rnum=21.2  len=17  syn_rate=0.31  mean=1.0000  worsen=0.00%
GA search time: 3.40s, candidates: 220
  [iter  97/200] search_obj=1.0000  search_best=1.0000  validation_best=1.0000  EI=0.0000  rnum=20.6  len=29  syn_rate=0.57  mean=1.0000  worsen=0.00%
GA search time: 3.37s, candidates: 219
  [iter  98/200] search_obj=1.0000  search_best=1.0000  validation_best=1.0000  EI=0.0000  rnum=19.9  len=27  syn_rate=0.33  mean=1.0000  worsen=0.00%
GA search time: 4.73s, candidates: 219
  [iter  99/200] search_obj=1.0000  search_best=1.0000  validation_best=1.0000  EI=0.0000  rnum=19.3  len=9  syn_rate=0.12  mean=1.0000  worsen=0.00%
GA search time: 4.46s, candidates: 218
  [iter 100/200] search_obj=1.0000  search_best=1.0000  validation_best=1.0000  EI=0.0000  rnum=18.7  len=60  syn_rate=0.61  mean=1.0000  worsen=0.00%
GA search time: 3.02s, candidates: 218
  [iter 101/200] search_obj=1.0000  search_best=1.0000  validation_best=1.0000  EI=0.0000  rnum=18.1  len=53  syn_rate=0.57  mean=1.0000  worsen=0.00%
GA search time: 5.39s, candidates: 217
  [iter 102/200] search_obj=1.0000  search_best=1.0000  validation_best=1.0000  EI=0.0000  rnum=17.6  len=99  syn_rate=0.99  mean=1.0000  worsen=0.00%
GA search time: 3.57s, candidates: 216
  [iter 103/200] search_obj=1.0000  search_best=1.0000  validation_best=1.0000  EI=0.0000  rnum=17.0  len=110  syn_rate=0.57  mean=1.0000  worsen=0.00%
GA search time: 4.71s, candidates: 216
  [iter 104/200] search_obj=1.0000  search_best=1.0000  validation_best=1.0000  EI=0.0000  rnum=16.5  len=76  syn_rate=0.44  mean=1.0000  worsen=0.00%
GA search time: 4.41s, candidates: 215
  [iter 105/200] search_obj=1.0000  search_best=1.0000  validation_best=1.0000  EI=0.0000  rnum=15.9  len=19  syn_rate=0.45  mean=1.0000  worsen=0.00%
GA search time: 3.46s, candidates: 215
  [iter 106/200] search_obj=1.0000  search_best=1.0000  validation_best=1.0000  EI=0.0000  rnum=15.4  len=83  syn_rate=0.62  mean=1.0000  worsen=0.00%
GA search time: 5.37s, candidates: 214
  [iter 107/200] search_obj=1.0000  search_best=1.0000  validation_best=1.0000  EI=0.0000  rnum=14.9  len=107  syn_rate=0.57  mean=1.0000  worsen=0.00%
GA search time: 3.29s, candidates: 214
  [iter 108/200] search_obj=1.0000  search_best=1.0000  validation_best=1.0000  EI=0.0000  rnum=14.4  len=15  syn_rate=0.37  mean=1.0000  worsen=0.00%
GA search time: 3.04s, candidates: 213
  [iter 109/200] search_obj=1.0000  search_best=1.0000  validation_best=1.0000  EI=0.0000  rnum=14.0  len=48  syn_rate=0.67  mean=1.0000  worsen=0.00%
GA search time: 5.34s, candidates: 213
  [iter 110/200] search_obj=1.0000  search_best=1.0000  validation_best=1.0000  EI=0.0000  rnum=13.5  len=100  syn_rate=0.60  mean=1.0000  worsen=0.00%
GA search time: 4.28s, candidates: 213
  [iter 111/200] search_obj=1.0000  search_best=1.0000  validation_best=1.0000  EI=0.0000  rnum=13.0  len=24  syn_rate=0.49  mean=1.0000  worsen=0.00%
GA search time: 4.35s, candidates: 212
  [iter 112/200] search_obj=1.0000  search_best=1.0000  validation_best=1.0000  EI=0.0000  rnum=12.6  len=56  syn_rate=0.79  mean=1.0000  worsen=0.00%
GA search time: 2.51s, candidates: 212
  [iter 113/200] search_obj=1.0000  search_best=1.0000  validation_best=1.0000  EI=0.0000  rnum=12.2  len=29  syn_rate=0.30  mean=1.0000  worsen=0.00%
GA search time: 2.55s, candidates: 211
  [iter 114/200] search_obj=1.0000  search_best=1.0000  validation_best=1.0000  EI=0.0000  rnum=11.8  len=40  syn_rate=0.73  mean=1.0000  worsen=0.00%
GA search time: 2.42s, candidates: 211
  [iter 115/200] search_obj=1.0000  search_best=1.0000  validation_best=1.0000  EI=0.0000  rnum=11.4  len=46  syn_rate=0.53  mean=1.0000  worsen=0.00%
GA search time: 3.86s, candidates: 210
  [iter 116/200] search_obj=1.0000  search_best=1.0000  validation_best=1.0000  EI=0.0000  rnum=11.0  len=32  syn_rate=0.39  mean=1.0000  worsen=0.00%
GA search time: 2.69s, candidates: 210
  [iter 117/200] search_obj=1.0000  search_best=1.0000  validation_best=1.0000  EI=0.0000  rnum=10.6  len=19  syn_rate=0.10  mean=1.0000  worsen=0.00%
GA search time: 3.31s, candidates: 210
  [iter 118/200] search_obj=1.0000  search_best=1.0000  validation_best=1.0000  EI=0.0000  rnum=10.2  len=62  syn_rate=0.76  mean=1.0000  worsen=0.00%
GA search time: 3.16s, candidates: 209
  [iter 119/200] search_obj=1.0000  search_best=1.0000  validation_best=1.0000  EI=0.0000  rnum=9.9  len=52  syn_rate=0.81  mean=1.0000  worsen=0.00%
GA search time: 2.02s, candidates: 209
  [iter 120/200] search_obj=1.0000  search_best=1.0000  validation_best=1.0000  EI=0.0000  rnum=9.5  len=9  syn_rate=0.09  mean=1.0000  worsen=0.00%
GA search time: 3.22s, candidates: 209
  [iter 121/200] search_obj=1.0000  search_best=1.0000  validation_best=1.0000  EI=0.0000  rnum=9.2  len=36  syn_rate=0.62  mean=1.0000  worsen=0.00%
GA search time: 3.09s, candidates: 208
  [iter 122/200] search_obj=1.0000  search_best=1.0000  validation_best=1.0000  EI=0.0000  rnum=8.9  len=65  syn_rate=0.77  mean=1.0000  worsen=0.00%
GA search time: 3.49s, candidates: 208
  [iter 123/200] search_obj=1.0000  search_best=1.0000  validation_best=1.0000  EI=0.0000  rnum=8.6  len=43  syn_rate=0.63  mean=1.0000  worsen=0.00%
GA search time: 3.42s, candidates: 208
  [iter 124/200] search_obj=1.0000  search_best=1.0000  validation_best=1.0000  EI=0.0000  rnum=8.3  len=116  syn_rate=0.59  mean=1.0000  worsen=0.00%
GA search time: 3.12s, candidates: 207
  [iter 125/200] search_obj=1.0000  search_best=1.0000  validation_best=1.0000  EI=0.0000  rnum=8.0  len=7  syn_rate=0.05  mean=1.0000  worsen=0.00%
GA search time: 1.31s, candidates: 207
  [iter 126/200] search_obj=1.0000  search_best=1.0000  validation_best=1.0000  EI=0.0000  rnum=7.7  len=3  syn_rate=0.01  mean=1.0000  worsen=0.00%
GA search time: 4.20s, candidates: 207
  [iter 127/200] search_obj=1.0000  search_best=1.0000  validation_best=1.0000  EI=0.0000  rnum=7.4  len=105  syn_rate=0.76  mean=1.0000  worsen=0.00%
GA search time: 3.56s, candidates: 207
  [iter 128/200] search_obj=1.0000  search_best=1.0000  validation_best=1.0000  EI=0.0000  rnum=7.1  len=5  syn_rate=0.04  mean=1.0000  worsen=0.00%
GA search time: 2.19s, candidates: 206
  [iter 129/200] search_obj=1.0000  search_best=1.0000  validation_best=1.0000  EI=0.0000  rnum=6.9  len=16  syn_rate=0.16  mean=1.0000  worsen=0.00%
GA search time: 4.56s, candidates: 206
  [iter 130/200] search_obj=1.0000  search_best=1.0000  validation_best=1.0000  EI=0.0000  rnum=6.6  len=47  syn_rate=0.83  mean=1.0000  worsen=0.00%
GA search time: 2.62s, candidates: 206
  [iter 131/200] search_obj=1.0000  search_best=1.0000  validation_best=1.0000  EI=0.0000  rnum=6.4  len=56  syn_rate=0.60  mean=1.0000  worsen=0.00%
GA search time: 2.69s, candidates: 206
  [iter 132/200] search_obj=1.0000  search_best=1.0000  validation_best=1.0000  EI=0.0000  rnum=6.1  len=9  syn_rate=0.06  mean=1.0000  worsen=0.00%
GA search time: 3.42s, candidates: 205
  [iter 133/200] search_obj=1.0000  search_best=1.0000  validation_best=1.0000  EI=0.0000  rnum=5.9  len=15  syn_rate=0.22  mean=1.0000  worsen=0.00%
Traceback (most recent call last):
  File "/root/exp/RFunipassLab/boca.py", line 25, in <module>
    raise SystemExit(cli_main())
                     ~~~~~~~~^^
  File "/root/exp/RFunipassLab/boca_exp/runner.py", line 359, in cli_main
    run_result = main(
        programs,
    ...<2 lines>...
        topn=top_n,
    )
  File "/root/exp/RFunipassLab/boca_exp/runner.py", line 146, in main
    new_seq, ei_val = get_nd_solutions(
                      ~~~~~~~~~~~~~~~~^
        evaluated_sequences, evaluated_scores, search_best_objective, rnum, suboptimal_sequences
        ^^^^^^^^^^^^^^^^^^^^^^^^^^^^^^^^^^^^^^^^^^^^^^^^^^^^^^^^^^^^^^^^^^^^^^^^^^^^^^^^^^^^^^^^
    )
    ^
  File "/root/exp/RFunipassLab/boca_exp/search.py", line 179, in get_nd_solutions
    candidates = ga_search(
        evaluated_sequences, evaluated_scores, model, eta,
        ga_pop, GA_GENERATIONS, init_sequences
    )
  File "/root/exp/RFunipassLab/boca_exp/search.py", line 127, in ga_search
    child = xover_synergy_guided_merge(parent1, parent2)
  File "/root/exp/RFunipassLab/boca_exp/operators.py", line 98, in xover_synergy_guided_merge
    return synergy_greedy_sort(pool)
  File "/root/exp/RFunipassLab/boca_exp/operators.py", line 255, in synergy_greedy_sort
    future_benefit = sum(
        1 for j, q in enumerate(remaining)
        if j != i and q in synergy_graph.get(p, set())
    )
  File "/root/exp/RFunipassLab/boca_exp/operators.py", line 256, in <genexpr>
    1 for j, q in enumerate(remaining)
    ^
KeyboardInterrupt
