# run_id: 20260507_202044_265072_feature_lite_seed457
# name: feature_lite
# group: feature_ablation
# description: 切换到 Lite 特征编码，保留其余搜索流程不变。
# changed: FEATURE_MODE=lite, GA_GEN=5, GA_POP=200, ITERS=100, MAX_SEQ_LEN=120, MIN_VAL_PROGRAMS=5, SEED_TOPK=0, TEST_TOPK=50, TRAIN_TOPK=200, VAL_RATIO=0.5
# result_json: /root/exp/RFunipassLab/results/instrcount/summaries/20260507_202044_265072_feature_lite_seed457.json
# started_at: 2026-05-07T20:20:44
# control_env:
#   BACKEND_OPT_LEVEL=-O0
#   BINARY_SIZE_METRIC=stripped_file_bytes
#   BINARY_SIZE_REPORT_METRICS=text_bytes,data_bytes,bss_bytes,dec_bytes
#   DECAY=0.5
#   EXPERIMENT_SEED=457
#   FEATURE_MODE=lite
#   GA_ELITE=0.1
#   GA_GEN=5
#   GA_MUT=0.8
#   GA_POP=200
#   GA_TOUR=3
#   ITERS=100
#   LOOP_NESTING_POLICY=wrap
#   MAX_SEQ_LEN=120
#   MIN_VAL_PROGRAMS=5
#   OBJECTIVE_BASELINE=oz
#   OBJECTIVE_KIND=instrcount
#   OBJ_HIGHVAR_W=0.0
#   OBJ_WORSEN_W=0.00
#   OFFSET=20
#   PROGRAM_POOL_KIND=auto
#   RF_EXPLAIN_COUNTERFACTUAL_ENABLE=1
#   RF_EXPLAIN_COUNTERFACTUAL_MAX_EVALS=50
#   RF_EXPLAIN_COUNTERFACTUAL_SPLIT=selection
#   RF_EXPLAIN_COUNTERFACTUAL_TOPK=5
#   RF_EXPLAIN_ENABLE=0
#   RF_EXPLAIN_HOLDOUT_RATIO=0.3
#   RF_EXPLAIN_MIN_SAMPLES=20
#   RF_EXPLAIN_MODE=final
#   RF_EXPLAIN_PERM_REPEATS=10
#   RF_EXPLAIN_TOPK=20
#   RNUM=256
#   RUNS=1
#   RUNTIME_EVAL_MAX_VARIANCE_PCT=15.0
#   RUNTIME_MAX_INNER_REPEATS=64
#   RUNTIME_MAX_VARIANCE_PCT=10.0
#   RUNTIME_REQUIRED_ROWS=0
#   RUNTIME_SAMPLES=5
#   RUNTIME_TARGET_SAMPLE_MS=30.0
#   RUNTIME_TIMEOUT_SEC=2.0
#   SCALE=10
#   SEED_TOPK=0
#   SPLIT_SEED=457
#   TEST_TOPK=50
#   TRAIN_TOPK=200
#   VAL_RATIO=0.5

Loading train/test rows from: /root/exp/RFunipassLab/data/tuning_results.csv
Loaded train programs:       200
Loaded initial seed seqs:    84
Loaded test programs:        50
Objective kind:              instrcount
Program pool kind:           tuning

Loading synergy graph from: /root/exp/RFunipassLab/data/Step3_EnumeratedPairs.csv
All passes (19): ['module(elim-avail-extern)', 'module(scc-oz-module-inliner)', 'module(iroutliner)', 'module(globalopt)', 'function(newgvn)', 'function(mem2reg)', 'function(instsimplify)', 'function(reassociate)', 'function(memcpyopt)', 'function(gvn-hoist)', 'function(dce)', 'function(jump-threading)', 'function(gvn-sink)', 'cgscc(attributor-cgscc)', 'function(dse)', 'module(attributor)', 'module(inferattrs)', 'loop(loop-simplifycfg)', 'function(lower-switch)']
Synergy edges: 176
Self-loop passes: {'module(attributor)', 'cgscc(attributor-cgscc)', 'function(newgvn)'}

============================================================
实验轮次 1 / 1
============================================================
============================================================
目标类型:      instrcount
目标基准:      -Oz
基准指标:      -Oz 基准指令数
优化指标:      归一化指令数
输入程序数:    200
输入次优序列数: 84
测试程序数:    50
Pass 词表大小: 19
协同边数:      176
自环 pass 数:  3
序列长度上限:  120
Loop 合法化策略: wrap
实验种子:      457
划分种子:      457
特征模式:      lite
RF 特征维度:   31
词表: ['module(elim-avail-extern)', 'module(scc-oz-module-inliner)', 'module(iroutliner)', 'module(globalopt)', 'function(newgvn)', 'function(mem2reg)', 'function(instsimplify)', 'function(reassociate)', 'function(memcpyopt)', 'function(gvn-hoist)', 'function(dce)', 'function(jump-threading)', 'function(gvn-sink)', 'cgscc(attributor-cgscc)', 'function(dse)', 'module(attributor)', 'module(inferattrs)', 'loop(loop-simplifycfg)', 'function(lower-switch)']
多目标权重:    mean=1.0, worsen=0.0, highvar=0.0

[Step 1.5] 训练程序切分...
  search_train 程序数: 100
  validation 程序数:   100
  split_signature(search_train): 8cdb16291f35559effd96f7e4420b86a084ca961
  split_signature(validation):   0e8d483fbecaf170dc55da4f941b09188bbf9bf2
  split_signature(test):         f68c78b484e63824ec49becfd7a5e2e2baf475d5

[Step 2] 计算 search_train 程序 -Oz 基准指令数...
[Step 2b] 计算 validation 程序 -Oz 基准指令数...
[Step 2c] 计算测试集程序 -Oz 基准指令数...

[Step 3] 评估初始 seed 序列（共 84 条）...

[Step 4] 开始贝叶斯优化（100 轮）...
GA search time: 5.22s, candidates: 372
  [iter   1/100] search_obj=0.9727  search_best=0.7951  validation_best=0.8295  EI=0.0099  rnum=172.7  len=44  syn_rate=0.46  mean=0.9727  worsen=57.00%  highvar=0.00%
GA search time: 4.27s, candidates: 370
  [iter   2/100] search_obj=0.9778  search_best=0.7951  validation_best=0.8295  EI=0.0075  rnum=170.6  len=27  syn_rate=0.18  mean=0.9778  worsen=32.00%  highvar=0.00%
GA search time: 4.11s, candidates: 368
  [iter   3/100] search_obj=0.9084  search_best=0.7951  validation_best=0.8295  EI=0.0078  rnum=168.4  len=22  syn_rate=0.34  mean=0.9084  worsen=16.00%  highvar=0.00%
GA search time: 5.71s, candidates: 366
  [iter   4/100] search_obj=1.0586  search_best=0.7951  validation_best=0.8295  EI=0.0045  rnum=166.3  len=13  syn_rate=0.19  mean=1.0586  worsen=56.00%  highvar=0.00%
GA search time: 4.76s, candidates: 364
  [iter   5/100] search_obj=0.8039  search_best=0.7951  validation_best=0.8165  EI=0.0061  rnum=164.2  len=16  syn_rate=0.18  mean=0.8039  worsen=14.00%  highvar=0.00%
GA search time: 2.41s, candidates: 362
  [iter   6/100] search_obj=0.8039  search_best=0.7951  validation_best=0.8165  EI=0.0087  rnum=162.0  len=17  syn_rate=0.20  mean=0.8039  worsen=14.00%  highvar=0.00%
GA search time: 2.02s, candidates: 359
  [iter   7/100] search_obj=0.7997  search_best=0.7951  validation_best=0.8088  EI=0.0125  rnum=159.9  len=17  syn_rate=0.20  mean=0.7997  worsen=14.00%  highvar=0.00%
GA search time: 4.16s, candidates: 357
  [iter   8/100] search_obj=0.8039  search_best=0.7951  validation_best=0.8088  EI=0.0162  rnum=157.7  len=16  syn_rate=0.20  mean=0.8039  worsen=14.00%  highvar=0.00%
GA search time: 3.51s, candidates: 355
  [iter   9/100] search_obj=0.9158  search_best=0.7951  validation_best=0.8088  EI=0.0134  rnum=155.6  len=16  syn_rate=0.21  mean=0.9158  worsen=21.00%  highvar=0.00%
GA search time: 4.24s, candidates: 353
  [iter  10/100] search_obj=0.8016  search_best=0.7951  validation_best=0.8088  EI=0.0141  rnum=153.4  len=19  syn_rate=0.20  mean=0.8016  worsen=14.00%  highvar=0.00%
GA search time: 2.38s, candidates: 351
  [iter  11/100] search_obj=0.9990  search_best=0.7951  validation_best=0.8088  EI=0.0140  rnum=151.3  len=19  syn_rate=0.19  mean=0.9990  worsen=22.00%  highvar=0.00%
GA search time: 3.45s, candidates: 349
  [iter  12/100] search_obj=0.8219  search_best=0.7951  validation_best=0.8088  EI=0.0156  rnum=149.1  len=17  syn_rate=0.15  mean=0.8219  worsen=12.00%  highvar=0.00%
GA search time: 3.07s, candidates: 346
  [iter  13/100] search_obj=1.0048  search_best=0.7951  validation_best=0.8088  EI=0.0112  rnum=147.0  len=14  syn_rate=0.20  mean=1.0048  worsen=25.00%  highvar=0.00%
GA search time: 5.40s, candidates: 344
  [iter  14/100] search_obj=0.8128  search_best=0.7951  validation_best=0.8088  EI=0.0123  rnum=144.8  len=17  syn_rate=0.19  mean=0.8128  worsen=9.00%  highvar=0.00%
GA search time: 3.28s, candidates: 342
  [iter  15/100] search_obj=0.9990  search_best=0.7951  validation_best=0.8088  EI=0.0133  rnum=142.7  len=19  syn_rate=0.19  mean=0.9990  worsen=22.00%  highvar=0.00%
GA search time: 2.22s, candidates: 340
  [iter  16/100] search_obj=0.8016  search_best=0.7951  validation_best=0.8088  EI=0.0130  rnum=140.5  len=18  syn_rate=0.18  mean=0.8016  worsen=14.00%  highvar=0.00%
GA search time: 3.39s, candidates: 338
  [iter  17/100] search_obj=0.8192  search_best=0.7951  validation_best=0.8088  EI=0.0114  rnum=138.4  len=13  syn_rate=0.16  mean=0.8192  worsen=12.00%  highvar=0.00%
GA search time: 2.29s, candidates: 336
  [iter  18/100] search_obj=0.7997  search_best=0.7951  validation_best=0.8088  EI=0.0139  rnum=136.3  len=17  syn_rate=0.18  mean=0.7997  worsen=14.00%  highvar=0.00%
GA search time: 1.78s, candidates: 334
  [iter  19/100] search_obj=0.8045  search_best=0.7951  validation_best=0.8088  EI=0.0145  rnum=134.2  len=11  syn_rate=0.11  mean=0.8045  worsen=14.00%  highvar=0.00%
GA search time: 1.66s, candidates: 332
  [iter  20/100] search_obj=1.6574  search_best=0.7951  validation_best=0.8088  EI=0.0123  rnum=132.1  len=17  syn_rate=0.19  mean=1.6574  worsen=96.00%  highvar=0.00%
GA search time: 7.71s, candidates: 329
  [iter  21/100] search_obj=1.0006  search_best=0.7951  validation_best=0.8088  EI=0.0504  rnum=130.0  len=20  syn_rate=0.13  mean=1.0006  worsen=22.00%  highvar=0.00%
GA search time: 4.22s, candidates: 327
  [iter  22/100] search_obj=1.3187  search_best=0.7951  validation_best=0.8088  EI=0.0336  rnum=127.9  len=18  syn_rate=0.19  mean=1.3187  worsen=89.00%  highvar=0.00%
GA search time: 4.66s, candidates: 325
  [iter  23/100] search_obj=0.8999  search_best=0.7951  validation_best=0.8088  EI=0.0363  rnum=125.8  len=17  syn_rate=0.20  mean=0.8999  worsen=17.00%  highvar=0.00%
GA search time: 7.40s, candidates: 323
  [iter  24/100] search_obj=0.9409  search_best=0.7951  validation_best=0.8088  EI=0.0235  rnum=123.7  len=17  syn_rate=0.22  mean=0.9409  worsen=23.00%  highvar=0.00%
GA search time: 5.74s, candidates: 321
  [iter  25/100] search_obj=0.9560  search_best=0.7951  validation_best=0.8088  EI=0.0184  rnum=121.6  len=25  syn_rate=0.17  mean=0.9560  worsen=24.00%  highvar=0.00%
GA search time: 1.73s, candidates: 319
  [iter  26/100] search_obj=0.9416  search_best=0.7951  validation_best=0.8088  EI=0.0143  rnum=119.6  len=19  syn_rate=0.18  mean=0.9416  worsen=16.00%  highvar=0.00%
GA search time: 1.81s, candidates: 317
  [iter  27/100] search_obj=0.8192  search_best=0.7951  validation_best=0.8088  EI=0.0192  rnum=117.5  len=14  syn_rate=0.16  mean=0.8192  worsen=12.00%  highvar=0.00%
GA search time: 2.41s, candidates: 315
  [iter  28/100] search_obj=0.9048  search_best=0.7951  validation_best=0.8088  EI=0.0260  rnum=115.5  len=16  syn_rate=0.20  mean=0.9048  worsen=17.00%  highvar=0.00%
GA search time: 1.80s, candidates: 313
  [iter  29/100] search_obj=0.7997  search_best=0.7951  validation_best=0.8088  EI=0.0134  rnum=113.5  len=15  syn_rate=0.15  mean=0.7997  worsen=14.00%  highvar=0.00%
GA search time: 1.48s, candidates: 311
  [iter  30/100] search_obj=0.8001  search_best=0.7951  validation_best=0.8079  EI=0.0126  rnum=111.5  len=19  syn_rate=0.18  mean=0.8001  worsen=14.00%  highvar=0.00%
GA search time: 2.11s, candidates: 309
  [iter  31/100] search_obj=0.8963  search_best=0.7951  validation_best=0.8079  EI=0.0132  rnum=109.5  len=17  syn_rate=0.14  mean=0.8963  worsen=17.00%  highvar=0.00%
GA search time: 3.13s, candidates: 307
  [iter  32/100] search_obj=1.0871  search_best=0.7951  validation_best=0.8079  EI=0.0121  rnum=107.6  len=13  syn_rate=0.12  mean=1.0871  worsen=55.00%  highvar=0.00%
GA search time: 1.65s, candidates: 305
  [iter  33/100] search_obj=0.7997  search_best=0.7951  validation_best=0.8079  EI=0.0195  rnum=105.6  len=16  syn_rate=0.15  mean=0.7997  worsen=14.00%  highvar=0.00%
GA search time: 2.18s, candidates: 303
  [iter  34/100] search_obj=0.8359  search_best=0.7951  validation_best=0.8079  EI=0.0190  rnum=103.7  len=18  syn_rate=0.16  mean=0.8359  worsen=39.00%  highvar=0.00%
GA search time: 1.79s, candidates: 301
  [iter  35/100] search_obj=0.9991  search_best=0.7951  validation_best=0.8079  EI=0.0184  rnum=101.7  len=16  syn_rate=0.13  mean=0.9991  worsen=22.00%  highvar=0.00%
GA search time: 1.92s, candidates: 299
  [iter  36/100] search_obj=0.9428  search_best=0.7951  validation_best=0.8079  EI=0.0131  rnum=99.8  len=21  syn_rate=0.19  mean=0.9428  worsen=17.00%  highvar=0.00%
GA search time: 2.39s, candidates: 297
  [iter  37/100] search_obj=0.8119  search_best=0.7951  validation_best=0.8079  EI=0.0146  rnum=97.9  len=11  syn_rate=0.11  mean=0.8119  worsen=14.00%  highvar=0.00%
GA search time: 1.33s, candidates: 296
  [iter  38/100] search_obj=0.9994  search_best=0.7951  validation_best=0.8079  EI=0.0147  rnum=96.1  len=12  syn_rate=0.18  mean=0.9994  worsen=23.00%  highvar=0.00%
GA search time: 1.41s, candidates: 294
  [iter  39/100] search_obj=0.9999  search_best=0.7951  validation_best=0.8079  EI=0.0183  rnum=94.2  len=18  syn_rate=0.18  mean=0.9999  worsen=22.00%  highvar=0.00%
GA search time: 1.11s, candidates: 292
  [iter  40/100] search_obj=0.7997  search_best=0.7951  validation_best=0.8079  EI=0.0154  rnum=92.4  len=18  syn_rate=0.18  mean=0.7997  worsen=14.00%  highvar=0.00%
GA search time: 1.14s, candidates: 290
  [iter  41/100] search_obj=0.9991  search_best=0.7951  validation_best=0.8079  EI=0.0133  rnum=90.5  len=19  syn_rate=0.18  mean=0.9991  worsen=22.00%  highvar=0.00%
GA search time: 1.89s, candidates: 288
  [iter  42/100] search_obj=0.7997  search_best=0.7951  validation_best=0.8035  EI=0.0140  rnum=88.7  len=14  syn_rate=0.15  mean=0.7997  worsen=14.00%  highvar=0.00%
GA search time: 1.05s, candidates: 286
  [iter  43/100] search_obj=0.9589  search_best=0.7951  validation_best=0.8035  EI=0.0154  rnum=87.0  len=14  syn_rate=0.18  mean=0.9589  worsen=24.00%  highvar=0.00%
GA search time: 1.25s, candidates: 285
  [iter  44/100] search_obj=0.9982  search_best=0.7951  validation_best=0.8035  EI=0.0141  rnum=85.2  len=15  syn_rate=0.15  mean=0.9982  worsen=21.00%  highvar=0.00%
GA search time: 1.58s, candidates: 283
  [iter  45/100] search_obj=0.9442  search_best=0.7951  validation_best=0.8035  EI=0.0135  rnum=83.5  len=16  syn_rate=0.15  mean=0.9442  worsen=17.00%  highvar=0.00%
GA search time: 1.58s, candidates: 281
  [iter  46/100] search_obj=0.9152  search_best=0.7951  validation_best=0.8035  EI=0.0162  rnum=81.7  len=18  syn_rate=0.15  mean=0.9152  worsen=20.00%  highvar=0.00%
GA search time: 1.50s, candidates: 280
  [iter  47/100] search_obj=0.7997  search_best=0.7951  validation_best=0.8035  EI=0.0151  rnum=80.0  len=15  syn_rate=0.15  mean=0.7997  worsen=14.00%  highvar=0.00%
GA search time: 2.20s, candidates: 278
  [iter  48/100] search_obj=0.8119  search_best=0.7951  validation_best=0.8035  EI=0.0135  rnum=78.4  len=11  syn_rate=0.11  mean=0.8119  worsen=14.00%  highvar=0.00%
GA search time: 0.98s, candidates: 276
  [iter  49/100] search_obj=0.9982  search_best=0.7951  validation_best=0.8035  EI=0.0129  rnum=76.7  len=18  syn_rate=0.20  mean=0.9982  worsen=22.00%  highvar=0.00%
GA search time: 1.17s, candidates: 275
  [iter  50/100] search_obj=0.8119  search_best=0.7951  validation_best=0.8035  EI=0.0131  rnum=75.1  len=12  syn_rate=0.11  mean=0.8119  worsen=14.00%  highvar=0.00%
GA search time: 0.85s, candidates: 273
  [iter  51/100] search_obj=0.8222  search_best=0.7951  validation_best=0.8035  EI=0.0135  rnum=73.4  len=15  syn_rate=0.15  mean=0.8222  worsen=12.00%  highvar=0.00%
GA search time: 0.99s, candidates: 271
  [iter  52/100] search_obj=0.9487  search_best=0.7951  validation_best=0.8035  EI=0.0122  rnum=71.8  len=13  syn_rate=0.10  mean=0.9487  worsen=19.00%  highvar=0.00%
GA search time: 0.75s, candidates: 270
  [iter  53/100] search_obj=0.9991  search_best=0.7951  validation_best=0.8035  EI=0.0133  rnum=70.3  len=14  syn_rate=0.19  mean=0.9991  worsen=22.00%  highvar=0.00%
GA search time: 0.65s, candidates: 268
  [iter  54/100] search_obj=0.8660  search_best=0.7951  validation_best=0.8035  EI=0.0121  rnum=68.7  len=17  syn_rate=0.15  mean=0.8660  worsen=17.00%  highvar=0.00%
GA search time: 0.81s, candidates: 267
  [iter  55/100] search_obj=0.7997  search_best=0.7951  validation_best=0.8035  EI=0.0132  rnum=67.2  len=17  syn_rate=0.18  mean=0.7997  worsen=14.00%  highvar=0.00%
GA search time: 1.02s, candidates: 265
  [iter  56/100] search_obj=0.7997  search_best=0.7951  validation_best=0.8035  EI=0.0129  rnum=65.7  len=18  syn_rate=0.19  mean=0.7997  worsen=14.00%  highvar=0.00%
GA search time: 1.84s, candidates: 264
  [iter  57/100] search_obj=0.9990  search_best=0.7951  validation_best=0.8035  EI=0.0126  rnum=64.2  len=18  syn_rate=0.19  mean=0.9990  worsen=22.00%  highvar=0.00%
GA search time: 0.81s, candidates: 262
  [iter  58/100] search_obj=0.8011  search_best=0.7951  validation_best=0.8035  EI=0.0122  rnum=62.7  len=16  syn_rate=0.15  mean=0.8011  worsen=14.00%  highvar=0.00%
GA search time: 0.59s, candidates: 261
  [iter  59/100] search_obj=0.9990  search_best=0.7951  validation_best=0.8035  EI=0.0144  rnum=61.3  len=18  syn_rate=0.19  mean=0.9990  worsen=22.00%  highvar=0.00%
GA search time: 0.93s, candidates: 259
  [iter  60/100] search_obj=0.8971  search_best=0.7951  validation_best=0.8035  EI=0.0136  rnum=59.8  len=14  syn_rate=0.15  mean=0.8971  worsen=17.00%  highvar=0.00%
GA search time: 1.10s, candidates: 258
  [iter  61/100] search_obj=0.7997  search_best=0.7951  validation_best=0.8035  EI=0.0119  rnum=58.4  len=19  syn_rate=0.20  mean=0.7997  worsen=14.00%  highvar=0.00%
GA search time: 0.67s, candidates: 257
  [iter  62/100] search_obj=0.8220  search_best=0.7951  validation_best=0.8035  EI=0.0125  rnum=57.0  len=10  syn_rate=0.12  mean=0.8220  worsen=12.00%  highvar=0.00%
GA search time: 0.99s, candidates: 255
  [iter  63/100] search_obj=0.9991  search_best=0.7951  validation_best=0.8035  EI=0.0123  rnum=55.7  len=17  syn_rate=0.18  mean=0.9991  worsen=22.00%  highvar=0.00%
GA search time: 0.98s, candidates: 254
  [iter  64/100] search_obj=0.9982  search_best=0.7951  validation_best=0.8035  EI=0.0137  rnum=54.3  len=15  syn_rate=0.16  mean=0.9982  worsen=23.00%  highvar=0.00%
GA search time: 0.93s, candidates: 253
  [iter  65/100] search_obj=0.9982  search_best=0.7951  validation_best=0.8035  EI=0.0134  rnum=53.0  len=15  syn_rate=0.17  mean=0.9982  worsen=21.00%  highvar=0.00%
GA search time: 0.74s, candidates: 251
  [iter  66/100] search_obj=0.9136  search_best=0.7951  validation_best=0.8035  EI=0.0113  rnum=51.7  len=16  syn_rate=0.15  mean=0.9136  worsen=20.00%  highvar=0.00%
GA search time: 0.82s, candidates: 250
  [iter  67/100] search_obj=0.7952  search_best=0.7951  validation_best=0.8035  EI=0.0113  rnum=50.5  len=16  syn_rate=0.16  mean=0.7952  worsen=14.00%  highvar=0.00%
GA search time: 1.24s, candidates: 249
  [iter  68/100] search_obj=0.8557  search_best=0.7951  validation_best=0.8035  EI=0.0121  rnum=49.2  len=18  syn_rate=0.18  mean=0.8557  worsen=21.00%  highvar=0.00%
GA search time: 1.22s, candidates: 247
  [iter  69/100] search_obj=0.8960  search_best=0.7951  validation_best=0.8035  EI=0.0117  rnum=48.0  len=18  syn_rate=0.18  mean=0.8960  worsen=17.00%  highvar=0.00%
GA search time: 1.06s, candidates: 246
  [iter  70/100] search_obj=0.9990  search_best=0.7951  validation_best=0.8035  EI=0.0131  rnum=46.8  len=19  syn_rate=0.18  mean=0.9990  worsen=22.00%  highvar=0.00%
GA search time: 0.88s, candidates: 245
  [iter  71/100] search_obj=0.9990  search_best=0.7951  validation_best=0.8035  EI=0.0121  rnum=45.6  len=17  syn_rate=0.18  mean=0.9990  worsen=22.00%  highvar=0.00%
GA search time: 1.19s, candidates: 244
  [iter  72/100] search_obj=0.7997  search_best=0.7951  validation_best=0.8035  EI=0.0125  rnum=44.4  len=16  syn_rate=0.15  mean=0.7997  worsen=14.00%  highvar=0.00%
GA search time: 0.97s, candidates: 243
  [iter  73/100] search_obj=0.9991  search_best=0.7951  validation_best=0.8035  EI=0.0130  rnum=43.3  len=17  syn_rate=0.18  mean=0.9991  worsen=22.00%  highvar=0.00%
GA search time: 0.87s, candidates: 242
  [iter  74/100] search_obj=0.7997  search_best=0.7951  validation_best=0.8035  EI=0.0127  rnum=42.2  len=12  syn_rate=0.13  mean=0.7997  worsen=14.00%  highvar=0.00%
GA search time: 0.89s, candidates: 241
  [iter  75/100] search_obj=0.9991  search_best=0.7951  validation_best=0.8035  EI=0.0132  rnum=41.1  len=17  syn_rate=0.17  mean=0.9991  worsen=22.00%  highvar=0.00%
GA search time: 0.56s, candidates: 239
  [iter  76/100] search_obj=0.8031  search_best=0.7951  validation_best=0.8035  EI=0.0122  rnum=40.0  len=19  syn_rate=0.20  mean=0.8031  worsen=14.00%  highvar=0.00%
GA search time: 0.61s, candidates: 238
  [iter  77/100] search_obj=0.7997  search_best=0.7951  validation_best=0.8035  EI=0.0135  rnum=38.9  len=17  syn_rate=0.18  mean=0.7997  worsen=14.00%  highvar=0.00%
GA search time: 1.11s, candidates: 237
  [iter  78/100] search_obj=0.8001  search_best=0.7951  validation_best=0.8035  EI=0.0121  rnum=37.9  len=19  syn_rate=0.19  mean=0.8001  worsen=14.00%  highvar=0.00%
GA search time: 1.17s, candidates: 236
  [iter  79/100] search_obj=0.9051  search_best=0.7951  validation_best=0.8035  EI=0.0110  rnum=36.9  len=19  syn_rate=0.19  mean=0.9051  worsen=17.00%  highvar=0.00%
GA search time: 0.76s, candidates: 235
  [iter  80/100] search_obj=0.9981  search_best=0.7951  validation_best=0.8035  EI=0.0105  rnum=35.9  len=20  syn_rate=0.20  mean=0.9981  worsen=22.00%  highvar=0.00%
GA search time: 0.61s, candidates: 234
  [iter  81/100] search_obj=0.8588  search_best=0.7951  validation_best=0.8035  EI=0.0127  rnum=34.9  len=19  syn_rate=0.20  mean=0.8588  worsen=22.00%  highvar=0.00%
GA search time: 0.46s, candidates: 233
  [iter  82/100] search_obj=0.8179  search_best=0.7951  validation_best=0.8035  EI=0.0113  rnum=33.9  len=12  syn_rate=0.15  mean=0.8179  worsen=12.00%  highvar=0.00%
GA search time: 0.47s, candidates: 233
  [iter  83/100] search_obj=0.7997  search_best=0.7951  validation_best=0.8035  EI=0.0123  rnum=33.0  len=16  syn_rate=0.19  mean=0.7997  worsen=14.00%  highvar=0.00%
GA search time: 0.63s, candidates: 232
  [iter  84/100] search_obj=0.9452  search_best=0.7951  validation_best=0.8035  EI=0.0122  rnum=32.1  len=14  syn_rate=0.14  mean=0.9452  worsen=17.00%  highvar=0.00%
GA search time: 0.68s, candidates: 231
  [iter  85/100] search_obj=0.9982  search_best=0.7951  validation_best=0.8035  EI=0.0128  rnum=31.2  len=17  syn_rate=0.19  mean=0.9982  worsen=21.00%  highvar=0.00%
GA search time: 0.78s, candidates: 230
  [iter  86/100] search_obj=1.0040  search_best=0.7951  validation_best=0.8035  EI=0.0146  rnum=30.3  len=17  syn_rate=0.16  mean=1.0040  worsen=22.00%  highvar=0.00%
GA search time: 0.53s, candidates: 229
  [iter  87/100] search_obj=0.9963  search_best=0.7951  validation_best=0.8035  EI=0.0144  rnum=29.5  len=16  syn_rate=0.16  mean=0.9963  worsen=23.00%  highvar=0.00%
GA search time: 0.69s, candidates: 228
  [iter  88/100] search_obj=0.9642  search_best=0.7951  validation_best=0.8035  EI=0.0105  rnum=28.6  len=19  syn_rate=0.19  mean=0.9642  worsen=25.00%  highvar=0.00%
GA search time: 0.59s, candidates: 227
  [iter  89/100] search_obj=0.8100  search_best=0.7951  validation_best=0.8035  EI=0.0128  rnum=27.8  len=12  syn_rate=0.12  mean=0.8100  worsen=14.00%  highvar=0.00%
GA search time: 0.52s, candidates: 226
  [iter  90/100] search_obj=0.8119  search_best=0.7951  validation_best=0.8035  EI=0.0132  rnum=27.0  len=10  syn_rate=0.10  mean=0.8119  worsen=14.00%  highvar=0.00%
GA search time: 0.62s, candidates: 226
  [iter  91/100] search_obj=0.8021  search_best=0.7951  validation_best=0.8035  EI=0.0114  rnum=26.2  len=19  syn_rate=0.21  mean=0.8021  worsen=14.00%  highvar=0.00%
GA search time: 0.67s, candidates: 225
  [iter  92/100] search_obj=0.8143  search_best=0.7951  validation_best=0.8035  EI=0.0120  rnum=25.4  len=12  syn_rate=0.14  mean=0.8143  worsen=14.00%  highvar=0.00%
GA search time: 0.59s, candidates: 224
  [iter  93/100] search_obj=0.8961  search_best=0.7951  validation_best=0.8035  EI=0.0107  rnum=24.7  len=12  syn_rate=0.11  mean=0.8961  worsen=17.00%  highvar=0.00%
GA search time: 0.43s, candidates: 223
  [iter  94/100] search_obj=0.9990  search_best=0.7951  validation_best=0.8035  EI=0.0105  rnum=24.0  len=15  syn_rate=0.14  mean=0.9990  worsen=22.00%  highvar=0.00%
GA search time: 0.55s, candidates: 223
  [iter  95/100] search_obj=0.7997  search_best=0.7951  validation_best=0.8035  EI=0.0107  rnum=23.3  len=16  syn_rate=0.15  mean=0.7997  worsen=14.00%  highvar=0.00%
GA search time: 0.43s, candidates: 222
  [iter  96/100] search_obj=0.9991  search_best=0.7951  validation_best=0.8035  EI=0.0140  rnum=22.6  len=16  syn_rate=0.16  mean=0.9991  worsen=22.00%  highvar=0.00%
GA search time: 0.50s, candidates: 221
  [iter  97/100] search_obj=0.7997  search_best=0.7951  validation_best=0.8035  EI=0.0132  rnum=21.9  len=19  syn_rate=0.20  mean=0.7997  worsen=14.00%  highvar=0.00%
GA search time: 0.58s, candidates: 221
  [iter  98/100] search_obj=0.7997  search_best=0.7951  validation_best=0.8035  EI=0.0137  rnum=21.2  len=16  syn_rate=0.16  mean=0.7997  worsen=14.00%  highvar=0.00%
GA search time: 0.53s, candidates: 220
  [iter  99/100] search_obj=0.9981  search_best=0.7951  validation_best=0.8035  EI=0.0144  rnum=20.6  len=19  syn_rate=0.20  mean=0.9981  worsen=22.00%  highvar=0.00%
GA search time: 0.58s, candidates: 219
  [iter 100/100] search_obj=0.8020  search_best=0.7951  validation_best=0.8035  EI=0.0108  rnum=19.9  len=19  syn_rate=0.19  mean=0.8020  worsen=14.00%  highvar=0.00%

[Step 5] 按 validation 选择最终通用序列...
  选择结果:
    search_train_obj=0.7997, search_train_mean=0.7997, search_train_worsen=14.00%, search_train_highvar=0.00%
    validation_obj=0.8035, validation_mean=0.8035, validation_worsen=17.00%, validation_highvar=0.00%

[Step 6] 在 validation 上执行消融后处理...

[Ablation-validation] 初始序列长度: 14, objective: 0.8035, mean_norm: 0.8035, worsen_rate: 17.00%
  移除 [13] function(jump-threading): objective 0.8035, mean_norm 0.8035, worsen_rate 17.00% (保留移除)
  移除 [12] module(scc-oz-module-inliner): objective 0.8346 > 0.8035 (恢复)
  移除 [11] module(attributor): objective 0.8435 > 0.8035 (恢复)
  移除 [10] module(iroutliner): objective 0.8041 > 0.8035 (恢复)
  移除 [9] module(globalopt): objective 0.8035, mean_norm 0.8035, worsen_rate 17.00% (保留移除)
  移除 [8] module(globalopt): objective 0.8035, mean_norm 0.8035, worsen_rate 17.00% (保留移除)
  移除 [7] function(instsimplify): objective 0.8035, mean_norm 0.8035, worsen_rate 17.00% (保留移除)
  移除 [6] module(scc-oz-module-inliner): objective 0.8650 > 0.8035 (恢复)
  移除 [5] module(attributor): objective 0.9019 > 0.8035 (恢复)
  移除 [4] module(iroutliner): objective 0.8971 > 0.8035 (恢复)
  移除 [3] module(globalopt): objective 0.9157 > 0.8035 (恢复)
  移除 [2] module(attributor): objective 0.8123 > 0.8035 (恢复)
  移除 [1] function(memcpyopt): objective 0.8088 > 0.8035 (恢复)
  移除 [0] module(elim-avail-extern): objective 1.0107 > 0.8035 (恢复)
[Ablation-validation] 最终序列长度: 10, objective: 0.8035, mean_norm: 0.8035, worsen_rate: 17.00%, 移除了 4 个 pass
  消融有效: 14 → 10 passes, validation_objective: 0.8035 → 0.8035

最终通用 pass 序列（effective=10 个顶层 pass, raw=10 个 pass, syn_rate(raw)=0.08）:
  module(elim-avail-extern) → function(memcpyopt) → module(attributor) → module(globalopt) → module(iroutliner) → module(attributor) → module(scc-oz-module-inliner) → module(iroutliner) → module(attributor) → module(scc-oz-module-inliner)
  search_train_obj=0.7997, search_train_mean=0.7997, search_train_worsen=14.00%, search_train_highvar=0.00%
  validation_obj=0.8035, validation_mean=0.8035, validation_worsen=17.00%, validation_highvar=0.00%
  test_obj=0.7921, test_mean=0.7921, test_worsen=12.00%, test_highvar=0.00%

Top-5 最佳序列（按 validation 多目标 objective 升序）:
  #1: validation_obj=0.8035, validation_mean=0.8035, validation_worsen=17.00%, validation_highvar=0.00%, train_obj=0.7997, train_mean=0.7997, train_highvar=0.00%, len=14, syn_rate=0.15, test_obj=0.7921, test_mean=0.7921, test_worsen=12.00%, test_highvar=0.00%
     module(elim-avail-extern) → function(memcpyopt) → module(attributor) → module(globalopt) → module(iroutliner) → module(attributor) → module(scc-oz-module-inliner) → function(instsimplify) → module(globalopt) → module(globalopt) → module(iroutliner) → module(attributor) → module(scc-oz-module-inliner) → function(jump-threading)
  #2: validation_obj=0.8035, validation_mean=0.8035, validation_worsen=17.00%, validation_highvar=0.00%, train_obj=0.7997, train_mean=0.7997, train_highvar=0.00%, len=15, syn_rate=0.15, test_obj=0.7921, test_mean=0.7921, test_worsen=12.00%, test_highvar=0.00%
     module(elim-avail-extern) → function(memcpyopt) → module(attributor) → module(globalopt) → module(iroutliner) → module(attributor) → module(globalopt) → module(scc-oz-module-inliner) → function(instsimplify) → module(globalopt) → module(globalopt) → module(iroutliner) → module(attributor) → module(scc-oz-module-inliner) → function(jump-threading)
  #3: validation_obj=0.8043, validation_mean=0.8043, validation_worsen=17.00%, validation_highvar=0.00%, train_obj=0.8011, train_mean=0.8011, train_highvar=0.00%, len=16, syn_rate=0.15, test_obj=0.7915, test_mean=0.7915, test_worsen=12.00%, test_highvar=0.00%
     module(elim-avail-extern) → function(memcpyopt) → module(attributor) → module(globalopt) → module(iroutliner) → module(attributor) → function(instsimplify) → module(globalopt) → module(globalopt) → module(iroutliner) → module(globalopt) → module(elim-avail-extern) → module(scc-oz-module-inliner) → module(attributor) → module(scc-oz-module-inliner) → function(jump-threading)
  #4: validation_obj=0.8067, validation_mean=0.8067, validation_worsen=17.00%, validation_highvar=0.00%, train_obj=0.8020, train_mean=0.8020, train_highvar=0.00%, len=19, syn_rate=0.19, test_obj=0.8120, test_mean=0.8120, test_worsen=14.00%, test_highvar=0.00%
     module(elim-avail-extern) → module(globalopt) → function(gvn-sink) → module(globalopt) → module(iroutliner) → module(attributor) → function(instsimplify) → module(elim-avail-extern) → function(jump-threading) → module(attributor) → module(attributor) → module(scc-oz-module-inliner) → module(scc-oz-module-inliner) → module(globalopt) → module(globalopt) → module(iroutliner) → module(attributor) → module(scc-oz-module-inliner) → function(jump-threading)
  #5: validation_obj=0.8079, validation_mean=0.8079, validation_worsen=18.00%, validation_highvar=0.00%, train_obj=0.8001, train_mean=0.8001, train_highvar=0.00%, len=19, syn_rate=0.18, test_obj=0.8003, test_mean=0.8003, test_worsen=12.00%, test_highvar=0.00%
     module(elim-avail-extern) → module(globalopt) → function(gvn-sink) → module(globalopt) → module(attributor) → module(globalopt) → module(iroutliner) → module(attributor) → module(scc-oz-module-inliner) → function(instsimplify) → function(gvn-sink) → module(globalopt) → module(globalopt) → module(iroutliner) → module(attributor) → module(scc-oz-module-inliner) → function(jump-threading) → module(globalopt) → module(globalopt)

============================================================
所有轮次中最优 validation objective: 0.8035
最优通用 pass 序列 (10 passes):
  module(elim-avail-extern) → function(memcpyopt) → module(attributor) → module(globalopt) → module(iroutliner) → module(attributor) → module(scc-oz-module-inliner) → module(iroutliner) → module(attributor) → module(scc-oz-module-inliner)
  search_train_obj=0.7997, search_train_mean=0.7997, search_train_worsen=14.00%, search_train_highvar=0.00%
  validation_obj=0.8035, validation_mean=0.8035, validation_worsen=17.00%, validation_highvar=0.00%
  test_obj=0.7921, test_mean=0.7921, test_worsen=12.00%, test_highvar=0.00%

最优轮次 Top-5 序列（含测试集效果，按 validation objective 升序）:
  #1: validation_obj=0.8035, validation_mean=0.8035, validation_worsen=17.00%, validation_highvar=0.00%, train_obj=0.7997, train_mean=0.7997, train_highvar=0.00%, len=14, syn_rate=0.15, test_obj=0.7921, test_mean=0.7921, test_worsen=12.00%, test_highvar=0.00%
     module(elim-avail-extern) → function(memcpyopt) → module(attributor) → module(globalopt) → module(iroutliner) → module(attributor) → module(scc-oz-module-inliner) → function(instsimplify) → module(globalopt) → module(globalopt) → module(iroutliner) → module(attributor) → module(scc-oz-module-inliner) → function(jump-threading)
  #2: validation_obj=0.8035, validation_mean=0.8035, validation_worsen=17.00%, validation_highvar=0.00%, train_obj=0.7997, train_mean=0.7997, train_highvar=0.00%, len=15, syn_rate=0.15, test_obj=0.7921, test_mean=0.7921, test_worsen=12.00%, test_highvar=0.00%
     module(elim-avail-extern) → function(memcpyopt) → module(attributor) → module(globalopt) → module(iroutliner) → module(attributor) → module(globalopt) → module(scc-oz-module-inliner) → function(instsimplify) → module(globalopt) → module(globalopt) → module(iroutliner) → module(attributor) → module(scc-oz-module-inliner) → function(jump-threading)
  #3: validation_obj=0.8043, validation_mean=0.8043, validation_worsen=17.00%, validation_highvar=0.00%, train_obj=0.8011, train_mean=0.8011, train_highvar=0.00%, len=16, syn_rate=0.15, test_obj=0.7915, test_mean=0.7915, test_worsen=12.00%, test_highvar=0.00%
     module(elim-avail-extern) → function(memcpyopt) → module(attributor) → module(globalopt) → module(iroutliner) → module(attributor) → function(instsimplify) → module(globalopt) → module(globalopt) → module(iroutliner) → module(globalopt) → module(elim-avail-extern) → module(scc-oz-module-inliner) → module(attributor) → module(scc-oz-module-inliner) → function(jump-threading)
  #4: validation_obj=0.8067, validation_mean=0.8067, validation_worsen=17.00%, validation_highvar=0.00%, train_obj=0.8020, train_mean=0.8020, train_highvar=0.00%, len=19, syn_rate=0.19, test_obj=0.8120, test_mean=0.8120, test_worsen=14.00%, test_highvar=0.00%
     module(elim-avail-extern) → module(globalopt) → function(gvn-sink) → module(globalopt) → module(iroutliner) → module(attributor) → function(instsimplify) → module(elim-avail-extern) → function(jump-threading) → module(attributor) → module(attributor) → module(scc-oz-module-inliner) → module(scc-oz-module-inliner) → module(globalopt) → module(globalopt) → module(iroutliner) → module(attributor) → module(scc-oz-module-inliner) → function(jump-threading)
  #5: validation_obj=0.8079, validation_mean=0.8079, validation_worsen=18.00%, validation_highvar=0.00%, train_obj=0.8001, train_mean=0.8001, train_highvar=0.00%, len=19, syn_rate=0.18, test_obj=0.8003, test_mean=0.8003, test_worsen=12.00%, test_highvar=0.00%
     module(elim-avail-extern) → module(globalopt) → function(gvn-sink) → module(globalopt) → module(attributor) → module(globalopt) → module(iroutliner) → module(attributor) → module(scc-oz-module-inliner) → function(instsimplify) → function(gvn-sink) → module(globalopt) → module(globalopt) → module(iroutliner) → module(attributor) → module(scc-oz-module-inliner) → function(jump-threading) → module(globalopt) → module(globalopt)
binarysize_test: vs_none=0.999 (+0.1%)  vs_oz=0.999 (+0.1%)  vs_o3=0.981 (+1.9%) [metric=stripped_file_bytes]
binarysize_test[text_bytes]: vs_none=0.908 (+9.2%)  vs_oz=0.919 (+8.1%)  vs_o3=0.782 (+21.8%)
binarysize_test[data_bytes]: vs_none=0.983 (+1.7%)  vs_oz=0.993 (+0.7%)  vs_o3=0.986 (+1.4%)
binarysize_test[bss_bytes]: vs_none=1.000 (+0.0%)  vs_oz=1.000 (+0.0%)  vs_o3=1.000 (+0.0%)
binarysize_test[dec_bytes]: vs_none=0.935 (+6.5%)  vs_oz=0.947 (+5.3%)  vs_o3=0.843 (+15.7%)

最优轮次 Top-5 binarysize_test 序列面板（primary=stripped_file_bytes）:
  #1: len=14, syn_rate=0.15
     stripped_file_bytes: obj=0.9994, mean=0.9994, worsen=6.00%, vs_none=0.999 (+0.1%)  vs_oz=0.999 (+0.1%)  vs_o3=0.981 (+1.9%)
     text_bytes: obj=0.9183, mean=0.9183, worsen=16.00%, vs_none=0.907 (+9.3%)  vs_oz=0.918 (+8.2%)  vs_o3=0.781 (+21.9%)
     data_bytes: obj=0.9925, mean=0.9925, worsen=8.00%, vs_none=0.983 (+1.7%)  vs_oz=0.993 (+0.7%)  vs_o3=0.986 (+1.4%)
     bss_bytes: obj=1.0000, mean=1.0000, worsen=0.00%, vs_none=1.000 (+0.0%)  vs_oz=1.000 (+0.0%)  vs_o3=1.000 (+0.0%)
     dec_bytes: obj=0.9467, mean=0.9467, worsen=16.00%, vs_none=0.934 (+6.6%)  vs_oz=0.947 (+5.3%)  vs_o3=0.842 (+15.8%)
  #2: len=15, syn_rate=0.15
     stripped_file_bytes: obj=0.9994, mean=0.9994, worsen=6.00%, vs_none=0.999 (+0.1%)  vs_oz=0.999 (+0.1%)  vs_o3=0.981 (+1.9%)
     text_bytes: obj=0.9183, mean=0.9183, worsen=16.00%, vs_none=0.907 (+9.3%)  vs_oz=0.918 (+8.2%)  vs_o3=0.781 (+21.9%)
     data_bytes: obj=0.9925, mean=0.9925, worsen=8.00%, vs_none=0.983 (+1.7%)  vs_oz=0.993 (+0.7%)  vs_o3=0.986 (+1.4%)
     bss_bytes: obj=1.0000, mean=1.0000, worsen=0.00%, vs_none=1.000 (+0.0%)  vs_oz=1.000 (+0.0%)  vs_o3=1.000 (+0.0%)
     dec_bytes: obj=0.9467, mean=0.9467, worsen=16.00%, vs_none=0.934 (+6.6%)  vs_oz=0.947 (+5.3%)  vs_o3=0.842 (+15.8%)
  #3: len=16, syn_rate=0.15
     stripped_file_bytes: obj=0.9994, mean=0.9994, worsen=6.00%, vs_none=0.999 (+0.1%)  vs_oz=0.999 (+0.1%)  vs_o3=0.981 (+1.9%)
     text_bytes: obj=0.9191, mean=0.9191, worsen=16.00%, vs_none=0.908 (+9.2%)  vs_oz=0.919 (+8.1%)  vs_o3=0.782 (+21.8%)
     data_bytes: obj=0.9925, mean=0.9925, worsen=8.00%, vs_none=0.983 (+1.7%)  vs_oz=0.993 (+0.7%)  vs_o3=0.986 (+1.4%)
     bss_bytes: obj=1.0000, mean=1.0000, worsen=0.00%, vs_none=1.000 (+0.0%)  vs_oz=1.000 (+0.0%)  vs_o3=1.000 (+0.0%)
     dec_bytes: obj=0.9472, mean=0.9472, worsen=16.00%, vs_none=0.935 (+6.5%)  vs_oz=0.947 (+5.3%)  vs_o3=0.843 (+15.7%)
  #4: len=19, syn_rate=0.19
     stripped_file_bytes: obj=0.9995, mean=0.9995, worsen=6.00%, vs_none=0.999 (+0.1%)  vs_oz=0.999 (+0.1%)  vs_o3=0.981 (+1.9%)
     text_bytes: obj=0.9292, mean=0.9292, worsen=18.00%, vs_none=0.916 (+8.4%)  vs_oz=0.929 (+7.1%)  vs_o3=0.789 (+21.1%)
     data_bytes: obj=0.9930, mean=0.9930, worsen=8.00%, vs_none=0.984 (+1.6%)  vs_oz=0.993 (+0.7%)  vs_o3=0.987 (+1.3%)
     bss_bytes: obj=1.0000, mean=1.0000, worsen=0.00%, vs_none=1.000 (+0.0%)  vs_oz=1.000 (+0.0%)  vs_o3=1.000 (+0.0%)
     dec_bytes: obj=0.9478, mean=0.9478, worsen=18.00%, vs_none=0.934 (+6.6%)  vs_oz=0.948 (+5.2%)  vs_o3=0.844 (+15.6%)
  #5: len=19, syn_rate=0.18
     stripped_file_bytes: obj=0.9994, mean=0.9994, worsen=6.00%, vs_none=0.999 (+0.1%)  vs_oz=0.999 (+0.1%)  vs_o3=0.981 (+1.9%)
     text_bytes: obj=0.9210, mean=0.9210, worsen=16.00%, vs_none=0.910 (+9.0%)  vs_oz=0.921 (+7.9%)  vs_o3=0.784 (+21.6%)
     data_bytes: obj=0.9925, mean=0.9925, worsen=8.00%, vs_none=0.983 (+1.7%)  vs_oz=0.993 (+0.7%)  vs_o3=0.986 (+1.4%)
     bss_bytes: obj=1.0000, mean=1.0000, worsen=0.00%, vs_none=1.000 (+0.0%)  vs_oz=1.000 (+0.0%)  vs_o3=1.000 (+0.0%)
     dec_bytes: obj=0.9488, mean=0.9488, worsen=16.00%, vs_none=0.936 (+6.4%)  vs_oz=0.949 (+5.1%)  vs_o3=0.844 (+15.6%)
核心调优成本已写入: /root/exp/RFunipassLab/results/instrcount/summaries/20260507_202044_265072_feature_lite_seed457_core_tuning_cost.json
结果已写入: /root/exp/RFunipassLab/results/instrcount/summaries/20260507_202044_265072_feature_lite_seed457.json
总运行时间: 2014.29 秒
