# run_id: 20260422_225813_437837_feature_lite
# name: feature_lite
# group: feature_ablation
# description: 切换到 Lite 特征编码，保留其余搜索流程不变。
# changed: FEATURE_MODE=lite, GA_GEN=5, GA_POP=200, ITERS=100, MAX_SEQ_LEN=120, MIN_VAL_PROGRAMS=5, SEED_TOPK=0, TEST_TOPK=50, TRAIN_TOPK=200, VAL_RATIO=0.5
# result_json: /root/exp/RFunipassLab/results/instrcount/summaries/20260422_225813_437837_feature_lite.json
# started_at: 2026-04-22T22:58:13
# control_env:
#   BACKEND_OPT_LEVEL=-O0
#   BINARY_SIZE_METRIC=stripped_file_bytes
#   BINARY_SIZE_REPORT_METRICS=text_bytes,data_bytes,bss_bytes,dec_bytes
#   DECAY=0.5
#   FEATURE_MODE=lite
#   GA_ELITE=0.1
#   GA_GEN=5
#   GA_MUT=0.8
#   GA_POP=200
#   GA_TOUR=3
#   ITERS=100
#   MAX_SEQ_LEN=120
#   MIN_VAL_PROGRAMS=5
#   OBJECTIVE_BASELINE=oz
#   OBJECTIVE_KIND=instrcount
#   OBJ_HIGHVAR_W=0.0
#   OBJ_WORSEN_W=0.15
#   OFFSET=20
#   PROGRAM_POOL_KIND=auto
#   RNUM=256
#   RUNS=1
#   RUNTIME_EVAL_MAX_VARIANCE_PCT=15.0
#   RUNTIME_MAX_INNER_REPEATS=64
#   RUNTIME_MAX_VARIANCE_PCT=10.0
#   RUNTIME_REQUIRED_ROWS=0
#   RUNTIME_SAMPLES=5
#   RUNTIME_TARGET_SAMPLE_MS=30.0
#   RUNTIME_TIMEOUT_SEC=2.0
#   SCALE=10
#   SEED_TOPK=0
#   TEST_TOPK=50
#   TRAIN_TOPK=200
#   VAL_RATIO=0.5

Loading train/test rows from: /root/exp/RFunipassLab/data/tuning_results.csv
Loaded train programs:       200
Loaded initial seed seqs:    86
Loaded test programs:        50
Objective kind:              instrcount
Program pool kind:           tuning

Loading synergy graph from: /root/exp/RFunipassLab/data/Step3_EnumeratedPairs.csv
All passes (19): ['module(elim-avail-extern)', 'module(globalopt)', 'cgscc(attributor-cgscc)', 'module(scc-oz-module-inliner)', 'function(mem2reg)', 'function(instsimplify)', 'module(iroutliner)', 'function(reassociate)', 'function(memcpyopt)', 'function(gvn-hoist)', 'function(dce)', 'function(jump-threading)', 'module(attributor)', 'function(dse)', 'function(newgvn)', 'function(gvn-sink)', 'module(inferattrs)', 'loop(loop-simplifycfg)', 'function(lower-switch)']
Synergy edges: 176
Self-loop passes: {'module(attributor)', 'function(newgvn)', 'cgscc(attributor-cgscc)'}

============================================================
实验轮次 1 / 1
============================================================
============================================================
目标类型:      instrcount
目标基准:      -Oz
基准指标:      -Oz 基准指令数
优化指标:      归一化指令数
输入程序数:    200
输入次优序列数: 86
测试程序数:    50
Pass 词表大小: 19
协同边数:      176
自环 pass 数:  3
序列长度上限:  120
特征模式:      lite
RF 特征维度:   31
词表: ['module(elim-avail-extern)', 'module(globalopt)', 'cgscc(attributor-cgscc)', 'module(scc-oz-module-inliner)', 'function(mem2reg)', 'function(instsimplify)', 'module(iroutliner)', 'function(reassociate)', 'function(memcpyopt)', 'function(gvn-hoist)', 'function(dce)', 'function(jump-threading)', 'module(attributor)', 'function(dse)', 'function(newgvn)', 'function(gvn-sink)', 'module(inferattrs)', 'loop(loop-simplifycfg)', 'function(lower-switch)']
多目标权重:    mean=1.0, worsen=0.15, highvar=0.0

[Step 1.5] 训练程序切分...
  search_train 程序数: 100
  validation 程序数:   100

[Step 2] 计算 search_train 程序 -Oz 基准指令数...
[Step 2b] 计算 validation 程序 -Oz 基准指令数...
[Step 2c] 计算测试集程序 -Oz 基准指令数...

[Step 3] 评估初始 seed 序列（共 86 条）...

[Step 4] 开始贝叶斯优化（100 轮）...
GA search time: 8.93s, candidates: 368
  [iter   1/100] search_obj=0.8236  search_best=0.8133  validation_best=0.8442  EI=0.0109  rnum=168.4  len=24  syn_rate=0.35  mean=0.8086  worsen=10.00%  highvar=0.00%
GA search time: 10.71s, candidates: 366
  [iter   2/100] search_obj=0.8077  search_best=0.8077  validation_best=0.8442  EI=0.0156  rnum=166.3  len=19  syn_rate=0.35  mean=0.7957  worsen=8.00%  highvar=0.00%
GA search time: 11.02s, candidates: 364
  [iter   3/100] search_obj=1.1525  search_best=0.8077  validation_best=0.8442  EI=0.0170  rnum=164.2  len=35  syn_rate=0.34  mean=1.0475  worsen=70.00%  highvar=0.00%
GA search time: 8.55s, candidates: 362
  [iter   4/100] search_obj=0.8181  search_best=0.8077  validation_best=0.8442  EI=0.0208  rnum=162.0  len=29  syn_rate=0.42  mean=0.8076  worsen=7.00%  highvar=0.00%
GA search time: 10.97s, candidates: 359
  [iter   5/100] search_obj=0.8181  search_best=0.8077  validation_best=0.8442  EI=0.0203  rnum=159.9  len=38  syn_rate=0.48  mean=0.8076  worsen=7.00%  highvar=0.00%
GA search time: 12.61s, candidates: 357
  [iter   6/100] search_obj=1.0749  search_best=0.8077  validation_best=0.8442  EI=0.0219  rnum=157.7  len=30  syn_rate=0.41  mean=1.0434  worsen=21.00%  highvar=0.00%
GA search time: 9.83s, candidates: 355
  [iter   7/100] search_obj=0.8080  search_best=0.8077  validation_best=0.8298  EI=0.0195  rnum=155.6  len=44  syn_rate=0.54  mean=0.7975  worsen=7.00%  highvar=0.00%
GA search time: 13.88s, candidates: 353
  [iter   8/100] search_obj=0.8080  search_best=0.8077  validation_best=0.8298  EI=0.0214  rnum=153.4  len=47  syn_rate=0.55  mean=0.7975  worsen=7.00%  highvar=0.00%
GA search time: 13.03s, candidates: 351
  [iter   9/100] search_obj=0.9197  search_best=0.8077  validation_best=0.8298  EI=0.0241  rnum=151.3  len=64  syn_rate=0.60  mean=0.9062  worsen=9.00%  highvar=0.00%
GA search time: 9.13s, candidates: 349
  [iter  10/100] search_obj=0.8224  search_best=0.8077  validation_best=0.8298  EI=0.0206  rnum=149.1  len=53  syn_rate=0.55  mean=0.8089  worsen=9.00%  highvar=0.00%
GA search time: 7.51s, candidates: 346
  [iter  11/100] search_obj=1.0338  search_best=0.8077  validation_best=0.8298  EI=0.0233  rnum=147.0  len=28  syn_rate=0.39  mean=1.0053  worsen=19.00%  highvar=0.00%
GA search time: 9.25s, candidates: 344
  [iter  12/100] search_obj=1.2039  search_best=0.8077  validation_best=0.8298  EI=0.0192  rnum=144.8  len=44  syn_rate=0.40  mean=1.0839  worsen=80.00%  highvar=0.00%
GA search time: 10.14s, candidates: 342
  [iter  13/100] search_obj=0.8170  search_best=0.8077  validation_best=0.8298  EI=0.0244  rnum=142.7  len=52  syn_rate=0.49  mean=0.8065  worsen=7.00%  highvar=0.00%
GA search time: 8.46s, candidates: 340
  [iter  14/100] search_obj=1.1210  search_best=0.8077  validation_best=0.8298  EI=0.0257  rnum=140.5  len=46  syn_rate=0.52  mean=1.0205  worsen=67.00%  highvar=0.00%
GA search time: 8.40s, candidates: 338
  [iter  15/100] search_obj=0.8064  search_best=0.8064  validation_best=0.8232  EI=0.0273  rnum=138.4  len=50  syn_rate=0.55  mean=0.7944  worsen=8.00%  highvar=0.00%
GA search time: 8.89s, candidates: 336
  [iter  16/100] search_obj=1.2059  search_best=0.8064  validation_best=0.8232  EI=0.0269  rnum=136.3  len=45  syn_rate=0.40  mean=1.0859  worsen=80.00%  highvar=0.00%
GA search time: 9.83s, candidates: 334
  [iter  17/100] search_obj=1.2057  search_best=0.8064  validation_best=0.8232  EI=0.0297  rnum=134.2  len=52  syn_rate=0.39  mean=1.0857  worsen=80.00%  highvar=0.00%
GA search time: 9.15s, candidates: 332
  [iter  18/100] search_obj=0.8095  search_best=0.8064  validation_best=0.8219  EI=0.0299  rnum=132.1  len=55  syn_rate=0.54  mean=0.7975  worsen=8.00%  highvar=0.00%
GA search time: 10.87s, candidates: 329
  [iter  19/100] search_obj=0.8071  search_best=0.8064  validation_best=0.8219  EI=0.0306  rnum=130.0  len=52  syn_rate=0.55  mean=0.7951  worsen=8.00%  highvar=0.00%
GA search time: 13.87s, candidates: 327
  [iter  20/100] search_obj=0.8075  search_best=0.8064  validation_best=0.8219  EI=0.0283  rnum=127.9  len=59  syn_rate=0.61  mean=0.7970  worsen=7.00%  highvar=0.00%
GA search time: 13.36s, candidates: 325
  [iter  21/100] search_obj=1.2057  search_best=0.8064  validation_best=0.8219  EI=0.0290  rnum=125.8  len=59  syn_rate=0.46  mean=1.0857  worsen=80.00%  highvar=0.00%
GA search time: 12.00s, candidates: 323
  [iter  22/100] search_obj=0.9821  search_best=0.8064  validation_best=0.8219  EI=0.0299  rnum=123.7  len=57  syn_rate=0.54  mean=0.9101  worsen=48.00%  highvar=0.00%
GA search time: 10.22s, candidates: 321
  [iter  23/100] search_obj=0.8174  search_best=0.8064  validation_best=0.8219  EI=0.0248  rnum=121.6  len=51  syn_rate=0.48  mean=0.8054  worsen=8.00%  highvar=0.00%
GA search time: 9.95s, candidates: 319
  [iter  24/100] search_obj=0.9984  search_best=0.8064  validation_best=0.8219  EI=0.0269  rnum=119.6  len=53  syn_rate=0.48  mean=0.9759  worsen=15.00%  highvar=0.00%
GA search time: 11.97s, candidates: 317
  [iter  25/100] search_obj=1.2047  search_best=0.8064  validation_best=0.8219  EI=0.0260  rnum=117.5  len=52  syn_rate=0.49  mean=1.0847  worsen=80.00%  highvar=0.00%
GA search time: 10.21s, candidates: 315
  [iter  26/100] search_obj=0.8071  search_best=0.8064  validation_best=0.8219  EI=0.0279  rnum=115.5  len=59  syn_rate=0.55  mean=0.7951  worsen=8.00%  highvar=0.00%
GA search time: 12.99s, candidates: 313
  [iter  27/100] search_obj=0.8090  search_best=0.8064  validation_best=0.8219  EI=0.0275  rnum=113.5  len=54  syn_rate=0.55  mean=0.7985  worsen=7.00%  highvar=0.00%
GA search time: 11.81s, candidates: 311
  [iter  28/100] search_obj=0.9288  search_best=0.8064  validation_best=0.8219  EI=0.0281  rnum=111.5  len=38  syn_rate=0.60  mean=0.9153  worsen=9.00%  highvar=0.00%
GA search time: 13.89s, candidates: 309
  [iter  29/100] search_obj=0.9484  search_best=0.8064  validation_best=0.8219  EI=0.0244  rnum=109.5  len=61  syn_rate=0.55  mean=0.9334  worsen=10.00%  highvar=0.00%
GA search time: 8.93s, candidates: 307
  [iter  30/100] search_obj=0.8092  search_best=0.8064  validation_best=0.8219  EI=0.0258  rnum=107.6  len=58  syn_rate=0.55  mean=0.7987  worsen=7.00%  highvar=0.00%
GA search time: 8.48s, candidates: 305
  [iter  31/100] search_obj=0.8085  search_best=0.8064  validation_best=0.8219  EI=0.0277  rnum=105.6  len=55  syn_rate=0.57  mean=0.7980  worsen=7.00%  highvar=0.00%
GA search time: 9.39s, candidates: 303
  [iter  32/100] search_obj=0.9392  search_best=0.8064  validation_best=0.8219  EI=0.0261  rnum=103.7  len=49  syn_rate=0.48  mean=0.9257  worsen=9.00%  highvar=0.00%
GA search time: 8.08s, candidates: 301
  [iter  33/100] search_obj=0.8039  search_best=0.8039  validation_best=0.8219  EI=0.0261  rnum=101.7  len=48  syn_rate=0.56  mean=0.7919  worsen=8.00%  highvar=0.00%
GA search time: 9.21s, candidates: 299
  [iter  34/100] search_obj=1.1210  search_best=0.8039  validation_best=0.8219  EI=0.0226  rnum=99.8  len=59  syn_rate=0.58  mean=1.0205  worsen=67.00%  highvar=0.00%
GA search time: 10.12s, candidates: 297
  [iter  35/100] search_obj=0.8039  search_best=0.8039  validation_best=0.8219  EI=0.0252  rnum=97.9  len=49  syn_rate=0.53  mean=0.7919  worsen=8.00%  highvar=0.00%
GA search time: 7.85s, candidates: 296
  [iter  36/100] search_obj=0.8061  search_best=0.8039  validation_best=0.8219  EI=0.0262  rnum=96.1  len=56  syn_rate=0.59  mean=0.7941  worsen=8.00%  highvar=0.00%
GA search time: 9.68s, candidates: 294
  [iter  37/100] search_obj=0.8080  search_best=0.8039  validation_best=0.8219  EI=0.0247  rnum=94.2  len=47  syn_rate=0.54  mean=0.7975  worsen=7.00%  highvar=0.00%
GA search time: 8.54s, candidates: 292
  [iter  38/100] search_obj=0.8090  search_best=0.8039  validation_best=0.8219  EI=0.0289  rnum=92.4  len=58  syn_rate=0.55  mean=0.7985  worsen=7.00%  highvar=0.00%
GA search time: 7.85s, candidates: 290
  [iter  39/100] search_obj=0.8080  search_best=0.8039  validation_best=0.8219  EI=0.0275  rnum=90.5  len=49  syn_rate=0.55  mean=0.7975  worsen=7.00%  highvar=0.00%
GA search time: 7.55s, candidates: 288
  [iter  40/100] search_obj=0.7479  search_best=0.7479  validation_best=0.7770  EI=0.0258  rnum=88.7  len=57  syn_rate=0.55  mean=0.7389  worsen=6.00%  highvar=0.00%
GA search time: 9.00s, candidates: 286
  [iter  41/100] search_obj=0.8435  search_best=0.7479  validation_best=0.7770  EI=0.0178  rnum=87.0  len=59  syn_rate=0.62  mean=0.8315  worsen=8.00%  highvar=0.00%
GA search time: 7.64s, candidates: 285
  [iter  42/100] search_obj=1.0667  search_best=0.7479  validation_best=0.7770  EI=0.0156  rnum=85.2  len=43  syn_rate=0.60  mean=1.0382  worsen=19.00%  highvar=0.00%
GA search time: 7.96s, candidates: 283
  [iter  43/100] search_obj=1.0066  search_best=0.7479  validation_best=0.7770  EI=0.0140  rnum=83.5  len=47  syn_rate=0.55  mean=0.9781  worsen=19.00%  highvar=0.00%
GA search time: 7.33s, candidates: 281
  [iter  44/100] search_obj=0.8257  search_best=0.7479  validation_best=0.7770  EI=0.0153  rnum=81.7  len=57  syn_rate=0.53  mean=0.8122  worsen=9.00%  highvar=0.00%
GA search time: 8.05s, candidates: 280
  [iter  45/100] search_obj=0.7479  search_best=0.7479  validation_best=0.7770  EI=0.0135  rnum=80.0  len=60  syn_rate=0.53  mean=0.7389  worsen=6.00%  highvar=0.00%
GA search time: 7.61s, candidates: 278
  [iter  46/100] search_obj=0.7479  search_best=0.7479  validation_best=0.7770  EI=0.0173  rnum=78.4  len=59  syn_rate=0.63  mean=0.7389  worsen=6.00%  highvar=0.00%
GA search time: 7.52s, candidates: 276
  [iter  47/100] search_obj=0.7479  search_best=0.7479  validation_best=0.7770  EI=0.0220  rnum=76.7  len=60  syn_rate=0.63  mean=0.7389  worsen=6.00%  highvar=0.00%
GA search time: 9.89s, candidates: 275
  [iter  48/100] search_obj=0.7475  search_best=0.7475  validation_best=0.7770  EI=0.0183  rnum=75.1  len=49  syn_rate=0.51  mean=0.7385  worsen=6.00%  highvar=0.00%
GA search time: 9.07s, candidates: 273
  [iter  49/100] search_obj=0.7475  search_best=0.7475  validation_best=0.7770  EI=0.0326  rnum=73.4  len=50  syn_rate=0.51  mean=0.7385  worsen=6.00%  highvar=0.00%
GA search time: 7.34s, candidates: 271
  [iter  50/100] search_obj=1.0676  search_best=0.7475  validation_best=0.7770  EI=0.0240  rnum=71.8  len=60  syn_rate=0.50  mean=1.0391  worsen=19.00%  highvar=0.00%
GA search time: 9.15s, candidates: 270
  [iter  51/100] search_obj=0.7475  search_best=0.7475  validation_best=0.7770  EI=0.0292  rnum=70.3  len=54  syn_rate=0.51  mean=0.7385  worsen=6.00%  highvar=0.00%
GA search time: 8.71s, candidates: 268
  [iter  52/100] search_obj=0.9482  search_best=0.7475  validation_best=0.7770  EI=0.0293  rnum=68.7  len=51  syn_rate=0.52  mean=0.9287  worsen=13.00%  highvar=0.00%
GA search time: 10.13s, candidates: 267
  [iter  53/100] search_obj=0.9541  search_best=0.7475  validation_best=0.7770  EI=0.0241  rnum=67.2  len=55  syn_rate=0.52  mean=0.9346  worsen=13.00%  highvar=0.00%
GA search time: 8.32s, candidates: 265
  [iter  54/100] search_obj=0.7482  search_best=0.7475  validation_best=0.7770  EI=0.0284  rnum=65.7  len=51  syn_rate=0.51  mean=0.7392  worsen=6.00%  highvar=0.00%
GA search time: 9.66s, candidates: 264
  [iter  55/100] search_obj=0.9184  search_best=0.7475  validation_best=0.7770  EI=0.0247  rnum=64.2  len=47  syn_rate=0.51  mean=0.9034  worsen=10.00%  highvar=0.00%
GA search time: 9.09s, candidates: 262
  [iter  56/100] search_obj=0.8192  search_best=0.7475  validation_best=0.7770  EI=0.0246  rnum=62.7  len=56  syn_rate=0.52  mean=0.8072  worsen=8.00%  highvar=0.00%
GA search time: 10.03s, candidates: 261
  [iter  57/100] search_obj=0.7475  search_best=0.7475  validation_best=0.7770  EI=0.0255  rnum=61.3  len=57  syn_rate=0.51  mean=0.7385  worsen=6.00%  highvar=0.00%
GA search time: 9.36s, candidates: 259
  [iter  58/100] search_obj=0.9378  search_best=0.7475  validation_best=0.7770  EI=0.0237  rnum=59.8  len=52  syn_rate=0.60  mean=0.9243  worsen=9.00%  highvar=0.00%
GA search time: 9.65s, candidates: 258
  [iter  59/100] search_obj=1.0458  search_best=0.7475  validation_best=0.7770  EI=0.0176  rnum=58.4  len=55  syn_rate=0.55  mean=1.0083  worsen=25.00%  highvar=0.00%
GA search time: 9.94s, candidates: 257
  [iter  60/100] search_obj=0.7475  search_best=0.7475  validation_best=0.7770  EI=0.0239  rnum=57.0  len=51  syn_rate=0.51  mean=0.7385  worsen=6.00%  highvar=0.00%
GA search time: 9.44s, candidates: 255
  [iter  61/100] search_obj=0.7456  search_best=0.7456  validation_best=0.7770  EI=0.0195  rnum=55.7  len=67  syn_rate=0.51  mean=0.7366  worsen=6.00%  highvar=0.00%
GA search time: 12.29s, candidates: 254
  [iter  62/100] search_obj=0.7475  search_best=0.7456  validation_best=0.7770  EI=0.0209  rnum=54.3  len=54  syn_rate=0.51  mean=0.7385  worsen=6.00%  highvar=0.00%
GA search time: 11.96s, candidates: 253
  [iter  63/100] search_obj=0.7647  search_best=0.7456  validation_best=0.7770  EI=0.0200  rnum=53.0  len=53  syn_rate=0.49  mean=0.7542  worsen=7.00%  highvar=0.00%
GA search time: 12.08s, candidates: 251
  [iter  64/100] search_obj=0.9397  search_best=0.7456  validation_best=0.7770  EI=0.0199  rnum=51.7  len=52  syn_rate=0.49  mean=0.9262  worsen=9.00%  highvar=0.00%
GA search time: 10.71s, candidates: 250
  [iter  65/100] search_obj=1.1810  search_best=0.7456  validation_best=0.7770  EI=0.0222  rnum=50.5  len=106  syn_rate=0.60  mean=1.0745  worsen=71.00%  highvar=0.00%
GA search time: 12.91s, candidates: 249
  [iter  66/100] search_obj=0.7445  search_best=0.7445  validation_best=0.7770  EI=0.0227  rnum=49.2  len=69  syn_rate=0.52  mean=0.7355  worsen=6.00%  highvar=0.00%
GA search time: 11.63s, candidates: 247
  [iter  67/100] search_obj=0.7445  search_best=0.7445  validation_best=0.7770  EI=0.0271  rnum=48.0  len=70  syn_rate=0.52  mean=0.7355  worsen=6.00%  highvar=0.00%
GA search time: 12.21s, candidates: 246
  [iter  68/100] search_obj=0.7468  search_best=0.7445  validation_best=0.7770  EI=0.0248  rnum=46.8  len=88  syn_rate=0.54  mean=0.7378  worsen=6.00%  highvar=0.00%
GA search time: 14.14s, candidates: 245
  [iter  69/100] search_obj=0.7468  search_best=0.7445  validation_best=0.7770  EI=0.0317  rnum=45.6  len=95  syn_rate=0.55  mean=0.7378  worsen=6.00%  highvar=0.00%
GA search time: 12.33s, candidates: 244
  [iter  70/100] search_obj=0.7442  search_best=0.7442  validation_best=0.7770  EI=0.0287  rnum=44.4  len=95  syn_rate=0.55  mean=0.7352  worsen=6.00%  highvar=0.00%
GA search time: 15.26s, candidates: 243
  [iter  71/100] search_obj=0.7442  search_best=0.7442  validation_best=0.7770  EI=0.0335  rnum=43.3  len=101  syn_rate=0.64  mean=0.7352  worsen=6.00%  highvar=0.00%
GA search time: 14.08s, candidates: 242
  [iter  72/100] search_obj=0.7740  search_best=0.7442  validation_best=0.7770  EI=0.0324  rnum=42.2  len=120  syn_rate=0.56  mean=0.7500  worsen=16.00%  highvar=0.00%
GA search time: 13.62s, candidates: 241
  [iter  73/100] search_obj=0.7468  search_best=0.7442  validation_best=0.7770  EI=0.0287  rnum=41.1  len=104  syn_rate=0.56  mean=0.7378  worsen=6.00%  highvar=0.00%
GA search time: 12.85s, candidates: 239
  [iter  74/100] search_obj=0.7562  search_best=0.7442  validation_best=0.7770  EI=0.0278  rnum=40.0  len=103  syn_rate=0.57  mean=0.7442  worsen=8.00%  highvar=0.00%
GA search time: 10.74s, candidates: 238
  [iter  75/100] search_obj=0.7506  search_best=0.7442  validation_best=0.7770  EI=0.0270  rnum=38.9  len=77  syn_rate=0.58  mean=0.7401  worsen=7.00%  highvar=0.00%
GA search time: 11.80s, candidates: 237
  [iter  76/100] search_obj=1.0053  search_best=0.7442  validation_best=0.7770  EI=0.0253  rnum=37.9  len=110  syn_rate=0.69  mean=0.9768  worsen=19.00%  highvar=0.00%
GA search time: 12.10s, candidates: 236
  [iter  77/100] search_obj=0.7449  search_best=0.7442  validation_best=0.7770  EI=0.0252  rnum=36.9  len=75  syn_rate=0.63  mean=0.7359  worsen=6.00%  highvar=0.00%
GA search time: 9.86s, candidates: 235
  [iter  78/100] search_obj=0.9804  search_best=0.7442  validation_best=0.7770  EI=0.0269  rnum=35.9  len=60  syn_rate=0.49  mean=0.9249  worsen=37.00%  highvar=0.00%
GA search time: 10.80s, candidates: 234
  [iter  79/100] search_obj=0.7479  search_best=0.7442  validation_best=0.7770  EI=0.0236  rnum=34.9  len=61  syn_rate=0.57  mean=0.7389  worsen=6.00%  highvar=0.00%
GA search time: 10.78s, candidates: 233
  [iter  80/100] search_obj=0.7500  search_best=0.7442  validation_best=0.7770  EI=0.0275  rnum=33.9  len=73  syn_rate=0.56  mean=0.7395  worsen=7.00%  highvar=0.00%
GA search time: 10.61s, candidates: 233
  [iter  81/100] search_obj=0.7461  search_best=0.7442  validation_best=0.7770  EI=0.0269  rnum=33.0  len=82  syn_rate=0.55  mean=0.7371  worsen=6.00%  highvar=0.00%
GA search time: 10.34s, candidates: 232
  [iter  82/100] search_obj=0.8274  search_best=0.7442  validation_best=0.7770  EI=0.0268  rnum=32.1  len=61  syn_rate=0.51  mean=0.8139  worsen=9.00%  highvar=0.00%
GA search time: 10.71s, candidates: 231
  [iter  83/100] search_obj=0.7475  search_best=0.7442  validation_best=0.7770  EI=0.0225  rnum=31.2  len=57  syn_rate=0.59  mean=0.7385  worsen=6.00%  highvar=0.00%
GA search time: 12.77s, candidates: 230
  [iter  84/100] search_obj=0.8714  search_best=0.7442  validation_best=0.7770  EI=0.0240  rnum=30.3  len=78  syn_rate=0.65  mean=0.8609  worsen=7.00%  highvar=0.00%
GA search time: 10.51s, candidates: 229
  [iter  85/100] search_obj=1.2065  search_best=0.7442  validation_best=0.7770  EI=0.0247  rnum=29.5  len=72  syn_rate=0.54  mean=1.0865  worsen=80.00%  highvar=0.00%
GA search time: 9.71s, candidates: 228
  [iter  86/100] search_obj=1.0663  search_best=0.7442  validation_best=0.7770  EI=0.0285  rnum=28.6  len=66  syn_rate=0.60  mean=1.0378  worsen=19.00%  highvar=0.00%
GA search time: 9.67s, candidates: 227
  [iter  87/100] search_obj=0.9694  search_best=0.7442  validation_best=0.7770  EI=0.0301  rnum=27.8  len=74  syn_rate=0.57  mean=0.9259  worsen=29.00%  highvar=0.00%
GA search time: 9.48s, candidates: 226
  [iter  88/100] search_obj=0.7542  search_best=0.7442  validation_best=0.7770  EI=0.0239  rnum=27.0  len=66  syn_rate=0.55  mean=0.7437  worsen=7.00%  highvar=0.00%
GA search time: 10.28s, candidates: 226
  [iter  89/100] search_obj=0.8780  search_best=0.7442  validation_best=0.7770  EI=0.0245  rnum=26.2  len=60  syn_rate=0.55  mean=0.8660  worsen=8.00%  highvar=0.00%
GA search time: 11.53s, candidates: 225
  [iter  90/100] search_obj=0.7637  search_best=0.7442  validation_best=0.7770  EI=0.0206  rnum=25.4  len=69  syn_rate=0.59  mean=0.7517  worsen=8.00%  highvar=0.00%
GA search time: 9.98s, candidates: 224
  [iter  91/100] search_obj=0.9803  search_best=0.7442  validation_best=0.7770  EI=0.0232  rnum=24.7  len=92  syn_rate=0.56  mean=0.9293  worsen=34.00%  highvar=0.00%
GA search time: 9.95s, candidates: 223
  [iter  92/100] search_obj=0.7482  search_best=0.7442  validation_best=0.7770  EI=0.0253  rnum=24.0  len=61  syn_rate=0.53  mean=0.7392  worsen=6.00%  highvar=0.00%
GA search time: 10.42s, candidates: 223
  [iter  93/100] search_obj=1.2022  search_best=0.7442  validation_best=0.7770  EI=0.0206  rnum=23.3  len=96  syn_rate=0.57  mean=1.0837  worsen=79.00%  highvar=0.00%
GA search time: 10.00s, candidates: 222
  [iter  94/100] search_obj=0.9377  search_best=0.7442  validation_best=0.7770  EI=0.0187  rnum=22.6  len=67  syn_rate=0.55  mean=0.9167  worsen=14.00%  highvar=0.00%
GA search time: 9.55s, candidates: 221
  [iter  95/100] search_obj=0.9999  search_best=0.7442  validation_best=0.7770  EI=0.0283  rnum=21.9  len=101  syn_rate=0.56  mean=0.9729  worsen=18.00%  highvar=0.00%
GA search time: 9.43s, candidates: 221
  [iter  96/100] search_obj=1.2066  search_best=0.7442  validation_best=0.7770  EI=0.0257  rnum=21.2  len=68  syn_rate=0.51  mean=1.0866  worsen=80.00%  highvar=0.00%
GA search time: 9.59s, candidates: 220
  [iter  97/100] search_obj=0.9400  search_best=0.7442  validation_best=0.7770  EI=0.0227  rnum=20.6  len=98  syn_rate=0.62  mean=0.9250  worsen=10.00%  highvar=0.00%
GA search time: 10.43s, candidates: 219
  [iter  98/100] search_obj=0.7532  search_best=0.7442  validation_best=0.7745  EI=0.0226  rnum=19.9  len=70  syn_rate=0.63  mean=0.7427  worsen=7.00%  highvar=0.00%
GA search time: 9.08s, candidates: 219
  [iter  99/100] search_obj=0.7479  search_best=0.7442  validation_best=0.7745  EI=0.0301  rnum=19.3  len=69  syn_rate=0.63  mean=0.7389  worsen=6.00%  highvar=0.00%
GA search time: 9.67s, candidates: 218
  [iter 100/100] search_obj=1.0265  search_best=0.7442  validation_best=0.7745  EI=0.0263  rnum=18.7  len=68  syn_rate=0.54  mean=0.9620  worsen=43.00%  highvar=0.00%

[Step 5] 按 validation 选择最终通用序列...
  选择结果:
    search_train_obj=0.7532, search_train_mean=0.7427, search_train_worsen=7.00%, search_train_highvar=0.00%
    validation_obj=0.7745, validation_mean=0.7595, validation_worsen=10.00%, validation_highvar=0.00%

[Step 6] 在 validation 上执行消融后处理...

[Ablation-validation] 初始序列长度: 70, objective: 0.7745, mean_norm: 0.7595, worsen_rate: 10.00%
  移除 [69] module(scc-oz-module-inliner): objective 0.7749 > 0.7745 (恢复)
  移除 [68] module(elim-avail-extern): objective 0.7745, mean_norm 0.7595, worsen_rate 10.00% (保留移除)
  移除 [67] module(iroutliner): objective 0.7745, mean_norm 0.7595, worsen_rate 10.00% (保留移除)
  移除 [66] function(dce): objective 0.7745, mean_norm 0.7595, worsen_rate 10.00% (保留移除)
  移除 [65] module(attributor): objective 0.7745, mean_norm 0.7595, worsen_rate 10.00% (保留移除)
  移除 [64] module(globalopt): objective 0.7745, mean_norm 0.7595, worsen_rate 10.00% (保留移除)
  移除 [63] function(gvn-sink): objective 0.7745, mean_norm 0.7595, worsen_rate 10.00% (保留移除)
  移除 [62] function(newgvn): objective 0.7745, mean_norm 0.7595, worsen_rate 10.00% (保留移除)
  移除 [61] function(gvn-sink): objective 0.7745, mean_norm 0.7595, worsen_rate 10.00% (保留移除)
  移除 [60] module(globalopt): objective 0.7745, mean_norm 0.7595, worsen_rate 10.00% (保留移除)
  移除 [59] function(gvn-sink): objective 0.7745, mean_norm 0.7595, worsen_rate 10.00% (保留移除)
  移除 [58] module(globalopt): objective 0.7745, mean_norm 0.7595, worsen_rate 10.00% (保留移除)
  移除 [57] module(iroutliner): objective 0.7745, mean_norm 0.7595, worsen_rate 10.00% (保留移除)
  移除 [56] module(scc-oz-module-inliner): objective 0.7745, mean_norm 0.7595, worsen_rate 10.00% (保留移除)
  移除 [55] module(scc-oz-module-inliner): objective 0.7745, mean_norm 0.7595, worsen_rate 10.00% (保留移除)
  移除 [54] module(attributor): objective 0.7745, mean_norm 0.7595, worsen_rate 10.00% (保留移除)
  移除 [53] module(elim-avail-extern): objective 0.7745, mean_norm 0.7595, worsen_rate 10.00% (保留移除)
  移除 [52] function(memcpyopt): objective 0.7745, mean_norm 0.7595, worsen_rate 10.00% (保留移除)
  移除 [51] module(elim-avail-extern): objective 0.7745, mean_norm 0.7595, worsen_rate 10.00% (保留移除)
  移除 [50] function(memcpyopt): objective 0.7745, mean_norm 0.7595, worsen_rate 10.00% (保留移除)
  移除 [49] function(gvn-sink): objective 0.7745, mean_norm 0.7595, worsen_rate 10.00% (保留移除)
  移除 [48] function(dse): objective 0.7745, mean_norm 0.7595, worsen_rate 10.00% (保留移除)
  移除 [47] loop(loop-simplifycfg): objective 0.7745, mean_norm 0.7595, worsen_rate 10.00% (保留移除)
  移除 [46] module(inferattrs): objective 0.7745, mean_norm 0.7595, worsen_rate 10.00% (保留移除)
  移除 [45] function(jump-threading): objective 0.7745, mean_norm 0.7595, worsen_rate 10.00% (保留移除)
  移除 [44] module(elim-avail-extern): objective 0.7745, mean_norm 0.7595, worsen_rate 10.00% (保留移除)
  移除 [43] function(gvn-hoist): objective 0.7751 > 0.7745 (恢复)
  移除 [42] module(attributor): objective 0.7745, mean_norm 0.7595, worsen_rate 10.00% (保留移除)
  移除 [41] module(globalopt): objective 0.7745, mean_norm 0.7595, worsen_rate 10.00% (保留移除)
  移除 [40] module(inferattrs): objective 0.7745, mean_norm 0.7595, worsen_rate 10.00% (保留移除)
  移除 [39] function(newgvn): objective 0.7745, mean_norm 0.7595, worsen_rate 10.00% (保留移除)
  移除 [38] function(reassociate): objective 0.7744, mean_norm 0.7594, worsen_rate 10.00% (保留移除)
  移除 [37] module(inferattrs): objective 0.7744, mean_norm 0.7594, worsen_rate 10.00% (保留移除)
  移除 [36] module(iroutliner): objective 0.7744, mean_norm 0.7594, worsen_rate 10.00% (保留移除)
  移除 [35] function(newgvn): objective 0.7826 > 0.7744 (恢复)
  移除 [34] function(gvn-sink): objective 0.7748 > 0.7744 (恢复)
  移除 [33] function(instsimplify): objective 0.7744, mean_norm 0.7594, worsen_rate 10.00% (保留移除)
  移除 [32] module(attributor): objective 0.7748 > 0.7744 (恢复)
  移除 [31] module(elim-avail-extern): objective 0.7744, mean_norm 0.7594, worsen_rate 10.00% (保留移除)
  移除 [30] function(gvn-sink): objective 0.7748 > 0.7744 (恢复)
  移除 [29] module(attributor): objective 0.7748 > 0.7744 (恢复)
  移除 [28] module(iroutliner): objective 0.7746 > 0.7744 (恢复)
  移除 [27] module(scc-oz-module-inliner): objective 0.7744, mean_norm 0.7594, worsen_rate 10.00% (保留移除)
  移除 [26] module(scc-oz-module-inliner): objective 0.7751 > 0.7744 (恢复)
  移除 [25] module(scc-oz-module-inliner): objective 0.7751 > 0.7744 (恢复)
  移除 [24] module(attributor): objective 0.8872 > 0.7744 (恢复)
  移除 [23] module(elim-avail-extern): objective 0.7744, mean_norm 0.7594, worsen_rate 10.00% (保留移除)
  移除 [22] function(newgvn): objective 0.7744, mean_norm 0.7594, worsen_rate 10.00% (保留移除)
  移除 [21] function(gvn-sink): objective 0.7747 > 0.7744 (恢复)
  移除 [20] module(globalopt): objective 0.7744, mean_norm 0.7594, worsen_rate 10.00% (保留移除)
  移除 [19] module(inferattrs): objective 0.7744, mean_norm 0.7594, worsen_rate 10.00% (保留移除)
  移除 [18] module(globalopt): objective 0.7744, mean_norm 0.7594, worsen_rate 10.00% (保留移除)
  移除 [17] function(gvn-hoist): objective 0.7745 > 0.7744 (恢复)
  移除 [16] function(instsimplify): objective 0.7744, mean_norm 0.7594, worsen_rate 10.00% (保留移除)
  移除 [15] module(iroutliner): objective 0.7769 > 0.7744 (恢复)
  移除 [14] module(elim-avail-extern): objective 0.7744, mean_norm 0.7594, worsen_rate 10.00% (保留移除)
  移除 [13] function(newgvn): objective 0.7697, mean_norm 0.7577, worsen_rate 8.00% (保留移除)
  移除 [12] function(gvn-sink): objective 0.7699 > 0.7697 (恢复)
  移除 [11] module(globalopt): objective 0.7697, mean_norm 0.7577, worsen_rate 8.00% (保留移除)
  移除 [10] module(inferattrs): objective 0.7889 > 0.7697 (恢复)
  移除 [9] module(globalopt): objective 0.7697, mean_norm 0.7577, worsen_rate 8.00% (保留移除)
  移除 [8] function(gvn-hoist): objective 0.7697, mean_norm 0.7577, worsen_rate 8.00% (保留移除)
  移除 [7] function(instsimplify): objective 0.7697, mean_norm 0.7577, worsen_rate 8.00% (保留移除)
  移除 [6] module(iroutliner): objective 0.7851 > 0.7697 (恢复)
  移除 [5] module(elim-avail-extern): objective 0.7697, mean_norm 0.7577, worsen_rate 8.00% (保留移除)
  移除 [4] function(gvn-hoist): objective 0.7697, mean_norm 0.7577, worsen_rate 8.00% (保留移除)
  移除 [3] function(gvn-hoist): objective 0.7790 > 0.7697 (恢复)
  移除 [2] module(attributor): objective 0.7799 > 0.7697 (恢复)
  移除 [1] module(globalopt): objective 0.9411 > 0.7697 (恢复)
  移除 [0] module(elim-avail-extern): objective 1.0780 > 0.7697 (恢复)
[Ablation-validation] 最终序列长度: 21, objective: 0.7697, mean_norm: 0.7577, worsen_rate: 8.00%, 移除了 49 个 pass
  消融有效: 70 → 21 passes, validation_objective: 0.7745 → 0.7697

最终通用 pass 序列（effective=21 个顶层 pass, raw=21 个 pass, syn_rate(raw)=0.16）:
  module(elim-avail-extern) → module(globalopt) → module(attributor) → function(gvn-hoist) → module(iroutliner) → module(inferattrs) → function(gvn-sink) → module(iroutliner) → function(gvn-hoist) → function(gvn-sink) → module(attributor) → module(scc-oz-module-inliner) → module(scc-oz-module-inliner) → module(iroutliner) → module(attributor) → function(gvn-sink) → module(attributor) → function(gvn-sink) → function(newgvn) → function(gvn-hoist) → module(scc-oz-module-inliner)
  search_train_obj=0.8050, search_train_mean=0.7945, search_train_worsen=7.00%, search_train_highvar=0.00%
  validation_obj=0.7697, validation_mean=0.7577, validation_worsen=8.00%, validation_highvar=0.00%
  test_obj=0.7996, test_mean=0.7786, test_worsen=14.00%, test_highvar=0.00%

Top-5 最佳序列（按 validation 多目标 objective 升序）:
  #1: validation_obj=0.7745, validation_mean=0.7595, validation_worsen=10.00%, validation_highvar=0.00%, train_obj=0.7532, train_mean=0.7427, train_highvar=0.00%, len=70, syn_rate=0.63, test_obj=0.7733, test_mean=0.7523, test_worsen=14.00%, test_highvar=0.00%
     module(elim-avail-extern) → module(globalopt) → module(attributor) → function(gvn-hoist) → function(gvn-hoist) → module(elim-avail-extern) → module(iroutliner) → function(instsimplify) → function(gvn-hoist) → module(globalopt) → module(inferattrs) → module(globalopt) → function(gvn-sink) → function(newgvn) → module(elim-avail-extern) → module(iroutliner) → function(instsimplify) → function(gvn-hoist) → module(globalopt) → module(inferattrs) → module(globalopt) → function(gvn-sink) → function(newgvn) → module(elim-avail-extern) → module(attributor) → module(scc-oz-module-inliner) → module(scc-oz-module-inliner) → module(scc-oz-module-inliner) → module(iroutliner) → module(attributor) → function(gvn-sink) → module(elim-avail-extern) → module(attributor) → function(instsimplify) → function(gvn-sink) → function(newgvn) → module(iroutliner) → module(inferattrs) → function(reassociate) → function(newgvn) → module(inferattrs) → module(globalopt) → module(attributor) → function(gvn-hoist) → module(elim-avail-extern) → function(jump-threading,loop(loop-simplifycfg)) → module(inferattrs) → function(dse) → function(gvn-sink) → function(memcpyopt) → module(elim-avail-extern) → function(memcpyopt) → module(elim-avail-extern) → module(attributor) → module(scc-oz-module-inliner) → module(scc-oz-module-inliner) → module(iroutliner) → module(globalopt) → function(gvn-sink) → module(globalopt) → function(gvn-sink) → function(newgvn) → function(gvn-sink) → module(globalopt) → module(attributor) → function(dce) → module(iroutliner) → module(elim-avail-extern) → module(scc-oz-module-inliner)
     raw: module(elim-avail-extern) → module(globalopt) → module(attributor) → function(gvn-hoist) → function(gvn-hoist) → module(elim-avail-extern) → module(iroutliner) → function(instsimplify) → function(gvn-hoist) → module(globalopt) → module(inferattrs) → module(globalopt) → function(gvn-sink) → function(newgvn) → module(elim-avail-extern) → module(iroutliner) → function(instsimplify) → function(gvn-hoist) → module(globalopt) → module(inferattrs) → module(globalopt) → function(gvn-sink) → function(newgvn) → module(elim-avail-extern) → module(attributor) → module(scc-oz-module-inliner) → module(scc-oz-module-inliner) → module(scc-oz-module-inliner) → module(iroutliner) → module(attributor) → function(gvn-sink) → module(elim-avail-extern) → module(attributor) → function(instsimplify) → function(gvn-sink) → function(newgvn) → module(iroutliner) → module(inferattrs) → function(reassociate) → function(newgvn) → module(inferattrs) → module(globalopt) → module(attributor) → function(gvn-hoist) → module(elim-avail-extern) → function(jump-threading) → module(inferattrs) → loop(loop-simplifycfg) → function(dse) → function(gvn-sink) → function(memcpyopt) → module(elim-avail-extern) → function(memcpyopt) → module(elim-avail-extern) → module(attributor) → module(scc-oz-module-inliner) → module(scc-oz-module-inliner) → module(iroutliner) → module(globalopt) → function(gvn-sink) → module(globalopt) → function(gvn-sink) → function(newgvn) → function(gvn-sink) → module(globalopt) → module(attributor) → function(dce) → module(iroutliner) → module(elim-avail-extern) → module(scc-oz-module-inliner)
  #2: validation_obj=0.7770, validation_mean=0.7635, validation_worsen=9.00%, validation_highvar=0.00%, train_obj=0.7479, train_mean=0.7389, train_highvar=0.00%, len=57, syn_rate=0.55, test_obj=0.7587, test_mean=0.7377, test_worsen=14.00%, test_highvar=0.00%
     module(elim-avail-extern) → module(globalopt) → module(attributor) → function(gvn-hoist) → module(elim-avail-extern) → module(iroutliner) → function(instsimplify) → function(gvn-hoist) → module(globalopt) → module(inferattrs) → module(globalopt) → function(gvn-sink) → function(newgvn) → module(elim-avail-extern) → module(attributor) → module(scc-oz-module-inliner) → module(scc-oz-module-inliner) → module(iroutliner) → module(attributor) → function(gvn-sink) → module(elim-avail-extern) → module(attributor) → function(instsimplify) → function(newgvn) → module(inferattrs) → function(reassociate) → function(newgvn) → module(inferattrs) → module(globalopt) → module(attributor) → function(gvn-hoist) → module(elim-avail-extern) → function(jump-threading,loop(loop-simplifycfg)) → module(inferattrs) → function(gvn-sink) → function(memcpyopt) → module(elim-avail-extern) → function(memcpyopt) → function(jump-threading) → module(elim-avail-extern) → module(attributor) → module(scc-oz-module-inliner) → module(scc-oz-module-inliner) → module(iroutliner) → module(globalopt) → function(gvn-sink) → module(globalopt) → function(gvn-sink) → function(newgvn) → function(gvn-sink) → module(globalopt) → module(attributor) → function(dce) → module(iroutliner) → module(elim-avail-extern) → module(scc-oz-module-inliner)
     raw: module(elim-avail-extern) → module(globalopt) → module(attributor) → function(gvn-hoist) → module(elim-avail-extern) → module(iroutliner) → function(instsimplify) → function(gvn-hoist) → module(globalopt) → module(inferattrs) → module(globalopt) → function(gvn-sink) → function(newgvn) → module(elim-avail-extern) → module(attributor) → module(scc-oz-module-inliner) → module(scc-oz-module-inliner) → module(iroutliner) → module(attributor) → function(gvn-sink) → module(elim-avail-extern) → module(attributor) → function(instsimplify) → function(newgvn) → module(inferattrs) → function(reassociate) → function(newgvn) → module(inferattrs) → module(globalopt) → module(attributor) → function(gvn-hoist) → module(elim-avail-extern) → function(jump-threading) → module(inferattrs) → loop(loop-simplifycfg) → function(gvn-sink) → function(memcpyopt) → module(elim-avail-extern) → function(memcpyopt) → function(jump-threading) → module(elim-avail-extern) → module(attributor) → module(scc-oz-module-inliner) → module(scc-oz-module-inliner) → module(iroutliner) → module(globalopt) → function(gvn-sink) → module(globalopt) → function(gvn-sink) → function(newgvn) → function(gvn-sink) → module(globalopt) → module(attributor) → function(dce) → module(iroutliner) → module(elim-avail-extern) → module(scc-oz-module-inliner)
  #3: validation_obj=0.7770, validation_mean=0.7635, validation_worsen=9.00%, validation_highvar=0.00%, train_obj=0.7479, train_mean=0.7389, train_highvar=0.00%, len=59, syn_rate=0.63, test_obj=0.7587, test_mean=0.7377, test_worsen=14.00%, test_highvar=0.00%
     module(elim-avail-extern) → module(globalopt) → module(attributor) → function(gvn-hoist) → module(elim-avail-extern) → module(iroutliner) → function(instsimplify) → function(gvn-hoist) → module(globalopt) → module(inferattrs) → module(globalopt) → function(gvn-sink) → function(newgvn) → module(elim-avail-extern) → module(attributor) → module(scc-oz-module-inliner) → module(scc-oz-module-inliner) → module(iroutliner) → module(attributor) → function(gvn-sink) → module(elim-avail-extern) → module(attributor) → function(instsimplify) → function(gvn-sink) → module(iroutliner) → function(newgvn) → module(inferattrs) → function(reassociate) → function(newgvn) → module(inferattrs) → module(globalopt) → module(attributor) → function(gvn-hoist) → module(elim-avail-extern) → function(jump-threading,loop(loop-simplifycfg)) → module(inferattrs) → function(dse) → function(gvn-sink) → function(memcpyopt) → module(elim-avail-extern) → function(memcpyopt) → module(elim-avail-extern) → module(attributor) → module(scc-oz-module-inliner) → module(scc-oz-module-inliner) → module(iroutliner) → module(globalopt) → function(gvn-sink) → module(globalopt) → function(gvn-sink) → function(newgvn) → function(gvn-sink) → module(globalopt) → module(attributor) → function(dce) → module(iroutliner) → module(elim-avail-extern) → module(scc-oz-module-inliner)
     raw: module(elim-avail-extern) → module(globalopt) → module(attributor) → function(gvn-hoist) → module(elim-avail-extern) → module(iroutliner) → function(instsimplify) → function(gvn-hoist) → module(globalopt) → module(inferattrs) → module(globalopt) → function(gvn-sink) → function(newgvn) → module(elim-avail-extern) → module(attributor) → module(scc-oz-module-inliner) → module(scc-oz-module-inliner) → module(iroutliner) → module(attributor) → function(gvn-sink) → module(elim-avail-extern) → module(attributor) → function(instsimplify) → function(gvn-sink) → module(iroutliner) → function(newgvn) → module(inferattrs) → function(reassociate) → function(newgvn) → module(inferattrs) → module(globalopt) → module(attributor) → function(gvn-hoist) → module(elim-avail-extern) → function(jump-threading) → module(inferattrs) → loop(loop-simplifycfg) → function(dse) → function(gvn-sink) → function(memcpyopt) → module(elim-avail-extern) → function(memcpyopt) → module(elim-avail-extern) → module(attributor) → module(scc-oz-module-inliner) → module(scc-oz-module-inliner) → module(iroutliner) → module(globalopt) → function(gvn-sink) → module(globalopt) → function(gvn-sink) → function(newgvn) → function(gvn-sink) → module(globalopt) → module(attributor) → function(dce) → module(iroutliner) → module(elim-avail-extern) → module(scc-oz-module-inliner)
  #4: validation_obj=0.7770, validation_mean=0.7635, validation_worsen=9.00%, validation_highvar=0.00%, train_obj=0.7479, train_mean=0.7389, train_highvar=0.00%, len=60, syn_rate=0.63, test_obj=0.7587, test_mean=0.7377, test_worsen=14.00%, test_highvar=0.00%
     module(elim-avail-extern) → module(globalopt) → module(attributor) → function(gvn-hoist) → module(elim-avail-extern) → module(iroutliner) → function(instsimplify) → function(gvn-hoist) → module(globalopt) → module(inferattrs) → module(globalopt) → function(gvn-sink) → function(newgvn) → module(elim-avail-extern) → module(attributor) → module(scc-oz-module-inliner) → module(scc-oz-module-inliner) → module(scc-oz-module-inliner) → module(iroutliner) → module(attributor) → function(gvn-sink) → module(elim-avail-extern) → module(attributor) → function(instsimplify) → function(gvn-sink) → module(iroutliner) → function(newgvn) → module(inferattrs) → function(reassociate) → function(newgvn) → module(inferattrs) → module(globalopt) → module(attributor) → function(gvn-hoist) → module(elim-avail-extern) → function(jump-threading,loop(loop-simplifycfg)) → module(inferattrs) → function(dse) → function(gvn-sink) → function(memcpyopt) → module(elim-avail-extern) → function(memcpyopt) → module(elim-avail-extern) → module(attributor) → module(scc-oz-module-inliner) → module(scc-oz-module-inliner) → module(iroutliner) → module(globalopt) → function(gvn-sink) → module(globalopt) → function(gvn-sink) → function(newgvn) → function(gvn-sink) → module(globalopt) → module(attributor) → function(dce) → module(iroutliner) → module(elim-avail-extern) → module(scc-oz-module-inliner)
     raw: module(elim-avail-extern) → module(globalopt) → module(attributor) → function(gvn-hoist) → module(elim-avail-extern) → module(iroutliner) → function(instsimplify) → function(gvn-hoist) → module(globalopt) → module(inferattrs) → module(globalopt) → function(gvn-sink) → function(newgvn) → module(elim-avail-extern) → module(attributor) → module(scc-oz-module-inliner) → module(scc-oz-module-inliner) → module(scc-oz-module-inliner) → module(iroutliner) → module(attributor) → function(gvn-sink) → module(elim-avail-extern) → module(attributor) → function(instsimplify) → function(gvn-sink) → module(iroutliner) → function(newgvn) → module(inferattrs) → function(reassociate) → function(newgvn) → module(inferattrs) → module(globalopt) → module(attributor) → function(gvn-hoist) → module(elim-avail-extern) → function(jump-threading) → module(inferattrs) → loop(loop-simplifycfg) → function(dse) → function(gvn-sink) → function(memcpyopt) → module(elim-avail-extern) → function(memcpyopt) → module(elim-avail-extern) → module(attributor) → module(scc-oz-module-inliner) → module(scc-oz-module-inliner) → module(iroutliner) → module(globalopt) → function(gvn-sink) → module(globalopt) → function(gvn-sink) → function(newgvn) → function(gvn-sink) → module(globalopt) → module(attributor) → function(dce) → module(iroutliner) → module(elim-avail-extern) → module(scc-oz-module-inliner)
  #5: validation_obj=0.7770, validation_mean=0.7635, validation_worsen=9.00%, validation_highvar=0.00%, train_obj=0.7479, train_mean=0.7389, train_highvar=0.00%, len=61, syn_rate=0.57, test_obj=0.7587, test_mean=0.7377, test_worsen=14.00%, test_highvar=0.00%
     module(elim-avail-extern) → module(elim-avail-extern) → module(attributor) → function(gvn-hoist) → module(elim-avail-extern) → module(iroutliner) → function(instsimplify) → function(gvn-hoist) → module(globalopt) → module(inferattrs) → module(globalopt) → function(gvn-sink) → function(newgvn) → module(globalopt) → module(attributor) → module(scc-oz-module-inliner) → module(scc-oz-module-inliner) → module(iroutliner) → module(attributor) → function(gvn-sink) → module(elim-avail-extern) → module(attributor) → function(instsimplify) → function(newgvn) → module(inferattrs) → function(reassociate) → function(newgvn) → module(inferattrs) → module(globalopt) → module(attributor) → function(gvn-hoist) → module(elim-avail-extern) → function(jump-threading,loop(loop-simplifycfg)) → module(inferattrs) → function(gvn-sink) → function(memcpyopt) → module(elim-avail-extern) → function(memcpyopt) → function(jump-threading) → module(elim-avail-extern) → module(attributor) → module(scc-oz-module-inliner) → module(scc-oz-module-inliner) → module(iroutliner) → module(globalopt) → module(elim-avail-extern) → function(instsimplify) → module(elim-avail-extern) → function(newgvn) → function(gvn-sink) → module(globalopt) → function(gvn-sink) → function(newgvn) → function(gvn-sink) → module(globalopt) → module(attributor) → function(dce) → module(iroutliner) → module(elim-avail-extern) → module(scc-oz-module-inliner)
     raw: module(elim-avail-extern) → module(elim-avail-extern) → module(attributor) → function(gvn-hoist) → module(elim-avail-extern) → module(iroutliner) → function(instsimplify) → function(gvn-hoist) → module(globalopt) → module(inferattrs) → module(globalopt) → function(gvn-sink) → function(newgvn) → module(globalopt) → module(attributor) → module(scc-oz-module-inliner) → module(scc-oz-module-inliner) → module(iroutliner) → module(attributor) → function(gvn-sink) → module(elim-avail-extern) → module(attributor) → function(instsimplify) → function(newgvn) → module(inferattrs) → function(reassociate) → function(newgvn) → module(inferattrs) → module(globalopt) → module(attributor) → function(gvn-hoist) → module(elim-avail-extern) → function(jump-threading) → module(inferattrs) → loop(loop-simplifycfg) → function(gvn-sink) → function(memcpyopt) → module(elim-avail-extern) → function(memcpyopt) → function(jump-threading) → module(elim-avail-extern) → module(attributor) → module(scc-oz-module-inliner) → module(scc-oz-module-inliner) → module(iroutliner) → module(globalopt) → module(elim-avail-extern) → function(instsimplify) → module(elim-avail-extern) → function(newgvn) → function(gvn-sink) → module(globalopt) → function(gvn-sink) → function(newgvn) → function(gvn-sink) → module(globalopt) → module(attributor) → function(dce) → module(iroutliner) → module(elim-avail-extern) → module(scc-oz-module-inliner)

============================================================
所有轮次中最优 validation objective: 0.7697
最优通用 pass 序列 (21 passes):
  module(elim-avail-extern) → module(globalopt) → module(attributor) → function(gvn-hoist) → module(iroutliner) → module(inferattrs) → function(gvn-sink) → module(iroutliner) → function(gvn-hoist) → function(gvn-sink) → module(attributor) → module(scc-oz-module-inliner) → module(scc-oz-module-inliner) → module(iroutliner) → module(attributor) → function(gvn-sink) → module(attributor) → function(gvn-sink) → function(newgvn) → function(gvn-hoist) → module(scc-oz-module-inliner)
  search_train_obj=0.8050, search_train_mean=0.7945, search_train_worsen=7.00%, search_train_highvar=0.00%
  validation_obj=0.7697, validation_mean=0.7577, validation_worsen=8.00%, validation_highvar=0.00%
  test_obj=0.7996, test_mean=0.7786, test_worsen=14.00%, test_highvar=0.00%

最优轮次 Top-5 序列（含测试集效果，按 validation objective 升序）:
  #1: validation_obj=0.7745, validation_mean=0.7595, validation_worsen=10.00%, validation_highvar=0.00%, train_obj=0.7532, train_mean=0.7427, train_highvar=0.00%, len=70, syn_rate=0.63, test_obj=0.7733, test_mean=0.7523, test_worsen=14.00%, test_highvar=0.00%
     module(elim-avail-extern) → module(globalopt) → module(attributor) → function(gvn-hoist) → function(gvn-hoist) → module(elim-avail-extern) → module(iroutliner) → function(instsimplify) → function(gvn-hoist) → module(globalopt) → module(inferattrs) → module(globalopt) → function(gvn-sink) → function(newgvn) → module(elim-avail-extern) → module(iroutliner) → function(instsimplify) → function(gvn-hoist) → module(globalopt) → module(inferattrs) → module(globalopt) → function(gvn-sink) → function(newgvn) → module(elim-avail-extern) → module(attributor) → module(scc-oz-module-inliner) → module(scc-oz-module-inliner) → module(scc-oz-module-inliner) → module(iroutliner) → module(attributor) → function(gvn-sink) → module(elim-avail-extern) → module(attributor) → function(instsimplify) → function(gvn-sink) → function(newgvn) → module(iroutliner) → module(inferattrs) → function(reassociate) → function(newgvn) → module(inferattrs) → module(globalopt) → module(attributor) → function(gvn-hoist) → module(elim-avail-extern) → function(jump-threading,loop(loop-simplifycfg)) → module(inferattrs) → function(dse) → function(gvn-sink) → function(memcpyopt) → module(elim-avail-extern) → function(memcpyopt) → module(elim-avail-extern) → module(attributor) → module(scc-oz-module-inliner) → module(scc-oz-module-inliner) → module(iroutliner) → module(globalopt) → function(gvn-sink) → module(globalopt) → function(gvn-sink) → function(newgvn) → function(gvn-sink) → module(globalopt) → module(attributor) → function(dce) → module(iroutliner) → module(elim-avail-extern) → module(scc-oz-module-inliner)
     raw: module(elim-avail-extern) → module(globalopt) → module(attributor) → function(gvn-hoist) → function(gvn-hoist) → module(elim-avail-extern) → module(iroutliner) → function(instsimplify) → function(gvn-hoist) → module(globalopt) → module(inferattrs) → module(globalopt) → function(gvn-sink) → function(newgvn) → module(elim-avail-extern) → module(iroutliner) → function(instsimplify) → function(gvn-hoist) → module(globalopt) → module(inferattrs) → module(globalopt) → function(gvn-sink) → function(newgvn) → module(elim-avail-extern) → module(attributor) → module(scc-oz-module-inliner) → module(scc-oz-module-inliner) → module(scc-oz-module-inliner) → module(iroutliner) → module(attributor) → function(gvn-sink) → module(elim-avail-extern) → module(attributor) → function(instsimplify) → function(gvn-sink) → function(newgvn) → module(iroutliner) → module(inferattrs) → function(reassociate) → function(newgvn) → module(inferattrs) → module(globalopt) → module(attributor) → function(gvn-hoist) → module(elim-avail-extern) → function(jump-threading) → module(inferattrs) → loop(loop-simplifycfg) → function(dse) → function(gvn-sink) → function(memcpyopt) → module(elim-avail-extern) → function(memcpyopt) → module(elim-avail-extern) → module(attributor) → module(scc-oz-module-inliner) → module(scc-oz-module-inliner) → module(iroutliner) → module(globalopt) → function(gvn-sink) → module(globalopt) → function(gvn-sink) → function(newgvn) → function(gvn-sink) → module(globalopt) → module(attributor) → function(dce) → module(iroutliner) → module(elim-avail-extern) → module(scc-oz-module-inliner)
  #2: validation_obj=0.7770, validation_mean=0.7635, validation_worsen=9.00%, validation_highvar=0.00%, train_obj=0.7479, train_mean=0.7389, train_highvar=0.00%, len=57, syn_rate=0.55, test_obj=0.7587, test_mean=0.7377, test_worsen=14.00%, test_highvar=0.00%
     module(elim-avail-extern) → module(globalopt) → module(attributor) → function(gvn-hoist) → module(elim-avail-extern) → module(iroutliner) → function(instsimplify) → function(gvn-hoist) → module(globalopt) → module(inferattrs) → module(globalopt) → function(gvn-sink) → function(newgvn) → module(elim-avail-extern) → module(attributor) → module(scc-oz-module-inliner) → module(scc-oz-module-inliner) → module(iroutliner) → module(attributor) → function(gvn-sink) → module(elim-avail-extern) → module(attributor) → function(instsimplify) → function(newgvn) → module(inferattrs) → function(reassociate) → function(newgvn) → module(inferattrs) → module(globalopt) → module(attributor) → function(gvn-hoist) → module(elim-avail-extern) → function(jump-threading,loop(loop-simplifycfg)) → module(inferattrs) → function(gvn-sink) → function(memcpyopt) → module(elim-avail-extern) → function(memcpyopt) → function(jump-threading) → module(elim-avail-extern) → module(attributor) → module(scc-oz-module-inliner) → module(scc-oz-module-inliner) → module(iroutliner) → module(globalopt) → function(gvn-sink) → module(globalopt) → function(gvn-sink) → function(newgvn) → function(gvn-sink) → module(globalopt) → module(attributor) → function(dce) → module(iroutliner) → module(elim-avail-extern) → module(scc-oz-module-inliner)
     raw: module(elim-avail-extern) → module(globalopt) → module(attributor) → function(gvn-hoist) → module(elim-avail-extern) → module(iroutliner) → function(instsimplify) → function(gvn-hoist) → module(globalopt) → module(inferattrs) → module(globalopt) → function(gvn-sink) → function(newgvn) → module(elim-avail-extern) → module(attributor) → module(scc-oz-module-inliner) → module(scc-oz-module-inliner) → module(iroutliner) → module(attributor) → function(gvn-sink) → module(elim-avail-extern) → module(attributor) → function(instsimplify) → function(newgvn) → module(inferattrs) → function(reassociate) → function(newgvn) → module(inferattrs) → module(globalopt) → module(attributor) → function(gvn-hoist) → module(elim-avail-extern) → function(jump-threading) → module(inferattrs) → loop(loop-simplifycfg) → function(gvn-sink) → function(memcpyopt) → module(elim-avail-extern) → function(memcpyopt) → function(jump-threading) → module(elim-avail-extern) → module(attributor) → module(scc-oz-module-inliner) → module(scc-oz-module-inliner) → module(iroutliner) → module(globalopt) → function(gvn-sink) → module(globalopt) → function(gvn-sink) → function(newgvn) → function(gvn-sink) → module(globalopt) → module(attributor) → function(dce) → module(iroutliner) → module(elim-avail-extern) → module(scc-oz-module-inliner)
  #3: validation_obj=0.7770, validation_mean=0.7635, validation_worsen=9.00%, validation_highvar=0.00%, train_obj=0.7479, train_mean=0.7389, train_highvar=0.00%, len=59, syn_rate=0.63, test_obj=0.7587, test_mean=0.7377, test_worsen=14.00%, test_highvar=0.00%
     module(elim-avail-extern) → module(globalopt) → module(attributor) → function(gvn-hoist) → module(elim-avail-extern) → module(iroutliner) → function(instsimplify) → function(gvn-hoist) → module(globalopt) → module(inferattrs) → module(globalopt) → function(gvn-sink) → function(newgvn) → module(elim-avail-extern) → module(attributor) → module(scc-oz-module-inliner) → module(scc-oz-module-inliner) → module(iroutliner) → module(attributor) → function(gvn-sink) → module(elim-avail-extern) → module(attributor) → function(instsimplify) → function(gvn-sink) → module(iroutliner) → function(newgvn) → module(inferattrs) → function(reassociate) → function(newgvn) → module(inferattrs) → module(globalopt) → module(attributor) → function(gvn-hoist) → module(elim-avail-extern) → function(jump-threading,loop(loop-simplifycfg)) → module(inferattrs) → function(dse) → function(gvn-sink) → function(memcpyopt) → module(elim-avail-extern) → function(memcpyopt) → module(elim-avail-extern) → module(attributor) → module(scc-oz-module-inliner) → module(scc-oz-module-inliner) → module(iroutliner) → module(globalopt) → function(gvn-sink) → module(globalopt) → function(gvn-sink) → function(newgvn) → function(gvn-sink) → module(globalopt) → module(attributor) → function(dce) → module(iroutliner) → module(elim-avail-extern) → module(scc-oz-module-inliner)
     raw: module(elim-avail-extern) → module(globalopt) → module(attributor) → function(gvn-hoist) → module(elim-avail-extern) → module(iroutliner) → function(instsimplify) → function(gvn-hoist) → module(globalopt) → module(inferattrs) → module(globalopt) → function(gvn-sink) → function(newgvn) → module(elim-avail-extern) → module(attributor) → module(scc-oz-module-inliner) → module(scc-oz-module-inliner) → module(iroutliner) → module(attributor) → function(gvn-sink) → module(elim-avail-extern) → module(attributor) → function(instsimplify) → function(gvn-sink) → module(iroutliner) → function(newgvn) → module(inferattrs) → function(reassociate) → function(newgvn) → module(inferattrs) → module(globalopt) → module(attributor) → function(gvn-hoist) → module(elim-avail-extern) → function(jump-threading) → module(inferattrs) → loop(loop-simplifycfg) → function(dse) → function(gvn-sink) → function(memcpyopt) → module(elim-avail-extern) → function(memcpyopt) → module(elim-avail-extern) → module(attributor) → module(scc-oz-module-inliner) → module(scc-oz-module-inliner) → module(iroutliner) → module(globalopt) → function(gvn-sink) → module(globalopt) → function(gvn-sink) → function(newgvn) → function(gvn-sink) → module(globalopt) → module(attributor) → function(dce) → module(iroutliner) → module(elim-avail-extern) → module(scc-oz-module-inliner)
  #4: validation_obj=0.7770, validation_mean=0.7635, validation_worsen=9.00%, validation_highvar=0.00%, train_obj=0.7479, train_mean=0.7389, train_highvar=0.00%, len=60, syn_rate=0.63, test_obj=0.7587, test_mean=0.7377, test_worsen=14.00%, test_highvar=0.00%
     module(elim-avail-extern) → module(globalopt) → module(attributor) → function(gvn-hoist) → module(elim-avail-extern) → module(iroutliner) → function(instsimplify) → function(gvn-hoist) → module(globalopt) → module(inferattrs) → module(globalopt) → function(gvn-sink) → function(newgvn) → module(elim-avail-extern) → module(attributor) → module(scc-oz-module-inliner) → module(scc-oz-module-inliner) → module(scc-oz-module-inliner) → module(iroutliner) → module(attributor) → function(gvn-sink) → module(elim-avail-extern) → module(attributor) → function(instsimplify) → function(gvn-sink) → module(iroutliner) → function(newgvn) → module(inferattrs) → function(reassociate) → function(newgvn) → module(inferattrs) → module(globalopt) → module(attributor) → function(gvn-hoist) → module(elim-avail-extern) → function(jump-threading,loop(loop-simplifycfg)) → module(inferattrs) → function(dse) → function(gvn-sink) → function(memcpyopt) → module(elim-avail-extern) → function(memcpyopt) → module(elim-avail-extern) → module(attributor) → module(scc-oz-module-inliner) → module(scc-oz-module-inliner) → module(iroutliner) → module(globalopt) → function(gvn-sink) → module(globalopt) → function(gvn-sink) → function(newgvn) → function(gvn-sink) → module(globalopt) → module(attributor) → function(dce) → module(iroutliner) → module(elim-avail-extern) → module(scc-oz-module-inliner)
     raw: module(elim-avail-extern) → module(globalopt) → module(attributor) → function(gvn-hoist) → module(elim-avail-extern) → module(iroutliner) → function(instsimplify) → function(gvn-hoist) → module(globalopt) → module(inferattrs) → module(globalopt) → function(gvn-sink) → function(newgvn) → module(elim-avail-extern) → module(attributor) → module(scc-oz-module-inliner) → module(scc-oz-module-inliner) → module(scc-oz-module-inliner) → module(iroutliner) → module(attributor) → function(gvn-sink) → module(elim-avail-extern) → module(attributor) → function(instsimplify) → function(gvn-sink) → module(iroutliner) → function(newgvn) → module(inferattrs) → function(reassociate) → function(newgvn) → module(inferattrs) → module(globalopt) → module(attributor) → function(gvn-hoist) → module(elim-avail-extern) → function(jump-threading) → module(inferattrs) → loop(loop-simplifycfg) → function(dse) → function(gvn-sink) → function(memcpyopt) → module(elim-avail-extern) → function(memcpyopt) → module(elim-avail-extern) → module(attributor) → module(scc-oz-module-inliner) → module(scc-oz-module-inliner) → module(iroutliner) → module(globalopt) → function(gvn-sink) → module(globalopt) → function(gvn-sink) → function(newgvn) → function(gvn-sink) → module(globalopt) → module(attributor) → function(dce) → module(iroutliner) → module(elim-avail-extern) → module(scc-oz-module-inliner)
  #5: validation_obj=0.7770, validation_mean=0.7635, validation_worsen=9.00%, validation_highvar=0.00%, train_obj=0.7479, train_mean=0.7389, train_highvar=0.00%, len=61, syn_rate=0.57, test_obj=0.7587, test_mean=0.7377, test_worsen=14.00%, test_highvar=0.00%
     module(elim-avail-extern) → module(elim-avail-extern) → module(attributor) → function(gvn-hoist) → module(elim-avail-extern) → module(iroutliner) → function(instsimplify) → function(gvn-hoist) → module(globalopt) → module(inferattrs) → module(globalopt) → function(gvn-sink) → function(newgvn) → module(globalopt) → module(attributor) → module(scc-oz-module-inliner) → module(scc-oz-module-inliner) → module(iroutliner) → module(attributor) → function(gvn-sink) → module(elim-avail-extern) → module(attributor) → function(instsimplify) → function(newgvn) → module(inferattrs) → function(reassociate) → function(newgvn) → module(inferattrs) → module(globalopt) → module(attributor) → function(gvn-hoist) → module(elim-avail-extern) → function(jump-threading,loop(loop-simplifycfg)) → module(inferattrs) → function(gvn-sink) → function(memcpyopt) → module(elim-avail-extern) → function(memcpyopt) → function(jump-threading) → module(elim-avail-extern) → module(attributor) → module(scc-oz-module-inliner) → module(scc-oz-module-inliner) → module(iroutliner) → module(globalopt) → module(elim-avail-extern) → function(instsimplify) → module(elim-avail-extern) → function(newgvn) → function(gvn-sink) → module(globalopt) → function(gvn-sink) → function(newgvn) → function(gvn-sink) → module(globalopt) → module(attributor) → function(dce) → module(iroutliner) → module(elim-avail-extern) → module(scc-oz-module-inliner)
     raw: module(elim-avail-extern) → module(elim-avail-extern) → module(attributor) → function(gvn-hoist) → module(elim-avail-extern) → module(iroutliner) → function(instsimplify) → function(gvn-hoist) → module(globalopt) → module(inferattrs) → module(globalopt) → function(gvn-sink) → function(newgvn) → module(globalopt) → module(attributor) → module(scc-oz-module-inliner) → module(scc-oz-module-inliner) → module(iroutliner) → module(attributor) → function(gvn-sink) → module(elim-avail-extern) → module(attributor) → function(instsimplify) → function(newgvn) → module(inferattrs) → function(reassociate) → function(newgvn) → module(inferattrs) → module(globalopt) → module(attributor) → function(gvn-hoist) → module(elim-avail-extern) → function(jump-threading) → module(inferattrs) → loop(loop-simplifycfg) → function(gvn-sink) → function(memcpyopt) → module(elim-avail-extern) → function(memcpyopt) → function(jump-threading) → module(elim-avail-extern) → module(attributor) → module(scc-oz-module-inliner) → module(scc-oz-module-inliner) → module(iroutliner) → module(globalopt) → module(elim-avail-extern) → function(instsimplify) → module(elim-avail-extern) → function(newgvn) → function(gvn-sink) → module(globalopt) → function(gvn-sink) → function(newgvn) → function(gvn-sink) → module(globalopt) → module(attributor) → function(dce) → module(iroutliner) → module(elim-avail-extern) → module(scc-oz-module-inliner)
binarysize_test: vs_none=0.995 (+0.5%)  vs_oz=1.000 (+0.0%)  vs_o3=0.982 (+1.8%) [metric=stripped_file_bytes]
binarysize_test[text_bytes]: vs_none=0.902 (+9.8%)  vs_oz=0.924 (+7.6%)  vs_o3=0.801 (+19.9%)
binarysize_test[data_bytes]: vs_none=0.986 (+1.4%)  vs_oz=0.994 (+0.6%)  vs_o3=0.988 (+1.2%)
binarysize_test[bss_bytes]: vs_none=1.000 (+0.0%)  vs_oz=1.000 (+0.0%)  vs_o3=1.000 (+0.0%)
binarysize_test[dec_bytes]: vs_none=0.918 (+8.2%)  vs_oz=0.941 (+5.9%)  vs_o3=0.845 (+15.5%)
结果已写入: /root/exp/RFunipassLab/results/instrcount/summaries/20260422_225813_437837_feature_lite.json
总运行时间: 2852.78 秒
