# run_id: 20260413_221921_490713_runtime_feature_lite
# name: runtime_feature_lite
# group: runtime_feature_ablation
# description: 运行时间目标 + Lite 特征编码，用于分析轻量特征对时间目标的影响。
# changed: BACKEND_OPT_LEVEL=-O0, FEATURE_MODE=lite, GA_GEN=5, GA_POP=200, ITERS=100, MAX_SEQ_LEN=120, MIN_VAL_PROGRAMS=5, OBJECTIVE_KIND=runtime, PROGRAM_POOL_KIND=runtime, SEED_TOPK=0, TEST_TOPK=50, TRAIN_TOPK=200, VAL_RATIO=0.5
# result_json: /root/exp/RFunipassLab/results/runtime/summaries/20260413_221921_490713_runtime_feature_lite.json
# started_at: 2026-04-13T22:19:21
# control_env:
#   BACKEND_OPT_LEVEL=-O0
#   DECAY=0.5
#   FEATURE_MODE=lite
#   GA_ELITE=0.1
#   GA_GEN=5
#   GA_MUT=0.8
#   GA_POP=200
#   GA_TOUR=3
#   ITERS=100
#   MAX_SEQ_LEN=120
#   MIN_VAL_PROGRAMS=5
#   OBJECTIVE_KIND=runtime
#   OBJ_HIGHVAR_W=0.05
#   OBJ_WORSEN_W=0.15
#   OFFSET=20
#   PROGRAM_POOL_KIND=runtime
#   RNUM=256
#   RUNS=1
#   RUNTIME_EVAL_MAX_VARIANCE_PCT=15.0
#   RUNTIME_MAX_INNER_REPEATS=64
#   RUNTIME_MAX_VARIANCE_PCT=10.0
#   RUNTIME_REQUIRED_ROWS=0
#   RUNTIME_SAMPLES=5
#   RUNTIME_TARGET_SAMPLE_MS=30.0
#   RUNTIME_TIMEOUT_SEC=2.0
#   SCALE=10
#   SEED_TOPK=0
#   TEST_TOPK=50
#   TRAIN_TOPK=200
#   VAL_RATIO=0.5

Loading runtime-evaluable rows from: /root/exp/RFunipassLab/data/tuning_results.csv
Runtime manifest path: /root/exp/RFunipassLab/results/runtime/manifests/runtime_manifest.json
Runtime required rows: 250
Loaded runtime-evaluable rows: 250
Loaded train programs:       200
Loaded initial seed seqs:    69
Loaded test programs:        50
Objective kind:              runtime
Program pool kind:           runtime

Loading synergy graph from: /root/exp/RFunipassLab/data/Step3_EnumeratedPairs.csv
All passes (19): ['module(elim-avail-extern)', 'function(mem2reg)', 'function(newgvn)', 'function(dce)', 'function(memcpyopt)', 'cgscc(attributor-cgscc)', 'function(jump-threading)', 'function(gvn-sink)', 'module(globalopt)', 'module(scc-oz-module-inliner)', 'function(instsimplify)', 'function(reassociate)', 'module(iroutliner)', 'module(attributor)', 'function(dse)', 'function(gvn-hoist)', 'loop(loop-simplifycfg)', 'module(inferattrs)', 'function(lower-switch)']
Synergy edges: 176
Self-loop passes: {'module(attributor)', 'cgscc(attributor-cgscc)', 'function(newgvn)'}

============================================================
实验轮次 1 / 1
============================================================
============================================================
目标类型:      runtime
基准指标:      -Oz 基准运行时间
优化指标:      归一化运行时间
后端编译级别:  -O0
输入程序数:    200
输入次优序列数: 69
测试程序数:    50
Pass 词表大小: 19
协同边数:      176
自环 pass 数:  3
序列长度上限:  120
特征模式:      lite
RF 特征维度:   31
词表: ['module(elim-avail-extern)', 'function(mem2reg)', 'function(newgvn)', 'function(dce)', 'function(memcpyopt)', 'cgscc(attributor-cgscc)', 'function(jump-threading)', 'function(gvn-sink)', 'module(globalopt)', 'module(scc-oz-module-inliner)', 'function(instsimplify)', 'function(reassociate)', 'module(iroutliner)', 'module(attributor)', 'function(dse)', 'function(gvn-hoist)', 'loop(loop-simplifycfg)', 'module(inferattrs)', 'function(lower-switch)']
多目标权重:    mean=1.0, worsen=0.15, highvar=0.05

[Step 1.5] 训练程序切分...
  search_train 程序数: 100
  validation 程序数:   100

[Step 2] 计算 search_train 程序 -Oz 基准运行时间...
[Step 2b] 计算 validation 程序 -Oz 基准运行时间...
[Step 2c] 计算测试集程序 -Oz 基准运行时间...

[Step 2d] 固定参考基线（相对 []）...
  search_train: []=1.000 (+0.0%)  -Oz=0.900 (+10.0%)  -O3=0.813 (+18.7%)
  validation:   []=1.000 (+0.0%)  -Oz=0.870 (+13.0%)  -O3=0.765 (+23.5%)
  test:         []=1.000 (+0.0%)  -Oz=0.897 (+10.3%)  -O3=0.807 (+19.3%)

[Step 3] 评估初始 seed 序列（共 69 条）...

[Step 4] 开始贝叶斯优化（100 轮）...
GA search time: 4.20s, candidates: 403
  [iter   1/100] search_obj=1.0133  search_best=1.0133  validation_best=0.9994  EI=0.0163  rnum=203.3  len=22  syn_rate=0.23  mean=0.9618  worsen=26.00%  highvar=25.00%
                 search_train: vs_none=0.864 (+13.6%)  vs_oz=0.962 (+3.8%)  vs_o3=1.181 (-18.1%)
                 validation:   vs_none=0.853 (+14.7%)  vs_oz=0.987 (+1.3%)  vs_o3=1.283 (-28.3%)
GA search time: 5.41s, candidates: 401
  [iter   2/100] search_obj=1.0344  search_best=1.0133  validation_best=0.9994  EI=0.0134  rnum=201.3  len=36  syn_rate=0.27  mean=0.9709  worsen=35.00%  highvar=22.00%
                 search_train: vs_none=0.873 (+12.7%)  vs_oz=0.971 (+2.9%)  vs_o3=1.191 (-19.1%)
                 validation:   vs_none=0.861 (+13.9%)  vs_oz=0.994 (+0.6%)  vs_o3=1.289 (-28.9%)
GA search time: 6.07s, candidates: 399
  [iter   3/100] search_obj=1.0380  search_best=1.0133  validation_best=0.9994  EI=0.0133  rnum=199.4  len=23  syn_rate=0.31  mean=0.9715  worsen=36.00%  highvar=25.00%
                 search_train: vs_none=0.877 (+12.3%)  vs_oz=0.971 (+2.9%)  vs_o3=1.189 (-18.9%)
                 validation:   vs_none=0.865 (+13.5%)  vs_oz=1.001 (-0.1%)  vs_o3=1.306 (-30.6%)
GA search time: 5.90s, candidates: 397
  [iter   4/100] search_obj=1.0499  search_best=1.0133  validation_best=0.9994  EI=0.0148  rnum=197.4  len=22  syn_rate=0.23  mean=0.9794  worsen=40.00%  highvar=21.00%
                 search_train: vs_none=0.882 (+11.8%)  vs_oz=0.979 (+2.1%)  vs_o3=1.198 (-19.8%)
                 validation:   vs_none=0.855 (+14.5%)  vs_oz=0.988 (+1.2%)  vs_o3=1.285 (-28.5%)
GA search time: 6.45s, candidates: 395
  [iter   5/100] search_obj=1.0193  search_best=1.0133  validation_best=0.9994  EI=0.0139  rnum=195.4  len=25  syn_rate=0.23  mean=0.9663  worsen=27.00%  highvar=25.00%
                 search_train: vs_none=0.868 (+13.2%)  vs_oz=0.966 (+3.4%)  vs_o3=1.186 (-18.6%)
                 validation:   vs_none=0.856 (+14.4%)  vs_oz=0.989 (+1.1%)  vs_o3=1.285 (-28.5%)
GA search time: 5.08s, candidates: 393
  [iter   6/100] search_obj=1.0291  search_best=1.0133  validation_best=0.9994  EI=0.0114  rnum=193.4  len=23  syn_rate=0.36  mean=0.9706  worsen=31.00%  highvar=24.00%
                 search_train: vs_none=0.873 (+12.7%)  vs_oz=0.971 (+2.9%)  vs_o3=1.190 (-19.0%)
                 validation:   vs_none=0.859 (+14.1%)  vs_oz=0.994 (+0.6%)  vs_o3=1.292 (-29.2%)
GA search time: 4.63s, candidates: 391
  [iter   7/100] search_obj=1.0251  search_best=1.0133  validation_best=0.9994  EI=0.0122  rnum=191.4  len=26  syn_rate=0.24  mean=0.9701  worsen=30.00%  highvar=20.00%
                 search_train: vs_none=0.873 (+12.7%)  vs_oz=0.970 (+3.0%)  vs_o3=1.188 (-18.8%)
                 validation:   vs_none=0.854 (+14.6%)  vs_oz=0.987 (+1.3%)  vs_o3=1.282 (-28.2%)
GA search time: 4.49s, candidates: 389
  [iter   8/100] search_obj=1.0582  search_best=1.0133  validation_best=0.9994  EI=0.0121  rnum=189.4  len=31  syn_rate=0.31  mean=0.9867  worsen=40.00%  highvar=23.00%
                 search_train: vs_none=0.888 (+11.2%)  vs_oz=0.987 (+1.3%)  vs_o3=1.215 (-21.5%)
                 validation:   vs_none=0.853 (+14.7%)  vs_oz=0.980 (+2.0%)  vs_o3=1.267 (-26.7%)
GA search time: 3.98s, candidates: 387
  [iter   9/100] search_obj=1.0569  search_best=1.0133  validation_best=0.9994  EI=0.0120  rnum=187.4  len=23  syn_rate=0.24  mean=0.9849  worsen=41.00%  highvar=21.00%
                 search_train: vs_none=0.887 (+11.3%)  vs_oz=0.985 (+1.5%)  vs_o3=1.209 (-20.9%)
                 validation:   vs_none=0.865 (+13.5%)  vs_oz=1.003 (-0.3%)  vs_o3=1.311 (-31.1%)
GA search time: 3.67s, candidates: 385
  [iter  10/100] search_obj=1.2496  search_best=1.0133  validation_best=0.9994  EI=0.0110  rnum=185.3  len=12  syn_rate=0.13  mean=1.1476  worsen=61.00%  highvar=21.00%
                 search_train: vs_none=0.995 (+0.5%)  vs_oz=1.148 (-14.8%)  vs_o3=1.495 (-49.5%)
                 validation:   vs_none=1.001 (-0.1%)  vs_oz=1.214 (-21.4%)  vs_o3=1.686 (-68.6%)
GA search time: 1.78s, candidates: 383
  [iter  11/100] search_obj=1.0497  search_best=1.0133  validation_best=0.9994  EI=0.0154  rnum=183.2  len=23  syn_rate=0.23  mean=0.9797  worsen=40.00%  highvar=20.00%
                 search_train: vs_none=0.882 (+11.8%)  vs_oz=0.980 (+2.0%)  vs_o3=1.199 (-19.9%)
                 validation:   vs_none=0.867 (+13.3%)  vs_oz=1.000 (+0.0%)  vs_o3=1.296 (-29.6%)
GA search time: 2.25s, candidates: 381
  [iter  12/100] search_obj=1.0297  search_best=1.0133  validation_best=0.9994  EI=0.0109  rnum=181.1  len=25  syn_rate=0.25  mean=0.9712  worsen=33.00%  highvar=18.00%
                 search_train: vs_none=0.876 (+12.4%)  vs_oz=0.971 (+2.9%)  vs_o3=1.190 (-19.0%)
                 validation:   vs_none=0.863 (+13.7%)  vs_oz=1.001 (-0.1%)  vs_o3=1.310 (-31.0%)
GA search time: 2.55s, candidates: 379
  [iter  13/100] search_obj=1.0335  search_best=1.0133  validation_best=0.9994  EI=0.0129  rnum=179.0  len=40  syn_rate=0.23  mean=0.9755  worsen=33.00%  highvar=17.00%
                 search_train: vs_none=0.878 (+12.2%)  vs_oz=0.975 (+2.5%)  vs_o3=1.195 (-19.5%)
                 validation:   vs_none=0.858 (+14.2%)  vs_oz=0.992 (+0.8%)  vs_o3=1.288 (-28.8%)
GA search time: 1.89s, candidates: 376
  [iter  14/100] search_obj=1.2255  search_best=1.0133  validation_best=0.9994  EI=0.0107  rnum=176.9  len=28  syn_rate=0.30  mean=1.1345  worsen=56.00%  highvar=14.00%
                 search_train: vs_none=0.984 (+1.6%)  vs_oz=1.134 (-13.4%)  vs_o3=1.478 (-47.8%)
                 validation:   vs_none=0.987 (+1.3%)  vs_oz=1.196 (-19.6%)  vs_o3=1.663 (-66.3%)
GA search time: 4.83s, candidates: 374
  [iter  15/100] search_obj=1.0415  search_best=1.0133  validation_best=0.9994  EI=0.0125  rnum=174.8  len=29  syn_rate=0.29  mean=0.9770  worsen=36.00%  highvar=21.00%
                 search_train: vs_none=0.879 (+12.1%)  vs_oz=0.977 (+2.3%)  vs_o3=1.197 (-19.7%)
                 validation:   vs_none=0.863 (+13.7%)  vs_oz=0.996 (+0.4%)  vs_o3=1.292 (-29.2%)
GA search time: 8.06s, candidates: 372
  [iter  16/100] search_obj=1.0348  search_best=1.0133  validation_best=0.9994  EI=0.0108  rnum=172.7  len=29  syn_rate=0.25  mean=0.9768  worsen=29.00%  highvar=29.00%
                 search_train: vs_none=0.880 (+12.0%)  vs_oz=0.977 (+2.3%)  vs_o3=1.195 (-19.5%)
                 validation:   vs_none=0.856 (+14.4%)  vs_oz=0.989 (+1.1%)  vs_o3=1.283 (-28.3%)
GA search time: 8.85s, candidates: 370
  [iter  17/100] search_obj=1.2408  search_best=1.0133  validation_best=0.9994  EI=0.0108  rnum=170.6  len=12  syn_rate=0.13  mean=1.1458  worsen=57.00%  highvar=19.00%
                 search_train: vs_none=0.994 (+0.6%)  vs_oz=1.146 (-14.6%)  vs_o3=1.490 (-49.0%)
                 validation:   vs_none=0.991 (+0.9%)  vs_oz=1.201 (-20.1%)  vs_o3=1.668 (-66.8%)
GA search time: 7.79s, candidates: 368
  [iter  18/100] search_obj=1.0298  search_best=1.0133  validation_best=0.9994  EI=0.0104  rnum=168.4  len=12  syn_rate=0.14  mean=0.9688  worsen=32.00%  highvar=26.00%
                 search_train: vs_none=0.871 (+12.9%)  vs_oz=0.969 (+3.1%)  vs_o3=1.188 (-18.8%)
                 validation:   vs_none=0.858 (+14.2%)  vs_oz=0.997 (+0.3%)  vs_o3=1.308 (-30.8%)
GA search time: 4.99s, candidates: 366
  [iter  19/100] search_obj=1.0229  search_best=1.0133  validation_best=0.9994  EI=0.0108  rnum=166.3  len=13  syn_rate=0.12  mean=0.9654  worsen=30.00%  highvar=25.00%
                 search_train: vs_none=0.868 (+13.2%)  vs_oz=0.965 (+3.5%)  vs_o3=1.185 (-18.5%)
                 validation:   vs_none=0.859 (+14.1%)  vs_oz=0.996 (+0.4%)  vs_o3=1.300 (-30.0%)
GA search time: 8.36s, candidates: 364
  [iter  20/100] search_obj=1.2233  search_best=1.0133  validation_best=0.9994  EI=0.0109  rnum=164.2  len=19  syn_rate=0.23  mean=1.1353  worsen=51.00%  highvar=23.00%
                 search_train: vs_none=0.981 (+1.9%)  vs_oz=1.135 (-13.5%)  vs_o3=1.479 (-47.9%)
                 validation:   vs_none=0.989 (+1.1%)  vs_oz=1.196 (-19.6%)  vs_o3=1.656 (-65.6%)
GA search time: 5.58s, candidates: 362
  [iter  21/100] search_obj=1.0104  search_best=1.0104  validation_best=0.9994  EI=0.0099  rnum=162.0  len=33  syn_rate=0.32  mean=0.9624  worsen=25.00%  highvar=21.00%
                 search_train: vs_none=0.865 (+13.5%)  vs_oz=0.962 (+3.8%)  vs_o3=1.183 (-18.3%)
                 validation:   vs_none=0.863 (+13.7%)  vs_oz=1.001 (-0.1%)  vs_o3=1.308 (-30.8%)
GA search time: 7.53s, candidates: 359
  [iter  22/100] search_obj=1.0214  search_best=1.0104  validation_best=0.9994  EI=0.0127  rnum=159.9  len=33  syn_rate=0.22  mean=0.9724  worsen=27.00%  highvar=17.00%
                 search_train: vs_none=0.875 (+12.5%)  vs_oz=0.972 (+2.8%)  vs_o3=1.191 (-19.1%)
                 validation:   vs_none=0.855 (+14.5%)  vs_oz=0.988 (+1.2%)  vs_o3=1.286 (-28.6%)
GA search time: 4.87s, candidates: 357
  [iter  23/100] search_obj=1.2556  search_best=1.0104  validation_best=0.9994  EI=0.0108  rnum=157.7  len=27  syn_rate=0.20  mean=1.1496  worsen=64.00%  highvar=20.00%
                 search_train: vs_none=0.999 (+0.1%)  vs_oz=1.150 (-15.0%)  vs_o3=1.493 (-49.3%)
                 validation:   vs_none=1.008 (-0.8%)  vs_oz=1.222 (-22.2%)  vs_o3=1.697 (-69.7%)
GA search time: 5.93s, candidates: 355
  [iter  24/100] search_obj=1.0246  search_best=1.0104  validation_best=0.9994  EI=0.0143  rnum=155.6  len=33  syn_rate=0.30  mean=0.9701  worsen=28.00%  highvar=25.00%
                 search_train: vs_none=0.873 (+12.7%)  vs_oz=0.970 (+3.0%)  vs_o3=1.189 (-18.9%)
                 validation:   vs_none=0.857 (+14.3%)  vs_oz=0.991 (+0.9%)  vs_o3=1.289 (-28.9%)
GA search time: 4.35s, candidates: 353
  [iter  25/100] search_obj=1.0098  search_best=1.0098  validation_best=0.9994  EI=0.0146  rnum=153.4  len=46  syn_rate=0.36  mean=0.9633  worsen=25.00%  highvar=18.00%
                 search_train: vs_none=0.865 (+13.5%)  vs_oz=0.963 (+3.7%)  vs_o3=1.183 (-18.3%)
                 validation:   vs_none=0.865 (+13.5%)  vs_oz=0.999 (+0.1%)  vs_o3=1.298 (-29.8%)
GA search time: 6.46s, candidates: 351
  [iter  26/100] search_obj=1.0480  search_best=1.0098  validation_best=0.9994  EI=0.0168  rnum=151.3  len=52  syn_rate=0.30  mean=0.9830  worsen=37.00%  highvar=19.00%
                 search_train: vs_none=0.888 (+11.2%)  vs_oz=0.983 (+1.7%)  vs_o3=1.201 (-20.1%)
                 validation:   vs_none=0.867 (+13.3%)  vs_oz=1.003 (-0.3%)  vs_o3=1.308 (-30.8%)
GA search time: 3.67s, candidates: 349
  [iter  27/100] search_obj=1.2412  search_best=1.0098  validation_best=0.9994  EI=0.0129  rnum=149.1  len=26  syn_rate=0.20  mean=1.1427  worsen=58.00%  highvar=23.00%
                 search_train: vs_none=0.988 (+1.2%)  vs_oz=1.143 (-14.3%)  vs_o3=1.489 (-48.9%)
                 validation:   vs_none=0.999 (+0.1%)  vs_oz=1.208 (-20.8%)  vs_o3=1.670 (-67.0%)
GA search time: 3.73s, candidates: 346
  [iter  28/100] search_obj=1.0431  search_best=1.0098  validation_best=0.9994  EI=0.0116  rnum=147.0  len=17  syn_rate=0.15  mean=0.9796  worsen=37.00%  highvar=16.00%
                 search_train: vs_none=0.885 (+11.5%)  vs_oz=0.980 (+2.0%)  vs_o3=1.195 (-19.5%)
                 validation:   vs_none=0.866 (+13.4%)  vs_oz=1.000 (-0.0%)  vs_o3=1.300 (-30.0%)
GA search time: 3.68s, candidates: 344
  [iter  29/100] search_obj=1.0440  search_best=1.0098  validation_best=0.9994  EI=0.0106  rnum=144.8  len=21  syn_rate=0.23  mean=0.9770  worsen=36.00%  highvar=26.00%
                 search_train: vs_none=0.879 (+12.1%)  vs_oz=0.977 (+2.3%)  vs_o3=1.196 (-19.6%)
                 validation:   vs_none=0.853 (+14.7%)  vs_oz=0.986 (+1.4%)  vs_o3=1.281 (-28.1%)
GA search time: 3.75s, candidates: 342
  [iter  30/100] search_obj=1.0172  search_best=1.0098  validation_best=0.9994  EI=0.0119  rnum=142.7  len=15  syn_rate=0.12  mean=0.9627  worsen=28.00%  highvar=25.00%
                 search_train: vs_none=0.866 (+13.4%)  vs_oz=0.963 (+3.7%)  vs_o3=1.180 (-18.0%)
                 validation:   vs_none=0.861 (+13.9%)  vs_oz=0.994 (+0.6%)  vs_o3=1.289 (-28.9%)
GA search time: 4.67s, candidates: 340
  [iter  31/100] search_obj=1.0259  search_best=1.0098  validation_best=0.9994  EI=0.0127  rnum=140.5  len=27  syn_rate=0.22  mean=0.9724  worsen=28.00%  highvar=23.00%
                 search_train: vs_none=0.874 (+12.6%)  vs_oz=0.972 (+2.8%)  vs_o3=1.194 (-19.4%)
                 validation:   vs_none=0.860 (+14.0%)  vs_oz=0.993 (+0.7%)  vs_o3=1.291 (-29.1%)
GA search time: 4.62s, candidates: 338
  [iter  32/100] search_obj=1.0235  search_best=1.0098  validation_best=0.9994  EI=0.0119  rnum=138.4  len=13  syn_rate=0.12  mean=0.9695  worsen=27.00%  highvar=27.00%
                 search_train: vs_none=0.873 (+12.7%)  vs_oz=0.970 (+3.0%)  vs_o3=1.188 (-18.8%)
                 validation:   vs_none=0.866 (+13.4%)  vs_oz=0.999 (+0.1%)  vs_o3=1.295 (-29.5%)
GA search time: 3.12s, candidates: 336
  [iter  33/100] search_obj=1.0251  search_best=1.0098  validation_best=0.9994  EI=0.0131  rnum=136.3  len=22  syn_rate=0.24  mean=0.9691  worsen=30.00%  highvar=22.00%
                 search_train: vs_none=0.872 (+12.8%)  vs_oz=0.969 (+3.1%)  vs_o3=1.188 (-18.8%)
                 validation:   vs_none=0.862 (+13.8%)  vs_oz=0.995 (+0.5%)  vs_o3=1.293 (-29.3%)
GA search time: 4.47s, candidates: 334
  [iter  34/100] search_obj=1.0389  search_best=1.0098  validation_best=0.9994  EI=0.0131  rnum=134.2  len=40  syn_rate=0.28  mean=0.9769  worsen=33.00%  highvar=25.00%
                 search_train: vs_none=0.878 (+12.2%)  vs_oz=0.977 (+2.3%)  vs_o3=1.206 (-20.6%)
                 validation:   vs_none=0.839 (+16.1%)  vs_oz=0.967 (+3.3%)  vs_o3=1.255 (-25.5%)
GA search time: 4.90s, candidates: 332
  [iter  35/100] search_obj=1.0200  search_best=1.0098  validation_best=0.9994  EI=0.0128  rnum=132.1  len=27  syn_rate=0.16  mean=0.9685  worsen=26.00%  highvar=25.00%
                 search_train: vs_none=0.871 (+12.9%)  vs_oz=0.968 (+3.2%)  vs_o3=1.188 (-18.8%)
                 validation:   vs_none=0.864 (+13.6%)  vs_oz=0.998 (+0.2%)  vs_o3=1.297 (-29.7%)
GA search time: 5.99s, candidates: 329
  [iter  36/100] search_obj=1.0476  search_best=1.0098  validation_best=0.9994  EI=0.0112  rnum=130.0  len=16  syn_rate=0.14  mean=0.9846  worsen=36.00%  highvar=18.00%
                 search_train: vs_none=0.887 (+11.3%)  vs_oz=0.985 (+1.5%)  vs_o3=1.203 (-20.3%)
                 validation:   vs_none=0.852 (+14.8%)  vs_oz=0.986 (+1.4%)  vs_o3=1.282 (-28.2%)
GA search time: 5.34s, candidates: 327
  [iter  37/100] search_obj=1.0292  search_best=1.0098  validation_best=0.9994  EI=0.0106  rnum=127.9  len=27  syn_rate=0.32  mean=0.9702  worsen=30.00%  highvar=28.00%
                 search_train: vs_none=0.873 (+12.7%)  vs_oz=0.970 (+3.0%)  vs_o3=1.194 (-19.4%)
                 validation:   vs_none=0.852 (+14.8%)  vs_oz=0.978 (+2.2%)  vs_o3=1.262 (-26.2%)
GA search time: 7.86s, candidates: 325
  [iter  38/100] search_obj=1.0370  search_best=1.0098  validation_best=0.9994  EI=0.0114  rnum=125.8  len=28  syn_rate=0.18  mean=0.9775  worsen=29.00%  highvar=32.00%
                 search_train: vs_none=0.880 (+12.0%)  vs_oz=0.977 (+2.3%)  vs_o3=1.196 (-19.6%)
                 validation:   vs_none=0.862 (+13.8%)  vs_oz=0.996 (+0.4%)  vs_o3=1.295 (-29.5%)
GA search time: 4.92s, candidates: 323
  [iter  39/100] search_obj=1.0315  search_best=1.0098  validation_best=0.9994  EI=0.0111  rnum=123.7  len=62  syn_rate=0.41  mean=0.9705  worsen=33.00%  highvar=23.00%
                 search_train: vs_none=0.873 (+12.7%)  vs_oz=0.970 (+3.0%)  vs_o3=1.190 (-19.0%)
                 validation:   vs_none=0.856 (+14.4%)  vs_oz=0.990 (+1.0%)  vs_o3=1.289 (-28.9%)
GA search time: 6.68s, candidates: 321
  [iter  40/100] search_obj=1.0278  search_best=1.0098  validation_best=0.9994  EI=0.0109  rnum=121.6  len=48  syn_rate=0.33  mean=0.9713  worsen=30.00%  highvar=23.00%
                 search_train: vs_none=0.874 (+12.6%)  vs_oz=0.971 (+2.9%)  vs_o3=1.190 (-19.0%)
                 validation:   vs_none=0.859 (+14.1%)  vs_oz=0.993 (+0.7%)  vs_o3=1.291 (-29.1%)
GA search time: 7.23s, candidates: 319
  [iter  41/100] search_obj=1.0390  search_best=1.0098  validation_best=0.9994  EI=0.0106  rnum=119.6  len=51  syn_rate=0.49  mean=0.9840  worsen=31.00%  highvar=17.00%
                 search_train: vs_none=0.885 (+11.5%)  vs_oz=0.984 (+1.6%)  vs_o3=1.215 (-21.5%)
                 validation:   vs_none=0.854 (+14.6%)  vs_oz=0.983 (+1.7%)  vs_o3=1.274 (-27.4%)
GA search time: 7.21s, candidates: 317
  [iter  42/100] search_obj=1.2260  search_best=1.0098  validation_best=0.9994  EI=0.0101  rnum=117.5  len=18  syn_rate=0.28  mean=1.1330  worsen=54.00%  highvar=24.00%
                 search_train: vs_none=0.978 (+2.2%)  vs_oz=1.133 (-13.3%)  vs_o3=1.476 (-47.6%)
                 validation:   vs_none=0.996 (+0.4%)  vs_oz=1.207 (-20.7%)  vs_o3=1.673 (-67.3%)
GA search time: 6.15s, candidates: 315
  [iter  43/100] search_obj=1.0035  search_best=1.0035  validation_best=0.9994  EI=0.0102  rnum=115.5  len=20  syn_rate=0.19  mean=0.9565  worsen=25.00%  highvar=19.00%
                 search_train: vs_none=0.861 (+13.9%)  vs_oz=0.957 (+4.3%)  vs_o3=1.174 (-17.4%)
                 validation:   vs_none=0.845 (+15.5%)  vs_oz=0.979 (+2.1%)  vs_o3=1.281 (-28.1%)
GA search time: 6.37s, candidates: 313
  [iter  44/100] search_obj=1.0027  search_best=1.0027  validation_best=0.9994  EI=0.0125  rnum=113.5  len=24  syn_rate=0.19  mean=0.9557  worsen=23.00%  highvar=25.00%
                 search_train: vs_none=0.861 (+13.9%)  vs_oz=0.956 (+4.4%)  vs_o3=1.173 (-17.3%)
                 validation:   vs_none=0.846 (+15.4%)  vs_oz=0.981 (+1.9%)  vs_o3=1.282 (-28.2%)
GA search time: 9.50s, candidates: 311
  [iter  45/100] search_obj=1.0230  search_best=1.0027  validation_best=0.9994  EI=0.0142  rnum=111.5  len=26  syn_rate=0.24  mean=0.9675  worsen=28.00%  highvar=27.00%
                 search_train: vs_none=0.872 (+12.8%)  vs_oz=0.968 (+3.2%)  vs_o3=1.188 (-18.8%)
                 validation:   vs_none=0.853 (+14.7%)  vs_oz=0.989 (+1.1%)  vs_o3=1.294 (-29.4%)
GA search time: 6.55s, candidates: 309
  [iter  46/100] search_obj=1.0299  search_best=1.0027  validation_best=0.9994  EI=0.0105  rnum=109.5  len=25  syn_rate=0.18  mean=0.9689  worsen=32.00%  highvar=26.00%
                 search_train: vs_none=0.872 (+12.8%)  vs_oz=0.969 (+3.1%)  vs_o3=1.187 (-18.7%)
                 validation:   vs_none=0.852 (+14.8%)  vs_oz=0.986 (+1.4%)  vs_o3=1.283 (-28.3%)
GA search time: 10.29s, candidates: 307
  [iter  47/100] search_obj=1.0381  search_best=1.0027  validation_best=0.9994  EI=0.0091  rnum=107.6  len=17  syn_rate=0.24  mean=0.9726  worsen=34.00%  highvar=29.00%
                 search_train: vs_none=0.877 (+12.3%)  vs_oz=0.973 (+2.7%)  vs_o3=1.201 (-20.1%)
                 validation:   vs_none=0.838 (+16.2%)  vs_oz=0.963 (+3.7%)  vs_o3=1.248 (-24.8%)
GA search time: 6.17s, candidates: 305
  [iter  48/100] search_obj=1.0241  search_best=1.0027  validation_best=0.9994  EI=0.0085  rnum=105.6  len=22  syn_rate=0.18  mean=0.9701  worsen=30.00%  highvar=18.00%
                 search_train: vs_none=0.871 (+12.9%)  vs_oz=0.970 (+3.0%)  vs_o3=1.199 (-19.9%)
                 validation:   vs_none=0.844 (+15.6%)  vs_oz=0.972 (+2.8%)  vs_o3=1.259 (-25.9%)
GA search time: 7.65s, candidates: 303
  [iter  49/100] search_obj=1.0248  search_best=1.0027  validation_best=0.9994  EI=0.0118  rnum=103.7  len=31  syn_rate=0.20  mean=0.9678  worsen=29.00%  highvar=27.00%
                 search_train: vs_none=0.871 (+12.9%)  vs_oz=0.968 (+3.2%)  vs_o3=1.186 (-18.6%)
                 validation:   vs_none=0.859 (+14.1%)  vs_oz=0.992 (+0.8%)  vs_o3=1.288 (-28.8%)
GA search time: 9.68s, candidates: 301
  [iter  50/100] search_obj=1.0625  search_best=1.0027  validation_best=0.9994  EI=0.0094  rnum=101.7  len=46  syn_rate=0.36  mean=0.9895  worsen=43.00%  highvar=17.00%
                 search_train: vs_none=0.891 (+10.9%)  vs_oz=0.990 (+1.0%)  vs_o3=1.218 (-21.8%)
                 validation:   vs_none=0.851 (+14.9%)  vs_oz=0.980 (+2.0%)  vs_o3=1.271 (-27.1%)
GA search time: 10.75s, candidates: 299
  [iter  51/100] search_obj=1.0440  search_best=1.0027  validation_best=0.9994  EI=0.0120  rnum=99.8  len=29  syn_rate=0.23  mean=0.9780  worsen=38.00%  highvar=18.00%
                 search_train: vs_none=0.883 (+11.7%)  vs_oz=0.978 (+2.2%)  vs_o3=1.195 (-19.5%)
                 validation:   vs_none=0.866 (+13.4%)  vs_oz=1.000 (-0.0%)  vs_o3=1.302 (-30.2%)
GA search time: 12.02s, candidates: 297
  [iter  52/100] search_obj=1.0304  search_best=1.0027  validation_best=0.9994  EI=0.0081  rnum=97.9  len=26  syn_rate=0.31  mean=0.9714  worsen=31.00%  highvar=25.00%
                 search_train: vs_none=0.876 (+12.4%)  vs_oz=0.971 (+2.9%)  vs_o3=1.189 (-18.9%)
                 validation:   vs_none=0.864 (+13.6%)  vs_oz=0.999 (+0.1%)  vs_o3=1.303 (-30.3%)
GA search time: 8.31s, candidates: 296
  [iter  53/100] search_obj=1.0416  search_best=1.0027  validation_best=0.9994  EI=0.0098  rnum=96.1  len=13  syn_rate=0.12  mean=0.9781  worsen=35.00%  highvar=22.00%
                 search_train: vs_none=0.883 (+11.7%)  vs_oz=0.978 (+2.2%)  vs_o3=1.196 (-19.6%)
                 validation:   vs_none=0.865 (+13.5%)  vs_oz=1.004 (-0.4%)  vs_o3=1.315 (-31.5%)
GA search time: 11.50s, candidates: 294
  [iter  54/100] search_obj=1.0374  search_best=1.0027  validation_best=0.9994  EI=0.0081  rnum=94.2  len=29  syn_rate=0.40  mean=0.9734  worsen=33.00%  highvar=29.00%
                 search_train: vs_none=0.876 (+12.4%)  vs_oz=0.973 (+2.7%)  vs_o3=1.197 (-19.7%)
                 validation:   vs_none=0.844 (+15.6%)  vs_oz=0.970 (+3.0%)  vs_o3=1.254 (-25.4%)
GA search time: 12.40s, candidates: 292
  [iter  55/100] search_obj=1.0522  search_best=1.0027  validation_best=0.9994  EI=0.0084  rnum=92.4  len=22  syn_rate=0.14  mean=0.9817  worsen=40.00%  highvar=21.00%
                 search_train: vs_none=0.884 (+11.6%)  vs_oz=0.982 (+1.8%)  vs_o3=1.211 (-21.1%)
                 validation:   vs_none=0.841 (+15.9%)  vs_oz=0.963 (+3.7%)  vs_o3=1.245 (-24.5%)
GA search time: 9.73s, candidates: 290
  [iter  56/100] search_obj=1.0374  search_best=1.0027  validation_best=0.9994  EI=0.0074  rnum=90.5  len=34  syn_rate=0.28  mean=0.9764  worsen=34.00%  highvar=20.00%
                 search_train: vs_none=0.879 (+12.1%)  vs_oz=0.976 (+2.4%)  vs_o3=1.196 (-19.6%)
                 validation:   vs_none=0.852 (+14.8%)  vs_oz=0.985 (+1.5%)  vs_o3=1.282 (-28.2%)
GA search time: 13.02s, candidates: 288
  [iter  57/100] search_obj=1.0337  search_best=1.0027  validation_best=0.9994  EI=0.0075  rnum=88.7  len=26  syn_rate=0.34  mean=0.9712  worsen=34.00%  highvar=23.00%
                 search_train: vs_none=0.873 (+12.7%)  vs_oz=0.971 (+2.9%)  vs_o3=1.192 (-19.2%)
                 validation:   vs_none=0.854 (+14.6%)  vs_oz=0.990 (+1.0%)  vs_o3=1.294 (-29.4%)
GA search time: 9.86s, candidates: 286
  [iter  58/100] search_obj=1.0337  search_best=1.0027  validation_best=0.9994  EI=0.0086  rnum=87.0  len=26  syn_rate=0.24  mean=0.9727  worsen=31.00%  highvar=29.00%
                 search_train: vs_none=0.876 (+12.4%)  vs_oz=0.973 (+2.7%)  vs_o3=1.200 (-20.0%)
                 validation:   vs_none=0.839 (+16.1%)  vs_oz=0.961 (+3.9%)  vs_o3=1.243 (-24.3%)
GA search time: 9.79s, candidates: 285
  [iter  59/100] search_obj=1.0040  search_best=1.0027  validation_best=0.9994  EI=0.0073  rnum=85.2  len=22  syn_rate=0.22  mean=0.9620  worsen=19.00%  highvar=27.00%
                 search_train: vs_none=0.863 (+13.7%)  vs_oz=0.962 (+3.8%)  vs_o3=1.192 (-19.2%)
                 validation:   vs_none=0.841 (+15.9%)  vs_oz=0.968 (+3.2%)  vs_o3=1.256 (-25.6%)
GA search time: 8.46s, candidates: 283
  [iter  60/100] search_obj=1.0617  search_best=1.0027  validation_best=0.9994  EI=0.0107  rnum=83.5  len=37  syn_rate=0.25  mean=0.9917  worsen=40.00%  highvar=20.00%
                 search_train: vs_none=0.891 (+10.9%)  vs_oz=0.992 (+0.8%)  vs_o3=1.224 (-22.4%)
                 validation:   vs_none=0.854 (+14.6%)  vs_oz=0.984 (+1.6%)  vs_o3=1.278 (-27.8%)
GA search time: 13.05s, candidates: 281
  [iter  61/100] search_obj=1.0751  search_best=1.0027  validation_best=0.9994  EI=0.0108  rnum=81.7  len=43  syn_rate=0.32  mean=1.0021  worsen=40.00%  highvar=26.00%
                 search_train: vs_none=0.903 (+9.7%)  vs_oz=1.002 (-0.2%)  vs_o3=1.231 (-23.1%)
                 validation:   vs_none=0.854 (+14.6%)  vs_oz=0.981 (+1.9%)  vs_o3=1.270 (-27.0%)
GA search time: 11.23s, candidates: 280
  [iter  62/100] search_obj=1.0453  search_best=1.0027  validation_best=0.9994  EI=0.0085  rnum=80.0  len=32  syn_rate=0.34  mean=0.9818  worsen=35.00%  highvar=22.00%
                 search_train: vs_none=0.881 (+11.9%)  vs_oz=0.982 (+1.8%)  vs_o3=1.213 (-21.3%)
                 validation:   vs_none=0.868 (+13.2%)  vs_oz=0.998 (+0.2%)  vs_o3=1.290 (-29.0%)
GA search time: 11.40s, candidates: 278
  [iter  63/100] search_obj=1.0407  search_best=1.0027  validation_best=0.9994  EI=0.0108  rnum=78.4  len=21  syn_rate=0.18  mean=0.9782  worsen=33.00%  highvar=26.00%
                 search_train: vs_none=0.879 (+12.1%)  vs_oz=0.978 (+2.2%)  vs_o3=1.206 (-20.6%)
                 validation:   vs_none=0.857 (+14.3%)  vs_oz=0.985 (+1.5%)  vs_o3=1.274 (-27.4%)
GA search time: 8.99s, candidates: 276
  [iter  64/100] search_obj=1.0423  search_best=1.0027  validation_best=0.9994  EI=0.0104  rnum=76.7  len=29  syn_rate=0.24  mean=0.9803  worsen=34.00%  highvar=22.00%
                 search_train: vs_none=0.882 (+11.8%)  vs_oz=0.980 (+2.0%)  vs_o3=1.208 (-20.8%)
                 validation:   vs_none=0.855 (+14.5%)  vs_oz=0.984 (+1.6%)  vs_o3=1.273 (-27.3%)
GA search time: 10.64s, candidates: 275
  [iter  65/100] search_obj=1.0580  search_best=1.0027  validation_best=0.9994  EI=0.0063  rnum=75.1  len=26  syn_rate=0.25  mean=0.9850  worsen=43.00%  highvar=17.00%
                 search_train: vs_none=0.887 (+11.3%)  vs_oz=0.985 (+1.5%)  vs_o3=1.204 (-20.4%)
                 validation:   vs_none=0.860 (+14.0%)  vs_oz=0.993 (+0.7%)  vs_o3=1.289 (-28.9%)
GA search time: 12.67s, candidates: 273
  [iter  66/100] search_obj=1.0380  search_best=1.0027  validation_best=0.9994  EI=0.0075  rnum=73.4  len=32  syn_rate=0.30  mean=0.9750  worsen=34.00%  highvar=24.00%
                 search_train: vs_none=0.875 (+12.5%)  vs_oz=0.975 (+2.5%)  vs_o3=1.207 (-20.7%)
                 validation:   vs_none=0.869 (+13.1%)  vs_oz=0.999 (+0.1%)  vs_o3=1.294 (-29.4%)
GA search time: 11.92s, candidates: 271
  [iter  67/100] search_obj=1.0214  search_best=1.0027  validation_best=0.9994  EI=0.0067  rnum=71.8  len=32  syn_rate=0.23  mean=0.9709  worsen=26.00%  highvar=23.00%
                 search_train: vs_none=0.873 (+12.7%)  vs_oz=0.971 (+2.9%)  vs_o3=1.190 (-19.0%)
                 validation:   vs_none=0.859 (+14.1%)  vs_oz=0.993 (+0.7%)  vs_o3=1.293 (-29.3%)
GA search time: 12.05s, candidates: 270
  [iter  68/100] search_obj=1.0341  search_best=1.0027  validation_best=0.9994  EI=0.0064  rnum=70.3  len=46  syn_rate=0.39  mean=0.9761  worsen=33.00%  highvar=17.00%
                 search_train: vs_none=0.877 (+12.3%)  vs_oz=0.976 (+2.4%)  vs_o3=1.204 (-20.4%)
                 validation:   vs_none=0.861 (+13.9%)  vs_oz=0.989 (+1.1%)  vs_o3=1.277 (-27.7%)
GA search time: 7.94s, candidates: 268
  [iter  69/100] search_obj=1.0263  search_best=1.0027  validation_best=0.9994  EI=0.0075  rnum=68.7  len=30  syn_rate=0.22  mean=0.9713  worsen=31.00%  highvar=17.00%
                 search_train: vs_none=0.875 (+12.5%)  vs_oz=0.971 (+2.9%)  vs_o3=1.190 (-19.0%)
                 validation:   vs_none=0.847 (+15.3%)  vs_oz=0.981 (+1.9%)  vs_o3=1.277 (-27.7%)
GA search time: 7.50s, candidates: 267
  [iter  70/100] search_obj=1.0086  search_best=1.0027  validation_best=0.9994  EI=0.0072  rnum=67.2  len=19  syn_rate=0.13  mean=0.9651  worsen=23.00%  highvar=18.00%
                 search_train: vs_none=0.868 (+13.2%)  vs_oz=0.965 (+3.5%)  vs_o3=1.183 (-18.3%)
                 validation:   vs_none=0.854 (+14.6%)  vs_oz=0.986 (+1.4%)  vs_o3=1.282 (-28.2%)
GA search time: 6.38s, candidates: 265
  [iter  71/100] search_obj=1.0023  search_best=1.0023  validation_best=0.9994  EI=0.0060  rnum=65.7  len=18  syn_rate=0.12  mean=0.9553  worsen=24.00%  highvar=22.00%
                 search_train: vs_none=0.858 (+14.2%)  vs_oz=0.955 (+4.5%)  vs_o3=1.173 (-17.3%)
                 validation:   vs_none=0.850 (+15.0%)  vs_oz=0.983 (+1.7%)  vs_o3=1.280 (-28.0%)
GA search time: 5.26s, candidates: 264
  [iter  72/100] search_obj=1.0328  search_best=1.0023  validation_best=0.9994  EI=0.0063  rnum=64.2  len=16  syn_rate=0.12  mean=0.9748  worsen=31.00%  highvar=23.00%
                 search_train: vs_none=0.880 (+12.0%)  vs_oz=0.975 (+2.5%)  vs_o3=1.192 (-19.2%)
                 validation:   vs_none=0.852 (+14.8%)  vs_oz=0.987 (+1.3%)  vs_o3=1.288 (-28.8%)
GA search time: 8.65s, candidates: 262
  [iter  73/100] search_obj=1.0147  search_best=1.0023  validation_best=0.9994  EI=0.0062  rnum=62.7  len=18  syn_rate=0.13  mean=0.9627  worsen=26.00%  highvar=26.00%
                 search_train: vs_none=0.866 (+13.4%)  vs_oz=0.963 (+3.7%)  vs_o3=1.181 (-18.1%)
                 validation:   vs_none=0.855 (+14.5%)  vs_oz=0.987 (+1.3%)  vs_o3=1.282 (-28.2%)
GA search time: 8.79s, candidates: 261
  [iter  74/100] search_obj=1.0212  search_best=1.0023  validation_best=0.9994  EI=0.0102  rnum=61.3  len=19  syn_rate=0.13  mean=0.9662  worsen=29.00%  highvar=23.00%
                 search_train: vs_none=0.869 (+13.1%)  vs_oz=0.966 (+3.4%)  vs_o3=1.184 (-18.4%)
                 validation:   vs_none=0.857 (+14.3%)  vs_oz=0.989 (+1.1%)  vs_o3=1.285 (-28.5%)
GA search time: 9.57s, candidates: 259
  [iter  75/100] search_obj=1.0617  search_best=1.0023  validation_best=0.9994  EI=0.0073  rnum=59.8  len=12  syn_rate=0.14  mean=0.9882  worsen=42.00%  highvar=21.00%
                 search_train: vs_none=0.890 (+11.0%)  vs_oz=0.988 (+1.2%)  vs_o3=1.219 (-21.9%)
                 validation:   vs_none=0.856 (+14.4%)  vs_oz=0.977 (+2.3%)  vs_o3=1.254 (-25.4%)
GA search time: 12.39s, candidates: 258
  [iter  76/100] search_obj=1.0478  search_best=1.0023  validation_best=0.9994  EI=0.0048  rnum=58.4  len=66  syn_rate=0.45  mean=0.9788  worsen=36.00%  highvar=30.00%
                 search_train: vs_none=0.881 (+11.9%)  vs_oz=0.979 (+2.1%)  vs_o3=1.198 (-19.8%)
                 validation:   vs_none=0.855 (+14.5%)  vs_oz=0.989 (+1.1%)  vs_o3=1.287 (-28.7%)
GA search time: 5.49s, candidates: 257
  [iter  77/100] search_obj=1.0317  search_best=1.0023  validation_best=0.9994  EI=0.0046  rnum=57.0  len=17  syn_rate=0.21  mean=0.9777  worsen=28.00%  highvar=24.00%
                 search_train: vs_none=0.880 (+12.0%)  vs_oz=0.978 (+2.2%)  vs_o3=1.207 (-20.7%)
                 validation:   vs_none=0.845 (+15.5%)  vs_oz=0.968 (+3.2%)  vs_o3=1.248 (-24.8%)
GA search time: 10.29s, candidates: 255
  [iter  78/100] search_obj=1.0369  search_best=1.0023  validation_best=0.9994  EI=0.0056  rnum=55.7  len=39  syn_rate=0.19  mean=0.9724  worsen=34.00%  highvar=27.00%
                 search_train: vs_none=0.875 (+12.5%)  vs_oz=0.972 (+2.8%)  vs_o3=1.191 (-19.1%)
                 validation:   vs_none=0.862 (+13.8%)  vs_oz=0.994 (+0.6%)  vs_o3=1.290 (-29.0%)
GA search time: 5.44s, candidates: 254
  [iter  79/100] search_obj=1.0502  search_best=1.0023  validation_best=0.9994  EI=0.0056  rnum=54.3  len=27  syn_rate=0.18  mean=0.9822  worsen=39.00%  highvar=19.00%
                 search_train: vs_none=0.888 (+11.2%)  vs_oz=0.982 (+1.8%)  vs_o3=1.200 (-20.0%)
                 validation:   vs_none=0.849 (+15.1%)  vs_oz=0.984 (+1.6%)  vs_o3=1.285 (-28.5%)
GA search time: 7.75s, candidates: 253
  [iter  80/100] search_obj=1.0342  search_best=1.0023  validation_best=0.9994  EI=0.0040  rnum=53.0  len=27  syn_rate=0.19  mean=0.9802  worsen=29.00%  highvar=21.00%
                 search_train: vs_none=0.881 (+11.9%)  vs_oz=0.980 (+2.0%)  vs_o3=1.209 (-20.9%)
                 validation:   vs_none=0.839 (+16.1%)  vs_oz=0.967 (+3.3%)  vs_o3=1.255 (-25.5%)
GA search time: 6.02s, candidates: 251
  [iter  81/100] search_obj=1.0113  search_best=1.0023  validation_best=0.9994  EI=0.0039  rnum=51.7  len=33  syn_rate=0.16  mean=0.9608  worsen=27.00%  highvar=20.00%
                 search_train: vs_none=0.864 (+13.6%)  vs_oz=0.961 (+3.9%)  vs_o3=1.179 (-17.9%)
                 validation:   vs_none=0.862 (+13.8%)  vs_oz=0.995 (+0.5%)  vs_o3=1.291 (-29.1%)
GA search time: 7.00s, candidates: 250
  [iter  82/100] search_obj=1.0314  search_best=1.0023  validation_best=0.9994  EI=0.0057  rnum=50.5  len=27  syn_rate=0.16  mean=0.9754  worsen=32.00%  highvar=16.00%
                 search_train: vs_none=0.878 (+12.2%)  vs_oz=0.975 (+2.5%)  vs_o3=1.195 (-19.5%)
                 validation:   vs_none=0.858 (+14.2%)  vs_oz=0.992 (+0.8%)  vs_o3=1.289 (-28.9%)
GA search time: 4.92s, candidates: 249
  [iter  83/100] search_obj=1.0473  search_best=1.0023  validation_best=0.9994  EI=0.0047  rnum=49.2  len=41  syn_rate=0.38  mean=0.9783  worsen=39.00%  highvar=21.00%
                 search_train: vs_none=0.880 (+12.0%)  vs_oz=0.978 (+2.2%)  vs_o3=1.198 (-19.8%)
                 validation:   vs_none=0.856 (+14.4%)  vs_oz=0.990 (+1.0%)  vs_o3=1.288 (-28.8%)
GA search time: 2.96s, candidates: 247
  [iter  84/100] search_obj=1.0313  search_best=1.0023  validation_best=0.9994  EI=0.0039  rnum=48.0  len=19  syn_rate=0.20  mean=0.9758  worsen=29.00%  highvar=24.00%
                 search_train: vs_none=0.878 (+12.2%)  vs_oz=0.976 (+2.4%)  vs_o3=1.204 (-20.4%)
                 validation:   vs_none=0.855 (+14.5%)  vs_oz=0.976 (+2.4%)  vs_o3=1.254 (-25.4%)
GA search time: 3.24s, candidates: 246
  [iter  85/100] search_obj=1.0406  search_best=1.0023  validation_best=0.9994  EI=0.0046  rnum=46.8  len=39  syn_rate=0.32  mean=0.9726  worsen=38.00%  highvar=22.00%
                 search_train: vs_none=0.878 (+12.2%)  vs_oz=0.973 (+2.7%)  vs_o3=1.189 (-18.9%)
                 validation:   vs_none=0.852 (+14.8%)  vs_oz=0.985 (+1.5%)  vs_o3=1.284 (-28.4%)
GA search time: 5.77s, candidates: 245
  [iter  86/100] search_obj=1.0436  search_best=1.0023  validation_best=0.9994  EI=0.0039  rnum=45.6  len=21  syn_rate=0.15  mean=0.9806  worsen=34.00%  highvar=24.00%
                 search_train: vs_none=0.886 (+11.4%)  vs_oz=0.981 (+1.9%)  vs_o3=1.196 (-19.6%)
                 validation:   vs_none=0.858 (+14.2%)  vs_oz=0.993 (+0.7%)  vs_o3=1.295 (-29.5%)
GA search time: 10.79s, candidates: 244
  [iter  87/100] search_obj=1.0447  search_best=1.0023  validation_best=0.9994  EI=0.0038  rnum=44.4  len=24  syn_rate=0.30  mean=0.9802  worsen=37.00%  highvar=18.00%
                 search_train: vs_none=0.882 (+11.8%)  vs_oz=0.980 (+2.0%)  vs_o3=1.209 (-20.9%)
                 validation:   vs_none=0.853 (+14.7%)  vs_oz=0.977 (+2.3%)  vs_o3=1.264 (-26.4%)
GA search time: 2.73s, candidates: 243
  [iter  88/100] search_obj=1.0415  search_best=1.0023  validation_best=0.9994  EI=0.0039  rnum=43.3  len=18  syn_rate=0.22  mean=0.9765  worsen=36.00%  highvar=22.00%
                 search_train: vs_none=0.878 (+12.2%)  vs_oz=0.976 (+2.4%)  vs_o3=1.206 (-20.6%)
                 validation:   vs_none=0.853 (+14.7%)  vs_oz=0.974 (+2.6%)  vs_o3=1.251 (-25.1%)
GA search time: 3.96s, candidates: 242
  [iter  89/100] search_obj=1.0243  search_best=1.0023  validation_best=0.9994  EI=0.0039  rnum=42.2  len=19  syn_rate=0.14  mean=0.9668  worsen=31.00%  highvar=22.00%
                 search_train: vs_none=0.869 (+13.1%)  vs_oz=0.967 (+3.3%)  vs_o3=1.184 (-18.4%)
                 validation:   vs_none=0.868 (+13.2%)  vs_oz=1.001 (-0.1%)  vs_o3=1.296 (-29.6%)
GA search time: 7.20s, candidates: 241
  [iter  90/100] search_obj=1.0214  search_best=1.0023  validation_best=0.9994  EI=0.0029  rnum=41.1  len=24  syn_rate=0.28  mean=0.9679  worsen=29.00%  highvar=20.00%
                 search_train: vs_none=0.871 (+12.9%)  vs_oz=0.968 (+3.2%)  vs_o3=1.187 (-18.7%)
                 validation:   vs_none=0.858 (+14.2%)  vs_oz=0.992 (+0.8%)  vs_o3=1.292 (-29.2%)
GA search time: 1.93s, candidates: 239
  [iter  91/100] search_obj=1.0793  search_best=1.0023  validation_best=0.9994  EI=0.0050  rnum=40.0  len=19  syn_rate=0.16  mean=1.0048  worsen=42.00%  highvar=23.00%
                 search_train: vs_none=0.898 (+10.2%)  vs_oz=1.005 (-0.5%)  vs_o3=1.244 (-24.4%)
                 validation:   vs_none=0.885 (+11.5%)  vs_oz=1.031 (-3.1%)  vs_o3=1.357 (-35.7%)
GA search time: 4.65s, candidates: 238
  [iter  92/100] search_obj=1.0329  search_best=1.0023  validation_best=0.9994  EI=0.0047  rnum=38.9  len=20  syn_rate=0.20  mean=0.9709  worsen=33.00%  highvar=25.00%
                 search_train: vs_none=0.873 (+12.7%)  vs_oz=0.971 (+2.9%)  vs_o3=1.190 (-19.0%)
                 validation:   vs_none=0.870 (+13.0%)  vs_oz=1.007 (-0.7%)  vs_o3=1.311 (-31.1%)
GA search time: 6.66s, candidates: 237
  [iter  93/100] search_obj=1.0342  search_best=1.0023  validation_best=0.9994  EI=0.0042  rnum=37.9  len=70  syn_rate=0.50  mean=0.9757  worsen=29.00%  highvar=30.00%
                 search_train: vs_none=0.878 (+12.2%)  vs_oz=0.976 (+2.4%)  vs_o3=1.197 (-19.7%)
                 validation:   vs_none=0.864 (+13.6%)  vs_oz=0.998 (+0.2%)  vs_o3=1.297 (-29.7%)
GA search time: 5.38s, candidates: 236
  [iter  94/100] search_obj=1.0539  search_best=1.0023  validation_best=0.9994  EI=0.0059  rnum=36.9  len=27  syn_rate=0.20  mean=0.9844  worsen=39.00%  highvar=22.00%
                 search_train: vs_none=0.889 (+11.1%)  vs_oz=0.984 (+1.6%)  vs_o3=1.202 (-20.2%)
                 validation:   vs_none=0.865 (+13.5%)  vs_oz=1.000 (-0.0%)  vs_o3=1.301 (-30.1%)
GA search time: 5.36s, candidates: 235
  [iter  95/100] search_obj=1.0362  search_best=1.0023  validation_best=0.9994  EI=0.0049  rnum=35.9  len=20  syn_rate=0.16  mean=0.9762  worsen=33.00%  highvar=21.00%
                 search_train: vs_none=0.879 (+12.1%)  vs_oz=0.976 (+2.4%)  vs_o3=1.194 (-19.4%)
                 validation:   vs_none=0.872 (+12.8%)  vs_oz=1.005 (-0.5%)  vs_o3=1.302 (-30.2%)
GA search time: 6.46s, candidates: 234
  [iter  96/100] search_obj=1.0707  search_best=1.0023  validation_best=0.9994  EI=0.0039  rnum=34.9  len=39  syn_rate=0.37  mean=0.9962  worsen=39.00%  highvar=32.00%
                 search_train: vs_none=0.898 (+10.2%)  vs_oz=0.996 (+0.4%)  vs_o3=1.216 (-21.6%)
                 validation:   vs_none=0.883 (+11.7%)  vs_oz=1.021 (-2.1%)  vs_o3=1.329 (-32.9%)
GA search time: 6.77s, candidates: 233
  [iter  97/100] search_obj=1.0559  search_best=1.0023  validation_best=0.9994  EI=0.0041  rnum=33.9  len=50  syn_rate=0.34  mean=0.9844  worsen=39.00%  highvar=26.00%
                 search_train: vs_none=0.887 (+11.3%)  vs_oz=0.984 (+1.6%)  vs_o3=1.204 (-20.4%)
                 validation:   vs_none=0.883 (+11.7%)  vs_oz=1.021 (-2.1%)  vs_o3=1.328 (-32.8%)
GA search time: 6.64s, candidates: 233
  [iter  98/100] search_obj=1.0560  search_best=1.0023  validation_best=0.9994  EI=0.0033  rnum=33.0  len=64  syn_rate=0.34  mean=0.9845  worsen=41.00%  highvar=20.00%
                 search_train: vs_none=0.887 (+11.3%)  vs_oz=0.985 (+1.5%)  vs_o3=1.204 (-20.4%)
                 validation:   vs_none=0.871 (+12.9%)  vs_oz=1.005 (-0.5%)  vs_o3=1.304 (-30.4%)
GA search time: 4.41s, candidates: 232
  [iter  99/100] search_obj=1.0543  search_best=1.0023  validation_best=0.9994  EI=0.0041  rnum=32.1  len=18  syn_rate=0.17  mean=0.9838  worsen=39.00%  highvar=24.00%
                 search_train: vs_none=0.889 (+11.1%)  vs_oz=0.984 (+1.6%)  vs_o3=1.201 (-20.1%)
                 validation:   vs_none=0.875 (+12.5%)  vs_oz=1.010 (-1.0%)  vs_o3=1.312 (-31.2%)
GA search time: 3.04s, candidates: 231
  [iter 100/100] search_obj=1.0350  search_best=1.0023  validation_best=0.9994  EI=0.0033  rnum=31.2  len=38  syn_rate=0.19  mean=0.9785  worsen=31.00%  highvar=20.00%
                 search_train: vs_none=0.881 (+11.9%)  vs_oz=0.979 (+2.1%)  vs_o3=1.198 (-19.8%)
                 validation:   vs_none=0.870 (+13.0%)  vs_oz=1.004 (-0.4%)  vs_o3=1.301 (-30.1%)

[Step 5] 按 validation 选择最终通用序列...
  选择结果:
    search_train_obj=1.0255, search_train_mean=0.9715, search_train_worsen=29.00%, search_train_highvar=21.00%
    search_train: vs_none=0.875 (+12.5%)  vs_oz=0.971 (+2.9%)  vs_o3=1.200 (-20.0%)
    validation_obj=0.9994, validation_mean=0.9534, validation_worsen=21.00%, validation_highvar=29.00%
    validation:   vs_none=0.833 (+16.7%)  vs_oz=0.953 (+4.7%)  vs_o3=1.229 (-22.9%)

[Step 6] 在 validation 上执行消融后处理...

[Ablation-validation] 初始序列长度: 10, objective: 0.9994, mean_norm: 0.9534, worsen_rate: 21.00%
  移除 [9] function(instsimplify): objective 1.0345 > 0.9994 (恢复)
  移除 [8] function(mem2reg): objective 1.0645 > 0.9994 (恢复)
  移除 [7] cgscc(attributor-cgscc): objective 1.0638 > 0.9994 (恢复)
  移除 [6] function(memcpyopt): objective 1.0557 > 0.9994 (恢复)
  移除 [5] function(newgvn): objective 1.0488 > 0.9994 (恢复)
  移除 [4] function(jump-threading): objective 1.0696 > 0.9994 (恢复)
  移除 [3] module(scc-oz-module-inliner): objective 1.0921 > 0.9994 (恢复)
  移除 [2] module(elim-avail-extern): objective 1.0751 > 0.9994 (恢复)
  移除 [1] function(gvn-sink): objective 1.0484 > 0.9994 (恢复)
  移除 [0] module(attributor): objective 1.0546 > 0.9994 (恢复)
[Ablation-validation] 最终序列长度: 10, objective: 0.9994, mean_norm: 0.9534, worsen_rate: 21.00%, 移除了 0 个 pass
  消融有效: 10 → 10 passes, validation_objective: 0.9994 → 0.9994

最终通用 pass 序列（10 个 pass, syn_rate=0.21）:
  module(attributor) → function(gvn-sink) → module(elim-avail-extern) → module(scc-oz-module-inliner) → function(jump-threading) → function(newgvn) → function(memcpyopt) → cgscc(attributor-cgscc) → function(mem2reg) → function(instsimplify)
  search_train_obj=1.0255, search_train_mean=0.9715, search_train_worsen=29.00%, search_train_highvar=21.00%
  search_train: vs_none=0.875 (+12.5%)  vs_oz=0.971 (+2.9%)  vs_o3=1.200 (-20.0%)
  validation_obj=0.9994, validation_mean=0.9534, validation_worsen=21.00%, validation_highvar=29.00%
  validation:   vs_none=0.833 (+16.7%)  vs_oz=0.953 (+4.7%)  vs_o3=1.229 (-22.9%)
  test_obj=1.0660, test_mean=0.9920, test_worsen=42.00%, test_highvar=22.00%
  test:         vs_none=0.890 (+11.0%)  vs_oz=0.992 (+0.8%)  vs_o3=1.223 (-22.3%)

Top-5 最佳序列（按 validation 多目标 objective 升序）:
  #1: validation_obj=0.9994, validation_mean=0.9534, validation_worsen=21.00%, validation_highvar=29.00%, train_obj=1.0255, train_mean=0.9715, train_highvar=21.00%, len=10, syn_rate=0.21, test_obj=1.0660, test_mean=0.9920, test_worsen=42.00%, test_highvar=22.00%
     module(attributor) → function(gvn-sink) → module(elim-avail-extern) → module(scc-oz-module-inliner) → function(jump-threading) → function(newgvn) → function(memcpyopt) → cgscc(attributor-cgscc) → function(mem2reg) → function(instsimplify)
  #2: validation_obj=1.0113, validation_mean=0.9668, validation_worsen=22.00%, validation_highvar=23.00%, train_obj=1.0342, train_mean=0.9802, train_highvar=21.00%, len=27, syn_rate=0.19, test_obj=1.0545, test_mean=0.9875, test_worsen=38.00%, test_highvar=20.00%
     function(newgvn) → function(mem2reg) → function(gvn-sink) → function(newgvn) → function(jump-threading) → cgscc(attributor-cgscc) → cgscc(attributor-cgscc) → function(jump-threading) → cgscc(attributor-cgscc) → cgscc(attributor-cgscc) → function(newgvn) → function(reassociate) → module(scc-oz-module-inliner) → cgscc(attributor-cgscc) → function(newgvn) → function(gvn-sink) → function(newgvn) → function(gvn-sink) → cgscc(attributor-cgscc) → cgscc(attributor-cgscc) → function(instsimplify) → function(jump-threading) → function(reassociate) → cgscc(attributor-cgscc) → function(jump-threading) → function(jump-threading) → function(instsimplify)
  #3: validation_obj=1.0148, validation_mean=0.9683, validation_worsen=26.00%, validation_highvar=15.00%, train_obj=1.0040, train_mean=0.9620, train_highvar=27.00%, len=22, syn_rate=0.22, test_obj=1.0780, test_mean=0.9940, test_worsen=46.00%, test_highvar=30.00%
     function(memcpyopt) → function(dse) → function(lower-switch) → loop(loop-simplifycfg) → function(newgvn) → function(reassociate) → module(scc-oz-module-inliner) → cgscc(attributor-cgscc) → cgscc(attributor-cgscc) → cgscc(attributor-cgscc) → cgscc(attributor-cgscc) → cgscc(attributor-cgscc) → function(gvn-sink) → function(gvn-sink) → function(instsimplify) → function(instsimplify) → module(globalopt) → function(lower-switch) → function(newgvn) → function(instsimplify) → function(newgvn) → function(dce)
  #4: validation_obj=1.0148, validation_mean=0.9613, validation_worsen=27.00%, validation_highvar=26.00%, train_obj=1.0367, train_mean=0.9762, train_highvar=22.00%, len=6, syn_rate=0.07, test_obj=1.0663, test_mean=0.9923, test_worsen=42.00%, test_highvar=22.00%
     module(elim-avail-extern) → module(iroutliner) → cgscc(attributor-cgscc) → module(scc-oz-module-inliner) → module(globalopt) → function(mem2reg)
  #5: validation_obj=1.0185, validation_mean=0.9675, validation_worsen=26.00%, validation_highvar=24.00%, train_obj=1.0447, train_mean=0.9807, train_highvar=20.00%, len=17, syn_rate=0.42, test_obj=1.0630, test_mean=0.9910, test_worsen=42.00%, test_highvar=18.00%
     module(elim-avail-extern) → module(globalopt) → cgscc(attributor-cgscc) → cgscc(attributor-cgscc) → module(scc-oz-module-inliner) → function(mem2reg) → function(instsimplify) → module(iroutliner) → function(reassociate) → function(memcpyopt) → function(gvn-hoist) → function(dce) → function(jump-threading) → module(globalopt) → module(attributor) → module(scc-oz-module-inliner) → function(dse)

============================================================
所有轮次中最优 validation objective: 0.9994
最优通用 pass 序列 (10 passes):
  module(attributor) → function(gvn-sink) → module(elim-avail-extern) → module(scc-oz-module-inliner) → function(jump-threading) → function(newgvn) → function(memcpyopt) → cgscc(attributor-cgscc) → function(mem2reg) → function(instsimplify)
  search_train_obj=1.0255, search_train_mean=0.9715, search_train_worsen=29.00%, search_train_highvar=21.00%
  search_train: vs_none=0.875 (+12.5%)  vs_oz=0.971 (+2.9%)  vs_o3=1.200 (-20.0%)
  validation_obj=0.9994, validation_mean=0.9534, validation_worsen=21.00%, validation_highvar=29.00%
  validation:   vs_none=0.833 (+16.7%)  vs_oz=0.953 (+4.7%)  vs_o3=1.229 (-22.9%)
  test_obj=1.0660, test_mean=0.9920, test_worsen=42.00%, test_highvar=22.00%
  test:         vs_none=0.890 (+11.0%)  vs_oz=0.992 (+0.8%)  vs_o3=1.223 (-22.3%)
固定参考基线（相对 []）:
  search_train: []=1.000 (+0.0%)  -Oz=0.900 (+10.0%)  -O3=0.813 (+18.7%)
  validation: []=1.000 (+0.0%)  -Oz=0.870 (+13.0%)  -O3=0.765 (+23.5%)
  test: []=1.000 (+0.0%)  -Oz=0.897 (+10.3%)  -O3=0.807 (+19.3%)
结果已写入: /root/exp/RFunipassLab/results/runtime/summaries/20260413_221921_490713_runtime_feature_lite.json
总运行时间: 24459.90 秒
