# run_id: 20260510_142027_843602_feature_lite_seed456
# name: feature_lite
# group: feature_ablation
# description: 切换到 Lite 特征编码，保留其余搜索流程不变。
# changed: FEATURE_MODE=lite, GA_GEN=5, GA_POP=200, ITERS=100, MAX_SEQ_LEN=120, MIN_VAL_PROGRAMS=5, SEED_TOPK=0, TEST_TOPK=50, TRAIN_TOPK=200, VAL_RATIO=0.5
# result_json: /root/exp/RFunipassLab/results/instrcount/summaries/20260510_142027_843602_feature_lite_seed456.json
# started_at: 2026-05-10T14:20:27
# control_env:
#   BACKEND_OPT_LEVEL=-O0
#   BINARY_SIZE_METRIC=stripped_file_bytes
#   BINARY_SIZE_REPORT_METRICS=text_bytes,data_bytes,bss_bytes,dec_bytes
#   DECAY=0.5
#   EXPERIMENT_SEED=456
#   FEATURE_MODE=lite
#   GA_ELITE=0.1
#   GA_GEN=5
#   GA_MUT=0.8
#   GA_POP=200
#   GA_TOUR=3
#   ITERS=100
#   LOOP_NESTING_POLICY=wrap
#   MAX_SEQ_LEN=120
#   MIN_VAL_PROGRAMS=5
#   OBJECTIVE_BASELINE=oz
#   OBJECTIVE_KIND=instrcount
#   OBJ_HIGHVAR_W=0.0
#   OBJ_WORSEN_W=0.60
#   OFFSET=20
#   PROGRAM_POOL_KIND=auto
#   RF_EXPLAIN_COUNTERFACTUAL_ENABLE=1
#   RF_EXPLAIN_COUNTERFACTUAL_MAX_EVALS=50
#   RF_EXPLAIN_COUNTERFACTUAL_SPLIT=selection
#   RF_EXPLAIN_COUNTERFACTUAL_TOPK=5
#   RF_EXPLAIN_ENABLE=0
#   RF_EXPLAIN_HOLDOUT_RATIO=0.3
#   RF_EXPLAIN_MIN_SAMPLES=20
#   RF_EXPLAIN_MODE=final
#   RF_EXPLAIN_PERM_REPEATS=10
#   RF_EXPLAIN_TOPK=20
#   RNUM=256
#   RUNS=1
#   RUNTIME_EVAL_MAX_VARIANCE_PCT=15.0
#   RUNTIME_MAX_INNER_REPEATS=64
#   RUNTIME_MAX_VARIANCE_PCT=10.0
#   RUNTIME_REQUIRED_ROWS=0
#   RUNTIME_SAMPLES=5
#   RUNTIME_TARGET_SAMPLE_MS=30.0
#   RUNTIME_TIMEOUT_SEC=2.0
#   SCALE=10
#   SEED_TOPK=0
#   SPLIT_SEED=456
#   TEST_TOPK=50
#   TRAIN_TOPK=200
#   VAL_RATIO=0.5

Loading train/test rows from: /root/exp/RFunipassLab/data/tuning_results.csv
Loaded train programs:       200
Loaded initial seed seqs:    86
Loaded test programs:        50
Objective kind:              instrcount
Program pool kind:           tuning

Loading synergy graph from: /root/exp/RFunipassLab/data/Step3_EnumeratedPairs.csv
All passes (19): ['module(elim-avail-extern)', 'module(globalopt)', 'cgscc(attributor-cgscc)', 'module(scc-oz-module-inliner)', 'function(mem2reg)', 'function(instsimplify)', 'module(iroutliner)', 'function(reassociate)', 'function(memcpyopt)', 'function(gvn-hoist)', 'function(dce)', 'function(jump-threading)', 'module(attributor)', 'function(dse)', 'function(newgvn)', 'function(gvn-sink)', 'module(inferattrs)', 'loop(loop-simplifycfg)', 'function(lower-switch)']
Synergy edges: 176
Self-loop passes: {'function(newgvn)', 'module(attributor)', 'cgscc(attributor-cgscc)'}

============================================================
实验轮次 1 / 1
============================================================
============================================================
目标类型:      instrcount
目标基准:      -Oz
基准指标:      -Oz 基准指令数
优化指标:      归一化指令数
输入程序数:    200
输入次优序列数: 86
测试程序数:    50
Pass 词表大小: 19
协同边数:      176
自环 pass 数:  3
序列长度上限:  120
Loop 合法化策略: wrap
实验种子:      456
划分种子:      456
特征模式:      lite
RF 特征维度:   31
词表: ['module(elim-avail-extern)', 'module(globalopt)', 'cgscc(attributor-cgscc)', 'module(scc-oz-module-inliner)', 'function(mem2reg)', 'function(instsimplify)', 'module(iroutliner)', 'function(reassociate)', 'function(memcpyopt)', 'function(gvn-hoist)', 'function(dce)', 'function(jump-threading)', 'module(attributor)', 'function(dse)', 'function(newgvn)', 'function(gvn-sink)', 'module(inferattrs)', 'loop(loop-simplifycfg)', 'function(lower-switch)']
多目标权重:    mean=1.0, worsen=0.6, highvar=0.0

[Step 1.5] 训练程序切分...
  search_train 程序数: 100
  validation 程序数:   100
  split_signature(search_train): 3ad90166bf9bd1af93680f15067615fd4f341481
  split_signature(validation):   bd5a000b3f740ace9576f4dfa0d99ceaf5cd6247
  split_signature(test):         42411d4d4c9d084430c688042fea453b6b352eea

[Step 2] 计算 search_train 程序 -Oz 基准指令数...
[Step 2b] 计算 validation 程序 -Oz 基准指令数...
[Step 2c] 计算测试集程序 -Oz 基准指令数...

[Step 3] 评估初始 seed 序列（共 86 条）...

[Step 4] 开始贝叶斯优化（100 轮）...
GA search time: 7.75s, candidates: 368
  [iter   1/100] search_obj=0.8425  search_best=0.8425  validation_best=0.8774  EI=0.0198  rnum=168.4  len=21  syn_rate=0.43  mean=0.7945  worsen=8.00%  highvar=0.00%
GA search time: 11.79s, candidates: 366
  [iter   2/100] search_obj=1.6418  search_best=0.8425  validation_best=0.8774  EI=0.0211  rnum=166.3  len=25  syn_rate=0.40  mean=1.1258  worsen=86.00%  highvar=0.00%
GA search time: 14.39s, candidates: 364
  [iter   3/100] search_obj=1.6192  search_best=0.8425  validation_best=0.8774  EI=0.0355  rnum=164.2  len=49  syn_rate=0.56  mean=1.1212  worsen=83.00%  highvar=0.00%
GA search time: 4.98s, candidates: 362
  [iter   4/100] search_obj=1.0178  search_best=0.8425  validation_best=0.8774  EI=0.0350  rnum=162.0  len=26  syn_rate=0.68  mean=0.9338  worsen=14.00%  highvar=0.00%
GA search time: 4.43s, candidates: 359
  [iter   5/100] search_obj=0.8563  search_best=0.8425  validation_best=0.8774  EI=0.0319  rnum=159.9  len=18  syn_rate=0.31  mean=0.8023  worsen=9.00%  highvar=0.00%
GA search time: 4.41s, candidates: 357
  [iter   6/100] search_obj=0.9285  search_best=0.8425  validation_best=0.8774  EI=0.0285  rnum=157.7  len=34  syn_rate=0.52  mean=0.8685  worsen=10.00%  highvar=0.00%
GA search time: 4.18s, candidates: 355
  [iter   7/100] search_obj=0.9217  search_best=0.8425  validation_best=0.8774  EI=0.0338  rnum=155.6  len=25  syn_rate=0.40  mean=0.8557  worsen=11.00%  highvar=0.00%
GA search time: 4.72s, candidates: 353
  [iter   8/100] search_obj=0.8515  search_best=0.8425  validation_best=0.8774  EI=0.0376  rnum=153.4  len=25  syn_rate=0.47  mean=0.7975  worsen=9.00%  highvar=0.00%
GA search time: 4.58s, candidates: 351
  [iter   9/100] search_obj=1.6203  search_best=0.8425  validation_best=0.8774  EI=0.0437  rnum=151.3  len=25  syn_rate=0.39  mean=1.1223  worsen=83.00%  highvar=0.00%
GA search time: 3.89s, candidates: 349
  [iter  10/100] search_obj=1.6218  search_best=0.8425  validation_best=0.8774  EI=0.0437  rnum=149.1  len=21  syn_rate=0.36  mean=1.1238  worsen=83.00%  highvar=0.00%
GA search time: 6.14s, candidates: 346
  [iter  11/100] search_obj=0.8515  search_best=0.8425  validation_best=0.8774  EI=0.0455  rnum=147.0  len=26  syn_rate=0.44  mean=0.7975  worsen=9.00%  highvar=0.00%
GA search time: 5.15s, candidates: 344
  [iter  12/100] search_obj=1.6203  search_best=0.8425  validation_best=0.8774  EI=0.0544  rnum=144.8  len=26  syn_rate=0.42  mean=1.1223  worsen=83.00%  highvar=0.00%
GA search time: 4.80s, candidates: 342
  [iter  13/100] search_obj=0.8933  search_best=0.8425  validation_best=0.8774  EI=0.0507  rnum=142.7  len=27  syn_rate=0.53  mean=0.8273  worsen=11.00%  highvar=0.00%
GA search time: 5.53s, candidates: 340
  [iter  14/100] search_obj=0.8260  search_best=0.8260  validation_best=0.8774  EI=0.0511  rnum=140.5  len=26  syn_rate=0.50  mean=0.7900  worsen=6.00%  highvar=0.00%
GA search time: 4.38s, candidates: 338
  [iter  15/100] search_obj=0.8459  search_best=0.8260  validation_best=0.8774  EI=0.0529  rnum=138.4  len=25  syn_rate=0.48  mean=0.7979  worsen=8.00%  highvar=0.00%
GA search time: 4.50s, candidates: 336
  [iter  16/100] search_obj=0.8260  search_best=0.8260  validation_best=0.8774  EI=0.0560  rnum=136.3  len=26  syn_rate=0.45  mean=0.7900  worsen=6.00%  highvar=0.00%
GA search time: 3.86s, candidates: 334
  [iter  17/100] search_obj=1.4841  search_best=0.8260  validation_best=0.8774  EI=0.0449  rnum=134.2  len=26  syn_rate=0.53  mean=1.0641  worsen=70.00%  highvar=0.00%
GA search time: 3.28s, candidates: 332
  [iter  18/100] search_obj=1.6181  search_best=0.8260  validation_best=0.8774  EI=0.0452  rnum=132.1  len=39  syn_rate=0.51  mean=1.1201  worsen=83.00%  highvar=0.00%
GA search time: 4.29s, candidates: 329
  [iter  19/100] search_obj=1.4864  search_best=0.8260  validation_best=0.8774  EI=0.0447  rnum=130.0  len=30  syn_rate=0.46  mean=1.0724  worsen=69.00%  highvar=0.00%
GA search time: 2.81s, candidates: 327
  [iter  20/100] search_obj=1.1590  search_best=0.8260  validation_best=0.8774  EI=0.0442  rnum=127.9  len=22  syn_rate=0.35  mean=1.0390  worsen=20.00%  highvar=0.00%
GA search time: 3.46s, candidates: 325
  [iter  21/100] search_obj=0.8459  search_best=0.8260  validation_best=0.8774  EI=0.0579  rnum=125.8  len=26  syn_rate=0.48  mean=0.7979  worsen=8.00%  highvar=0.00%
GA search time: 2.85s, candidates: 323
  [iter  22/100] search_obj=1.4575  search_best=0.8260  validation_best=0.8774  EI=0.0423  rnum=123.7  len=30  syn_rate=0.43  mean=1.0915  worsen=61.00%  highvar=0.00%
GA search time: 3.27s, candidates: 321
  [iter  23/100] search_obj=0.8326  search_best=0.8260  validation_best=0.8774  EI=0.0529  rnum=121.6  len=24  syn_rate=0.43  mean=0.7906  worsen=7.00%  highvar=0.00%
GA search time: 2.32s, candidates: 319
  [iter  24/100] search_obj=1.4894  search_best=0.8260  validation_best=0.8774  EI=0.0460  rnum=119.6  len=24  syn_rate=0.51  mean=1.1594  worsen=55.00%  highvar=0.00%
GA search time: 2.17s, candidates: 317
  [iter  25/100] search_obj=0.8520  search_best=0.8260  validation_best=0.8774  EI=0.0498  rnum=117.5  len=25  syn_rate=0.44  mean=0.7980  worsen=9.00%  highvar=0.00%
GA search time: 3.12s, candidates: 315
  [iter  26/100] search_obj=0.9540  search_best=0.8260  validation_best=0.8774  EI=0.0442  rnum=115.5  len=19  syn_rate=0.38  mean=0.9000  worsen=9.00%  highvar=0.00%
GA search time: 2.81s, candidates: 313
  [iter  27/100] search_obj=0.8374  search_best=0.8260  validation_best=0.8725  EI=0.0488  rnum=113.5  len=24  syn_rate=0.46  mean=0.7954  worsen=7.00%  highvar=0.00%
GA search time: 1.92s, candidates: 311
  [iter  28/100] search_obj=1.4217  search_best=0.8260  validation_best=0.8725  EI=0.0549  rnum=111.5  len=26  syn_rate=0.43  mean=1.0197  worsen=67.00%  highvar=0.00%
GA search time: 3.43s, candidates: 309
  [iter  29/100] search_obj=0.8308  search_best=0.8260  validation_best=0.8725  EI=0.0484  rnum=109.5  len=26  syn_rate=0.52  mean=0.7888  worsen=7.00%  highvar=0.00%
GA search time: 2.51s, candidates: 307
  [iter  30/100] search_obj=1.6202  search_best=0.8260  validation_best=0.8725  EI=0.0498  rnum=107.6  len=26  syn_rate=0.44  mean=1.1222  worsen=83.00%  highvar=0.00%
GA search time: 3.92s, candidates: 305
  [iter  31/100] search_obj=0.7979  search_best=0.7979  validation_best=0.8285  EI=0.0403  rnum=105.6  len=39  syn_rate=0.53  mean=0.7559  worsen=7.00%  highvar=0.00%
GA search time: 6.54s, candidates: 303
  [iter  32/100] search_obj=1.0365  search_best=0.7979  validation_best=0.8285  EI=0.0495  rnum=103.7  len=57  syn_rate=0.53  mean=0.8805  worsen=26.00%  highvar=0.00%
GA search time: 4.83s, candidates: 301
  [iter  33/100] search_obj=0.9720  search_best=0.7979  validation_best=0.8285  EI=0.0364  rnum=101.7  len=64  syn_rate=0.56  mean=0.8040  worsen=28.00%  highvar=0.00%
GA search time: 4.64s, candidates: 299
  [iter  34/100] search_obj=0.8520  search_best=0.7979  validation_best=0.8285  EI=0.0345  rnum=99.8  len=27  syn_rate=0.45  mean=0.7980  worsen=9.00%  highvar=0.00%
GA search time: 4.12s, candidates: 297
  [iter  35/100] search_obj=1.6113  search_best=0.7979  validation_best=0.8285  EI=0.0500  rnum=97.9  len=26  syn_rate=0.44  mean=1.1193  worsen=82.00%  highvar=0.00%
GA search time: 4.24s, candidates: 296
  [iter  36/100] search_obj=1.4592  search_best=0.7979  validation_best=0.8285  EI=0.0345  rnum=96.1  len=45  syn_rate=0.46  mean=1.0392  worsen=70.00%  highvar=0.00%
GA search time: 3.79s, candidates: 294
  [iter  37/100] search_obj=1.4662  search_best=0.7979  validation_best=0.8285  EI=0.0401  rnum=94.2  len=28  syn_rate=0.45  mean=1.0462  worsen=70.00%  highvar=0.00%
GA search time: 3.48s, candidates: 292
  [iter  38/100] search_obj=0.8395  search_best=0.7979  validation_best=0.8285  EI=0.0427  rnum=92.4  len=23  syn_rate=0.44  mean=0.7975  worsen=7.00%  highvar=0.00%
GA search time: 4.87s, candidates: 290
  [iter  39/100] search_obj=0.7873  search_best=0.7873  validation_best=0.8285  EI=0.0344  rnum=90.5  len=39  syn_rate=0.60  mean=0.7513  worsen=6.00%  highvar=0.00%
GA search time: 4.28s, candidates: 288
  [iter  40/100] search_obj=0.8106  search_best=0.7873  validation_best=0.8285  EI=0.0409  rnum=88.7  len=44  syn_rate=0.62  mean=0.7626  worsen=8.00%  highvar=0.00%
GA search time: 4.86s, candidates: 286
  [iter  41/100] search_obj=0.8085  search_best=0.7873  validation_best=0.8285  EI=0.0488  rnum=87.0  len=47  syn_rate=0.62  mean=0.7605  worsen=8.00%  highvar=0.00%
GA search time: 4.24s, candidates: 285
  [iter  42/100] search_obj=0.8085  search_best=0.7873  validation_best=0.8285  EI=0.0448  rnum=85.2  len=49  syn_rate=0.62  mean=0.7605  worsen=8.00%  highvar=0.00%
GA search time: 5.47s, candidates: 283
  [iter  43/100] search_obj=0.8097  search_best=0.7873  validation_best=0.8285  EI=0.0509  rnum=83.5  len=47  syn_rate=0.59  mean=0.7617  worsen=8.00%  highvar=0.00%
GA search time: 5.33s, candidates: 281
  [iter  44/100] search_obj=0.8082  search_best=0.7873  validation_best=0.8285  EI=0.0475  rnum=81.7  len=50  syn_rate=0.61  mean=0.7602  worsen=8.00%  highvar=0.00%
GA search time: 3.96s, candidates: 280
  [iter  45/100] search_obj=1.5126  search_best=0.7873  validation_best=0.8285  EI=0.0447  rnum=80.0  len=41  syn_rate=0.47  mean=1.0746  worsen=73.00%  highvar=0.00%
GA search time: 3.57s, candidates: 278
  [iter  46/100] search_obj=0.8526  search_best=0.7873  validation_best=0.8285  EI=0.0445  rnum=78.4  len=24  syn_rate=0.44  mean=0.8046  worsen=8.00%  highvar=0.00%
GA search time: 3.11s, candidates: 276
  [iter  47/100] search_obj=0.8371  search_best=0.7873  validation_best=0.8285  EI=0.0457  rnum=76.7  len=28  syn_rate=0.50  mean=0.7891  worsen=8.00%  highvar=0.00%
GA search time: 3.23s, candidates: 275
  [iter  48/100] search_obj=0.7979  search_best=0.7873  validation_best=0.8282  EI=0.0473  rnum=75.1  len=39  syn_rate=0.53  mean=0.7559  worsen=7.00%  highvar=0.00%
GA search time: 3.11s, candidates: 273
  [iter  49/100] search_obj=0.8473  search_best=0.7873  validation_best=0.8282  EI=0.0458  rnum=73.4  len=34  syn_rate=0.48  mean=0.7993  worsen=8.00%  highvar=0.00%
GA search time: 3.85s, candidates: 271
  [iter  50/100] search_obj=0.8100  search_best=0.7873  validation_best=0.8282  EI=0.0469  rnum=71.8  len=50  syn_rate=0.59  mean=0.7620  worsen=8.00%  highvar=0.00%
GA search time: 3.74s, candidates: 270
  [iter  51/100] search_obj=0.9570  search_best=0.7873  validation_best=0.8282  EI=0.0424  rnum=70.3  len=44  syn_rate=0.66  mean=0.7950  worsen=27.00%  highvar=0.00%
GA search time: 3.04s, candidates: 268
  [iter  52/100] search_obj=0.8315  search_best=0.7873  validation_best=0.8282  EI=0.0435  rnum=68.7  len=24  syn_rate=0.44  mean=0.7955  worsen=6.00%  highvar=0.00%
GA search time: 3.73s, candidates: 267
  [iter  53/100] search_obj=0.8011  search_best=0.7873  validation_best=0.8282  EI=0.0395  rnum=67.2  len=37  syn_rate=0.45  mean=0.7531  worsen=8.00%  highvar=0.00%
GA search time: 3.23s, candidates: 265
  [iter  54/100] search_obj=1.0715  search_best=0.7873  validation_best=0.8282  EI=0.0425  rnum=65.7  len=38  syn_rate=0.52  mean=0.8675  worsen=34.00%  highvar=0.00%
GA search time: 2.60s, candidates: 264
  [iter  55/100] search_obj=0.8009  search_best=0.7873  validation_best=0.8282  EI=0.0429  rnum=64.2  len=49  syn_rate=0.47  mean=0.7529  worsen=8.00%  highvar=0.00%
GA search time: 3.23s, candidates: 262
  [iter  56/100] search_obj=1.4329  search_best=0.7873  validation_best=0.8282  EI=0.0436  rnum=62.7  len=43  syn_rate=0.45  mean=1.0429  worsen=65.00%  highvar=0.00%
GA search time: 3.11s, candidates: 261
  [iter  57/100] search_obj=0.8075  search_best=0.7873  validation_best=0.8282  EI=0.0430  rnum=61.3  len=37  syn_rate=0.44  mean=0.7535  worsen=9.00%  highvar=0.00%
GA search time: 3.17s, candidates: 259
  [iter  58/100] search_obj=0.8088  search_best=0.7873  validation_best=0.8282  EI=0.0567  rnum=59.8  len=37  syn_rate=0.44  mean=0.7548  worsen=9.00%  highvar=0.00%
GA search time: 3.92s, candidates: 258
  [iter  59/100] search_obj=0.7977  search_best=0.7873  validation_best=0.8282  EI=0.0447  rnum=58.4  len=41  syn_rate=0.53  mean=0.7557  worsen=7.00%  highvar=0.00%
GA search time: 3.06s, candidates: 257
  [iter  60/100] search_obj=1.4434  search_best=0.7873  validation_best=0.8282  EI=0.0488  rnum=57.0  len=48  syn_rate=0.54  mean=1.0534  worsen=65.00%  highvar=0.00%
GA search time: 3.84s, candidates: 255
  [iter  61/100] search_obj=0.8171  search_best=0.7873  validation_best=0.8282  EI=0.0463  rnum=55.7  len=36  syn_rate=0.44  mean=0.7631  worsen=9.00%  highvar=0.00%
GA search time: 4.33s, candidates: 254
  [iter  62/100] search_obj=0.7969  search_best=0.7873  validation_best=0.8282  EI=0.0447  rnum=54.3  len=37  syn_rate=0.49  mean=0.7549  worsen=7.00%  highvar=0.00%
GA search time: 4.99s, candidates: 253
  [iter  63/100] search_obj=0.8073  search_best=0.7873  validation_best=0.8282  EI=0.0475  rnum=53.0  len=38  syn_rate=0.45  mean=0.7533  worsen=9.00%  highvar=0.00%
GA search time: 4.36s, candidates: 251
  [iter  64/100] search_obj=0.8171  search_best=0.7873  validation_best=0.8282  EI=0.0504  rnum=51.7  len=37  syn_rate=0.44  mean=0.7631  worsen=9.00%  highvar=0.00%
GA search time: 4.27s, candidates: 250
  [iter  65/100] search_obj=0.8171  search_best=0.7873  validation_best=0.8282  EI=0.0495  rnum=50.5  len=38  syn_rate=0.44  mean=0.7631  worsen=9.00%  highvar=0.00%
GA search time: 4.88s, candidates: 249
  [iter  66/100] search_obj=0.8072  search_best=0.7873  validation_best=0.8282  EI=0.0484  rnum=49.2  len=39  syn_rate=0.43  mean=0.7592  worsen=8.00%  highvar=0.00%
GA search time: 4.34s, candidates: 247
  [iter  67/100] search_obj=1.4662  search_best=0.7873  validation_best=0.8282  EI=0.0486  rnum=48.0  len=53  syn_rate=0.43  mean=1.0462  worsen=70.00%  highvar=0.00%
GA search time: 4.50s, candidates: 246
  [iter  68/100] search_obj=0.7953  search_best=0.7873  validation_best=0.8282  EI=0.0491  rnum=46.8  len=50  syn_rate=0.49  mean=0.7533  worsen=7.00%  highvar=0.00%
GA search time: 4.78s, candidates: 245
  [iter  69/100] search_obj=1.1141  search_best=0.7873  validation_best=0.8282  EI=0.0460  rnum=45.6  len=48  syn_rate=0.50  mean=1.0121  worsen=17.00%  highvar=0.00%
GA search time: 4.84s, candidates: 244
  [iter  70/100] search_obj=1.1145  search_best=0.7873  validation_best=0.8282  EI=0.0461  rnum=44.4  len=73  syn_rate=0.65  mean=1.0125  worsen=17.00%  highvar=0.00%
GA search time: 4.98s, candidates: 243
  [iter  71/100] search_obj=1.6785  search_best=0.7873  validation_best=0.8282  EI=0.0443  rnum=43.3  len=38  syn_rate=0.48  mean=1.2285  worsen=75.00%  highvar=0.00%
GA search time: 3.41s, candidates: 242
  [iter  72/100] search_obj=0.8840  search_best=0.7873  validation_best=0.8282  EI=0.0493  rnum=42.2  len=39  syn_rate=0.44  mean=0.8240  worsen=10.00%  highvar=0.00%
GA search time: 4.20s, candidates: 241
  [iter  73/100] search_obj=1.1166  search_best=0.7873  validation_best=0.8282  EI=0.0478  rnum=41.1  len=34  syn_rate=0.50  mean=0.9486  worsen=28.00%  highvar=0.00%
GA search time: 4.94s, candidates: 239
  [iter  74/100] search_obj=0.9438  search_best=0.7873  validation_best=0.8282  EI=0.0471  rnum=40.0  len=43  syn_rate=0.57  mean=0.8778  worsen=11.00%  highvar=0.00%
GA search time: 4.01s, candidates: 238
  [iter  75/100] search_obj=1.0285  search_best=0.7873  validation_best=0.8282  EI=0.0416  rnum=38.9  len=47  syn_rate=0.48  mean=0.9385  worsen=15.00%  highvar=0.00%
GA search time: 3.16s, candidates: 237
  [iter  76/100] search_obj=1.6186  search_best=0.7873  validation_best=0.8282  EI=0.0443  rnum=37.9  len=37  syn_rate=0.41  mean=1.1206  worsen=83.00%  highvar=0.00%
GA search time: 4.03s, candidates: 236
  [iter  77/100] search_obj=0.7922  search_best=0.7873  validation_best=0.8282  EI=0.0444  rnum=36.9  len=53  syn_rate=0.56  mean=0.7502  worsen=7.00%  highvar=0.00%
GA search time: 3.03s, candidates: 235
  [iter  78/100] search_obj=0.8032  search_best=0.7873  validation_best=0.8282  EI=0.0398  rnum=35.9  len=37  syn_rate=0.55  mean=0.7552  worsen=8.00%  highvar=0.00%
GA search time: 3.45s, candidates: 234
  [iter  79/100] search_obj=0.8459  search_best=0.7873  validation_best=0.8282  EI=0.0367  rnum=34.9  len=24  syn_rate=0.47  mean=0.7979  worsen=8.00%  highvar=0.00%
GA search time: 3.77s, candidates: 233
  [iter  80/100] search_obj=0.7896  search_best=0.7873  validation_best=0.8282  EI=0.0409  rnum=33.9  len=41  syn_rate=0.52  mean=0.7476  worsen=7.00%  highvar=0.00%
GA search time: 3.24s, candidates: 233
  [iter  81/100] search_obj=0.8919  search_best=0.7873  validation_best=0.8282  EI=0.0468  rnum=33.0  len=41  syn_rate=0.44  mean=0.7899  worsen=17.00%  highvar=0.00%
GA search time: 2.93s, candidates: 232
  [iter  82/100] search_obj=1.6089  search_best=0.7873  validation_best=0.8282  EI=0.0476  rnum=32.1  len=26  syn_rate=0.48  mean=1.1169  worsen=82.00%  highvar=0.00%
GA search time: 3.13s, candidates: 231
  [iter  83/100] search_obj=1.4670  search_best=0.7873  validation_best=0.8282  EI=0.0401  rnum=31.2  len=56  syn_rate=0.44  mean=1.0470  worsen=70.00%  highvar=0.00%
GA search time: 3.04s, candidates: 230
  [iter  84/100] search_obj=0.8463  search_best=0.7873  validation_best=0.8282  EI=0.0392  rnum=30.3  len=26  syn_rate=0.45  mean=0.8103  worsen=6.00%  highvar=0.00%
GA search time: 2.65s, candidates: 229
  [iter  85/100] search_obj=0.7931  search_best=0.7873  validation_best=0.8282  EI=0.0491  rnum=29.5  len=51  syn_rate=0.48  mean=0.7451  worsen=8.00%  highvar=0.00%
GA search time: 3.35s, candidates: 228
  [iter  86/100] search_obj=0.7978  search_best=0.7873  validation_best=0.8282  EI=0.0402  rnum=28.6  len=41  syn_rate=0.50  mean=0.7618  worsen=6.00%  highvar=0.00%
GA search time: 2.73s, candidates: 227
  [iter  87/100] search_obj=0.8462  search_best=0.7873  validation_best=0.8282  EI=0.0393  rnum=27.8  len=22  syn_rate=0.43  mean=0.7982  worsen=8.00%  highvar=0.00%
GA search time: 2.26s, candidates: 226
  [iter  88/100] search_obj=1.3421  search_best=0.7873  validation_best=0.8282  EI=0.0424  rnum=27.0  len=39  syn_rate=0.47  mean=1.0001  worsen=57.00%  highvar=0.00%
GA search time: 1.93s, candidates: 226
  [iter  89/100] search_obj=1.4217  search_best=0.7873  validation_best=0.8282  EI=0.0396  rnum=26.2  len=26  syn_rate=0.49  mean=1.0197  worsen=67.00%  highvar=0.00%
GA search time: 2.29s, candidates: 225
  [iter  90/100] search_obj=1.6081  search_best=0.7873  validation_best=0.8282  EI=0.0475  rnum=25.4  len=38  syn_rate=0.47  mean=1.1161  worsen=82.00%  highvar=0.00%
GA search time: 2.85s, candidates: 224
  [iter  91/100] search_obj=0.7886  search_best=0.7873  validation_best=0.8280  EI=0.0472  rnum=24.7  len=38  syn_rate=0.49  mean=0.7526  worsen=6.00%  highvar=0.00%
GA search time: 2.72s, candidates: 223
  [iter  92/100] search_obj=0.8585  search_best=0.7873  validation_best=0.8280  EI=0.0468  rnum=24.0  len=36  syn_rate=0.49  mean=0.8045  worsen=9.00%  highvar=0.00%
GA search time: 2.70s, candidates: 223
  [iter  93/100] search_obj=0.8367  search_best=0.7873  validation_best=0.8280  EI=0.0464  rnum=23.3  len=45  syn_rate=0.50  mean=0.7887  worsen=8.00%  highvar=0.00%
GA search time: 2.51s, candidates: 222
  [iter  94/100] search_obj=1.2786  search_best=0.7873  validation_best=0.8280  EI=0.0414  rnum=22.6  len=38  syn_rate=0.48  mean=0.9966  worsen=47.00%  highvar=0.00%
GA search time: 2.76s, candidates: 221
  [iter  95/100] search_obj=0.8463  search_best=0.7873  validation_best=0.8280  EI=0.0432  rnum=21.9  len=38  syn_rate=0.51  mean=0.7983  worsen=8.00%  highvar=0.00%
GA search time: 2.41s, candidates: 221
  [iter  96/100] search_obj=0.8396  search_best=0.7873  validation_best=0.8280  EI=0.0415  rnum=21.2  len=45  syn_rate=0.59  mean=0.7856  worsen=9.00%  highvar=0.00%
GA search time: 2.83s, candidates: 220
  [iter  97/100] search_obj=0.8211  search_best=0.7873  validation_best=0.8280  EI=0.0433  rnum=20.6  len=29  syn_rate=0.50  mean=0.7851  worsen=6.00%  highvar=0.00%
GA search time: 2.29s, candidates: 219
  [iter  98/100] search_obj=0.8085  search_best=0.7873  validation_best=0.8280  EI=0.0431  rnum=19.9  len=53  syn_rate=0.62  mean=0.7605  worsen=8.00%  highvar=0.00%
GA search time: 2.19s, candidates: 219
  [iter  99/100] search_obj=0.8500  search_best=0.7873  validation_best=0.8280  EI=0.0431  rnum=19.3  len=42  syn_rate=0.55  mean=0.7960  worsen=9.00%  highvar=0.00%
GA search time: 2.29s, candidates: 218
  [iter 100/100] search_obj=0.8520  search_best=0.7873  validation_best=0.8280  EI=0.0399  rnum=18.7  len=26  syn_rate=0.44  mean=0.7980  worsen=9.00%  highvar=0.00%

[Step 5] 按 validation 选择最终通用序列...
  选择结果:
    search_train_obj=0.7886, search_train_mean=0.7526, search_train_worsen=6.00%, search_train_highvar=0.00%
    validation_obj=0.8280, validation_mean=0.7680, validation_worsen=10.00%, validation_highvar=0.00%

[Step 6] 在 validation 上执行消融后处理...

[Ablation-validation] 初始序列长度: 38, objective: 0.8280, mean_norm: 0.7680, worsen_rate: 10.00%
  移除 [37] module(scc-oz-module-inliner): objective 0.8298 > 0.8280 (恢复)
  移除 [36] function(gvn-sink): objective 0.8280, mean_norm 0.7680, worsen_rate 10.00% (保留移除)
  移除 [35] function(jump-threading): objective 0.8280, mean_norm 0.7680, worsen_rate 10.00% (保留移除)
  移除 [34] function(instsimplify): objective 0.8280, mean_norm 0.7680, worsen_rate 10.00% (保留移除)
  移除 [33] function(gvn-hoist): objective 0.8280, mean_norm 0.7680, worsen_rate 10.00% (保留移除)
  移除 [32] module(scc-oz-module-inliner): objective 0.8298 > 0.8280 (恢复)
  移除 [31] function(newgvn): objective 0.8406 > 0.8280 (恢复)
  移除 [30] module(globalopt): objective 0.8280, mean_norm 0.7680, worsen_rate 10.00% (保留移除)
  移除 [29] module(elim-avail-extern): objective 0.8280, mean_norm 0.7680, worsen_rate 10.00% (保留移除)
  移除 [28] function(gvn-sink): objective 0.8285 > 0.8280 (恢复)
  移除 [27] module(globalopt): objective 0.8280, mean_norm 0.7680, worsen_rate 10.00% (保留移除)
  移除 [26] function(memcpyopt): objective 0.8280, mean_norm 0.7680, worsen_rate 10.00% (保留移除)
  移除 [25] module(attributor): objective 0.8730 > 0.8280 (恢复)
  移除 [24] module(globalopt): objective 0.8280, mean_norm 0.7680, worsen_rate 10.00% (保留移除)
  移除 [23] module(inferattrs): objective 0.8280, mean_norm 0.7680, worsen_rate 10.00% (保留移除)
  移除 [22] module(globalopt): objective 0.8280, mean_norm 0.7680, worsen_rate 10.00% (保留移除)
  移除 [21] function(gvn-hoist): objective 0.8295 > 0.8280 (恢复)
  移除 [20] function(gvn-sink): objective 0.8285 > 0.8280 (恢复)
  移除 [19] module(scc-oz-module-inliner): objective 0.8914 > 0.8280 (恢复)
  移除 [18] module(elim-avail-extern): objective 0.8280, mean_norm 0.7680, worsen_rate 10.00% (保留移除)
  移除 [17] module(iroutliner): objective 0.8216, mean_norm 0.7676, worsen_rate 9.00% (保留移除)
  移除 [16] function(dce): objective 0.8216, mean_norm 0.7676, worsen_rate 9.00% (保留移除)
  移除 [15] module(attributor): objective 0.8417 > 0.8216 (恢复)
  移除 [14] module(globalopt): objective 0.8216, mean_norm 0.7676, worsen_rate 9.00% (保留移除)
  移除 [13] loop(loop-simplifycfg): objective 0.8216, mean_norm 0.7676, worsen_rate 9.00% (保留移除)
  移除 [12] function(newgvn): objective 0.8353 > 0.8216 (恢复)
  移除 [11] function(gvn-sink): objective 0.8223 > 0.8216 (恢复)
  移除 [10] function(lower-switch): objective 0.8216, mean_norm 0.7676, worsen_rate 9.00% (保留移除)
  移除 [9] module(globalopt): objective 1.1010 > 0.8216 (恢复)
  移除 [8] function(memcpyopt): objective 0.8216, mean_norm 0.7676, worsen_rate 9.00% (保留移除)
  移除 [7] loop(loop-simplifycfg): objective 0.8216, mean_norm 0.7676, worsen_rate 9.00% (保留移除)
  移除 [6] function(lower-switch): objective 0.8216, mean_norm 0.7676, worsen_rate 9.00% (保留移除)
  移除 [5] module(attributor): objective 0.9027 > 0.8216 (恢复)
  移除 [4] function(gvn-hoist): objective 0.8159, mean_norm 0.7619, worsen_rate 9.00% (保留移除)
  移除 [3] function(instsimplify): objective 0.8159, mean_norm 0.7619, worsen_rate 9.00% (保留移除)
  移除 [2] module(iroutliner): objective 0.9391 > 0.8159 (恢复)
  移除 [1] module(inferattrs): objective 0.8223 > 0.8159 (恢复)
  移除 [0] module(elim-avail-extern): objective 1.2651 > 0.8159 (恢复)
[Ablation-validation] 最终序列长度: 16, objective: 0.8159, mean_norm: 0.7619, worsen_rate: 9.00%, 移除了 22 个 pass
  消融有效: 38 → 16 passes, validation_objective: 0.8280 → 0.8159

最终通用 pass 序列（effective=16 个顶层 pass, raw=16 个 pass, syn_rate(raw)=0.16）:
  module(elim-avail-extern) → module(inferattrs) → module(iroutliner) → module(attributor) → module(globalopt) → function(gvn-sink) → function(newgvn) → module(attributor) → module(scc-oz-module-inliner) → function(gvn-sink) → function(gvn-hoist) → module(attributor) → function(gvn-sink) → function(newgvn) → module(scc-oz-module-inliner) → module(scc-oz-module-inliner)
  search_train_obj=0.8055, search_train_mean=0.7635, search_train_worsen=7.00%, search_train_highvar=0.00%
  validation_obj=0.8159, validation_mean=0.7619, validation_worsen=9.00%, validation_highvar=0.00%
  test_obj=0.8289, test_mean=0.7449, test_worsen=14.00%, test_highvar=0.00%

Top-5 最佳序列（按 validation 多目标 objective 升序）:
  #1: validation_obj=0.8280, validation_mean=0.7680, validation_worsen=10.00%, validation_highvar=0.00%, train_obj=0.7886, train_mean=0.7526, train_highvar=0.00%, len=38, syn_rate=0.49, test_obj=0.8434, test_mean=0.7474, test_worsen=16.00%, test_highvar=0.00%
     module(elim-avail-extern) → module(inferattrs) → module(iroutliner) → function(instsimplify) → function(gvn-hoist) → module(attributor) → function(lower-switch) → function(loop(loop-simplifycfg)) → function(memcpyopt) → module(globalopt) → function(lower-switch) → function(gvn-sink) → function(newgvn) → function(loop(loop-simplifycfg)) → module(globalopt) → module(attributor) → function(dce) → module(iroutliner) → module(elim-avail-extern) → module(scc-oz-module-inliner) → function(gvn-sink) → function(gvn-hoist) → module(globalopt) → module(inferattrs) → module(globalopt) → module(attributor) → function(memcpyopt) → module(globalopt) → function(gvn-sink) → module(elim-avail-extern) → module(globalopt) → function(newgvn) → module(scc-oz-module-inliner) → function(gvn-hoist) → function(instsimplify) → function(jump-threading) → function(gvn-sink) → module(scc-oz-module-inliner)
     raw: module(elim-avail-extern) → module(inferattrs) → module(iroutliner) → function(instsimplify) → function(gvn-hoist) → module(attributor) → function(lower-switch) → loop(loop-simplifycfg) → function(memcpyopt) → module(globalopt) → function(lower-switch) → function(gvn-sink) → function(newgvn) → loop(loop-simplifycfg) → module(globalopt) → module(attributor) → function(dce) → module(iroutliner) → module(elim-avail-extern) → module(scc-oz-module-inliner) → function(gvn-sink) → function(gvn-hoist) → module(globalopt) → module(inferattrs) → module(globalopt) → module(attributor) → function(memcpyopt) → module(globalopt) → function(gvn-sink) → module(elim-avail-extern) → module(globalopt) → function(newgvn) → module(scc-oz-module-inliner) → function(gvn-hoist) → function(instsimplify) → function(jump-threading) → function(gvn-sink) → module(scc-oz-module-inliner)
  #2: validation_obj=0.8282, validation_mean=0.7682, validation_worsen=10.00%, validation_highvar=0.00%, train_obj=0.7979, train_mean=0.7559, train_highvar=0.00%, len=39, syn_rate=0.53, test_obj=0.8433, test_mean=0.7473, test_worsen=16.00%, test_highvar=0.00%
     module(elim-avail-extern) → module(inferattrs) → module(iroutliner) → function(instsimplify) → function(gvn-hoist) → function(gvn-sink) → function(lower-switch) → module(attributor) → function(loop(loop-simplifycfg)) → function(memcpyopt) → module(globalopt) → function(loop(loop-simplifycfg)) → function(newgvn) → module(globalopt) → module(attributor) → function(dce) → module(iroutliner) → module(elim-avail-extern) → module(scc-oz-module-inliner) → module(elim-avail-extern) → function(jump-threading) → function(newgvn) → module(scc-oz-module-inliner) → module(globalopt) → module(inferattrs) → module(globalopt) → module(attributor) → function(loop(loop-simplifycfg)) → function(memcpyopt) → module(globalopt) → function(gvn-sink) → module(elim-avail-extern) → function(newgvn) → module(scc-oz-module-inliner) → function(gvn-hoist) → function(instsimplify) → function(jump-threading) → function(gvn-sink) → module(scc-oz-module-inliner)
     raw: module(elim-avail-extern) → module(inferattrs) → module(iroutliner) → function(instsimplify) → function(gvn-hoist) → function(gvn-sink) → function(lower-switch) → module(attributor) → loop(loop-simplifycfg) → function(memcpyopt) → module(globalopt) → loop(loop-simplifycfg) → function(newgvn) → module(globalopt) → module(attributor) → function(dce) → module(iroutliner) → module(elim-avail-extern) → module(scc-oz-module-inliner) → module(elim-avail-extern) → function(jump-threading) → function(newgvn) → module(scc-oz-module-inliner) → module(globalopt) → module(inferattrs) → module(globalopt) → module(attributor) → loop(loop-simplifycfg) → function(memcpyopt) → module(globalopt) → function(gvn-sink) → module(elim-avail-extern) → function(newgvn) → module(scc-oz-module-inliner) → function(gvn-hoist) → function(instsimplify) → function(jump-threading) → function(gvn-sink) → module(scc-oz-module-inliner)
  #3: validation_obj=0.8284, validation_mean=0.7684, validation_worsen=10.00%, validation_highvar=0.00%, train_obj=0.7977, train_mean=0.7557, train_highvar=0.00%, len=41, syn_rate=0.53, test_obj=0.8484, test_mean=0.7524, test_worsen=16.00%, test_highvar=0.00%
     module(elim-avail-extern) → module(inferattrs) → module(iroutliner) → function(instsimplify) → function(gvn-hoist) → function(gvn-sink) → function(lower-switch) → module(attributor) → function(loop(loop-simplifycfg)) → function(memcpyopt) → module(globalopt) → function(loop(loop-simplifycfg)) → function(newgvn) → module(globalopt) → module(attributor) → function(dce) → function(memcpyopt) → module(iroutliner) → module(inferattrs) → module(elim-avail-extern) → module(scc-oz-module-inliner) → module(elim-avail-extern) → module(scc-oz-module-inliner) → function(jump-threading) → function(newgvn) → module(globalopt) → module(inferattrs) → module(globalopt) → module(attributor) → function(loop(loop-simplifycfg)) → function(memcpyopt) → module(globalopt) → function(gvn-sink) → module(elim-avail-extern) → module(scc-oz-module-inliner) → function(newgvn) → function(gvn-hoist) → module(scc-oz-module-inliner) → function(instsimplify) → function(jump-threading) → function(gvn-sink)
     raw: module(elim-avail-extern) → module(inferattrs) → module(iroutliner) → function(instsimplify) → function(gvn-hoist) → function(gvn-sink) → function(lower-switch) → module(attributor) → loop(loop-simplifycfg) → function(memcpyopt) → module(globalopt) → loop(loop-simplifycfg) → function(newgvn) → module(globalopt) → module(attributor) → function(dce) → function(memcpyopt) → module(iroutliner) → module(inferattrs) → module(elim-avail-extern) → module(scc-oz-module-inliner) → module(elim-avail-extern) → module(scc-oz-module-inliner) → function(jump-threading) → function(newgvn) → module(globalopt) → module(inferattrs) → module(globalopt) → module(attributor) → loop(loop-simplifycfg) → function(memcpyopt) → module(globalopt) → function(gvn-sink) → module(elim-avail-extern) → module(scc-oz-module-inliner) → function(newgvn) → function(gvn-hoist) → module(scc-oz-module-inliner) → function(instsimplify) → function(jump-threading) → function(gvn-sink)
  #4: validation_obj=0.8285, validation_mean=0.7685, validation_worsen=10.00%, validation_highvar=0.00%, train_obj=0.7873, train_mean=0.7513, train_highvar=0.00%, len=39, syn_rate=0.60, test_obj=0.8434, test_mean=0.7474, test_worsen=16.00%, test_highvar=0.00%
     module(elim-avail-extern) → module(inferattrs) → module(iroutliner) → function(gvn-hoist) → module(attributor) → function(lower-switch) → function(loop(loop-simplifycfg)) → function(memcpyopt) → module(globalopt) → function(lower-switch) → function(gvn-sink) → function(newgvn) → function(loop(loop-simplifycfg)) → module(globalopt) → module(attributor) → function(dce) → module(iroutliner) → module(scc-oz-module-inliner) → module(elim-avail-extern) → function(jump-threading) → function(newgvn) → module(scc-oz-module-inliner) → function(dse) → module(globalopt) → module(inferattrs) → module(globalopt) → module(attributor) → function(loop(loop-simplifycfg)) → function(memcpyopt) → module(globalopt) → function(gvn-sink) → module(elim-avail-extern) → function(newgvn) → module(scc-oz-module-inliner) → function(gvn-hoist) → function(instsimplify) → function(jump-threading) → function(gvn-sink) → module(scc-oz-module-inliner)
     raw: module(elim-avail-extern) → module(inferattrs) → module(iroutliner) → function(gvn-hoist) → module(attributor) → function(lower-switch) → loop(loop-simplifycfg) → function(memcpyopt) → module(globalopt) → function(lower-switch) → function(gvn-sink) → function(newgvn) → loop(loop-simplifycfg) → module(globalopt) → module(attributor) → function(dce) → module(iroutliner) → module(scc-oz-module-inliner) → module(elim-avail-extern) → function(jump-threading) → function(newgvn) → module(scc-oz-module-inliner) → function(dse) → module(globalopt) → module(inferattrs) → module(globalopt) → module(attributor) → loop(loop-simplifycfg) → function(memcpyopt) → module(globalopt) → function(gvn-sink) → module(elim-avail-extern) → function(newgvn) → module(scc-oz-module-inliner) → function(gvn-hoist) → function(instsimplify) → function(jump-threading) → function(gvn-sink) → module(scc-oz-module-inliner)
  #5: validation_obj=0.8285, validation_mean=0.7685, validation_worsen=10.00%, validation_highvar=0.00%, train_obj=0.7979, train_mean=0.7559, train_highvar=0.00%, len=39, syn_rate=0.53, test_obj=0.8434, test_mean=0.7474, test_worsen=16.00%, test_highvar=0.00%
     module(elim-avail-extern) → module(inferattrs) → module(iroutliner) → function(instsimplify) → function(gvn-hoist) → module(attributor) → function(lower-switch) → function(loop(loop-simplifycfg)) → function(memcpyopt) → module(globalopt) → function(lower-switch) → function(gvn-sink) → function(newgvn) → function(loop(loop-simplifycfg)) → module(globalopt) → module(attributor) → function(dce) → module(iroutliner) → module(scc-oz-module-inliner) → module(elim-avail-extern) → function(jump-threading) → function(newgvn) → module(scc-oz-module-inliner) → module(globalopt) → module(inferattrs) → module(globalopt) → module(attributor) → function(loop(loop-simplifycfg)) → function(memcpyopt) → module(globalopt) → function(gvn-sink) → module(elim-avail-extern) → function(newgvn) → module(scc-oz-module-inliner) → function(gvn-hoist) → function(instsimplify) → function(jump-threading) → function(gvn-sink) → module(scc-oz-module-inliner)
     raw: module(elim-avail-extern) → module(inferattrs) → module(iroutliner) → function(instsimplify) → function(gvn-hoist) → module(attributor) → function(lower-switch) → loop(loop-simplifycfg) → function(memcpyopt) → module(globalopt) → function(lower-switch) → function(gvn-sink) → function(newgvn) → loop(loop-simplifycfg) → module(globalopt) → module(attributor) → function(dce) → module(iroutliner) → module(scc-oz-module-inliner) → module(elim-avail-extern) → function(jump-threading) → function(newgvn) → module(scc-oz-module-inliner) → module(globalopt) → module(inferattrs) → module(globalopt) → module(attributor) → loop(loop-simplifycfg) → function(memcpyopt) → module(globalopt) → function(gvn-sink) → module(elim-avail-extern) → function(newgvn) → module(scc-oz-module-inliner) → function(gvn-hoist) → function(instsimplify) → function(jump-threading) → function(gvn-sink) → module(scc-oz-module-inliner)

============================================================
所有轮次中最优 validation objective: 0.8159
最优通用 pass 序列 (16 passes):
  module(elim-avail-extern) → module(inferattrs) → module(iroutliner) → module(attributor) → module(globalopt) → function(gvn-sink) → function(newgvn) → module(attributor) → module(scc-oz-module-inliner) → function(gvn-sink) → function(gvn-hoist) → module(attributor) → function(gvn-sink) → function(newgvn) → module(scc-oz-module-inliner) → module(scc-oz-module-inliner)
  search_train_obj=0.8055, search_train_mean=0.7635, search_train_worsen=7.00%, search_train_highvar=0.00%
  validation_obj=0.8159, validation_mean=0.7619, validation_worsen=9.00%, validation_highvar=0.00%
  test_obj=0.8289, test_mean=0.7449, test_worsen=14.00%, test_highvar=0.00%

最优轮次 Top-5 序列（含测试集效果，按 validation objective 升序）:
  #1: validation_obj=0.8280, validation_mean=0.7680, validation_worsen=10.00%, validation_highvar=0.00%, train_obj=0.7886, train_mean=0.7526, train_highvar=0.00%, len=38, syn_rate=0.49, test_obj=0.8434, test_mean=0.7474, test_worsen=16.00%, test_highvar=0.00%
     module(elim-avail-extern) → module(inferattrs) → module(iroutliner) → function(instsimplify) → function(gvn-hoist) → module(attributor) → function(lower-switch) → function(loop(loop-simplifycfg)) → function(memcpyopt) → module(globalopt) → function(lower-switch) → function(gvn-sink) → function(newgvn) → function(loop(loop-simplifycfg)) → module(globalopt) → module(attributor) → function(dce) → module(iroutliner) → module(elim-avail-extern) → module(scc-oz-module-inliner) → function(gvn-sink) → function(gvn-hoist) → module(globalopt) → module(inferattrs) → module(globalopt) → module(attributor) → function(memcpyopt) → module(globalopt) → function(gvn-sink) → module(elim-avail-extern) → module(globalopt) → function(newgvn) → module(scc-oz-module-inliner) → function(gvn-hoist) → function(instsimplify) → function(jump-threading) → function(gvn-sink) → module(scc-oz-module-inliner)
     raw: module(elim-avail-extern) → module(inferattrs) → module(iroutliner) → function(instsimplify) → function(gvn-hoist) → module(attributor) → function(lower-switch) → loop(loop-simplifycfg) → function(memcpyopt) → module(globalopt) → function(lower-switch) → function(gvn-sink) → function(newgvn) → loop(loop-simplifycfg) → module(globalopt) → module(attributor) → function(dce) → module(iroutliner) → module(elim-avail-extern) → module(scc-oz-module-inliner) → function(gvn-sink) → function(gvn-hoist) → module(globalopt) → module(inferattrs) → module(globalopt) → module(attributor) → function(memcpyopt) → module(globalopt) → function(gvn-sink) → module(elim-avail-extern) → module(globalopt) → function(newgvn) → module(scc-oz-module-inliner) → function(gvn-hoist) → function(instsimplify) → function(jump-threading) → function(gvn-sink) → module(scc-oz-module-inliner)
  #2: validation_obj=0.8282, validation_mean=0.7682, validation_worsen=10.00%, validation_highvar=0.00%, train_obj=0.7979, train_mean=0.7559, train_highvar=0.00%, len=39, syn_rate=0.53, test_obj=0.8433, test_mean=0.7473, test_worsen=16.00%, test_highvar=0.00%
     module(elim-avail-extern) → module(inferattrs) → module(iroutliner) → function(instsimplify) → function(gvn-hoist) → function(gvn-sink) → function(lower-switch) → module(attributor) → function(loop(loop-simplifycfg)) → function(memcpyopt) → module(globalopt) → function(loop(loop-simplifycfg)) → function(newgvn) → module(globalopt) → module(attributor) → function(dce) → module(iroutliner) → module(elim-avail-extern) → module(scc-oz-module-inliner) → module(elim-avail-extern) → function(jump-threading) → function(newgvn) → module(scc-oz-module-inliner) → module(globalopt) → module(inferattrs) → module(globalopt) → module(attributor) → function(loop(loop-simplifycfg)) → function(memcpyopt) → module(globalopt) → function(gvn-sink) → module(elim-avail-extern) → function(newgvn) → module(scc-oz-module-inliner) → function(gvn-hoist) → function(instsimplify) → function(jump-threading) → function(gvn-sink) → module(scc-oz-module-inliner)
     raw: module(elim-avail-extern) → module(inferattrs) → module(iroutliner) → function(instsimplify) → function(gvn-hoist) → function(gvn-sink) → function(lower-switch) → module(attributor) → loop(loop-simplifycfg) → function(memcpyopt) → module(globalopt) → loop(loop-simplifycfg) → function(newgvn) → module(globalopt) → module(attributor) → function(dce) → module(iroutliner) → module(elim-avail-extern) → module(scc-oz-module-inliner) → module(elim-avail-extern) → function(jump-threading) → function(newgvn) → module(scc-oz-module-inliner) → module(globalopt) → module(inferattrs) → module(globalopt) → module(attributor) → loop(loop-simplifycfg) → function(memcpyopt) → module(globalopt) → function(gvn-sink) → module(elim-avail-extern) → function(newgvn) → module(scc-oz-module-inliner) → function(gvn-hoist) → function(instsimplify) → function(jump-threading) → function(gvn-sink) → module(scc-oz-module-inliner)
  #3: validation_obj=0.8284, validation_mean=0.7684, validation_worsen=10.00%, validation_highvar=0.00%, train_obj=0.7977, train_mean=0.7557, train_highvar=0.00%, len=41, syn_rate=0.53, test_obj=0.8484, test_mean=0.7524, test_worsen=16.00%, test_highvar=0.00%
     module(elim-avail-extern) → module(inferattrs) → module(iroutliner) → function(instsimplify) → function(gvn-hoist) → function(gvn-sink) → function(lower-switch) → module(attributor) → function(loop(loop-simplifycfg)) → function(memcpyopt) → module(globalopt) → function(loop(loop-simplifycfg)) → function(newgvn) → module(globalopt) → module(attributor) → function(dce) → function(memcpyopt) → module(iroutliner) → module(inferattrs) → module(elim-avail-extern) → module(scc-oz-module-inliner) → module(elim-avail-extern) → module(scc-oz-module-inliner) → function(jump-threading) → function(newgvn) → module(globalopt) → module(inferattrs) → module(globalopt) → module(attributor) → function(loop(loop-simplifycfg)) → function(memcpyopt) → module(globalopt) → function(gvn-sink) → module(elim-avail-extern) → module(scc-oz-module-inliner) → function(newgvn) → function(gvn-hoist) → module(scc-oz-module-inliner) → function(instsimplify) → function(jump-threading) → function(gvn-sink)
     raw: module(elim-avail-extern) → module(inferattrs) → module(iroutliner) → function(instsimplify) → function(gvn-hoist) → function(gvn-sink) → function(lower-switch) → module(attributor) → loop(loop-simplifycfg) → function(memcpyopt) → module(globalopt) → loop(loop-simplifycfg) → function(newgvn) → module(globalopt) → module(attributor) → function(dce) → function(memcpyopt) → module(iroutliner) → module(inferattrs) → module(elim-avail-extern) → module(scc-oz-module-inliner) → module(elim-avail-extern) → module(scc-oz-module-inliner) → function(jump-threading) → function(newgvn) → module(globalopt) → module(inferattrs) → module(globalopt) → module(attributor) → loop(loop-simplifycfg) → function(memcpyopt) → module(globalopt) → function(gvn-sink) → module(elim-avail-extern) → module(scc-oz-module-inliner) → function(newgvn) → function(gvn-hoist) → module(scc-oz-module-inliner) → function(instsimplify) → function(jump-threading) → function(gvn-sink)
  #4: validation_obj=0.8285, validation_mean=0.7685, validation_worsen=10.00%, validation_highvar=0.00%, train_obj=0.7873, train_mean=0.7513, train_highvar=0.00%, len=39, syn_rate=0.60, test_obj=0.8434, test_mean=0.7474, test_worsen=16.00%, test_highvar=0.00%
     module(elim-avail-extern) → module(inferattrs) → module(iroutliner) → function(gvn-hoist) → module(attributor) → function(lower-switch) → function(loop(loop-simplifycfg)) → function(memcpyopt) → module(globalopt) → function(lower-switch) → function(gvn-sink) → function(newgvn) → function(loop(loop-simplifycfg)) → module(globalopt) → module(attributor) → function(dce) → module(iroutliner) → module(scc-oz-module-inliner) → module(elim-avail-extern) → function(jump-threading) → function(newgvn) → module(scc-oz-module-inliner) → function(dse) → module(globalopt) → module(inferattrs) → module(globalopt) → module(attributor) → function(loop(loop-simplifycfg)) → function(memcpyopt) → module(globalopt) → function(gvn-sink) → module(elim-avail-extern) → function(newgvn) → module(scc-oz-module-inliner) → function(gvn-hoist) → function(instsimplify) → function(jump-threading) → function(gvn-sink) → module(scc-oz-module-inliner)
     raw: module(elim-avail-extern) → module(inferattrs) → module(iroutliner) → function(gvn-hoist) → module(attributor) → function(lower-switch) → loop(loop-simplifycfg) → function(memcpyopt) → module(globalopt) → function(lower-switch) → function(gvn-sink) → function(newgvn) → loop(loop-simplifycfg) → module(globalopt) → module(attributor) → function(dce) → module(iroutliner) → module(scc-oz-module-inliner) → module(elim-avail-extern) → function(jump-threading) → function(newgvn) → module(scc-oz-module-inliner) → function(dse) → module(globalopt) → module(inferattrs) → module(globalopt) → module(attributor) → loop(loop-simplifycfg) → function(memcpyopt) → module(globalopt) → function(gvn-sink) → module(elim-avail-extern) → function(newgvn) → module(scc-oz-module-inliner) → function(gvn-hoist) → function(instsimplify) → function(jump-threading) → function(gvn-sink) → module(scc-oz-module-inliner)
  #5: validation_obj=0.8285, validation_mean=0.7685, validation_worsen=10.00%, validation_highvar=0.00%, train_obj=0.7979, train_mean=0.7559, train_highvar=0.00%, len=39, syn_rate=0.53, test_obj=0.8434, test_mean=0.7474, test_worsen=16.00%, test_highvar=0.00%
     module(elim-avail-extern) → module(inferattrs) → module(iroutliner) → function(instsimplify) → function(gvn-hoist) → module(attributor) → function(lower-switch) → function(loop(loop-simplifycfg)) → function(memcpyopt) → module(globalopt) → function(lower-switch) → function(gvn-sink) → function(newgvn) → function(loop(loop-simplifycfg)) → module(globalopt) → module(attributor) → function(dce) → module(iroutliner) → module(scc-oz-module-inliner) → module(elim-avail-extern) → function(jump-threading) → function(newgvn) → module(scc-oz-module-inliner) → module(globalopt) → module(inferattrs) → module(globalopt) → module(attributor) → function(loop(loop-simplifycfg)) → function(memcpyopt) → module(globalopt) → function(gvn-sink) → module(elim-avail-extern) → function(newgvn) → module(scc-oz-module-inliner) → function(gvn-hoist) → function(instsimplify) → function(jump-threading) → function(gvn-sink) → module(scc-oz-module-inliner)
     raw: module(elim-avail-extern) → module(inferattrs) → module(iroutliner) → function(instsimplify) → function(gvn-hoist) → module(attributor) → function(lower-switch) → loop(loop-simplifycfg) → function(memcpyopt) → module(globalopt) → function(lower-switch) → function(gvn-sink) → function(newgvn) → loop(loop-simplifycfg) → module(globalopt) → module(attributor) → function(dce) → module(iroutliner) → module(scc-oz-module-inliner) → module(elim-avail-extern) → function(jump-threading) → function(newgvn) → module(scc-oz-module-inliner) → module(globalopt) → module(inferattrs) → module(globalopt) → module(attributor) → loop(loop-simplifycfg) → function(memcpyopt) → module(globalopt) → function(gvn-sink) → module(elim-avail-extern) → function(newgvn) → module(scc-oz-module-inliner) → function(gvn-hoist) → function(instsimplify) → function(jump-threading) → function(gvn-sink) → module(scc-oz-module-inliner)
binarysize_test: vs_none=0.995 (+0.5%)  vs_oz=1.000 (+0.0%)  vs_o3=0.981 (+1.9%) [metric=stripped_file_bytes]
binarysize_test[text_bytes]: vs_none=0.894 (+10.6%)  vs_oz=0.914 (+8.6%)  vs_o3=0.791 (+20.9%)
binarysize_test[data_bytes]: vs_none=0.985 (+1.5%)  vs_oz=0.993 (+0.7%)  vs_o3=0.987 (+1.3%)
binarysize_test[bss_bytes]: vs_none=1.000 (+0.0%)  vs_oz=1.000 (+0.0%)  vs_o3=1.000 (+0.0%)
binarysize_test[dec_bytes]: vs_none=0.911 (+8.9%)  vs_oz=0.933 (+6.7%)  vs_o3=0.837 (+16.3%)

最优轮次 Top-5 binarysize_test 序列面板（primary=stripped_file_bytes）:
  #1: len=38, syn_rate=0.49
     stripped_file_bytes: obj=1.0475, mean=0.9995, worsen=8.00%, vs_none=0.995 (+0.5%)  vs_oz=1.000 (+0.0%)  vs_o3=0.981 (+1.9%)
     text_bytes: obj=1.0550, mean=0.9110, worsen=24.00%, vs_none=0.892 (+10.8%)  vs_oz=0.911 (+8.9%)  vs_o3=0.788 (+21.2%)
     data_bytes: obj=1.0413, mean=0.9933, worsen=8.00%, vs_none=0.985 (+1.5%)  vs_oz=0.993 (+0.7%)  vs_o3=0.987 (+1.3%)
     bss_bytes: obj=1.0000, mean=1.0000, worsen=0.00%, vs_none=1.000 (+0.0%)  vs_oz=1.000 (+0.0%)  vs_o3=1.000 (+0.0%)
     dec_bytes: obj=1.0743, mean=0.9303, worsen=24.00%, vs_none=0.909 (+9.1%)  vs_oz=0.930 (+7.0%)  vs_o3=0.835 (+16.5%)
  #2: len=39, syn_rate=0.53
     stripped_file_bytes: obj=1.0475, mean=0.9995, worsen=8.00%, vs_none=0.995 (+0.5%)  vs_oz=1.000 (+0.0%)  vs_o3=0.981 (+1.9%)
     text_bytes: obj=1.0544, mean=0.9104, worsen=24.00%, vs_none=0.891 (+10.9%)  vs_oz=0.910 (+9.0%)  vs_o3=0.788 (+21.2%)
     data_bytes: obj=1.0413, mean=0.9933, worsen=8.00%, vs_none=0.985 (+1.5%)  vs_oz=0.993 (+0.7%)  vs_o3=0.987 (+1.3%)
     bss_bytes: obj=1.0000, mean=1.0000, worsen=0.00%, vs_none=1.000 (+0.0%)  vs_oz=1.000 (+0.0%)  vs_o3=1.000 (+0.0%)
     dec_bytes: obj=1.0739, mean=0.9299, worsen=24.00%, vs_none=0.909 (+9.1%)  vs_oz=0.930 (+7.0%)  vs_o3=0.835 (+16.5%)
  #3: len=41, syn_rate=0.53
     stripped_file_bytes: obj=1.0475, mean=0.9995, worsen=8.00%, vs_none=0.995 (+0.5%)  vs_oz=1.000 (+0.0%)  vs_o3=0.981 (+1.9%)
     text_bytes: obj=1.0558, mean=0.9118, worsen=24.00%, vs_none=0.892 (+10.8%)  vs_oz=0.912 (+8.8%)  vs_o3=0.789 (+21.1%)
     data_bytes: obj=1.0413, mean=0.9933, worsen=8.00%, vs_none=0.985 (+1.5%)  vs_oz=0.993 (+0.7%)  vs_o3=0.987 (+1.3%)
     bss_bytes: obj=1.0000, mean=1.0000, worsen=0.00%, vs_none=1.000 (+0.0%)  vs_oz=1.000 (+0.0%)  vs_o3=1.000 (+0.0%)
     dec_bytes: obj=1.0750, mean=0.9310, worsen=24.00%, vs_none=0.910 (+9.0%)  vs_oz=0.931 (+6.9%)  vs_o3=0.836 (+16.4%)
  #4: len=39, syn_rate=0.60
     stripped_file_bytes: obj=1.0475, mean=0.9995, worsen=8.00%, vs_none=0.995 (+0.5%)  vs_oz=1.000 (+0.0%)  vs_o3=0.981 (+1.9%)
     text_bytes: obj=1.0550, mean=0.9110, worsen=24.00%, vs_none=0.892 (+10.8%)  vs_oz=0.911 (+8.9%)  vs_o3=0.788 (+21.2%)
     data_bytes: obj=1.0413, mean=0.9933, worsen=8.00%, vs_none=0.985 (+1.5%)  vs_oz=0.993 (+0.7%)  vs_o3=0.987 (+1.3%)
     bss_bytes: obj=1.0000, mean=1.0000, worsen=0.00%, vs_none=1.000 (+0.0%)  vs_oz=1.000 (+0.0%)  vs_o3=1.000 (+0.0%)
     dec_bytes: obj=1.0743, mean=0.9303, worsen=24.00%, vs_none=0.909 (+9.1%)  vs_oz=0.930 (+7.0%)  vs_o3=0.835 (+16.5%)
  #5: len=39, syn_rate=0.53
     stripped_file_bytes: obj=1.0475, mean=0.9995, worsen=8.00%, vs_none=0.995 (+0.5%)  vs_oz=1.000 (+0.0%)  vs_o3=0.981 (+1.9%)
     text_bytes: obj=1.0550, mean=0.9110, worsen=24.00%, vs_none=0.892 (+10.8%)  vs_oz=0.911 (+8.9%)  vs_o3=0.788 (+21.2%)
     data_bytes: obj=1.0413, mean=0.9933, worsen=8.00%, vs_none=0.985 (+1.5%)  vs_oz=0.993 (+0.7%)  vs_o3=0.987 (+1.3%)
     bss_bytes: obj=1.0000, mean=1.0000, worsen=0.00%, vs_none=1.000 (+0.0%)  vs_oz=1.000 (+0.0%)  vs_o3=1.000 (+0.0%)
     dec_bytes: obj=1.0743, mean=0.9303, worsen=24.00%, vs_none=0.909 (+9.1%)  vs_oz=0.930 (+7.0%)  vs_o3=0.835 (+16.5%)
核心调优成本已写入: /root/exp/RFunipassLab/results/instrcount/summaries/20260510_142027_843602_feature_lite_seed456_core_tuning_cost.json
结果已写入: /root/exp/RFunipassLab/results/instrcount/summaries/20260510_142027_843602_feature_lite_seed456.json
总运行时间: 2237.14 秒
