# run_id: 20260423_205014_703926_feature_lite_seed460
# name: feature_lite
# group: feature_ablation
# description: 切换到 Lite 特征编码，保留其余搜索流程不变。
# changed: FEATURE_MODE=lite, GA_GEN=5, GA_POP=200, ITERS=100, MAX_SEQ_LEN=120, MIN_VAL_PROGRAMS=5, SEED_TOPK=0, TEST_TOPK=50, TRAIN_TOPK=200, VAL_RATIO=0.5
# result_json: /root/exp/RFunipassLab/results/instrcount/summaries/20260423_205014_703926_feature_lite_seed460.json
# started_at: 2026-04-23T20:50:14
# control_env:
#   BACKEND_OPT_LEVEL=-O0
#   BINARY_SIZE_METRIC=stripped_file_bytes
#   BINARY_SIZE_REPORT_METRICS=text_bytes,data_bytes,bss_bytes,dec_bytes
#   DECAY=0.5
#   EXPERIMENT_SEED=460
#   FEATURE_MODE=lite
#   GA_ELITE=0.1
#   GA_GEN=5
#   GA_MUT=0.8
#   GA_POP=200
#   GA_TOUR=3
#   ITERS=100
#   LOOP_NESTING_POLICY=wrap
#   MAX_SEQ_LEN=120
#   MIN_VAL_PROGRAMS=5
#   OBJECTIVE_BASELINE=oz
#   OBJECTIVE_KIND=instrcount
#   OBJ_HIGHVAR_W=0.0
#   OBJ_WORSEN_W=0.15
#   OFFSET=20
#   PROGRAM_POOL_KIND=auto
#   RNUM=256
#   RUNS=1
#   RUNTIME_EVAL_MAX_VARIANCE_PCT=15.0
#   RUNTIME_MAX_INNER_REPEATS=64
#   RUNTIME_MAX_VARIANCE_PCT=10.0
#   RUNTIME_REQUIRED_ROWS=0
#   RUNTIME_SAMPLES=5
#   RUNTIME_TARGET_SAMPLE_MS=30.0
#   RUNTIME_TIMEOUT_SEC=2.0
#   SCALE=10
#   SEED_TOPK=0
#   SPLIT_SEED=460
#   TEST_TOPK=50
#   TRAIN_TOPK=200
#   VAL_RATIO=0.5

Loading train/test rows from: /root/exp/RFunipassLab/data/tuning_results.csv
Loaded train programs:       200
Loaded initial seed seqs:    90
Loaded test programs:        50
Objective kind:              instrcount
Program pool kind:           tuning

Loading synergy graph from: /root/exp/RFunipassLab/data/Step3_EnumeratedPairs.csv
All passes (19): ['module(inferattrs)', 'module(scc-oz-module-inliner)', 'function(gvn-hoist)', 'cgscc(attributor-cgscc)', 'function(dse)', 'function(jump-threading)', 'function(dce)', 'module(attributor)', 'module(globalopt)', 'module(elim-avail-extern)', 'function(reassociate)', 'function(memcpyopt)', 'module(iroutliner)', 'function(instsimplify)', 'function(gvn-sink)', 'function(newgvn)', 'function(mem2reg)', 'loop(loop-simplifycfg)', 'function(lower-switch)']
Synergy edges: 176
Self-loop passes: {'cgscc(attributor-cgscc)', 'module(attributor)', 'function(newgvn)'}

============================================================
实验轮次 1 / 1
============================================================
============================================================
目标类型:      instrcount
目标基准:      -Oz
基准指标:      -Oz 基准指令数
优化指标:      归一化指令数
输入程序数:    200
输入次优序列数: 90
测试程序数:    50
Pass 词表大小: 19
协同边数:      176
自环 pass 数:  3
序列长度上限:  120
Loop 合法化策略: wrap
实验种子:      460
划分种子:      460
特征模式:      lite
RF 特征维度:   31
词表: ['module(inferattrs)', 'module(scc-oz-module-inliner)', 'function(gvn-hoist)', 'cgscc(attributor-cgscc)', 'function(dse)', 'function(jump-threading)', 'function(dce)', 'module(attributor)', 'module(globalopt)', 'module(elim-avail-extern)', 'function(reassociate)', 'function(memcpyopt)', 'module(iroutliner)', 'function(instsimplify)', 'function(gvn-sink)', 'function(newgvn)', 'function(mem2reg)', 'loop(loop-simplifycfg)', 'function(lower-switch)']
多目标权重:    mean=1.0, worsen=0.15, highvar=0.0

[Step 1.5] 训练程序切分...
  search_train 程序数: 100
  validation 程序数:   100
  split_signature(search_train): 0bf75313023fcd96df23526ac6add04788b5e92c
  split_signature(validation):   b982062f90419fc2260c12e6732e3483464dd095
  split_signature(test):         338de2e9059a195def93ad25199831a1b4a18c04

[Step 2] 计算 search_train 程序 -Oz 基准指令数...
[Step 2b] 计算 validation 程序 -Oz 基准指令数...
[Step 2c] 计算测试集程序 -Oz 基准指令数...

[Step 3] 评估初始 seed 序列（共 90 条）...

[Step 4] 开始贝叶斯优化（100 轮）...
GA search time: 8.44s, candidates: 359
  [iter   1/100] search_obj=1.0395  search_best=0.7741  validation_best=0.8067  EI=0.0115  rnum=159.9  len=14  syn_rate=0.29  mean=1.0050  worsen=23.00%  highvar=0.00%
GA search time: 5.58s, candidates: 357
  [iter   2/100] search_obj=0.8101  search_best=0.7741  validation_best=0.8067  EI=0.0178  rnum=157.7  len=14  syn_rate=0.31  mean=0.7936  worsen=11.00%  highvar=0.00%
GA search time: 8.91s, candidates: 355
  [iter   3/100] search_obj=1.0468  search_best=0.7741  validation_best=0.8067  EI=0.0102  rnum=155.6  len=28  syn_rate=0.39  mean=0.9643  worsen=55.00%  highvar=0.00%
GA search time: 6.17s, candidates: 353
  [iter   4/100] search_obj=0.7809  search_best=0.7741  validation_best=0.7637  EI=0.0114  rnum=153.4  len=18  syn_rate=0.32  mean=0.7659  worsen=10.00%  highvar=0.00%
GA search time: 5.52s, candidates: 351
  [iter   5/100] search_obj=0.7691  search_best=0.7691  validation_best=0.7637  EI=0.0134  rnum=151.3  len=18  syn_rate=0.36  mean=0.7556  worsen=9.00%  highvar=0.00%
GA search time: 12.97s, candidates: 349
  [iter   6/100] search_obj=0.7334  search_best=0.7334  validation_best=0.7537  EI=0.0151  rnum=149.1  len=23  syn_rate=0.35  mean=0.7199  worsen=9.00%  highvar=0.00%
GA search time: 15.94s, candidates: 346
  [iter   7/100] search_obj=0.7381  search_best=0.7334  validation_best=0.7372  EI=0.0148  rnum=147.0  len=61  syn_rate=0.53  mean=0.7246  worsen=9.00%  highvar=0.00%
GA search time: 17.84s, candidates: 344
  [iter   8/100] search_obj=0.9863  search_best=0.7334  validation_best=0.7372  EI=0.0189  rnum=144.8  len=65  syn_rate=0.70  mean=0.9593  worsen=18.00%  highvar=0.00%
GA search time: 16.03s, candidates: 342
  [iter   9/100] search_obj=0.9392  search_best=0.7334  validation_best=0.7372  EI=0.0211  rnum=142.7  len=34  syn_rate=0.43  mean=0.9122  worsen=18.00%  highvar=0.00%
GA search time: 12.94s, candidates: 340
  [iter  10/100] search_obj=1.0377  search_best=0.7334  validation_best=0.7372  EI=0.0174  rnum=140.5  len=40  syn_rate=0.31  mean=0.9537  worsen=56.00%  highvar=0.00%
GA search time: 7.79s, candidates: 338
  [iter  11/100] search_obj=0.9417  search_best=0.7334  validation_best=0.7372  EI=0.0194  rnum=138.4  len=41  syn_rate=0.41  mean=0.9147  worsen=18.00%  highvar=0.00%
GA search time: 8.71s, candidates: 336
  [iter  12/100] search_obj=0.9417  search_best=0.7334  validation_best=0.7372  EI=0.0154  rnum=136.3  len=60  syn_rate=0.34  mean=0.9147  worsen=18.00%  highvar=0.00%
GA search time: 7.61s, candidates: 334
  [iter  13/100] search_obj=0.7334  search_best=0.7334  validation_best=0.7372  EI=0.0128  rnum=134.2  len=23  syn_rate=0.34  mean=0.7199  worsen=9.00%  highvar=0.00%
GA search time: 8.26s, candidates: 332
  [iter  14/100] search_obj=0.7325  search_best=0.7325  validation_best=0.7372  EI=0.0123  rnum=132.1  len=26  syn_rate=0.36  mean=0.7190  worsen=9.00%  highvar=0.00%
GA search time: 6.64s, candidates: 329
  [iter  15/100] search_obj=0.8384  search_best=0.7325  validation_best=0.7372  EI=0.0177  rnum=130.0  len=26  syn_rate=0.34  mean=0.8219  worsen=11.00%  highvar=0.00%
GA search time: 6.97s, candidates: 327
  [iter  16/100] search_obj=0.9387  search_best=0.7325  validation_best=0.7372  EI=0.0166  rnum=127.9  len=23  syn_rate=0.32  mean=0.9117  worsen=18.00%  highvar=0.00%
GA search time: 7.21s, candidates: 325
  [iter  17/100] search_obj=0.7333  search_best=0.7325  validation_best=0.7372  EI=0.0162  rnum=125.8  len=23  syn_rate=0.38  mean=0.7198  worsen=9.00%  highvar=0.00%
GA search time: 7.72s, candidates: 323
  [iter  18/100] search_obj=1.0278  search_best=0.7325  validation_best=0.7372  EI=0.0172  rnum=123.7  len=36  syn_rate=0.39  mean=0.9963  worsen=21.00%  highvar=0.00%
GA search time: 5.55s, candidates: 321
  [iter  19/100] search_obj=0.7334  search_best=0.7325  validation_best=0.7372  EI=0.0184  rnum=121.6  len=24  syn_rate=0.39  mean=0.7199  worsen=9.00%  highvar=0.00%
GA search time: 6.18s, candidates: 319
  [iter  20/100] search_obj=0.7334  search_best=0.7325  validation_best=0.7372  EI=0.0185  rnum=119.6  len=25  syn_rate=0.39  mean=0.7199  worsen=9.00%  highvar=0.00%
GA search time: 5.32s, candidates: 317
  [iter  21/100] search_obj=0.7334  search_best=0.7325  validation_best=0.7372  EI=0.0201  rnum=117.5  len=26  syn_rate=0.39  mean=0.7199  worsen=9.00%  highvar=0.00%
GA search time: 6.78s, candidates: 315
  [iter  22/100] search_obj=0.8393  search_best=0.7325  validation_best=0.7372  EI=0.0207  rnum=115.5  len=30  syn_rate=0.36  mean=0.8228  worsen=11.00%  highvar=0.00%
GA search time: 8.38s, candidates: 313
  [iter  23/100] search_obj=0.7333  search_best=0.7325  validation_best=0.7372  EI=0.0178  rnum=113.5  len=25  syn_rate=0.40  mean=0.7198  worsen=9.00%  highvar=0.00%
GA search time: 10.03s, candidates: 311
  [iter  24/100] search_obj=0.7325  search_best=0.7325  validation_best=0.7372  EI=0.0159  rnum=111.5  len=27  syn_rate=0.38  mean=0.7190  worsen=9.00%  highvar=0.00%
GA search time: 4.94s, candidates: 309
  [iter  25/100] search_obj=1.0302  search_best=0.7325  validation_best=0.7372  EI=0.0206  rnum=109.5  len=25  syn_rate=0.38  mean=0.9972  worsen=22.00%  highvar=0.00%
GA search time: 5.36s, candidates: 307
  [iter  26/100] search_obj=0.7334  search_best=0.7325  validation_best=0.7372  EI=0.0183  rnum=107.6  len=27  syn_rate=0.40  mean=0.7199  worsen=9.00%  highvar=0.00%
GA search time: 3.55s, candidates: 305
  [iter  27/100] search_obj=0.7306  search_best=0.7306  validation_best=0.7372  EI=0.0188  rnum=105.6  len=25  syn_rate=0.38  mean=0.7186  worsen=8.00%  highvar=0.00%
GA search time: 3.11s, candidates: 303
  [iter  28/100] search_obj=0.8484  search_best=0.7306  validation_best=0.7372  EI=0.0208  rnum=103.7  len=23  syn_rate=0.43  mean=0.8349  worsen=9.00%  highvar=0.00%
GA search time: 4.23s, candidates: 301
  [iter  29/100] search_obj=1.2295  search_best=0.7306  validation_best=0.7372  EI=0.0250  rnum=101.7  len=23  syn_rate=0.39  mean=1.1140  worsen=77.00%  highvar=0.00%
GA search time: 3.72s, candidates: 299
  [iter  30/100] search_obj=0.9680  search_best=0.7306  validation_best=0.7372  EI=0.0233  rnum=99.8  len=25  syn_rate=0.40  mean=0.9440  worsen=16.00%  highvar=0.00%
GA search time: 4.43s, candidates: 297
  [iter  31/100] search_obj=1.0287  search_best=0.7306  validation_best=0.7372  EI=0.0191  rnum=97.9  len=22  syn_rate=0.39  mean=0.9972  worsen=21.00%  highvar=0.00%
GA search time: 6.29s, candidates: 296
  [iter  32/100] search_obj=0.7334  search_best=0.7306  validation_best=0.7372  EI=0.0194  rnum=96.1  len=26  syn_rate=0.39  mean=0.7199  worsen=9.00%  highvar=0.00%
GA search time: 5.35s, candidates: 294
  [iter  33/100] search_obj=1.0345  search_best=0.7306  validation_best=0.7372  EI=0.0202  rnum=94.2  len=28  syn_rate=0.38  mean=1.0000  worsen=23.00%  highvar=0.00%
GA search time: 5.03s, candidates: 292
  [iter  34/100] search_obj=0.8501  search_best=0.7306  validation_best=0.7372  EI=0.0204  rnum=92.4  len=26  syn_rate=0.40  mean=0.8351  worsen=10.00%  highvar=0.00%
GA search time: 6.35s, candidates: 290
  [iter  35/100] search_obj=0.7275  search_best=0.7275  validation_best=0.7295  EI=0.0172  rnum=90.5  len=27  syn_rate=0.39  mean=0.7140  worsen=9.00%  highvar=0.00%
GA search time: 4.47s, candidates: 288
  [iter  36/100] search_obj=1.0402  search_best=0.7275  validation_best=0.7295  EI=0.0193  rnum=88.7  len=27  syn_rate=0.38  mean=0.9547  worsen=57.00%  highvar=0.00%
GA search time: 4.23s, candidates: 286
  [iter  37/100] search_obj=0.7325  search_best=0.7275  validation_best=0.7295  EI=0.0191  rnum=87.0  len=27  syn_rate=0.36  mean=0.7190  worsen=9.00%  highvar=0.00%
GA search time: 5.78s, candidates: 285
  [iter  38/100] search_obj=0.7334  search_best=0.7275  validation_best=0.7295  EI=0.0191  rnum=85.2  len=27  syn_rate=0.39  mean=0.7199  worsen=9.00%  highvar=0.00%
GA search time: 3.50s, candidates: 283
  [iter  39/100] search_obj=0.7334  search_best=0.7275  validation_best=0.7295  EI=0.0191  rnum=83.5  len=27  syn_rate=0.40  mean=0.7199  worsen=9.00%  highvar=0.00%
GA search time: 5.58s, candidates: 281
  [iter  40/100] search_obj=0.7334  search_best=0.7275  validation_best=0.7295  EI=0.0217  rnum=81.7  len=27  syn_rate=0.38  mean=0.7199  worsen=9.00%  highvar=0.00%
GA search time: 3.26s, candidates: 280
  [iter  41/100] search_obj=0.7501  search_best=0.7275  validation_best=0.7295  EI=0.0203  rnum=80.0  len=27  syn_rate=0.44  mean=0.7366  worsen=9.00%  highvar=0.00%
GA search time: 4.00s, candidates: 278
  [iter  42/100] search_obj=0.7333  search_best=0.7275  validation_best=0.7295  EI=0.0183  rnum=78.4  len=24  syn_rate=0.38  mean=0.7198  worsen=9.00%  highvar=0.00%
GA search time: 3.81s, candidates: 276
  [iter  43/100] search_obj=0.7334  search_best=0.7275  validation_best=0.7295  EI=0.0212  rnum=76.7  len=27  syn_rate=0.39  mean=0.7199  worsen=9.00%  highvar=0.00%
GA search time: 4.57s, candidates: 275
  [iter  44/100] search_obj=0.9365  search_best=0.7275  validation_best=0.7295  EI=0.0194  rnum=75.1  len=27  syn_rate=0.38  mean=0.9110  worsen=17.00%  highvar=0.00%
GA search time: 3.66s, candidates: 273
  [iter  45/100] search_obj=0.8925  search_best=0.7275  validation_best=0.7295  EI=0.0179  rnum=73.4  len=27  syn_rate=0.38  mean=0.8475  worsen=30.00%  highvar=0.00%
GA search time: 3.32s, candidates: 271
  [iter  46/100] search_obj=1.0345  search_best=0.7275  validation_best=0.7295  EI=0.0223  rnum=71.8  len=23  syn_rate=0.36  mean=1.0000  worsen=23.00%  highvar=0.00%
GA search time: 3.69s, candidates: 270
  [iter  47/100] search_obj=0.7588  search_best=0.7275  validation_best=0.7295  EI=0.0190  rnum=70.3  len=23  syn_rate=0.39  mean=0.7453  worsen=9.00%  highvar=0.00%
GA search time: 4.39s, candidates: 268
  [iter  48/100] search_obj=0.7334  search_best=0.7275  validation_best=0.7295  EI=0.0163  rnum=68.7  len=26  syn_rate=0.35  mean=0.7199  worsen=9.00%  highvar=0.00%
GA search time: 4.20s, candidates: 267
  [iter  49/100] search_obj=0.9395  search_best=0.7275  validation_best=0.7295  EI=0.0179  rnum=67.2  len=26  syn_rate=0.38  mean=0.9125  worsen=18.00%  highvar=0.00%
GA search time: 3.74s, candidates: 265
  [iter  50/100] search_obj=0.7333  search_best=0.7275  validation_best=0.7295  EI=0.0187  rnum=65.7  len=23  syn_rate=0.36  mean=0.7198  worsen=9.00%  highvar=0.00%
GA search time: 3.97s, candidates: 264
  [iter  51/100] search_obj=0.7333  search_best=0.7275  validation_best=0.7295  EI=0.0238  rnum=64.2  len=27  syn_rate=0.41  mean=0.7198  worsen=9.00%  highvar=0.00%
GA search time: 4.39s, candidates: 262
  [iter  52/100] search_obj=0.7331  search_best=0.7275  validation_best=0.7295  EI=0.0219  rnum=62.7  len=26  syn_rate=0.40  mean=0.7196  worsen=9.00%  highvar=0.00%
GA search time: 4.39s, candidates: 261
  [iter  53/100] search_obj=0.7325  search_best=0.7275  validation_best=0.7295  EI=0.0202  rnum=61.3  len=27  syn_rate=0.36  mean=0.7190  worsen=9.00%  highvar=0.00%
GA search time: 4.86s, candidates: 259
  [iter  54/100] search_obj=0.7334  search_best=0.7275  validation_best=0.7295  EI=0.0168  rnum=59.8  len=27  syn_rate=0.38  mean=0.7199  worsen=9.00%  highvar=0.00%
GA search time: 5.07s, candidates: 258
  [iter  55/100] search_obj=1.2946  search_best=0.7275  validation_best=0.7295  EI=0.0202  rnum=58.4  len=27  syn_rate=0.36  mean=1.1911  worsen=69.00%  highvar=0.00%
GA search time: 4.45s, candidates: 257
  [iter  56/100] search_obj=0.7526  search_best=0.7275  validation_best=0.7295  EI=0.0234  rnum=57.0  len=26  syn_rate=0.40  mean=0.7391  worsen=9.00%  highvar=0.00%
GA search time: 3.90s, candidates: 255
  [iter  57/100] search_obj=0.8436  search_best=0.7275  validation_best=0.7295  EI=0.0158  rnum=55.7  len=23  syn_rate=0.34  mean=0.8286  worsen=10.00%  highvar=0.00%
GA search time: 6.66s, candidates: 254
  [iter  58/100] search_obj=0.7982  search_best=0.7275  validation_best=0.7295  EI=0.0199  rnum=54.3  len=25  syn_rate=0.40  mean=0.7787  worsen=13.00%  highvar=0.00%
GA search time: 5.60s, candidates: 253
  [iter  59/100] search_obj=0.7334  search_best=0.7275  validation_best=0.7295  EI=0.0176  rnum=53.0  len=27  syn_rate=0.36  mean=0.7199  worsen=9.00%  highvar=0.00%
GA search time: 4.78s, candidates: 251
  [iter  60/100] search_obj=0.7334  search_best=0.7275  validation_best=0.7295  EI=0.0195  rnum=51.7  len=26  syn_rate=0.36  mean=0.7199  worsen=9.00%  highvar=0.00%
GA search time: 4.42s, candidates: 250
  [iter  61/100] search_obj=0.7334  search_best=0.7275  validation_best=0.7295  EI=0.0198  rnum=50.5  len=27  syn_rate=0.36  mean=0.7199  worsen=9.00%  highvar=0.00%
GA search time: 4.55s, candidates: 249
  [iter  62/100] search_obj=0.9408  search_best=0.7275  validation_best=0.7295  EI=0.0153  rnum=49.2  len=28  syn_rate=0.36  mean=0.9138  worsen=18.00%  highvar=0.00%
GA search time: 3.37s, candidates: 247
  [iter  63/100] search_obj=0.7333  search_best=0.7275  validation_best=0.7295  EI=0.0200  rnum=48.0  len=25  syn_rate=0.36  mean=0.7198  worsen=9.00%  highvar=0.00%
GA search time: 6.10s, candidates: 246
  [iter  64/100] search_obj=1.0287  search_best=0.7275  validation_best=0.7295  EI=0.0184  rnum=46.8  len=25  syn_rate=0.39  mean=0.9972  worsen=21.00%  highvar=0.00%
GA search time: 6.20s, candidates: 245
  [iter  65/100] search_obj=0.7580  search_best=0.7275  validation_best=0.7295  EI=0.0206  rnum=45.6  len=23  syn_rate=0.36  mean=0.7445  worsen=9.00%  highvar=0.00%
GA search time: 4.80s, candidates: 244
  [iter  66/100] search_obj=0.9596  search_best=0.7275  validation_best=0.7295  EI=0.0193  rnum=44.4  len=24  syn_rate=0.37  mean=0.9386  worsen=14.00%  highvar=0.00%
GA search time: 4.21s, candidates: 243
  [iter  67/100] search_obj=0.9399  search_best=0.7275  validation_best=0.7295  EI=0.0194  rnum=43.3  len=27  syn_rate=0.39  mean=0.9129  worsen=18.00%  highvar=0.00%
GA search time: 4.45s, candidates: 242
  [iter  68/100] search_obj=1.1533  search_best=0.7275  validation_best=0.7295  EI=0.0164  rnum=42.2  len=26  syn_rate=0.36  mean=1.0828  worsen=47.00%  highvar=0.00%
GA search time: 3.02s, candidates: 241
  [iter  69/100] search_obj=0.7334  search_best=0.7275  validation_best=0.7295  EI=0.0142  rnum=41.1  len=25  syn_rate=0.35  mean=0.7199  worsen=9.00%  highvar=0.00%
GA search time: 4.21s, candidates: 239
  [iter  70/100] search_obj=1.0278  search_best=0.7275  validation_best=0.7295  EI=0.0126  rnum=40.0  len=25  syn_rate=0.38  mean=0.9963  worsen=21.00%  highvar=0.00%
GA search time: 4.92s, candidates: 238
  [iter  71/100] search_obj=1.1866  search_best=0.7275  validation_best=0.7295  EI=0.0199  rnum=38.9  len=26  syn_rate=0.39  mean=1.1161  worsen=47.00%  highvar=0.00%
GA search time: 3.51s, candidates: 237
  [iter  72/100] search_obj=0.7334  search_best=0.7275  validation_best=0.7295  EI=0.0188  rnum=37.9  len=25  syn_rate=0.38  mean=0.7199  worsen=9.00%  highvar=0.00%
GA search time: 4.97s, candidates: 236
  [iter  73/100] search_obj=0.7334  search_best=0.7275  validation_best=0.7295  EI=0.0171  rnum=36.9  len=27  syn_rate=0.39  mean=0.7199  worsen=9.00%  highvar=0.00%
GA search time: 3.70s, candidates: 235
  [iter  74/100] search_obj=1.0038  search_best=0.7275  validation_best=0.7295  EI=0.0219  rnum=35.9  len=27  syn_rate=0.35  mean=0.9723  worsen=21.00%  highvar=0.00%
GA search time: 4.70s, candidates: 234
  [iter  75/100] search_obj=0.7332  search_best=0.7275  validation_best=0.7295  EI=0.0197  rnum=34.9  len=25  syn_rate=0.39  mean=0.7197  worsen=9.00%  highvar=0.00%
GA search time: 2.75s, candidates: 233
  [iter  76/100] search_obj=0.7325  search_best=0.7275  validation_best=0.7295  EI=0.0221  rnum=33.9  len=27  syn_rate=0.37  mean=0.7190  worsen=9.00%  highvar=0.00%
GA search time: 2.82s, candidates: 233
  [iter  77/100] search_obj=0.7326  search_best=0.7275  validation_best=0.7295  EI=0.0203  rnum=33.0  len=27  syn_rate=0.38  mean=0.7191  worsen=9.00%  highvar=0.00%
GA search time: 4.38s, candidates: 232
  [iter  78/100] search_obj=0.7334  search_best=0.7275  validation_best=0.7295  EI=0.0189  rnum=32.1  len=22  syn_rate=0.35  mean=0.7199  worsen=9.00%  highvar=0.00%
GA search time: 4.48s, candidates: 231
  [iter  79/100] search_obj=1.0305  search_best=0.7275  validation_best=0.7295  EI=0.0149  rnum=31.2  len=25  syn_rate=0.34  mean=0.9975  worsen=22.00%  highvar=0.00%
GA search time: 4.21s, candidates: 230
  [iter  80/100] search_obj=0.9404  search_best=0.7275  validation_best=0.7295  EI=0.0163  rnum=30.3  len=27  syn_rate=0.35  mean=0.9134  worsen=18.00%  highvar=0.00%
GA search time: 2.96s, candidates: 229
  [iter  81/100] search_obj=0.7333  search_best=0.7275  validation_best=0.7295  EI=0.0191  rnum=29.5  len=25  syn_rate=0.38  mean=0.7198  worsen=9.00%  highvar=0.00%
GA search time: 4.26s, candidates: 228
  [iter  82/100] search_obj=0.8733  search_best=0.7275  validation_best=0.7295  EI=0.0196  rnum=28.6  len=25  syn_rate=0.39  mean=0.8568  worsen=11.00%  highvar=0.00%
GA search time: 3.04s, candidates: 227
  [iter  83/100] search_obj=0.7334  search_best=0.7275  validation_best=0.7295  EI=0.0165  rnum=27.8  len=27  syn_rate=0.39  mean=0.7199  worsen=9.00%  highvar=0.00%
GA search time: 5.36s, candidates: 226
  [iter  84/100] search_obj=1.0345  search_best=0.7275  validation_best=0.7295  EI=0.0157  rnum=27.0  len=27  syn_rate=0.39  mean=1.0000  worsen=23.00%  highvar=0.00%
GA search time: 4.47s, candidates: 226
  [iter  85/100] search_obj=0.9396  search_best=0.7275  validation_best=0.7295  EI=0.0160  rnum=26.2  len=24  syn_rate=0.36  mean=0.9126  worsen=18.00%  highvar=0.00%
GA search time: 6.22s, candidates: 225
  [iter  86/100] search_obj=0.7326  search_best=0.7275  validation_best=0.7295  EI=0.0183  rnum=25.4  len=25  syn_rate=0.36  mean=0.7191  worsen=9.00%  highvar=0.00%
GA search time: 3.56s, candidates: 224
  [iter  87/100] search_obj=0.9391  search_best=0.7275  validation_best=0.7295  EI=0.0170  rnum=24.7  len=24  syn_rate=0.36  mean=0.9121  worsen=18.00%  highvar=0.00%
GA search time: 3.13s, candidates: 223
  [iter  88/100] search_obj=0.7334  search_best=0.7275  validation_best=0.7295  EI=0.0184  rnum=24.0  len=26  syn_rate=0.40  mean=0.7199  worsen=9.00%  highvar=0.00%
GA search time: 3.09s, candidates: 223
  [iter  89/100] search_obj=0.8397  search_best=0.7275  validation_best=0.7295  EI=0.0192  rnum=23.3  len=26  syn_rate=0.36  mean=0.8232  worsen=11.00%  highvar=0.00%
GA search time: 4.24s, candidates: 222
  [iter  90/100] search_obj=0.9370  search_best=0.7275  validation_best=0.7295  EI=0.0151  rnum=22.6  len=27  syn_rate=0.39  mean=0.9115  worsen=17.00%  highvar=0.00%
GA search time: 3.79s, candidates: 221
  [iter  91/100] search_obj=0.7333  search_best=0.7275  validation_best=0.7295  EI=0.0145  rnum=21.9  len=24  syn_rate=0.38  mean=0.7198  worsen=9.00%  highvar=0.00%
GA search time: 3.83s, candidates: 221
  [iter  92/100] search_obj=0.7337  search_best=0.7275  validation_best=0.7295  EI=0.0197  rnum=21.2  len=27  syn_rate=0.41  mean=0.7202  worsen=9.00%  highvar=0.00%
GA search time: 4.38s, candidates: 220
  [iter  93/100] search_obj=0.7334  search_best=0.7275  validation_best=0.7295  EI=0.0196  rnum=20.6  len=27  syn_rate=0.39  mean=0.7199  worsen=9.00%  highvar=0.00%
GA search time: 3.69s, candidates: 219
  [iter  94/100] search_obj=0.7412  search_best=0.7275  validation_best=0.7295  EI=0.0195  rnum=19.9  len=26  syn_rate=0.38  mean=0.7307  worsen=7.00%  highvar=0.00%
GA search time: 2.70s, candidates: 219
  [iter  95/100] search_obj=0.7334  search_best=0.7275  validation_best=0.7295  EI=0.0158  rnum=19.3  len=25  syn_rate=0.35  mean=0.7199  worsen=9.00%  highvar=0.00%
GA search time: 3.69s, candidates: 218
  [iter  96/100] search_obj=0.7334  search_best=0.7275  validation_best=0.7295  EI=0.0140  rnum=18.7  len=24  syn_rate=0.39  mean=0.7199  worsen=9.00%  highvar=0.00%
GA search time: 5.48s, candidates: 218
  [iter  97/100] search_obj=0.7334  search_best=0.7275  validation_best=0.7295  EI=0.0187  rnum=18.1  len=27  syn_rate=0.39  mean=0.7199  worsen=9.00%  highvar=0.00%
GA search time: 5.24s, candidates: 217
  [iter  98/100] search_obj=0.9404  search_best=0.7275  validation_best=0.7295  EI=0.0161  rnum=17.6  len=27  syn_rate=0.34  mean=0.9134  worsen=18.00%  highvar=0.00%
GA search time: 4.13s, candidates: 216
  [iter  99/100] search_obj=0.9112  search_best=0.7275  validation_best=0.7295  EI=0.0133  rnum=17.0  len=24  syn_rate=0.35  mean=0.8917  worsen=13.00%  highvar=0.00%
GA search time: 4.90s, candidates: 216
  [iter 100/100] search_obj=0.9400  search_best=0.7275  validation_best=0.7295  EI=0.0152  rnum=16.5  len=37  syn_rate=0.41  mean=0.9130  worsen=18.00%  highvar=0.00%

[Step 5] 按 validation 选择最终通用序列...
  选择结果:
    search_train_obj=0.7275, search_train_mean=0.7140, search_train_worsen=9.00%, search_train_highvar=0.00%
    validation_obj=0.7295, validation_mean=0.7235, validation_worsen=4.00%, validation_highvar=0.00%

[Step 6] 在 validation 上执行消融后处理...

[Ablation-validation] 初始序列长度: 27, objective: 0.7295, mean_norm: 0.7235, worsen_rate: 4.00%
  移除 [26] module(scc-oz-module-inliner): objective 0.7484 > 0.7295 (恢复)
  移除 [25] module(elim-avail-extern): objective 0.7295, mean_norm 0.7235, worsen_rate 4.00% (保留移除)
  移除 [24] function(gvn-sink): objective 0.7301 > 0.7295 (恢复)
  移除 [23] module(attributor): objective 0.7371 > 0.7295 (恢复)
  移除 [22] module(globalopt): objective 0.7295, mean_norm 0.7235, worsen_rate 4.00% (保留移除)
  移除 [21] module(globalopt): objective 0.7295, mean_norm 0.7235, worsen_rate 4.00% (保留移除)
  移除 [20] module(iroutliner): objective 0.7295, mean_norm 0.7235, worsen_rate 4.00% (保留移除)
  移除 [19] function(instsimplify): objective 0.7295, mean_norm 0.7235, worsen_rate 4.00% (保留移除)
  移除 [18] module(iroutliner): objective 0.7314 > 0.7295 (恢复)
  移除 [17] function(instsimplify): objective 0.7295, mean_norm 0.7235, worsen_rate 4.00% (保留移除)
  移除 [16] function(dce): objective 0.7295, mean_norm 0.7235, worsen_rate 4.00% (保留移除)
  移除 [15] module(scc-oz-module-inliner): objective 0.7688 > 0.7295 (恢复)
  移除 [14] module(elim-avail-extern): objective 0.7295, mean_norm 0.7235, worsen_rate 4.00% (保留移除)
  移除 [13] function(dce): objective 0.7295, mean_norm 0.7235, worsen_rate 4.00% (保留移除)
  移除 [12] module(attributor): objective 0.7506 > 0.7295 (恢复)
  移除 [11] module(globalopt): objective 0.7295, mean_norm 0.7235, worsen_rate 4.00% (保留移除)
  移除 [10] function(gvn-sink): objective 0.7304 > 0.7295 (恢复)
  移除 [9] module(globalopt): objective 0.7295, mean_norm 0.7235, worsen_rate 4.00% (保留移除)
  移除 [8] cgscc(attributor-cgscc): objective 0.7295, mean_norm 0.7235, worsen_rate 4.00% (保留移除)
  移除 [7] function(mem2reg): objective 0.7503 > 0.7295 (恢复)
  移除 [6] module(attributor): objective 0.7297 > 0.7295 (恢复)
  移除 [5] cgscc(attributor-cgscc): objective 0.7307 > 0.7295 (恢复)
  移除 [4] function(dse): objective 0.7499 > 0.7295 (恢复)
  移除 [3] module(iroutliner): objective 0.8420 > 0.7295 (恢复)
  移除 [2] module(attributor): objective 0.7523 > 0.7295 (恢复)
  移除 [1] module(globalopt): objective 0.8709 > 0.7295 (恢复)
  移除 [0] module(elim-avail-extern): objective 0.9588 > 0.7295 (恢复)
[Ablation-validation] 最终序列长度: 15, objective: 0.7295, mean_norm: 0.7235, worsen_rate: 4.00%, 移除了 12 个 pass
  消融有效: 27 → 15 passes, validation_objective: 0.7295 → 0.7295

最终通用 pass 序列（effective=15 个顶层 pass, raw=15 个 pass, syn_rate(raw)=0.23）:
  module(elim-avail-extern) → module(globalopt) → module(attributor) → module(iroutliner) → function(dse) → cgscc(attributor-cgscc) → module(attributor) → function(mem2reg) → function(gvn-sink) → module(attributor) → module(scc-oz-module-inliner) → module(iroutliner) → module(attributor) → function(gvn-sink) → module(scc-oz-module-inliner)
  search_train_obj=0.7275, search_train_mean=0.7140, search_train_worsen=9.00%, search_train_highvar=0.00%
  validation_obj=0.7295, validation_mean=0.7235, validation_worsen=4.00%, validation_highvar=0.00%
  test_obj=0.7257, test_mean=0.7167, test_worsen=6.00%, test_highvar=0.00%

Top-5 最佳序列（按 validation 多目标 objective 升序）:
  #1: validation_obj=0.7295, validation_mean=0.7235, validation_worsen=4.00%, validation_highvar=0.00%, train_obj=0.7275, train_mean=0.7140, train_highvar=0.00%, len=27, syn_rate=0.39, test_obj=0.7257, test_mean=0.7167, test_worsen=6.00%, test_highvar=0.00%
     module(elim-avail-extern) → module(globalopt) → module(attributor) → module(iroutliner) → function(dse) → cgscc(attributor-cgscc) → module(attributor) → function(mem2reg) → cgscc(attributor-cgscc) → module(globalopt) → function(gvn-sink) → module(globalopt) → module(attributor) → function(dce) → module(elim-avail-extern) → module(scc-oz-module-inliner) → function(dce) → function(instsimplify) → module(iroutliner) → function(instsimplify) → module(iroutliner) → module(globalopt) → module(globalopt) → module(attributor) → function(gvn-sink) → module(elim-avail-extern) → module(scc-oz-module-inliner)
  #2: validation_obj=0.7372, validation_mean=0.7282, validation_worsen=6.00%, validation_highvar=0.00%, train_obj=0.7381, train_mean=0.7246, train_highvar=0.00%, len=61, syn_rate=0.53, test_obj=0.7625, test_mean=0.7505, test_worsen=8.00%, test_highvar=0.00%
     module(elim-avail-extern) → module(globalopt) → module(attributor) → module(iroutliner) → function(memcpyopt) → module(iroutliner) → cgscc(attributor-cgscc) → function(jump-threading) → module(globalopt) → function(memcpyopt) → function(memcpyopt) → module(attributor) → module(iroutliner) → function(dse) → function(memcpyopt) → cgscc(attributor-cgscc) → module(attributor) → module(scc-oz-module-inliner) → module(globalopt) → function(gvn-sink) → module(globalopt) → module(attributor) → module(scc-oz-module-inliner) → module(scc-oz-module-inliner) → function(dce) → function(instsimplify) → module(iroutliner) → function(instsimplify) → module(iroutliner) → function(reassociate) → cgscc(attributor-cgscc) → module(globalopt) → module(attributor) → module(scc-oz-module-inliner) → function(instsimplify) → module(globalopt) → module(iroutliner) → function(gvn-sink) → module(elim-avail-extern) → module(globalopt) → module(attributor) → module(iroutliner) → function(dse) → function(memcpyopt) → cgscc(attributor-cgscc) → module(attributor) → module(scc-oz-module-inliner) → cgscc(attributor-cgscc) → module(globalopt) → function(gvn-sink) → module(globalopt) → function(dce) → module(attributor) → module(scc-oz-module-inliner) → function(instsimplify) → module(iroutliner) → module(scc-oz-module-inliner) → function(instsimplify) → module(iroutliner) → function(reassociate) → function(gvn-sink)
  #3: validation_obj=0.7435, validation_mean=0.7360, validation_worsen=5.00%, validation_highvar=0.00%, train_obj=0.7326, train_mean=0.7191, train_highvar=0.00%, len=27, syn_rate=0.38, test_obj=0.7233, test_mean=0.7173, test_worsen=4.00%, test_highvar=0.00%
     module(elim-avail-extern) → module(attributor) → module(iroutliner) → function(dse) → module(attributor) → cgscc(attributor-cgscc) → function(instsimplify) → module(iroutliner) → function(instsimplify) → function(mem2reg) → module(iroutliner) → module(scc-oz-module-inliner) → cgscc(attributor-cgscc) → module(globalopt) → function(gvn-sink) → module(globalopt) → function(dce) → module(attributor) → module(globalopt) → module(scc-oz-module-inliner) → module(iroutliner) → module(elim-avail-extern) → module(globalopt) → module(globalopt) → function(instsimplify) → function(gvn-sink) → module(iroutliner)
  #4: validation_obj=0.7462, validation_mean=0.7372, validation_worsen=6.00%, validation_highvar=0.00%, train_obj=0.7333, train_mean=0.7198, train_highvar=0.00%, len=27, syn_rate=0.41, test_obj=0.7233, test_mean=0.7173, test_worsen=4.00%, test_highvar=0.00%
     module(elim-avail-extern) → module(attributor) → module(iroutliner) → function(dse) → module(attributor) → cgscc(attributor-cgscc) → function(instsimplify) → module(iroutliner) → function(instsimplify) → function(mem2reg) → module(iroutliner) → module(scc-oz-module-inliner) → cgscc(attributor-cgscc) → module(globalopt) → function(gvn-sink) → module(globalopt) → function(dce) → module(attributor) → function(instsimplify) → module(elim-avail-extern) → module(iroutliner) → module(scc-oz-module-inliner) → function(instsimplify) → module(iroutliner) → function(reassociate) → function(gvn-sink) → function(mem2reg)
  #5: validation_obj=0.7466, validation_mean=0.7391, validation_worsen=5.00%, validation_highvar=0.00%, train_obj=0.7412, train_mean=0.7307, train_highvar=0.00%, len=26, syn_rate=0.38, test_obj=0.7312, test_mean=0.7252, test_worsen=4.00%, test_highvar=0.00%
     module(elim-avail-extern) → module(globalopt) → module(attributor) → module(iroutliner) → function(dse) → cgscc(attributor-cgscc) → module(attributor) → function(mem2reg) → cgscc(attributor-cgscc) → module(globalopt) → function(gvn-sink) → module(globalopt) → module(attributor) → function(dce) → module(elim-avail-extern) → module(scc-oz-module-inliner) → function(dce) → function(instsimplify) → module(iroutliner) → function(instsimplify) → module(iroutliner) → module(globalopt) → module(attributor) → function(gvn-sink) → function(instsimplify) → function(dce)

============================================================
所有轮次中最优 validation objective: 0.7295
最优通用 pass 序列 (15 passes):
  module(elim-avail-extern) → module(globalopt) → module(attributor) → module(iroutliner) → function(dse) → cgscc(attributor-cgscc) → module(attributor) → function(mem2reg) → function(gvn-sink) → module(attributor) → module(scc-oz-module-inliner) → module(iroutliner) → module(attributor) → function(gvn-sink) → module(scc-oz-module-inliner)
  search_train_obj=0.7275, search_train_mean=0.7140, search_train_worsen=9.00%, search_train_highvar=0.00%
  validation_obj=0.7295, validation_mean=0.7235, validation_worsen=4.00%, validation_highvar=0.00%
  test_obj=0.7257, test_mean=0.7167, test_worsen=6.00%, test_highvar=0.00%

最优轮次 Top-5 序列（含测试集效果，按 validation objective 升序）:
  #1: validation_obj=0.7295, validation_mean=0.7235, validation_worsen=4.00%, validation_highvar=0.00%, train_obj=0.7275, train_mean=0.7140, train_highvar=0.00%, len=27, syn_rate=0.39, test_obj=0.7257, test_mean=0.7167, test_worsen=6.00%, test_highvar=0.00%
     module(elim-avail-extern) → module(globalopt) → module(attributor) → module(iroutliner) → function(dse) → cgscc(attributor-cgscc) → module(attributor) → function(mem2reg) → cgscc(attributor-cgscc) → module(globalopt) → function(gvn-sink) → module(globalopt) → module(attributor) → function(dce) → module(elim-avail-extern) → module(scc-oz-module-inliner) → function(dce) → function(instsimplify) → module(iroutliner) → function(instsimplify) → module(iroutliner) → module(globalopt) → module(globalopt) → module(attributor) → function(gvn-sink) → module(elim-avail-extern) → module(scc-oz-module-inliner)
  #2: validation_obj=0.7372, validation_mean=0.7282, validation_worsen=6.00%, validation_highvar=0.00%, train_obj=0.7381, train_mean=0.7246, train_highvar=0.00%, len=61, syn_rate=0.53, test_obj=0.7625, test_mean=0.7505, test_worsen=8.00%, test_highvar=0.00%
     module(elim-avail-extern) → module(globalopt) → module(attributor) → module(iroutliner) → function(memcpyopt) → module(iroutliner) → cgscc(attributor-cgscc) → function(jump-threading) → module(globalopt) → function(memcpyopt) → function(memcpyopt) → module(attributor) → module(iroutliner) → function(dse) → function(memcpyopt) → cgscc(attributor-cgscc) → module(attributor) → module(scc-oz-module-inliner) → module(globalopt) → function(gvn-sink) → module(globalopt) → module(attributor) → module(scc-oz-module-inliner) → module(scc-oz-module-inliner) → function(dce) → function(instsimplify) → module(iroutliner) → function(instsimplify) → module(iroutliner) → function(reassociate) → cgscc(attributor-cgscc) → module(globalopt) → module(attributor) → module(scc-oz-module-inliner) → function(instsimplify) → module(globalopt) → module(iroutliner) → function(gvn-sink) → module(elim-avail-extern) → module(globalopt) → module(attributor) → module(iroutliner) → function(dse) → function(memcpyopt) → cgscc(attributor-cgscc) → module(attributor) → module(scc-oz-module-inliner) → cgscc(attributor-cgscc) → module(globalopt) → function(gvn-sink) → module(globalopt) → function(dce) → module(attributor) → module(scc-oz-module-inliner) → function(instsimplify) → module(iroutliner) → module(scc-oz-module-inliner) → function(instsimplify) → module(iroutliner) → function(reassociate) → function(gvn-sink)
  #3: validation_obj=0.7435, validation_mean=0.7360, validation_worsen=5.00%, validation_highvar=0.00%, train_obj=0.7326, train_mean=0.7191, train_highvar=0.00%, len=27, syn_rate=0.38, test_obj=0.7233, test_mean=0.7173, test_worsen=4.00%, test_highvar=0.00%
     module(elim-avail-extern) → module(attributor) → module(iroutliner) → function(dse) → module(attributor) → cgscc(attributor-cgscc) → function(instsimplify) → module(iroutliner) → function(instsimplify) → function(mem2reg) → module(iroutliner) → module(scc-oz-module-inliner) → cgscc(attributor-cgscc) → module(globalopt) → function(gvn-sink) → module(globalopt) → function(dce) → module(attributor) → module(globalopt) → module(scc-oz-module-inliner) → module(iroutliner) → module(elim-avail-extern) → module(globalopt) → module(globalopt) → function(instsimplify) → function(gvn-sink) → module(iroutliner)
  #4: validation_obj=0.7462, validation_mean=0.7372, validation_worsen=6.00%, validation_highvar=0.00%, train_obj=0.7333, train_mean=0.7198, train_highvar=0.00%, len=27, syn_rate=0.41, test_obj=0.7233, test_mean=0.7173, test_worsen=4.00%, test_highvar=0.00%
     module(elim-avail-extern) → module(attributor) → module(iroutliner) → function(dse) → module(attributor) → cgscc(attributor-cgscc) → function(instsimplify) → module(iroutliner) → function(instsimplify) → function(mem2reg) → module(iroutliner) → module(scc-oz-module-inliner) → cgscc(attributor-cgscc) → module(globalopt) → function(gvn-sink) → module(globalopt) → function(dce) → module(attributor) → function(instsimplify) → module(elim-avail-extern) → module(iroutliner) → module(scc-oz-module-inliner) → function(instsimplify) → module(iroutliner) → function(reassociate) → function(gvn-sink) → function(mem2reg)
  #5: validation_obj=0.7466, validation_mean=0.7391, validation_worsen=5.00%, validation_highvar=0.00%, train_obj=0.7412, train_mean=0.7307, train_highvar=0.00%, len=26, syn_rate=0.38, test_obj=0.7312, test_mean=0.7252, test_worsen=4.00%, test_highvar=0.00%
     module(elim-avail-extern) → module(globalopt) → module(attributor) → module(iroutliner) → function(dse) → cgscc(attributor-cgscc) → module(attributor) → function(mem2reg) → cgscc(attributor-cgscc) → module(globalopt) → function(gvn-sink) → module(globalopt) → module(attributor) → function(dce) → module(elim-avail-extern) → module(scc-oz-module-inliner) → function(dce) → function(instsimplify) → module(iroutliner) → function(instsimplify) → module(iroutliner) → module(globalopt) → module(attributor) → function(gvn-sink) → function(instsimplify) → function(dce)
binarysize_test: vs_none=0.999 (+0.1%)  vs_oz=0.999 (+0.1%)  vs_o3=0.981 (+1.9%) [metric=stripped_file_bytes]
binarysize_test[text_bytes]: vs_none=0.876 (+12.4%)  vs_oz=0.900 (+10.0%)  vs_o3=0.764 (+23.6%)
binarysize_test[data_bytes]: vs_none=0.985 (+1.5%)  vs_oz=0.992 (+0.8%)  vs_o3=0.987 (+1.3%)
binarysize_test[bss_bytes]: vs_none=1.000 (+0.0%)  vs_oz=1.000 (+0.0%)  vs_o3=1.000 (+0.0%)
binarysize_test[dec_bytes]: vs_none=0.900 (+10.0%)  vs_oz=0.924 (+7.6%)  vs_o3=0.824 (+17.6%)

最优轮次 Top-5 binarysize_test 序列面板（primary=stripped_file_bytes）:
  #1: len=27, syn_rate=0.39
     stripped_file_bytes: obj=1.0054, mean=0.9994, worsen=4.00%, vs_none=0.999 (+0.1%)  vs_oz=0.999 (+0.1%)  vs_o3=0.981 (+1.9%)
     text_bytes: obj=0.9136, mean=0.8986, worsen=10.00%, vs_none=0.875 (+12.5%)  vs_oz=0.899 (+10.1%)  vs_o3=0.763 (+23.7%)
     data_bytes: obj=1.0014, mean=0.9924, worsen=6.00%, vs_none=0.985 (+1.5%)  vs_oz=0.992 (+0.8%)  vs_o3=0.987 (+1.3%)
     bss_bytes: obj=1.0000, mean=1.0000, worsen=0.00%, vs_none=1.000 (+0.0%)  vs_oz=1.000 (+0.0%)  vs_o3=1.000 (+0.0%)
     dec_bytes: obj=0.9378, mean=0.9228, worsen=10.00%, vs_none=0.899 (+10.1%)  vs_oz=0.923 (+7.7%)  vs_o3=0.823 (+17.7%)
  #2: len=61, syn_rate=0.53
     stripped_file_bytes: obj=1.0054, mean=0.9994, worsen=4.00%, vs_none=0.999 (+0.1%)  vs_oz=0.999 (+0.1%)  vs_o3=0.981 (+1.9%)
     text_bytes: obj=0.9261, mean=0.9081, worsen=12.00%, vs_none=0.884 (+11.6%)  vs_oz=0.908 (+9.2%)  vs_o3=0.772 (+22.8%)
     data_bytes: obj=1.0023, mean=0.9933, worsen=6.00%, vs_none=0.986 (+1.4%)  vs_oz=0.993 (+0.7%)  vs_o3=0.988 (+1.2%)
     bss_bytes: obj=1.0000, mean=1.0000, worsen=0.00%, vs_none=1.000 (+0.0%)  vs_oz=1.000 (+0.0%)  vs_o3=1.000 (+0.0%)
     dec_bytes: obj=0.9482, mean=0.9302, worsen=12.00%, vs_none=0.906 (+9.4%)  vs_oz=0.930 (+7.0%)  vs_o3=0.830 (+17.0%)
  #3: len=27, syn_rate=0.38
     stripped_file_bytes: obj=1.0054, mean=0.9994, worsen=4.00%, vs_none=0.999 (+0.1%)  vs_oz=0.999 (+0.1%)  vs_o3=0.981 (+1.9%)
     text_bytes: obj=0.9106, mean=0.8986, worsen=8.00%, vs_none=0.875 (+12.5%)  vs_oz=0.899 (+10.1%)  vs_o3=0.763 (+23.7%)
     data_bytes: obj=1.0014, mean=0.9924, worsen=6.00%, vs_none=0.985 (+1.5%)  vs_oz=0.992 (+0.8%)  vs_o3=0.987 (+1.3%)
     bss_bytes: obj=1.0000, mean=1.0000, worsen=0.00%, vs_none=1.000 (+0.0%)  vs_oz=1.000 (+0.0%)  vs_o3=1.000 (+0.0%)
     dec_bytes: obj=0.9347, mean=0.9227, worsen=8.00%, vs_none=0.899 (+10.1%)  vs_oz=0.923 (+7.7%)  vs_o3=0.823 (+17.7%)
  #4: len=27, syn_rate=0.41
     stripped_file_bytes: obj=1.0054, mean=0.9994, worsen=4.00%, vs_none=0.999 (+0.1%)  vs_oz=0.999 (+0.1%)  vs_o3=0.981 (+1.9%)
     text_bytes: obj=0.9105, mean=0.8985, worsen=8.00%, vs_none=0.875 (+12.5%)  vs_oz=0.899 (+10.1%)  vs_o3=0.763 (+23.7%)
     data_bytes: obj=1.0014, mean=0.9924, worsen=6.00%, vs_none=0.985 (+1.5%)  vs_oz=0.992 (+0.8%)  vs_o3=0.987 (+1.3%)
     bss_bytes: obj=1.0000, mean=1.0000, worsen=0.00%, vs_none=1.000 (+0.0%)  vs_oz=1.000 (+0.0%)  vs_o3=1.000 (+0.0%)
     dec_bytes: obj=0.9347, mean=0.9227, worsen=8.00%, vs_none=0.899 (+10.1%)  vs_oz=0.923 (+7.7%)  vs_o3=0.823 (+17.7%)
  #5: len=26, syn_rate=0.38
     stripped_file_bytes: obj=1.0054, mean=0.9994, worsen=4.00%, vs_none=0.999 (+0.1%)  vs_oz=0.999 (+0.1%)  vs_o3=0.981 (+1.9%)
     text_bytes: obj=0.9167, mean=0.9017, worsen=10.00%, vs_none=0.878 (+12.2%)  vs_oz=0.902 (+9.8%)  vs_o3=0.766 (+23.4%)
     data_bytes: obj=1.0016, mean=0.9926, worsen=6.00%, vs_none=0.985 (+1.5%)  vs_oz=0.993 (+0.7%)  vs_o3=0.987 (+1.3%)
     bss_bytes: obj=1.0000, mean=1.0000, worsen=0.00%, vs_none=1.000 (+0.0%)  vs_oz=1.000 (+0.0%)  vs_o3=1.000 (+0.0%)
     dec_bytes: obj=0.9401, mean=0.9251, worsen=10.00%, vs_none=0.901 (+9.9%)  vs_oz=0.925 (+7.5%)  vs_o3=0.826 (+17.4%)
结果已写入: /root/exp/RFunipassLab/results/instrcount/summaries/20260423_205014_703926_feature_lite_seed460.json
总运行时间: 1535.63 秒
