# run_id: 20260508_025021_913002_feature_lite_seed458
# name: feature_lite
# group: feature_ablation
# description: 切换到 Lite 特征编码，保留其余搜索流程不变。
# changed: FEATURE_MODE=lite, GA_GEN=5, GA_POP=200, ITERS=100, MAX_SEQ_LEN=120, MIN_VAL_PROGRAMS=5, SEED_TOPK=0, TEST_TOPK=50, TRAIN_TOPK=200, VAL_RATIO=0.5
# result_json: /root/exp/RFunipassLab/results/instrcount/summaries/20260508_025021_913002_feature_lite_seed458.json
# started_at: 2026-05-08T02:50:21
# control_env:
#   BACKEND_OPT_LEVEL=-O0
#   BINARY_SIZE_METRIC=stripped_file_bytes
#   BINARY_SIZE_REPORT_METRICS=text_bytes,data_bytes,bss_bytes,dec_bytes
#   DECAY=0.5
#   EXPERIMENT_SEED=458
#   FEATURE_MODE=lite
#   GA_ELITE=0.1
#   GA_GEN=5
#   GA_MUT=0.8
#   GA_POP=200
#   GA_TOUR=3
#   ITERS=100
#   LOOP_NESTING_POLICY=wrap
#   MAX_SEQ_LEN=120
#   MIN_VAL_PROGRAMS=5
#   OBJECTIVE_BASELINE=oz
#   OBJECTIVE_KIND=instrcount
#   OBJ_HIGHVAR_W=0.0
#   OBJ_WORSEN_W=0.10
#   OFFSET=20
#   PROGRAM_POOL_KIND=auto
#   RF_EXPLAIN_COUNTERFACTUAL_ENABLE=1
#   RF_EXPLAIN_COUNTERFACTUAL_MAX_EVALS=50
#   RF_EXPLAIN_COUNTERFACTUAL_SPLIT=selection
#   RF_EXPLAIN_COUNTERFACTUAL_TOPK=5
#   RF_EXPLAIN_ENABLE=0
#   RF_EXPLAIN_HOLDOUT_RATIO=0.3
#   RF_EXPLAIN_MIN_SAMPLES=20
#   RF_EXPLAIN_MODE=final
#   RF_EXPLAIN_PERM_REPEATS=10
#   RF_EXPLAIN_TOPK=20
#   RNUM=256
#   RUNS=1
#   RUNTIME_EVAL_MAX_VARIANCE_PCT=15.0
#   RUNTIME_MAX_INNER_REPEATS=64
#   RUNTIME_MAX_VARIANCE_PCT=10.0
#   RUNTIME_REQUIRED_ROWS=0
#   RUNTIME_SAMPLES=5
#   RUNTIME_TARGET_SAMPLE_MS=30.0
#   RUNTIME_TIMEOUT_SEC=2.0
#   SCALE=10
#   SEED_TOPK=0
#   SPLIT_SEED=458
#   TEST_TOPK=50
#   TRAIN_TOPK=200
#   VAL_RATIO=0.5

Loading train/test rows from: /root/exp/RFunipassLab/data/tuning_results.csv
Loaded train programs:       200
Loaded initial seed seqs:    79
Loaded test programs:        50
Objective kind:              instrcount
Program pool kind:           tuning

Loading synergy graph from: /root/exp/RFunipassLab/data/Step3_EnumeratedPairs.csv
All passes (19): ['module(elim-avail-extern)', 'function(mem2reg)', 'function(instsimplify)', 'module(iroutliner)', 'function(reassociate)', 'function(memcpyopt)', 'function(gvn-hoist)', 'function(dce)', 'function(jump-threading)', 'module(globalopt)', 'module(attributor)', 'cgscc(attributor-cgscc)', 'function(gvn-sink)', 'module(scc-oz-module-inliner)', 'function(dse)', 'function(newgvn)', 'module(inferattrs)', 'loop(loop-simplifycfg)', 'function(lower-switch)']
Synergy edges: 176
Self-loop passes: {'cgscc(attributor-cgscc)', 'function(newgvn)', 'module(attributor)'}

============================================================
实验轮次 1 / 1
============================================================
============================================================
目标类型:      instrcount
目标基准:      -Oz
基准指标:      -Oz 基准指令数
优化指标:      归一化指令数
输入程序数:    200
输入次优序列数: 79
测试程序数:    50
Pass 词表大小: 19
协同边数:      176
自环 pass 数:  3
序列长度上限:  120
Loop 合法化策略: wrap
实验种子:      458
划分种子:      458
特征模式:      lite
RF 特征维度:   31
词表: ['module(elim-avail-extern)', 'function(mem2reg)', 'function(instsimplify)', 'module(iroutliner)', 'function(reassociate)', 'function(memcpyopt)', 'function(gvn-hoist)', 'function(dce)', 'function(jump-threading)', 'module(globalopt)', 'module(attributor)', 'cgscc(attributor-cgscc)', 'function(gvn-sink)', 'module(scc-oz-module-inliner)', 'function(dse)', 'function(newgvn)', 'module(inferattrs)', 'loop(loop-simplifycfg)', 'function(lower-switch)']
多目标权重:    mean=1.0, worsen=0.1, highvar=0.0

[Step 1.5] 训练程序切分...
  search_train 程序数: 100
  validation 程序数:   100
  split_signature(search_train): 8c651010a3ff27fec9f7e5d5efa9cee41062e869
  split_signature(validation):   dd8f07df3ff69242e6dacb9d6936f2a026580e81
  split_signature(test):         a482a9715f2cdbf9817e6c112cc95b7aa635e4fb

[Step 2] 计算 search_train 程序 -Oz 基准指令数...
[Step 2b] 计算 validation 程序 -Oz 基准指令数...
[Step 2c] 计算测试集程序 -Oz 基准指令数...

[Step 3] 评估初始 seed 序列（共 79 条）...

[Step 4] 开始贝叶斯优化（100 轮）...
GA search time: 13.77s, candidates: 383
  [iter   1/100] search_obj=1.1147  search_best=0.7923  validation_best=0.7927  EI=0.0203  rnum=183.2  len=39  syn_rate=0.44  mean=1.0687  worsen=46.00%  highvar=0.00%
GA search time: 13.82s, candidates: 381
  [iter   2/100] search_obj=1.0150  search_best=0.7923  validation_best=0.7927  EI=0.0133  rnum=181.1  len=41  syn_rate=0.44  mean=0.9530  worsen=62.00%  highvar=0.00%
GA search time: 9.88s, candidates: 379
  [iter   3/100] search_obj=0.9011  search_best=0.7923  validation_best=0.7927  EI=0.0104  rnum=179.0  len=20  syn_rate=0.32  mean=0.8891  worsen=12.00%  highvar=0.00%
GA search time: 8.39s, candidates: 376
  [iter   4/100] search_obj=1.0788  search_best=0.7923  validation_best=0.7927  EI=0.0082  rnum=176.9  len=14  syn_rate=0.12  mean=1.0358  worsen=43.00%  highvar=0.00%
GA search time: 8.36s, candidates: 374
  [iter   5/100] search_obj=1.0548  search_best=0.7923  validation_best=0.7927  EI=0.0107  rnum=174.8  len=21  syn_rate=0.38  mean=1.0088  worsen=46.00%  highvar=0.00%
GA search time: 7.61s, candidates: 372
  [iter   6/100] search_obj=0.8293  search_best=0.7923  validation_best=0.7927  EI=0.0084  rnum=172.7  len=19  syn_rate=0.33  mean=0.8213  worsen=8.00%  highvar=0.00%
GA search time: 12.73s, candidates: 370
  [iter   7/100] search_obj=0.9708  search_best=0.7923  validation_best=0.7927  EI=0.0089  rnum=170.6  len=36  syn_rate=0.46  mean=0.9548  worsen=16.00%  highvar=0.00%
GA search time: 14.90s, candidates: 368
  [iter   8/100] search_obj=1.0184  search_best=0.7923  validation_best=0.7927  EI=0.0087  rnum=168.4  len=14  syn_rate=0.31  mean=0.9984  worsen=20.00%  highvar=0.00%
GA search time: 8.85s, candidates: 366
  [iter   9/100] search_obj=0.7665  search_best=0.7665  validation_best=0.7499  EI=0.0081  rnum=166.3  len=54  syn_rate=0.53  mean=0.7605  worsen=6.00%  highvar=0.00%
GA search time: 19.20s, candidates: 364
  [iter  10/100] search_obj=0.7709  search_best=0.7665  validation_best=0.7499  EI=0.0127  rnum=164.2  len=57  syn_rate=0.66  mean=0.7619  worsen=9.00%  highvar=0.00%
GA search time: 23.96s, candidates: 362
  [iter  11/100] search_obj=0.7709  search_best=0.7665  validation_best=0.7499  EI=0.0237  rnum=162.0  len=59  syn_rate=0.66  mean=0.7619  worsen=9.00%  highvar=0.00%
GA search time: 21.56s, candidates: 359
  [iter  12/100] search_obj=0.7709  search_best=0.7665  validation_best=0.7499  EI=0.0221  rnum=159.9  len=81  syn_rate=0.68  mean=0.7619  worsen=9.00%  highvar=0.00%
GA search time: 23.77s, candidates: 357
  [iter  13/100] search_obj=1.4334  search_best=0.7665  validation_best=0.7499  EI=0.0292  rnum=157.7  len=55  syn_rate=0.31  mean=1.3414  worsen=92.00%  highvar=0.00%
GA search time: 23.80s, candidates: 355
  [iter  14/100] search_obj=1.0679  search_best=0.7665  validation_best=0.7499  EI=0.0417  rnum=155.6  len=59  syn_rate=0.34  mean=1.0039  worsen=64.00%  highvar=0.00%
GA search time: 24.78s, candidates: 353
  [iter  15/100] search_obj=0.9336  search_best=0.7665  validation_best=0.7499  EI=0.0383  rnum=153.4  len=99  syn_rate=0.91  mean=0.8906  worsen=43.00%  highvar=0.00%
GA search time: 18.13s, candidates: 351
  [iter  16/100] search_obj=1.0268  search_best=0.7665  validation_best=0.7499  EI=0.0332  rnum=151.3  len=120  syn_rate=0.72  mean=0.9998  worsen=27.00%  highvar=0.00%
GA search time: 18.21s, candidates: 349
  [iter  17/100] search_obj=0.8019  search_best=0.7665  validation_best=0.7499  EI=0.0279  rnum=149.1  len=97  syn_rate=0.71  mean=0.7809  worsen=21.00%  highvar=0.00%
GA search time: 11.77s, candidates: 346
  [iter  18/100] search_obj=0.9739  search_best=0.7665  validation_best=0.7499  EI=0.0290  rnum=147.0  len=43  syn_rate=0.34  mean=0.9529  worsen=21.00%  highvar=0.00%
GA search time: 14.13s, candidates: 344
  [iter  19/100] search_obj=0.9929  search_best=0.7665  validation_best=0.7499  EI=0.0226  rnum=144.8  len=82  syn_rate=0.60  mean=0.9619  worsen=31.00%  highvar=0.00%
GA search time: 15.50s, candidates: 342
  [iter  20/100] search_obj=1.0956  search_best=0.7665  validation_best=0.7499  EI=0.0172  rnum=142.7  len=66  syn_rate=0.45  mean=1.0276  worsen=68.00%  highvar=0.00%
GA search time: 19.53s, candidates: 340
  [iter  21/100] search_obj=1.0777  search_best=0.7665  validation_best=0.7499  EI=0.0163  rnum=140.5  len=119  syn_rate=0.47  mean=1.0287  worsen=49.00%  highvar=0.00%
GA search time: 15.94s, candidates: 338
  [iter  22/100] search_obj=1.0226  search_best=0.7665  validation_best=0.7499  EI=0.0219  rnum=138.4  len=62  syn_rate=0.57  mean=0.9796  worsen=43.00%  highvar=0.00%
GA search time: 12.67s, candidates: 336
  [iter  23/100] search_obj=1.0245  search_best=0.7665  validation_best=0.7499  EI=0.0184  rnum=136.3  len=81  syn_rate=0.47  mean=0.9815  worsen=43.00%  highvar=0.00%
GA search time: 14.72s, candidates: 334
  [iter  24/100] search_obj=1.0355  search_best=0.7665  validation_best=0.7499  EI=0.0219  rnum=134.2  len=67  syn_rate=0.69  mean=0.9765  worsen=59.00%  highvar=0.00%
GA search time: 13.49s, candidates: 332
  [iter  25/100] search_obj=0.7709  search_best=0.7665  validation_best=0.7499  EI=0.0244  rnum=132.1  len=70  syn_rate=0.66  mean=0.7619  worsen=9.00%  highvar=0.00%
GA search time: 13.22s, candidates: 329
  [iter  26/100] search_obj=0.7941  search_best=0.7665  validation_best=0.7499  EI=0.0188  rnum=130.0  len=120  syn_rate=0.65  mean=0.7821  worsen=12.00%  highvar=0.00%
GA search time: 18.27s, candidates: 327
  [iter  27/100] search_obj=0.7716  search_best=0.7665  validation_best=0.7499  EI=0.0202  rnum=127.9  len=60  syn_rate=0.66  mean=0.7626  worsen=9.00%  highvar=0.00%
GA search time: 17.89s, candidates: 325
  [iter  28/100] search_obj=0.7703  search_best=0.7665  validation_best=0.7499  EI=0.0189  rnum=125.8  len=72  syn_rate=0.71  mean=0.7613  worsen=9.00%  highvar=0.00%
GA search time: 17.60s, candidates: 323
  [iter  29/100] search_obj=0.9571  search_best=0.7665  validation_best=0.7499  EI=0.0232  rnum=123.7  len=58  syn_rate=0.64  mean=0.9411  worsen=16.00%  highvar=0.00%
GA search time: 18.15s, candidates: 321
  [iter  30/100] search_obj=0.7705  search_best=0.7665  validation_best=0.7499  EI=0.0196  rnum=121.6  len=67  syn_rate=0.66  mean=0.7615  worsen=9.00%  highvar=0.00%
GA search time: 20.58s, candidates: 319
  [iter  31/100] search_obj=0.7725  search_best=0.7665  validation_best=0.7499  EI=0.0180  rnum=119.6  len=120  syn_rate=0.80  mean=0.7665  worsen=6.00%  highvar=0.00%
GA search time: 19.26s, candidates: 317
  [iter  32/100] search_obj=1.0063  search_best=0.7665  validation_best=0.7499  EI=0.0175  rnum=117.5  len=119  syn_rate=0.76  mean=0.9863  worsen=20.00%  highvar=0.00%
GA search time: 20.75s, candidates: 315
  [iter  33/100] search_obj=0.7660  search_best=0.7660  validation_best=0.7476  EI=0.0195  rnum=115.5  len=76  syn_rate=0.67  mean=0.7570  worsen=9.00%  highvar=0.00%
GA search time: 19.23s, candidates: 313
  [iter  34/100] search_obj=0.7673  search_best=0.7660  validation_best=0.7476  EI=0.0197  rnum=113.5  len=62  syn_rate=0.68  mean=0.7613  worsen=6.00%  highvar=0.00%
GA search time: 18.93s, candidates: 311
  [iter  35/100] search_obj=0.9578  search_best=0.7660  validation_best=0.7476  EI=0.0187  rnum=111.5  len=74  syn_rate=0.73  mean=0.9418  worsen=16.00%  highvar=0.00%
GA search time: 17.71s, candidates: 309
  [iter  36/100] search_obj=0.7673  search_best=0.7660  validation_best=0.7476  EI=0.0201  rnum=109.5  len=61  syn_rate=0.68  mean=0.7613  worsen=6.00%  highvar=0.00%
GA search time: 16.19s, candidates: 307
  [iter  37/100] search_obj=0.7660  search_best=0.7660  validation_best=0.7476  EI=0.0195  rnum=107.6  len=74  syn_rate=0.65  mean=0.7600  worsen=6.00%  highvar=0.00%
GA search time: 17.94s, candidates: 305
  [iter  38/100] search_obj=0.9210  search_best=0.7660  validation_best=0.7476  EI=0.0173  rnum=105.6  len=63  syn_rate=0.69  mean=0.9020  worsen=19.00%  highvar=0.00%
GA search time: 19.47s, candidates: 303
  [iter  39/100] search_obj=0.8102  search_best=0.7660  validation_best=0.7476  EI=0.0173  rnum=103.7  len=78  syn_rate=0.65  mean=0.7982  worsen=12.00%  highvar=0.00%
GA search time: 20.40s, candidates: 301
  [iter  40/100] search_obj=0.9487  search_best=0.7660  validation_best=0.7476  EI=0.0174  rnum=101.7  len=55  syn_rate=0.66  mean=0.9357  worsen=13.00%  highvar=0.00%
GA search time: 19.59s, candidates: 299
  [iter  41/100] search_obj=0.7660  search_best=0.7660  validation_best=0.7476  EI=0.0172  rnum=99.8  len=70  syn_rate=0.65  mean=0.7600  worsen=6.00%  highvar=0.00%
GA search time: 15.12s, candidates: 297
  [iter  42/100] search_obj=0.7699  search_best=0.7660  validation_best=0.7476  EI=0.0177  rnum=97.9  len=78  syn_rate=0.70  mean=0.7609  worsen=9.00%  highvar=0.00%
GA search time: 18.20s, candidates: 296
  [iter  43/100] search_obj=0.7715  search_best=0.7660  validation_best=0.7476  EI=0.0168  rnum=96.1  len=75  syn_rate=0.66  mean=0.7625  worsen=9.00%  highvar=0.00%
GA search time: 18.67s, candidates: 294
  [iter  44/100] search_obj=0.7672  search_best=0.7660  validation_best=0.7476  EI=0.0174  rnum=94.2  len=64  syn_rate=0.69  mean=0.7612  worsen=6.00%  highvar=0.00%
GA search time: 19.05s, candidates: 292
  [iter  45/100] search_obj=0.7665  search_best=0.7660  validation_best=0.7476  EI=0.0173  rnum=92.4  len=76  syn_rate=0.65  mean=0.7605  worsen=6.00%  highvar=0.00%
GA search time: 19.21s, candidates: 290
  [iter  46/100] search_obj=0.8587  search_best=0.7660  validation_best=0.7476  EI=0.0189  rnum=90.5  len=56  syn_rate=0.68  mean=0.8497  worsen=9.00%  highvar=0.00%
GA search time: 19.61s, candidates: 288
  [iter  47/100] search_obj=0.8104  search_best=0.7660  validation_best=0.7476  EI=0.0184  rnum=88.7  len=76  syn_rate=0.77  mean=0.7984  worsen=12.00%  highvar=0.00%
GA search time: 19.04s, candidates: 286
  [iter  48/100] search_obj=0.7678  search_best=0.7660  validation_best=0.7476  EI=0.0183  rnum=87.0  len=69  syn_rate=0.68  mean=0.7618  worsen=6.00%  highvar=0.00%
GA search time: 16.98s, candidates: 285
  [iter  49/100] search_obj=1.0047  search_best=0.7660  validation_best=0.7476  EI=0.0178  rnum=85.2  len=63  syn_rate=0.63  mean=0.9857  worsen=19.00%  highvar=0.00%
GA search time: 17.05s, candidates: 283
  [iter  50/100] search_obj=0.7704  search_best=0.7660  validation_best=0.7476  EI=0.0173  rnum=83.5  len=73  syn_rate=0.66  mean=0.7614  worsen=9.00%  highvar=0.00%
GA search time: 18.95s, candidates: 281
  [iter  51/100] search_obj=1.2187  search_best=0.7660  validation_best=0.7476  EI=0.0308  rnum=81.7  len=87  syn_rate=0.68  mean=1.1437  worsen=75.00%  highvar=0.00%
GA search time: 18.61s, candidates: 280
  [iter  52/100] search_obj=0.8702  search_best=0.7660  validation_best=0.7476  EI=0.0194  rnum=80.0  len=60  syn_rate=0.67  mean=0.8522  worsen=18.00%  highvar=0.00%
GA search time: 18.12s, candidates: 278
  [iter  53/100] search_obj=0.9483  search_best=0.7660  validation_best=0.7476  EI=0.0175  rnum=78.4  len=60  syn_rate=0.67  mean=0.9373  worsen=11.00%  highvar=0.00%
GA search time: 18.06s, candidates: 276
  [iter  54/100] search_obj=0.9596  search_best=0.7660  validation_best=0.7476  EI=0.0234  rnum=76.7  len=65  syn_rate=0.70  mean=0.9426  worsen=17.00%  highvar=0.00%
GA search time: 19.47s, candidates: 275
  [iter  55/100] search_obj=0.9448  search_best=0.7660  validation_best=0.7476  EI=0.0188  rnum=75.1  len=68  syn_rate=0.66  mean=0.9278  worsen=17.00%  highvar=0.00%
GA search time: 19.56s, candidates: 273
  [iter  56/100] search_obj=0.7823  search_best=0.7660  validation_best=0.7476  EI=0.0176  rnum=73.4  len=119  syn_rate=0.67  mean=0.7733  worsen=9.00%  highvar=0.00%
GA search time: 19.09s, candidates: 271
  [iter  57/100] search_obj=0.7718  search_best=0.7660  validation_best=0.7476  EI=0.0172  rnum=71.8  len=75  syn_rate=0.64  mean=0.7628  worsen=9.00%  highvar=0.00%
GA search time: 19.79s, candidates: 270
  [iter  58/100] search_obj=1.0227  search_best=0.7660  validation_best=0.7476  EI=0.0183  rnum=70.3  len=120  syn_rate=0.64  mean=0.9797  worsen=43.00%  highvar=0.00%
GA search time: 17.58s, candidates: 268
  [iter  59/100] search_obj=0.9535  search_best=0.7660  validation_best=0.7476  EI=0.0206  rnum=68.7  len=65  syn_rate=0.66  mean=0.9405  worsen=13.00%  highvar=0.00%
GA search time: 18.89s, candidates: 267
  [iter  60/100] search_obj=0.7717  search_best=0.7660  validation_best=0.7476  EI=0.0195  rnum=67.2  len=66  syn_rate=0.66  mean=0.7627  worsen=9.00%  highvar=0.00%
GA search time: 19.65s, candidates: 265
  [iter  61/100] search_obj=0.7663  search_best=0.7660  validation_best=0.7476  EI=0.0177  rnum=65.7  len=99  syn_rate=0.72  mean=0.7573  worsen=9.00%  highvar=0.00%
GA search time: 19.45s, candidates: 264
  [iter  62/100] search_obj=0.7663  search_best=0.7660  validation_best=0.7476  EI=0.0181  rnum=64.2  len=106  syn_rate=0.72  mean=0.7573  worsen=9.00%  highvar=0.00%
GA search time: 17.38s, candidates: 262
  [iter  63/100] search_obj=0.7718  search_best=0.7660  validation_best=0.7476  EI=0.0217  rnum=62.7  len=77  syn_rate=0.64  mean=0.7628  worsen=9.00%  highvar=0.00%
GA search time: 21.34s, candidates: 261
  [iter  64/100] search_obj=0.7665  search_best=0.7660  validation_best=0.7476  EI=0.0212  rnum=61.3  len=83  syn_rate=0.72  mean=0.7575  worsen=9.00%  highvar=0.00%
GA search time: 20.77s, candidates: 259
  [iter  65/100] search_obj=0.8586  search_best=0.7660  validation_best=0.7476  EI=0.0199  rnum=59.8  len=120  syn_rate=0.70  mean=0.8476  worsen=11.00%  highvar=0.00%
GA search time: 16.39s, candidates: 258
  [iter  66/100] search_obj=0.7708  search_best=0.7660  validation_best=0.7476  EI=0.0179  rnum=58.4  len=87  syn_rate=0.70  mean=0.7618  worsen=9.00%  highvar=0.00%
GA search time: 18.68s, candidates: 257
  [iter  67/100] search_obj=0.8193  search_best=0.7660  validation_best=0.7476  EI=0.0203  rnum=57.0  len=120  syn_rate=0.74  mean=0.8093  worsen=10.00%  highvar=0.00%
GA search time: 16.54s, candidates: 255
  [iter  68/100] search_obj=0.7054  search_best=0.7054  validation_best=0.7155  EI=0.0197  rnum=55.7  len=72  syn_rate=0.69  mean=0.7014  worsen=4.00%  highvar=0.00%
GA search time: 18.02s, candidates: 254
  [iter  69/100] search_obj=0.6871  search_best=0.6871  validation_best=0.7096  EI=0.0236  rnum=54.3  len=87  syn_rate=0.69  mean=0.6831  worsen=4.00%  highvar=0.00%
GA search time: 16.99s, candidates: 253
  [iter  70/100] search_obj=0.7049  search_best=0.6871  validation_best=0.7096  EI=0.0275  rnum=53.0  len=84  syn_rate=0.73  mean=0.6999  worsen=5.00%  highvar=0.00%
GA search time: 20.34s, candidates: 251
  [iter  71/100] search_obj=0.7134  search_best=0.6871  validation_best=0.7096  EI=0.0218  rnum=51.7  len=90  syn_rate=0.66  mean=0.7084  worsen=5.00%  highvar=0.00%
GA search time: 19.47s, candidates: 250
  [iter  72/100] search_obj=0.7434  search_best=0.6871  validation_best=0.7096  EI=0.0210  rnum=50.5  len=103  syn_rate=0.67  mean=0.7344  worsen=9.00%  highvar=0.00%
GA search time: 19.94s, candidates: 249
  [iter  73/100] search_obj=0.8864  search_best=0.6871  validation_best=0.7096  EI=0.0183  rnum=49.2  len=120  syn_rate=0.72  mean=0.8724  worsen=14.00%  highvar=0.00%
GA search time: 19.27s, candidates: 247
  [iter  74/100] search_obj=0.6871  search_best=0.6871  validation_best=0.7096  EI=0.0137  rnum=48.0  len=114  syn_rate=0.69  mean=0.6831  worsen=4.00%  highvar=0.00%
GA search time: 19.09s, candidates: 246
  [iter  75/100] search_obj=0.6968  search_best=0.6871  validation_best=0.7051  EI=0.0193  rnum=46.8  len=120  syn_rate=0.71  mean=0.6928  worsen=4.00%  highvar=0.00%
GA search time: 21.52s, candidates: 245
  [iter  76/100] search_obj=0.9532  search_best=0.6871  validation_best=0.7051  EI=0.0199  rnum=45.6  len=120  syn_rate=0.66  mean=0.9382  worsen=15.00%  highvar=0.00%
GA search time: 19.54s, candidates: 244
  [iter  77/100] search_obj=0.8179  search_best=0.6871  validation_best=0.7051  EI=0.0188  rnum=44.4  len=110  syn_rate=0.68  mean=0.8089  worsen=9.00%  highvar=0.00%
GA search time: 22.86s, candidates: 243
  [iter  78/100] search_obj=0.6968  search_best=0.6871  validation_best=0.7051  EI=0.0173  rnum=43.3  len=120  syn_rate=0.71  mean=0.6928  worsen=4.00%  highvar=0.00%
GA search time: 22.60s, candidates: 242
  [iter  79/100] search_obj=0.8616  search_best=0.6871  validation_best=0.7051  EI=0.0184  rnum=42.2  len=120  syn_rate=0.69  mean=0.8506  worsen=11.00%  highvar=0.00%
GA search time: 20.61s, candidates: 241
  [iter  80/100] search_obj=0.7042  search_best=0.6871  validation_best=0.7051  EI=0.0130  rnum=41.1  len=87  syn_rate=0.69  mean=0.7002  worsen=4.00%  highvar=0.00%
GA search time: 22.28s, candidates: 239
  [iter  81/100] search_obj=0.6871  search_best=0.6871  validation_best=0.7051  EI=0.0156  rnum=40.0  len=83  syn_rate=0.69  mean=0.6831  worsen=4.00%  highvar=0.00%
GA search time: 19.43s, candidates: 238
  [iter  82/100] search_obj=0.7042  search_best=0.6871  validation_best=0.7051  EI=0.0187  rnum=38.9  len=90  syn_rate=0.70  mean=0.7002  worsen=4.00%  highvar=0.00%
GA search time: 19.90s, candidates: 237
  [iter  83/100] search_obj=0.9493  search_best=0.6871  validation_best=0.7051  EI=0.0184  rnum=37.9  len=101  syn_rate=0.89  mean=0.9373  worsen=12.00%  highvar=0.00%
GA search time: 18.68s, candidates: 236
  [iter  84/100] search_obj=0.7037  search_best=0.6871  validation_best=0.7051  EI=0.0147  rnum=36.9  len=74  syn_rate=0.69  mean=0.6997  worsen=4.00%  highvar=0.00%
GA search time: 18.80s, candidates: 235
  [iter  85/100] search_obj=0.9485  search_best=0.6871  validation_best=0.7051  EI=0.0136  rnum=35.9  len=84  syn_rate=0.71  mean=0.9395  worsen=9.00%  highvar=0.00%
GA search time: 17.68s, candidates: 234
  [iter  86/100] search_obj=0.9364  search_best=0.6871  validation_best=0.7051  EI=0.0159  rnum=34.9  len=81  syn_rate=0.65  mean=0.9254  worsen=11.00%  highvar=0.00%
GA search time: 20.56s, candidates: 233
  [iter  87/100] search_obj=0.9465  search_best=0.6871  validation_best=0.7051  EI=0.0152  rnum=33.9  len=119  syn_rate=0.77  mean=0.9385  worsen=8.00%  highvar=0.00%
GA search time: 19.85s, candidates: 233
  [iter  88/100] search_obj=0.9511  search_best=0.6871  validation_best=0.7051  EI=0.0143  rnum=33.0  len=110  syn_rate=0.74  mean=0.9401  worsen=11.00%  highvar=0.00%
GA search time: 20.98s, candidates: 232
  [iter  89/100] search_obj=0.6871  search_best=0.6871  validation_best=0.7051  EI=0.0160  rnum=32.1  len=105  syn_rate=0.69  mean=0.6831  worsen=4.00%  highvar=0.00%
GA search time: 18.69s, candidates: 231
  [iter  90/100] search_obj=0.6871  search_best=0.6871  validation_best=0.7051  EI=0.0152  rnum=31.2  len=91  syn_rate=0.69  mean=0.6831  worsen=4.00%  highvar=0.00%
GA search time: 14.99s, candidates: 230
  [iter  91/100] search_obj=0.7224  search_best=0.6871  validation_best=0.7051  EI=0.0142  rnum=30.3  len=110  syn_rate=0.71  mean=0.7184  worsen=4.00%  highvar=0.00%
GA search time: 16.90s, candidates: 229
  [iter  92/100] search_obj=0.7167  search_best=0.6871  validation_best=0.7051  EI=0.0130  rnum=29.5  len=120  syn_rate=0.70  mean=0.7137  worsen=3.00%  highvar=0.00%
GA search time: 17.61s, candidates: 228
  [iter  93/100] search_obj=0.6871  search_best=0.6871  validation_best=0.7051  EI=0.0151  rnum=28.6  len=91  syn_rate=0.69  mean=0.6831  worsen=4.00%  highvar=0.00%
GA search time: 17.25s, candidates: 227
  [iter  94/100] search_obj=0.9506  search_best=0.6871  validation_best=0.7051  EI=0.0122  rnum=27.8  len=87  syn_rate=0.72  mean=0.9396  worsen=11.00%  highvar=0.00%
GA search time: 18.12s, candidates: 226
  [iter  95/100] search_obj=0.7050  search_best=0.6871  validation_best=0.7051  EI=0.0149  rnum=27.0  len=95  syn_rate=0.69  mean=0.7010  worsen=4.00%  highvar=0.00%
GA search time: 16.63s, candidates: 226
  [iter  96/100] search_obj=0.7054  search_best=0.6871  validation_best=0.7051  EI=0.0187  rnum=26.2  len=77  syn_rate=0.69  mean=0.7014  worsen=4.00%  highvar=0.00%
GA search time: 17.62s, candidates: 225
  [iter  97/100] search_obj=0.9698  search_best=0.6871  validation_best=0.7051  EI=0.0146  rnum=25.4  len=90  syn_rate=0.65  mean=0.9538  worsen=16.00%  highvar=0.00%
GA search time: 16.66s, candidates: 224
  [iter  98/100] search_obj=0.7740  search_best=0.6871  validation_best=0.7051  EI=0.0179  rnum=24.7  len=104  syn_rate=0.70  mean=0.7670  worsen=7.00%  highvar=0.00%
GA search time: 16.00s, candidates: 223
  [iter  99/100] search_obj=0.9929  search_best=0.6871  validation_best=0.7051  EI=0.0148  rnum=24.0  len=78  syn_rate=0.72  mean=0.9759  worsen=17.00%  highvar=0.00%
GA search time: 16.84s, candidates: 223
  [iter 100/100] search_obj=0.8601  search_best=0.6871  validation_best=0.7051  EI=0.0111  rnum=23.3  len=120  syn_rate=0.69  mean=0.8491  worsen=11.00%  highvar=0.00%

[Step 5] 按 validation 选择最终通用序列...
  选择结果:
    search_train_obj=0.6968, search_train_mean=0.6928, search_train_worsen=4.00%, search_train_highvar=0.00%
    validation_obj=0.7051, validation_mean=0.6981, validation_worsen=7.00%, validation_highvar=0.00%

[Step 6] 在 validation 上执行消融后处理...

[Ablation-validation] 初始序列长度: 120, objective: 0.7051, mean_norm: 0.6981, worsen_rate: 7.00%
  移除 [119] module(elim-avail-extern): objective 0.7051, mean_norm 0.6981, worsen_rate 7.00% (保留移除)
  移除 [118] module(elim-avail-extern): objective 0.7051, mean_norm 0.6981, worsen_rate 7.00% (保留移除)
  移除 [117] module(elim-avail-extern): objective 0.7051, mean_norm 0.6981, worsen_rate 7.00% (保留移除)
  移除 [116] module(elim-avail-extern): objective 0.7051, mean_norm 0.6981, worsen_rate 7.00% (保留移除)
  移除 [115] module(elim-avail-extern): objective 0.7051, mean_norm 0.6981, worsen_rate 7.00% (保留移除)
  移除 [114] module(elim-avail-extern): objective 0.7051, mean_norm 0.6981, worsen_rate 7.00% (保留移除)
  移除 [113] function(memcpyopt): objective 0.7051, mean_norm 0.6981, worsen_rate 7.00% (保留移除)
  移除 [112] function(dse): objective 0.7051, mean_norm 0.6981, worsen_rate 7.00% (保留移除)
  移除 [111] module(elim-avail-extern): objective 0.7051, mean_norm 0.6981, worsen_rate 7.00% (保留移除)
  移除 [110] function(dse): objective 0.7051, mean_norm 0.6981, worsen_rate 7.00% (保留移除)
  移除 [109] module(iroutliner): objective 0.7051, mean_norm 0.6981, worsen_rate 7.00% (保留移除)
  移除 [108] module(globalopt): objective 0.7051, mean_norm 0.6981, worsen_rate 7.00% (保留移除)
  移除 [107] module(scc-oz-module-inliner): objective 0.7070 > 0.7051 (恢复)
  移除 [106] module(elim-avail-extern): objective 0.7051, mean_norm 0.6981, worsen_rate 7.00% (保留移除)
  移除 [105] function(gvn-hoist): objective 0.7051, mean_norm 0.6981, worsen_rate 7.00% (保留移除)
  移除 [104] module(elim-avail-extern): objective 0.7051, mean_norm 0.6981, worsen_rate 7.00% (保留移除)
  移除 [103] module(attributor): objective 0.7071 > 0.7051 (恢复)
  移除 [102] function(jump-threading): objective 0.7051, mean_norm 0.6981, worsen_rate 7.00% (保留移除)
  移除 [101] function(gvn-hoist): objective 0.7051, mean_norm 0.6981, worsen_rate 7.00% (保留移除)
  移除 [100] function(instsimplify): objective 0.7051, mean_norm 0.6981, worsen_rate 7.00% (保留移除)
  移除 [99] module(iroutliner): objective 0.7051, mean_norm 0.6981, worsen_rate 7.00% (保留移除)
  移除 [98] function(jump-threading): objective 0.7051, mean_norm 0.6981, worsen_rate 7.00% (保留移除)
  移除 [97] function(jump-threading): objective 0.7051, mean_norm 0.6981, worsen_rate 7.00% (保留移除)
  移除 [96] module(elim-avail-extern): objective 0.7051, mean_norm 0.6981, worsen_rate 7.00% (保留移除)
  移除 [95] function(dce): objective 0.7051, mean_norm 0.6981, worsen_rate 7.00% (保留移除)
  移除 [94] function(newgvn): objective 0.7097 > 0.7051 (恢复)
  移除 [93] function(instsimplify): objective 0.7051, mean_norm 0.6981, worsen_rate 7.00% (保留移除)
  移除 [92] module(scc-oz-module-inliner): objective 0.7051, mean_norm 0.6981, worsen_rate 7.00% (保留移除)
  移除 [91] module(scc-oz-module-inliner): objective 0.7051, mean_norm 0.6981, worsen_rate 7.00% (保留移除)
  移除 [90] module(inferattrs): objective 0.7093 > 0.7051 (恢复)
  移除 [89] module(elim-avail-extern): objective 0.7051, mean_norm 0.6981, worsen_rate 7.00% (保留移除)
  移除 [88] function(memcpyopt): objective 0.7051, mean_norm 0.6981, worsen_rate 7.00% (保留移除)
  移除 [87] module(elim-avail-extern): objective 0.7051, mean_norm 0.6981, worsen_rate 7.00% (保留移除)
  移除 [86] function(gvn-sink): objective 0.7051, mean_norm 0.6981, worsen_rate 7.00% (保留移除)
  移除 [85] module(elim-avail-extern): objective 0.7051, mean_norm 0.6981, worsen_rate 7.00% (保留移除)
  移除 [84] module(elim-avail-extern): objective 0.7051, mean_norm 0.6981, worsen_rate 7.00% (保留移除)
  移除 [83] module(elim-avail-extern): objective 0.7051, mean_norm 0.6981, worsen_rate 7.00% (保留移除)
  移除 [82] module(elim-avail-extern): objective 0.7051, mean_norm 0.6981, worsen_rate 7.00% (保留移除)
  移除 [81] function(dce): objective 0.7051, mean_norm 0.6981, worsen_rate 7.00% (保留移除)
  移除 [80] function(gvn-sink): objective 0.7051, mean_norm 0.6981, worsen_rate 7.00% (保留移除)
  移除 [79] module(globalopt): objective 0.7051, mean_norm 0.6981, worsen_rate 7.00% (保留移除)
  移除 [78] module(elim-avail-extern): objective 0.7051, mean_norm 0.6981, worsen_rate 7.00% (保留移除)
  移除 [77] function(dse): objective 0.7051, mean_norm 0.6981, worsen_rate 7.00% (保留移除)
  移除 [76] module(iroutliner): objective 0.7051, mean_norm 0.6981, worsen_rate 7.00% (保留移除)
  移除 [75] module(globalopt): objective 0.7051, mean_norm 0.6981, worsen_rate 7.00% (保留移除)
  移除 [74] module(scc-oz-module-inliner): objective 0.7051, mean_norm 0.6981, worsen_rate 7.00% (保留移除)
  移除 [73] module(elim-avail-extern): objective 0.7051, mean_norm 0.6981, worsen_rate 7.00% (保留移除)
  移除 [72] function(memcpyopt): objective 0.7051, mean_norm 0.6981, worsen_rate 7.00% (保留移除)
  移除 [71] module(elim-avail-extern): objective 0.7051, mean_norm 0.6981, worsen_rate 7.00% (保留移除)
  移除 [70] function(gvn-sink): objective 0.7051, mean_norm 0.6981, worsen_rate 7.00% (保留移除)
  移除 [69] module(elim-avail-extern): objective 0.7051, mean_norm 0.6981, worsen_rate 7.00% (保留移除)
  移除 [68] module(elim-avail-extern): objective 0.7051, mean_norm 0.6981, worsen_rate 7.00% (保留移除)
  移除 [67] module(elim-avail-extern): objective 0.7051, mean_norm 0.6981, worsen_rate 7.00% (保留移除)
  移除 [66] module(elim-avail-extern): objective 0.7051, mean_norm 0.6981, worsen_rate 7.00% (保留移除)
  移除 [65] function(dce): objective 0.7051, mean_norm 0.6981, worsen_rate 7.00% (保留移除)
  移除 [64] function(gvn-sink): objective 0.7051, mean_norm 0.6981, worsen_rate 7.00% (保留移除)
  移除 [63] module(globalopt): objective 0.7051, mean_norm 0.6981, worsen_rate 7.00% (保留移除)
  移除 [62] module(elim-avail-extern): objective 0.7051, mean_norm 0.6981, worsen_rate 7.00% (保留移除)
  移除 [61] function(dse): objective 0.7051, mean_norm 0.6981, worsen_rate 7.00% (保留移除)
  移除 [60] module(iroutliner): objective 0.7051, mean_norm 0.6981, worsen_rate 7.00% (保留移除)
  移除 [59] module(globalopt): objective 0.7051, mean_norm 0.6981, worsen_rate 7.00% (保留移除)
  移除 [58] module(scc-oz-module-inliner): objective 0.7051, mean_norm 0.6981, worsen_rate 7.00% (保留移除)
  移除 [57] module(elim-avail-extern): objective 0.7051, mean_norm 0.6981, worsen_rate 7.00% (保留移除)
  移除 [56] function(gvn-hoist): objective 0.7051, mean_norm 0.6981, worsen_rate 7.00% (保留移除)
  移除 [55] module(elim-avail-extern): objective 0.7051, mean_norm 0.6981, worsen_rate 7.00% (保留移除)
  移除 [54] module(elim-avail-extern): objective 0.7051, mean_norm 0.6981, worsen_rate 7.00% (保留移除)
  移除 [53] module(iroutliner): objective 0.7051, mean_norm 0.6981, worsen_rate 7.00% (保留移除)
  移除 [52] function(gvn-hoist): objective 0.7051, mean_norm 0.6981, worsen_rate 7.00% (保留移除)
  移除 [51] module(iroutliner): objective 0.7051, mean_norm 0.6981, worsen_rate 7.00% (保留移除)
  移除 [50] module(globalopt): objective 0.7051, mean_norm 0.6981, worsen_rate 7.00% (保留移除)
  移除 [49] module(iroutliner): objective 0.7051, mean_norm 0.6981, worsen_rate 7.00% (保留移除)
  移除 [48] function(gvn-sink): objective 0.7051, mean_norm 0.6981, worsen_rate 7.00% (保留移除)
  移除 [47] module(scc-oz-module-inliner): objective 0.7053 > 0.7051 (恢复)
  移除 [46] module(elim-avail-extern): objective 0.7051, mean_norm 0.6981, worsen_rate 7.00% (保留移除)
  移除 [45] function(gvn-hoist): objective 0.7051, mean_norm 0.6981, worsen_rate 7.00% (保留移除)
  移除 [44] module(elim-avail-extern): objective 0.7051, mean_norm 0.6981, worsen_rate 7.00% (保留移除)
  移除 [43] module(elim-avail-extern): objective 0.7051, mean_norm 0.6981, worsen_rate 7.00% (保留移除)
  移除 [42] module(iroutliner): objective 0.7051, mean_norm 0.6981, worsen_rate 7.00% (保留移除)
  移除 [41] function(gvn-hoist): objective 0.7041, mean_norm 0.6981, worsen_rate 6.00% (保留移除)
  移除 [40] module(iroutliner): objective 0.7041, mean_norm 0.6981, worsen_rate 6.00% (保留移除)
  移除 [39] module(globalopt): objective 0.7041, mean_norm 0.6981, worsen_rate 6.00% (保留移除)
  移除 [38] module(scc-oz-module-inliner): objective 0.7041, mean_norm 0.6981, worsen_rate 6.00% (保留移除)
  移除 [37] module(globalopt): objective 0.7041, mean_norm 0.6981, worsen_rate 6.00% (保留移除)
  移除 [36] module(iroutliner): objective 0.7044 > 0.7041 (恢复)
  移除 [35] function(gvn-sink): objective 0.7041, mean_norm 0.6981, worsen_rate 6.00% (保留移除)
  移除 [34] module(scc-oz-module-inliner): objective 0.6998, mean_norm 0.6938, worsen_rate 6.00% (保留移除)
  移除 [33] module(elim-avail-extern): objective 0.6998, mean_norm 0.6938, worsen_rate 6.00% (保留移除)
  移除 [32] module(attributor): objective 0.8257 > 0.6998 (恢复)
  移除 [31] module(elim-avail-extern): objective 0.6998, mean_norm 0.6938, worsen_rate 6.00% (保留移除)
  移除 [30] function(newgvn): objective 0.7411 > 0.6998 (恢复)
  移除 [29] function(dse): objective 0.6998, mean_norm 0.6938, worsen_rate 6.00% (保留移除)
  移除 [28] function(memcpyopt): objective 0.6998, mean_norm 0.6938, worsen_rate 6.00% (保留移除)
  移除 [27] module(elim-avail-extern): objective 0.6998, mean_norm 0.6938, worsen_rate 6.00% (保留移除)
  移除 [26] module(elim-avail-extern): objective 0.6998, mean_norm 0.6938, worsen_rate 6.00% (保留移除)
  移除 [25] module(elim-avail-extern): objective 0.6998, mean_norm 0.6938, worsen_rate 6.00% (保留移除)
  移除 [24] module(elim-avail-extern): objective 0.6998, mean_norm 0.6938, worsen_rate 6.00% (保留移除)
  移除 [23] module(elim-avail-extern): objective 0.6998, mean_norm 0.6938, worsen_rate 6.00% (保留移除)
  移除 [22] function(jump-threading): objective 0.6998, mean_norm 0.6938, worsen_rate 6.00% (保留移除)
  移除 [21] function(jump-threading): objective 0.6887, mean_norm 0.6827, worsen_rate 6.00% (保留移除)
  移除 [20] module(elim-avail-extern): objective 0.6887, mean_norm 0.6827, worsen_rate 6.00% (保留移除)
  移除 [19] module(elim-avail-extern): objective 0.6887, mean_norm 0.6827, worsen_rate 6.00% (保留移除)
  移除 [18] module(iroutliner): objective 0.6887, mean_norm 0.6827, worsen_rate 6.00% (保留移除)
  移除 [17] module(elim-avail-extern): objective 0.6887, mean_norm 0.6827, worsen_rate 6.00% (保留移除)
  移除 [16] module(iroutliner): objective 0.7069 > 0.6887 (恢复)
  移除 [15] function(instsimplify): objective 0.6887, mean_norm 0.6827, worsen_rate 6.00% (保留移除)
  移除 [14] module(globalopt): objective 0.6887, mean_norm 0.6827, worsen_rate 6.00% (保留移除)
  移除 [13] function(dse): objective 0.6932 > 0.6887 (恢复)
  移除 [12] cgscc(attributor-cgscc): objective 0.7753 > 0.6887 (恢复)
  移除 [11] module(elim-avail-extern): objective 0.6887, mean_norm 0.6827, worsen_rate 6.00% (保留移除)
  移除 [10] module(globalopt): objective 0.6887, mean_norm 0.6827, worsen_rate 6.00% (保留移除)
  移除 [9] module(globalopt): objective 0.8636 > 0.6887 (恢复)
  移除 [8] function(memcpyopt): objective 0.6887, mean_norm 0.6827, worsen_rate 6.00% (保留移除)
  移除 [7] module(elim-avail-extern): objective 0.6887, mean_norm 0.6827, worsen_rate 6.00% (保留移除)
  移除 [6] function(gvn-hoist): objective 0.6930 > 0.6887 (恢复)
  移除 [5] module(elim-avail-extern): objective 0.6887, mean_norm 0.6827, worsen_rate 6.00% (保留移除)
  移除 [4] module(iroutliner): objective 0.6973 > 0.6887 (恢复)
  移除 [3] module(elim-avail-extern): objective 0.6887, mean_norm 0.6827, worsen_rate 6.00% (保留移除)
  移除 [2] module(elim-avail-extern): objective 0.6887, mean_norm 0.6827, worsen_rate 6.00% (保留移除)
  移除 [1] module(elim-avail-extern): objective 0.6887, mean_norm 0.6827, worsen_rate 6.00% (保留移除)
  移除 [0] module(elim-avail-extern): objective 0.9952 > 0.6887 (恢复)
[Ablation-validation] 最终序列长度: 15, objective: 0.6887, mean_norm: 0.6827, worsen_rate: 6.00%, 移除了 105 个 pass
  消融有效: 120 → 15 passes, validation_objective: 0.7051 → 0.6887

最终通用 pass 序列（effective=15 个顶层 pass, raw=15 个 pass, syn_rate(raw)=0.20）:
  module(elim-avail-extern) → module(iroutliner) → function(gvn-hoist) → module(globalopt) → cgscc(attributor-cgscc) → function(dse) → module(iroutliner) → function(newgvn) → module(attributor) → module(iroutliner) → module(scc-oz-module-inliner) → module(inferattrs) → function(newgvn) → module(attributor) → module(scc-oz-module-inliner)
  search_train_obj=0.6900, search_train_mean=0.6860, search_train_worsen=4.00%, search_train_highvar=0.00%
  validation_obj=0.6887, validation_mean=0.6827, validation_worsen=6.00%, validation_highvar=0.00%
  test_obj=0.7984, test_mean=0.7824, test_worsen=16.00%, test_highvar=0.00%

Top-5 最佳序列（按 validation 多目标 objective 升序）:
  #1: validation_obj=0.7051, validation_mean=0.6981, validation_worsen=7.00%, validation_highvar=0.00%, train_obj=0.6968, train_mean=0.6928, train_highvar=0.00%, len=120, syn_rate=0.71, test_obj=0.8172, test_mean=0.8012, test_worsen=16.00%, test_highvar=0.00%
     module(elim-avail-extern) → module(elim-avail-extern) → module(elim-avail-extern) → module(elim-avail-extern) → module(iroutliner) → module(elim-avail-extern) → function(gvn-hoist) → module(elim-avail-extern) → function(memcpyopt) → module(globalopt) → module(globalopt) → module(elim-avail-extern) → cgscc(attributor-cgscc) → function(dse) → module(globalopt) → function(instsimplify) → module(iroutliner) → module(elim-avail-extern) → module(iroutliner) → module(elim-avail-extern) → module(elim-avail-extern) → function(jump-threading) → function(jump-threading) → module(elim-avail-extern) → module(elim-avail-extern) → module(elim-avail-extern) → module(elim-avail-extern) → module(elim-avail-extern) → function(memcpyopt) → function(dse) → function(newgvn) → module(elim-avail-extern) → module(attributor) → module(elim-avail-extern) → module(scc-oz-module-inliner) → function(gvn-sink) → module(iroutliner) → module(globalopt) → module(scc-oz-module-inliner) → module(globalopt) → module(iroutliner) → function(gvn-hoist) → module(iroutliner) → module(elim-avail-extern) → module(elim-avail-extern) → function(gvn-hoist) → module(elim-avail-extern) → module(scc-oz-module-inliner) → function(gvn-sink) → module(iroutliner) → module(globalopt) → module(iroutliner) → function(gvn-hoist) → module(iroutliner) → module(elim-avail-extern) → module(elim-avail-extern) → function(gvn-hoist) → module(elim-avail-extern) → module(scc-oz-module-inliner) → module(globalopt) → module(iroutliner) → function(dse) → module(elim-avail-extern) → module(globalopt) → function(gvn-sink) → function(dce) → module(elim-avail-extern) → module(elim-avail-extern) → module(elim-avail-extern) → module(elim-avail-extern) → function(gvn-sink) → module(elim-avail-extern) → function(memcpyopt) → module(elim-avail-extern) → module(scc-oz-module-inliner) → module(globalopt) → module(iroutliner) → function(dse) → module(elim-avail-extern) → module(globalopt) → function(gvn-sink) → function(dce) → module(elim-avail-extern) → module(elim-avail-extern) → module(elim-avail-extern) → module(elim-avail-extern) → function(gvn-sink) → module(elim-avail-extern) → function(memcpyopt) → module(elim-avail-extern) → module(inferattrs) → module(scc-oz-module-inliner) → module(scc-oz-module-inliner) → function(instsimplify) → function(newgvn) → function(dce) → module(elim-avail-extern) → function(jump-threading) → function(jump-threading) → module(iroutliner) → function(instsimplify) → function(gvn-hoist) → function(jump-threading) → module(attributor) → module(elim-avail-extern) → function(gvn-hoist) → module(elim-avail-extern) → module(scc-oz-module-inliner) → module(globalopt) → module(iroutliner) → function(dse) → module(elim-avail-extern) → function(dse) → function(memcpyopt) → module(elim-avail-extern) → module(elim-avail-extern) → module(elim-avail-extern) → module(elim-avail-extern) → module(elim-avail-extern) → module(elim-avail-extern)
  #2: validation_obj=0.7051, validation_mean=0.6981, validation_worsen=7.00%, validation_highvar=0.00%, train_obj=0.6968, train_mean=0.6928, train_highvar=0.00%, len=120, syn_rate=0.71, test_obj=0.8172, test_mean=0.8012, test_worsen=16.00%, test_highvar=0.00%
     module(elim-avail-extern) → module(elim-avail-extern) → module(elim-avail-extern) → module(elim-avail-extern) → module(iroutliner) → module(elim-avail-extern) → function(gvn-hoist) → module(elim-avail-extern) → function(memcpyopt) → module(globalopt) → module(globalopt) → module(elim-avail-extern) → cgscc(attributor-cgscc) → function(dse) → module(globalopt) → function(instsimplify) → module(iroutliner) → function(instsimplify) → module(iroutliner) → module(elim-avail-extern) → module(elim-avail-extern) → function(jump-threading) → function(jump-threading) → module(elim-avail-extern) → module(elim-avail-extern) → module(elim-avail-extern) → module(elim-avail-extern) → module(elim-avail-extern) → function(memcpyopt) → function(dse) → function(newgvn) → module(elim-avail-extern) → module(attributor) → module(elim-avail-extern) → module(scc-oz-module-inliner) → function(gvn-sink) → module(iroutliner) → module(globalopt) → module(scc-oz-module-inliner) → module(globalopt) → module(iroutliner) → function(gvn-hoist) → module(iroutliner) → module(elim-avail-extern) → module(elim-avail-extern) → function(gvn-hoist) → module(elim-avail-extern) → module(scc-oz-module-inliner) → function(gvn-sink) → module(iroutliner) → module(globalopt) → module(iroutliner) → function(gvn-hoist) → module(iroutliner) → module(elim-avail-extern) → module(elim-avail-extern) → function(gvn-hoist) → module(elim-avail-extern) → module(scc-oz-module-inliner) → module(globalopt) → module(iroutliner) → function(dse) → module(elim-avail-extern) → module(globalopt) → function(gvn-sink) → function(dce) → module(elim-avail-extern) → module(elim-avail-extern) → module(elim-avail-extern) → module(elim-avail-extern) → function(gvn-sink) → module(elim-avail-extern) → function(memcpyopt) → module(elim-avail-extern) → module(scc-oz-module-inliner) → module(globalopt) → module(iroutliner) → function(dse) → module(elim-avail-extern) → module(globalopt) → function(gvn-sink) → function(dce) → module(elim-avail-extern) → module(elim-avail-extern) → module(elim-avail-extern) → module(elim-avail-extern) → function(gvn-sink) → module(elim-avail-extern) → function(memcpyopt) → module(elim-avail-extern) → module(inferattrs) → module(scc-oz-module-inliner) → module(scc-oz-module-inliner) → function(instsimplify) → function(newgvn) → function(dce) → module(elim-avail-extern) → function(jump-threading) → function(jump-threading) → module(iroutliner) → function(instsimplify) → function(gvn-hoist) → function(jump-threading) → module(attributor) → module(elim-avail-extern) → function(gvn-hoist) → module(elim-avail-extern) → module(scc-oz-module-inliner) → module(globalopt) → module(iroutliner) → function(dse) → module(elim-avail-extern) → module(elim-avail-extern) → module(elim-avail-extern) → function(dse) → function(memcpyopt) → module(elim-avail-extern) → module(elim-avail-extern) → module(elim-avail-extern) → module(elim-avail-extern)
  #3: validation_obj=0.7096, validation_mean=0.7026, validation_worsen=7.00%, validation_highvar=0.00%, train_obj=0.6871, train_mean=0.6831, train_highvar=0.00%, len=87, syn_rate=0.69, test_obj=0.7913, test_mean=0.7753, test_worsen=16.00%, test_highvar=0.00%
     module(globalopt) → module(elim-avail-extern) → cgscc(attributor-cgscc) → function(dse) → module(globalopt) → function(instsimplify) → module(iroutliner) → module(elim-avail-extern) → module(elim-avail-extern) → module(elim-avail-extern) → function(jump-threading) → function(jump-threading) → module(elim-avail-extern) → module(elim-avail-extern) → module(elim-avail-extern) → module(elim-avail-extern) → module(elim-avail-extern) → function(memcpyopt) → function(dse) → function(newgvn) → module(elim-avail-extern) → module(attributor) → module(elim-avail-extern) → function(gvn-sink) → module(iroutliner) → module(globalopt) → module(scc-oz-module-inliner) → module(iroutliner) → function(gvn-hoist) → module(scc-oz-module-inliner) → module(iroutliner) → module(elim-avail-extern) → module(elim-avail-extern) → function(gvn-hoist) → module(elim-avail-extern) → module(globalopt) → module(scc-oz-module-inliner) → module(iroutliner) → function(dse) → module(elim-avail-extern) → module(globalopt) → function(gvn-sink) → function(dce) → module(elim-avail-extern) → module(elim-avail-extern) → module(elim-avail-extern) → module(elim-avail-extern) → function(gvn-sink) → module(elim-avail-extern) → function(memcpyopt) → module(elim-avail-extern) → module(inferattrs) → function(instsimplify) → module(scc-oz-module-inliner) → function(newgvn) → module(scc-oz-module-inliner) → function(dce) → module(elim-avail-extern) → function(jump-threading) → function(jump-threading) → module(iroutliner) → function(instsimplify) → function(gvn-hoist) → function(jump-threading) → module(attributor) → module(elim-avail-extern) → function(gvn-hoist) → module(elim-avail-extern) → module(scc-oz-module-inliner) → module(globalopt) → module(iroutliner) → function(dse) → module(elim-avail-extern) → function(dse) → function(memcpyopt) → module(elim-avail-extern) → module(elim-avail-extern) → module(elim-avail-extern) → module(elim-avail-extern) → module(elim-avail-extern) → module(elim-avail-extern) → module(iroutliner) → module(elim-avail-extern) → function(gvn-hoist) → module(elim-avail-extern) → function(memcpyopt) → module(globalopt)
  #4: validation_obj=0.7096, validation_mean=0.7026, validation_worsen=7.00%, validation_highvar=0.00%, train_obj=0.6871, train_mean=0.6831, train_highvar=0.00%, len=91, syn_rate=0.69, test_obj=0.7913, test_mean=0.7753, test_worsen=16.00%, test_highvar=0.00%
     module(globalopt) → module(elim-avail-extern) → cgscc(attributor-cgscc) → function(dse) → module(globalopt) → function(instsimplify) → module(iroutliner) → module(elim-avail-extern) → module(elim-avail-extern) → module(elim-avail-extern) → function(jump-threading) → function(jump-threading) → module(elim-avail-extern) → module(elim-avail-extern) → module(elim-avail-extern) → function(dce) → module(elim-avail-extern) → module(elim-avail-extern) → module(elim-avail-extern) → module(elim-avail-extern) → module(elim-avail-extern) → module(elim-avail-extern) → function(memcpyopt) → function(dse) → function(newgvn) → module(elim-avail-extern) → module(attributor) → module(elim-avail-extern) → function(gvn-sink) → module(iroutliner) → module(globalopt) → module(scc-oz-module-inliner) → module(iroutliner) → function(gvn-hoist) → module(scc-oz-module-inliner) → module(iroutliner) → module(elim-avail-extern) → module(elim-avail-extern) → function(gvn-hoist) → module(elim-avail-extern) → module(globalopt) → module(scc-oz-module-inliner) → module(iroutliner) → function(dse) → module(elim-avail-extern) → module(globalopt) → function(gvn-sink) → function(dce) → module(elim-avail-extern) → module(elim-avail-extern) → module(elim-avail-extern) → function(gvn-sink) → module(elim-avail-extern) → function(memcpyopt) → module(elim-avail-extern) → module(inferattrs) → function(instsimplify) → module(scc-oz-module-inliner) → function(newgvn) → module(scc-oz-module-inliner) → function(dce) → module(elim-avail-extern) → function(jump-threading) → function(jump-threading) → module(iroutliner) → function(instsimplify) → function(gvn-hoist) → function(jump-threading) → module(attributor) → module(elim-avail-extern) → function(gvn-hoist) → module(elim-avail-extern) → module(scc-oz-module-inliner) → module(globalopt) → module(iroutliner) → function(dse) → module(elim-avail-extern) → function(dse) → function(memcpyopt) → module(elim-avail-extern) → module(elim-avail-extern) → module(elim-avail-extern) → module(elim-avail-extern) → module(elim-avail-extern) → module(elim-avail-extern) → module(iroutliner) → module(elim-avail-extern) → function(gvn-hoist) → module(elim-avail-extern) → function(memcpyopt) → module(globalopt)
  #5: validation_obj=0.7096, validation_mean=0.7026, validation_worsen=7.00%, validation_highvar=0.00%, train_obj=0.6871, train_mean=0.6831, train_highvar=0.00%, len=105, syn_rate=0.69, test_obj=0.7913, test_mean=0.7753, test_worsen=16.00%, test_highvar=0.00%
     module(globalopt) → module(elim-avail-extern) → cgscc(attributor-cgscc) → function(dse) → module(globalopt) → function(instsimplify) → module(iroutliner) → module(elim-avail-extern) → module(elim-avail-extern) → module(elim-avail-extern) → function(jump-threading) → function(jump-threading) → module(elim-avail-extern) → module(elim-avail-extern) → module(elim-avail-extern) → module(elim-avail-extern) → module(elim-avail-extern) → function(memcpyopt) → function(dse) → function(newgvn) → module(elim-avail-extern) → module(attributor) → module(elim-avail-extern) → function(gvn-sink) → module(iroutliner) → module(globalopt) → module(scc-oz-module-inliner) → module(iroutliner) → function(gvn-hoist) → module(scc-oz-module-inliner) → module(iroutliner) → module(elim-avail-extern) → module(elim-avail-extern) → function(gvn-hoist) → module(elim-avail-extern) → function(gvn-sink) → module(iroutliner) → module(scc-oz-module-inliner) → module(globalopt) → module(iroutliner) → module(elim-avail-extern) → module(iroutliner) → module(elim-avail-extern) → module(elim-avail-extern) → function(gvn-hoist) → module(elim-avail-extern) → module(scc-oz-module-inliner) → module(globalopt) → module(iroutliner) → function(dse) → module(elim-avail-extern) → module(globalopt) → function(gvn-sink) → function(dce) → module(elim-avail-extern) → module(elim-avail-extern) → module(elim-avail-extern) → module(elim-avail-extern) → function(gvn-sink) → function(gvn-hoist) → function(memcpyopt) → module(elim-avail-extern) → module(globalopt) → module(scc-oz-module-inliner) → module(iroutliner) → function(dse) → module(elim-avail-extern) → module(globalopt) → function(gvn-sink) → function(dce) → module(elim-avail-extern) → module(elim-avail-extern) → module(elim-avail-extern) → module(elim-avail-extern) → function(gvn-sink) → module(elim-avail-extern) → function(memcpyopt) → module(elim-avail-extern) → module(inferattrs) → function(instsimplify) → module(scc-oz-module-inliner) → function(newgvn) → module(scc-oz-module-inliner) → function(dce) → module(elim-avail-extern) → function(jump-threading) → function(jump-threading) → module(iroutliner) → function(instsimplify) → function(gvn-hoist) → function(jump-threading) → module(attributor) → module(elim-avail-extern) → function(gvn-hoist) → module(elim-avail-extern) → module(scc-oz-module-inliner) → module(globalopt) → module(iroutliner) → function(dse) → module(elim-avail-extern) → function(dse) → function(memcpyopt) → module(globalopt) → function(gvn-sink) → function(jump-threading)

============================================================
所有轮次中最优 validation objective: 0.6887
最优通用 pass 序列 (15 passes):
  module(elim-avail-extern) → module(iroutliner) → function(gvn-hoist) → module(globalopt) → cgscc(attributor-cgscc) → function(dse) → module(iroutliner) → function(newgvn) → module(attributor) → module(iroutliner) → module(scc-oz-module-inliner) → module(inferattrs) → function(newgvn) → module(attributor) → module(scc-oz-module-inliner)
  search_train_obj=0.6900, search_train_mean=0.6860, search_train_worsen=4.00%, search_train_highvar=0.00%
  validation_obj=0.6887, validation_mean=0.6827, validation_worsen=6.00%, validation_highvar=0.00%
  test_obj=0.7984, test_mean=0.7824, test_worsen=16.00%, test_highvar=0.00%

最优轮次 Top-5 序列（含测试集效果，按 validation objective 升序）:
  #1: validation_obj=0.7051, validation_mean=0.6981, validation_worsen=7.00%, validation_highvar=0.00%, train_obj=0.6968, train_mean=0.6928, train_highvar=0.00%, len=120, syn_rate=0.71, test_obj=0.8172, test_mean=0.8012, test_worsen=16.00%, test_highvar=0.00%
     module(elim-avail-extern) → module(elim-avail-extern) → module(elim-avail-extern) → module(elim-avail-extern) → module(iroutliner) → module(elim-avail-extern) → function(gvn-hoist) → module(elim-avail-extern) → function(memcpyopt) → module(globalopt) → module(globalopt) → module(elim-avail-extern) → cgscc(attributor-cgscc) → function(dse) → module(globalopt) → function(instsimplify) → module(iroutliner) → module(elim-avail-extern) → module(iroutliner) → module(elim-avail-extern) → module(elim-avail-extern) → function(jump-threading) → function(jump-threading) → module(elim-avail-extern) → module(elim-avail-extern) → module(elim-avail-extern) → module(elim-avail-extern) → module(elim-avail-extern) → function(memcpyopt) → function(dse) → function(newgvn) → module(elim-avail-extern) → module(attributor) → module(elim-avail-extern) → module(scc-oz-module-inliner) → function(gvn-sink) → module(iroutliner) → module(globalopt) → module(scc-oz-module-inliner) → module(globalopt) → module(iroutliner) → function(gvn-hoist) → module(iroutliner) → module(elim-avail-extern) → module(elim-avail-extern) → function(gvn-hoist) → module(elim-avail-extern) → module(scc-oz-module-inliner) → function(gvn-sink) → module(iroutliner) → module(globalopt) → module(iroutliner) → function(gvn-hoist) → module(iroutliner) → module(elim-avail-extern) → module(elim-avail-extern) → function(gvn-hoist) → module(elim-avail-extern) → module(scc-oz-module-inliner) → module(globalopt) → module(iroutliner) → function(dse) → module(elim-avail-extern) → module(globalopt) → function(gvn-sink) → function(dce) → module(elim-avail-extern) → module(elim-avail-extern) → module(elim-avail-extern) → module(elim-avail-extern) → function(gvn-sink) → module(elim-avail-extern) → function(memcpyopt) → module(elim-avail-extern) → module(scc-oz-module-inliner) → module(globalopt) → module(iroutliner) → function(dse) → module(elim-avail-extern) → module(globalopt) → function(gvn-sink) → function(dce) → module(elim-avail-extern) → module(elim-avail-extern) → module(elim-avail-extern) → module(elim-avail-extern) → function(gvn-sink) → module(elim-avail-extern) → function(memcpyopt) → module(elim-avail-extern) → module(inferattrs) → module(scc-oz-module-inliner) → module(scc-oz-module-inliner) → function(instsimplify) → function(newgvn) → function(dce) → module(elim-avail-extern) → function(jump-threading) → function(jump-threading) → module(iroutliner) → function(instsimplify) → function(gvn-hoist) → function(jump-threading) → module(attributor) → module(elim-avail-extern) → function(gvn-hoist) → module(elim-avail-extern) → module(scc-oz-module-inliner) → module(globalopt) → module(iroutliner) → function(dse) → module(elim-avail-extern) → function(dse) → function(memcpyopt) → module(elim-avail-extern) → module(elim-avail-extern) → module(elim-avail-extern) → module(elim-avail-extern) → module(elim-avail-extern) → module(elim-avail-extern)
  #2: validation_obj=0.7051, validation_mean=0.6981, validation_worsen=7.00%, validation_highvar=0.00%, train_obj=0.6968, train_mean=0.6928, train_highvar=0.00%, len=120, syn_rate=0.71, test_obj=0.8172, test_mean=0.8012, test_worsen=16.00%, test_highvar=0.00%
     module(elim-avail-extern) → module(elim-avail-extern) → module(elim-avail-extern) → module(elim-avail-extern) → module(iroutliner) → module(elim-avail-extern) → function(gvn-hoist) → module(elim-avail-extern) → function(memcpyopt) → module(globalopt) → module(globalopt) → module(elim-avail-extern) → cgscc(attributor-cgscc) → function(dse) → module(globalopt) → function(instsimplify) → module(iroutliner) → function(instsimplify) → module(iroutliner) → module(elim-avail-extern) → module(elim-avail-extern) → function(jump-threading) → function(jump-threading) → module(elim-avail-extern) → module(elim-avail-extern) → module(elim-avail-extern) → module(elim-avail-extern) → module(elim-avail-extern) → function(memcpyopt) → function(dse) → function(newgvn) → module(elim-avail-extern) → module(attributor) → module(elim-avail-extern) → module(scc-oz-module-inliner) → function(gvn-sink) → module(iroutliner) → module(globalopt) → module(scc-oz-module-inliner) → module(globalopt) → module(iroutliner) → function(gvn-hoist) → module(iroutliner) → module(elim-avail-extern) → module(elim-avail-extern) → function(gvn-hoist) → module(elim-avail-extern) → module(scc-oz-module-inliner) → function(gvn-sink) → module(iroutliner) → module(globalopt) → module(iroutliner) → function(gvn-hoist) → module(iroutliner) → module(elim-avail-extern) → module(elim-avail-extern) → function(gvn-hoist) → module(elim-avail-extern) → module(scc-oz-module-inliner) → module(globalopt) → module(iroutliner) → function(dse) → module(elim-avail-extern) → module(globalopt) → function(gvn-sink) → function(dce) → module(elim-avail-extern) → module(elim-avail-extern) → module(elim-avail-extern) → module(elim-avail-extern) → function(gvn-sink) → module(elim-avail-extern) → function(memcpyopt) → module(elim-avail-extern) → module(scc-oz-module-inliner) → module(globalopt) → module(iroutliner) → function(dse) → module(elim-avail-extern) → module(globalopt) → function(gvn-sink) → function(dce) → module(elim-avail-extern) → module(elim-avail-extern) → module(elim-avail-extern) → module(elim-avail-extern) → function(gvn-sink) → module(elim-avail-extern) → function(memcpyopt) → module(elim-avail-extern) → module(inferattrs) → module(scc-oz-module-inliner) → module(scc-oz-module-inliner) → function(instsimplify) → function(newgvn) → function(dce) → module(elim-avail-extern) → function(jump-threading) → function(jump-threading) → module(iroutliner) → function(instsimplify) → function(gvn-hoist) → function(jump-threading) → module(attributor) → module(elim-avail-extern) → function(gvn-hoist) → module(elim-avail-extern) → module(scc-oz-module-inliner) → module(globalopt) → module(iroutliner) → function(dse) → module(elim-avail-extern) → module(elim-avail-extern) → module(elim-avail-extern) → function(dse) → function(memcpyopt) → module(elim-avail-extern) → module(elim-avail-extern) → module(elim-avail-extern) → module(elim-avail-extern)
  #3: validation_obj=0.7096, validation_mean=0.7026, validation_worsen=7.00%, validation_highvar=0.00%, train_obj=0.6871, train_mean=0.6831, train_highvar=0.00%, len=87, syn_rate=0.69, test_obj=0.7913, test_mean=0.7753, test_worsen=16.00%, test_highvar=0.00%
     module(globalopt) → module(elim-avail-extern) → cgscc(attributor-cgscc) → function(dse) → module(globalopt) → function(instsimplify) → module(iroutliner) → module(elim-avail-extern) → module(elim-avail-extern) → module(elim-avail-extern) → function(jump-threading) → function(jump-threading) → module(elim-avail-extern) → module(elim-avail-extern) → module(elim-avail-extern) → module(elim-avail-extern) → module(elim-avail-extern) → function(memcpyopt) → function(dse) → function(newgvn) → module(elim-avail-extern) → module(attributor) → module(elim-avail-extern) → function(gvn-sink) → module(iroutliner) → module(globalopt) → module(scc-oz-module-inliner) → module(iroutliner) → function(gvn-hoist) → module(scc-oz-module-inliner) → module(iroutliner) → module(elim-avail-extern) → module(elim-avail-extern) → function(gvn-hoist) → module(elim-avail-extern) → module(globalopt) → module(scc-oz-module-inliner) → module(iroutliner) → function(dse) → module(elim-avail-extern) → module(globalopt) → function(gvn-sink) → function(dce) → module(elim-avail-extern) → module(elim-avail-extern) → module(elim-avail-extern) → module(elim-avail-extern) → function(gvn-sink) → module(elim-avail-extern) → function(memcpyopt) → module(elim-avail-extern) → module(inferattrs) → function(instsimplify) → module(scc-oz-module-inliner) → function(newgvn) → module(scc-oz-module-inliner) → function(dce) → module(elim-avail-extern) → function(jump-threading) → function(jump-threading) → module(iroutliner) → function(instsimplify) → function(gvn-hoist) → function(jump-threading) → module(attributor) → module(elim-avail-extern) → function(gvn-hoist) → module(elim-avail-extern) → module(scc-oz-module-inliner) → module(globalopt) → module(iroutliner) → function(dse) → module(elim-avail-extern) → function(dse) → function(memcpyopt) → module(elim-avail-extern) → module(elim-avail-extern) → module(elim-avail-extern) → module(elim-avail-extern) → module(elim-avail-extern) → module(elim-avail-extern) → module(iroutliner) → module(elim-avail-extern) → function(gvn-hoist) → module(elim-avail-extern) → function(memcpyopt) → module(globalopt)
  #4: validation_obj=0.7096, validation_mean=0.7026, validation_worsen=7.00%, validation_highvar=0.00%, train_obj=0.6871, train_mean=0.6831, train_highvar=0.00%, len=91, syn_rate=0.69, test_obj=0.7913, test_mean=0.7753, test_worsen=16.00%, test_highvar=0.00%
     module(globalopt) → module(elim-avail-extern) → cgscc(attributor-cgscc) → function(dse) → module(globalopt) → function(instsimplify) → module(iroutliner) → module(elim-avail-extern) → module(elim-avail-extern) → module(elim-avail-extern) → function(jump-threading) → function(jump-threading) → module(elim-avail-extern) → module(elim-avail-extern) → module(elim-avail-extern) → function(dce) → module(elim-avail-extern) → module(elim-avail-extern) → module(elim-avail-extern) → module(elim-avail-extern) → module(elim-avail-extern) → module(elim-avail-extern) → function(memcpyopt) → function(dse) → function(newgvn) → module(elim-avail-extern) → module(attributor) → module(elim-avail-extern) → function(gvn-sink) → module(iroutliner) → module(globalopt) → module(scc-oz-module-inliner) → module(iroutliner) → function(gvn-hoist) → module(scc-oz-module-inliner) → module(iroutliner) → module(elim-avail-extern) → module(elim-avail-extern) → function(gvn-hoist) → module(elim-avail-extern) → module(globalopt) → module(scc-oz-module-inliner) → module(iroutliner) → function(dse) → module(elim-avail-extern) → module(globalopt) → function(gvn-sink) → function(dce) → module(elim-avail-extern) → module(elim-avail-extern) → module(elim-avail-extern) → function(gvn-sink) → module(elim-avail-extern) → function(memcpyopt) → module(elim-avail-extern) → module(inferattrs) → function(instsimplify) → module(scc-oz-module-inliner) → function(newgvn) → module(scc-oz-module-inliner) → function(dce) → module(elim-avail-extern) → function(jump-threading) → function(jump-threading) → module(iroutliner) → function(instsimplify) → function(gvn-hoist) → function(jump-threading) → module(attributor) → module(elim-avail-extern) → function(gvn-hoist) → module(elim-avail-extern) → module(scc-oz-module-inliner) → module(globalopt) → module(iroutliner) → function(dse) → module(elim-avail-extern) → function(dse) → function(memcpyopt) → module(elim-avail-extern) → module(elim-avail-extern) → module(elim-avail-extern) → module(elim-avail-extern) → module(elim-avail-extern) → module(elim-avail-extern) → module(iroutliner) → module(elim-avail-extern) → function(gvn-hoist) → module(elim-avail-extern) → function(memcpyopt) → module(globalopt)
  #5: validation_obj=0.7096, validation_mean=0.7026, validation_worsen=7.00%, validation_highvar=0.00%, train_obj=0.6871, train_mean=0.6831, train_highvar=0.00%, len=105, syn_rate=0.69, test_obj=0.7913, test_mean=0.7753, test_worsen=16.00%, test_highvar=0.00%
     module(globalopt) → module(elim-avail-extern) → cgscc(attributor-cgscc) → function(dse) → module(globalopt) → function(instsimplify) → module(iroutliner) → module(elim-avail-extern) → module(elim-avail-extern) → module(elim-avail-extern) → function(jump-threading) → function(jump-threading) → module(elim-avail-extern) → module(elim-avail-extern) → module(elim-avail-extern) → module(elim-avail-extern) → module(elim-avail-extern) → function(memcpyopt) → function(dse) → function(newgvn) → module(elim-avail-extern) → module(attributor) → module(elim-avail-extern) → function(gvn-sink) → module(iroutliner) → module(globalopt) → module(scc-oz-module-inliner) → module(iroutliner) → function(gvn-hoist) → module(scc-oz-module-inliner) → module(iroutliner) → module(elim-avail-extern) → module(elim-avail-extern) → function(gvn-hoist) → module(elim-avail-extern) → function(gvn-sink) → module(iroutliner) → module(scc-oz-module-inliner) → module(globalopt) → module(iroutliner) → module(elim-avail-extern) → module(iroutliner) → module(elim-avail-extern) → module(elim-avail-extern) → function(gvn-hoist) → module(elim-avail-extern) → module(scc-oz-module-inliner) → module(globalopt) → module(iroutliner) → function(dse) → module(elim-avail-extern) → module(globalopt) → function(gvn-sink) → function(dce) → module(elim-avail-extern) → module(elim-avail-extern) → module(elim-avail-extern) → module(elim-avail-extern) → function(gvn-sink) → function(gvn-hoist) → function(memcpyopt) → module(elim-avail-extern) → module(globalopt) → module(scc-oz-module-inliner) → module(iroutliner) → function(dse) → module(elim-avail-extern) → module(globalopt) → function(gvn-sink) → function(dce) → module(elim-avail-extern) → module(elim-avail-extern) → module(elim-avail-extern) → module(elim-avail-extern) → function(gvn-sink) → module(elim-avail-extern) → function(memcpyopt) → module(elim-avail-extern) → module(inferattrs) → function(instsimplify) → module(scc-oz-module-inliner) → function(newgvn) → module(scc-oz-module-inliner) → function(dce) → module(elim-avail-extern) → function(jump-threading) → function(jump-threading) → module(iroutliner) → function(instsimplify) → function(gvn-hoist) → function(jump-threading) → module(attributor) → module(elim-avail-extern) → function(gvn-hoist) → module(elim-avail-extern) → module(scc-oz-module-inliner) → module(globalopt) → module(iroutliner) → function(dse) → module(elim-avail-extern) → function(dse) → function(memcpyopt) → module(globalopt) → function(gvn-sink) → function(jump-threading)
binarysize_test: vs_none=0.999 (+0.1%)  vs_oz=1.000 (+0.0%)  vs_o3=0.995 (+0.5%) [metric=stripped_file_bytes]
binarysize_test[text_bytes]: vs_none=0.891 (+10.9%)  vs_oz=0.920 (+8.0%)  vs_o3=0.840 (+16.0%)
binarysize_test[data_bytes]: vs_none=0.989 (+1.1%)  vs_oz=0.995 (+0.5%)  vs_o3=0.991 (+0.9%)
binarysize_test[bss_bytes]: vs_none=1.000 (+0.0%)  vs_oz=1.000 (+0.0%)  vs_o3=1.000 (+0.0%)
binarysize_test[dec_bytes]: vs_none=0.916 (+8.4%)  vs_oz=0.939 (+6.1%)  vs_o3=0.875 (+12.5%)

最优轮次 Top-5 binarysize_test 序列面板（primary=stripped_file_bytes）:
  #1: len=120, syn_rate=0.71
     stripped_file_bytes: obj=1.0056, mean=0.9996, worsen=6.00%, vs_none=1.000 (+0.0%)  vs_oz=1.000 (+0.0%)  vs_o3=0.995 (+0.5%)
     text_bytes: obj=0.9511, mean=0.9291, worsen=22.00%, vs_none=0.900 (+10.0%)  vs_oz=0.929 (+7.1%)  vs_o3=0.849 (+15.1%)
     data_bytes: obj=1.0036, mean=0.9956, worsen=8.00%, vs_none=0.990 (+1.0%)  vs_oz=0.996 (+0.4%)  vs_o3=0.991 (+0.9%)
     bss_bytes: obj=1.0000, mean=1.0000, worsen=0.00%, vs_none=1.000 (+0.0%)  vs_oz=1.000 (+0.0%)  vs_o3=1.000 (+0.0%)
     dec_bytes: obj=0.9684, mean=0.9464, worsen=22.00%, vs_none=0.923 (+7.7%)  vs_oz=0.946 (+5.4%)  vs_o3=0.883 (+11.7%)
  #2: len=120, syn_rate=0.71
     stripped_file_bytes: obj=1.0056, mean=0.9996, worsen=6.00%, vs_none=1.000 (+0.0%)  vs_oz=1.000 (+0.0%)  vs_o3=0.995 (+0.5%)
     text_bytes: obj=0.9511, mean=0.9291, worsen=22.00%, vs_none=0.900 (+10.0%)  vs_oz=0.929 (+7.1%)  vs_o3=0.849 (+15.1%)
     data_bytes: obj=1.0036, mean=0.9956, worsen=8.00%, vs_none=0.990 (+1.0%)  vs_oz=0.996 (+0.4%)  vs_o3=0.991 (+0.9%)
     bss_bytes: obj=1.0000, mean=1.0000, worsen=0.00%, vs_none=1.000 (+0.0%)  vs_oz=1.000 (+0.0%)  vs_o3=1.000 (+0.0%)
     dec_bytes: obj=0.9684, mean=0.9464, worsen=22.00%, vs_none=0.923 (+7.7%)  vs_oz=0.946 (+5.4%)  vs_o3=0.883 (+11.7%)
  #3: len=87, syn_rate=0.69
     stripped_file_bytes: obj=1.0056, mean=0.9996, worsen=6.00%, vs_none=0.999 (+0.1%)  vs_oz=1.000 (+0.0%)  vs_o3=0.995 (+0.5%)
     text_bytes: obj=0.9438, mean=0.9218, worsen=22.00%, vs_none=0.892 (+10.8%)  vs_oz=0.922 (+7.8%)  vs_o3=0.842 (+15.8%)
     data_bytes: obj=1.0029, mean=0.9949, worsen=8.00%, vs_none=0.989 (+1.1%)  vs_oz=0.995 (+0.5%)  vs_o3=0.991 (+0.9%)
     bss_bytes: obj=1.0000, mean=1.0000, worsen=0.00%, vs_none=1.000 (+0.0%)  vs_oz=1.000 (+0.0%)  vs_o3=1.000 (+0.0%)
     dec_bytes: obj=0.9626, mean=0.9406, worsen=22.00%, vs_none=0.917 (+8.3%)  vs_oz=0.941 (+5.9%)  vs_o3=0.877 (+12.3%)
  #4: len=91, syn_rate=0.69
     stripped_file_bytes: obj=1.0056, mean=0.9996, worsen=6.00%, vs_none=0.999 (+0.1%)  vs_oz=1.000 (+0.0%)  vs_o3=0.995 (+0.5%)
     text_bytes: obj=0.9438, mean=0.9218, worsen=22.00%, vs_none=0.892 (+10.8%)  vs_oz=0.922 (+7.8%)  vs_o3=0.842 (+15.8%)
     data_bytes: obj=1.0029, mean=0.9949, worsen=8.00%, vs_none=0.989 (+1.1%)  vs_oz=0.995 (+0.5%)  vs_o3=0.991 (+0.9%)
     bss_bytes: obj=1.0000, mean=1.0000, worsen=0.00%, vs_none=1.000 (+0.0%)  vs_oz=1.000 (+0.0%)  vs_o3=1.000 (+0.0%)
     dec_bytes: obj=0.9626, mean=0.9406, worsen=22.00%, vs_none=0.917 (+8.3%)  vs_oz=0.941 (+5.9%)  vs_o3=0.877 (+12.3%)
  #5: len=105, syn_rate=0.69
     stripped_file_bytes: obj=1.0056, mean=0.9996, worsen=6.00%, vs_none=0.999 (+0.1%)  vs_oz=1.000 (+0.0%)  vs_o3=0.995 (+0.5%)
     text_bytes: obj=0.9438, mean=0.9218, worsen=22.00%, vs_none=0.892 (+10.8%)  vs_oz=0.922 (+7.8%)  vs_o3=0.842 (+15.8%)
     data_bytes: obj=1.0029, mean=0.9949, worsen=8.00%, vs_none=0.989 (+1.1%)  vs_oz=0.995 (+0.5%)  vs_o3=0.991 (+0.9%)
     bss_bytes: obj=1.0000, mean=1.0000, worsen=0.00%, vs_none=1.000 (+0.0%)  vs_oz=1.000 (+0.0%)  vs_o3=1.000 (+0.0%)
     dec_bytes: obj=0.9626, mean=0.9406, worsen=22.00%, vs_none=0.917 (+8.3%)  vs_oz=0.941 (+5.9%)  vs_o3=0.877 (+12.3%)
核心调优成本已写入: /root/exp/RFunipassLab/results/instrcount/summaries/20260508_025021_913002_feature_lite_seed458_core_tuning_cost.json
结果已写入: /root/exp/RFunipassLab/results/instrcount/summaries/20260508_025021_913002_feature_lite_seed458.json
总运行时间: 2975.37 秒
