# run_id: 20260507_193449_981418_feature_lite_seed456
# name: feature_lite
# group: feature_ablation
# description: 切换到 Lite 特征编码，保留其余搜索流程不变。
# changed: FEATURE_MODE=lite, GA_GEN=5, GA_POP=200, ITERS=100, MAX_SEQ_LEN=120, MIN_VAL_PROGRAMS=5, SEED_TOPK=0, TEST_TOPK=50, TRAIN_TOPK=200, VAL_RATIO=0.5
# result_json: /root/exp/RFunipassLab/results/instrcount/summaries/20260507_193449_981418_feature_lite_seed456.json
# started_at: 2026-05-07T19:34:49
# control_env:
#   BACKEND_OPT_LEVEL=-O0
#   BINARY_SIZE_METRIC=stripped_file_bytes
#   BINARY_SIZE_REPORT_METRICS=text_bytes,data_bytes,bss_bytes,dec_bytes
#   DECAY=0.5
#   EXPERIMENT_SEED=456
#   FEATURE_MODE=lite
#   GA_ELITE=0.1
#   GA_GEN=5
#   GA_MUT=0.8
#   GA_POP=200
#   GA_TOUR=3
#   ITERS=100
#   LOOP_NESTING_POLICY=wrap
#   MAX_SEQ_LEN=120
#   MIN_VAL_PROGRAMS=5
#   OBJECTIVE_BASELINE=oz
#   OBJECTIVE_KIND=instrcount
#   OBJ_HIGHVAR_W=0.0
#   OBJ_WORSEN_W=0.00
#   OFFSET=20
#   PROGRAM_POOL_KIND=auto
#   RF_EXPLAIN_COUNTERFACTUAL_ENABLE=1
#   RF_EXPLAIN_COUNTERFACTUAL_MAX_EVALS=50
#   RF_EXPLAIN_COUNTERFACTUAL_SPLIT=selection
#   RF_EXPLAIN_COUNTERFACTUAL_TOPK=5
#   RF_EXPLAIN_ENABLE=0
#   RF_EXPLAIN_HOLDOUT_RATIO=0.3
#   RF_EXPLAIN_MIN_SAMPLES=20
#   RF_EXPLAIN_MODE=final
#   RF_EXPLAIN_PERM_REPEATS=10
#   RF_EXPLAIN_TOPK=20
#   RNUM=256
#   RUNS=1
#   RUNTIME_EVAL_MAX_VARIANCE_PCT=15.0
#   RUNTIME_MAX_INNER_REPEATS=64
#   RUNTIME_MAX_VARIANCE_PCT=10.0
#   RUNTIME_REQUIRED_ROWS=0
#   RUNTIME_SAMPLES=5
#   RUNTIME_TARGET_SAMPLE_MS=30.0
#   RUNTIME_TIMEOUT_SEC=2.0
#   SCALE=10
#   SEED_TOPK=0
#   SPLIT_SEED=456
#   TEST_TOPK=50
#   TRAIN_TOPK=200
#   VAL_RATIO=0.5

Loading train/test rows from: /root/exp/RFunipassLab/data/tuning_results.csv
Loaded train programs:       200
Loaded initial seed seqs:    86
Loaded test programs:        50
Objective kind:              instrcount
Program pool kind:           tuning

Loading synergy graph from: /root/exp/RFunipassLab/data/Step3_EnumeratedPairs.csv
All passes (19): ['module(elim-avail-extern)', 'module(globalopt)', 'cgscc(attributor-cgscc)', 'module(scc-oz-module-inliner)', 'function(mem2reg)', 'function(instsimplify)', 'module(iroutliner)', 'function(reassociate)', 'function(memcpyopt)', 'function(gvn-hoist)', 'function(dce)', 'function(jump-threading)', 'module(attributor)', 'function(dse)', 'function(newgvn)', 'function(gvn-sink)', 'module(inferattrs)', 'loop(loop-simplifycfg)', 'function(lower-switch)']
Synergy edges: 176
Self-loop passes: {'module(attributor)', 'cgscc(attributor-cgscc)', 'function(newgvn)'}

============================================================
实验轮次 1 / 1
============================================================
============================================================
目标类型:      instrcount
目标基准:      -Oz
基准指标:      -Oz 基准指令数
优化指标:      归一化指令数
输入程序数:    200
输入次优序列数: 86
测试程序数:    50
Pass 词表大小: 19
协同边数:      176
自环 pass 数:  3
序列长度上限:  120
Loop 合法化策略: wrap
实验种子:      456
划分种子:      456
特征模式:      lite
RF 特征维度:   31
词表: ['module(elim-avail-extern)', 'module(globalopt)', 'cgscc(attributor-cgscc)', 'module(scc-oz-module-inliner)', 'function(mem2reg)', 'function(instsimplify)', 'module(iroutliner)', 'function(reassociate)', 'function(memcpyopt)', 'function(gvn-hoist)', 'function(dce)', 'function(jump-threading)', 'module(attributor)', 'function(dse)', 'function(newgvn)', 'function(gvn-sink)', 'module(inferattrs)', 'loop(loop-simplifycfg)', 'function(lower-switch)']
多目标权重:    mean=1.0, worsen=0.0, highvar=0.0

[Step 1.5] 训练程序切分...
  search_train 程序数: 100
  validation 程序数:   100
  split_signature(search_train): 3ad90166bf9bd1af93680f15067615fd4f341481
  split_signature(validation):   bd5a000b3f740ace9576f4dfa0d99ceaf5cd6247
  split_signature(test):         42411d4d4c9d084430c688042fea453b6b352eea

[Step 2] 计算 search_train 程序 -Oz 基准指令数...
[Step 2b] 计算 validation 程序 -Oz 基准指令数...
[Step 2c] 计算测试集程序 -Oz 基准指令数...

[Step 3] 评估初始 seed 序列（共 86 条）...

[Step 4] 开始贝叶斯优化（100 轮）...
GA search time: 11.77s, candidates: 368
  [iter   1/100] search_obj=1.0438  search_best=0.7998  validation_best=0.8319  EI=0.0109  rnum=168.4  len=17  syn_rate=0.32  mean=1.0438  worsen=21.00%  highvar=0.00%
GA search time: 7.39s, candidates: 366
  [iter   2/100] search_obj=1.0438  search_best=0.7998  validation_best=0.8319  EI=0.0136  rnum=166.3  len=17  syn_rate=0.34  mean=1.0438  worsen=21.00%  highvar=0.00%
GA search time: 7.74s, candidates: 364
  [iter   3/100] search_obj=0.7994  search_best=0.7994  validation_best=0.8319  EI=0.0087  rnum=164.2  len=19  syn_rate=0.37  mean=0.7994  worsen=9.00%  highvar=0.00%
GA search time: 13.40s, candidates: 362
  [iter   4/100] search_obj=1.0408  search_best=0.7994  validation_best=0.8319  EI=0.0163  rnum=162.0  len=23  syn_rate=0.35  mean=1.0408  worsen=21.00%  highvar=0.00%
GA search time: 8.28s, candidates: 359
  [iter   5/100] search_obj=0.9795  search_best=0.7994  validation_best=0.8319  EI=0.0172  rnum=159.9  len=18  syn_rate=0.35  mean=0.9795  worsen=19.00%  highvar=0.00%
GA search time: 9.23s, candidates: 357
  [iter   6/100] search_obj=1.0928  search_best=0.7994  validation_best=0.8319  EI=0.0208  rnum=157.7  len=27  syn_rate=0.37  mean=1.0928  worsen=52.00%  highvar=0.00%
GA search time: 7.74s, candidates: 355
  [iter   7/100] search_obj=0.8644  search_best=0.7994  validation_best=0.8319  EI=0.0110  rnum=155.6  len=17  syn_rate=0.38  mean=0.8644  worsen=12.00%  highvar=0.00%
GA search time: 7.59s, candidates: 353
  [iter   8/100] search_obj=1.0439  search_best=0.7994  validation_best=0.8319  EI=0.0138  rnum=153.4  len=21  syn_rate=0.41  mean=1.0439  worsen=21.00%  highvar=0.00%
GA search time: 6.04s, candidates: 351
  [iter   9/100] search_obj=1.1337  search_best=0.7994  validation_best=0.8319  EI=0.0099  rnum=151.3  len=19  syn_rate=0.36  mean=1.1337  worsen=51.00%  highvar=0.00%
GA search time: 5.08s, candidates: 349
  [iter  10/100] search_obj=0.9950  search_best=0.7994  validation_best=0.8319  EI=0.0163  rnum=149.1  len=17  syn_rate=0.35  mean=0.9950  worsen=20.00%  highvar=0.00%
GA search time: 4.11s, candidates: 346
  [iter  11/100] search_obj=1.0438  search_best=0.7994  validation_best=0.8319  EI=0.0132  rnum=147.0  len=17  syn_rate=0.36  mean=1.0438  worsen=21.00%  highvar=0.00%
GA search time: 5.91s, candidates: 344
  [iter  12/100] search_obj=0.8840  search_best=0.7994  validation_best=0.8319  EI=0.0098  rnum=144.8  len=19  syn_rate=0.38  mean=0.8840  worsen=14.00%  highvar=0.00%
GA search time: 4.64s, candidates: 342
  [iter  13/100] search_obj=0.9136  search_best=0.7994  validation_best=0.8319  EI=0.0084  rnum=142.7  len=17  syn_rate=0.37  mean=0.9136  worsen=36.00%  highvar=0.00%
GA search time: 6.54s, candidates: 340
  [iter  14/100] search_obj=0.9947  search_best=0.7994  validation_best=0.8319  EI=0.0102  rnum=140.5  len=19  syn_rate=0.35  mean=0.9947  worsen=20.00%  highvar=0.00%
GA search time: 7.24s, candidates: 338
  [iter  15/100] search_obj=0.9287  search_best=0.7994  validation_best=0.8319  EI=0.0050  rnum=138.4  len=19  syn_rate=0.39  mean=0.9287  worsen=11.00%  highvar=0.00%
GA search time: 9.48s, candidates: 336
  [iter  16/100] search_obj=0.7614  search_best=0.7614  validation_best=0.7856  EI=0.0040  rnum=136.3  len=24  syn_rate=0.42  mean=0.7614  worsen=8.00%  highvar=0.00%
GA search time: 12.76s, candidates: 334
  [iter  17/100] search_obj=0.8186  search_best=0.7614  validation_best=0.7856  EI=0.0178  rnum=134.2  len=28  syn_rate=0.47  mean=0.8186  worsen=9.00%  highvar=0.00%
GA search time: 17.56s, candidates: 332
  [iter  18/100] search_obj=0.8906  search_best=0.7614  validation_best=0.7856  EI=0.0158  rnum=132.1  len=76  syn_rate=0.84  mean=0.8906  worsen=18.00%  highvar=0.00%
GA search time: 11.29s, candidates: 329
  [iter  19/100] search_obj=0.9789  search_best=0.7614  validation_best=0.7856  EI=0.0141  rnum=130.0  len=57  syn_rate=0.49  mean=0.9789  worsen=20.00%  highvar=0.00%
GA search time: 10.78s, candidates: 327
  [iter  20/100] search_obj=0.9782  search_best=0.7614  validation_best=0.7856  EI=0.0099  rnum=127.9  len=26  syn_rate=0.53  mean=0.9782  worsen=19.00%  highvar=0.00%
GA search time: 4.54s, candidates: 325
  [iter  21/100] search_obj=0.7614  search_best=0.7614  validation_best=0.7849  EI=0.0093  rnum=125.8  len=29  syn_rate=0.42  mean=0.7614  worsen=8.00%  highvar=0.00%
GA search time: 9.16s, candidates: 323
  [iter  22/100] search_obj=1.0388  search_best=0.7614  validation_best=0.7849  EI=0.0146  rnum=123.7  len=33  syn_rate=0.37  mean=1.0388  worsen=19.00%  highvar=0.00%
GA search time: 4.85s, candidates: 321
  [iter  23/100] search_obj=0.7912  search_best=0.7614  validation_best=0.7849  EI=0.0151  rnum=121.6  len=24  syn_rate=0.43  mean=0.7912  worsen=8.00%  highvar=0.00%
GA search time: 3.84s, candidates: 319
  [iter  24/100] search_obj=0.7614  search_best=0.7614  validation_best=0.7849  EI=0.0161  rnum=119.6  len=25  syn_rate=0.42  mean=0.7614  worsen=8.00%  highvar=0.00%
GA search time: 4.24s, candidates: 317
  [iter  25/100] search_obj=0.7560  search_best=0.7560  validation_best=0.7820  EI=0.0159  rnum=117.5  len=36  syn_rate=0.43  mean=0.7560  worsen=8.00%  highvar=0.00%
GA search time: 4.46s, candidates: 315
  [iter  26/100] search_obj=0.8843  search_best=0.7560  validation_best=0.7820  EI=0.0152  rnum=115.5  len=35  syn_rate=0.41  mean=0.8843  worsen=35.00%  highvar=0.00%
GA search time: 3.99s, candidates: 313
  [iter  27/100] search_obj=0.8289  search_best=0.7560  validation_best=0.7820  EI=0.0132  rnum=113.5  len=28  syn_rate=0.44  mean=0.8289  worsen=9.00%  highvar=0.00%
GA search time: 4.47s, candidates: 311
  [iter  28/100] search_obj=0.9386  search_best=0.7560  validation_best=0.7820  EI=0.0155  rnum=111.5  len=27  syn_rate=0.42  mean=0.9386  worsen=12.00%  highvar=0.00%
GA search time: 3.63s, candidates: 309
  [iter  29/100] search_obj=1.0390  search_best=0.7560  validation_best=0.7820  EI=0.0123  rnum=109.5  len=29  syn_rate=0.42  mean=1.0390  worsen=20.00%  highvar=0.00%
GA search time: 4.63s, candidates: 307
  [iter  30/100] search_obj=0.7579  search_best=0.7560  validation_best=0.7820  EI=0.0101  rnum=107.6  len=24  syn_rate=0.41  mean=0.7579  worsen=8.00%  highvar=0.00%
GA search time: 5.08s, candidates: 305
  [iter  31/100] search_obj=0.7615  search_best=0.7560  validation_best=0.7789  EI=0.0135  rnum=105.6  len=31  syn_rate=0.43  mean=0.7615  worsen=8.00%  highvar=0.00%
GA search time: 3.88s, candidates: 303
  [iter  32/100] search_obj=0.7616  search_best=0.7560  validation_best=0.7789  EI=0.0159  rnum=103.7  len=34  syn_rate=0.43  mean=0.7616  worsen=8.00%  highvar=0.00%
GA search time: 3.57s, candidates: 301
  [iter  33/100] search_obj=0.8592  search_best=0.7560  validation_best=0.7789  EI=0.0160  rnum=101.7  len=31  syn_rate=0.41  mean=0.8592  worsen=9.00%  highvar=0.00%
GA search time: 4.56s, candidates: 299
  [iter  34/100] search_obj=0.7600  search_best=0.7560  validation_best=0.7789  EI=0.0127  rnum=99.8  len=25  syn_rate=0.42  mean=0.7600  worsen=8.00%  highvar=0.00%
GA search time: 3.61s, candidates: 297
  [iter  35/100] search_obj=0.7616  search_best=0.7560  validation_best=0.7789  EI=0.0121  rnum=97.9  len=35  syn_rate=0.43  mean=0.7616  worsen=8.00%  highvar=0.00%
GA search time: 2.96s, candidates: 296
  [iter  36/100] search_obj=1.0401  search_best=0.7560  validation_best=0.7789  EI=0.0125  rnum=96.1  len=48  syn_rate=0.43  mean=1.0401  worsen=22.00%  highvar=0.00%
GA search time: 3.94s, candidates: 294
  [iter  37/100] search_obj=0.7584  search_best=0.7560  validation_best=0.7789  EI=0.0150  rnum=94.2  len=33  syn_rate=0.43  mean=0.7584  worsen=8.00%  highvar=0.00%
GA search time: 3.46s, candidates: 292
  [iter  38/100] search_obj=0.9787  search_best=0.7560  validation_best=0.7789  EI=0.0139  rnum=92.4  len=26  syn_rate=0.43  mean=0.9787  worsen=20.00%  highvar=0.00%
GA search time: 4.07s, candidates: 290
  [iter  39/100] search_obj=0.7560  search_best=0.7560  validation_best=0.7789  EI=0.0139  rnum=90.5  len=38  syn_rate=0.43  mean=0.7560  worsen=8.00%  highvar=0.00%
GA search time: 4.94s, candidates: 288
  [iter  40/100] search_obj=0.7567  search_best=0.7560  validation_best=0.7789  EI=0.0188  rnum=88.7  len=50  syn_rate=0.43  mean=0.7567  worsen=8.00%  highvar=0.00%
GA search time: 4.94s, candidates: 286
  [iter  41/100] search_obj=0.8500  search_best=0.7560  validation_best=0.7789  EI=0.0182  rnum=87.0  len=35  syn_rate=0.42  mean=0.8500  worsen=11.00%  highvar=0.00%
GA search time: 4.10s, candidates: 285
  [iter  42/100] search_obj=0.7567  search_best=0.7560  validation_best=0.7789  EI=0.0194  rnum=85.2  len=53  syn_rate=0.43  mean=0.7567  worsen=8.00%  highvar=0.00%
GA search time: 5.36s, candidates: 283
  [iter  43/100] search_obj=0.7602  search_best=0.7560  validation_best=0.7789  EI=0.0182  rnum=83.5  len=27  syn_rate=0.42  mean=0.7602  worsen=8.00%  highvar=0.00%
GA search time: 6.26s, candidates: 281
  [iter  44/100] search_obj=0.7575  search_best=0.7560  validation_best=0.7789  EI=0.0182  rnum=81.7  len=38  syn_rate=0.43  mean=0.7575  worsen=8.00%  highvar=0.00%
GA search time: 5.94s, candidates: 280
  [iter  45/100] search_obj=1.0387  search_best=0.7560  validation_best=0.7789  EI=0.0164  rnum=80.0  len=75  syn_rate=0.43  mean=1.0387  worsen=19.00%  highvar=0.00%
GA search time: 4.66s, candidates: 278
  [iter  46/100] search_obj=0.7585  search_best=0.7560  validation_best=0.7789  EI=0.0184  rnum=78.4  len=40  syn_rate=0.43  mean=0.7585  worsen=8.00%  highvar=0.00%
GA search time: 5.62s, candidates: 276
  [iter  47/100] search_obj=1.1279  search_best=0.7560  validation_best=0.7789  EI=0.0212  rnum=76.7  len=34  syn_rate=0.42  mean=1.1279  worsen=50.00%  highvar=0.00%
GA search time: 5.01s, candidates: 275
  [iter  48/100] search_obj=0.8046  search_best=0.7560  validation_best=0.7789  EI=0.0204  rnum=75.1  len=29  syn_rate=0.42  mean=0.8046  worsen=8.00%  highvar=0.00%
GA search time: 4.20s, candidates: 273
  [iter  49/100] search_obj=0.7935  search_best=0.7560  validation_best=0.7789  EI=0.0190  rnum=73.4  len=47  syn_rate=0.42  mean=0.7935  worsen=9.00%  highvar=0.00%
GA search time: 4.65s, candidates: 271
  [iter  50/100] search_obj=0.9065  search_best=0.7560  validation_best=0.7789  EI=0.0158  rnum=71.8  len=35  syn_rate=0.42  mean=0.9065  worsen=10.00%  highvar=0.00%
GA search time: 4.93s, candidates: 270
  [iter  51/100] search_obj=0.7509  search_best=0.7509  validation_best=0.7789  EI=0.0161  rnum=70.3  len=32  syn_rate=0.42  mean=0.7509  worsen=7.00%  highvar=0.00%
GA search time: 5.94s, candidates: 268
  [iter  52/100] search_obj=0.7684  search_best=0.7509  validation_best=0.7629  EI=0.0161  rnum=68.7  len=41  syn_rate=0.42  mean=0.7684  worsen=8.00%  highvar=0.00%
GA search time: 4.20s, candidates: 267
  [iter  53/100] search_obj=0.7567  search_best=0.7509  validation_best=0.7629  EI=0.0176  rnum=67.2  len=59  syn_rate=0.43  mean=0.7567  worsen=8.00%  highvar=0.00%
GA search time: 5.18s, candidates: 265
  [iter  54/100] search_obj=0.7602  search_best=0.7509  validation_best=0.7629  EI=0.0203  rnum=65.7  len=28  syn_rate=0.42  mean=0.7602  worsen=8.00%  highvar=0.00%
GA search time: 5.90s, candidates: 264
  [iter  55/100] search_obj=0.8040  search_best=0.7509  validation_best=0.7629  EI=0.0218  rnum=64.2  len=29  syn_rate=0.42  mean=0.8040  worsen=9.00%  highvar=0.00%
GA search time: 5.82s, candidates: 262
  [iter  56/100] search_obj=0.7684  search_best=0.7509  validation_best=0.7629  EI=0.0166  rnum=62.7  len=43  syn_rate=0.42  mean=0.7684  worsen=8.00%  highvar=0.00%
GA search time: 6.03s, candidates: 261
  [iter  57/100] search_obj=0.8151  search_best=0.7509  validation_best=0.7629  EI=0.0180  rnum=61.3  len=32  syn_rate=0.43  mean=0.8151  worsen=9.00%  highvar=0.00%
GA search time: 5.69s, candidates: 259
  [iter  58/100] search_obj=0.8445  search_best=0.7509  validation_best=0.7629  EI=0.0223  rnum=59.8  len=42  syn_rate=0.43  mean=0.8445  worsen=8.00%  highvar=0.00%
GA search time: 6.08s, candidates: 258
  [iter  59/100] search_obj=0.8194  search_best=0.7509  validation_best=0.7629  EI=0.0158  rnum=58.4  len=55  syn_rate=0.42  mean=0.8194  worsen=9.00%  highvar=0.00%
GA search time: 8.08s, candidates: 257
  [iter  60/100] search_obj=0.8439  search_best=0.7509  validation_best=0.7629  EI=0.0162  rnum=57.0  len=37  syn_rate=0.42  mean=0.8439  worsen=12.00%  highvar=0.00%
GA search time: 5.20s, candidates: 255
  [iter  61/100] search_obj=0.7535  search_best=0.7509  validation_best=0.7629  EI=0.0123  rnum=55.7  len=35  syn_rate=0.43  mean=0.7535  worsen=8.00%  highvar=0.00%
GA search time: 5.68s, candidates: 254
  [iter  62/100] search_obj=0.7505  search_best=0.7505  validation_best=0.7629  EI=0.0161  rnum=54.3  len=39  syn_rate=0.42  mean=0.7505  worsen=7.00%  highvar=0.00%
GA search time: 5.60s, candidates: 253
  [iter  63/100] search_obj=0.7567  search_best=0.7505  validation_best=0.7629  EI=0.0150  rnum=53.0  len=70  syn_rate=0.43  mean=0.7567  worsen=8.00%  highvar=0.00%
GA search time: 6.73s, candidates: 251
  [iter  64/100] search_obj=0.7571  search_best=0.7505  validation_best=0.7629  EI=0.0173  rnum=51.7  len=39  syn_rate=0.43  mean=0.7571  worsen=8.00%  highvar=0.00%
GA search time: 5.07s, candidates: 250
  [iter  65/100] search_obj=0.7528  search_best=0.7505  validation_best=0.7629  EI=0.0203  rnum=50.5  len=36  syn_rate=0.43  mean=0.7528  worsen=8.00%  highvar=0.00%
GA search time: 6.54s, candidates: 249
  [iter  66/100] search_obj=1.0392  search_best=0.7505  validation_best=0.7629  EI=0.0190  rnum=49.2  len=36  syn_rate=0.43  mean=1.0392  worsen=20.00%  highvar=0.00%
GA search time: 5.67s, candidates: 247
  [iter  67/100] search_obj=0.7531  search_best=0.7505  validation_best=0.7629  EI=0.0165  rnum=48.0  len=37  syn_rate=0.43  mean=0.7531  worsen=8.00%  highvar=0.00%
GA search time: 5.91s, candidates: 246
  [iter  68/100] search_obj=0.7539  search_best=0.7505  validation_best=0.7629  EI=0.0160  rnum=46.8  len=36  syn_rate=0.42  mean=0.7539  worsen=8.00%  highvar=0.00%
GA search time: 5.69s, candidates: 245
  [iter  69/100] search_obj=0.7951  search_best=0.7505  validation_best=0.7629  EI=0.0185  rnum=45.6  len=42  syn_rate=0.43  mean=0.7951  worsen=8.00%  highvar=0.00%
GA search time: 4.73s, candidates: 244
  [iter  70/100] search_obj=0.7443  search_best=0.7443  validation_best=0.7629  EI=0.0183  rnum=44.4  len=37  syn_rate=0.43  mean=0.7443  worsen=8.00%  highvar=0.00%
GA search time: 6.08s, candidates: 243
  [iter  71/100] search_obj=0.7533  search_best=0.7443  validation_best=0.7629  EI=0.0168  rnum=43.3  len=36  syn_rate=0.43  mean=0.7533  worsen=8.00%  highvar=0.00%
GA search time: 4.52s, candidates: 242
  [iter  72/100] search_obj=0.7522  search_best=0.7443  validation_best=0.7629  EI=0.0175  rnum=42.2  len=66  syn_rate=0.43  mean=0.7522  worsen=7.00%  highvar=0.00%
GA search time: 5.14s, candidates: 241
  [iter  73/100] search_obj=1.1276  search_best=0.7443  validation_best=0.7629  EI=0.0176  rnum=41.1  len=75  syn_rate=0.42  mean=1.1276  worsen=50.00%  highvar=0.00%
GA search time: 3.96s, candidates: 239
  [iter  74/100] search_obj=1.0412  search_best=0.7443  validation_best=0.7629  EI=0.0172  rnum=40.0  len=61  syn_rate=0.42  mean=1.0412  worsen=19.00%  highvar=0.00%
GA search time: 4.78s, candidates: 238
  [iter  75/100] search_obj=0.7569  search_best=0.7443  validation_best=0.7629  EI=0.0173  rnum=38.9  len=71  syn_rate=0.43  mean=0.7569  worsen=8.00%  highvar=0.00%
GA search time: 3.89s, candidates: 237
  [iter  76/100] search_obj=0.7523  search_best=0.7443  validation_best=0.7629  EI=0.0191  rnum=37.9  len=69  syn_rate=0.47  mean=0.7523  worsen=8.00%  highvar=0.00%
GA search time: 4.22s, candidates: 236
  [iter  77/100] search_obj=1.0391  search_best=0.7443  validation_best=0.7629  EI=0.0192  rnum=36.9  len=72  syn_rate=0.49  mean=1.0391  worsen=19.00%  highvar=0.00%
GA search time: 3.81s, candidates: 235
  [iter  78/100] search_obj=0.7452  search_best=0.7443  validation_best=0.7629  EI=0.0166  rnum=35.9  len=62  syn_rate=0.51  mean=0.7452  worsen=8.00%  highvar=0.00%
GA search time: 3.45s, candidates: 234
  [iter  79/100] search_obj=0.7575  search_best=0.7443  validation_best=0.7629  EI=0.0198  rnum=34.9  len=39  syn_rate=0.43  mean=0.7575  worsen=8.00%  highvar=0.00%
GA search time: 3.58s, candidates: 233
  [iter  80/100] search_obj=1.0388  search_best=0.7443  validation_best=0.7629  EI=0.0185  rnum=33.9  len=69  syn_rate=0.51  mean=1.0388  worsen=19.00%  highvar=0.00%
GA search time: 3.44s, candidates: 233
  [iter  81/100] search_obj=1.0385  search_best=0.7443  validation_best=0.7629  EI=0.0197  rnum=33.0  len=60  syn_rate=0.48  mean=1.0385  worsen=19.00%  highvar=0.00%
GA search time: 4.04s, candidates: 232
  [iter  82/100] search_obj=1.0387  search_best=0.7443  validation_best=0.7629  EI=0.0213  rnum=32.1  len=38  syn_rate=0.47  mean=1.0387  worsen=19.00%  highvar=0.00%
GA search time: 4.47s, candidates: 231
  [iter  83/100] search_obj=0.7514  search_best=0.7443  validation_best=0.7629  EI=0.0182  rnum=31.2  len=54  syn_rate=0.46  mean=0.7514  worsen=7.00%  highvar=0.00%
GA search time: 3.65s, candidates: 230
  [iter  84/100] search_obj=1.0389  search_best=0.7443  validation_best=0.7629  EI=0.0201  rnum=30.3  len=69  syn_rate=0.44  mean=1.0389  worsen=19.00%  highvar=0.00%
GA search time: 4.09s, candidates: 229
  [iter  85/100] search_obj=0.7522  search_best=0.7443  validation_best=0.7629  EI=0.0183  rnum=29.5  len=67  syn_rate=0.44  mean=0.7522  worsen=8.00%  highvar=0.00%
GA search time: 4.43s, candidates: 228
  [iter  86/100] search_obj=0.7520  search_best=0.7443  validation_best=0.7629  EI=0.0183  rnum=28.6  len=67  syn_rate=0.46  mean=0.7520  worsen=7.00%  highvar=0.00%
GA search time: 4.65s, candidates: 227
  [iter  87/100] search_obj=0.7515  search_best=0.7443  validation_best=0.7629  EI=0.0199  rnum=27.8  len=68  syn_rate=0.45  mean=0.7515  worsen=7.00%  highvar=0.00%
GA search time: 4.33s, candidates: 226
  [iter  88/100] search_obj=1.0388  search_best=0.7443  validation_best=0.7629  EI=0.0193  rnum=27.0  len=37  syn_rate=0.45  mean=1.0388  worsen=19.00%  highvar=0.00%
GA search time: 3.48s, candidates: 226
  [iter  89/100] search_obj=0.7521  search_best=0.7443  validation_best=0.7629  EI=0.0185  rnum=26.2  len=67  syn_rate=0.47  mean=0.7521  worsen=7.00%  highvar=0.00%
GA search time: 4.53s, candidates: 225
  [iter  90/100] search_obj=1.1276  search_best=0.7443  validation_best=0.7629  EI=0.0208  rnum=25.4  len=37  syn_rate=0.46  mean=1.1276  worsen=50.00%  highvar=0.00%
GA search time: 3.72s, candidates: 224
  [iter  91/100] search_obj=0.9830  search_best=0.7443  validation_best=0.7629  EI=0.0207  rnum=24.7  len=47  syn_rate=0.47  mean=0.9830  worsen=16.00%  highvar=0.00%
GA search time: 3.34s, candidates: 223
  [iter  92/100] search_obj=0.7468  search_best=0.7443  validation_best=0.7629  EI=0.0247  rnum=24.0  len=61  syn_rate=0.45  mean=0.7468  worsen=7.00%  highvar=0.00%
GA search time: 4.11s, candidates: 223
  [iter  93/100] search_obj=1.0386  search_best=0.7443  validation_best=0.7629  EI=0.0191  rnum=23.3  len=63  syn_rate=0.46  mean=1.0386  worsen=19.00%  highvar=0.00%
GA search time: 4.50s, candidates: 222
  [iter  94/100] search_obj=0.9781  search_best=0.7443  validation_best=0.7629  EI=0.0184  rnum=22.6  len=55  syn_rate=0.42  mean=0.9781  worsen=19.00%  highvar=0.00%
GA search time: 4.20s, candidates: 221
  [iter  95/100] search_obj=0.8952  search_best=0.7443  validation_best=0.7629  EI=0.0190  rnum=21.9  len=62  syn_rate=0.45  mean=0.8952  worsen=9.00%  highvar=0.00%
GA search time: 3.49s, candidates: 221
  [iter  96/100] search_obj=0.9265  search_best=0.7443  validation_best=0.7629  EI=0.0198  rnum=21.2  len=65  syn_rate=0.50  mean=0.9265  worsen=11.00%  highvar=0.00%
GA search time: 3.77s, candidates: 220
  [iter  97/100] search_obj=1.0376  search_best=0.7443  validation_best=0.7629  EI=0.0181  rnum=20.6  len=67  syn_rate=0.47  mean=1.0376  worsen=45.00%  highvar=0.00%
GA search time: 3.36s, candidates: 219
  [iter  98/100] search_obj=1.0417  search_best=0.7443  validation_best=0.7629  EI=0.0164  rnum=19.9  len=59  syn_rate=0.43  mean=1.0417  worsen=19.00%  highvar=0.00%
GA search time: 3.99s, candidates: 219
  [iter  99/100] search_obj=0.7519  search_best=0.7443  validation_best=0.7629  EI=0.0204  rnum=19.3  len=54  syn_rate=0.46  mean=0.7519  worsen=7.00%  highvar=0.00%
GA search time: 3.69s, candidates: 218
  [iter 100/100] search_obj=0.7578  search_best=0.7443  validation_best=0.7629  EI=0.0168  rnum=18.7  len=42  syn_rate=0.43  mean=0.7578  worsen=8.00%  highvar=0.00%

[Step 5] 按 validation 选择最终通用序列...
  选择结果:
    search_train_obj=0.7684, search_train_mean=0.7684, search_train_worsen=8.00%, search_train_highvar=0.00%
    validation_obj=0.7629, validation_mean=0.7629, validation_worsen=8.00%, validation_highvar=0.00%

[Step 6] 在 validation 上执行消融后处理...

[Ablation-validation] 初始序列长度: 41, objective: 0.7629, mean_norm: 0.7629, worsen_rate: 8.00%
  移除 [40] function(gvn-sink): objective 0.7629, mean_norm 0.7629, worsen_rate 8.00% (保留移除)
  移除 [39] module(iroutliner): objective 0.7629, mean_norm 0.7629, worsen_rate 8.00% (保留移除)
  移除 [38] function(instsimplify): objective 0.7629, mean_norm 0.7629, worsen_rate 8.00% (保留移除)
  移除 [37] module(scc-oz-module-inliner): objective 0.7650 > 0.7629 (恢复)
  移除 [36] module(attributor): objective 0.7633 > 0.7629 (恢复)
  移除 [35] module(scc-oz-module-inliner): objective 0.7646 > 0.7629 (恢复)
  移除 [34] function(gvn-sink): objective 0.7629, mean_norm 0.7629, worsen_rate 8.00% (保留移除)
  移除 [33] module(elim-avail-extern): objective 0.7629, mean_norm 0.7629, worsen_rate 8.00% (保留移除)
  移除 [32] function(gvn-sink): objective 0.7629, mean_norm 0.7629, worsen_rate 8.00% (保留移除)
  移除 [31] function(dce): objective 0.7629, mean_norm 0.7629, worsen_rate 8.00% (保留移除)
  移除 [30] module(iroutliner): objective 0.7629, mean_norm 0.7629, worsen_rate 8.00% (保留移除)
  移除 [29] function(jump-threading): objective 0.7629, mean_norm 0.7629, worsen_rate 8.00% (保留移除)
  移除 [28] function(dce): objective 0.7629, mean_norm 0.7629, worsen_rate 8.00% (保留移除)
  移除 [27] module(attributor): objective 0.7646 > 0.7629 (恢复)
  移除 [26] function(gvn-hoist): objective 0.7657 > 0.7629 (恢复)
  移除 [25] function(gvn-sink): objective 0.7629, mean_norm 0.7629, worsen_rate 8.00% (保留移除)
  移除 [24] function(newgvn): objective 0.7732 > 0.7629 (恢复)
  移除 [23] function(gvn-sink): objective 0.7629, mean_norm 0.7629, worsen_rate 8.00% (保留移除)
  移除 [22] module(globalopt): objective 0.8983 > 0.7629 (恢复)
  移除 [21] function(jump-threading): objective 0.7629, mean_norm 0.7629, worsen_rate 8.00% (保留移除)
  移除 [20] module(iroutliner): objective 0.7629, mean_norm 0.7629, worsen_rate 8.00% (保留移除)
  移除 [19] function(gvn-sink): objective 0.7639 > 0.7629 (恢复)
  移除 [18] module(iroutliner): objective 0.7639 > 0.7629 (恢复)
  移除 [17] function(instsimplify): objective 0.7629, mean_norm 0.7629, worsen_rate 8.00% (保留移除)
  移除 [16] function(gvn-sink): objective 0.7639 > 0.7629 (恢复)
  移除 [15] module(scc-oz-module-inliner): objective 0.7775 > 0.7629 (恢复)
  移除 [14] module(attributor): objective 0.7899 > 0.7629 (恢复)
  移除 [13] module(elim-avail-extern): objective 0.7629, mean_norm 0.7629, worsen_rate 8.00% (保留移除)
  移除 [12] function(gvn-sink): objective 0.7629, mean_norm 0.7629, worsen_rate 8.00% (保留移除)
  移除 [11] function(newgvn): objective 0.7899 > 0.7629 (恢复)
  移除 [10] function(instsimplify): objective 0.7629, mean_norm 0.7629, worsen_rate 8.00% (保留移除)
  移除 [9] function(gvn-sink): objective 0.7629, mean_norm 0.7629, worsen_rate 8.00% (保留移除)
  移除 [8] module(attributor): objective 0.7629, mean_norm 0.7629, worsen_rate 8.00% (保留移除)
  移除 [7] module(attributor): objective 0.7745 > 0.7629 (恢复)
  移除 [6] module(iroutliner): objective 0.7702 > 0.7629 (恢复)
  移除 [5] module(iroutliner): objective 0.7702 > 0.7629 (恢复)
  移除 [4] function(gvn-sink): objective 0.7629, mean_norm 0.7629, worsen_rate 8.00% (保留移除)
  移除 [3] module(attributor): objective 0.7710 > 0.7629 (恢复)
  移除 [2] module(elim-avail-extern): objective 0.9899 > 0.7629 (恢复)
  移除 [1] function(instsimplify): objective 0.7629, mean_norm 0.7629, worsen_rate 8.00% (保留移除)
  移除 [0] function(gvn-sink): objective 0.7609, mean_norm 0.7609, worsen_rate 8.00% (保留移除)
[Ablation-validation] 最终序列长度: 18, objective: 0.7609, mean_norm: 0.7609, worsen_rate: 8.00%, 移除了 23 个 pass
  消融有效: 41 → 18 passes, validation_objective: 0.7629 → 0.7609

最终通用 pass 序列（effective=18 个顶层 pass, raw=18 个 pass, syn_rate(raw)=0.19）:
  module(elim-avail-extern) → module(attributor) → module(iroutliner) → module(iroutliner) → module(attributor) → function(newgvn) → module(attributor) → module(scc-oz-module-inliner) → function(gvn-sink) → module(iroutliner) → function(gvn-sink) → module(globalopt) → function(newgvn) → function(gvn-hoist) → module(attributor) → module(scc-oz-module-inliner) → module(attributor) → module(scc-oz-module-inliner)
  search_train_obj=0.7565, search_train_mean=0.7565, search_train_worsen=8.00%, search_train_highvar=0.00%
  validation_obj=0.7609, validation_mean=0.7609, validation_worsen=8.00%, validation_highvar=0.00%
  test_obj=0.7526, test_mean=0.7526, test_worsen=14.00%, test_highvar=0.00%

Top-5 最佳序列（按 validation 多目标 objective 升序）:
  #1: validation_obj=0.7629, validation_mean=0.7629, validation_worsen=8.00%, validation_highvar=0.00%, train_obj=0.7684, train_mean=0.7684, train_highvar=0.00%, len=41, syn_rate=0.42, test_obj=0.7465, test_mean=0.7465, test_worsen=14.00%, test_highvar=0.00%
     function(gvn-sink) → function(instsimplify) → module(elim-avail-extern) → module(attributor) → function(gvn-sink) → module(iroutliner) → module(iroutliner) → module(attributor) → module(attributor) → function(gvn-sink) → function(instsimplify) → function(newgvn) → function(gvn-sink) → module(elim-avail-extern) → module(attributor) → module(scc-oz-module-inliner) → function(gvn-sink) → function(instsimplify) → module(iroutliner) → function(gvn-sink) → module(iroutliner) → function(jump-threading) → module(globalopt) → function(gvn-sink) → function(newgvn) → function(gvn-sink) → function(gvn-hoist) → module(attributor) → function(dce) → function(jump-threading) → module(iroutliner) → function(dce) → function(gvn-sink) → module(elim-avail-extern) → function(gvn-sink) → module(scc-oz-module-inliner) → module(attributor) → module(scc-oz-module-inliner) → function(instsimplify) → module(iroutliner) → function(gvn-sink)
  #2: validation_obj=0.7629, validation_mean=0.7629, validation_worsen=8.00%, validation_highvar=0.00%, train_obj=0.7684, train_mean=0.7684, train_highvar=0.00%, len=43, syn_rate=0.42, test_obj=0.7465, test_mean=0.7465, test_worsen=14.00%, test_highvar=0.00%
     function(gvn-sink) → function(instsimplify) → module(elim-avail-extern) → module(attributor) → function(dce) → function(gvn-sink) → module(iroutliner) → module(iroutliner) → module(attributor) → module(attributor) → function(gvn-sink) → function(instsimplify) → function(newgvn) → function(gvn-sink) → module(elim-avail-extern) → module(attributor) → module(scc-oz-module-inliner) → function(gvn-sink) → function(instsimplify) → module(iroutliner) → function(gvn-sink) → module(iroutliner) → function(jump-threading) → module(globalopt) → function(gvn-sink) → function(newgvn) → function(gvn-sink) → function(gvn-hoist) → module(attributor) → function(dce) → function(jump-threading) → module(iroutliner) → function(dce) → function(gvn-sink) → module(elim-avail-extern) → module(scc-oz-module-inliner) → module(attributor) → function(gvn-sink) → function(newgvn) → module(iroutliner) → module(iroutliner) → module(elim-avail-extern) → module(scc-oz-module-inliner)
  #3: validation_obj=0.7669, validation_mean=0.7669, validation_worsen=9.00%, validation_highvar=0.00%, train_obj=0.7452, train_mean=0.7452, train_highvar=0.00%, len=62, syn_rate=0.51, test_obj=0.7503, test_mean=0.7503, test_worsen=14.00%, test_highvar=0.00%
     module(elim-avail-extern) → module(attributor) → module(iroutliner) → module(iroutliner) → function(newgvn) → function(instsimplify) → module(attributor) → module(attributor) → function(dce) → module(elim-avail-extern) → module(elim-avail-extern) → module(attributor) → function(dce) → function(gvn-sink) → module(attributor) → module(iroutliner) → module(elim-avail-extern) → module(globalopt) → module(scc-oz-module-inliner) → module(attributor) → function(newgvn) → module(elim-avail-extern) → module(elim-avail-extern) → function(gvn-sink) → module(iroutliner) → function(gvn-sink) → function(jump-threading) → module(iroutliner) → function(gvn-sink) → function(memcpyopt) → module(attributor) → function(gvn-sink) → function(instsimplify) → function(gvn-sink) → module(attributor) → module(scc-oz-module-inliner) → function(dce) → function(memcpyopt) → function(jump-threading) → module(attributor) → function(gvn-sink) → function(memcpyopt) → module(elim-avail-extern) → function(gvn-sink) → module(attributor) → module(elim-avail-extern) → module(iroutliner) → function(instsimplify) → function(gvn-hoist) → module(attributor) → function(memcpyopt) → function(jump-threading) → module(globalopt) → function(gvn-sink) → function(newgvn) → function(gvn-sink) → module(globalopt) → module(attributor) → function(dce) → module(iroutliner) → module(elim-avail-extern) → module(scc-oz-module-inliner)
  #4: validation_obj=0.7750, validation_mean=0.7750, validation_worsen=11.00%, validation_highvar=0.00%, train_obj=0.7519, train_mean=0.7519, train_highvar=0.00%, len=54, syn_rate=0.46, test_obj=0.7432, test_mean=0.7432, test_worsen=14.00%, test_highvar=0.00%
     module(elim-avail-extern) → function(instsimplify) → module(iroutliner) → module(iroutliner) → module(iroutliner) → function(instsimplify) → module(iroutliner) → module(iroutliner) → module(attributor) → function(instsimplify) → function(gvn-hoist) → module(attributor) → function(memcpyopt) → function(jump-threading) → function(gvn-sink) → function(newgvn) → function(gvn-sink) → module(globalopt) → module(attributor) → module(globalopt) → function(gvn-sink) → function(gvn-sink) → function(gvn-sink) → module(iroutliner) → module(attributor) → module(attributor) → module(attributor) → module(attributor) → module(attributor) → module(scc-oz-module-inliner) → module(scc-oz-module-inliner) → module(scc-oz-module-inliner) → module(elim-avail-extern) → module(globalopt) → module(attributor) → function(gvn-sink) → function(jump-threading) → module(iroutliner) → function(dce) → function(newgvn) → module(elim-avail-extern) → function(gvn-sink) → function(gvn-sink) → function(newgvn) → module(scc-oz-module-inliner) → module(attributor) → module(scc-oz-module-inliner) → function(dce) → function(jump-threading) → module(iroutliner) → module(elim-avail-extern) → function(instsimplify) → module(iroutliner) → function(dce)
  #5: validation_obj=0.7789, validation_mean=0.7789, validation_worsen=11.00%, validation_highvar=0.00%, train_obj=0.7615, train_mean=0.7615, train_highvar=0.00%, len=31, syn_rate=0.43, test_obj=0.7541, test_mean=0.7541, test_worsen=16.00%, test_highvar=0.00%
     module(elim-avail-extern) → module(iroutliner) → module(elim-avail-extern) → module(elim-avail-extern) → module(iroutliner) → module(iroutliner) → module(attributor) → function(instsimplify) → function(gvn-hoist) → module(attributor) → function(memcpyopt) → function(jump-threading) → module(globalopt) → function(gvn-sink) → function(newgvn) → function(gvn-sink) → module(globalopt) → module(attributor) → function(dce) → function(jump-threading) → module(iroutliner) → function(dce) → function(gvn-sink) → module(elim-avail-extern) → function(gvn-sink) → module(scc-oz-module-inliner) → module(attributor) → module(scc-oz-module-inliner) → function(instsimplify) → module(iroutliner) → function(gvn-sink)

============================================================
所有轮次中最优 validation objective: 0.7609
最优通用 pass 序列 (18 passes):
  module(elim-avail-extern) → module(attributor) → module(iroutliner) → module(iroutliner) → module(attributor) → function(newgvn) → module(attributor) → module(scc-oz-module-inliner) → function(gvn-sink) → module(iroutliner) → function(gvn-sink) → module(globalopt) → function(newgvn) → function(gvn-hoist) → module(attributor) → module(scc-oz-module-inliner) → module(attributor) → module(scc-oz-module-inliner)
  search_train_obj=0.7565, search_train_mean=0.7565, search_train_worsen=8.00%, search_train_highvar=0.00%
  validation_obj=0.7609, validation_mean=0.7609, validation_worsen=8.00%, validation_highvar=0.00%
  test_obj=0.7526, test_mean=0.7526, test_worsen=14.00%, test_highvar=0.00%

最优轮次 Top-5 序列（含测试集效果，按 validation objective 升序）:
  #1: validation_obj=0.7629, validation_mean=0.7629, validation_worsen=8.00%, validation_highvar=0.00%, train_obj=0.7684, train_mean=0.7684, train_highvar=0.00%, len=41, syn_rate=0.42, test_obj=0.7465, test_mean=0.7465, test_worsen=14.00%, test_highvar=0.00%
     function(gvn-sink) → function(instsimplify) → module(elim-avail-extern) → module(attributor) → function(gvn-sink) → module(iroutliner) → module(iroutliner) → module(attributor) → module(attributor) → function(gvn-sink) → function(instsimplify) → function(newgvn) → function(gvn-sink) → module(elim-avail-extern) → module(attributor) → module(scc-oz-module-inliner) → function(gvn-sink) → function(instsimplify) → module(iroutliner) → function(gvn-sink) → module(iroutliner) → function(jump-threading) → module(globalopt) → function(gvn-sink) → function(newgvn) → function(gvn-sink) → function(gvn-hoist) → module(attributor) → function(dce) → function(jump-threading) → module(iroutliner) → function(dce) → function(gvn-sink) → module(elim-avail-extern) → function(gvn-sink) → module(scc-oz-module-inliner) → module(attributor) → module(scc-oz-module-inliner) → function(instsimplify) → module(iroutliner) → function(gvn-sink)
  #2: validation_obj=0.7629, validation_mean=0.7629, validation_worsen=8.00%, validation_highvar=0.00%, train_obj=0.7684, train_mean=0.7684, train_highvar=0.00%, len=43, syn_rate=0.42, test_obj=0.7465, test_mean=0.7465, test_worsen=14.00%, test_highvar=0.00%
     function(gvn-sink) → function(instsimplify) → module(elim-avail-extern) → module(attributor) → function(dce) → function(gvn-sink) → module(iroutliner) → module(iroutliner) → module(attributor) → module(attributor) → function(gvn-sink) → function(instsimplify) → function(newgvn) → function(gvn-sink) → module(elim-avail-extern) → module(attributor) → module(scc-oz-module-inliner) → function(gvn-sink) → function(instsimplify) → module(iroutliner) → function(gvn-sink) → module(iroutliner) → function(jump-threading) → module(globalopt) → function(gvn-sink) → function(newgvn) → function(gvn-sink) → function(gvn-hoist) → module(attributor) → function(dce) → function(jump-threading) → module(iroutliner) → function(dce) → function(gvn-sink) → module(elim-avail-extern) → module(scc-oz-module-inliner) → module(attributor) → function(gvn-sink) → function(newgvn) → module(iroutliner) → module(iroutliner) → module(elim-avail-extern) → module(scc-oz-module-inliner)
  #3: validation_obj=0.7669, validation_mean=0.7669, validation_worsen=9.00%, validation_highvar=0.00%, train_obj=0.7452, train_mean=0.7452, train_highvar=0.00%, len=62, syn_rate=0.51, test_obj=0.7503, test_mean=0.7503, test_worsen=14.00%, test_highvar=0.00%
     module(elim-avail-extern) → module(attributor) → module(iroutliner) → module(iroutliner) → function(newgvn) → function(instsimplify) → module(attributor) → module(attributor) → function(dce) → module(elim-avail-extern) → module(elim-avail-extern) → module(attributor) → function(dce) → function(gvn-sink) → module(attributor) → module(iroutliner) → module(elim-avail-extern) → module(globalopt) → module(scc-oz-module-inliner) → module(attributor) → function(newgvn) → module(elim-avail-extern) → module(elim-avail-extern) → function(gvn-sink) → module(iroutliner) → function(gvn-sink) → function(jump-threading) → module(iroutliner) → function(gvn-sink) → function(memcpyopt) → module(attributor) → function(gvn-sink) → function(instsimplify) → function(gvn-sink) → module(attributor) → module(scc-oz-module-inliner) → function(dce) → function(memcpyopt) → function(jump-threading) → module(attributor) → function(gvn-sink) → function(memcpyopt) → module(elim-avail-extern) → function(gvn-sink) → module(attributor) → module(elim-avail-extern) → module(iroutliner) → function(instsimplify) → function(gvn-hoist) → module(attributor) → function(memcpyopt) → function(jump-threading) → module(globalopt) → function(gvn-sink) → function(newgvn) → function(gvn-sink) → module(globalopt) → module(attributor) → function(dce) → module(iroutliner) → module(elim-avail-extern) → module(scc-oz-module-inliner)
  #4: validation_obj=0.7750, validation_mean=0.7750, validation_worsen=11.00%, validation_highvar=0.00%, train_obj=0.7519, train_mean=0.7519, train_highvar=0.00%, len=54, syn_rate=0.46, test_obj=0.7432, test_mean=0.7432, test_worsen=14.00%, test_highvar=0.00%
     module(elim-avail-extern) → function(instsimplify) → module(iroutliner) → module(iroutliner) → module(iroutliner) → function(instsimplify) → module(iroutliner) → module(iroutliner) → module(attributor) → function(instsimplify) → function(gvn-hoist) → module(attributor) → function(memcpyopt) → function(jump-threading) → function(gvn-sink) → function(newgvn) → function(gvn-sink) → module(globalopt) → module(attributor) → module(globalopt) → function(gvn-sink) → function(gvn-sink) → function(gvn-sink) → module(iroutliner) → module(attributor) → module(attributor) → module(attributor) → module(attributor) → module(attributor) → module(scc-oz-module-inliner) → module(scc-oz-module-inliner) → module(scc-oz-module-inliner) → module(elim-avail-extern) → module(globalopt) → module(attributor) → function(gvn-sink) → function(jump-threading) → module(iroutliner) → function(dce) → function(newgvn) → module(elim-avail-extern) → function(gvn-sink) → function(gvn-sink) → function(newgvn) → module(scc-oz-module-inliner) → module(attributor) → module(scc-oz-module-inliner) → function(dce) → function(jump-threading) → module(iroutliner) → module(elim-avail-extern) → function(instsimplify) → module(iroutliner) → function(dce)
  #5: validation_obj=0.7789, validation_mean=0.7789, validation_worsen=11.00%, validation_highvar=0.00%, train_obj=0.7615, train_mean=0.7615, train_highvar=0.00%, len=31, syn_rate=0.43, test_obj=0.7541, test_mean=0.7541, test_worsen=16.00%, test_highvar=0.00%
     module(elim-avail-extern) → module(iroutliner) → module(elim-avail-extern) → module(elim-avail-extern) → module(iroutliner) → module(iroutliner) → module(attributor) → function(instsimplify) → function(gvn-hoist) → module(attributor) → function(memcpyopt) → function(jump-threading) → module(globalopt) → function(gvn-sink) → function(newgvn) → function(gvn-sink) → module(globalopt) → module(attributor) → function(dce) → function(jump-threading) → module(iroutliner) → function(dce) → function(gvn-sink) → module(elim-avail-extern) → function(gvn-sink) → module(scc-oz-module-inliner) → module(attributor) → module(scc-oz-module-inliner) → function(instsimplify) → module(iroutliner) → function(gvn-sink)
binarysize_test: vs_none=0.995 (+0.5%)  vs_oz=1.000 (+0.0%)  vs_o3=0.981 (+1.9%) [metric=stripped_file_bytes]
binarysize_test[text_bytes]: vs_none=0.892 (+10.8%)  vs_oz=0.914 (+8.6%)  vs_o3=0.792 (+20.8%)
binarysize_test[data_bytes]: vs_none=0.985 (+1.5%)  vs_oz=0.993 (+0.7%)  vs_o3=0.987 (+1.3%)
binarysize_test[bss_bytes]: vs_none=1.000 (+0.0%)  vs_oz=1.000 (+0.0%)  vs_o3=1.000 (+0.0%)
binarysize_test[dec_bytes]: vs_none=0.909 (+9.1%)  vs_oz=0.932 (+6.8%)  vs_o3=0.838 (+16.2%)

最优轮次 Top-5 binarysize_test 序列面板（primary=stripped_file_bytes）:
  #1: len=41, syn_rate=0.42
     stripped_file_bytes: obj=0.9995, mean=0.9995, worsen=8.00%, vs_none=0.995 (+0.5%)  vs_oz=1.000 (+0.0%)  vs_o3=0.981 (+1.9%)
     text_bytes: obj=0.9121, mean=0.9121, worsen=26.00%, vs_none=0.890 (+11.0%)  vs_oz=0.912 (+8.8%)  vs_o3=0.790 (+21.0%)
     data_bytes: obj=0.9931, mean=0.9931, worsen=8.00%, vs_none=0.985 (+1.5%)  vs_oz=0.993 (+0.7%)  vs_o3=0.987 (+1.3%)
     bss_bytes: obj=1.0000, mean=1.0000, worsen=0.00%, vs_none=1.000 (+0.0%)  vs_oz=1.000 (+0.0%)  vs_o3=1.000 (+0.0%)
     dec_bytes: obj=0.9312, mean=0.9312, worsen=26.00%, vs_none=0.908 (+9.2%)  vs_oz=0.931 (+6.9%)  vs_o3=0.836 (+16.4%)
  #2: len=43, syn_rate=0.42
     stripped_file_bytes: obj=0.9995, mean=0.9995, worsen=8.00%, vs_none=0.995 (+0.5%)  vs_oz=1.000 (+0.0%)  vs_o3=0.981 (+1.9%)
     text_bytes: obj=0.9121, mean=0.9121, worsen=26.00%, vs_none=0.890 (+11.0%)  vs_oz=0.912 (+8.8%)  vs_o3=0.790 (+21.0%)
     data_bytes: obj=0.9931, mean=0.9931, worsen=8.00%, vs_none=0.985 (+1.5%)  vs_oz=0.993 (+0.7%)  vs_o3=0.987 (+1.3%)
     bss_bytes: obj=1.0000, mean=1.0000, worsen=0.00%, vs_none=1.000 (+0.0%)  vs_oz=1.000 (+0.0%)  vs_o3=1.000 (+0.0%)
     dec_bytes: obj=0.9312, mean=0.9312, worsen=26.00%, vs_none=0.908 (+9.2%)  vs_oz=0.931 (+6.9%)  vs_o3=0.836 (+16.4%)
  #3: len=62, syn_rate=0.51
     stripped_file_bytes: obj=0.9995, mean=0.9995, worsen=8.00%, vs_none=0.995 (+0.5%)  vs_oz=1.000 (+0.0%)  vs_o3=0.981 (+1.9%)
     text_bytes: obj=0.9119, mean=0.9119, worsen=26.00%, vs_none=0.890 (+11.0%)  vs_oz=0.912 (+8.8%)  vs_o3=0.790 (+21.0%)
     data_bytes: obj=0.9931, mean=0.9931, worsen=8.00%, vs_none=0.985 (+1.5%)  vs_oz=0.993 (+0.7%)  vs_o3=0.987 (+1.3%)
     bss_bytes: obj=1.0000, mean=1.0000, worsen=0.00%, vs_none=1.000 (+0.0%)  vs_oz=1.000 (+0.0%)  vs_o3=1.000 (+0.0%)
     dec_bytes: obj=0.9309, mean=0.9309, worsen=26.00%, vs_none=0.908 (+9.2%)  vs_oz=0.931 (+6.9%)  vs_o3=0.836 (+16.4%)
  #4: len=54, syn_rate=0.46
     stripped_file_bytes: obj=0.9996, mean=0.9996, worsen=8.00%, vs_none=0.995 (+0.5%)  vs_oz=1.000 (+0.0%)  vs_o3=0.981 (+1.9%)
     text_bytes: obj=0.9145, mean=0.9145, worsen=22.00%, vs_none=0.893 (+10.7%)  vs_oz=0.914 (+8.6%)  vs_o3=0.791 (+20.9%)
     data_bytes: obj=0.9936, mean=0.9936, worsen=8.00%, vs_none=0.985 (+1.5%)  vs_oz=0.994 (+0.6%)  vs_o3=0.987 (+1.3%)
     bss_bytes: obj=1.0000, mean=1.0000, worsen=0.00%, vs_none=1.000 (+0.0%)  vs_oz=1.000 (+0.0%)  vs_o3=1.000 (+0.0%)
     dec_bytes: obj=0.9335, mean=0.9335, worsen=22.00%, vs_none=0.911 (+8.9%)  vs_oz=0.934 (+6.6%)  vs_o3=0.838 (+16.2%)
  #5: len=31, syn_rate=0.43
     stripped_file_bytes: obj=0.9996, mean=0.9996, worsen=8.00%, vs_none=0.995 (+0.5%)  vs_oz=1.000 (+0.0%)  vs_o3=0.982 (+1.8%)
     text_bytes: obj=0.9214, mean=0.9214, worsen=22.00%, vs_none=0.900 (+10.0%)  vs_oz=0.921 (+7.9%)  vs_o3=0.797 (+20.3%)
     data_bytes: obj=0.9948, mean=0.9948, worsen=8.00%, vs_none=0.987 (+1.3%)  vs_oz=0.995 (+0.5%)  vs_o3=0.989 (+1.1%)
     bss_bytes: obj=1.0000, mean=1.0000, worsen=0.00%, vs_none=1.000 (+0.0%)  vs_oz=1.000 (+0.0%)  vs_o3=1.000 (+0.0%)
     dec_bytes: obj=0.9391, mean=0.9391, worsen=22.00%, vs_none=0.916 (+8.4%)  vs_oz=0.939 (+6.1%)  vs_o3=0.843 (+15.7%)
核心调优成本已写入: /root/exp/RFunipassLab/results/instrcount/summaries/20260507_193449_981418_feature_lite_seed456_core_tuning_cost.json
结果已写入: /root/exp/RFunipassLab/results/instrcount/summaries/20260507_193449_981418_feature_lite_seed456.json
总运行时间: 2713.04 秒
