# run_id: 20260505_054628_012709_feature_lite_seed461
# name: feature_lite
# group: feature_ablation
# description: 切换到 Lite 特征编码，保留其余搜索流程不变。
# changed: FEATURE_MODE=lite, GA_GEN=5, GA_POP=200, ITERS=100, MAX_SEQ_LEN=120, MIN_VAL_PROGRAMS=5, SEED_TOPK=0, TEST_TOPK=50, TRAIN_TOPK=200, VAL_RATIO=0.5
# result_json: /root/exp/RFunipassLab/results/instrcount/summaries/20260505_054628_012709_feature_lite_seed461.json
# started_at: 2026-05-05T05:46:28
# control_env:
#   BACKEND_OPT_LEVEL=-O0
#   BINARY_SIZE_METRIC=stripped_file_bytes
#   BINARY_SIZE_REPORT_METRICS=text_bytes,data_bytes,bss_bytes,dec_bytes
#   DECAY=0.5
#   EXPERIMENT_SEED=461
#   FEATURE_MODE=lite
#   GA_ELITE=0.1
#   GA_GEN=5
#   GA_MUT=0.8
#   GA_POP=200
#   GA_TOUR=3
#   ITERS=100
#   LOOP_NESTING_POLICY=wrap
#   MAX_SEQ_LEN=120
#   MIN_VAL_PROGRAMS=5
#   OBJECTIVE_BASELINE=oz
#   OBJECTIVE_KIND=instrcount
#   OBJ_HIGHVAR_W=0.0
#   OBJ_WORSEN_W=0.15
#   OFFSET=20
#   PROGRAM_POOL_KIND=auto
#   RF_EXPLAIN_COUNTERFACTUAL_ENABLE=1
#   RF_EXPLAIN_COUNTERFACTUAL_MAX_EVALS=20
#   RF_EXPLAIN_COUNTERFACTUAL_SPLIT=selection
#   RF_EXPLAIN_COUNTERFACTUAL_TOPK=5
#   RF_EXPLAIN_ENABLE=1
#   RF_EXPLAIN_HOLDOUT_RATIO=0.3
#   RF_EXPLAIN_MIN_SAMPLES=20
#   RF_EXPLAIN_MODE=final
#   RF_EXPLAIN_PERM_REPEATS=10
#   RF_EXPLAIN_TOPK=20
#   RNUM=256
#   RUNS=1
#   RUNTIME_EVAL_MAX_VARIANCE_PCT=15.0
#   RUNTIME_MAX_INNER_REPEATS=64
#   RUNTIME_MAX_VARIANCE_PCT=10.0
#   RUNTIME_REQUIRED_ROWS=0
#   RUNTIME_SAMPLES=5
#   RUNTIME_TARGET_SAMPLE_MS=30.0
#   RUNTIME_TIMEOUT_SEC=2.0
#   SCALE=10
#   SEED_TOPK=0
#   SPLIT_SEED=461
#   TEST_TOPK=50
#   TRAIN_TOPK=200
#   VAL_RATIO=0.5

Loading train/test rows from: /root/exp/RFunipassLab/data/tuning_results.csv
Loaded train programs:       200
Loaded initial seed seqs:    80
Loaded test programs:        50
Objective kind:              instrcount
Program pool kind:           tuning

Loading synergy graph from: /root/exp/RFunipassLab/data/Step3_EnumeratedPairs.csv
All passes (19): ['function(newgvn)', 'module(iroutliner)', 'module(elim-avail-extern)', 'module(globalopt)', 'function(mem2reg)', 'function(dse)', 'cgscc(attributor-cgscc)', 'function(jump-threading)', 'module(attributor)', 'function(memcpyopt)', 'function(gvn-sink)', 'function(dce)', 'function(instsimplify)', 'function(gvn-hoist)', 'module(scc-oz-module-inliner)', 'function(reassociate)', 'module(inferattrs)', 'loop(loop-simplifycfg)', 'function(lower-switch)']
Synergy edges: 176
Self-loop passes: {'cgscc(attributor-cgscc)', 'module(attributor)', 'function(newgvn)'}

============================================================
实验轮次 1 / 1
============================================================
============================================================
目标类型:      instrcount
目标基准:      -Oz
基准指标:      -Oz 基准指令数
优化指标:      归一化指令数
输入程序数:    200
输入次优序列数: 80
测试程序数:    50
Pass 词表大小: 19
协同边数:      176
自环 pass 数:  3
序列长度上限:  120
Loop 合法化策略: wrap
实验种子:      461
划分种子:      461
特征模式:      lite
RF 特征维度:   31
词表: ['function(newgvn)', 'module(iroutliner)', 'module(elim-avail-extern)', 'module(globalopt)', 'function(mem2reg)', 'function(dse)', 'cgscc(attributor-cgscc)', 'function(jump-threading)', 'module(attributor)', 'function(memcpyopt)', 'function(gvn-sink)', 'function(dce)', 'function(instsimplify)', 'function(gvn-hoist)', 'module(scc-oz-module-inliner)', 'function(reassociate)', 'module(inferattrs)', 'loop(loop-simplifycfg)', 'function(lower-switch)']
多目标权重:    mean=1.0, worsen=0.15, highvar=0.0

[Step 1.5] 训练程序切分...
  search_train 程序数: 100
  validation 程序数:   100
  split_signature(search_train): a8f2844f2a1d8a5e88a3c6e40c99dbb680248ff2
  split_signature(validation):   6952f6c8be35c08337721ac2810694f21803acdc
  split_signature(test):         400177199df026e980bc9db57dd9377c17b6c182

[Step 2] 计算 search_train 程序 -Oz 基准指令数...
[Step 2b] 计算 validation 程序 -Oz 基准指令数...
[Step 2c] 计算测试集程序 -Oz 基准指令数...

[Step 3] 评估初始 seed 序列（共 80 条）...

[Step 4] 开始贝叶斯优化（100 轮）...
GA search time: 6.59s, candidates: 381
  [iter   1/100] search_obj=0.7623  search_best=0.7580  validation_best=0.7773  EI=0.0151  rnum=181.1  len=17  syn_rate=0.18  mean=0.7503  worsen=8.00%  highvar=0.00%
GA search time: 6.35s, candidates: 379
  [iter   2/100] search_obj=0.7609  search_best=0.7580  validation_best=0.7773  EI=0.0247  rnum=179.0  len=21  syn_rate=0.20  mean=0.7489  worsen=8.00%  highvar=0.00%
GA search time: 6.99s, candidates: 376
  [iter   3/100] search_obj=0.7616  search_best=0.7580  validation_best=0.7773  EI=0.0278  rnum=176.9  len=24  syn_rate=0.21  mean=0.7496  worsen=8.00%  highvar=0.00%
GA search time: 10.56s, candidates: 374
  [iter   4/100] search_obj=0.7609  search_best=0.7580  validation_best=0.7770  EI=0.0280  rnum=174.8  len=24  syn_rate=0.20  mean=0.7489  worsen=8.00%  highvar=0.00%
GA search time: 5.23s, candidates: 372
  [iter   5/100] search_obj=0.9212  search_best=0.7580  validation_best=0.7770  EI=0.0270  rnum=172.7  len=24  syn_rate=0.19  mean=0.8762  worsen=30.00%  highvar=0.00%
GA search time: 7.84s, candidates: 370
  [iter   6/100] search_obj=1.0573  search_best=0.7580  validation_best=0.7770  EI=0.0245  rnum=170.6  len=26  syn_rate=0.16  mean=1.0003  worsen=38.00%  highvar=0.00%
GA search time: 5.09s, candidates: 368
  [iter   7/100] search_obj=1.0578  search_best=0.7580  validation_best=0.7770  EI=0.0240  rnum=168.4  len=21  syn_rate=0.18  mean=1.0008  worsen=38.00%  highvar=0.00%
GA search time: 5.29s, candidates: 366
  [iter   8/100] search_obj=0.7607  search_best=0.7580  validation_best=0.7719  EI=0.0248  rnum=166.3  len=34  syn_rate=0.23  mean=0.7487  worsen=8.00%  highvar=0.00%
GA search time: 4.87s, candidates: 364
  [iter   9/100] search_obj=0.8545  search_best=0.7580  validation_best=0.7719  EI=0.0261  rnum=164.2  len=41  syn_rate=0.34  mean=0.8410  worsen=9.00%  highvar=0.00%
GA search time: 4.23s, candidates: 362
  [iter  10/100] search_obj=1.0717  search_best=0.7580  validation_best=0.7719  EI=0.0230  rnum=162.0  len=30  syn_rate=0.19  mean=0.9817  worsen=60.00%  highvar=0.00%
GA search time: 5.21s, candidates: 359
  [iter  11/100] search_obj=0.8239  search_best=0.7580  validation_best=0.7719  EI=0.0237  rnum=159.9  len=34  syn_rate=0.23  mean=0.7804  worsen=29.00%  highvar=0.00%
GA search time: 4.44s, candidates: 357
  [iter  12/100] search_obj=1.0474  search_best=0.7580  validation_best=0.7719  EI=0.0182  rnum=157.7  len=27  syn_rate=0.20  mean=1.0159  worsen=21.00%  highvar=0.00%
GA search time: 3.82s, candidates: 355
  [iter  13/100] search_obj=0.7622  search_best=0.7580  validation_best=0.7719  EI=0.0192  rnum=155.6  len=19  syn_rate=0.18  mean=0.7502  worsen=8.00%  highvar=0.00%
GA search time: 4.46s, candidates: 353
  [iter  14/100] search_obj=0.9548  search_best=0.7580  validation_best=0.7719  EI=0.0206  rnum=153.4  len=15  syn_rate=0.18  mean=0.9398  worsen=10.00%  highvar=0.00%
GA search time: 3.55s, candidates: 351
  [iter  15/100] search_obj=0.9411  search_best=0.7580  validation_best=0.7719  EI=0.0205  rnum=151.3  len=25  syn_rate=0.19  mean=0.9171  worsen=16.00%  highvar=0.00%
GA search time: 4.29s, candidates: 349
  [iter  16/100] search_obj=1.0467  search_best=0.7580  validation_best=0.7719  EI=0.0185  rnum=149.1  len=37  syn_rate=0.22  mean=1.0152  worsen=21.00%  highvar=0.00%
GA search time: 3.08s, candidates: 346
  [iter  17/100] search_obj=0.7607  search_best=0.7580  validation_best=0.7719  EI=0.0185  rnum=147.0  len=35  syn_rate=0.23  mean=0.7487  worsen=8.00%  highvar=0.00%
GA search time: 3.43s, candidates: 344
  [iter  18/100] search_obj=1.1690  search_best=0.7580  validation_best=0.7719  EI=0.0190  rnum=144.8  len=28  syn_rate=0.19  mean=1.0985  worsen=47.00%  highvar=0.00%
GA search time: 4.23s, candidates: 342
  [iter  19/100] search_obj=0.7595  search_best=0.7580  validation_best=0.7719  EI=0.0240  rnum=142.7  len=26  syn_rate=0.21  mean=0.7475  worsen=8.00%  highvar=0.00%
GA search time: 3.81s, candidates: 340
  [iter  20/100] search_obj=0.7609  search_best=0.7580  validation_best=0.7719  EI=0.0243  rnum=140.5  len=23  syn_rate=0.20  mean=0.7489  worsen=8.00%  highvar=0.00%
GA search time: 3.90s, candidates: 338
  [iter  21/100] search_obj=0.7607  search_best=0.7580  validation_best=0.7719  EI=0.0244  rnum=138.4  len=38  syn_rate=0.23  mean=0.7487  worsen=8.00%  highvar=0.00%
GA search time: 3.60s, candidates: 336
  [iter  22/100] search_obj=0.7610  search_best=0.7580  validation_best=0.7719  EI=0.0238  rnum=136.3  len=23  syn_rate=0.19  mean=0.7490  worsen=8.00%  highvar=0.00%
GA search time: 4.52s, candidates: 334
  [iter  23/100] search_obj=0.9410  search_best=0.7580  validation_best=0.7719  EI=0.0265  rnum=134.2  len=24  syn_rate=0.18  mean=0.9170  worsen=16.00%  highvar=0.00%
GA search time: 3.96s, candidates: 332
  [iter  24/100] search_obj=0.7739  search_best=0.7580  validation_best=0.7719  EI=0.0229  rnum=132.1  len=23  syn_rate=0.19  mean=0.7589  worsen=10.00%  highvar=0.00%
GA search time: 3.54s, candidates: 329
  [iter  25/100] search_obj=0.7607  search_best=0.7580  validation_best=0.7719  EI=0.0266  rnum=130.0  len=37  syn_rate=0.23  mean=0.7487  worsen=8.00%  highvar=0.00%
GA search time: 3.69s, candidates: 327
  [iter  26/100] search_obj=1.1814  search_best=0.7580  validation_best=0.7719  EI=0.0285  rnum=127.9  len=39  syn_rate=0.20  mean=1.1034  worsen=52.00%  highvar=0.00%
GA search time: 3.35s, candidates: 325
  [iter  27/100] search_obj=0.7609  search_best=0.7580  validation_best=0.7719  EI=0.0264  rnum=125.8  len=22  syn_rate=0.20  mean=0.7489  worsen=8.00%  highvar=0.00%
GA search time: 3.25s, candidates: 323
  [iter  28/100] search_obj=0.7609  search_best=0.7580  validation_best=0.7719  EI=0.0235  rnum=123.7  len=22  syn_rate=0.20  mean=0.7489  worsen=8.00%  highvar=0.00%
GA search time: 2.71s, candidates: 321
  [iter  29/100] search_obj=1.1814  search_best=0.7580  validation_best=0.7719  EI=0.0279  rnum=121.6  len=38  syn_rate=0.20  mean=1.1034  worsen=52.00%  highvar=0.00%
GA search time: 2.42s, candidates: 319
  [iter  30/100] search_obj=0.7607  search_best=0.7580  validation_best=0.7719  EI=0.0303  rnum=119.6  len=38  syn_rate=0.23  mean=0.7487  worsen=8.00%  highvar=0.00%
GA search time: 3.71s, candidates: 317
  [iter  31/100] search_obj=0.7607  search_best=0.7580  validation_best=0.7719  EI=0.0272  rnum=117.5  len=35  syn_rate=0.23  mean=0.7487  worsen=8.00%  highvar=0.00%
GA search time: 2.78s, candidates: 315
  [iter  32/100] search_obj=0.9441  search_best=0.7580  validation_best=0.7719  EI=0.0298  rnum=115.5  len=37  syn_rate=0.22  mean=0.9201  worsen=16.00%  highvar=0.00%
GA search time: 2.89s, candidates: 313
  [iter  33/100] search_obj=0.9854  search_best=0.7580  validation_best=0.7719  EI=0.0287  rnum=113.5  len=26  syn_rate=0.20  mean=0.9629  worsen=15.00%  highvar=0.00%
GA search time: 2.97s, candidates: 311
  [iter  34/100] search_obj=0.7607  search_best=0.7580  validation_best=0.7719  EI=0.0256  rnum=111.5  len=39  syn_rate=0.23  mean=0.7487  worsen=8.00%  highvar=0.00%
GA search time: 4.69s, candidates: 309
  [iter  35/100] search_obj=0.7607  search_best=0.7580  validation_best=0.7719  EI=0.0278  rnum=109.5  len=36  syn_rate=0.23  mean=0.7487  worsen=8.00%  highvar=0.00%
GA search time: 3.41s, candidates: 307
  [iter  36/100] search_obj=1.0560  search_best=0.7580  validation_best=0.7719  EI=0.0264  rnum=107.6  len=38  syn_rate=0.23  mean=0.9990  worsen=38.00%  highvar=0.00%
GA search time: 3.39s, candidates: 305
  [iter  37/100] search_obj=0.7607  search_best=0.7580  validation_best=0.7719  EI=0.0213  rnum=105.6  len=40  syn_rate=0.23  mean=0.7487  worsen=8.00%  highvar=0.00%
GA search time: 4.30s, candidates: 303
  [iter  38/100] search_obj=0.7604  search_best=0.7580  validation_best=0.7718  EI=0.0261  rnum=103.7  len=39  syn_rate=0.23  mean=0.7484  worsen=8.00%  highvar=0.00%
GA search time: 4.70s, candidates: 301
  [iter  39/100] search_obj=0.8506  search_best=0.7580  validation_best=0.7718  EI=0.0283  rnum=101.7  len=31  syn_rate=0.21  mean=0.8371  worsen=9.00%  highvar=0.00%
GA search time: 4.02s, candidates: 299
  [iter  40/100] search_obj=0.7607  search_best=0.7580  validation_best=0.7718  EI=0.0234  rnum=99.8  len=40  syn_rate=0.23  mean=0.7487  worsen=8.00%  highvar=0.00%
GA search time: 7.47s, candidates: 297
  [iter  41/100] search_obj=0.9847  search_best=0.7580  validation_best=0.7718  EI=0.0280  rnum=97.9  len=44  syn_rate=0.23  mean=0.9622  worsen=15.00%  highvar=0.00%
GA search time: 4.40s, candidates: 296
  [iter  42/100] search_obj=0.7593  search_best=0.7580  validation_best=0.7718  EI=0.0233  rnum=96.1  len=38  syn_rate=0.27  mean=0.7473  worsen=8.00%  highvar=0.00%
GA search time: 4.09s, candidates: 294
  [iter  43/100] search_obj=0.7607  search_best=0.7580  validation_best=0.7718  EI=0.0247  rnum=94.2  len=39  syn_rate=0.23  mean=0.7487  worsen=8.00%  highvar=0.00%
GA search time: 4.92s, candidates: 292
  [iter  44/100] search_obj=1.0517  search_best=0.7580  validation_best=0.7718  EI=0.0272  rnum=92.4  len=38  syn_rate=0.28  mean=1.0187  worsen=22.00%  highvar=0.00%
GA search time: 3.50s, candidates: 290
  [iter  45/100] search_obj=0.7604  search_best=0.7580  validation_best=0.7718  EI=0.0249  rnum=90.5  len=38  syn_rate=0.23  mean=0.7484  worsen=8.00%  highvar=0.00%
GA search time: 3.54s, candidates: 288
  [iter  46/100] search_obj=0.7608  search_best=0.7580  validation_best=0.7718  EI=0.0270  rnum=88.7  len=30  syn_rate=0.23  mean=0.7488  worsen=8.00%  highvar=0.00%
GA search time: 2.70s, candidates: 286
  [iter  47/100] search_obj=0.7608  search_best=0.7580  validation_best=0.7718  EI=0.0238  rnum=87.0  len=31  syn_rate=0.23  mean=0.7488  worsen=8.00%  highvar=0.00%
GA search time: 4.37s, candidates: 285
  [iter  48/100] search_obj=0.7604  search_best=0.7580  validation_best=0.7718  EI=0.0232  rnum=85.2  len=35  syn_rate=0.23  mean=0.7484  worsen=8.00%  highvar=0.00%
GA search time: 4.52s, candidates: 283
  [iter  49/100] search_obj=0.7595  search_best=0.7580  validation_best=0.7718  EI=0.0244  rnum=83.5  len=28  syn_rate=0.21  mean=0.7475  worsen=8.00%  highvar=0.00%
GA search time: 4.85s, candidates: 281
  [iter  50/100] search_obj=0.7608  search_best=0.7580  validation_best=0.7718  EI=0.0238  rnum=81.7  len=30  syn_rate=0.25  mean=0.7488  worsen=8.00%  highvar=0.00%
GA search time: 3.44s, candidates: 280
  [iter  51/100] search_obj=0.7595  search_best=0.7580  validation_best=0.7718  EI=0.0263  rnum=80.0  len=28  syn_rate=0.21  mean=0.7475  worsen=8.00%  highvar=0.00%
GA search time: 3.32s, candidates: 278
  [iter  52/100] search_obj=0.7792  search_best=0.7580  validation_best=0.7718  EI=0.0282  rnum=78.4  len=19  syn_rate=0.20  mean=0.7627  worsen=11.00%  highvar=0.00%
GA search time: 2.95s, candidates: 276
  [iter  53/100] search_obj=0.7739  search_best=0.7580  validation_best=0.7718  EI=0.0219  rnum=76.7  len=23  syn_rate=0.19  mean=0.7589  worsen=10.00%  highvar=0.00%
GA search time: 3.68s, candidates: 275
  [iter  54/100] search_obj=1.1765  search_best=0.7580  validation_best=0.7718  EI=0.0266  rnum=75.1  len=35  syn_rate=0.19  mean=1.1000  worsen=51.00%  highvar=0.00%
GA search time: 3.86s, candidates: 273
  [iter  55/100] search_obj=0.9530  search_best=0.7580  validation_best=0.7718  EI=0.0265  rnum=73.4  len=33  syn_rate=0.26  mean=0.9365  worsen=11.00%  highvar=0.00%
GA search time: 4.53s, candidates: 271
  [iter  56/100] search_obj=1.0466  search_best=0.7580  validation_best=0.7718  EI=0.0237  rnum=71.8  len=30  syn_rate=0.25  mean=1.0151  worsen=21.00%  highvar=0.00%
GA search time: 6.28s, candidates: 270
  [iter  57/100] search_obj=0.7595  search_best=0.7580  validation_best=0.7718  EI=0.0237  rnum=70.3  len=28  syn_rate=0.21  mean=0.7475  worsen=8.00%  highvar=0.00%
GA search time: 4.44s, candidates: 268
  [iter  58/100] search_obj=0.8492  search_best=0.7580  validation_best=0.7718  EI=0.0293  rnum=68.7  len=39  syn_rate=0.23  mean=0.8357  worsen=9.00%  highvar=0.00%
GA search time: 4.06s, candidates: 267
  [iter  59/100] search_obj=0.9545  search_best=0.7580  validation_best=0.7718  EI=0.0238  rnum=67.2  len=22  syn_rate=0.19  mean=0.9380  worsen=11.00%  highvar=0.00%
GA search time: 6.01s, candidates: 265
  [iter  60/100] search_obj=1.0542  search_best=0.7580  validation_best=0.7718  EI=0.0236  rnum=65.7  len=38  syn_rate=0.24  mean=1.0167  worsen=25.00%  highvar=0.00%
GA search time: 3.25s, candidates: 264
  [iter  61/100] search_obj=0.8521  search_best=0.7580  validation_best=0.7718  EI=0.0253  rnum=64.2  len=28  syn_rate=0.24  mean=0.8386  worsen=9.00%  highvar=0.00%
GA search time: 4.98s, candidates: 262
  [iter  62/100] search_obj=0.7623  search_best=0.7580  validation_best=0.7718  EI=0.0277  rnum=62.7  len=30  syn_rate=0.21  mean=0.7473  worsen=10.00%  highvar=0.00%
GA search time: 3.83s, candidates: 261
  [iter  63/100] search_obj=0.7737  search_best=0.7580  validation_best=0.7718  EI=0.0234  rnum=61.3  len=28  syn_rate=0.19  mean=0.7587  worsen=10.00%  highvar=0.00%
GA search time: 3.77s, candidates: 259
  [iter  64/100] search_obj=1.1684  search_best=0.7580  validation_best=0.7718  EI=0.0220  rnum=59.8  len=34  syn_rate=0.21  mean=1.0979  worsen=47.00%  highvar=0.00%
GA search time: 3.70s, candidates: 258
  [iter  65/100] search_obj=0.7582  search_best=0.7580  validation_best=0.7718  EI=0.0242  rnum=58.4  len=28  syn_rate=0.21  mean=0.7462  worsen=8.00%  highvar=0.00%
GA search time: 4.40s, candidates: 257
  [iter  66/100] search_obj=0.7638  search_best=0.7580  validation_best=0.7718  EI=0.0267  rnum=57.0  len=31  syn_rate=0.21  mean=0.7488  worsen=10.00%  highvar=0.00%
GA search time: 3.98s, candidates: 255
  [iter  67/100] search_obj=0.9605  search_best=0.7580  validation_best=0.7718  EI=0.0280  rnum=55.7  len=30  syn_rate=0.21  mean=0.9380  worsen=15.00%  highvar=0.00%
GA search time: 5.17s, candidates: 254
  [iter  68/100] search_obj=0.8576  search_best=0.7580  validation_best=0.7718  EI=0.0234  rnum=54.3  len=34  syn_rate=0.23  mean=0.8441  worsen=9.00%  highvar=0.00%
GA search time: 4.38s, candidates: 253
  [iter  69/100] search_obj=1.0462  search_best=0.7580  validation_best=0.7718  EI=0.0274  rnum=53.0  len=39  syn_rate=0.23  mean=1.0147  worsen=21.00%  highvar=0.00%
GA search time: 2.75s, candidates: 251
  [iter  70/100] search_obj=1.1764  search_best=0.7580  validation_best=0.7718  EI=0.0231  rnum=51.7  len=28  syn_rate=0.20  mean=1.0999  worsen=51.00%  highvar=0.00%
GA search time: 4.03s, candidates: 250
  [iter  71/100] search_obj=1.0542  search_best=0.7580  validation_best=0.7718  EI=0.0252  rnum=50.5  len=42  syn_rate=0.23  mean=1.0167  worsen=25.00%  highvar=0.00%
GA search time: 3.16s, candidates: 249
  [iter  72/100] search_obj=0.7636  search_best=0.7580  validation_best=0.7718  EI=0.0232  rnum=49.2  len=33  syn_rate=0.21  mean=0.7486  worsen=10.00%  highvar=0.00%
GA search time: 2.87s, candidates: 247
  [iter  73/100] search_obj=0.7609  search_best=0.7580  validation_best=0.7718  EI=0.0237  rnum=48.0  len=28  syn_rate=0.21  mean=0.7489  worsen=8.00%  highvar=0.00%
GA search time: 3.19s, candidates: 246
  [iter  74/100] search_obj=0.9847  search_best=0.7580  validation_best=0.7718  EI=0.0294  rnum=46.8  len=31  syn_rate=0.20  mean=0.9622  worsen=15.00%  highvar=0.00%
GA search time: 4.61s, candidates: 245
  [iter  75/100] search_obj=1.0542  search_best=0.7580  validation_best=0.7718  EI=0.0235  rnum=45.6  len=33  syn_rate=0.22  mean=1.0167  worsen=25.00%  highvar=0.00%
GA search time: 4.17s, candidates: 244
  [iter  76/100] search_obj=0.7612  search_best=0.7580  validation_best=0.7718  EI=0.0229  rnum=44.4  len=18  syn_rate=0.21  mean=0.7492  worsen=8.00%  highvar=0.00%
GA search time: 2.27s, candidates: 243
  [iter  77/100] search_obj=0.7608  search_best=0.7580  validation_best=0.7718  EI=0.0223  rnum=43.3  len=23  syn_rate=0.20  mean=0.7488  worsen=8.00%  highvar=0.00%
GA search time: 2.46s, candidates: 242
  [iter  78/100] search_obj=0.7629  search_best=0.7580  validation_best=0.7718  EI=0.0244  rnum=42.2  len=29  syn_rate=0.21  mean=0.7479  worsen=10.00%  highvar=0.00%
GA search time: 2.78s, candidates: 241
  [iter  79/100] search_obj=0.9920  search_best=0.7580  validation_best=0.7718  EI=0.0247  rnum=41.1  len=34  syn_rate=0.20  mean=0.9650  worsen=18.00%  highvar=0.00%
GA search time: 2.69s, candidates: 239
  [iter  80/100] search_obj=0.9529  search_best=0.7580  validation_best=0.7718  EI=0.0256  rnum=40.0  len=34  syn_rate=0.22  mean=0.9364  worsen=11.00%  highvar=0.00%
GA search time: 3.93s, candidates: 238
  [iter  81/100] search_obj=0.9849  search_best=0.7580  validation_best=0.7718  EI=0.0223  rnum=38.9  len=27  syn_rate=0.20  mean=0.9639  worsen=14.00%  highvar=0.00%
GA search time: 2.78s, candidates: 237
  [iter  82/100] search_obj=0.7636  search_best=0.7580  validation_best=0.7718  EI=0.0226  rnum=37.9  len=35  syn_rate=0.21  mean=0.7486  worsen=10.00%  highvar=0.00%
GA search time: 3.32s, candidates: 236
  [iter  83/100] search_obj=1.1697  search_best=0.7580  validation_best=0.7718  EI=0.0221  rnum=36.9  len=19  syn_rate=0.20  mean=1.0992  worsen=47.00%  highvar=0.00%
GA search time: 2.98s, candidates: 235
  [iter  84/100] search_obj=0.7607  search_best=0.7580  validation_best=0.7717  EI=0.0213  rnum=35.9  len=35  syn_rate=0.23  mean=0.7487  worsen=8.00%  highvar=0.00%
GA search time: 2.25s, candidates: 234
  [iter  85/100] search_obj=0.7598  search_best=0.7580  validation_best=0.7716  EI=0.0226  rnum=34.9  len=30  syn_rate=0.21  mean=0.7478  worsen=8.00%  highvar=0.00%
GA search time: 1.82s, candidates: 233
  [iter  86/100] search_obj=0.7655  search_best=0.7580  validation_best=0.7716  EI=0.0225  rnum=33.9  len=18  syn_rate=0.18  mean=0.7535  worsen=8.00%  highvar=0.00%
GA search time: 1.75s, candidates: 233
  [iter  87/100] search_obj=0.7623  search_best=0.7580  validation_best=0.7716  EI=0.0207  rnum=33.0  len=17  syn_rate=0.19  mean=0.7503  worsen=8.00%  highvar=0.00%
GA search time: 1.69s, candidates: 232
  [iter  88/100] search_obj=1.0208  search_best=0.7580  validation_best=0.7716  EI=0.0236  rnum=32.1  len=28  syn_rate=0.21  mean=0.9893  worsen=21.00%  highvar=0.00%
GA search time: 1.89s, candidates: 231
  [iter  89/100] search_obj=0.7604  search_best=0.7580  validation_best=0.7716  EI=0.0220  rnum=31.2  len=23  syn_rate=0.20  mean=0.7484  worsen=8.00%  highvar=0.00%
GA search time: 1.99s, candidates: 230
  [iter  90/100] search_obj=0.7838  search_best=0.7580  validation_best=0.7716  EI=0.0219  rnum=30.3  len=19  syn_rate=0.18  mean=0.7718  worsen=8.00%  highvar=0.00%
GA search time: 1.56s, candidates: 229
  [iter  91/100] search_obj=0.9847  search_best=0.7580  validation_best=0.7716  EI=0.0232  rnum=29.5  len=35  syn_rate=0.23  mean=0.9622  worsen=15.00%  highvar=0.00%
GA search time: 1.92s, candidates: 228
  [iter  92/100] search_obj=1.1689  search_best=0.7580  validation_best=0.7716  EI=0.0239  rnum=28.6  len=27  syn_rate=0.22  mean=1.0984  worsen=47.00%  highvar=0.00%
GA search time: 1.48s, candidates: 227
  [iter  93/100] search_obj=0.7622  search_best=0.7580  validation_best=0.7716  EI=0.0216  rnum=27.8  len=29  syn_rate=0.21  mean=0.7472  worsen=10.00%  highvar=0.00%
GA search time: 1.70s, candidates: 226
  [iter  94/100] search_obj=0.7604  search_best=0.7580  validation_best=0.7716  EI=0.0248  rnum=27.0  len=23  syn_rate=0.21  mean=0.7484  worsen=8.00%  highvar=0.00%
GA search time: 1.28s, candidates: 226
  [iter  95/100] search_obj=0.9530  search_best=0.7580  validation_best=0.7716  EI=0.0232  rnum=26.2  len=34  syn_rate=0.22  mean=0.9365  worsen=11.00%  highvar=0.00%
GA search time: 1.32s, candidates: 225
  [iter  96/100] search_obj=0.7636  search_best=0.7580  validation_best=0.7716  EI=0.0190  rnum=25.4  len=17  syn_rate=0.14  mean=0.7516  worsen=8.00%  highvar=0.00%
GA search time: 2.68s, candidates: 224
  [iter  97/100] search_obj=0.7623  search_best=0.7580  validation_best=0.7716  EI=0.0254  rnum=24.7  len=18  syn_rate=0.18  mean=0.7503  worsen=8.00%  highvar=0.00%
GA search time: 2.21s, candidates: 223
  [iter  98/100] search_obj=1.1685  search_best=0.7580  validation_best=0.7716  EI=0.0261  rnum=24.0  len=23  syn_rate=0.18  mean=1.0980  worsen=47.00%  highvar=0.00%
GA search time: 1.96s, candidates: 223
  [iter  99/100] search_obj=0.7597  search_best=0.7580  validation_best=0.7716  EI=0.0251  rnum=23.3  len=22  syn_rate=0.20  mean=0.7477  worsen=8.00%  highvar=0.00%
GA search time: 2.29s, candidates: 222
  [iter 100/100] search_obj=0.9411  search_best=0.7580  validation_best=0.7716  EI=0.0218  rnum=22.6  len=17  syn_rate=0.19  mean=0.9171  worsen=16.00%  highvar=0.00%

[Step 5] 按 validation 选择最终通用序列...
  选择结果:
    search_train_obj=0.7604, search_train_mean=0.7484, search_train_worsen=8.00%, search_train_highvar=0.00%
    validation_obj=0.7716, validation_mean=0.7641, validation_worsen=5.00%, validation_highvar=0.00%

[Step 6] 在 validation 上执行消融后处理...

[Ablation-validation] 初始序列长度: 23, objective: 0.7716, mean_norm: 0.7641, worsen_rate: 5.00%
  移除 [22] function(mem2reg): objective 0.7716, mean_norm 0.7641, worsen_rate 5.00% (保留移除)
  移除 [21] function(newgvn): objective 0.7716, mean_norm 0.7641, worsen_rate 5.00% (保留移除)
  移除 [20] function(instsimplify): objective 0.7716, mean_norm 0.7641, worsen_rate 5.00% (保留移除)
  移除 [19] function(newgvn): objective 0.7716, mean_norm 0.7641, worsen_rate 5.00% (保留移除)
  移除 [18] module(scc-oz-module-inliner): objective 0.7716, mean_norm 0.7641, worsen_rate 5.00% (保留移除)
  移除 [17] module(elim-avail-extern): objective 0.7716, mean_norm 0.7641, worsen_rate 5.00% (保留移除)
  移除 [16] module(globalopt): objective 0.7716, mean_norm 0.7641, worsen_rate 5.00% (保留移除)
  移除 [15] module(scc-oz-module-inliner): objective 0.7763 > 0.7716 (恢复)
  移除 [14] module(attributor): objective 0.7761 > 0.7716 (恢复)
  移除 [13] module(iroutliner): objective 0.7716, mean_norm 0.7641, worsen_rate 5.00% (保留移除)
  移除 [12] module(scc-oz-module-inliner): objective 0.7771 > 0.7716 (恢复)
  移除 [11] module(elim-avail-extern): objective 0.7716, mean_norm 0.7641, worsen_rate 5.00% (保留移除)
  移除 [10] module(elim-avail-extern): objective 0.7716, mean_norm 0.7641, worsen_rate 5.00% (保留移除)
  移除 [9] module(inferattrs): objective 0.7736 > 0.7716 (恢复)
  移除 [8] function(newgvn): objective 0.7720 > 0.7716 (恢复)
  移除 [7] module(attributor): objective 0.7766 > 0.7716 (恢复)
  移除 [6] module(scc-oz-module-inliner): objective 0.7775 > 0.7716 (恢复)
  移除 [5] module(attributor): objective 0.9442 > 0.7716 (恢复)
  移除 [4] module(iroutliner): objective 0.8651 > 0.7716 (恢复)
  移除 [3] module(globalopt): objective 0.7716, mean_norm 0.7641, worsen_rate 5.00% (保留移除)
  移除 [2] module(elim-avail-extern): objective 0.7716, mean_norm 0.7641, worsen_rate 5.00% (保留移除)
  移除 [1] module(globalopt): objective 0.9590 > 0.7716 (恢复)
  移除 [0] module(elim-avail-extern): objective 1.0792 > 0.7716 (恢复)
[Ablation-validation] 最终序列长度: 11, objective: 0.7716, mean_norm: 0.7641, worsen_rate: 5.00%, 移除了 12 个 pass
  消融有效: 23 → 11 passes, validation_objective: 0.7716 → 0.7716

最终通用 pass 序列（effective=11 个顶层 pass, raw=11 个 pass, syn_rate(raw)=0.09）:
  module(elim-avail-extern) → module(globalopt) → module(iroutliner) → module(attributor) → module(scc-oz-module-inliner) → module(attributor) → function(newgvn) → module(inferattrs) → module(scc-oz-module-inliner) → module(attributor) → module(scc-oz-module-inliner)
  search_train_obj=0.7633, search_train_mean=0.7513, search_train_worsen=8.00%, search_train_highvar=0.00%
  validation_obj=0.7716, validation_mean=0.7641, validation_worsen=5.00%, validation_highvar=0.00%
  test_obj=0.8653, test_mean=0.8473, test_worsen=12.00%, test_highvar=0.00%

Top-5 最佳序列（按 validation 多目标 objective 升序）:
  #1: validation_obj=0.7716, validation_mean=0.7641, validation_worsen=5.00%, validation_highvar=0.00%, train_obj=0.7604, train_mean=0.7484, train_highvar=0.00%, len=23, syn_rate=0.21, test_obj=0.8658, test_mean=0.8478, test_worsen=12.00%, test_highvar=0.00%
     module(elim-avail-extern) → module(globalopt) → module(elim-avail-extern) → module(globalopt) → module(iroutliner) → module(attributor) → module(scc-oz-module-inliner) → module(attributor) → function(newgvn) → module(inferattrs) → module(elim-avail-extern) → module(elim-avail-extern) → module(scc-oz-module-inliner) → module(iroutliner) → module(attributor) → module(scc-oz-module-inliner) → module(globalopt) → module(elim-avail-extern) → module(scc-oz-module-inliner) → function(newgvn) → function(instsimplify) → function(newgvn) → function(mem2reg)
  #2: validation_obj=0.7716, validation_mean=0.7641, validation_worsen=5.00%, validation_highvar=0.00%, train_obj=0.7598, train_mean=0.7478, train_highvar=0.00%, len=30, syn_rate=0.21, test_obj=0.8559, test_mean=0.8409, test_worsen=10.00%, test_highvar=0.00%
     module(elim-avail-extern) → module(globalopt) → module(elim-avail-extern) → module(iroutliner) → module(attributor) → module(attributor) → module(scc-oz-module-inliner) → module(attributor) → function(newgvn) → module(inferattrs) → module(elim-avail-extern) → module(scc-oz-module-inliner) → module(elim-avail-extern) → module(attributor) → function(newgvn) → module(elim-avail-extern) → module(iroutliner) → module(elim-avail-extern) → module(elim-avail-extern) → module(globalopt) → module(elim-avail-extern) → module(globalopt) → module(scc-oz-module-inliner) → function(newgvn) → module(globalopt) → module(attributor) → module(globalopt) → function(instsimplify) → function(newgvn) → function(mem2reg)
  #3: validation_obj=0.7717, validation_mean=0.7642, validation_worsen=5.00%, validation_highvar=0.00%, train_obj=0.7607, train_mean=0.7487, train_highvar=0.00%, len=35, syn_rate=0.23, test_obj=0.8501, test_mean=0.8321, test_worsen=12.00%, test_highvar=0.00%
     module(elim-avail-extern) → module(globalopt) → module(elim-avail-extern) → module(iroutliner) → module(attributor) → module(scc-oz-module-inliner) → module(elim-avail-extern) → module(attributor) → function(newgvn) → module(elim-avail-extern) → module(elim-avail-extern) → module(iroutliner) → module(elim-avail-extern) → module(elim-avail-extern) → module(globalopt) → module(elim-avail-extern) → module(globalopt) → module(scc-oz-module-inliner) → module(attributor) → function(instsimplify) → function(newgvn) → function(mem2reg) → module(scc-oz-module-inliner) → module(attributor) → module(scc-oz-module-inliner) → module(attributor) → function(newgvn) → module(inferattrs) → module(elim-avail-extern) → module(elim-avail-extern) → module(elim-avail-extern) → module(globalopt) → module(elim-avail-extern) → function(newgvn) → function(mem2reg)
  #4: validation_obj=0.7718, validation_mean=0.7643, validation_worsen=5.00%, validation_highvar=0.00%, train_obj=0.7604, train_mean=0.7484, train_highvar=0.00%, len=35, syn_rate=0.23, test_obj=0.8461, test_mean=0.8311, test_worsen=10.00%, test_highvar=0.00%
     module(elim-avail-extern) → module(globalopt) → module(elim-avail-extern) → module(iroutliner) → module(attributor) → module(scc-oz-module-inliner) → module(elim-avail-extern) → module(attributor) → function(newgvn) → module(elim-avail-extern) → module(iroutliner) → module(elim-avail-extern) → module(elim-avail-extern) → module(globalopt) → module(elim-avail-extern) → module(globalopt) → module(scc-oz-module-inliner) → function(newgvn) → function(instsimplify) → function(newgvn) → function(mem2reg) → module(elim-avail-extern) → module(attributor) → module(scc-oz-module-inliner) → module(attributor) → function(newgvn) → module(inferattrs) → module(elim-avail-extern) → module(elim-avail-extern) → module(attributor) → module(scc-oz-module-inliner) → module(globalopt) → module(elim-avail-extern) → function(newgvn) → function(mem2reg)
  #5: validation_obj=0.7718, validation_mean=0.7643, validation_worsen=5.00%, validation_highvar=0.00%, train_obj=0.7604, train_mean=0.7484, train_highvar=0.00%, len=38, syn_rate=0.23, test_obj=0.8461, test_mean=0.8311, test_worsen=10.00%, test_highvar=0.00%
     module(elim-avail-extern) → module(globalopt) → module(elim-avail-extern) → module(iroutliner) → module(attributor) → module(scc-oz-module-inliner) → module(elim-avail-extern) → module(elim-avail-extern) → module(attributor) → function(newgvn) → module(elim-avail-extern) → module(iroutliner) → module(elim-avail-extern) → module(elim-avail-extern) → module(elim-avail-extern) → module(elim-avail-extern) → module(globalopt) → module(elim-avail-extern) → module(scc-oz-module-inliner) → module(scc-oz-module-inliner) → module(globalopt) → function(newgvn) → function(instsimplify) → function(newgvn) → function(mem2reg) → module(attributor) → module(scc-oz-module-inliner) → module(attributor) → function(newgvn) → module(inferattrs) → module(elim-avail-extern) → module(elim-avail-extern) → module(scc-oz-module-inliner) → module(elim-avail-extern) → module(globalopt) → module(elim-avail-extern) → function(newgvn) → function(mem2reg)
RF 解释性分析: ok  /root/exp/RFunipassLab/results/interpretability/20260505_054628_012709_feature_lite_seed461/run_0

============================================================
所有轮次中最优 validation objective: 0.7716
最优通用 pass 序列 (11 passes):
  module(elim-avail-extern) → module(globalopt) → module(iroutliner) → module(attributor) → module(scc-oz-module-inliner) → module(attributor) → function(newgvn) → module(inferattrs) → module(scc-oz-module-inliner) → module(attributor) → module(scc-oz-module-inliner)
  search_train_obj=0.7633, search_train_mean=0.7513, search_train_worsen=8.00%, search_train_highvar=0.00%
  validation_obj=0.7716, validation_mean=0.7641, validation_worsen=5.00%, validation_highvar=0.00%
  test_obj=0.8653, test_mean=0.8473, test_worsen=12.00%, test_highvar=0.00%

最优轮次 Top-5 序列（含测试集效果，按 validation objective 升序）:
  #1: validation_obj=0.7716, validation_mean=0.7641, validation_worsen=5.00%, validation_highvar=0.00%, train_obj=0.7604, train_mean=0.7484, train_highvar=0.00%, len=23, syn_rate=0.21, test_obj=0.8658, test_mean=0.8478, test_worsen=12.00%, test_highvar=0.00%
     module(elim-avail-extern) → module(globalopt) → module(elim-avail-extern) → module(globalopt) → module(iroutliner) → module(attributor) → module(scc-oz-module-inliner) → module(attributor) → function(newgvn) → module(inferattrs) → module(elim-avail-extern) → module(elim-avail-extern) → module(scc-oz-module-inliner) → module(iroutliner) → module(attributor) → module(scc-oz-module-inliner) → module(globalopt) → module(elim-avail-extern) → module(scc-oz-module-inliner) → function(newgvn) → function(instsimplify) → function(newgvn) → function(mem2reg)
  #2: validation_obj=0.7716, validation_mean=0.7641, validation_worsen=5.00%, validation_highvar=0.00%, train_obj=0.7598, train_mean=0.7478, train_highvar=0.00%, len=30, syn_rate=0.21, test_obj=0.8559, test_mean=0.8409, test_worsen=10.00%, test_highvar=0.00%
     module(elim-avail-extern) → module(globalopt) → module(elim-avail-extern) → module(iroutliner) → module(attributor) → module(attributor) → module(scc-oz-module-inliner) → module(attributor) → function(newgvn) → module(inferattrs) → module(elim-avail-extern) → module(scc-oz-module-inliner) → module(elim-avail-extern) → module(attributor) → function(newgvn) → module(elim-avail-extern) → module(iroutliner) → module(elim-avail-extern) → module(elim-avail-extern) → module(globalopt) → module(elim-avail-extern) → module(globalopt) → module(scc-oz-module-inliner) → function(newgvn) → module(globalopt) → module(attributor) → module(globalopt) → function(instsimplify) → function(newgvn) → function(mem2reg)
  #3: validation_obj=0.7717, validation_mean=0.7642, validation_worsen=5.00%, validation_highvar=0.00%, train_obj=0.7607, train_mean=0.7487, train_highvar=0.00%, len=35, syn_rate=0.23, test_obj=0.8501, test_mean=0.8321, test_worsen=12.00%, test_highvar=0.00%
     module(elim-avail-extern) → module(globalopt) → module(elim-avail-extern) → module(iroutliner) → module(attributor) → module(scc-oz-module-inliner) → module(elim-avail-extern) → module(attributor) → function(newgvn) → module(elim-avail-extern) → module(elim-avail-extern) → module(iroutliner) → module(elim-avail-extern) → module(elim-avail-extern) → module(globalopt) → module(elim-avail-extern) → module(globalopt) → module(scc-oz-module-inliner) → module(attributor) → function(instsimplify) → function(newgvn) → function(mem2reg) → module(scc-oz-module-inliner) → module(attributor) → module(scc-oz-module-inliner) → module(attributor) → function(newgvn) → module(inferattrs) → module(elim-avail-extern) → module(elim-avail-extern) → module(elim-avail-extern) → module(globalopt) → module(elim-avail-extern) → function(newgvn) → function(mem2reg)
  #4: validation_obj=0.7718, validation_mean=0.7643, validation_worsen=5.00%, validation_highvar=0.00%, train_obj=0.7604, train_mean=0.7484, train_highvar=0.00%, len=35, syn_rate=0.23, test_obj=0.8461, test_mean=0.8311, test_worsen=10.00%, test_highvar=0.00%
     module(elim-avail-extern) → module(globalopt) → module(elim-avail-extern) → module(iroutliner) → module(attributor) → module(scc-oz-module-inliner) → module(elim-avail-extern) → module(attributor) → function(newgvn) → module(elim-avail-extern) → module(iroutliner) → module(elim-avail-extern) → module(elim-avail-extern) → module(globalopt) → module(elim-avail-extern) → module(globalopt) → module(scc-oz-module-inliner) → function(newgvn) → function(instsimplify) → function(newgvn) → function(mem2reg) → module(elim-avail-extern) → module(attributor) → module(scc-oz-module-inliner) → module(attributor) → function(newgvn) → module(inferattrs) → module(elim-avail-extern) → module(elim-avail-extern) → module(attributor) → module(scc-oz-module-inliner) → module(globalopt) → module(elim-avail-extern) → function(newgvn) → function(mem2reg)
  #5: validation_obj=0.7718, validation_mean=0.7643, validation_worsen=5.00%, validation_highvar=0.00%, train_obj=0.7604, train_mean=0.7484, train_highvar=0.00%, len=38, syn_rate=0.23, test_obj=0.8461, test_mean=0.8311, test_worsen=10.00%, test_highvar=0.00%
     module(elim-avail-extern) → module(globalopt) → module(elim-avail-extern) → module(iroutliner) → module(attributor) → module(scc-oz-module-inliner) → module(elim-avail-extern) → module(elim-avail-extern) → module(attributor) → function(newgvn) → module(elim-avail-extern) → module(iroutliner) → module(elim-avail-extern) → module(elim-avail-extern) → module(elim-avail-extern) → module(elim-avail-extern) → module(globalopt) → module(elim-avail-extern) → module(scc-oz-module-inliner) → module(scc-oz-module-inliner) → module(globalopt) → function(newgvn) → function(instsimplify) → function(newgvn) → function(mem2reg) → module(attributor) → module(scc-oz-module-inliner) → module(attributor) → function(newgvn) → module(inferattrs) → module(elim-avail-extern) → module(elim-avail-extern) → module(scc-oz-module-inliner) → module(elim-avail-extern) → module(globalopt) → module(elim-avail-extern) → function(newgvn) → function(mem2reg)
binarysize_test: vs_none=0.999 (+0.1%)  vs_oz=1.000 (+0.0%)  vs_o3=0.990 (+1.0%) [metric=stripped_file_bytes]
binarysize_test[text_bytes]: vs_none=0.922 (+7.8%)  vs_oz=0.944 (+5.6%)  vs_o3=0.821 (+17.9%)
binarysize_test[data_bytes]: vs_none=0.988 (+1.2%)  vs_oz=0.996 (+0.4%)  vs_o3=0.989 (+1.1%)
binarysize_test[bss_bytes]: vs_none=1.000 (+0.0%)  vs_oz=1.000 (+0.0%)  vs_o3=1.000 (+0.0%)
binarysize_test[dec_bytes]: vs_none=0.937 (+6.3%)  vs_oz=0.958 (+4.2%)  vs_o3=0.866 (+13.4%)

最优轮次 Top-5 binarysize_test 序列面板（primary=stripped_file_bytes）:
  #1: len=23, syn_rate=0.21
     stripped_file_bytes: obj=1.0056, mean=0.9996, worsen=4.00%, vs_none=0.999 (+0.1%)  vs_oz=1.000 (+0.0%)  vs_o3=0.990 (+1.0%)
     text_bytes: obj=0.9699, mean=0.9429, worsen=18.00%, vs_none=0.921 (+7.9%)  vs_oz=0.943 (+5.7%)  vs_o3=0.820 (+18.0%)
     data_bytes: obj=1.0015, mean=0.9955, worsen=4.00%, vs_none=0.988 (+1.2%)  vs_oz=0.996 (+0.4%)  vs_o3=0.989 (+1.1%)
     bss_bytes: obj=1.0000, mean=1.0000, worsen=0.00%, vs_none=1.000 (+0.0%)  vs_oz=1.000 (+0.0%)  vs_o3=1.000 (+0.0%)
     dec_bytes: obj=0.9839, mean=0.9569, worsen=18.00%, vs_none=0.936 (+6.4%)  vs_oz=0.957 (+4.3%)  vs_o3=0.865 (+13.5%)
  #2: len=30, syn_rate=0.21
     stripped_file_bytes: obj=1.0056, mean=0.9996, worsen=4.00%, vs_none=0.999 (+0.1%)  vs_oz=1.000 (+0.0%)  vs_o3=0.990 (+1.0%)
     text_bytes: obj=0.9640, mean=0.9400, worsen=16.00%, vs_none=0.918 (+8.2%)  vs_oz=0.940 (+6.0%)  vs_o3=0.817 (+18.3%)
     data_bytes: obj=1.0015, mean=0.9955, worsen=4.00%, vs_none=0.988 (+1.2%)  vs_oz=0.996 (+0.4%)  vs_o3=0.989 (+1.1%)
     bss_bytes: obj=1.0000, mean=1.0000, worsen=0.00%, vs_none=1.000 (+0.0%)  vs_oz=1.000 (+0.0%)  vs_o3=1.000 (+0.0%)
     dec_bytes: obj=0.9787, mean=0.9547, worsen=16.00%, vs_none=0.934 (+6.6%)  vs_oz=0.955 (+4.5%)  vs_o3=0.863 (+13.7%)
  #3: len=35, syn_rate=0.23
     stripped_file_bytes: obj=1.0056, mean=0.9996, worsen=4.00%, vs_none=0.999 (+0.1%)  vs_oz=1.000 (+0.0%)  vs_o3=0.990 (+1.0%)
     text_bytes: obj=0.9604, mean=0.9364, worsen=16.00%, vs_none=0.914 (+8.6%)  vs_oz=0.936 (+6.4%)  vs_o3=0.814 (+18.6%)
     data_bytes: obj=1.0008, mean=0.9948, worsen=4.00%, vs_none=0.988 (+1.2%)  vs_oz=0.995 (+0.5%)  vs_o3=0.988 (+1.2%)
     bss_bytes: obj=1.0000, mean=1.0000, worsen=0.00%, vs_none=1.000 (+0.0%)  vs_oz=1.000 (+0.0%)  vs_o3=1.000 (+0.0%)
     dec_bytes: obj=0.9758, mean=0.9518, worsen=16.00%, vs_none=0.931 (+6.9%)  vs_oz=0.952 (+4.8%)  vs_o3=0.860 (+14.0%)
  #4: len=35, syn_rate=0.23
     stripped_file_bytes: obj=1.0056, mean=0.9996, worsen=4.00%, vs_none=0.999 (+0.1%)  vs_oz=1.000 (+0.0%)  vs_o3=0.990 (+1.0%)
     text_bytes: obj=0.9596, mean=0.9356, worsen=16.00%, vs_none=0.913 (+8.7%)  vs_oz=0.936 (+6.4%)  vs_o3=0.813 (+18.7%)
     data_bytes: obj=1.0008, mean=0.9948, worsen=4.00%, vs_none=0.988 (+1.2%)  vs_oz=0.995 (+0.5%)  vs_o3=0.988 (+1.2%)
     bss_bytes: obj=1.0000, mean=1.0000, worsen=0.00%, vs_none=1.000 (+0.0%)  vs_oz=1.000 (+0.0%)  vs_o3=1.000 (+0.0%)
     dec_bytes: obj=0.9751, mean=0.9511, worsen=16.00%, vs_none=0.930 (+7.0%)  vs_oz=0.951 (+4.9%)  vs_o3=0.859 (+14.1%)
  #5: len=38, syn_rate=0.23
     stripped_file_bytes: obj=1.0056, mean=0.9996, worsen=4.00%, vs_none=0.999 (+0.1%)  vs_oz=1.000 (+0.0%)  vs_o3=0.990 (+1.0%)
     text_bytes: obj=0.9596, mean=0.9356, worsen=16.00%, vs_none=0.913 (+8.7%)  vs_oz=0.936 (+6.4%)  vs_o3=0.813 (+18.7%)
     data_bytes: obj=1.0008, mean=0.9948, worsen=4.00%, vs_none=0.988 (+1.2%)  vs_oz=0.995 (+0.5%)  vs_o3=0.988 (+1.2%)
     bss_bytes: obj=1.0000, mean=1.0000, worsen=0.00%, vs_none=1.000 (+0.0%)  vs_oz=1.000 (+0.0%)  vs_o3=1.000 (+0.0%)
     dec_bytes: obj=0.9751, mean=0.9511, worsen=16.00%, vs_none=0.930 (+7.0%)  vs_oz=0.951 (+4.9%)  vs_o3=0.859 (+14.1%)
核心调优成本已写入: /root/exp/RFunipassLab/results/instrcount/summaries/20260505_054628_012709_feature_lite_seed461_core_tuning_cost.json
结果已写入: /root/exp/RFunipassLab/results/instrcount/summaries/20260505_054628_012709_feature_lite_seed461.json
总运行时间: 1203.41 秒
