# run_id: 20260502_121001_156650_feature_lite_seed458
# name: feature_lite
# group: feature_ablation
# description: 切换到 Lite 特征编码，保留其余搜索流程不变。
# changed: FEATURE_MODE=lite, GA_GEN=5, GA_POP=200, ITERS=100, MAX_SEQ_LEN=120, MIN_VAL_PROGRAMS=5, SEED_TOPK=0, TEST_TOPK=50, TRAIN_TOPK=200, VAL_RATIO=0.5
# result_json: /root/exp/RFunipassLab/results/instrcount/summaries/20260502_121001_156650_feature_lite_seed458.json
# started_at: 2026-05-02T12:10:01
# control_env:
#   BACKEND_OPT_LEVEL=-O0
#   BINARY_SIZE_METRIC=stripped_file_bytes
#   BINARY_SIZE_REPORT_METRICS=text_bytes,data_bytes,bss_bytes,dec_bytes
#   DECAY=0.5
#   EXPERIMENT_SEED=458
#   FEATURE_MODE=lite
#   GA_ELITE=0.1
#   GA_GEN=5
#   GA_MUT=0.8
#   GA_POP=200
#   GA_TOUR=3
#   ITERS=100
#   LOOP_NESTING_POLICY=wrap
#   MAX_SEQ_LEN=120
#   MIN_VAL_PROGRAMS=100
#   OBJECTIVE_BASELINE=oz
#   OBJECTIVE_KIND=instrcount
#   OBJ_HIGHVAR_W=0.0
#   OBJ_WORSEN_W=0.15
#   OFFSET=20
#   PROGRAM_POOL_KIND=tuning
#   RNUM=256
#   RUNS=1
#   RUNTIME_EVAL_MAX_VARIANCE_PCT=15.0
#   RUNTIME_MAX_INNER_REPEATS=64
#   RUNTIME_MAX_VARIANCE_PCT=10.0
#   RUNTIME_REQUIRED_ROWS=0
#   RUNTIME_SAMPLES=5
#   RUNTIME_TARGET_SAMPLE_MS=30.0
#   RUNTIME_TIMEOUT_SEC=2.0
#   SCALE=10
#   SEED_TOPK=0
#   SPLIT_SEED=458
#   TEST_TOPK=999999
#   TRAIN_TOPK=300
#   VAL_RATIO=0.3333333333333333

Loading train/test rows from: /root/exp/RFunipassLab/data/tuning_results.csv
Loaded train programs:       300
Loaded initial seed seqs:    108
Loaded test programs:        4717
Objective kind:              instrcount
Program pool kind:           tuning

Loading synergy graph from: /root/exp/RFunipassLab/data/Step3_EnumeratedPairs.csv
All passes (19): ['module(inferattrs)', 'module(scc-oz-module-inliner)', 'module(attributor)', 'function(memcpyopt)', 'function(dse)', 'module(globalopt)', 'function(jump-threading)', 'function(newgvn)', 'function(gvn-sink)', 'cgscc(attributor-cgscc)', 'module(elim-avail-extern)', 'module(iroutliner)', 'function(mem2reg)', 'function(instsimplify)', 'function(reassociate)', 'function(dce)', 'function(gvn-hoist)', 'loop(loop-simplifycfg)', 'function(lower-switch)']
Synergy edges: 176
Self-loop passes: {'function(newgvn)', 'cgscc(attributor-cgscc)', 'module(attributor)'}

============================================================
实验轮次 1 / 1
============================================================
============================================================
目标类型:      instrcount
目标基准:      -Oz
基准指标:      -Oz 基准指令数
优化指标:      归一化指令数
输入程序数:    300
输入次优序列数: 108
测试程序数:    4717
Pass 词表大小: 19
协同边数:      176
自环 pass 数:  3
序列长度上限:  120
Loop 合法化策略: wrap
实验种子:      458
划分种子:      458
特征模式:      lite
RF 特征维度:   31
词表: ['module(inferattrs)', 'module(scc-oz-module-inliner)', 'module(attributor)', 'function(memcpyopt)', 'function(dse)', 'module(globalopt)', 'function(jump-threading)', 'function(newgvn)', 'function(gvn-sink)', 'cgscc(attributor-cgscc)', 'module(elim-avail-extern)', 'module(iroutliner)', 'function(mem2reg)', 'function(instsimplify)', 'function(reassociate)', 'function(dce)', 'function(gvn-hoist)', 'loop(loop-simplifycfg)', 'function(lower-switch)']
多目标权重:    mean=1.0, worsen=0.15, highvar=0.0

[Step 1.5] 训练程序切分...
  search_train 程序数: 200
  validation 程序数:   100
  split_signature(search_train): 1f2de4bb46aaa7f58667114eda5ff523ed450d0e
  split_signature(validation):   1ca8a078b7525f6b8fa9d997fab0e86e3f057bf0
  split_signature(test):         29b7ff059170e33ca0db71b1a506a196a6ea40e9

[Step 2] 计算 search_train 程序 -Oz 基准指令数...
[Step 2b] 计算 validation 程序 -Oz 基准指令数...
[Step 2c] 计算测试集程序 -Oz 基准指令数...

[Step 3] 评估初始 seed 序列（共 108 条）...

[Step 4] 开始贝叶斯优化（100 轮）...
GA search time: 2.87s, candidates: 321
  [iter   1/100] search_obj=1.1941  search_best=0.8173  validation_best=0.7890  EI=0.0114  rnum=121.6  len=27  syn_rate=0.42  mean=1.1169  worsen=51.50%  highvar=0.00%
GA search time: 2.53s, candidates: 319
  [iter   2/100] search_obj=1.0064  search_best=0.8173  validation_best=0.7890  EI=0.0110  rnum=119.6  len=23  syn_rate=0.41  mean=0.9524  worsen=36.00%  highvar=0.00%
GA search time: 2.85s, candidates: 317
  [iter   3/100] search_obj=1.1554  search_best=0.8173  validation_best=0.7890  EI=0.0120  rnum=117.5  len=33  syn_rate=0.52  mean=1.0414  worsen=76.00%  highvar=0.00%
GA search time: 1.86s, candidates: 315
  [iter   4/100] search_obj=1.0322  search_best=0.8173  validation_best=0.7890  EI=0.0147  rnum=115.5  len=24  syn_rate=0.39  mean=1.0052  worsen=18.00%  highvar=0.00%
GA search time: 1.71s, candidates: 313
  [iter   5/100] search_obj=0.7559  search_best=0.7559  validation_best=0.7447  EI=0.0080  rnum=113.5  len=19  syn_rate=0.36  mean=0.7462  worsen=6.50%  highvar=0.00%
GA search time: 2.86s, candidates: 311
  [iter   6/100] search_obj=1.0564  search_best=0.7559  validation_best=0.7447  EI=0.0098  rnum=111.5  len=20  syn_rate=0.32  mean=1.0219  worsen=23.00%  highvar=0.00%
GA search time: 2.42s, candidates: 309
  [iter   7/100] search_obj=1.0274  search_best=0.7559  validation_best=0.7447  EI=0.0108  rnum=109.5  len=19  syn_rate=0.32  mean=0.9997  worsen=18.50%  highvar=0.00%
GA search time: 2.51s, candidates: 307
  [iter   8/100] search_obj=1.0323  search_best=0.7559  validation_best=0.7447  EI=0.0080  rnum=107.6  len=18  syn_rate=0.39  mean=1.0031  worsen=19.50%  highvar=0.00%
GA search time: 2.24s, candidates: 305
  [iter   9/100] search_obj=0.8525  search_best=0.7559  validation_best=0.7447  EI=0.0084  rnum=105.6  len=19  syn_rate=0.38  mean=0.8352  worsen=11.50%  highvar=0.00%
GA search time: 1.38s, candidates: 303
  [iter  10/100] search_obj=0.9370  search_best=0.7559  validation_best=0.7447  EI=0.0082  rnum=103.7  len=19  syn_rate=0.30  mean=0.9153  worsen=14.50%  highvar=0.00%
GA search time: 1.54s, candidates: 301
  [iter  11/100] search_obj=0.7644  search_best=0.7559  validation_best=0.7447  EI=0.0087  rnum=101.7  len=19  syn_rate=0.42  mean=0.7516  worsen=8.50%  highvar=0.00%
GA search time: 1.75s, candidates: 299
  [iter  12/100] search_obj=1.1624  search_best=0.7559  validation_best=0.7447  EI=0.0092  rnum=99.8  len=19  syn_rate=0.40  mean=1.0912  worsen=47.50%  highvar=0.00%
GA search time: 1.81s, candidates: 297
  [iter  13/100] search_obj=0.9580  search_best=0.7559  validation_best=0.7447  EI=0.0083  rnum=97.9  len=19  syn_rate=0.42  mean=0.9385  worsen=13.00%  highvar=0.00%
GA search time: 2.41s, candidates: 296
  [iter  14/100] search_obj=0.7979  search_best=0.7559  validation_best=0.7447  EI=0.0112  rnum=96.1  len=19  syn_rate=0.38  mean=0.7874  worsen=7.00%  highvar=0.00%
GA search time: 1.84s, candidates: 294
  [iter  15/100] search_obj=1.0344  search_best=0.7559  validation_best=0.7447  EI=0.0095  rnum=94.2  len=19  syn_rate=0.38  mean=1.0074  worsen=18.00%  highvar=0.00%
GA search time: 1.64s, candidates: 292
  [iter  16/100] search_obj=0.7979  search_best=0.7559  validation_best=0.7447  EI=0.0088  rnum=92.4  len=21  syn_rate=0.36  mean=0.7874  worsen=7.00%  highvar=0.00%
GA search time: 2.01s, candidates: 290
  [iter  17/100] search_obj=0.8005  search_best=0.7559  validation_best=0.7447  EI=0.0104  rnum=90.5  len=20  syn_rate=0.41  mean=0.7892  worsen=7.50%  highvar=0.00%
GA search time: 1.81s, candidates: 288
  [iter  18/100] search_obj=1.0344  search_best=0.7559  validation_best=0.7447  EI=0.0138  rnum=88.7  len=19  syn_rate=0.38  mean=1.0074  worsen=18.00%  highvar=0.00%
GA search time: 1.96s, candidates: 286
  [iter  19/100] search_obj=0.7563  search_best=0.7559  validation_best=0.7446  EI=0.0145  rnum=87.0  len=19  syn_rate=0.38  mean=0.7466  worsen=6.50%  highvar=0.00%
GA search time: 1.76s, candidates: 285
  [iter  20/100] search_obj=1.0274  search_best=0.7559  validation_best=0.7446  EI=0.0173  rnum=85.2  len=19  syn_rate=0.32  mean=0.9997  worsen=18.50%  highvar=0.00%
GA search time: 2.42s, candidates: 283
  [iter  21/100] search_obj=0.7874  search_best=0.7559  validation_best=0.7446  EI=0.0127  rnum=83.5  len=35  syn_rate=0.44  mean=0.7776  worsen=6.50%  highvar=0.00%
GA search time: 3.68s, candidates: 281
  [iter  22/100] search_obj=1.0266  search_best=0.7559  validation_best=0.7446  EI=0.0211  rnum=81.7  len=19  syn_rate=0.35  mean=0.9989  worsen=18.50%  highvar=0.00%
GA search time: 4.11s, candidates: 280
  [iter  23/100] search_obj=0.7579  search_best=0.7559  validation_best=0.7446  EI=0.0192  rnum=80.0  len=20  syn_rate=0.39  mean=0.7481  worsen=6.50%  highvar=0.00%
GA search time: 4.28s, candidates: 278
  [iter  24/100] search_obj=1.0273  search_best=0.7559  validation_best=0.7446  EI=0.0216  rnum=78.4  len=19  syn_rate=0.37  mean=0.9996  worsen=18.50%  highvar=0.00%
GA search time: 3.46s, candidates: 276
  [iter  25/100] search_obj=0.7891  search_best=0.7559  validation_best=0.7446  EI=0.0220  rnum=76.7  len=38  syn_rate=0.44  mean=0.7793  worsen=6.50%  highvar=0.00%
GA search time: 4.81s, candidates: 275
  [iter  26/100] search_obj=1.1845  search_best=0.7559  validation_best=0.7446  EI=0.0177  rnum=75.1  len=50  syn_rate=0.45  mean=1.0667  worsen=78.50%  highvar=0.00%
GA search time: 3.55s, candidates: 273
  [iter  27/100] search_obj=0.9475  search_best=0.7559  validation_best=0.7446  EI=0.0215  rnum=73.4  len=43  syn_rate=0.45  mean=0.9280  worsen=13.00%  highvar=0.00%
GA search time: 2.57s, candidates: 271
  [iter  28/100] search_obj=0.7423  search_best=0.7423  validation_best=0.7151  EI=0.0174  rnum=71.8  len=33  syn_rate=0.40  mean=0.7325  worsen=6.50%  highvar=0.00%
GA search time: 3.54s, candidates: 270
  [iter  29/100] search_obj=0.7423  search_best=0.7423  validation_best=0.7151  EI=0.0208  rnum=70.3  len=36  syn_rate=0.41  mean=0.7325  worsen=6.50%  highvar=0.00%
GA search time: 5.64s, candidates: 268
  [iter  30/100] search_obj=1.0299  search_best=0.7423  validation_best=0.7151  EI=0.0265  rnum=68.7  len=33  syn_rate=0.40  mean=1.0007  worsen=19.50%  highvar=0.00%
GA search time: 5.40s, candidates: 267
  [iter  31/100] search_obj=1.0257  search_best=0.7423  validation_best=0.7151  EI=0.0201  rnum=67.2  len=38  syn_rate=0.51  mean=0.9979  worsen=18.50%  highvar=0.00%
GA search time: 5.01s, candidates: 265
  [iter  32/100] search_obj=0.9395  search_best=0.7423  validation_best=0.7151  EI=0.0205  rnum=65.7  len=43  syn_rate=0.43  mean=0.9155  worsen=16.00%  highvar=0.00%
GA search time: 3.32s, candidates: 264
  [iter  33/100] search_obj=0.7311  search_best=0.7311  validation_best=0.7121  EI=0.0226  rnum=64.2  len=37  syn_rate=0.41  mean=0.7213  worsen=6.50%  highvar=0.00%
GA search time: 6.04s, candidates: 262
  [iter  34/100] search_obj=1.0272  search_best=0.7311  validation_best=0.7121  EI=0.0228  rnum=62.7  len=37  syn_rate=0.43  mean=1.0002  worsen=18.00%  highvar=0.00%
GA search time: 4.04s, candidates: 261
  [iter  35/100] search_obj=0.7439  search_best=0.7311  validation_best=0.7121  EI=0.0199  rnum=61.3  len=36  syn_rate=0.41  mean=0.7341  worsen=6.50%  highvar=0.00%
GA search time: 3.90s, candidates: 259
  [iter  36/100] search_obj=1.0274  search_best=0.7311  validation_best=0.7121  EI=0.0185  rnum=59.8  len=38  syn_rate=0.35  mean=1.0004  worsen=18.00%  highvar=0.00%
GA search time: 2.99s, candidates: 258
  [iter  37/100] search_obj=0.7310  search_best=0.7310  validation_best=0.7121  EI=0.0189  rnum=58.4  len=40  syn_rate=0.42  mean=0.7213  worsen=6.50%  highvar=0.00%
GA search time: 3.72s, candidates: 257
  [iter  38/100] search_obj=0.7311  search_best=0.7310  validation_best=0.7107  EI=0.0187  rnum=57.0  len=43  syn_rate=0.43  mean=0.7213  worsen=6.50%  highvar=0.00%
GA search time: 3.56s, candidates: 255
  [iter  39/100] search_obj=0.7369  search_best=0.7310  validation_best=0.7107  EI=0.0249  rnum=55.7  len=53  syn_rate=0.43  mean=0.7272  worsen=6.50%  highvar=0.00%
GA search time: 4.75s, candidates: 254
  [iter  40/100] search_obj=0.7746  search_best=0.7310  validation_best=0.7107  EI=0.0228  rnum=54.3  len=73  syn_rate=0.40  mean=0.7641  worsen=7.00%  highvar=0.00%
GA search time: 4.70s, candidates: 253
  [iter  41/100] search_obj=0.7316  search_best=0.7310  validation_best=0.7107  EI=0.0191  rnum=53.0  len=40  syn_rate=0.44  mean=0.7219  worsen=6.50%  highvar=0.00%
GA search time: 7.43s, candidates: 251
  [iter  42/100] search_obj=0.7558  search_best=0.7310  validation_best=0.7107  EI=0.0235  rnum=51.7  len=35  syn_rate=0.43  mean=0.7461  worsen=6.50%  highvar=0.00%
GA search time: 5.56s, candidates: 250
  [iter  43/100] search_obj=0.7387  search_best=0.7310  validation_best=0.7096  EI=0.0230  rnum=50.5  len=49  syn_rate=0.44  mean=0.7297  worsen=6.00%  highvar=0.00%
GA search time: 6.94s, candidates: 249
  [iter  44/100] search_obj=0.8385  search_best=0.7310  validation_best=0.7096  EI=0.0207  rnum=49.2  len=36  syn_rate=0.41  mean=0.8228  worsen=10.50%  highvar=0.00%
GA search time: 5.17s, candidates: 247
  [iter  45/100] search_obj=0.7375  search_best=0.7310  validation_best=0.7096  EI=0.0221  rnum=48.0  len=36  syn_rate=0.42  mean=0.7277  worsen=6.50%  highvar=0.00%
GA search time: 3.81s, candidates: 246
  [iter  46/100] search_obj=0.9337  search_best=0.7310  validation_best=0.7096  EI=0.0231  rnum=46.8  len=52  syn_rate=0.51  mean=0.9119  worsen=14.50%  highvar=0.00%
GA search time: 2.71s, candidates: 245
  [iter  47/100] search_obj=0.7484  search_best=0.7310  validation_best=0.7096  EI=0.0214  rnum=45.6  len=38  syn_rate=0.43  mean=0.7386  worsen=6.50%  highvar=0.00%
GA search time: 2.31s, candidates: 244
  [iter  48/100] search_obj=0.7611  search_best=0.7310  validation_best=0.7096  EI=0.0192  rnum=44.4  len=34  syn_rate=0.44  mean=0.7513  worsen=6.50%  highvar=0.00%
GA search time: 1.94s, candidates: 243
  [iter  49/100] search_obj=1.0244  search_best=0.7310  validation_best=0.7096  EI=0.0170  rnum=43.3  len=47  syn_rate=0.39  mean=0.9974  worsen=18.00%  highvar=0.00%
GA search time: 1.47s, candidates: 242
  [iter  50/100] search_obj=0.8668  search_best=0.7310  validation_best=0.7096  EI=0.0162  rnum=42.2  len=41  syn_rate=0.47  mean=0.8526  worsen=9.50%  highvar=0.00%
GA search time: 1.73s, candidates: 241
  [iter  51/100] search_obj=1.3588  search_best=0.7310  validation_best=0.7096  EI=0.0133  rnum=41.1  len=32  syn_rate=0.39  mean=1.2351  worsen=82.50%  highvar=0.00%
GA search time: 1.96s, candidates: 239
  [iter  52/100] search_obj=1.0320  search_best=0.7310  validation_best=0.7096  EI=0.0166  rnum=40.0  len=37  syn_rate=0.44  mean=1.0050  worsen=18.00%  highvar=0.00%
GA search time: 1.63s, candidates: 238
  [iter  53/100] search_obj=1.0318  search_best=0.7310  validation_best=0.7096  EI=0.0210  rnum=38.9  len=51  syn_rate=0.43  mean=1.0018  worsen=20.00%  highvar=0.00%
GA search time: 1.14s, candidates: 237
  [iter  54/100] search_obj=0.8051  search_best=0.7310  validation_best=0.7096  EI=0.0161  rnum=37.9  len=28  syn_rate=0.43  mean=0.7953  worsen=6.50%  highvar=0.00%
GA search time: 1.57s, candidates: 236
  [iter  55/100] search_obj=0.9049  search_best=0.7310  validation_best=0.7096  EI=0.0145  rnum=36.9  len=27  syn_rate=0.41  mean=0.8914  worsen=9.00%  highvar=0.00%
GA search time: 1.83s, candidates: 235
  [iter  56/100] search_obj=0.9355  search_best=0.7310  validation_best=0.7096  EI=0.0149  rnum=35.9  len=32  syn_rate=0.45  mean=0.9138  worsen=14.50%  highvar=0.00%
GA search time: 1.46s, candidates: 234
  [iter  57/100] search_obj=0.9613  search_best=0.7310  validation_best=0.7096  EI=0.0138  rnum=34.9  len=49  syn_rate=0.42  mean=0.9373  worsen=16.00%  highvar=0.00%
GA search time: 1.13s, candidates: 233
  [iter  58/100] search_obj=1.0261  search_best=0.7310  validation_best=0.7096  EI=0.0147  rnum=33.9  len=42  syn_rate=0.40  mean=0.9991  worsen=18.00%  highvar=0.00%
GA search time: 1.19s, candidates: 233
  [iter  59/100] search_obj=0.7794  search_best=0.7310  validation_best=0.7096  EI=0.0125  rnum=33.0  len=32  syn_rate=0.44  mean=0.7689  worsen=7.00%  highvar=0.00%
GA search time: 1.60s, candidates: 232
  [iter  60/100] search_obj=0.9492  search_best=0.7310  validation_best=0.7096  EI=0.0125  rnum=32.1  len=31  syn_rate=0.43  mean=0.9312  worsen=12.00%  highvar=0.00%
GA search time: 1.13s, candidates: 231
  [iter  61/100] search_obj=0.8578  search_best=0.7310  validation_best=0.7096  EI=0.0099  rnum=31.2  len=33  syn_rate=0.41  mean=0.8450  worsen=8.50%  highvar=0.00%
GA search time: 1.61s, candidates: 230
  [iter  62/100] search_obj=0.7614  search_best=0.7310  validation_best=0.7096  EI=0.0152  rnum=30.3  len=60  syn_rate=0.44  mean=0.7509  worsen=7.00%  highvar=0.00%
GA search time: 1.46s, candidates: 229
  [iter  63/100] search_obj=0.9539  search_best=0.7310  validation_best=0.7096  EI=0.0161  rnum=29.5  len=49  syn_rate=0.43  mean=0.9337  worsen=13.50%  highvar=0.00%
GA search time: 1.40s, candidates: 228
  [iter  64/100] search_obj=1.0256  search_best=0.7310  validation_best=0.7096  EI=0.0148  rnum=28.6  len=47  syn_rate=0.41  mean=0.9994  worsen=17.50%  highvar=0.00%
GA search time: 1.32s, candidates: 227
  [iter  65/100] search_obj=1.0277  search_best=0.7310  validation_best=0.7096  EI=0.0120  rnum=27.8  len=33  syn_rate=0.42  mean=1.0014  worsen=17.50%  highvar=0.00%
GA search time: 1.47s, candidates: 226
  [iter  66/100] search_obj=0.8575  search_best=0.7310  validation_best=0.7096  EI=0.0163  rnum=27.0  len=33  syn_rate=0.41  mean=0.8403  worsen=11.50%  highvar=0.00%
GA search time: 1.50s, candidates: 226
  [iter  67/100] search_obj=0.8578  search_best=0.7310  validation_best=0.7096  EI=0.0118  rnum=26.2  len=38  syn_rate=0.45  mean=0.8443  worsen=9.00%  highvar=0.00%
GA search time: 1.28s, candidates: 225
  [iter  68/100] search_obj=1.0276  search_best=0.7310  validation_best=0.7096  EI=0.0129  rnum=25.4  len=34  syn_rate=0.43  mean=0.9999  worsen=18.50%  highvar=0.00%
GA search time: 1.43s, candidates: 224
  [iter  69/100] search_obj=1.0273  search_best=0.7310  validation_best=0.7096  EI=0.0141  rnum=24.7  len=34  syn_rate=0.40  mean=0.9988  worsen=19.00%  highvar=0.00%
GA search time: 1.53s, candidates: 223
  [iter  70/100] search_obj=0.9288  search_best=0.7310  validation_best=0.7096  EI=0.0153  rnum=24.0  len=39  syn_rate=0.42  mean=0.9055  worsen=15.50%  highvar=0.00%
GA search time: 1.66s, candidates: 223
  [iter  71/100] search_obj=0.7677  search_best=0.7310  validation_best=0.7096  EI=0.0104  rnum=23.3  len=36  syn_rate=0.43  mean=0.7564  worsen=7.50%  highvar=0.00%
GA search time: 1.76s, candidates: 222
  [iter  72/100] search_obj=1.0257  search_best=0.7310  validation_best=0.7096  EI=0.0112  rnum=22.6  len=41  syn_rate=0.49  mean=0.9995  worsen=17.50%  highvar=0.00%
GA search time: 1.09s, candidates: 221
  [iter  73/100] search_obj=1.0257  search_best=0.7310  validation_best=0.7096  EI=0.0165  rnum=21.9  len=38  syn_rate=0.44  mean=0.9987  worsen=18.00%  highvar=0.00%
GA search time: 1.43s, candidates: 221
  [iter  74/100] search_obj=0.8570  search_best=0.7310  validation_best=0.7096  EI=0.0076  rnum=21.2  len=31  syn_rate=0.41  mean=0.8443  worsen=8.50%  highvar=0.00%
GA search time: 1.98s, candidates: 220
  [iter  75/100] search_obj=0.8771  search_best=0.7310  validation_best=0.7096  EI=0.0078  rnum=20.6  len=32  syn_rate=0.41  mean=0.8576  worsen=13.00%  highvar=0.00%
GA search time: 1.53s, candidates: 219
  [iter  76/100] search_obj=1.1567  search_best=0.7310  validation_best=0.7096  EI=0.0112  rnum=19.9  len=38  syn_rate=0.43  mean=1.0420  worsen=76.50%  highvar=0.00%
GA search time: 1.05s, candidates: 219
  [iter  77/100] search_obj=0.8721  search_best=0.7310  validation_best=0.7096  EI=0.0095  rnum=19.3  len=35  syn_rate=0.44  mean=0.8594  worsen=8.50%  highvar=0.00%
GA search time: 1.26s, candidates: 218
  [iter  78/100] search_obj=0.7785  search_best=0.7310  validation_best=0.7096  EI=0.0106  rnum=18.7  len=38  syn_rate=0.42  mean=0.7680  worsen=7.00%  highvar=0.00%
GA search time: 1.42s, candidates: 218
  [iter  79/100] search_obj=0.9557  search_best=0.7310  validation_best=0.7096  EI=0.0137  rnum=18.1  len=38  syn_rate=0.45  mean=0.9317  worsen=16.00%  highvar=0.00%
GA search time: 1.51s, candidates: 217
  [iter  80/100] search_obj=0.9492  search_best=0.7310  validation_best=0.7096  EI=0.0062  rnum=17.6  len=33  syn_rate=0.40  mean=0.9297  worsen=13.00%  highvar=0.00%
GA search time: 1.54s, candidates: 216
  [iter  81/100] search_obj=0.7812  search_best=0.7310  validation_best=0.7096  EI=0.0069  rnum=17.0  len=22  syn_rate=0.44  mean=0.7707  worsen=7.00%  highvar=0.00%
GA search time: 1.49s, candidates: 216
  [iter  82/100] search_obj=1.1480  search_best=0.7310  validation_best=0.7096  EI=0.0087  rnum=16.5  len=31  syn_rate=0.42  mean=1.0782  worsen=46.50%  highvar=0.00%
GA search time: 2.12s, candidates: 215
  [iter  83/100] search_obj=0.9341  search_best=0.7310  validation_best=0.7096  EI=0.0100  rnum=15.9  len=24  syn_rate=0.41  mean=0.9116  worsen=15.00%  highvar=0.00%
GA search time: 1.50s, candidates: 215
  [iter  84/100] search_obj=0.9288  search_best=0.7310  validation_best=0.7096  EI=0.0073  rnum=15.4  len=28  syn_rate=0.45  mean=0.9070  worsen=14.50%  highvar=0.00%
GA search time: 1.34s, candidates: 214
  [iter  85/100] search_obj=1.0250  search_best=0.7310  validation_best=0.7096  EI=0.0106  rnum=14.9  len=39  syn_rate=0.41  mean=0.9988  worsen=17.50%  highvar=0.00%
GA search time: 2.69s, candidates: 214
  [iter  86/100] search_obj=0.7882  search_best=0.7310  validation_best=0.7096  EI=0.0072  rnum=14.4  len=36  syn_rate=0.42  mean=0.7784  worsen=6.50%  highvar=0.00%
GA search time: 1.81s, candidates: 213
  [iter  87/100] search_obj=0.8279  search_best=0.7310  validation_best=0.7096  EI=0.0056  rnum=14.0  len=20  syn_rate=0.43  mean=0.8137  worsen=9.50%  highvar=0.00%
GA search time: 1.90s, candidates: 213
  [iter  88/100] search_obj=1.0256  search_best=0.7310  validation_best=0.7096  EI=0.0148  rnum=13.5  len=50  syn_rate=0.42  mean=0.9986  worsen=18.00%  highvar=0.00%
GA search time: 1.71s, candidates: 213
  [iter  89/100] search_obj=1.0263  search_best=0.7310  validation_best=0.7096  EI=0.0088  rnum=13.0  len=39  syn_rate=0.43  mean=0.9993  worsen=18.00%  highvar=0.00%
GA search time: 2.03s, candidates: 212
  [iter  90/100] search_obj=1.0193  search_best=0.7310  validation_best=0.7096  EI=0.0059  rnum=12.6  len=33  syn_rate=0.43  mean=0.9923  worsen=18.00%  highvar=0.00%
GA search time: 2.12s, candidates: 212
  [iter  91/100] search_obj=1.1574  search_best=0.7310  validation_best=0.7096  EI=0.0070  rnum=12.2  len=72  syn_rate=0.42  mean=1.0419  worsen=77.00%  highvar=0.00%
GA search time: 3.30s, candidates: 211
  [iter  92/100] search_obj=0.8386  search_best=0.7310  validation_best=0.7096  EI=0.0063  rnum=11.8  len=19  syn_rate=0.42  mean=0.8251  worsen=9.00%  highvar=0.00%
GA search time: 1.90s, candidates: 211
  [iter  93/100] search_obj=0.9340  search_best=0.7310  validation_best=0.7096  EI=0.0070  rnum=11.4  len=47  syn_rate=0.44  mean=0.9123  worsen=14.50%  highvar=0.00%
GA search time: 1.63s, candidates: 210
  [iter  94/100] search_obj=0.8774  search_best=0.7310  validation_best=0.7096  EI=0.0073  rnum=11.0  len=34  syn_rate=0.43  mean=0.8632  worsen=9.50%  highvar=0.00%
GA search time: 1.36s, candidates: 210
  [iter  95/100] search_obj=0.8757  search_best=0.7310  validation_best=0.7096  EI=0.0063  rnum=10.6  len=35  syn_rate=0.44  mean=0.8622  worsen=9.00%  highvar=0.00%
GA search time: 1.66s, candidates: 210
  [iter  96/100] search_obj=1.0233  search_best=0.7310  validation_best=0.7096  EI=0.0068  rnum=10.2  len=38  syn_rate=0.44  mean=0.9963  worsen=18.00%  highvar=0.00%
GA search time: 2.27s, candidates: 209
  [iter  97/100] search_obj=0.8846  search_best=0.7310  validation_best=0.7096  EI=0.0072  rnum=9.9  len=20  syn_rate=0.39  mean=0.8726  worsen=8.00%  highvar=0.00%
GA search time: 1.81s, candidates: 209
  [iter  98/100] search_obj=0.8501  search_best=0.7310  validation_best=0.7096  EI=0.0049  rnum=9.5  len=63  syn_rate=0.65  mean=0.8366  worsen=9.00%  highvar=0.00%
GA search time: 3.64s, candidates: 209
  [iter  99/100] search_obj=0.9313  search_best=0.7310  validation_best=0.7096  EI=0.0049  rnum=9.2  len=35  syn_rate=0.42  mean=0.9073  worsen=16.00%  highvar=0.00%
GA search time: 1.79s, candidates: 208
  [iter 100/100] search_obj=0.8600  search_best=0.7310  validation_best=0.7096  EI=0.0039  rnum=8.9  len=20  syn_rate=0.41  mean=0.8457  worsen=9.50%  highvar=0.00%

[Step 5] 按 validation 选择最终通用序列...
  选择结果:
    search_train_obj=0.7387, search_train_mean=0.7297, search_train_worsen=6.00%, search_train_highvar=0.00%
    validation_obj=0.7096, validation_mean=0.6991, validation_worsen=7.00%, validation_highvar=0.00%

[Step 6] 在 validation 上执行消融后处理...

[Ablation-validation] 初始序列长度: 49, objective: 0.7096, mean_norm: 0.6991, worsen_rate: 7.00%
  移除 [48] function(instsimplify): objective 0.7096, mean_norm 0.6991, worsen_rate 7.00% (保留移除)
  移除 [47] module(scc-oz-module-inliner): objective 0.7551 > 0.7096 (恢复)
  移除 [46] module(attributor): objective 0.7701 > 0.7096 (恢复)
  移除 [45] module(scc-oz-module-inliner): objective 0.7854 > 0.7096 (恢复)
  移除 [44] module(iroutliner): objective 0.7096, mean_norm 0.6991, worsen_rate 7.00% (保留移除)
  移除 [43] function(dce): objective 0.7096, mean_norm 0.6991, worsen_rate 7.00% (保留移除)
  移除 [42] module(attributor): objective 0.7096, mean_norm 0.6991, worsen_rate 7.00% (保留移除)
  移除 [41] module(globalopt): objective 0.7096, mean_norm 0.6991, worsen_rate 7.00% (保留移除)
  移除 [40] function(jump-threading): objective 0.7096, mean_norm 0.6991, worsen_rate 7.00% (保留移除)
  移除 [39] function(newgvn): objective 0.7096, mean_norm 0.6991, worsen_rate 7.00% (保留移除)
  移除 [38] function(gvn-sink): objective 0.7096, mean_norm 0.6991, worsen_rate 7.00% (保留移除)
  移除 [37] module(globalopt): objective 0.7096, mean_norm 0.6991, worsen_rate 7.00% (保留移除)
  移除 [36] function(jump-threading): objective 0.7096, mean_norm 0.6991, worsen_rate 7.00% (保留移除)
  移除 [35] module(iroutliner): objective 0.7096, mean_norm 0.6991, worsen_rate 7.00% (保留移除)
  移除 [34] function(gvn-sink): objective 0.7096, mean_norm 0.6991, worsen_rate 7.00% (保留移除)
  移除 [33] function(jump-threading): objective 0.7096, mean_norm 0.6991, worsen_rate 7.00% (保留移除)
  移除 [32] module(attributor): objective 0.7096, mean_norm 0.6991, worsen_rate 7.00% (保留移除)
  移除 [31] function(jump-threading): objective 0.7096, mean_norm 0.6991, worsen_rate 7.00% (保留移除)
  移除 [30] module(attributor): objective 0.7293 > 0.7096 (恢复)
  移除 [29] module(globalopt): objective 0.7096, mean_norm 0.6991, worsen_rate 7.00% (保留移除)
  移除 [28] function(dce): objective 0.7096, mean_norm 0.6991, worsen_rate 7.00% (保留移除)
  移除 [27] function(gvn-hoist): objective 0.7110 > 0.7096 (恢复)
  移除 [26] function(gvn-sink): objective 0.7096, mean_norm 0.6991, worsen_rate 7.00% (保留移除)
  移除 [25] module(elim-avail-extern): objective 0.7096, mean_norm 0.6991, worsen_rate 7.00% (保留移除)
  移除 [24] function(newgvn): objective 0.7344 > 0.7096 (恢复)
  移除 [23] function(gvn-sink): objective 0.7096, mean_norm 0.6991, worsen_rate 7.00% (保留移除)
  移除 [22] module(globalopt): objective 0.7096, mean_norm 0.6991, worsen_rate 7.00% (保留移除)
  移除 [21] function(jump-threading): objective 0.7098 > 0.7096 (恢复)
  移除 [20] module(iroutliner): objective 0.7155 > 0.7096 (恢复)
  移除 [19] function(gvn-sink): objective 0.7091, mean_norm 0.6986, worsen_rate 7.00% (保留移除)
  移除 [18] function(jump-threading): objective 0.7091, mean_norm 0.6986, worsen_rate 7.00% (保留移除)
  移除 [17] module(attributor): objective 0.7091, mean_norm 0.6986, worsen_rate 7.00% (保留移除)
  移除 [16] function(jump-threading): objective 0.7150 > 0.7091 (恢复)
  移除 [15] module(attributor): objective 0.7107 > 0.7091 (恢复)
  移除 [14] module(globalopt): objective 0.8343 > 0.7091 (恢复)
  移除 [13] function(dce): objective 0.7091, mean_norm 0.6986, worsen_rate 7.00% (保留移除)
  移除 [12] function(gvn-hoist): objective 0.7091, mean_norm 0.6986, worsen_rate 7.00% (保留移除)
  移除 [11] function(gvn-sink): objective 0.7102 > 0.7091 (恢复)
  移除 [10] module(elim-avail-extern): objective 0.7091, mean_norm 0.6986, worsen_rate 7.00% (保留移除)
  移除 [9] function(dce): objective 0.7091, mean_norm 0.6986, worsen_rate 7.00% (保留移除)
  移除 [8] function(dce): objective 0.7091, mean_norm 0.6986, worsen_rate 7.00% (保留移除)
  移除 [7] module(iroutliner): objective 0.7289 > 0.7091 (恢复)
  移除 [6] function(dce): objective 0.7091, mean_norm 0.6986, worsen_rate 7.00% (保留移除)
  移除 [5] function(memcpyopt): objective 0.7091, mean_norm 0.6986, worsen_rate 7.00% (保留移除)
  移除 [4] module(attributor): objective 0.7096 > 0.7091 (恢复)
  移除 [3] function(gvn-hoist): objective 0.7141 > 0.7091 (恢复)
  移除 [2] function(instsimplify): objective 0.7091, mean_norm 0.6986, worsen_rate 7.00% (保留移除)
  移除 [1] module(iroutliner): objective 0.7087, mean_norm 0.6982, worsen_rate 7.00% (保留移除)
  移除 [0] module(elim-avail-extern): objective 0.9206 > 0.7087 (恢复)
[Ablation-validation] 最终序列长度: 16, objective: 0.7087, mean_norm: 0.6982, worsen_rate: 7.00%, 移除了 33 个 pass
  消融有效: 49 → 16 passes, validation_objective: 0.7096 → 0.7087

最终通用 pass 序列（effective=16 个顶层 pass, raw=16 个 pass, syn_rate(raw)=0.20）:
  module(elim-avail-extern) → function(gvn-hoist) → module(attributor) → module(iroutliner) → function(gvn-sink) → module(globalopt) → module(attributor) → function(jump-threading) → module(iroutliner) → function(jump-threading) → function(newgvn) → function(gvn-hoist) → module(attributor) → module(scc-oz-module-inliner) → module(attributor) → module(scc-oz-module-inliner)
  search_train_obj=0.7505, search_train_mean=0.7408, search_train_worsen=6.50%, search_train_highvar=0.00%
  validation_obj=0.7087, validation_mean=0.6982, validation_worsen=7.00%, validation_highvar=0.00%
  test_obj=0.7498, test_mean=0.7361, test_worsen=9.12%, test_highvar=0.00%

Top-5 最佳序列（按 validation 多目标 objective 升序）:
  #1: validation_obj=0.7096, validation_mean=0.6991, validation_worsen=7.00%, validation_highvar=0.00%, train_obj=0.7387, train_mean=0.7297, train_highvar=0.00%, len=49, syn_rate=0.44, test_obj=0.7400, test_mean=0.7262, test_worsen=9.20%, test_highvar=0.00%
     module(elim-avail-extern) → module(iroutliner) → function(instsimplify) → function(gvn-hoist) → module(attributor) → function(memcpyopt) → function(dce) → module(iroutliner) → function(dce) → function(dce) → module(elim-avail-extern) → function(gvn-sink) → function(gvn-hoist) → function(dce) → module(globalopt) → module(attributor) → function(jump-threading) → module(attributor) → function(jump-threading) → function(gvn-sink) → module(iroutliner) → function(jump-threading) → module(globalopt) → function(gvn-sink) → function(newgvn) → module(elim-avail-extern) → function(gvn-sink) → function(gvn-hoist) → function(dce) → module(globalopt) → module(attributor) → function(jump-threading) → module(attributor) → function(jump-threading) → function(gvn-sink) → module(iroutliner) → function(jump-threading) → module(globalopt) → function(gvn-sink) → function(newgvn) → function(jump-threading) → module(globalopt) → module(attributor) → function(dce) → module(iroutliner) → module(scc-oz-module-inliner) → module(attributor) → module(scc-oz-module-inliner) → function(instsimplify)
  #2: validation_obj=0.7107, validation_mean=0.7017, validation_worsen=6.00%, validation_highvar=0.00%, train_obj=0.7311, train_mean=0.7213, train_highvar=0.00%, len=43, syn_rate=0.43, test_obj=0.7434, test_mean=0.7296, test_worsen=9.22%, test_highvar=0.00%
     module(elim-avail-extern) → module(iroutliner) → function(instsimplify) → function(gvn-hoist) → module(attributor) → function(memcpyopt) → function(dce) → module(iroutliner) → function(dce) → module(elim-avail-extern) → function(gvn-sink) → function(gvn-hoist) → function(dce) → module(globalopt) → module(iroutliner) → function(jump-threading) → function(gvn-hoist) → module(attributor) → function(jump-threading) → function(gvn-sink) → module(iroutliner) → function(jump-threading) → module(globalopt) → module(globalopt) → function(memcpyopt) → module(globalopt) → function(gvn-sink) → function(newgvn) → function(gvn-hoist) → function(gvn-hoist) → function(gvn-hoist) → function(gvn-hoist) → function(jump-threading) → module(globalopt) → module(globalopt) → module(globalopt) → module(attributor) → module(attributor) → module(scc-oz-module-inliner) → module(attributor) → module(scc-oz-module-inliner) → function(dce) → function(instsimplify)
  #3: validation_obj=0.7113, validation_mean=0.7023, validation_worsen=6.00%, validation_highvar=0.00%, train_obj=0.7369, train_mean=0.7272, train_highvar=0.00%, len=53, syn_rate=0.43, test_obj=0.7456, test_mean=0.7318, test_worsen=9.20%, test_highvar=0.00%
     module(elim-avail-extern) → module(iroutliner) → function(instsimplify) → function(gvn-hoist) → module(attributor) → function(memcpyopt) → function(dce) → module(iroutliner) → function(dce) → module(elim-avail-extern) → function(gvn-sink) → function(jump-threading) → function(jump-threading) → function(gvn-hoist) → module(attributor) → function(jump-threading) → module(iroutliner) → function(jump-threading) → module(globalopt) → module(globalopt) → function(memcpyopt) → function(gvn-hoist) → function(dce) → module(globalopt) → module(iroutliner) → function(jump-threading) → function(gvn-hoist) → module(attributor) → function(jump-threading) → function(gvn-sink) → module(iroutliner) → function(jump-threading) → module(globalopt) → module(globalopt) → function(memcpyopt) → module(globalopt) → function(gvn-sink) → function(newgvn) → function(gvn-hoist) → function(gvn-hoist) → function(gvn-hoist) → function(gvn-hoist) → function(jump-threading) → module(globalopt) → module(globalopt) → module(globalopt) → module(attributor) → module(attributor) → module(scc-oz-module-inliner) → module(attributor) → module(scc-oz-module-inliner) → function(dce) → function(instsimplify)
  #4: validation_obj=0.7121, validation_mean=0.7031, validation_worsen=6.00%, validation_highvar=0.00%, train_obj=0.7311, train_mean=0.7213, train_highvar=0.00%, len=37, syn_rate=0.41, test_obj=0.7441, test_mean=0.7300, test_worsen=9.39%, test_highvar=0.00%
     module(elim-avail-extern) → module(iroutliner) → function(instsimplify) → function(gvn-hoist) → module(attributor) → function(memcpyopt) → function(dce) → module(iroutliner) → function(dce) → module(elim-avail-extern) → function(gvn-sink) → function(gvn-hoist) → function(dce) → module(globalopt) → module(iroutliner) → function(jump-threading) → function(gvn-hoist) → module(attributor) → function(jump-threading) → function(gvn-sink) → module(iroutliner) → function(jump-threading) → module(globalopt) → module(globalopt) → function(memcpyopt) → module(globalopt) → function(gvn-sink) → function(newgvn) → function(jump-threading) → module(globalopt) → module(attributor) → function(dce) → module(attributor) → module(scc-oz-module-inliner) → module(attributor) → module(scc-oz-module-inliner) → function(instsimplify)
  #5: validation_obj=0.7121, validation_mean=0.7031, validation_worsen=6.00%, validation_highvar=0.00%, train_obj=0.7310, train_mean=0.7213, train_highvar=0.00%, len=40, syn_rate=0.42, test_obj=0.7424, test_mean=0.7283, test_worsen=9.39%, test_highvar=0.00%
     module(elim-avail-extern) → module(iroutliner) → function(instsimplify) → function(gvn-hoist) → module(attributor) → function(memcpyopt) → function(dce) → module(iroutliner) → function(dce) → module(elim-avail-extern) → function(gvn-sink) → function(gvn-hoist) → function(dce) → module(globalopt) → module(iroutliner) → function(jump-threading) → function(gvn-hoist) → module(attributor) → function(jump-threading) → function(gvn-sink) → module(iroutliner) → function(jump-threading) → module(globalopt) → module(globalopt) → function(memcpyopt) → module(globalopt) → function(newgvn) → function(newgvn) → function(gvn-sink) → function(gvn-sink) → module(globalopt) → function(jump-threading) → module(globalopt) → module(attributor) → function(dce) → module(attributor) → module(scc-oz-module-inliner) → module(attributor) → module(scc-oz-module-inliner) → function(instsimplify)

============================================================
所有轮次中最优 validation objective: 0.7087
最优通用 pass 序列 (16 passes):
  module(elim-avail-extern) → function(gvn-hoist) → module(attributor) → module(iroutliner) → function(gvn-sink) → module(globalopt) → module(attributor) → function(jump-threading) → module(iroutliner) → function(jump-threading) → function(newgvn) → function(gvn-hoist) → module(attributor) → module(scc-oz-module-inliner) → module(attributor) → module(scc-oz-module-inliner)
  search_train_obj=0.7505, search_train_mean=0.7408, search_train_worsen=6.50%, search_train_highvar=0.00%
  validation_obj=0.7087, validation_mean=0.6982, validation_worsen=7.00%, validation_highvar=0.00%
  test_obj=0.7498, test_mean=0.7361, test_worsen=9.12%, test_highvar=0.00%

最优轮次 Top-5 序列（含测试集效果，按 validation objective 升序）:
  #1: validation_obj=0.7096, validation_mean=0.6991, validation_worsen=7.00%, validation_highvar=0.00%, train_obj=0.7387, train_mean=0.7297, train_highvar=0.00%, len=49, syn_rate=0.44, test_obj=0.7400, test_mean=0.7262, test_worsen=9.20%, test_highvar=0.00%
     module(elim-avail-extern) → module(iroutliner) → function(instsimplify) → function(gvn-hoist) → module(attributor) → function(memcpyopt) → function(dce) → module(iroutliner) → function(dce) → function(dce) → module(elim-avail-extern) → function(gvn-sink) → function(gvn-hoist) → function(dce) → module(globalopt) → module(attributor) → function(jump-threading) → module(attributor) → function(jump-threading) → function(gvn-sink) → module(iroutliner) → function(jump-threading) → module(globalopt) → function(gvn-sink) → function(newgvn) → module(elim-avail-extern) → function(gvn-sink) → function(gvn-hoist) → function(dce) → module(globalopt) → module(attributor) → function(jump-threading) → module(attributor) → function(jump-threading) → function(gvn-sink) → module(iroutliner) → function(jump-threading) → module(globalopt) → function(gvn-sink) → function(newgvn) → function(jump-threading) → module(globalopt) → module(attributor) → function(dce) → module(iroutliner) → module(scc-oz-module-inliner) → module(attributor) → module(scc-oz-module-inliner) → function(instsimplify)
  #2: validation_obj=0.7107, validation_mean=0.7017, validation_worsen=6.00%, validation_highvar=0.00%, train_obj=0.7311, train_mean=0.7213, train_highvar=0.00%, len=43, syn_rate=0.43, test_obj=0.7434, test_mean=0.7296, test_worsen=9.22%, test_highvar=0.00%
     module(elim-avail-extern) → module(iroutliner) → function(instsimplify) → function(gvn-hoist) → module(attributor) → function(memcpyopt) → function(dce) → module(iroutliner) → function(dce) → module(elim-avail-extern) → function(gvn-sink) → function(gvn-hoist) → function(dce) → module(globalopt) → module(iroutliner) → function(jump-threading) → function(gvn-hoist) → module(attributor) → function(jump-threading) → function(gvn-sink) → module(iroutliner) → function(jump-threading) → module(globalopt) → module(globalopt) → function(memcpyopt) → module(globalopt) → function(gvn-sink) → function(newgvn) → function(gvn-hoist) → function(gvn-hoist) → function(gvn-hoist) → function(gvn-hoist) → function(jump-threading) → module(globalopt) → module(globalopt) → module(globalopt) → module(attributor) → module(attributor) → module(scc-oz-module-inliner) → module(attributor) → module(scc-oz-module-inliner) → function(dce) → function(instsimplify)
  #3: validation_obj=0.7113, validation_mean=0.7023, validation_worsen=6.00%, validation_highvar=0.00%, train_obj=0.7369, train_mean=0.7272, train_highvar=0.00%, len=53, syn_rate=0.43, test_obj=0.7456, test_mean=0.7318, test_worsen=9.20%, test_highvar=0.00%
     module(elim-avail-extern) → module(iroutliner) → function(instsimplify) → function(gvn-hoist) → module(attributor) → function(memcpyopt) → function(dce) → module(iroutliner) → function(dce) → module(elim-avail-extern) → function(gvn-sink) → function(jump-threading) → function(jump-threading) → function(gvn-hoist) → module(attributor) → function(jump-threading) → module(iroutliner) → function(jump-threading) → module(globalopt) → module(globalopt) → function(memcpyopt) → function(gvn-hoist) → function(dce) → module(globalopt) → module(iroutliner) → function(jump-threading) → function(gvn-hoist) → module(attributor) → function(jump-threading) → function(gvn-sink) → module(iroutliner) → function(jump-threading) → module(globalopt) → module(globalopt) → function(memcpyopt) → module(globalopt) → function(gvn-sink) → function(newgvn) → function(gvn-hoist) → function(gvn-hoist) → function(gvn-hoist) → function(gvn-hoist) → function(jump-threading) → module(globalopt) → module(globalopt) → module(globalopt) → module(attributor) → module(attributor) → module(scc-oz-module-inliner) → module(attributor) → module(scc-oz-module-inliner) → function(dce) → function(instsimplify)
  #4: validation_obj=0.7121, validation_mean=0.7031, validation_worsen=6.00%, validation_highvar=0.00%, train_obj=0.7311, train_mean=0.7213, train_highvar=0.00%, len=37, syn_rate=0.41, test_obj=0.7441, test_mean=0.7300, test_worsen=9.39%, test_highvar=0.00%
     module(elim-avail-extern) → module(iroutliner) → function(instsimplify) → function(gvn-hoist) → module(attributor) → function(memcpyopt) → function(dce) → module(iroutliner) → function(dce) → module(elim-avail-extern) → function(gvn-sink) → function(gvn-hoist) → function(dce) → module(globalopt) → module(iroutliner) → function(jump-threading) → function(gvn-hoist) → module(attributor) → function(jump-threading) → function(gvn-sink) → module(iroutliner) → function(jump-threading) → module(globalopt) → module(globalopt) → function(memcpyopt) → module(globalopt) → function(gvn-sink) → function(newgvn) → function(jump-threading) → module(globalopt) → module(attributor) → function(dce) → module(attributor) → module(scc-oz-module-inliner) → module(attributor) → module(scc-oz-module-inliner) → function(instsimplify)