# run_id: 20260414_151923_015709_runtime_baseline
# name: runtime_baseline
# group: runtime
# description: 把优化目标切换为实际运行时间，搜索/选择流程与 orig_boca 尽量保持一致。
# changed: BACKEND_OPT_LEVEL=-O0, GA_GEN=5, GA_POP=200, ITERS=100, MAX_SEQ_LEN=120, MIN_VAL_PROGRAMS=5, OBJECTIVE_KIND=runtime, PROGRAM_POOL_KIND=runtime, SEED_TOPK=0, TEST_TOPK=50, TRAIN_TOPK=200, VAL_RATIO=0.5
# result_json: /root/exp/RFunipassLab/results/runtime/summaries/20260414_151923_015709_runtime_baseline.json
# started_at: 2026-04-14T15:19:23
# control_env:
#   BACKEND_OPT_LEVEL=-O0
#   DECAY=0.5
#   FEATURE_MODE=full
#   GA_ELITE=0.1
#   GA_GEN=5
#   GA_MUT=0.8
#   GA_POP=200
#   GA_TOUR=3
#   ITERS=100
#   MAX_SEQ_LEN=120
#   MIN_VAL_PROGRAMS=5
#   OBJECTIVE_BASELINE=o3
#   OBJECTIVE_KIND=runtime
#   OBJ_HIGHVAR_W=0.01
#   OBJ_WORSEN_W=0.15
#   OFFSET=20
#   PROGRAM_POOL_KIND=runtime
#   RNUM=256
#   RUNS=1
#   RUNTIME_EVAL_MAX_VARIANCE_PCT=15.0
#   RUNTIME_MAX_INNER_REPEATS=64
#   RUNTIME_MAX_VARIANCE_PCT=10.0
#   RUNTIME_REQUIRED_ROWS=0
#   RUNTIME_SAMPLES=5
#   RUNTIME_TARGET_SAMPLE_MS=30.0
#   RUNTIME_TIMEOUT_SEC=2.0
#   SCALE=10
#   SEED_TOPK=0
#   TEST_TOPK=50
#   TRAIN_TOPK=200
#   VAL_RATIO=0.5

Loading runtime-evaluable rows from: /root/exp/RFunipassLab/data/tuning_results.csv
Runtime manifest path: /root/exp/RFunipassLab/results/runtime/manifests/runtime_manifest.json
Runtime required rows: 250
Loaded runtime-evaluable rows: 250
Loaded train programs:       200
Loaded initial seed seqs:    69
Loaded test programs:        50
Objective kind:              runtime
Program pool kind:           runtime

Loading synergy graph from: /root/exp/RFunipassLab/data/Step3_EnumeratedPairs.csv
All passes (19): ['module(elim-avail-extern)', 'function(mem2reg)', 'function(newgvn)', 'function(dce)', 'function(memcpyopt)', 'cgscc(attributor-cgscc)', 'function(jump-threading)', 'function(gvn-sink)', 'module(globalopt)', 'module(scc-oz-module-inliner)', 'function(instsimplify)', 'function(reassociate)', 'module(iroutliner)', 'module(attributor)', 'function(dse)', 'function(gvn-hoist)', 'loop(loop-simplifycfg)', 'module(inferattrs)', 'function(lower-switch)']
Synergy edges: 176
Self-loop passes: {'cgscc(attributor-cgscc)', 'function(newgvn)', 'module(attributor)'}

============================================================
实验轮次 1 / 1
============================================================
============================================================
目标类型:      runtime
目标基准:      -O3
基准指标:      -O3 基准运行时间
优化指标:      归一化运行时间
后端编译级别:  -O0
输入程序数:    200
输入次优序列数: 69
测试程序数:    50
Pass 词表大小: 19
协同边数:      176
自环 pass 数:  3
序列长度上限:  120
特征模式:      full
RF 特征维度:   216
词表: ['module(elim-avail-extern)', 'function(mem2reg)', 'function(newgvn)', 'function(dce)', 'function(memcpyopt)', 'cgscc(attributor-cgscc)', 'function(jump-threading)', 'function(gvn-sink)', 'module(globalopt)', 'module(scc-oz-module-inliner)', 'function(instsimplify)', 'function(reassociate)', 'module(iroutliner)', 'module(attributor)', 'function(dse)', 'function(gvn-hoist)', 'loop(loop-simplifycfg)', 'module(inferattrs)', 'function(lower-switch)']
多目标权重:    mean=1.0, worsen=0.15, highvar=0.01

[Step 1.5] 训练程序切分...
  search_train 程序数: 100
  validation 程序数:   100

[Step 2] 计算 search_train 程序 -O3 基准运行时间...
[Step 2b] 计算 validation 程序 -O3 基准运行时间...
[Step 2c] 计算测试集程序 -O3 基准运行时间...

[Step 2d] 固定参考基线（相对 []）...
  search_train: []=1.000 (+0.0%)  -Oz=0.900 (+10.0%)  -O3=0.813 (+18.7%)
  validation:   []=1.000 (+0.0%)  -Oz=0.870 (+13.0%)  -O3=0.765 (+23.5%)
  test:         []=1.000 (+0.0%)  -Oz=0.897 (+10.3%)  -O3=0.807 (+19.3%)

[Step 3] 评估初始 seed 序列（共 69 条）...

[Step 4] 开始贝叶斯优化（100 轮）...
GA search time: 19.68s, candidates: 403
  [iter   1/100] search_obj=1.3380  search_best=1.2973  validation_best=1.2604  EI=0.0138  rnum=203.3  len=103  syn_rate=0.96  mean=1.2306  worsen=70.00%  highvar=24.00%
                 search_train: vs_none=0.902 (+9.8%)  vs_oz=1.001 (-0.1%)  vs_o3=1.231 (-23.1%)
                 validation:   vs_none=0.866 (+13.4%)  vs_oz=0.992 (+0.8%)  vs_o3=1.282 (-28.2%)
GA search time: 14.07s, candidates: 401
  [iter   2/100] search_obj=1.2941  search_best=1.2941  validation_best=1.2604  EI=0.0138  rnum=201.3  len=37  syn_rate=0.48  mean=1.1946  worsen=64.00%  highvar=35.00%
                 search_train: vs_none=0.881 (+11.9%)  vs_oz=0.977 (+2.3%)  vs_o3=1.195 (-19.5%)
                 validation:   vs_none=0.870 (+13.0%)  vs_oz=1.008 (-0.8%)  vs_o3=1.321 (-32.1%)
GA search time: 18.03s, candidates: 399
  [iter   3/100] search_obj=1.3233  search_best=1.2941  validation_best=1.2604  EI=0.0152  rnum=199.4  len=39  syn_rate=0.51  mean=1.2170  worsen=69.00%  highvar=28.00%
                 search_train: vs_none=0.902 (+9.8%)  vs_oz=0.998 (+0.2%)  vs_o3=1.217 (-21.7%)
                 validation:   vs_none=0.882 (+11.8%)  vs_oz=1.020 (-2.0%)  vs_o3=1.332 (-33.2%)
GA search time: 15.82s, candidates: 397
  [iter   4/100] search_obj=1.3119  search_best=1.2941  validation_best=1.2604  EI=0.0152  rnum=197.4  len=51  syn_rate=0.43  mean=1.2151  worsen=63.00%  highvar=23.00%
                 search_train: vs_none=0.900 (+10.0%)  vs_oz=0.996 (+0.4%)  vs_o3=1.215 (-21.5%)
                 validation:   vs_none=0.888 (+11.2%)  vs_oz=1.028 (-2.8%)  vs_o3=1.341 (-34.1%)
GA search time: 8.09s, candidates: 395
  [iter   5/100] search_obj=1.3498  search_best=1.2941  validation_best=1.2604  EI=0.0173  rnum=195.4  len=39  syn_rate=0.48  mean=1.2324  worsen=76.00%  highvar=34.00%
                 search_train: vs_none=0.918 (+8.2%)  vs_oz=1.014 (-1.4%)  vs_o3=1.232 (-23.2%)
                 validation:   vs_none=0.889 (+11.1%)  vs_oz=1.028 (-2.8%)  vs_o3=1.339 (-33.9%)
GA search time: 14.22s, candidates: 393
  [iter   6/100] search_obj=1.3426  search_best=1.2941  validation_best=1.2604  EI=0.0120  rnum=193.4  len=113  syn_rate=0.88  mean=1.2338  worsen=71.00%  highvar=23.00%
                 search_train: vs_none=0.906 (+9.4%)  vs_oz=1.005 (-0.5%)  vs_o3=1.234 (-23.4%)
                 validation:   vs_none=0.872 (+12.8%)  vs_oz=1.000 (-0.0%)  vs_o3=1.289 (-28.9%)
GA search time: 8.12s, candidates: 391
  [iter   7/100] search_obj=1.3401  search_best=1.2941  validation_best=1.2604  EI=0.0137  rnum=191.4  len=28  syn_rate=0.38  mean=1.2268  worsen=74.00%  highvar=23.00%
                 search_train: vs_none=0.906 (+9.4%)  vs_oz=1.003 (-0.3%)  vs_o3=1.227 (-22.7%)
                 validation:   vs_none=0.886 (+11.4%)  vs_oz=1.014 (-1.4%)  vs_o3=1.299 (-29.9%)
GA search time: 5.66s, candidates: 389
  [iter   8/100] search_obj=1.3437  search_best=1.2941  validation_best=1.2604  EI=0.0125  rnum=189.4  len=32  syn_rate=0.46  mean=1.2381  worsen=69.00%  highvar=21.00%
                 search_train: vs_none=0.910 (+9.0%)  vs_oz=1.011 (-1.1%)  vs_o3=1.238 (-23.8%)
                 validation:   vs_none=0.890 (+11.0%)  vs_oz=1.029 (-2.9%)  vs_o3=1.338 (-33.8%)
GA search time: 5.59s, candidates: 387
  [iter   9/100] search_obj=1.3109  search_best=1.2941  validation_best=1.2604  EI=0.0113  rnum=187.4  len=33  syn_rate=0.52  mean=1.2096  worsen=66.00%  highvar=23.00%
                 search_train: vs_none=0.892 (+10.8%)  vs_oz=0.990 (+1.0%)  vs_o3=1.210 (-21.0%)
                 validation:   vs_none=0.882 (+11.8%)  vs_oz=1.015 (-1.5%)  vs_o3=1.313 (-31.3%)
GA search time: 4.54s, candidates: 385
  [iter  10/100] search_obj=1.6168  search_best=1.2941  validation_best=1.2604  EI=0.0119  rnum=185.3  len=40  syn_rate=0.09  mean=1.5056  worsen=73.00%  highvar=17.00%
                 search_train: vs_none=1.006 (-0.6%)  vs_oz=1.160 (-16.0%)  vs_o3=1.506 (-50.6%)
                 validation:   vs_none=1.010 (-1.0%)  vs_oz=1.211 (-21.1%)  vs_o3=1.659 (-65.9%)
GA search time: 18.59s, candidates: 383
  [iter  11/100] search_obj=1.3245  search_best=1.2941  validation_best=1.2604  EI=0.0169  rnum=183.2  len=71  syn_rate=0.76  mean=1.2178  worsen=69.00%  highvar=32.00%
                 search_train: vs_none=0.899 (+10.1%)  vs_oz=0.997 (+0.3%)  vs_o3=1.218 (-21.8%)
                 validation:   vs_none=0.881 (+11.9%)  vs_oz=1.014 (-1.4%)  vs_o3=1.311 (-31.1%)
GA search time: 14.96s, candidates: 381
  [iter  12/100] search_obj=1.3243  search_best=1.2941  validation_best=1.2604  EI=0.0179  rnum=181.1  len=40  syn_rate=0.38  mean=1.2170  worsen=70.00%  highvar=23.00%
                 search_train: vs_none=0.902 (+9.8%)  vs_oz=0.998 (+0.2%)  vs_o3=1.217 (-21.7%)
                 validation:   vs_none=0.881 (+11.9%)  vs_oz=1.022 (-2.2%)  vs_o3=1.334 (-33.4%)
GA search time: 17.43s, candidates: 379
  [iter  13/100] search_obj=1.3156  search_best=1.2941  validation_best=1.2604  EI=0.0168  rnum=179.0  len=37  syn_rate=0.72  mean=1.2110  worsen=68.00%  highvar=26.00%
                 search_train: vs_none=0.892 (+10.8%)  vs_oz=0.990 (+1.0%)  vs_o3=1.211 (-21.1%)
                 validation:   vs_none=0.885 (+11.5%)  vs_oz=1.020 (-2.0%)  vs_o3=1.321 (-32.1%)
GA search time: 17.76s, candidates: 376
  [iter  14/100] search_obj=1.3158  search_best=1.2941  validation_best=1.2604  EI=0.0170  rnum=176.9  len=35  syn_rate=0.59  mean=1.1953  worsen=79.00%  highvar=20.00%
                 search_train: vs_none=0.924 (+7.6%)  vs_oz=1.007 (-0.7%)  vs_o3=1.195 (-19.5%)
                 validation:   vs_none=0.883 (+11.7%)  vs_oz=1.016 (-1.6%)  vs_o3=1.319 (-31.9%)
GA search time: 18.51s, candidates: 374
  [iter  15/100] search_obj=1.3422  search_best=1.2941  validation_best=1.2604  EI=0.0170  rnum=174.8  len=57  syn_rate=0.72  mean=1.2346  worsen=70.00%  highvar=26.00%
                 search_train: vs_none=0.903 (+9.7%)  vs_oz=1.006 (-0.6%)  vs_o3=1.235 (-23.5%)
                 validation:   vs_none=0.894 (+10.6%)  vs_oz=1.033 (-3.3%)  vs_o3=1.341 (-34.1%)
GA search time: 17.48s, candidates: 372
  [iter  16/100] search_obj=1.4380  search_best=1.2941  validation_best=1.2604  EI=0.0165  rnum=172.7  len=26  syn_rate=0.14  mean=1.3146  worsen=81.00%  highvar=19.00%
                 search_train: vs_none=0.946 (+5.4%)  vs_oz=1.058 (-5.8%)  vs_o3=1.315 (-31.5%)
                 validation:   vs_none=0.908 (+9.2%)  vs_oz=1.059 (-5.9%)  vs_o3=1.398 (-39.8%)
GA search time: 21.31s, candidates: 370
  [iter  17/100] search_obj=1.3796  search_best=1.2941  validation_best=1.2604  EI=0.0163  rnum=170.6  len=38  syn_rate=0.57  mean=1.2737  worsen=69.00%  highvar=24.00%
                 search_train: vs_none=0.922 (+7.8%)  vs_oz=1.029 (-2.9%)  vs_o3=1.274 (-27.4%)
                 validation:   vs_none=0.911 (+8.9%)  vs_oz=1.055 (-5.5%)  vs_o3=1.374 (-37.4%)
GA search time: 25.32s, candidates: 368
  [iter  18/100] search_obj=1.3351  search_best=1.2941  validation_best=1.2604  EI=0.0147  rnum=168.4  len=98  syn_rate=0.75  mean=1.2267  worsen=71.00%  highvar=19.00%
                 search_train: vs_none=0.910 (+9.0%)  vs_oz=1.006 (-0.6%)  vs_o3=1.227 (-22.7%)
                 validation:   vs_none=0.876 (+12.4%)  vs_oz=1.013 (-1.3%)  vs_o3=1.321 (-32.1%)
GA search time: 19.98s, candidates: 366
  [iter  19/100] search_obj=1.3420  search_best=1.2941  validation_best=1.2604  EI=0.0159  rnum=166.3  len=37  syn_rate=0.55  mean=1.2334  worsen=71.00%  highvar=21.00%
                 search_train: vs_none=0.907 (+9.3%)  vs_oz=1.004 (-0.4%)  vs_o3=1.233 (-23.3%)
                 validation:   vs_none=0.872 (+12.8%)  vs_oz=0.995 (+0.5%)  vs_o3=1.274 (-27.4%)
GA search time: 25.24s, candidates: 364
  [iter  20/100] search_obj=1.3291  search_best=1.2941  validation_best=1.2604  EI=0.0133  rnum=164.2  len=64  syn_rate=0.44  mean=1.2221  worsen=70.00%  highvar=20.00%
                 search_train: vs_none=0.907 (+9.3%)  vs_oz=1.002 (-0.2%)  vs_o3=1.222 (-22.2%)
                 validation:   vs_none=0.878 (+12.2%)  vs_oz=1.014 (-1.4%)  vs_o3=1.319 (-31.9%)
GA search time: 23.55s, candidates: 362
  [iter  21/100] search_obj=1.3289  search_best=1.2941  validation_best=1.2604  EI=0.0139  rnum=162.0  len=72  syn_rate=0.43  mean=1.2216  worsen=70.00%  highvar=23.00%
                 search_train: vs_none=0.906 (+9.4%)  vs_oz=1.002 (-0.2%)  vs_o3=1.222 (-22.2%)
                 validation:   vs_none=0.891 (+10.9%)  vs_oz=1.031 (-3.1%)  vs_o3=1.346 (-34.6%)
GA search time: 16.08s, candidates: 359
  [iter  22/100] search_obj=1.3567  search_best=1.2941  validation_best=1.2604  EI=0.0135  rnum=159.9  len=64  syn_rate=0.52  mean=1.2437  worsen=74.00%  highvar=20.00%
                 search_train: vs_none=0.911 (+8.9%)  vs_oz=1.013 (-1.3%)  vs_o3=1.244 (-24.4%)
                 validation:   vs_none=0.892 (+10.8%)  vs_oz=1.034 (-3.4%)  vs_o3=1.353 (-35.3%)
GA search time: 21.59s, candidates: 357
  [iter  23/100] search_obj=1.3260  search_best=1.2941  validation_best=1.2604  EI=0.0138  rnum=157.7  len=22  syn_rate=0.19  mean=1.2247  worsen=66.00%  highvar=23.00%
                 search_train: vs_none=0.899 (+10.1%)  vs_oz=1.000 (+0.0%)  vs_o3=1.225 (-22.5%)
                 validation:   vs_none=0.892 (+10.8%)  vs_oz=1.028 (-2.8%)  vs_o3=1.332 (-33.2%)
GA search time: 21.38s, candidates: 355
  [iter  24/100] search_obj=1.3307  search_best=1.2941  validation_best=1.2604  EI=0.0128  rnum=155.6  len=31  syn_rate=0.54  mean=1.2219  worsen=71.00%  highvar=23.00%
                 search_train: vs_none=0.907 (+9.3%)  vs_oz=1.002 (-0.2%)  vs_o3=1.222 (-22.2%)
                 validation:   vs_none=0.876 (+12.4%)  vs_oz=1.001 (-0.1%)  vs_o3=1.279 (-27.9%)
GA search time: 21.49s, candidates: 353
  [iter  25/100] search_obj=1.3290  search_best=1.2941  validation_best=1.2604  EI=0.0117  rnum=153.4  len=110  syn_rate=0.58  mean=1.2215  worsen=70.00%  highvar=25.00%
                 search_train: vs_none=0.906 (+9.4%)  vs_oz=1.002 (-0.2%)  vs_o3=1.222 (-22.2%)
                 validation:   vs_none=0.885 (+11.5%)  vs_oz=1.020 (-2.0%)  vs_o3=1.322 (-32.2%)
GA search time: 22.73s, candidates: 351
  [iter  26/100] search_obj=1.6187  search_best=1.2941  validation_best=1.2604  EI=0.0120  rnum=151.3  len=38  syn_rate=0.46  mean=1.5058  worsen=74.00%  highvar=19.00%
                 search_train: vs_none=1.023 (-2.3%)  vs_oz=1.172 (-17.2%)  vs_o3=1.506 (-50.6%)
                 validation:   vs_none=1.001 (-0.1%)  vs_oz=1.185 (-18.5%)  vs_o3=1.608 (-60.8%)
GA search time: 22.56s, candidates: 349
  [iter  27/100] search_obj=1.3148  search_best=1.2941  validation_best=1.2604  EI=0.0165  rnum=149.1  len=44  syn_rate=0.60  mean=1.2136  worsen=66.00%  highvar=22.00%
                 search_train: vs_none=0.896 (+10.4%)  vs_oz=0.993 (+0.7%)  vs_o3=1.214 (-21.4%)
                 validation:   vs_none=0.877 (+12.3%)  vs_oz=1.012 (-1.2%)  vs_o3=1.312 (-31.2%)
GA search time: 21.04s, candidates: 346
  [iter  28/100] search_obj=1.3252  search_best=1.2941  validation_best=1.2604  EI=0.0163  rnum=147.0  len=47  syn_rate=0.64  mean=1.2195  worsen=69.00%  highvar=22.00%
                 search_train: vs_none=0.901 (+9.9%)  vs_oz=0.999 (+0.1%)  vs_o3=1.220 (-22.0%)
                 validation:   vs_none=0.908 (+9.2%)  vs_oz=1.043 (-4.3%)  vs_o3=1.342 (-34.2%)
GA search time: 18.92s, candidates: 344
  [iter  29/100] search_obj=1.3272  search_best=1.2941  validation_best=1.2604  EI=0.0153  rnum=144.8  len=61  syn_rate=0.70  mean=1.2188  worsen=71.00%  highvar=19.00%
                 search_train: vs_none=0.902 (+9.8%)  vs_oz=0.999 (+0.1%)  vs_o3=1.219 (-21.9%)
                 validation:   vs_none=0.881 (+11.9%)  vs_oz=1.016 (-1.6%)  vs_o3=1.315 (-31.5%)
GA search time: 21.11s, candidates: 342
  [iter  30/100] search_obj=1.3332  search_best=1.2941  validation_best=1.2604  EI=0.0151  rnum=142.7  len=37  syn_rate=0.50  mean=1.2211  worsen=73.00%  highvar=26.00%
                 search_train: vs_none=0.904 (+9.6%)  vs_oz=1.002 (-0.2%)  vs_o3=1.221 (-22.1%)
                 validation:   vs_none=0.884 (+11.6%)  vs_oz=1.018 (-1.8%)  vs_o3=1.317 (-31.7%)
GA search time: 11.94s, candidates: 340
  [iter  31/100] search_obj=1.3323  search_best=1.2941  validation_best=1.2604  EI=0.0172  rnum=140.5  len=42  syn_rate=0.62  mean=1.2322  worsen=65.00%  highvar=26.00%
                 search_train: vs_none=0.905 (+9.5%)  vs_oz=1.006 (-0.6%)  vs_o3=1.232 (-23.2%)
                 validation:   vs_none=0.890 (+11.0%)  vs_oz=1.028 (-2.8%)  vs_o3=1.335 (-33.5%)
GA search time: 14.74s, candidates: 338
  [iter  32/100] search_obj=1.3353  search_best=1.2941  validation_best=1.2604  EI=0.0146  rnum=138.4  len=88  syn_rate=0.79  mean=1.2295  worsen=69.00%  highvar=23.00%
                 search_train: vs_none=0.906 (+9.4%)  vs_oz=1.004 (-0.4%)  vs_o3=1.229 (-22.9%)
                 validation:   vs_none=0.889 (+11.1%)  vs_oz=1.028 (-2.8%)  vs_o3=1.341 (-34.1%)
GA search time: 13.00s, candidates: 336
  [iter  33/100] search_obj=1.3509  search_best=1.2941  validation_best=1.2604  EI=0.0141  rnum=136.3  len=45  syn_rate=0.55  mean=1.2396  worsen=73.00%  highvar=18.00%
                 search_train: vs_none=0.922 (+7.8%)  vs_oz=1.021 (-2.1%)  vs_o3=1.240 (-24.0%)
                 validation:   vs_none=0.896 (+10.4%)  vs_oz=1.026 (-2.6%)  vs_o3=1.321 (-32.1%)
GA search time: 12.67s, candidates: 334
  [iter  34/100] search_obj=1.6325  search_best=1.2941  validation_best=1.2604  EI=0.0130  rnum=134.2  len=47  syn_rate=0.57  mean=1.5232  worsen=71.00%  highvar=28.00%
                 search_train: vs_none=1.023 (-2.3%)  vs_oz=1.176 (-17.6%)  vs_o3=1.523 (-52.3%)
                 validation:   vs_none=1.040 (-4.0%)  vs_oz=1.258 (-25.8%)  vs_o3=1.739 (-73.9%)
GA search time: 15.15s, candidates: 332
  [iter  35/100] search_obj=1.3455  search_best=1.2941  validation_best=1.2604  EI=0.0155  rnum=132.1  len=46  syn_rate=0.61  mean=1.2370  worsen=71.00%  highvar=20.00%
                 search_train: vs_none=0.910 (+9.0%)  vs_oz=1.011 (-1.1%)  vs_o3=1.237 (-23.7%)
                 validation:   vs_none=0.881 (+11.9%)  vs_oz=1.019 (-1.9%)  vs_o3=1.323 (-32.3%)
GA search time: 9.11s, candidates: 329
  [iter  36/100] search_obj=1.6190  search_best=1.2941  validation_best=1.2604  EI=0.0161  rnum=130.0  len=63  syn_rate=0.39  mean=1.5031  worsen=76.00%  highvar=19.00%
                 search_train: vs_none=1.016 (-1.6%)  vs_oz=1.165 (-16.5%)  vs_o3=1.503 (-50.3%)
                 validation:   vs_none=1.022 (-2.2%)  vs_oz=1.234 (-23.4%)  vs_o3=1.707 (-70.7%)
GA search time: 14.01s, candidates: 327
  [iter  37/100] search_obj=1.2947  search_best=1.2941  validation_best=1.2604  EI=0.0158  rnum=127.9  len=42  syn_rate=0.51  mean=1.1886  worsen=69.00%  highvar=26.00%
                 search_train: vs_none=0.912 (+8.8%)  vs_oz=1.000 (-0.0%)  vs_o3=1.189 (-18.9%)
                 validation:   vs_none=0.887 (+11.3%)  vs_oz=1.021 (-2.1%)  vs_o3=1.319 (-31.9%)
GA search time: 11.88s, candidates: 325
  [iter  38/100] search_obj=1.6237  search_best=1.2941  validation_best=1.2604  EI=0.0194  rnum=125.8  len=30  syn_rate=0.38  mean=1.5088  worsen=75.00%  highvar=24.00%
                 search_train: vs_none=1.010 (-1.0%)  vs_oz=1.165 (-16.5%)  vs_o3=1.509 (-50.9%)
                 validation:   vs_none=1.022 (-2.2%)  vs_oz=1.233 (-23.3%)  vs_o3=1.698 (-69.8%)
GA search time: 12.40s, candidates: 323
  [iter  39/100] search_obj=1.5678  search_best=1.2941  validation_best=1.2604  EI=0.0182  rnum=123.7  len=48  syn_rate=0.51  mean=1.4564  worsen=73.00%  highvar=19.00%
                 search_train: vs_none=1.014 (-1.4%)  vs_oz=1.155 (-15.5%)  vs_o3=1.456 (-45.6%)
                 validation:   vs_none=1.033 (-3.3%)  vs_oz=1.239 (-23.9%)  vs_o3=1.701 (-70.1%)
GA search time: 12.13s, candidates: 321
  [iter  40/100] search_obj=1.3242  search_best=1.2941  validation_best=1.2604  EI=0.0170  rnum=121.6  len=59  syn_rate=0.62  mean=1.2259  worsen=64.00%  highvar=23.00%
                 search_train: vs_none=0.898 (+10.2%)  vs_oz=0.999 (+0.1%)  vs_o3=1.226 (-22.6%)
                 validation:   vs_none=0.882 (+11.8%)  vs_oz=1.019 (-1.9%)  vs_o3=1.325 (-32.5%)
GA search time: 15.75s, candidates: 319
  [iter  41/100] search_obj=1.3033  search_best=1.2941  validation_best=1.2604  EI=0.0168  rnum=119.6  len=43  syn_rate=0.51  mean=1.1958  worsen=70.00%  highvar=25.00%
                 search_train: vs_none=0.919 (+8.1%)  vs_oz=1.007 (-0.7%)  vs_o3=1.196 (-19.6%)
                 validation:   vs_none=0.901 (+9.9%)  vs_oz=1.035 (-3.5%)  vs_o3=1.331 (-33.1%)
GA search time: 16.80s, candidates: 317
  [iter  42/100] search_obj=1.3254  search_best=1.2941  validation_best=1.2604  EI=0.0147  rnum=117.5  len=68  syn_rate=0.57  mean=1.2054  worsen=78.00%  highvar=30.00%
                 search_train: vs_none=0.929 (+7.1%)  vs_oz=1.016 (-1.6%)  vs_o3=1.205 (-20.5%)
                 validation:   vs_none=0.899 (+10.1%)  vs_oz=1.033 (-3.3%)  vs_o3=1.328 (-32.8%)
GA search time: 15.68s, candidates: 315
  [iter  43/100] search_obj=1.3335  search_best=1.2941  validation_best=1.2604  EI=0.0146  rnum=115.5  len=83  syn_rate=0.64  mean=1.2279  worsen=69.00%  highvar=21.00%
                 search_train: vs_none=0.901 (+9.9%)  vs_oz=1.000 (-0.0%)  vs_o3=1.228 (-22.8%)
                 validation:   vs_none=0.880 (+12.0%)  vs_oz=1.008 (-0.8%)  vs_o3=1.295 (-29.5%)
GA search time: 17.90s, candidates: 313
  [iter  44/100] search_obj=1.3611  search_best=1.2941  validation_best=1.2604  EI=0.0142  rnum=113.5  len=120  syn_rate=0.84  mean=1.2462  worsen=75.00%  highvar=24.00%
                 search_train: vs_none=0.924 (+7.6%)  vs_oz=1.019 (-1.9%)  vs_o3=1.246 (-24.6%)
                 validation:   vs_none=0.870 (+13.0%)  vs_oz=0.995 (+0.5%)  vs_o3=1.282 (-28.2%)
GA search time: 15.55s, candidates: 311
  [iter  45/100] search_obj=1.3091  search_best=1.2941  validation_best=1.2604  EI=0.0141  rnum=111.5  len=47  syn_rate=0.48  mean=1.2102  worsen=64.00%  highvar=29.00%
                 search_train: vs_none=0.893 (+10.7%)  vs_oz=0.990 (+1.0%)  vs_o3=1.210 (-21.0%)
                 validation:   vs_none=0.876 (+12.4%)  vs_oz=1.010 (-1.0%)  vs_o3=1.306 (-30.6%)
GA search time: 11.50s, candidates: 309
  [iter  46/100] search_obj=1.3285  search_best=1.2941  validation_best=1.2604  EI=0.0159  rnum=109.5  len=103  syn_rate=0.47  mean=1.2168  worsen=73.00%  highvar=22.00%
                 search_train: vs_none=0.899 (+10.1%)  vs_oz=0.997 (+0.3%)  vs_o3=1.217 (-21.7%)
                 validation:   vs_none=0.885 (+11.5%)  vs_oz=1.023 (-2.3%)  vs_o3=1.329 (-32.9%)
GA search time: 15.10s, candidates: 307
  [iter  47/100] search_obj=1.3205  search_best=1.2941  validation_best=1.2604  EI=0.0161  rnum=107.6  len=53  syn_rate=0.48  mean=1.2179  worsen=67.00%  highvar=21.00%
                 search_train: vs_none=0.901 (+9.9%)  vs_oz=0.999 (+0.1%)  vs_o3=1.218 (-21.8%)
                 validation:   vs_none=0.884 (+11.6%)  vs_oz=1.018 (-1.8%)  vs_o3=1.315 (-31.5%)
GA search time: 16.04s, candidates: 305
  [iter  48/100] search_obj=1.6887  search_best=1.2941  validation_best=1.2604  EI=0.0151  rnum=105.6  len=16  syn_rate=0.19  mean=1.5756  worsen=74.00%  highvar=21.00%
                 search_train: vs_none=1.040 (-4.0%)  vs_oz=1.201 (-20.1%)  vs_o3=1.576 (-57.6%)
                 validation:   vs_none=1.060 (-6.0%)  vs_oz=1.292 (-29.2%)  vs_o3=1.810 (-81.0%)
GA search time: 10.51s, candidates: 303
  [iter  49/100] search_obj=1.3352  search_best=1.2941  validation_best=1.2604  EI=0.0183  rnum=103.7  len=20  syn_rate=0.26  mean=1.2130  worsen=80.00%  highvar=22.00%
                 search_train: vs_none=0.925 (+7.5%)  vs_oz=1.015 (-1.5%)  vs_o3=1.213 (-21.3%)
                 validation:   vs_none=0.881 (+11.9%)  vs_oz=0.995 (+0.5%)  vs_o3=1.259 (-25.9%)
GA search time: 10.08s, candidates: 301
  [iter  50/100] search_obj=1.3256  search_best=1.2941  validation_best=1.2604  EI=0.0177  rnum=101.7  len=24  syn_rate=0.39  mean=1.2186  worsen=70.00%  highvar=20.00%
                 search_train: vs_none=0.904 (+9.6%)  vs_oz=0.999 (+0.1%)  vs_o3=1.219 (-21.9%)
                 validation:   vs_none=0.892 (+10.8%)  vs_oz=1.000 (-0.0%)  vs_o3=1.256 (-25.6%)
GA search time: 11.92s, candidates: 299
  [iter  51/100] search_obj=1.3410  search_best=1.2941  validation_best=1.2604  EI=0.0171  rnum=99.8  len=71  syn_rate=0.57  mean=1.2334  worsen=70.00%  highvar=26.00%
                 search_train: vs_none=0.906 (+9.4%)  vs_oz=1.006 (-0.6%)  vs_o3=1.233 (-23.3%)
                 validation:   vs_none=0.878 (+12.2%)  vs_oz=1.006 (-0.6%)  vs_o3=1.294 (-29.4%)
GA search time: 12.80s, candidates: 297
  [iter  52/100] search_obj=1.3354  search_best=1.2941  validation_best=1.2604  EI=0.0164  rnum=97.9  len=49  syn_rate=0.57  mean=1.2271  worsen=71.00%  highvar=18.00%
                 search_train: vs_none=0.914 (+8.6%)  vs_oz=1.010 (-1.0%)  vs_o3=1.227 (-22.7%)
                 validation:   vs_none=0.885 (+11.5%)  vs_oz=1.002 (-0.2%)  vs_o3=1.269 (-26.9%)
GA search time: 11.51s, candidates: 296
  [iter  53/100] search_obj=1.3509  search_best=1.2941  validation_best=1.2604  EI=0.0160  rnum=96.1  len=42  syn_rate=0.47  mean=1.2343  worsen=76.00%  highvar=26.00%
                 search_train: vs_none=0.921 (+7.9%)  vs_oz=1.016 (-1.6%)  vs_o3=1.234 (-23.4%)
                 validation:   vs_none=0.874 (+12.6%)  vs_oz=1.008 (-0.8%)  vs_o3=1.311 (-31.1%)
GA search time: 14.23s, candidates: 294
  [iter  54/100] search_obj=1.3248  search_best=1.2941  validation_best=1.2604  EI=0.0154  rnum=94.2  len=89  syn_rate=0.68  mean=1.2144  worsen=72.00%  highvar=24.00%
                 search_train: vs_none=0.902 (+9.8%)  vs_oz=0.997 (+0.3%)  vs_o3=1.214 (-21.4%)
                 validation:   vs_none=0.883 (+11.7%)  vs_oz=1.019 (-1.9%)  vs_o3=1.324 (-32.4%)
GA search time: 11.33s, candidates: 292
  [iter  55/100] search_obj=1.3284  search_best=1.2941  validation_best=1.2604  EI=0.0151  rnum=92.4  len=30  syn_rate=0.36  mean=1.2190  worsen=71.00%  highvar=29.00%
                 search_train: vs_none=0.904 (+9.6%)  vs_oz=1.000 (+0.0%)  vs_o3=1.219 (-21.9%)
                 validation:   vs_none=0.884 (+11.6%)  vs_oz=1.021 (-2.1%)  vs_o3=1.325 (-32.5%)
GA search time: 11.86s, candidates: 290
  [iter  56/100] search_obj=1.3116  search_best=1.2941  validation_best=1.2604  EI=0.0150  rnum=90.5  len=43  syn_rate=0.45  mean=1.2018  worsen=72.00%  highvar=18.00%
                 search_train: vs_none=0.913 (+8.7%)  vs_oz=1.003 (-0.3%)  vs_o3=1.202 (-20.2%)
                 validation:   vs_none=0.884 (+11.6%)  vs_oz=0.999 (+0.1%)  vs_o3=1.263 (-26.3%)
GA search time: 13.59s, candidates: 288
  [iter  57/100] search_obj=1.3492  search_best=1.2941  validation_best=1.2604  EI=0.0180  rnum=88.7  len=32  syn_rate=0.51  mean=1.2387  worsen=72.00%  highvar=25.00%
                 search_train: vs_none=0.911 (+8.9%)  vs_oz=1.010 (-1.0%)  vs_o3=1.239 (-23.9%)
                 validation:   vs_none=0.870 (+13.0%)  vs_oz=0.998 (+0.2%)  vs_o3=1.286 (-28.6%)
GA search time: 11.57s, candidates: 286
  [iter  58/100] search_obj=1.3064  search_best=1.2941  validation_best=1.2604  EI=0.0147  rnum=87.0  len=42  syn_rate=0.39  mean=1.2022  worsen=68.00%  highvar=22.00%
                 search_train: vs_none=0.888 (+11.2%)  vs_oz=0.985 (+1.5%)  vs_o3=1.202 (-20.2%)
                 validation:   vs_none=0.880 (+12.0%)  vs_oz=1.012 (-1.2%)  vs_o3=1.308 (-30.8%)
GA search time: 11.05s, candidates: 285
  [iter  59/100] search_obj=1.3266  search_best=1.2941  validation_best=1.2604  EI=0.0171  rnum=85.2  len=55  syn_rate=0.40  mean=1.2163  worsen=72.00%  highvar=23.00%
                 search_train: vs_none=0.901 (+9.9%)  vs_oz=0.998 (+0.2%)  vs_o3=1.216 (-21.6%)
                 validation:   vs_none=0.876 (+12.4%)  vs_oz=1.009 (-0.9%)  vs_o3=1.304 (-30.4%)
GA search time: 11.02s, candidates: 283
  [iter  60/100] search_obj=1.3028  search_best=1.2941  validation_best=1.2604  EI=0.0159  rnum=83.5  len=18  syn_rate=0.19  mean=1.1959  worsen=70.00%  highvar=19.00%
                 search_train: vs_none=0.906 (+9.4%)  vs_oz=0.998 (+0.2%)  vs_o3=1.196 (-19.6%)
                 validation:   vs_none=0.882 (+11.8%)  vs_oz=0.996 (+0.4%)  vs_o3=1.258 (-25.8%)
GA search time: 14.31s, candidates: 281
  [iter  61/100] search_obj=1.3598  search_best=1.2941  validation_best=1.2604  EI=0.0170  rnum=81.7  len=18  syn_rate=0.21  mean=1.2372  worsen=80.00%  highvar=26.00%
                 search_train: vs_none=0.939 (+6.1%)  vs_oz=1.032 (-3.2%)  vs_o3=1.237 (-23.7%)
                 validation:   vs_none=0.882 (+11.8%)  vs_oz=0.999 (+0.1%)  vs_o3=1.269 (-26.9%)
GA search time: 15.89s, candidates: 280
  [iter  62/100] search_obj=1.3144  search_best=1.2941  validation_best=1.2604  EI=0.0164  rnum=80.0  len=44  syn_rate=0.53  mean=1.1972  worsen=77.00%  highvar=17.00%
                 search_train: vs_none=0.913 (+8.7%)  vs_oz=1.003 (-0.3%)  vs_o3=1.197 (-19.7%)
                 validation:   vs_none=0.892 (+10.8%)  vs_oz=1.025 (-2.5%)  vs_o3=1.319 (-31.9%)
GA search time: 13.05s, candidates: 278
  [iter  63/100] search_obj=1.3202  search_best=1.2941  validation_best=1.2604  EI=0.0155  rnum=78.4  len=17  syn_rate=0.18  mean=1.2072  worsen=74.00%  highvar=20.00%
                 search_train: vs_none=0.929 (+7.1%)  vs_oz=1.017 (-1.7%)  vs_o3=1.207 (-20.7%)
                 validation:   vs_none=0.885 (+11.5%)  vs_oz=1.000 (+0.0%)  vs_o3=1.262 (-26.2%)
GA search time: 11.66s, candidates: 276
  [iter  64/100] search_obj=1.2969  search_best=1.2941  validation_best=1.2604  EI=0.0160  rnum=76.7  len=43  syn_rate=0.55  mean=1.1852  worsen=73.00%  highvar=22.00%
                 search_train: vs_none=0.915 (+8.5%)  vs_oz=0.998 (+0.2%)  vs_o3=1.185 (-18.5%)
                 validation:   vs_none=0.877 (+12.3%)  vs_oz=1.010 (-1.0%)  vs_o3=1.308 (-30.8%)
GA search time: 10.89s, candidates: 275
  [iter  65/100] search_obj=1.3200  search_best=1.2941  validation_best=1.2604  EI=0.0206  rnum=75.1  len=21  syn_rate=0.19  mean=1.2032  worsen=77.00%  highvar=13.00%
                 search_train: vs_none=0.914 (+8.6%)  vs_oz=1.006 (-0.6%)  vs_o3=1.203 (-20.3%)
                 validation:   vs_none=0.867 (+13.3%)  vs_oz=0.981 (+1.9%)  vs_o3=1.243 (-24.3%)
GA search time: 12.53s, candidates: 273
  [iter  66/100] search_obj=1.2943  search_best=1.2941  validation_best=1.2604  EI=0.0149  rnum=73.4  len=40  syn_rate=0.58  mean=1.1981  worsen=63.00%  highvar=17.00%
                 search_train: vs_none=0.892 (+10.8%)  vs_oz=0.988 (+1.2%)  vs_o3=1.198 (-19.8%)
                 validation:   vs_none=0.900 (+10.0%)  vs_oz=1.020 (-2.0%)  vs_o3=1.289 (-28.9%)
GA search time: 13.03s, candidates: 271
  [iter  67/100] search_obj=1.3121  search_best=1.2941  validation_best=1.2604  EI=0.0166  rnum=71.8  len=19  syn_rate=0.21  mean=1.2010  worsen=73.00%  highvar=16.00%
                 search_train: vs_none=0.923 (+7.7%)  vs_oz=1.012 (-1.2%)  vs_o3=1.201 (-20.1%)
                 validation:   vs_none=0.885 (+11.5%)  vs_oz=0.997 (+0.3%)  vs_o3=1.254 (-25.4%)
GA search time: 9.61s, candidates: 270
  [iter  68/100] search_obj=1.3188  search_best=1.2941  validation_best=1.2604  EI=0.0176  rnum=70.3  len=48  syn_rate=0.32  mean=1.2128  worsen=69.00%  highvar=25.00%
                 search_train: vs_none=0.900 (+10.0%)  vs_oz=0.995 (+0.5%)  vs_o3=1.213 (-21.3%)
                 validation:   vs_none=0.879 (+12.1%)  vs_oz=1.014 (-1.4%)  vs_o3=1.316 (-31.6%)
GA search time: 12.40s, candidates: 268
  [iter  69/100] search_obj=1.4113  search_best=1.2941  validation_best=1.2604  EI=0.0178  rnum=68.7  len=22  syn_rate=0.24  mean=1.3023  worsen=71.00%  highvar=25.00%
                 search_train: vs_none=0.939 (+6.1%)  vs_oz=1.050 (-5.0%)  vs_o3=1.302 (-30.2%)
                 validation:   vs_none=0.943 (+5.7%)  vs_oz=1.106 (-10.6%)  vs_o3=1.470 (-47.0%)
GA search time: 12.41s, candidates: 267
  [iter  70/100] search_obj=1.2894  search_best=1.2894  validation_best=1.2604  EI=0.0179  rnum=67.2  len=45  syn_rate=0.55  mean=1.1816  worsen=71.00%  highvar=13.00%
                 search_train: vs_none=0.911 (+8.9%)  vs_oz=0.995 (+0.5%)  vs_o3=1.182 (-18.2%)
                 validation:   vs_none=0.889 (+11.1%)  vs_oz=1.022 (-2.2%)  vs_o3=1.318 (-31.8%)
GA search time: 12.63s, candidates: 265
  [iter  71/100] search_obj=1.3355  search_best=1.2894  validation_best=1.2604  EI=0.0162  rnum=65.7  len=44  syn_rate=0.39  mean=1.2294  worsen=69.00%  highvar=26.00%
                 search_train: vs_none=0.907 (+9.3%)  vs_oz=1.005 (-0.5%)  vs_o3=1.229 (-22.9%)
                 validation:   vs_none=0.883 (+11.7%)  vs_oz=1.021 (-2.1%)  vs_o3=1.331 (-33.1%)
GA search time: 11.49s, candidates: 264
  [iter  72/100] search_obj=1.3327  search_best=1.2894  validation_best=1.2604  EI=0.0147  rnum=64.2  len=75  syn_rate=0.51  mean=1.2223  worsen=72.00%  highvar=24.00%
                 search_train: vs_none=0.905 (+9.5%)  vs_oz=1.003 (-0.3%)  vs_o3=1.222 (-22.2%)
                 validation:   vs_none=0.879 (+12.1%)  vs_oz=1.012 (-1.2%)  vs_o3=1.308 (-30.8%)
GA search time: 11.06s, candidates: 262
  [iter  73/100] search_obj=1.3394  search_best=1.2894  validation_best=1.2604  EI=0.0133  rnum=62.7  len=36  syn_rate=0.41  mean=1.2287  worsen=72.00%  highvar=27.00%
                 search_train: vs_none=0.914 (+8.6%)  vs_oz=1.010 (-1.0%)  vs_o3=1.229 (-22.9%)
                 validation:   vs_none=0.882 (+11.8%)  vs_oz=1.018 (-1.8%)  vs_o3=1.323 (-32.3%)
GA search time: 12.15s, candidates: 261
  [iter  74/100] search_obj=1.3421  search_best=1.2894  validation_best=1.2604  EI=0.0145  rnum=61.3  len=72  syn_rate=0.80  mean=1.2295  worsen=73.00%  highvar=31.00%
                 search_train: vs_none=0.907 (+9.3%)  vs_oz=1.005 (-0.5%)  vs_o3=1.229 (-22.9%)
                 validation:   vs_none=0.882 (+11.8%)  vs_oz=1.008 (-0.8%)  vs_o3=1.291 (-29.1%)
GA search time: 14.09s, candidates: 259
  [iter  75/100] search_obj=1.3238  search_best=1.2894  validation_best=1.2604  EI=0.0154  rnum=59.8  len=47  syn_rate=0.61  mean=1.2122  worsen=73.00%  highvar=21.00%
                 search_train: vs_none=0.905 (+9.5%)  vs_oz=1.001 (-0.1%)  vs_o3=1.212 (-21.2%)
                 validation:   vs_none=0.902 (+9.8%)  vs_oz=1.021 (-2.1%)  vs_o3=1.290 (-29.0%)
GA search time: 12.86s, candidates: 258
  [iter  76/100] search_obj=1.3268  search_best=1.2894  validation_best=1.2604  EI=0.0145  rnum=58.4  len=40  syn_rate=0.54  mean=1.2029  worsen=81.00%  highvar=24.00%
                 search_train: vs_none=0.913 (+8.7%)  vs_oz=1.005 (-0.5%)  vs_o3=1.203 (-20.3%)
                 validation:   vs_none=0.885 (+11.5%)  vs_oz=1.008 (-0.8%)  vs_o3=1.281 (-28.1%)
GA search time: 15.15s, candidates: 257
  [iter  77/100] search_obj=1.3379  search_best=1.2894  validation_best=1.2604  EI=0.0158  rnum=57.0  len=44  syn_rate=0.20  mean=1.2328  worsen=69.00%  highvar=16.00%
                 search_train: vs_none=0.906 (+9.4%)  vs_oz=1.003 (-0.3%)  vs_o3=1.233 (-23.3%)
                 validation:   vs_none=0.888 (+11.2%)  vs_oz=1.010 (-1.0%)  vs_o3=1.290 (-29.0%)
GA search time: 10.45s, candidates: 255
  [iter  78/100] search_obj=1.3381  search_best=1.2894  validation_best=1.2604  EI=0.0131  rnum=55.7  len=71  syn_rate=0.60  mean=1.2232  worsen=75.00%  highvar=24.00%
                 search_train: vs_none=0.906 (+9.4%)  vs_oz=1.003 (-0.3%)  vs_o3=1.223 (-22.3%)
                 validation:   vs_none=0.892 (+10.8%)  vs_oz=1.025 (-2.5%)  vs_o3=1.320 (-32.0%)
GA search time: 11.39s, candidates: 254
  [iter  79/100] search_obj=1.3243  search_best=1.2894  validation_best=1.2604  EI=0.0144  rnum=54.3  len=43  syn_rate=0.58  mean=1.2175  worsen=69.00%  highvar=33.00%
                 search_train: vs_none=0.905 (+9.5%)  vs_oz=1.000 (+0.0%)  vs_o3=1.218 (-21.8%)
                 validation:   vs_none=0.880 (+12.0%)  vs_oz=1.015 (-1.5%)  vs_o3=1.317 (-31.7%)
GA search time: 11.58s, candidates: 253
  [iter  80/100] search_obj=1.3134  search_best=1.2894  validation_best=1.2604  EI=0.0128  rnum=53.0  len=57  syn_rate=0.48  mean=1.2098  worsen=68.00%  highvar=16.00%
                 search_train: vs_none=0.893 (+10.7%)  vs_oz=0.990 (+1.0%)  vs_o3=1.210 (-21.0%)
                 validation:   vs_none=0.878 (+12.2%)  vs_oz=1.012 (-1.2%)  vs_o3=1.310 (-31.0%)
GA search time: 10.43s, candidates: 251
  [iter  81/100] search_obj=1.3286  search_best=1.2894  validation_best=1.2604  EI=0.0135  rnum=51.7  len=73  syn_rate=0.60  mean=1.2224  worsen=69.00%  highvar=27.00%
                 search_train: vs_none=0.903 (+9.7%)  vs_oz=1.001 (-0.1%)  vs_o3=1.222 (-22.2%)
                 validation:   vs_none=0.890 (+11.0%)  vs_oz=1.024 (-2.4%)  vs_o3=1.323 (-32.3%)
GA search time: 13.13s, candidates: 250
  [iter  82/100] search_obj=1.3707  search_best=1.2894  validation_best=1.2604  EI=0.0144  rnum=50.5  len=60  syn_rate=0.59  mean=1.2596  worsen=72.00%  highvar=31.00%
                 search_train: vs_none=0.922 (+7.8%)  vs_oz=1.024 (-2.4%)  vs_o3=1.260 (-26.0%)
                 validation:   vs_none=0.897 (+10.3%)  vs_oz=1.045 (-4.5%)  vs_o3=1.377 (-37.7%)
GA search time: 11.75s, candidates: 249
  [iter  83/100] search_obj=1.3471  search_best=1.2894  validation_best=1.2604  EI=0.0146  rnum=49.2  len=45  syn_rate=0.42  mean=1.2351  worsen=73.00%  highvar=25.00%
                 search_train: vs_none=0.905 (+9.5%)  vs_oz=1.006 (-0.6%)  vs_o3=1.235 (-23.5%)
                 validation:   vs_none=0.907 (+9.3%)  vs_oz=1.053 (-5.3%)  vs_o3=1.378 (-37.8%)
GA search time: 10.20s, candidates: 247
  [iter  84/100] search_obj=1.3058  search_best=1.2894  validation_best=1.2604  EI=0.0158  rnum=48.0  len=46  syn_rate=0.55  mean=1.1917  worsen=75.00%  highvar=16.00%
                 search_train: vs_none=0.923 (+7.7%)  vs_oz=1.005 (-0.5%)  vs_o3=1.192 (-19.2%)
                 validation:   vs_none=0.879 (+12.1%)  vs_oz=1.012 (-1.2%)  vs_o3=1.309 (-30.9%)
GA search time: 10.20s, candidates: 246
  [iter  85/100] search_obj=1.3247  search_best=1.2894  validation_best=1.2604  EI=0.0141  rnum=46.8  len=48  syn_rate=0.40  mean=1.2163  worsen=70.00%  highvar=34.00%
                 search_train: vs_none=0.901 (+9.9%)  vs_oz=0.998 (+0.2%)  vs_o3=1.216 (-21.6%)
                 validation:   vs_none=0.871 (+12.9%)  vs_oz=1.004 (-0.4%)  vs_o3=1.300 (-30.0%)
GA search time: 10.55s, candidates: 245
  [iter  86/100] search_obj=1.3400  search_best=1.2894  validation_best=1.2604  EI=0.0148  rnum=45.6  len=26  syn_rate=0.25  mean=1.2304  worsen=72.00%  highvar=16.00%
                 search_train: vs_none=0.904 (+9.6%)  vs_oz=1.004 (-0.4%)  vs_o3=1.230 (-23.0%)
                 validation:   vs_none=0.896 (+10.4%)  vs_oz=1.002 (-0.2%)  vs_o3=1.246 (-24.6%)
GA search time: 11.60s, candidates: 244
  [iter  87/100] search_obj=1.3210  search_best=1.2894  validation_best=1.2604  EI=0.0153  rnum=44.4  len=19  syn_rate=0.28  mean=1.2131  worsen=70.00%  highvar=29.00%
                 search_train: vs_none=0.896 (+10.4%)  vs_oz=0.992 (+0.8%)  vs_o3=1.213 (-21.3%)
                 validation:   vs_none=0.878 (+12.2%)  vs_oz=0.986 (+1.4%)  vs_o3=1.241 (-24.1%)
GA search time: 11.23s, candidates: 243
  [iter  88/100] search_obj=1.3057  search_best=1.2894  validation_best=1.2604  EI=0.0144  rnum=43.3  len=47  syn_rate=0.58  mean=1.2014  worsen=68.00%  highvar=23.00%
                 search_train: vs_none=0.894 (+10.6%)  vs_oz=0.990 (+1.0%)  vs_o3=1.201 (-20.1%)
                 validation:   vs_none=0.898 (+10.2%)  vs_oz=1.017 (-1.7%)  vs_o3=1.288 (-28.8%)
GA search time: 9.18s, candidates: 242
  [iter  89/100] search_obj=1.3361  search_best=1.2894  validation_best=1.2604  EI=0.0122  rnum=42.2  len=43  syn_rate=0.34  mean=1.2348  worsen=66.00%  highvar=23.00%
                 search_train: vs_none=0.906 (+9.4%)  vs_oz=1.007 (-0.7%)  vs_o3=1.235 (-23.5%)
                 validation:   vs_none=0.887 (+11.3%)  vs_oz=1.025 (-2.5%)  vs_o3=1.332 (-33.2%)
GA search time: 12.45s, candidates: 241
  [iter  90/100] search_obj=1.3305  search_best=1.2894  validation_best=1.2604  EI=0.0145  rnum=41.1  len=70  syn_rate=0.41  mean=1.2233  worsen=70.00%  highvar=22.00%
                 search_train: vs_none=0.908 (+9.2%)  vs_oz=1.006 (-0.6%)  vs_o3=1.223 (-22.3%)
                 validation:   vs_none=0.875 (+12.5%)  vs_oz=1.008 (-0.8%)  vs_o3=1.303 (-30.3%)
GA search time: 11.21s, candidates: 239
  [iter  91/100] search_obj=1.3205  search_best=1.2894  validation_best=1.2604  EI=0.0137  rnum=40.0  len=44  syn_rate=0.52  mean=1.2028  worsen=77.00%  highvar=22.00%
                 search_train: vs_none=0.927 (+7.3%)  vs_oz=1.014 (-1.4%)  vs_o3=1.203 (-20.3%)
                 validation:   vs_none=0.894 (+10.6%)  vs_oz=1.027 (-2.7%)  vs_o3=1.325 (-32.5%)
GA search time: 12.57s, candidates: 238
  [iter  92/100] search_obj=1.3454  search_best=1.2894  validation_best=1.2604  EI=0.0137  rnum=38.9  len=33  syn_rate=0.19  mean=1.2156  worsen=85.00%  highvar=23.00%
                 search_train: vs_none=0.927 (+7.3%)  vs_oz=1.019 (-1.9%)  vs_o3=1.216 (-21.6%)
                 validation:   vs_none=0.884 (+11.6%)  vs_oz=0.998 (+0.2%)  vs_o3=1.261 (-26.1%)
GA search time: 15.69s, candidates: 237
  [iter  93/100] search_obj=1.3292  search_best=1.2894  validation_best=1.2604  EI=0.0128  rnum=37.9  len=51  syn_rate=0.52  mean=1.2231  worsen=69.00%  highvar=26.00%
                 search_train: vs_none=0.905 (+9.5%)  vs_oz=1.002 (-0.2%)  vs_o3=1.223 (-22.3%)
                 validation:   vs_none=0.892 (+10.8%)  vs_oz=1.029 (-2.9%)  vs_o3=1.334 (-33.4%)
GA search time: 14.24s, candidates: 236
  [iter  94/100] search_obj=1.3360  search_best=1.2894  validation_best=1.2604  EI=0.0134  rnum=36.9  len=120  syn_rate=0.64  mean=1.2205  worsen=75.00%  highvar=30.00%
                 search_train: vs_none=0.902 (+9.8%)  vs_oz=1.000 (+0.0%)  vs_o3=1.220 (-22.0%)
                 validation:   vs_none=0.883 (+11.7%)  vs_oz=1.017 (-1.7%)  vs_o3=1.316 (-31.6%)
GA search time: 13.38s, candidates: 235
  [iter  95/100] search_obj=1.3377  search_best=1.2894  validation_best=1.2604  EI=0.0124  rnum=35.9  len=43  syn_rate=0.53  mean=1.2227  worsen=75.00%  highvar=25.00%
                 search_train: vs_none=0.915 (+8.5%)  vs_oz=1.011 (-1.1%)  vs_o3=1.223 (-22.3%)
                 validation:   vs_none=0.896 (+10.4%)  vs_oz=1.016 (-1.6%)  vs_o3=1.286 (-28.6%)
GA search time: 11.15s, candidates: 234
  [iter  96/100] search_obj=1.3536  search_best=1.2894  validation_best=1.2604  EI=0.0131  rnum=34.9  len=17  syn_rate=0.23  mean=1.2412  worsen=73.00%  highvar=29.00%
                 search_train: vs_none=0.912 (+8.8%)  vs_oz=1.012 (-1.2%)  vs_o3=1.241 (-24.1%)
                 validation:   vs_none=0.867 (+13.3%)  vs_oz=0.995 (+0.5%)  vs_o3=1.284 (-28.4%)
GA search time: 13.91s, candidates: 233
  [iter  97/100] search_obj=1.3472  search_best=1.2894  validation_best=1.2604  EI=0.0122  rnum=33.9  len=96  syn_rate=0.55  mean=1.2294  worsen=77.00%  highvar=23.00%
                 search_train: vs_none=0.928 (+7.2%)  vs_oz=1.025 (-2.5%)  vs_o3=1.229 (-22.9%)
                 validation:   vs_none=0.890 (+11.0%)  vs_oz=1.023 (-2.3%)  vs_o3=1.318 (-31.8%)
GA search time: 11.24s, candidates: 233
  [iter  98/100] search_obj=1.3377  search_best=1.2894  validation_best=1.2604  EI=0.0120  rnum=33.0  len=47  syn_rate=0.35  mean=1.2317  worsen=69.00%  highvar=25.00%
                 search_train: vs_none=0.904 (+9.6%)  vs_oz=1.004 (-0.4%)  vs_o3=1.232 (-23.2%)
                 validation:   vs_none=0.888 (+11.2%)  vs_oz=1.026 (-2.6%)  vs_o3=1.333 (-33.3%)
GA search time: 11.41s, candidates: 232
  [iter  99/100] search_obj=1.3160  search_best=1.2894  validation_best=1.2604  EI=0.0134  rnum=32.1  len=51  syn_rate=0.56  mean=1.2049  worsen=72.00%  highvar=31.00%
                 search_train: vs_none=0.897 (+10.3%)  vs_oz=0.994 (+0.6%)  vs_o3=1.205 (-20.5%)
                 validation:   vs_none=0.889 (+11.1%)  vs_oz=1.009 (-0.9%)  vs_o3=1.276 (-27.6%)
GA search time: 9.00s, candidates: 231
  [iter 100/100] search_obj=1.3269  search_best=1.2894  validation_best=1.2604  EI=0.0127  rnum=31.2  len=48  syn_rate=0.56  mean=1.2256  worsen=66.00%  highvar=23.00%
                 search_train: vs_none=0.897 (+10.3%)  vs_oz=0.997 (+0.3%)  vs_o3=1.226 (-22.6%)
                 validation:   vs_none=0.873 (+12.7%)  vs_oz=1.001 (-0.1%)  vs_o3=1.288 (-28.8%)

[Step 5] 按 validation 选择最终通用序列...
  选择结果:
    search_train_obj=1.2973, search_train_mean=1.2012, search_train_worsen=62.00%, search_train_highvar=31.00%
    search_train: vs_none=0.877 (+12.3%)  vs_oz=0.974 (+2.6%)  vs_o3=1.201 (-20.1%)
    validation_obj=1.2604, validation_mean=1.1690, validation_worsen=58.00%, validation_highvar=44.00%
    validation:   vs_none=0.773 (+22.7%)  vs_oz=0.893 (+10.7%)  vs_o3=1.169 (-16.9%)

[Step 6] 在 validation 上执行消融后处理...

[Ablation-validation] 初始序列长度: 8, objective: 1.2604, mean_norm: 1.1690, worsen_rate: 58.00%
  移除 [7] function(dse): objective 1.3755 > 1.2604 (恢复)
  移除 [6] function(mem2reg): objective 1.3849 > 1.2604 (恢复)
  移除 [5] module(scc-oz-module-inliner): objective 1.5755 > 1.2604 (恢复)
  移除 [4] module(elim-avail-extern): objective 1.3760 > 1.2604 (恢复)
  移除 [3] function(gvn-sink): objective 1.3793 > 1.2604 (恢复)
  移除 [2] module(globalopt): objective 1.3754 > 1.2604 (恢复)
  移除 [1] module(iroutliner): objective 1.3784 > 1.2604 (恢复)
  移除 [0] module(attributor): objective 1.4005 > 1.2604 (恢复)
[Ablation-validation] 最终序列长度: 8, objective: 1.2604, mean_norm: 1.1690, worsen_rate: 58.00%, 移除了 0 个 pass
  消融有效: 8 → 8 passes, validation_objective: 1.2604 → 1.2604

最终通用 pass 序列（8 个 pass, syn_rate=0.12）:
  module(attributor) → module(iroutliner) → module(globalopt) → function(gvn-sink) → module(elim-avail-extern) → module(scc-oz-module-inliner) → function(mem2reg) → function(dse)
  search_train_obj=1.2973, search_train_mean=1.2012, search_train_worsen=62.00%, search_train_highvar=31.00%
  search_train: vs_none=0.877 (+12.3%)  vs_oz=0.974 (+2.6%)  vs_o3=1.201 (-20.1%)
  validation_obj=1.2604, validation_mean=1.1690, validation_worsen=58.00%, validation_highvar=44.00%
  validation:   vs_none=0.773 (+22.7%)  vs_oz=0.893 (+10.7%)  vs_o3=1.169 (-16.9%)
  test_obj=1.3441, test_mean=1.2307, test_worsen=74.00%, test_highvar=24.00%
  test:         vs_none=0.901 (+9.9%)  vs_oz=1.001 (-0.1%)  vs_o3=1.231 (-23.1%)

Top-5 最佳序列（按 validation 多目标 objective 升序）:
  #1: validation_obj=1.2604, validation_mean=1.1690, validation_worsen=58.00%, validation_highvar=44.00%, train_obj=1.2973, train_mean=1.2012, train_highvar=31.00%, len=8, syn_rate=0.12, test_obj=1.3441, test_mean=1.2307, test_worsen=74.00%, test_highvar=24.00%
     module(attributor) → module(iroutliner) → module(globalopt) → function(gvn-sink) → module(elim-avail-extern) → module(scc-oz-module-inliner) → function(mem2reg) → function(dse)
  #2: validation_obj=1.3467, validation_mean=1.2407, validation_worsen=69.00%, validation_highvar=25.00%, train_obj=1.3210, train_mean=1.2131, train_highvar=29.00%, len=19, syn_rate=0.28, test_obj=1.2943, test_mean=1.1907, test_worsen=68.00%, test_highvar=16.00%
     function(dce) → module(iroutliner) → module(inferattrs) → cgscc(attributor-cgscc) → function(reassociate) → function(memcpyopt) → function(gvn-hoist) → function(dce) → function(newgvn) → module(attributor) → cgscc(attributor-cgscc) → function(reassociate) → function(gvn-sink) → function(reassociate) → module(iroutliner) → cgscc(attributor-cgscc) → function(gvn-hoist) → module(iroutliner) → module(scc-oz-module-inliner)
  #3: validation_obj=1.3477, validation_mean=1.2434, validation_worsen=68.00%, validation_highvar=23.00%, train_obj=1.3200, train_mean=1.2032, train_highvar=13.00%, len=21, syn_rate=0.19, test_obj=1.2950, test_mean=1.1782, test_worsen=76.00%, test_highvar=28.00%
     function(dce) → module(iroutliner) → cgscc(attributor-cgscc) → function(reassociate) → function(memcpyopt) → function(gvn-hoist) → function(dce) → module(iroutliner) → function(dce) → module(iroutliner) → module(iroutliner) → cgscc(attributor-cgscc) → function(reassociate) → function(gvn-sink) → function(reassociate) → module(iroutliner) → cgscc(attributor-cgscc) → function(gvn-hoist) → function(dce) → module(attributor) → module(scc-oz-module-inliner)
  #4: validation_obj=1.3482, validation_mean=1.2336, validation_worsen=74.00%, validation_highvar=36.00%, train_obj=1.3063, train_mean=1.1975, train_highvar=23.00%, len=17, syn_rate=0.22, test_obj=1.3035, test_mean=1.1895, test_worsen=74.00%, test_highvar=30.00%
     function(dce) → module(iroutliner) → cgscc(attributor-cgscc) → function(reassociate) → function(memcpyopt) → function(gvn-hoist) → function(dce) → module(iroutliner) → cgscc(attributor-cgscc) → function(reassociate) → function(newgvn) → function(reassociate) → module(iroutliner) → cgscc(attributor-cgscc) → function(gvn-hoist) → module(attributor) → module(scc-oz-module-inliner)
  #5: validation_obj=1.3566, validation_mean=1.2459, validation_worsen=72.00%, validation_highvar=27.00%, train_obj=1.3305, train_mean=1.2234, train_highvar=36.00%, len=12, syn_rate=0.20, test_obj=1.3235, test_mean=1.2241, test_worsen=64.00%, test_highvar=34.00%
     module(attributor) → function(mem2reg) → module(elim-avail-extern) → module(globalopt) → module(attributor) → module(scc-oz-module-inliner) → module(attributor) → function(mem2reg) → module(iroutliner) → function(gvn-hoist) → function(dce) → function(newgvn)

============================================================
所有轮次中最优 validation objective: 1.2604
最优通用 pass 序列 (8 passes):
  module(attributor) → module(iroutliner) → module(globalopt) → function(gvn-sink) → module(elim-avail-extern) → module(scc-oz-module-inliner) → function(mem2reg) → function(dse)
  search_train_obj=1.2973, search_train_mean=1.2012, search_train_worsen=62.00%, search_train_highvar=31.00%
  search_train: vs_none=0.877 (+12.3%)  vs_oz=0.974 (+2.6%)  vs_o3=1.201 (-20.1%)
  validation_obj=1.2604, validation_mean=1.1690, validation_worsen=58.00%, validation_highvar=44.00%
  validation:   vs_none=0.773 (+22.7%)  vs_oz=0.893 (+10.7%)  vs_o3=1.169 (-16.9%)
  test_obj=1.3441, test_mean=1.2307, test_worsen=74.00%, test_highvar=24.00%
  test:         vs_none=0.901 (+9.9%)  vs_oz=1.001 (-0.1%)  vs_o3=1.231 (-23.1%)
固定参考基线（相对 []）:
  search_train: []=1.000 (+0.0%)  -Oz=0.900 (+10.0%)  -O3=0.813 (+18.7%)
  validation: []=1.000 (+0.0%)  -Oz=0.870 (+13.0%)  -O3=0.765 (+23.5%)
  test: []=1.000 (+0.0%)  -Oz=0.897 (+10.3%)  -O3=0.807 (+19.3%)
结果已写入: /root/exp/RFunipassLab/results/runtime/summaries/20260414_151923_015709_runtime_baseline.json
总运行时间: 26747.88 秒
