# run_id: 20260504_024750_857326_feature_lite_seed464
# name: feature_lite
# group: feature_ablation
# description: 切换到 Lite 特征编码，保留其余搜索流程不变。
# changed: FEATURE_MODE=lite, GA_GEN=5, GA_POP=200, ITERS=100, MAX_SEQ_LEN=120, MIN_VAL_PROGRAMS=5, SEED_TOPK=0, TEST_TOPK=50, TRAIN_TOPK=200, VAL_RATIO=0.5
# result_json: /root/exp/RFunipassLab/results/instrcount/summaries/20260504_024750_857326_feature_lite_seed464.json
# started_at: 2026-05-04T02:47:50
# control_env:
#   BACKEND_OPT_LEVEL=-O0
#   BINARY_SIZE_METRIC=stripped_file_bytes
#   BINARY_SIZE_REPORT_METRICS=text_bytes,data_bytes,bss_bytes,dec_bytes
#   DECAY=0.5
#   EXPERIMENT_SEED=464
#   FEATURE_MODE=lite
#   GA_ELITE=0.1
#   GA_GEN=5
#   GA_MUT=0.8
#   GA_POP=200
#   GA_TOUR=3
#   ITERS=100
#   LOOP_NESTING_POLICY=wrap
#   MAX_SEQ_LEN=120
#   MIN_VAL_PROGRAMS=100
#   OBJECTIVE_BASELINE=oz
#   OBJECTIVE_KIND=instrcount
#   OBJ_HIGHVAR_W=0.0
#   OBJ_WORSEN_W=0.15
#   OFFSET=20
#   PROGRAM_POOL_KIND=tuning
#   RNUM=256
#   RUNS=1
#   RUNTIME_EVAL_MAX_VARIANCE_PCT=15.0
#   RUNTIME_MAX_INNER_REPEATS=64
#   RUNTIME_MAX_VARIANCE_PCT=10.0
#   RUNTIME_REQUIRED_ROWS=0
#   RUNTIME_SAMPLES=5
#   RUNTIME_TARGET_SAMPLE_MS=30.0
#   RUNTIME_TIMEOUT_SEC=2.0
#   SCALE=10
#   SEED_TOPK=0
#   SPLIT_SEED=464
#   TEST_TOPK=999999
#   TRAIN_TOPK=300
#   VAL_RATIO=0.3333333333333333

Loading train/test rows from: /root/exp/RFunipassLab/data/tuning_results.csv
Loaded train programs:       300
Loaded initial seed seqs:    109
Loaded test programs:        4717
Objective kind:              instrcount
Program pool kind:           tuning

Loading synergy graph from: /root/exp/RFunipassLab/data/Step3_EnumeratedPairs.csv
All passes (19): ['module(attributor)', 'module(scc-oz-module-inliner)', 'module(globalopt)', 'module(elim-avail-extern)', 'function(mem2reg)', 'function(newgvn)', 'function(reassociate)', 'module(iroutliner)', 'function(jump-threading)', 'cgscc(attributor-cgscc)', 'function(dce)', 'function(gvn-sink)', 'function(instsimplify)', 'function(dse)', 'function(memcpyopt)', 'function(gvn-hoist)', 'module(inferattrs)', 'loop(loop-simplifycfg)', 'function(lower-switch)']
Synergy edges: 176
Self-loop passes: {'function(newgvn)', 'module(attributor)', 'cgscc(attributor-cgscc)'}

============================================================
实验轮次 1 / 1
============================================================
============================================================
目标类型:      instrcount
目标基准:      -Oz
基准指标:      -Oz 基准指令数
优化指标:      归一化指令数
输入程序数:    300
输入次优序列数: 109
测试程序数:    4717
Pass 词表大小: 19
协同边数:      176
自环 pass 数:  3
序列长度上限:  120
Loop 合法化策略: wrap
实验种子:      464
划分种子:      464
特征模式:      lite
RF 特征维度:   31
词表: ['module(attributor)', 'module(scc-oz-module-inliner)', 'module(globalopt)', 'module(elim-avail-extern)', 'function(mem2reg)', 'function(newgvn)', 'function(reassociate)', 'module(iroutliner)', 'function(jump-threading)', 'cgscc(attributor-cgscc)', 'function(dce)', 'function(gvn-sink)', 'function(instsimplify)', 'function(dse)', 'function(memcpyopt)', 'function(gvn-hoist)', 'module(inferattrs)', 'loop(loop-simplifycfg)', 'function(lower-switch)']
多目标权重:    mean=1.0, worsen=0.15, highvar=0.0

[Step 1.5] 训练程序切分...
  search_train 程序数: 200
  validation 程序数:   100
  split_signature(search_train): b56b3d53ad15f335e96c38f94937251e2da843bb
  split_signature(validation):   14dc3831ba2cb0c0a17fc97bbe9c2bbd8096bb16
  split_signature(test):         304690f415705e15a56c09082588f89f182fdbc6

[Step 2] 计算 search_train 程序 -Oz 基准指令数...
[Step 2b] 计算 validation 程序 -Oz 基准指令数...
[Step 2c] 计算测试集程序 -Oz 基准指令数...

[Step 3] 评估初始 seed 序列（共 109 条）...

[Step 4] 开始贝叶斯优化（100 轮）...
GA search time: 8.69s, candidates: 319
  [iter   1/100] search_obj=1.1904  search_best=0.7867  validation_best=0.8215  EI=0.0244  rnum=119.6  len=55  syn_rate=0.64  mean=1.0974  worsen=62.00%  highvar=0.00%
GA search time: 7.80s, candidates: 317
  [iter   2/100] search_obj=0.8699  search_best=0.7867  validation_best=0.8215  EI=0.0164  rnum=117.5  len=119  syn_rate=0.95  mean=0.8482  worsen=14.50%  highvar=0.00%
GA search time: 8.88s, candidates: 315
  [iter   3/100] search_obj=0.9534  search_best=0.7867  validation_best=0.8215  EI=0.0150  rnum=115.5  len=120  syn_rate=0.83  mean=0.9324  worsen=14.00%  highvar=0.00%
GA search time: 3.81s, candidates: 313
  [iter   4/100] search_obj=0.8367  search_best=0.7867  validation_best=0.8215  EI=0.0126  rnum=113.5  len=43  syn_rate=0.38  mean=0.7857  worsen=34.00%  highvar=0.00%
GA search time: 2.96s, candidates: 311
  [iter   5/100] search_obj=0.7564  search_best=0.7564  validation_best=0.7876  EI=0.0129  rnum=111.5  len=25  syn_rate=0.51  mean=0.7354  worsen=14.00%  highvar=0.00%
GA search time: 6.39s, candidates: 309
  [iter   6/100] search_obj=0.7128  search_best=0.7128  validation_best=0.7568  EI=0.0147  rnum=109.5  len=37  syn_rate=0.61  mean=0.7008  worsen=8.00%  highvar=0.00%
GA search time: 8.47s, candidates: 307
  [iter   7/100] search_obj=0.7777  search_best=0.7128  validation_best=0.7568  EI=0.0183  rnum=107.6  len=39  syn_rate=0.68  mean=0.7634  worsen=9.50%  highvar=0.00%
GA search time: 7.76s, candidates: 305
  [iter   8/100] search_obj=1.0360  search_best=0.7128  validation_best=0.7568  EI=0.0179  rnum=105.6  len=37  syn_rate=0.58  mean=0.9602  worsen=50.50%  highvar=0.00%
GA search time: 9.93s, candidates: 303
  [iter   9/100] search_obj=0.7767  search_best=0.7128  validation_best=0.7568  EI=0.0210  rnum=103.7  len=53  syn_rate=0.70  mean=0.7625  worsen=9.50%  highvar=0.00%
GA search time: 10.50s, candidates: 301
  [iter  10/100] search_obj=0.7245  search_best=0.7128  validation_best=0.7554  EI=0.0187  rnum=101.7  len=37  syn_rate=0.59  mean=0.7133  worsen=7.50%  highvar=0.00%
GA search time: 8.01s, candidates: 299
  [iter  11/100] search_obj=0.8602  search_best=0.7128  validation_best=0.7554  EI=0.0191  rnum=99.8  len=32  syn_rate=0.54  mean=0.8437  worsen=11.00%  highvar=0.00%
GA search time: 9.58s, candidates: 297
  [iter  12/100] search_obj=0.7245  search_best=0.7128  validation_best=0.7554  EI=0.0189  rnum=97.9  len=61  syn_rate=0.61  mean=0.7133  worsen=7.50%  highvar=0.00%
GA search time: 11.70s, candidates: 296
  [iter  13/100] search_obj=1.0601  search_best=0.7128  validation_best=0.7554  EI=0.0160  rnum=96.1  len=87  syn_rate=0.57  mean=0.9664  worsen=62.50%  highvar=0.00%
GA search time: 9.47s, candidates: 294
  [iter  14/100] search_obj=0.7245  search_best=0.7128  validation_best=0.7554  EI=0.0202  rnum=94.2  len=66  syn_rate=0.61  mean=0.7133  worsen=7.50%  highvar=0.00%
GA search time: 15.09s, candidates: 292
  [iter  15/100] search_obj=1.0457  search_best=0.7128  validation_best=0.7554  EI=0.0225  rnum=92.4  len=75  syn_rate=0.62  mean=1.0142  worsen=21.00%  highvar=0.00%
GA search time: 10.00s, candidates: 290
  [iter  16/100] search_obj=1.1481  search_best=0.7128  validation_best=0.7554  EI=0.0205  rnum=90.5  len=76  syn_rate=0.64  mean=1.0356  worsen=75.00%  highvar=0.00%
GA search time: 7.37s, candidates: 288
  [iter  17/100] search_obj=1.1410  search_best=0.7128  validation_best=0.7554  EI=0.0262  rnum=88.7  len=68  syn_rate=0.51  mean=1.0322  worsen=72.50%  highvar=0.00%
GA search time: 6.31s, candidates: 286
  [iter  18/100] search_obj=0.7245  search_best=0.7128  validation_best=0.7554  EI=0.0225  rnum=87.0  len=62  syn_rate=0.61  mean=0.7133  worsen=7.50%  highvar=0.00%
GA search time: 6.42s, candidates: 285
  [iter  19/100] search_obj=0.7435  search_best=0.7128  validation_best=0.7554  EI=0.0261  rnum=85.2  len=62  syn_rate=0.61  mean=0.7225  worsen=14.00%  highvar=0.00%
GA search time: 6.88s, candidates: 283
  [iter  20/100] search_obj=0.9223  search_best=0.7128  validation_best=0.7554  EI=0.0278  rnum=83.5  len=64  syn_rate=0.61  mean=0.8975  worsen=16.50%  highvar=0.00%
GA search time: 5.32s, candidates: 281
  [iter  21/100] search_obj=1.0587  search_best=0.7128  validation_best=0.7554  EI=0.0240  rnum=81.7  len=59  syn_rate=0.41  mean=0.9650  worsen=62.50%  highvar=0.00%
GA search time: 6.92s, candidates: 280
  [iter  22/100] search_obj=0.7428  search_best=0.7128  validation_best=0.7554  EI=0.0215  rnum=80.0  len=53  syn_rate=0.61  mean=0.7225  worsen=13.50%  highvar=0.00%
GA search time: 5.89s, candidates: 278
  [iter  23/100] search_obj=0.7135  search_best=0.7128  validation_best=0.7333  EI=0.0252  rnum=78.4  len=66  syn_rate=0.61  mean=0.7030  worsen=7.00%  highvar=0.00%
GA search time: 7.23s, candidates: 276
  [iter  24/100] search_obj=0.7244  search_best=0.7128  validation_best=0.7333  EI=0.0240  rnum=76.7  len=67  syn_rate=0.61  mean=0.7132  worsen=7.50%  highvar=0.00%
GA search time: 6.70s, candidates: 275
  [iter  25/100] search_obj=0.7244  search_best=0.7128  validation_best=0.7333  EI=0.0222  rnum=75.1  len=67  syn_rate=0.61  mean=0.7132  worsen=7.50%  highvar=0.00%
GA search time: 5.50s, candidates: 273
  [iter  26/100] search_obj=0.7277  search_best=0.7128  validation_best=0.7333  EI=0.0247  rnum=73.4  len=67  syn_rate=0.75  mean=0.7142  worsen=9.00%  highvar=0.00%
GA search time: 5.99s, candidates: 271
  [iter  27/100] search_obj=0.7236  search_best=0.7128  validation_best=0.7333  EI=0.0255  rnum=71.8  len=59  syn_rate=0.69  mean=0.7049  worsen=12.50%  highvar=0.00%
GA search time: 6.93s, candidates: 270
  [iter  28/100] search_obj=0.7455  search_best=0.7128  validation_best=0.7333  EI=0.0237  rnum=70.3  len=59  syn_rate=0.73  mean=0.7290  worsen=11.00%  highvar=0.00%
GA search time: 8.19s, candidates: 268
  [iter  29/100] search_obj=0.9294  search_best=0.7128  validation_best=0.7333  EI=0.0232  rnum=68.7  len=53  syn_rate=0.66  mean=0.9122  worsen=11.50%  highvar=0.00%
GA search time: 7.70s, candidates: 267
  [iter  30/100] search_obj=0.8857  search_best=0.7128  validation_best=0.7333  EI=0.0256  rnum=67.2  len=65  syn_rate=0.67  mean=0.8535  worsen=21.50%  highvar=0.00%
GA search time: 5.47s, candidates: 265
  [iter  31/100] search_obj=0.7199  search_best=0.7128  validation_best=0.7333  EI=0.0238  rnum=65.7  len=65  syn_rate=0.60  mean=0.7079  worsen=8.00%  highvar=0.00%
GA search time: 6.84s, candidates: 264
  [iter  32/100] search_obj=1.1545  search_best=0.7128  validation_best=0.7333  EI=0.0221  rnum=64.2  len=61  syn_rate=0.38  mean=1.0405  worsen=76.00%  highvar=0.00%
GA search time: 7.79s, candidates: 262
  [iter  33/100] search_obj=0.7244  search_best=0.7128  validation_best=0.7333  EI=0.0262  rnum=62.7  len=68  syn_rate=0.61  mean=0.7132  worsen=7.50%  highvar=0.00%
GA search time: 8.29s, candidates: 261
  [iter  34/100] search_obj=0.7464  search_best=0.7128  validation_best=0.7333  EI=0.0241  rnum=61.3  len=68  syn_rate=0.62  mean=0.7292  worsen=11.50%  highvar=0.00%
GA search time: 11.42s, candidates: 259
  [iter  35/100] search_obj=0.7230  search_best=0.7128  validation_best=0.7333  EI=0.0246  rnum=59.8  len=70  syn_rate=0.61  mean=0.7027  worsen=13.50%  highvar=0.00%
GA search time: 9.80s, candidates: 258
  [iter  36/100] search_obj=0.7245  search_best=0.7128  validation_best=0.7333  EI=0.0226  rnum=58.4  len=65  syn_rate=0.61  mean=0.7133  worsen=7.50%  highvar=0.00%
GA search time: 9.67s, candidates: 257
  [iter  37/100] search_obj=0.7277  search_best=0.7128  validation_best=0.7333  EI=0.0277  rnum=57.0  len=68  syn_rate=0.75  mean=0.7142  worsen=9.00%  highvar=0.00%
GA search time: 10.87s, candidates: 255
  [iter  38/100] search_obj=0.9625  search_best=0.7128  validation_best=0.7333  EI=0.0264  rnum=55.7  len=68  syn_rate=0.82  mean=0.9408  worsen=14.50%  highvar=0.00%
GA search time: 8.59s, candidates: 254
  [iter  39/100] search_obj=0.7277  search_best=0.7128  validation_best=0.7333  EI=0.0241  rnum=54.3  len=70  syn_rate=0.75  mean=0.7142  worsen=9.00%  highvar=0.00%
GA search time: 8.24s, candidates: 253
  [iter  40/100] search_obj=0.9522  search_best=0.7128  validation_best=0.7333  EI=0.0247  rnum=53.0  len=72  syn_rate=0.61  mean=0.9132  worsen=26.00%  highvar=0.00%
GA search time: 6.84s, candidates: 251
  [iter  41/100] search_obj=0.7435  search_best=0.7128  validation_best=0.7333  EI=0.0234  rnum=51.7  len=61  syn_rate=0.61  mean=0.7225  worsen=14.00%  highvar=0.00%
GA search time: 6.17s, candidates: 250
  [iter  42/100] search_obj=0.7454  search_best=0.7128  validation_best=0.7333  EI=0.0223  rnum=50.5  len=68  syn_rate=0.73  mean=0.7289  worsen=11.00%  highvar=0.00%
GA search time: 6.16s, candidates: 249
  [iter  43/100] search_obj=0.7185  search_best=0.7128  validation_best=0.7333  EI=0.0209  rnum=49.2  len=54  syn_rate=0.59  mean=0.7072  worsen=7.50%  highvar=0.00%
GA search time: 5.73s, candidates: 247
  [iter  44/100] search_obj=0.9576  search_best=0.7128  validation_best=0.7333  EI=0.0237  rnum=48.0  len=67  syn_rate=0.69  mean=0.9403  worsen=11.50%  highvar=0.00%
GA search time: 5.91s, candidates: 246
  [iter  45/100] search_obj=0.7243  search_best=0.7128  validation_best=0.7333  EI=0.0222  rnum=46.8  len=68  syn_rate=0.61  mean=0.7131  worsen=7.50%  highvar=0.00%
GA search time: 6.64s, candidates: 245
  [iter  46/100] search_obj=0.7371  search_best=0.7128  validation_best=0.7333  EI=0.0188  rnum=45.6  len=63  syn_rate=0.70  mean=0.7236  worsen=9.00%  highvar=0.00%
GA search time: 5.68s, candidates: 244
  [iter  47/100] search_obj=0.7245  search_best=0.7128  validation_best=0.7333  EI=0.0197  rnum=44.4  len=43  syn_rate=0.59  mean=0.7133  worsen=7.50%  highvar=0.00%
GA search time: 6.25s, candidates: 243
  [iter  48/100] search_obj=1.0227  search_best=0.7128  validation_best=0.7333  EI=0.0195  rnum=43.3  len=44  syn_rate=0.59  mean=0.9364  worsen=57.50%  highvar=0.00%
GA search time: 6.12s, candidates: 242
  [iter  49/100] search_obj=0.7135  search_best=0.7128  validation_best=0.7333  EI=0.0221  rnum=42.2  len=71  syn_rate=0.68  mean=0.7030  worsen=7.00%  highvar=0.00%
GA search time: 5.14s, candidates: 241
  [iter  50/100] search_obj=0.9597  search_best=0.7128  validation_best=0.7333  EI=0.0210  rnum=41.1  len=57  syn_rate=0.66  mean=0.9402  worsen=13.00%  highvar=0.00%
GA search time: 5.92s, candidates: 239
  [iter  51/100] search_obj=0.7244  search_best=0.7128  validation_best=0.7333  EI=0.0221  rnum=40.0  len=69  syn_rate=0.68  mean=0.7132  worsen=7.50%  highvar=0.00%
GA search time: 6.34s, candidates: 238
  [iter  52/100] search_obj=0.9235  search_best=0.7128  validation_best=0.7333  EI=0.0228  rnum=38.9  len=70  syn_rate=0.66  mean=0.8973  worsen=17.50%  highvar=0.00%
GA search time: 5.22s, candidates: 237
  [iter  53/100] search_obj=0.6927  search_best=0.6927  validation_best=0.7206  EI=0.0196  rnum=37.9  len=58  syn_rate=0.65  mean=0.6822  worsen=7.00%  highvar=0.00%
GA search time: 4.73s, candidates: 236
  [iter  54/100] search_obj=1.0655  search_best=0.6927  validation_best=0.7206  EI=0.0157  rnum=36.9  len=59  syn_rate=0.65  mean=0.9815  worsen=56.00%  highvar=0.00%
GA search time: 5.55s, candidates: 235
  [iter  55/100] search_obj=0.9421  search_best=0.6927  validation_best=0.7206  EI=0.0208  rnum=35.9  len=49  syn_rate=0.60  mean=0.8851  worsen=38.00%  highvar=0.00%
GA search time: 6.89s, candidates: 234
  [iter  56/100] search_obj=0.7245  search_best=0.6927  validation_best=0.7206  EI=0.0215  rnum=34.9  len=61  syn_rate=0.60  mean=0.7133  worsen=7.50%  highvar=0.00%
GA search time: 5.81s, candidates: 233
  [iter  57/100] search_obj=1.1797  search_best=0.6927  validation_best=0.7206  EI=0.0197  rnum=33.9  len=51  syn_rate=0.60  mean=1.0829  worsen=64.50%  highvar=0.00%
GA search time: 5.69s, candidates: 233
  [iter  58/100] search_obj=0.9527  search_best=0.6927  validation_best=0.7206  EI=0.0178  rnum=33.0  len=53  syn_rate=0.67  mean=0.9197  worsen=22.00%  highvar=0.00%
GA search time: 5.91s, candidates: 232
  [iter  59/100] search_obj=1.1169  search_best=0.6927  validation_best=0.7206  EI=0.0176  rnum=32.1  len=62  syn_rate=0.64  mean=1.0336  worsen=55.50%  highvar=0.00%
GA search time: 6.06s, candidates: 231
  [iter  60/100] search_obj=0.7245  search_best=0.6927  validation_best=0.7206  EI=0.0159  rnum=31.2  len=55  syn_rate=0.61  mean=0.7133  worsen=7.50%  highvar=0.00%
GA search time: 7.31s, candidates: 230
  [iter  61/100] search_obj=0.9307  search_best=0.6927  validation_best=0.7206  EI=0.0202  rnum=30.3  len=52  syn_rate=0.61  mean=0.9060  worsen=16.50%  highvar=0.00%
GA search time: 5.22s, candidates: 229
  [iter  62/100] search_obj=0.7481  search_best=0.6927  validation_best=0.7206  EI=0.0153  rnum=29.5  len=73  syn_rate=0.76  mean=0.7248  worsen=15.50%  highvar=0.00%
GA search time: 5.90s, candidates: 228
  [iter  63/100] search_obj=0.7244  search_best=0.6927  validation_best=0.7206  EI=0.0172  rnum=28.6  len=59  syn_rate=0.59  mean=0.7132  worsen=7.50%  highvar=0.00%
GA search time: 5.93s, candidates: 227
  [iter  64/100] search_obj=0.7792  search_best=0.6927  validation_best=0.7206  EI=0.0152  rnum=27.8  len=73  syn_rate=0.73  mean=0.7394  worsen=26.50%  highvar=0.00%
GA search time: 7.07s, candidates: 226
  [iter  65/100] search_obj=0.7313  search_best=0.6927  validation_best=0.7206  EI=0.0151  rnum=27.0  len=57  syn_rate=0.62  mean=0.7216  worsen=6.50%  highvar=0.00%
GA search time: 6.14s, candidates: 226
  [iter  66/100] search_obj=0.8583  search_best=0.6927  validation_best=0.7206  EI=0.0148  rnum=26.2  len=54  syn_rate=0.60  mean=0.8418  worsen=11.00%  highvar=0.00%
GA search time: 5.71s, candidates: 225
  [iter  67/100] search_obj=0.7575  search_best=0.6927  validation_best=0.7206  EI=0.0178  rnum=25.4  len=58  syn_rate=0.59  mean=0.7170  worsen=27.00%  highvar=0.00%
GA search time: 7.34s, candidates: 224
  [iter  68/100] search_obj=0.9718  search_best=0.6927  validation_best=0.7206  EI=0.0145  rnum=24.7  len=51  syn_rate=0.64  mean=0.9501  worsen=14.50%  highvar=0.00%
GA search time: 7.82s, candidates: 223
  [iter  69/100] search_obj=1.0197  search_best=0.6927  validation_best=0.7206  EI=0.0128  rnum=24.0  len=59  syn_rate=0.61  mean=0.9957  worsen=16.00%  highvar=0.00%
GA search time: 6.29s, candidates: 223
  [iter  70/100] search_obj=0.8577  search_best=0.6927  validation_best=0.7206  EI=0.0183  rnum=23.3  len=64  syn_rate=0.64  mean=0.8420  worsen=10.50%  highvar=0.00%
GA search time: 6.55s, candidates: 222
  [iter  71/100] search_obj=0.9595  search_best=0.6927  validation_best=0.7206  EI=0.0134  rnum=22.6  len=55  syn_rate=0.64  mean=0.9400  worsen=13.00%  highvar=0.00%
GA search time: 7.18s, candidates: 221
  [iter  72/100] search_obj=1.0039  search_best=0.6927  validation_best=0.7206  EI=0.0172  rnum=21.9  len=63  syn_rate=0.59  mean=0.9551  worsen=32.50%  highvar=0.00%
GA search time: 6.64s, candidates: 221
  [iter  73/100] search_obj=0.9122  search_best=0.6927  validation_best=0.7206  EI=0.0107  rnum=21.2  len=53  syn_rate=0.54  mean=0.8859  worsen=17.50%  highvar=0.00%
GA search time: 6.92s, candidates: 220
  [iter  74/100] search_obj=0.9271  search_best=0.6927  validation_best=0.7206  EI=0.0119  rnum=20.6  len=41  syn_rate=0.61  mean=0.9016  worsen=17.00%  highvar=0.00%
GA search time: 7.75s, candidates: 219
  [iter  75/100] search_obj=1.1220  search_best=0.6927  validation_best=0.7206  EI=0.0114  rnum=19.9  len=58  syn_rate=0.63  mean=1.0545  worsen=45.00%  highvar=0.00%
GA search time: 6.68s, candidates: 219
  [iter  76/100] search_obj=0.8554  search_best=0.6927  validation_best=0.7206  EI=0.0120  rnum=19.3  len=63  syn_rate=0.60  mean=0.8382  worsen=11.50%  highvar=0.00%
GA search time: 8.33s, candidates: 218
  [iter  77/100] search_obj=0.9602  search_best=0.6927  validation_best=0.7206  EI=0.0119  rnum=18.7  len=59  syn_rate=0.58  mean=0.9407  worsen=13.00%  highvar=0.00%
GA search time: 8.65s, candidates: 218
  [iter  78/100] search_obj=0.9590  search_best=0.6927  validation_best=0.7206  EI=0.0110  rnum=18.1  len=63  syn_rate=0.67  mean=0.9282  worsen=20.50%  highvar=0.00%
GA search time: 6.91s, candidates: 217
  [iter  79/100] search_obj=0.8593  search_best=0.6927  validation_best=0.7206  EI=0.0118  rnum=17.6  len=61  syn_rate=0.72  mean=0.8405  worsen=12.50%  highvar=0.00%
GA search time: 6.31s, candidates: 216
  [iter  80/100] search_obj=1.0181  search_best=0.6927  validation_best=0.7206  EI=0.0106  rnum=17.0  len=59  syn_rate=0.75  mean=0.9956  worsen=15.00%  highvar=0.00%
GA search time: 7.75s, candidates: 216
  [iter  81/100] search_obj=0.8947  search_best=0.6927  validation_best=0.7206  EI=0.0133  rnum=16.5  len=75  syn_rate=0.75  mean=0.8565  worsen=25.50%  highvar=0.00%
GA search time: 8.12s, candidates: 215
  [iter  82/100] search_obj=0.8582  search_best=0.6927  validation_best=0.7206  EI=0.0138  rnum=15.9  len=58  syn_rate=0.59  mean=0.8417  worsen=11.00%  highvar=0.00%
GA search time: 6.05s, candidates: 215
  [iter  83/100] search_obj=0.8468  search_best=0.6927  validation_best=0.7206  EI=0.0158  rnum=15.4  len=66  syn_rate=0.60  mean=0.8325  worsen=9.50%  highvar=0.00%
GA search time: 6.64s, candidates: 214
  [iter  84/100] search_obj=0.8384  search_best=0.6927  validation_best=0.7206  EI=0.0117  rnum=14.9  len=65  syn_rate=0.63  mean=0.8226  worsen=10.50%  highvar=0.00%
GA search time: 8.29s, candidates: 214
  [iter  85/100] search_obj=1.0922  search_best=0.6927  validation_best=0.7206  EI=0.0120  rnum=14.4  len=59  syn_rate=0.62  mean=1.0127  worsen=53.00%  highvar=0.00%
GA search time: 6.40s, candidates: 213
  [iter  86/100] search_obj=0.7975  search_best=0.6927  validation_best=0.7206  EI=0.0097  rnum=14.0  len=41  syn_rate=0.73  mean=0.7832  worsen=9.50%  highvar=0.00%
GA search time: 6.67s, candidates: 213
  [iter  87/100] search_obj=0.8433  search_best=0.6927  validation_best=0.7206  EI=0.0108  rnum=13.5  len=81  syn_rate=0.70  mean=0.8268  worsen=11.00%  highvar=0.00%
GA search time: 7.63s, candidates: 213
  [iter  88/100] search_obj=0.8574  search_best=0.6927  validation_best=0.7206  EI=0.0134  rnum=13.0  len=74  syn_rate=0.68  mean=0.8416  worsen=10.50%  highvar=0.00%
GA search time: 6.65s, candidates: 212
  [iter  89/100] search_obj=1.0197  search_best=0.6927  validation_best=0.7206  EI=0.0116  rnum=12.6  len=61  syn_rate=0.61  mean=0.9957  worsen=16.00%  highvar=0.00%
GA search time: 7.24s, candidates: 212
  [iter  90/100] search_obj=1.0640  search_best=0.6927  validation_best=0.7206  EI=0.0103  rnum=12.2  len=63  syn_rate=0.61  mean=0.9808  worsen=55.50%  highvar=0.00%
GA search time: 8.25s, candidates: 211
  [iter  91/100] search_obj=0.9517  search_best=0.6927  validation_best=0.7206  EI=0.0092  rnum=11.8  len=120  syn_rate=0.75  mean=0.8894  worsen=41.50%  highvar=0.00%
GA search time: 5.76s, candidates: 211
  [iter  92/100] search_obj=0.9449  search_best=0.6927  validation_best=0.7206  EI=0.0077  rnum=11.4  len=56  syn_rate=0.59  mean=0.8834  worsen=41.00%  highvar=0.00%
GA search time: 6.47s, candidates: 210
  [iter  93/100] search_obj=0.7465  search_best=0.6927  validation_best=0.7206  EI=0.0117  rnum=11.0  len=60  syn_rate=0.69  mean=0.7300  worsen=11.00%  highvar=0.00%
GA search time: 5.72s, candidates: 210
  [iter  94/100] search_obj=0.9118  search_best=0.6927  validation_best=0.7206  EI=0.0089  rnum=10.6  len=70  syn_rate=0.78  mean=0.8728  worsen=26.00%  highvar=0.00%
GA search time: 7.01s, candidates: 210
  [iter  95/100] search_obj=0.9570  search_best=0.6927  validation_best=0.7206  EI=0.0083  rnum=10.2  len=68  syn_rate=0.72  mean=0.9263  worsen=20.50%  highvar=0.00%
GA search time: 6.70s, candidates: 209
  [iter  96/100] search_obj=0.7748  search_best=0.6927  validation_best=0.7206  EI=0.0082  rnum=9.9  len=67  syn_rate=0.67  mean=0.7478  worsen=18.00%  highvar=0.00%
GA search time: 6.93s, candidates: 209
  [iter  97/100] search_obj=0.8473  search_best=0.6927  validation_best=0.7206  EI=0.0117  rnum=9.5  len=63  syn_rate=0.57  mean=0.8308  worsen=11.00%  highvar=0.00%
GA search time: 6.03s, candidates: 209
  [iter  98/100] search_obj=0.9672  search_best=0.6927  validation_best=0.7206  EI=0.0081  rnum=9.2  len=98  syn_rate=0.61  mean=0.9260  worsen=27.50%  highvar=0.00%
GA search time: 5.28s, candidates: 208
  [iter  99/100] search_obj=0.9914  search_best=0.6927  validation_best=0.7206  EI=0.0081  rnum=8.9  len=55  syn_rate=0.59  mean=0.9689  worsen=15.00%  highvar=0.00%
GA search time: 4.66s, candidates: 208
  [iter 100/100] search_obj=0.9351  search_best=0.6927  validation_best=0.7206  EI=0.0063  rnum=8.6  len=54  syn_rate=0.60  mean=0.9148  worsen=13.50%  highvar=0.00%

[Step 5] 按 validation 选择最终通用序列...
  选择结果:
    search_train_obj=0.6927, search_train_mean=0.6822, search_train_worsen=7.00%, search_train_highvar=0.00%
    validation_obj=0.7206, validation_mean=0.7056, validation_worsen=10.00%, validation_highvar=0.00%

[Step 6] 在 validation 上执行消融后处理...

[Ablation-validation] 初始序列长度: 58, objective: 0.7206, mean_norm: 0.7056, worsen_rate: 10.00%
  移除 [57] function(gvn-sink): objective 0.7206, mean_norm 0.7056, worsen_rate 10.00% (保留移除)
  移除 [56] module(iroutliner): objective 0.7206, mean_norm 0.7056, worsen_rate 10.00% (保留移除)
  移除 [55] function(instsimplify): objective 0.7206, mean_norm 0.7056, worsen_rate 10.00% (保留移除)
  移除 [54] module(iroutliner): objective 0.7205, mean_norm 0.7055, worsen_rate 10.00% (保留移除)
  移除 [53] module(globalopt): objective 0.7205, mean_norm 0.7055, worsen_rate 10.00% (保留移除)
  移除 [52] function(gvn-sink): objective 0.7205, mean_norm 0.7055, worsen_rate 10.00% (保留移除)
  移除 [51] module(scc-oz-module-inliner): objective 0.7205, mean_norm 0.7055, worsen_rate 10.00% (保留移除)
  移除 [50] module(elim-avail-extern): objective 0.7205, mean_norm 0.7055, worsen_rate 10.00% (保留移除)
  移除 [49] module(globalopt): objective 0.7205, mean_norm 0.7055, worsen_rate 10.00% (保留移除)
  移除 [48] module(scc-oz-module-inliner): objective 0.7323 > 0.7205 (恢复)
  移除 [47] module(attributor): objective 0.7344 > 0.7205 (恢复)
  移除 [46] function(newgvn): objective 0.7231 > 0.7205 (恢复)
  移除 [45] function(dce): objective 0.7205, mean_norm 0.7055, worsen_rate 10.00% (保留移除)
  移除 [44] function(gvn-sink): objective 0.7205, mean_norm 0.7055, worsen_rate 10.00% (保留移除)
  移除 [43] module(scc-oz-module-inliner): objective 0.7205, mean_norm 0.7055, worsen_rate 10.00% (保留移除)
  移除 [42] module(scc-oz-module-inliner): objective 0.7772 > 0.7205 (恢复)
  移除 [41] cgscc(attributor-cgscc): objective 0.7205, mean_norm 0.7055, worsen_rate 10.00% (保留移除)
  移除 [40] cgscc(attributor-cgscc): objective 0.7205, mean_norm 0.7055, worsen_rate 10.00% (保留移除)
  移除 [39] module(globalopt): objective 0.7205, mean_norm 0.7055, worsen_rate 10.00% (保留移除)
  移除 [38] module(inferattrs): objective 0.7228 > 0.7205 (恢复)
  移除 [37] cgscc(attributor-cgscc): objective 0.7205, mean_norm 0.7055, worsen_rate 10.00% (保留移除)
  移除 [36] module(iroutliner): objective 0.7205, mean_norm 0.7055, worsen_rate 10.00% (保留移除)
  移除 [35] function(lower-switch): objective 0.7144, mean_norm 0.6994, worsen_rate 10.00% (保留移除)
  移除 [34] function(memcpyopt): objective 0.7144, mean_norm 0.6994, worsen_rate 10.00% (保留移除)
  移除 [33] function(jump-threading): objective 0.7144, mean_norm 0.6994, worsen_rate 10.00% (保留移除)
  移除 [32] module(attributor): objective 0.7144, mean_norm 0.6994, worsen_rate 10.00% (保留移除)
  移除 [31] function(newgvn): objective 0.7183 > 0.7144 (恢复)
  移除 [30] module(globalopt): objective 0.7144, mean_norm 0.6994, worsen_rate 10.00% (保留移除)
  移除 [29] module(iroutliner): objective 0.7155 > 0.7144 (恢复)
  移除 [28] function(jump-threading): objective 0.7144, mean_norm 0.6994, worsen_rate 10.00% (保留移除)
  移除 [27] module(elim-avail-extern): objective 0.7144, mean_norm 0.6994, worsen_rate 10.00% (保留移除)
  移除 [26] function(gvn-sink): objective 0.7111, mean_norm 0.6961, worsen_rate 10.00% (保留移除)
  移除 [25] function(dce): objective 0.7111, mean_norm 0.6961, worsen_rate 10.00% (保留移除)
  移除 [24] module(globalopt): objective 0.7115 > 0.7111 (恢复)
  移除 [23] cgscc(attributor-cgscc): objective 0.7135 > 0.7111 (恢复)
  移除 [22] function(jump-threading): objective 0.7145 > 0.7111 (恢复)
  移除 [21] function(memcpyopt): objective 0.7111, mean_norm 0.6961, worsen_rate 10.00% (保留移除)
  移除 [20] module(globalopt): objective 0.7111, mean_norm 0.6961, worsen_rate 10.00% (保留移除)
  移除 [19] function(instsimplify): objective 0.7111, mean_norm 0.6961, worsen_rate 10.00% (保留移除)
  移除 [18] module(attributor): objective 0.7111, mean_norm 0.6961, worsen_rate 10.00% (保留移除)
  移除 [17] cgscc(attributor-cgscc): objective 0.7111, mean_norm 0.6961, worsen_rate 10.00% (保留移除)
  移除 [16] module(attributor): objective 0.7285 > 0.7111 (恢复)
  移除 [15] function(newgvn): objective 0.7330 > 0.7111 (恢复)
  移除 [14] module(attributor): objective 0.7111, mean_norm 0.6961, worsen_rate 10.00% (保留移除)
  移除 [13] function(memcpyopt): objective 0.7111, mean_norm 0.6961, worsen_rate 10.00% (保留移除)
  移除 [12] function(gvn-sink): objective 0.7111, mean_norm 0.6961, worsen_rate 10.00% (保留移除)
  移除 [11] module(attributor): objective 0.7111, mean_norm 0.6961, worsen_rate 10.00% (保留移除)
  移除 [10] module(iroutliner): objective 0.7183 > 0.7111 (恢复)
  移除 [9] cgscc(attributor-cgscc): objective 0.7111, mean_norm 0.6961, worsen_rate 10.00% (保留移除)
  移除 [8] module(attributor): objective 0.7174 > 0.7111 (恢复)
  移除 [7] module(globalopt): objective 0.7111, mean_norm 0.6961, worsen_rate 10.00% (保留移除)
  移除 [6] function(gvn-sink): objective 0.7131 > 0.7111 (恢复)
  移除 [5] function(dse): objective 0.7370 > 0.7111 (恢复)
  移除 [4] loop(loop-simplifycfg): objective 0.7074, mean_norm 0.6939, worsen_rate 9.00% (保留移除)
  移除 [3] module(iroutliner): objective 0.7174 > 0.7074 (恢复)
  移除 [2] module(attributor): objective 0.7248 > 0.7074 (恢复)
  移除 [1] module(globalopt): objective 0.7104 > 0.7074 (恢复)
  移除 [0] module(elim-avail-extern): objective 0.9620 > 0.7074 (恢复)
[Ablation-validation] 最终序列长度: 20, objective: 0.7074, mean_norm: 0.6939, worsen_rate: 9.00%, 移除了 38 个 pass
  消融有效: 58 → 20 passes, validation_objective: 0.7206 → 0.7074

最终通用 pass 序列（effective=20 个顶层 pass, raw=20 个 pass, syn_rate(raw)=0.33）:
  module(elim-avail-extern) → module(globalopt) → module(attributor) → module(iroutliner) → function(dse) → function(gvn-sink) → module(attributor) → module(iroutliner) → function(newgvn) → module(attributor) → function(jump-threading) → cgscc(attributor-cgscc) → module(globalopt) → module(iroutliner) → function(newgvn) → module(inferattrs) → module(scc-oz-module-inliner) → function(newgvn) → module(attributor) → module(scc-oz-module-inliner)
  search_train_obj=0.6878, search_train_mean=0.6781, search_train_worsen=6.50%, search_train_highvar=0.00%
  validation_obj=0.7074, validation_mean=0.6939, validation_worsen=9.00%, validation_highvar=0.00%
  test_obj=0.7349, test_mean=0.7229, test_worsen=8.01%, test_highvar=0.00%

Top-5 最佳序列（按 validation 多目标 objective 升序）:
  #1: validation_obj=0.7206, validation_mean=0.7056, validation_worsen=10.00%, validation_highvar=0.00%, train_obj=0.6927, train_mean=0.6822, train_highvar=0.00%, len=58, syn_rate=0.65, test_obj=0.7371, test_mean=0.7244, test_worsen=8.46%, test_highvar=0.00%
     module(elim-avail-extern) → module(globalopt) → module(attributor) → module(iroutliner) → function(loop(loop-simplifycfg)) → function(dse) → function(gvn-sink) → module(globalopt) → module(attributor) → cgscc(attributor-cgscc) → module(iroutliner) → module(attributor) → function(gvn-sink) → function(memcpyopt) → module(attributor) → function(newgvn) → module(attributor) → cgscc(attributor-cgscc) → module(attributor) → function(instsimplify) → module(globalopt) → function(memcpyopt) → function(jump-threading) → cgscc(attributor-cgscc) → module(globalopt) → function(dce) → function(gvn-sink) → module(elim-avail-extern) → function(jump-threading) → module(iroutliner) → module(globalopt) → function(newgvn) → module(attributor) → function(jump-threading) → function(memcpyopt) → function(lower-switch) → module(iroutliner) → cgscc(attributor-cgscc) → module(inferattrs) → module(globalopt) → cgscc(attributor-cgscc) → cgscc(attributor-cgscc) → module(scc-oz-module-inliner) → module(scc-oz-module-inliner) → function(gvn-sink) → function(dce) → function(newgvn) → module(attributor) → module(scc-oz-module-inliner) → module(globalopt) → module(elim-avail-extern) → module(scc-oz-module-inliner) → function(gvn-sink) → module(globalopt) → module(iroutliner) → function(instsimplify) → module(iroutliner) → function(gvn-sink)
     raw: module(elim-avail-extern) → module(globalopt) → module(attributor) → module(iroutliner) → loop(loop-simplifycfg) → function(dse) → function(gvn-sink) → module(globalopt) → module(attributor) → cgscc(attributor-cgscc) → module(iroutliner) → module(attributor) → function(gvn-sink) → function(memcpyopt) → module(attributor) → function(newgvn) → module(attributor) → cgscc(attributor-cgscc) → module(attributor) → function(instsimplify) → module(globalopt) → function(memcpyopt) → function(jump-threading) → cgscc(attributor-cgscc) → module(globalopt) → function(dce) → function(gvn-sink) → module(elim-avail-extern) → function(jump-threading) → module(iroutliner) → module(globalopt) → function(newgvn) → module(attributor) → function(jump-threading) → function(memcpyopt) → function(lower-switch) → module(iroutliner) → cgscc(attributor-cgscc) → module(inferattrs) → module(globalopt) → cgscc(attributor-cgscc) → cgscc(attributor-cgscc) → module(scc-oz-module-inliner) → module(scc-oz-module-inliner) → function(gvn-sink) → function(dce) → function(newgvn) → module(attributor) → module(scc-oz-module-inliner) → module(globalopt) → module(elim-avail-extern) → module(scc-oz-module-inliner) → function(gvn-sink) → module(globalopt) → module(iroutliner) → function(instsimplify) → module(iroutliner) → function(gvn-sink)
  #2: validation_obj=0.7333, validation_mean=0.7153, validation_worsen=12.00%, validation_highvar=0.00%, train_obj=0.7135, train_mean=0.7030, train_highvar=0.00%, len=66, syn_rate=0.61, test_obj=0.7589, test_mean=0.7466, test_worsen=8.23%, test_highvar=0.00%
     module(elim-avail-extern) → module(globalopt) → module(iroutliner) → module(inferattrs) → module(attributor) → function(jump-threading) → function(dse) → function(memcpyopt) → cgscc(attributor-cgscc) → module(globalopt) → module(globalopt) → module(globalopt) → function(instsimplify) → function(memcpyopt) → module(globalopt) → module(elim-avail-extern) → module(attributor) → module(scc-oz-module-inliner) → module(scc-oz-module-inliner) → module(globalopt) → cgscc(attributor-cgscc) → function(loop(loop-simplifycfg)) → function(gvn-sink) → function(gvn-sink) → function(memcpyopt) → function(jump-threading) → function(instsimplify) → function(newgvn) → module(attributor) → function(dse) → function(memcpyopt) → cgscc(attributor-cgscc) → module(globalopt) → module(elim-avail-extern) → module(attributor) → module(scc-oz-module-inliner) → module(scc-oz-module-inliner) → module(globalopt) → cgscc(attributor-cgscc) → function(loop(loop-simplifycfg)) → function(gvn-sink) → function(gvn-sink) → function(memcpyopt) → function(jump-threading) → function(instsimplify) → function(newgvn) → module(attributor) → module(iroutliner) → module(attributor) → module(attributor) → module(iroutliner) → module(attributor) → module(attributor) → module(iroutliner) → module(globalopt) → module(elim-avail-extern) → function(jump-threading) → function(dse) → module(globalopt) → cgscc(attributor-cgscc) → module(elim-avail-extern) → cgscc(attributor-cgscc) → module(scc-oz-module-inliner) → function(newgvn) → function(newgvn) → function(gvn-sink)
     raw: module(elim-avail-extern) → module(globalopt) → module(iroutliner) → module(inferattrs) → module(attributor) → function(jump-threading) → function(dse) → function(memcpyopt) → cgscc(attributor-cgscc) → module(globalopt) → module(globalopt) → module(globalopt) → function(instsimplify) → function(memcpyopt) → module(globalopt) → module(elim-avail-extern) → module(attributor) → module(scc-oz-module-inliner) → module(scc-oz-module-inliner) → module(globalopt) → cgscc(attributor-cgscc) → loop(loop-simplifycfg) → function(gvn-sink) → function(gvn-sink) → function(memcpyopt) → function(jump-threading) → function(instsimplify) → function(newgvn) → module(attributor) → function(dse) → function(memcpyopt) → cgscc(attributor-cgscc) → module(globalopt) → module(elim-avail-extern) → module(attributor) → module(scc-oz-module-inliner) → module(scc-oz-module-inliner) → module(globalopt) → cgscc(attributor-cgscc) → loop(loop-simplifycfg) → function(gvn-sink) → function(gvn-sink) → function(memcpyopt) → function(jump-threading) → function(instsimplify) → function(newgvn) → module(attributor) → module(iroutliner) → module(attributor) → module(attributor) → module(iroutliner) → module(attributor) → module(attributor) → module(iroutliner) → module(globalopt) → module(elim-avail-extern) → function(jump-threading) → function(dse) → module(globalopt) → cgscc(attributor-cgscc) → module(elim-avail-extern) → cgscc(attributor-cgscc) → module(scc-oz-module-inliner) → function(newgvn) → function(newgvn) → function(gvn-sink)
  #3: validation_obj=0.7333, validation_mean=0.7153, validation_worsen=12.00%, validation_highvar=0.00%, train_obj=0.7135, train_mean=0.7030, train_highvar=0.00%, len=71, syn_rate=0.68, test_obj=0.7589, test_mean=0.7465, test_worsen=8.23%, test_highvar=0.00%
     module(elim-avail-extern) → module(globalopt) → module(iroutliner) → module(inferattrs) → module(attributor) → function(jump-threading) → function(dse) → function(memcpyopt) → cgscc(attributor-cgscc) → module(globalopt) → module(globalopt) → module(globalopt) → function(instsimplify) → function(memcpyopt) → module(globalopt) → module(elim-avail-extern) → module(attributor) → module(scc-oz-module-inliner) → module(scc-oz-module-inliner) → module(globalopt) → cgscc(attributor-cgscc) → function(loop(loop-simplifycfg)) → function(gvn-sink) → function(gvn-sink) → function(memcpyopt) → function(dce) → function(dce) → function(jump-threading) → function(instsimplify) → function(newgvn) → module(attributor) → function(memcpyopt) → cgscc(attributor-cgscc) → module(globalopt) → module(elim-avail-extern) → module(attributor) → module(scc-oz-module-inliner) → module(scc-oz-module-inliner) → module(globalopt) → cgscc(attributor-cgscc) → function(loop(loop-simplifycfg)) → module(attributor) → module(attributor) → module(iroutliner) → function(jump-threading) → function(gvn-sink) → function(gvn-sink) → function(memcpyopt) → function(jump-threading) → function(instsimplify) → function(newgvn) → module(attributor) → module(iroutliner) → module(attributor) → module(attributor) → module(iroutliner) → module(attributor) → module(attributor) → module(iroutliner) → module(globalopt) → module(elim-avail-extern) → function(jump-threading) → function(dse) → module(globalopt) → cgscc(attributor-cgscc) → module(elim-avail-extern) → cgscc(attributor-cgscc) → module(scc-oz-module-inliner) → function(newgvn) → function(newgvn) → function(gvn-sink)
     raw: module(elim-avail-extern) → module(globalopt) → module(iroutliner) → module(inferattrs) → module(attributor) → function(jump-threading) → function(dse) → function(memcpyopt) → cgscc(attributor-cgscc) → module(globalopt) → module(globalopt) → module(globalopt) → function(instsimplify) → function(memcpyopt) → module(globalopt) → module(elim-avail-extern) → module(attributor) → module(scc-oz-module-inliner) → module(scc-oz-module-inliner) → module(globalopt) → cgscc(attributor-cgscc) → loop(loop-simplifycfg) → function(gvn-sink) → function(gvn-sink) → function(memcpyopt) → function(dce) → function(dce) → function(jump-threading) → function(instsimplify) → function(newgvn) → module(attributor) → function(memcpyopt) → cgscc(attributor-cgscc) → module(globalopt) → module(elim-avail-extern) → module(attributor) → module(scc-oz-module-inliner) → module(scc-oz-module-inliner) → module(globalopt) → cgscc(attributor-cgscc) → loop(loop-simplifycfg) → module(attributor) → module(attributor) → module(iroutliner) → function(jump-threading) → function(gvn-sink) → function(gvn-sink) → function(memcpyopt) → function(jump-threading) → function(instsimplify) → function(newgvn) → module(attributor) → module(iroutliner) → module(attributor) → module(attributor) → module(iroutliner) → module(attributor) → module(attributor) → module(iroutliner) → module(globalopt) → module(elim-avail-extern) → function(jump-threading) → function(dse) → module(globalopt) → cgscc(attributor-cgscc) → module(elim-avail-extern) → cgscc(attributor-cgscc) → module(scc-oz-module-inliner) → function(newgvn) → function(newgvn) → function(gvn-sink)
  #4: validation_obj=0.7507, validation_mean=0.7312, validation_worsen=13.00%, validation_highvar=0.00%, train_obj=0.7185, train_mean=0.7072, train_highvar=0.00%, len=54, syn_rate=0.59, test_obj=0.7616, test_mean=0.7490, test_worsen=8.40%, test_highvar=0.00%
     module(elim-avail-extern) → module(globalopt) → module(attributor) → module(iroutliner) → function(jump-threading) → module(inferattrs) → function(dse) → function(memcpyopt) → cgscc(attributor-cgscc) → module(globalopt) → module(elim-avail-extern) → function(dse) → module(globalopt) → function(memcpyopt) → module(globalopt) → function(loop(loop-simplifycfg)) → module(globalopt) → function(dse) → module(attributor) → module(attributor) → module(iroutliner) → function(jump-threading) → module(inferattrs) → function(dse) → function(memcpyopt) → cgscc(attributor-cgscc) → module(globalopt) → module(inferattrs) → module(attributor) → module(scc-oz-module-inliner) → module(globalopt) → module(scc-oz-module-inliner) → function(gvn-sink) → function(gvn-sink) → cgscc(attributor-cgscc) → function(loop(loop-simplifycfg)) → function(memcpyopt) → function(jump-threading) → function(instsimplify) → function(newgvn) → module(attributor) → module(iroutliner) → module(attributor) → module(attributor) → module(iroutliner) → function(dse) → module(globalopt) → cgscc(attributor-cgscc) → module(elim-avail-extern) → cgscc(attributor-cgscc) → module(scc-oz-module-inliner) → function(newgvn) → function(newgvn) → function(gvn-sink)
     raw: module(elim-avail-extern) → module(globalopt) → module(attributor) → module(iroutliner) → function(jump-threading) → module(inferattrs) → function(dse) → function(memcpyopt) → cgscc(attributor-cgscc) → module(globalopt) → module(elim-avail-extern) → function(dse) → module(globalopt) → function(memcpyopt) → module(globalopt) → loop(loop-simplifycfg) → module(globalopt) → function(dse) → module(attributor) → module(attributor) → module(iroutliner) → function(jump-threading) → module(inferattrs) → function(dse) → function(memcpyopt) → cgscc(attributor-cgscc) → module(globalopt) → module(inferattrs) → module(attributor) → module(scc-oz-module-inliner) → module(globalopt) → module(scc-oz-module-inliner) → function(gvn-sink) → function(gvn-sink) → cgscc(attributor-cgscc) → loop(loop-simplifycfg) → function(memcpyopt) → function(jump-threading) → function(instsimplify) → function(newgvn) → module(attributor) → module(iroutliner) → module(attributor) → module(attributor) → module(iroutliner) → function(dse) → module(globalopt) → cgscc(attributor-cgscc) → module(elim-avail-extern) → cgscc(attributor-cgscc) → module(scc-oz-module-inliner) → function(newgvn) → function(newgvn) → function(gvn-sink)
  #5: validation_obj=0.7507, validation_mean=0.7312, validation_worsen=13.00%, validation_highvar=0.00%, train_obj=0.7199, train_mean=0.7079, train_highvar=0.00%, len=65, syn_rate=0.60, test_obj=0.7605, test_mean=0.7480, test_worsen=8.29%, test_highvar=0.00%
     module(elim-avail-extern) → module(globalopt) → module(attributor) → module(iroutliner) → function(jump-threading) → module(inferattrs) → function(dse) → function(memcpyopt) → cgscc(attributor-cgscc) → module(globalopt) → module(elim-avail-extern) → module(elim-avail-extern) → module(globalopt) → module(attributor) → module(iroutliner) → function(jump-threading) → function(dse) → function(memcpyopt) → cgscc(attributor-cgscc) → module(globalopt) → module(attributor) → module(scc-oz-module-inliner) → module(globalopt) → module(scc-oz-module-inliner) → function(gvn-sink) → function(gvn-sink) → cgscc(attributor-cgscc) → function(loop(loop-simplifycfg)) → function(memcpyopt) → function(jump-threading) → function(instsimplify) → function(memcpyopt) → cgscc(attributor-cgscc) → module(globalopt) → module(elim-avail-extern) → module(attributor) → module(scc-oz-module-inliner) → module(scc-oz-module-inliner) → function(gvn-sink) → function(gvn-sink) → cgscc(attributor-cgscc) → function(loop(loop-simplifycfg)) → function(memcpyopt) → function(jump-threading) → function(instsimplify) → function(newgvn) → module(attributor) → module(iroutliner) → module(attributor) → module(attributor) → module(iroutliner) → function(dse) → module(globalopt) → cgscc(attributor-cgscc) → module(elim-avail-extern) → cgscc(attributor-cgscc) → module(scc-oz-module-inliner) → function(newgvn) → module(globalopt) → module(elim-avail-extern) → function(gvn-sink) → module(globalopt) → module(iroutliner) → function(newgvn) → function(gvn-sink)
     raw: module(elim-avail-extern) → module(globalopt) → module(attributor) → module(iroutliner) → function(jump-threading) → module(inferattrs) → function(dse) → function(memcpyopt) → cgscc(attributor-cgscc) → module(globalopt) → module(elim-avail-extern) → module(elim-avail-extern) → module(globalopt) → module(attributor) → module(iroutliner) → function(jump-threading) → function(dse) → function(memcpyopt) → cgscc(attributor-cgscc) → module(globalopt) → module(attributor) → module(scc-oz-module-inliner) → module(globalopt) → module(scc-oz-module-inliner) → function(gvn-sink) → function(gvn-sink) → cgscc(attributor-cgscc) → loop(loop-simplifycfg) → function(memcpyopt) → function(jump-threading) → function(instsimplify) → function(memcpyopt) → cgscc(attributor-cgscc) → module(globalopt) → module(elim-avail-extern) → module(attributor) → module(scc-oz-module-inliner) → module(scc-oz-module-inliner) → function(gvn-sink) → function(gvn-sink) → cgscc(attributor-cgscc) → loop(loop-simplifycfg) → function(memcpyopt) → function(jump-threading) → function(instsimplify) → function(newgvn) → module(attributor) → module(iroutliner) → module(attributor) → module(attributor) → module(iroutliner) → function(dse) → module(globalopt) → cgscc(attributor-cgscc) → module(elim-avail-extern) → cgscc(attributor-cgscc) → module(scc-oz-module-inliner) → function(newgvn) → module(globalopt) → module(elim-avail-extern) → function(gvn-sink) → module(globalopt) → module(iroutliner) → function(newgvn) → function(gvn-sink)

============================================================
所有轮次中最优 validation objective: 0.7074
最优通用 pass 序列 (20 passes):
  module(elim-avail-extern) → module(globalopt) → module(attributor) → module(iroutliner) → function(dse) → function(gvn-sink) → module(attributor) → module(iroutliner) → function(newgvn) → module(attributor) → function(jump-threading) → cgscc(attributor-cgscc) → module(globalopt) → module(iroutliner) → function(newgvn) → module(inferattrs) → module(scc-oz-module-inliner) → function(newgvn) → module(attributor) → module(scc-oz-module-inliner)
  search_train_obj=0.6878, search_train_mean=0.6781, search_train_worsen=6.50%, search_train_highvar=0.00%
  validation_obj=0.7074, validation_mean=0.6939, validation_worsen=9.00%, validation_highvar=0.00%
  test_obj=0.7349, test_mean=0.7229, test_worsen=8.01%, test_highvar=0.00%

最优轮次 Top-5 序列（含测试集效果，按 validation objective 升序）:
  #1: validation_obj=0.7206, validation_mean=0.7056, validation_worsen=10.00%, validation_highvar=0.00%, train_obj=0.6927, train_mean=0.6822, train_highvar=0.00%, len=58, syn_rate=0.65, test_obj=0.7371, test_mean=0.7244, test_worsen=8.46%, test_highvar=0.00%
     module(elim-avail-extern) → module(globalopt) → module(attributor) → module(iroutliner) → function(loop(loop-simplifycfg)) → function(dse) → function(gvn-sink) → module(globalopt) → module(attributor) → cgscc(attributor-cgscc) → module(iroutliner) → module(attributor) → function(gvn-sink) → function(memcpyopt) → module(attributor) → function(newgvn) → module(attributor) → cgscc(attributor-cgscc) → module(attributor) → function(instsimplify) → module(globalopt) → function(memcpyopt) → function(jump-threading) → cgscc(attributor-cgscc) → module(globalopt) → function(dce) → function(gvn-sink) → module(elim-avail-extern) → function(jump-threading) → module(iroutliner) → module(globalopt) → function(newgvn) → module(attributor) → function(jump-threading) → function(memcpyopt) → function(lower-switch) → module(iroutliner) → cgscc(attributor-cgscc) → module(inferattrs) → module(globalopt) → cgscc(attributor-cgscc) → cgscc(attributor-cgscc) → module(scc-oz-module-inliner) → module(scc-oz-module-inliner) → function(gvn-sink) → function(dce) → function(newgvn) → module(attributor) → module(scc-oz-module-inliner) → module(globalopt) → module(elim-avail-extern) → module(scc-oz-module-inliner) → function(gvn-sink) → module(globalopt) → module(iroutliner) → function(instsimplify) → module(iroutliner) → function(gvn-sink)
     raw: module(elim-avail-extern) → module(globalopt) → module(attributor) → module(iroutliner) → loop(loop-simplifycfg) → function(dse) → function(gvn-sink) → module(globalopt) → module(attributor) → cgscc(attributor-cgscc) → module(iroutliner) → module(attributor) → function(gvn-sink) → function(memcpyopt) → module(attributor) → function(newgvn) → module(attributor) → cgscc(attributor-cgscc) → module(attributor) → function(instsimplify) → module(globalopt) → function(memcpyopt) → function(jump-threading) → cgscc(attributor-cgscc) → module(globalopt) → function(dce) → function(gvn-sink) → module(elim-avail-extern) → function(jump-threading) → module(iroutliner) → module(globalopt) → function(newgvn) → module(attributor) → function(jump-threading) → function(memcpyopt) → function(lower-switch) → module(iroutliner) → cgscc(attributor-cgscc) → module(inferattrs) → module(globalopt) → cgscc(attributor-cgscc) → cgscc(attributor-cgscc) → module(scc-oz-module-inliner) → module(scc-oz-module-inliner) → function(gvn-sink) → function(dce) → function(newgvn) → module(attributor) → module(scc-oz-module-inliner) → module(globalopt) → module(elim-avail-extern) → module(scc-oz-module-inliner) → function(gvn-sink) → module(globalopt) → module(iroutliner) → function(instsimplify) → module(iroutliner) → function(gvn-sink)
  #2: validation_obj=0.7333, validation_mean=0.7153, validation_worsen=12.00%, validation_highvar=0.00%, train_obj=0.7135, train_mean=0.7030, train_highvar=0.00%, len=66, syn_rate=0.61, test_obj=0.7589, test_mean=0.7466, test_worsen=8.23%, test_highvar=0.00%
     module(elim-avail-extern) → module(globalopt) → module(iroutliner) → module(inferattrs) → module(attributor) → function(jump-threading) → function(dse) → function(memcpyopt) → cgscc(attributor-cgscc) → module(globalopt) → module(globalopt) → module(globalopt) → function(instsimplify) → function(memcpyopt) → module(globalopt) → module(elim-avail-extern) → module(attributor) → module(scc-oz-module-inliner) → module(scc-oz-module-inliner) → module(globalopt) → cgscc(attributor-cgscc) → function(loop(loop-simplifycfg)) → function(gvn-sink) → function(gvn-sink) → function(memcpyopt) → function(jump-threading) → function(instsimplify) → function(newgvn) → module(attributor) → function(dse) → function(memcpyopt) → cgscc(attributor-cgscc) → module(globalopt) → module(elim-avail-extern) → module(attributor) → module(scc-oz-module-inliner) → module(scc-oz-module-inliner) → module(globalopt) → cgscc(attributor-cgscc) → function(loop(loop-simplifycfg)) → function(gvn-sink) → function(gvn-sink) → function(memcpyopt) → function(jump-threading) → function(instsimplify) → function(newgvn) → module(attributor) → module(iroutliner) → module(attributor) → module(attributor) → module(iroutliner) → module(attributor) → module(attributor) → module(iroutliner) → module(globalopt) → module(elim-avail-extern) → function(jump-threading) → function(dse) → module(globalopt) → cgscc(attributor-cgscc) → module(elim-avail-extern) → cgscc(attributor-cgscc) → module(scc-oz-module-inliner) → function(newgvn) → function(newgvn) → function(gvn-sink)
     raw: module(elim-avail-extern) → module(globalopt) → module(iroutliner) → module(inferattrs) → module(attributor) → function(jump-threading) → function(dse) → function(memcpyopt) → cgscc(attributor-cgscc) → module(globalopt) → module(globalopt) → module(globalopt) → function(instsimplify) → function(memcpyopt) → module(globalopt) → module(elim-avail-extern) → module(attributor) → module(scc-oz-module-inliner) → module(scc-oz-module-inliner) → module(globalopt) → cgscc(attributor-cgscc) → loop(loop-simplifycfg) → function(gvn-sink) → function(gvn-sink) → function(memcpyopt) → function(jump-threading) → function(instsimplify) → function(newgvn) → module(attributor) → function(dse) → function(memcpyopt) → cgscc(attributor-cgscc) → module(globalopt) → module(elim-avail-extern) → module(attributor) → module(scc-oz-module-inliner) → module(scc-oz-module-inliner) → module(globalopt) → cgscc(attributor-cgscc) → loop(loop-simplifycfg) → function(gvn-sink) → function(gvn-sink) → function(memcpyopt) → function(jump-threading) → function(instsimplify) → function(newgvn) → module(attributor) → module(iroutliner) → module(attributor) → module(attributor) → module(iroutliner) → module(attributor) → module(attributor) → module(iroutliner) → module(globalopt) → module(elim-avail-extern) → function(jump-threading) → function(dse) → module(globalopt) → cgscc(attributor-cgscc) → module(elim-avail-extern) → cgscc(attributor-cgscc) → module(scc-oz-module-inliner) → function(newgvn) → function(newgvn) → function(gvn-sink)
  #3: validation_obj=0.7333, validation_mean=0.7153, validation_worsen=12.00%, validation_highvar=0.00%, train_obj=0.7135, train_mean=0.7030, train_highvar=0.00%, len=71, syn_rate=0.68, test_obj=0.7589, test_mean=0.7465, test_worsen=8.23%, test_highvar=0.00%
     module(elim-avail-extern) → module(globalopt) → module(iroutliner) → module(inferattrs) → module(attributor) → function(jump-threading) → function(dse) → function(memcpyopt) → cgscc(attributor-cgscc) → module(globalopt) → module(globalopt) → module(globalopt) → function(instsimplify) → function(memcpyopt) → module(globalopt) → module(elim-avail-extern) → module(attributor) → module(scc-oz-module-inliner) → module(scc-oz-module-inliner) → module(globalopt) → cgscc(attributor-cgscc) → function(loop(loop-simplifycfg)) → function(gvn-sink) → function(gvn-sink) → function(memcpyopt) → function(dce) → function(dce) → function(jump-threading) → function(instsimplify) → function(newgvn) → module(attributor) → function(memcpyopt) → cgscc(attributor-cgscc) → module(globalopt) → module(elim-avail-extern) → module(attributor) → module(scc-oz-module-inliner) → module(scc-oz-module-inliner) → module(globalopt) → cgscc(attributor-cgscc) → function(loop(loop-simplifycfg)) → module(attributor) → module(attributor) → module(iroutliner) → function(jump-threading) → function(gvn-sink) → function(gvn-sink) → function(memcpyopt) → function(jump-threading) → function(instsimplify) → function(newgvn) → module(attributor) → module(iroutliner) → module(attributor) → module(attributor) → module(iroutliner) → module(attributor) → module(attributor) → module(iroutliner) → module(globalopt) → module(elim-avail-extern) → function(jump-threading) → function(dse) → module(globalopt) → cgscc(attributor-cgscc) → module(elim-avail-extern) → cgscc(attributor-cgscc) → module(scc-oz-module-inliner) → function(newgvn) → function(newgvn) → function(gvn-sink)
     raw: module(elim-avail-extern) → module(globalopt) → module(iroutliner) → module(inferattrs) → module(attributor) → function(jump-threading) → function(dse) → function(memcpyopt) → cgscc(attributor-cgscc) → module(globalopt) → module(globalopt) → module(globalopt) → function(instsimplify) → function(memcpyopt) → module(globalopt) → module(elim-avail-extern) → module(attributor) → module(scc-oz-module-inliner) → module(scc-oz-module-inliner) → module(globalopt) → cgscc(attributor-cgscc) → loop(loop-simplifycfg) → function(gvn-sink) → function(gvn-sink) → function(memcpyopt) → function(dce) → function(dce) → function(jump-threading) → function(instsimplify) → function(newgvn) → module(attributor) → function(memcpyopt) → cgscc(attributor-cgscc) → module(globalopt) → module(elim-avail-extern) → module(attributor) → module(scc-oz-module-inliner) → module(scc-oz-module-inliner) → module(globalopt) → cgscc(attributor-cgscc) → loop(loop-simplifycfg) → module(attributor) → module(attributor) → module(iroutliner) → function(jump-threading) → function(gvn-sink) → function(gvn-sink) → function(memcpyopt) → function(jump-threading) → function(instsimplify) → function(newgvn) → module(attributor) → module(iroutliner) → module(attributor) → module(attributor) → module(iroutliner) → module(attributor) → module(attributor) → module(iroutliner) → module(globalopt) → module(elim-avail-extern) → function(jump-threading) → function(dse) → module(globalopt) → cgscc(attributor-cgscc) → module(elim-avail-extern) → cgscc(attributor-cgscc) → module(scc-oz-module-inliner) → function(newgvn) → function(newgvn) → function(gvn-sink)
  #4: validation_obj=0.7507, validation_mean=0.7312, validation_worsen=13.00%, validation_highvar=0.00%, train_obj=0.7185, train_mean=0.7072, train_highvar=0.00%, len=54, syn_rate=0.59, test_obj=0.7616, test_mean=0.7490, test_worsen=8.40%, test_highvar=0.00%
     module(elim-avail-extern) → module(globalopt) → module(attributor) → module(iroutliner) → function(jump-threading) → module(inferattrs) → function(dse) → function(memcpyopt) → cgscc(attributor-cgscc) → module(globalopt) → module(elim-avail-extern) → function(dse) → module(globalopt) → function(memcpyopt) → module(globalopt) → function(loop(loop-simplifycfg)) → module(globalopt) → function(dse) → module(attributor) → module(attributor) → module(iroutliner) → function(jump-threading) → module(inferattrs) → function(dse) → function(memcpyopt) → cgscc(attributor-cgscc) → module(globalopt) → module(inferattrs) → module(attributor) → module(scc-oz-module-inliner) → module(globalopt) → module(scc-oz-module-inliner) → function(gvn-sink) → function(gvn-sink) → cgscc(attributor-cgscc) → function(loop(loop-simplifycfg)) → function(memcpyopt) → function(jump-threading) → function(instsimplify) → function(newgvn) → module(attributor) → module(iroutliner) → module(attributor) → module(attributor) → module(iroutliner) → function(dse) → module(globalopt) → cgscc(attributor-cgscc) → module(elim-avail-extern) → cgscc(attributor-cgscc) → module(scc-oz-module-inliner) → function(newgvn) → function(newgvn) → function(gvn-sink)
     raw: module(elim-avail-extern) → module(globalopt) → module(attributor) → module(iroutliner) → function(jump-threading) → module(inferattrs) → function(dse) → function(memcpyopt) → cgscc(attributor-cgscc) → module(globalopt) → module(elim-avail-extern) → function(dse) → module(globalopt) → function(memcpyopt) → module(globalopt) → loop(loop-simplifycfg) → module(globalopt) → function(dse) → module(attributor) → module(attributor) → module(iroutliner) → function(jump-threading) → module(inferattrs) → function(dse) → function(memcpyopt) → cgscc(attributor-cgscc) → module(globalopt) → module(inferattrs) → module(attributor) → module(scc-oz-module-inliner) → module(globalopt) → module(scc-oz-module-inliner) → function(gvn-sink) → function(gvn-sink) → cgscc(attributor-cgscc) → loop(loop-simplifycfg) → function(memcpyopt) → function(jump-threading) → function(instsimplify) → function(newgvn) → module(attributor) → module(iroutliner) → module(attributor) → module(attributor) → module(iroutliner) → function(dse) → module(globalopt) → cgscc(attributor-cgscc) → module(elim-avail-extern) → cgscc(attributor-cgscc) → module(scc-oz-module-inliner) → function(newgvn) → function(newgvn) → function(gvn-sink)
  #5: validation_obj=0.7507, validation_mean=0.7312, validation_worsen=13.00%, validation_highvar=0.00%, train_obj=0.7199, train_mean=0.7079, train_highvar=0.00%, len=65, syn_rate=0.60, test_obj=0.7605, test_mean=0.7480, test_worsen=8.29%, test_highvar=0.00%
     module(elim-avail-extern) → module(globalopt) → module(attributor) → module(iroutliner) → function(jump-threading) → module(inferattrs) → function(dse) → function(memcpyopt) → cgscc(attributor-cgscc) → module(globalopt) → module(elim-avail-extern) → module(elim-avail-extern) → module(globalopt) → module(attributor) → module(iroutliner) → function(jump-threading) → function(dse) → function(memcpyopt) → cgscc(attributor-cgscc) → module(globalopt) → module(attributor) → module(scc-oz-module-inliner) → module(globalopt) → module(scc-oz-module-inliner) → function(gvn-sink) → function(gvn-sink) → cgscc(attributor-cgscc) → function(loop(loop-simplifycfg)) → function(memcpyopt) → function(jump-threading) → function(instsimplify) → function(memcpyopt) → cgscc(attributor-cgscc) → module(globalopt) → module(elim-avail-extern) → module(attributor) → module(scc-oz-module-inliner) → module(scc-oz-module-inliner) → function(gvn-sink) → function(gvn-sink) → cgscc(attributor-cgscc) → function(loop(loop-simplifycfg)) → function(memcpyopt) → function(jump-threading) → function(instsimplify) → function(newgvn) → module(attributor) → module(iroutliner) → module(attributor) → module(attributor) → module(iroutliner) → function(dse) → module(globalopt) → cgscc(attributor-cgscc) → module(elim-avail-extern) → cgscc(attributor-cgscc) → module(scc-oz-module-inliner) → function(newgvn) → module(globalopt) → module(elim-avail-extern) → function(gvn-sink) → module(globalopt) → module(iroutliner) → function(newgvn) → function(gvn-sink)
     raw: module(elim-avail-extern) → module(globalopt) → module(attributor) → module(iroutliner) → function(jump-threading) → module(inferattrs) → function(dse) → function(memcpyopt) → cgscc(attributor-cgscc) → module(globalopt) → module(elim-avail-extern) → module(elim-avail-extern) → module(globalopt) → module(attributor) → module(iroutliner) → function(jump-threading) → function(dse) → function(memcpyopt) → cgscc(attributor-cgscc) → module(globalopt) → module(attributor) → module(scc-oz-module-inliner) → module(globalopt) → module(scc-oz-module-inliner) → function(gvn-sink) → function(gvn-sink) → cgscc(attributor-cgscc) → loop(loop-simplifycfg) → function(memcpyopt) → function(jump-threading) → function(instsimplify) → function(memcpyopt) → cgscc(attributor-cgscc) → module(globalopt) → module(elim-avail-extern) → module(attributor) → module(scc-oz-module-inliner) → module(scc-oz-module-inliner) → function(gvn-sink) → function(gvn-sink) → cgscc(attributor-cgscc) → loop(loop-simplifycfg) → function(memcpyopt) → function(jump-threading) → function(instsimplify) → function(newgvn) → module(attributor) → module(iroutliner) → module(attributor) → module(attributor) → module(iroutliner) → function(dse) → module(globalopt) → cgscc(attributor-cgscc) → module(elim-avail-extern) → cgscc(attributor-cgscc) → module(scc-oz-module-inliner) → function(newgvn) → module(globalopt) → module(elim-avail-extern) → function(gvn-sink) → module(globalopt) → module(iroutliner) → function(newgvn) → function(gvn-sink)
binarysize_test: vs_none=0.999 (+0.1%)  vs_oz=0.999 (+0.1%)  vs_o3=0.993 (+0.7%) [metric=stripped_file_bytes]
binarysize_test[text_bytes]: vs_none=0.879 (+12.1%)  vs_oz=0.895 (+10.5%)  vs_o3=0.791 (+20.9%)
binarysize_test[data_bytes]: vs_none=0.984 (+1.6%)  vs_oz=0.992 (+0.8%)  vs_o3=0.986 (+1.4%)
binarysize_test[bss_bytes]: vs_none=1.000 (+0.0%)  vs_oz=1.000 (+0.0%)  vs_o3=1.000 (+0.0%)
binarysize_test[dec_bytes]: vs_none=0.904 (+9.6%)  vs_oz=0.919 (+8.1%)  vs_o3=0.837 (+16.3%)

最优轮次 Top-5 binarysize_test 序列面板（primary=stripped_file_bytes）:
  #1: len=58, syn_rate=0.65
     stripped_file_bytes: obj=1.0054, mean=0.9989, worsen=4.35%, vs_none=0.999 (+0.1%)  vs_oz=0.999 (+0.1%)  vs_o3=0.993 (+0.7%)
     text_bytes: obj=0.9146, mean=0.8944, worsen=13.48%, vs_none=0.878 (+12.2%)  vs_oz=0.894 (+10.6%)  vs_o3=0.790 (+21.0%)
     data_bytes: obj=0.9997, mean=0.9916, worsen=5.41%, vs_none=0.985 (+1.5%)  vs_oz=0.992 (+0.8%)  vs_o3=0.986 (+1.4%)
     bss_bytes: obj=1.0000, mean=1.0000, worsen=0.02%, vs_none=1.000 (+0.0%)  vs_oz=1.000 (+0.0%)  vs_o3=1.000 (+0.0%)
     dec_bytes: obj=0.9392, mean=0.9189, worsen=13.55%, vs_none=0.903 (+9.7%)  vs_oz=0.919 (+8.1%)  vs_o3=0.837 (+16.3%)
  #2: len=66, syn_rate=0.61
     stripped_file_bytes: obj=1.0057, mean=0.9990, worsen=4.45%, vs_none=0.999 (+0.1%)  vs_oz=0.999 (+0.1%)  vs_o3=0.993 (+0.7%)
     text_bytes: obj=0.9254, mean=0.9035, worsen=14.61%, vs_none=0.888 (+11.2%)  vs_oz=0.903 (+9.7%)  vs_o3=0.798 (+20.2%)
     data_bytes: obj=1.0003, mean=0.9919, worsen=5.58%, vs_none=0.985 (+1.5%)  vs_oz=0.992 (+0.8%)  vs_o3=0.987 (+1.3%)
     bss_bytes: obj=1.0000, mean=1.0000, worsen=0.00%, vs_none=1.000 (+0.0%)  vs_oz=1.000 (+0.0%)  vs_o3=1.000 (+0.0%)
     dec_bytes: obj=0.9473, mean=0.9254, worsen=14.61%, vs_none=0.910 (+9.0%)  vs_oz=0.925 (+7.5%)  vs_o3=0.842 (+15.8%)
  #3: len=71, syn_rate=0.68
     stripped_file_bytes: obj=1.0057, mean=0.9990, worsen=4.45%, vs_none=0.999 (+0.1%)  vs_oz=0.999 (+0.1%)  vs_o3=0.993 (+0.7%)
     text_bytes: obj=0.9254, mean=0.9035, worsen=14.61%, vs_none=0.888 (+11.2%)  vs_oz=0.903 (+9.7%)  vs_o3=0.798 (+20.2%)
     data_bytes: obj=1.0003, mean=0.9919, worsen=5.58%, vs_none=0.985 (+1.5%)  vs_oz=0.992 (+0.8%)  vs_o3=0.987 (+1.3%)
     bss_bytes: obj=1.0000, mean=1.0000, worsen=0.00%, vs_none=1.000 (+0.0%)  vs_oz=1.000 (+0.0%)  vs_o3=1.000 (+0.0%)
     dec_bytes: obj=0.9473, mean=0.9254, worsen=14.61%, vs_none=0.910 (+9.0%)  vs_oz=0.925 (+7.5%)  vs_o3=0.842 (+15.8%)
  #4: len=54, syn_rate=0.59
     stripped_file_bytes: obj=1.0058, mean=0.9991, worsen=4.43%, vs_none=0.999 (+0.1%)  vs_oz=0.999 (+0.1%)  vs_o3=0.993 (+0.7%)
     text_bytes: obj=0.9256, mean=0.9036, worsen=14.65%, vs_none=0.889 (+11.1%)  vs_oz=0.904 (+9.6%)  vs_o3=0.799 (+20.1%)
     data_bytes: obj=1.0008, mean=0.9924, worsen=5.60%, vs_none=0.985 (+1.5%)  vs_oz=0.992 (+0.8%)  vs_o3=0.987 (+1.3%)
     bss_bytes: obj=1.0000, mean=1.0000, worsen=0.00%, vs_none=1.000 (+0.0%)  vs_oz=1.000 (+0.0%)  vs_o3=1.000 (+0.0%)
     dec_bytes: obj=0.9481, mean=0.9261, worsen=14.67%, vs_none=0.912 (+8.8%)  vs_oz=0.926 (+7.4%)  vs_o3=0.843 (+15.7%)
  #5: len=65, syn_rate=0.60
     stripped_file_bytes: obj=1.0058, mean=0.9991, worsen=4.45%, vs_none=0.999 (+0.1%)  vs_oz=0.999 (+0.1%)  vs_o3=0.993 (+0.7%)
     text_bytes: obj=0.9253, mean=0.9033, worsen=14.65%, vs_none=0.889 (+11.1%)  vs_oz=0.903 (+9.7%)  vs_o3=0.798 (+20.2%)
     data_bytes: obj=1.0007, mean=0.9924, worsen=5.55%, vs_none=0.985 (+1.5%)  vs_oz=0.992 (+0.8%)  vs_o3=0.987 (+1.3%)
     bss_bytes: obj=1.0000, mean=1.0000, worsen=0.00%, vs_none=1.000 (+0.0%)  vs_oz=1.000 (+0.0%)  vs_o3=1.000 (+0.0%)
     dec_bytes: obj=0.9479, mean=0.9259, worsen=14.67%, vs_none=0.912 (+8.8%)  vs_oz=0.926 (+7.4%)  vs_o3=0.843 (+15.7%)
核心调优成本已写入: /root/exp/RFunipassLab/results/instrcount/summaries/20260504_024750_857326_feature_lite_seed464_core_tuning_cost.json
结果已写入: /root/exp/RFunipassLab/results/instrcount/summaries/20260504_024750_857326_feature_lite_seed464.json
总运行时间: 26768.91 秒
