# run_id: 20260508_075516_560175_feature_lite_seed460
# name: feature_lite
# group: feature_ablation
# description: 切换到 Lite 特征编码，保留其余搜索流程不变。
# changed: FEATURE_MODE=lite, GA_GEN=5, GA_POP=200, ITERS=100, MAX_SEQ_LEN=120, MIN_VAL_PROGRAMS=5, SEED_TOPK=0, TEST_TOPK=50, TRAIN_TOPK=200, VAL_RATIO=0.5
# result_json: /root/exp/RFunipassLab/results/instrcount/summaries/20260508_075516_560175_feature_lite_seed460.json
# started_at: 2026-05-08T07:55:16
# control_env:
#   BACKEND_OPT_LEVEL=-O0
#   BINARY_SIZE_METRIC=stripped_file_bytes
#   BINARY_SIZE_REPORT_METRICS=text_bytes,data_bytes,bss_bytes,dec_bytes
#   DECAY=0.5
#   EXPERIMENT_SEED=460
#   FEATURE_MODE=lite
#   GA_ELITE=0.1
#   GA_GEN=5
#   GA_MUT=0.8
#   GA_POP=200
#   GA_TOUR=3
#   ITERS=100
#   LOOP_NESTING_POLICY=wrap
#   MAX_SEQ_LEN=120
#   MIN_VAL_PROGRAMS=5
#   OBJECTIVE_BASELINE=oz
#   OBJECTIVE_KIND=instrcount
#   OBJ_HIGHVAR_W=0.0
#   OBJ_WORSEN_W=0.15
#   OFFSET=20
#   PROGRAM_POOL_KIND=auto
#   RF_EXPLAIN_COUNTERFACTUAL_ENABLE=1
#   RF_EXPLAIN_COUNTERFACTUAL_MAX_EVALS=50
#   RF_EXPLAIN_COUNTERFACTUAL_SPLIT=selection
#   RF_EXPLAIN_COUNTERFACTUAL_TOPK=5
#   RF_EXPLAIN_ENABLE=0
#   RF_EXPLAIN_HOLDOUT_RATIO=0.3
#   RF_EXPLAIN_MIN_SAMPLES=20
#   RF_EXPLAIN_MODE=final
#   RF_EXPLAIN_PERM_REPEATS=10
#   RF_EXPLAIN_TOPK=20
#   RNUM=256
#   RUNS=1
#   RUNTIME_EVAL_MAX_VARIANCE_PCT=15.0
#   RUNTIME_MAX_INNER_REPEATS=64
#   RUNTIME_MAX_VARIANCE_PCT=10.0
#   RUNTIME_REQUIRED_ROWS=0
#   RUNTIME_SAMPLES=5
#   RUNTIME_TARGET_SAMPLE_MS=30.0
#   RUNTIME_TIMEOUT_SEC=2.0
#   SCALE=10
#   SEED_TOPK=0
#   SPLIT_SEED=460
#   TEST_TOPK=50
#   TRAIN_TOPK=200
#   VAL_RATIO=0.5

Loading train/test rows from: /root/exp/RFunipassLab/data/tuning_results.csv
Loaded train programs:       200
Loaded initial seed seqs:    90
Loaded test programs:        50
Objective kind:              instrcount
Program pool kind:           tuning

Loading synergy graph from: /root/exp/RFunipassLab/data/Step3_EnumeratedPairs.csv
All passes (19): ['module(inferattrs)', 'module(scc-oz-module-inliner)', 'function(gvn-hoist)', 'cgscc(attributor-cgscc)', 'function(dse)', 'function(jump-threading)', 'function(dce)', 'module(attributor)', 'module(globalopt)', 'module(elim-avail-extern)', 'function(reassociate)', 'function(memcpyopt)', 'module(iroutliner)', 'function(instsimplify)', 'function(gvn-sink)', 'function(newgvn)', 'function(mem2reg)', 'loop(loop-simplifycfg)', 'function(lower-switch)']
Synergy edges: 176
Self-loop passes: {'function(newgvn)', 'cgscc(attributor-cgscc)', 'module(attributor)'}

============================================================
实验轮次 1 / 1
============================================================
============================================================
目标类型:      instrcount
目标基准:      -Oz
基准指标:      -Oz 基准指令数
优化指标:      归一化指令数
输入程序数:    200
输入次优序列数: 90
测试程序数:    50
Pass 词表大小: 19
协同边数:      176
自环 pass 数:  3
序列长度上限:  120
Loop 合法化策略: wrap
实验种子:      460
划分种子:      460
特征模式:      lite
RF 特征维度:   31
词表: ['module(inferattrs)', 'module(scc-oz-module-inliner)', 'function(gvn-hoist)', 'cgscc(attributor-cgscc)', 'function(dse)', 'function(jump-threading)', 'function(dce)', 'module(attributor)', 'module(globalopt)', 'module(elim-avail-extern)', 'function(reassociate)', 'function(memcpyopt)', 'module(iroutliner)', 'function(instsimplify)', 'function(gvn-sink)', 'function(newgvn)', 'function(mem2reg)', 'loop(loop-simplifycfg)', 'function(lower-switch)']
多目标权重:    mean=1.0, worsen=0.15, highvar=0.0

[Step 1.5] 训练程序切分...
  search_train 程序数: 100
  validation 程序数:   100
  split_signature(search_train): 0bf75313023fcd96df23526ac6add04788b5e92c
  split_signature(validation):   b982062f90419fc2260c12e6732e3483464dd095
  split_signature(test):         338de2e9059a195def93ad25199831a1b4a18c04

[Step 2] 计算 search_train 程序 -Oz 基准指令数...
[Step 2b] 计算 validation 程序 -Oz 基准指令数...
[Step 2c] 计算测试集程序 -Oz 基准指令数...

[Step 3] 评估初始 seed 序列（共 90 条）...

[Step 4] 开始贝叶斯优化（100 轮）...
GA search time: 8.36s, candidates: 359
  [iter   1/100] search_obj=0.9772  search_best=0.7741  validation_best=0.8067  EI=0.0115  rnum=159.9  len=14  syn_rate=0.28  mean=0.9472  worsen=20.00%  highvar=0.00%
GA search time: 7.19s, candidates: 357
  [iter   2/100] search_obj=1.0484  search_best=0.7741  validation_best=0.8067  EI=0.0108  rnum=157.7  len=18  syn_rate=0.36  mean=0.9914  worsen=38.00%  highvar=0.00%
GA search time: 7.40s, candidates: 355
  [iter   3/100] search_obj=1.0438  search_best=0.7741  validation_best=0.8067  EI=0.0082  rnum=155.6  len=43  syn_rate=0.57  mean=0.9733  worsen=47.00%  highvar=0.00%
GA search time: 6.90s, candidates: 353
  [iter   4/100] search_obj=0.9327  search_best=0.7741  validation_best=0.8067  EI=0.0092  rnum=153.4  len=15  syn_rate=0.33  mean=0.8832  worsen=33.00%  highvar=0.00%
GA search time: 5.32s, candidates: 351
  [iter   5/100] search_obj=0.9715  search_best=0.7741  validation_best=0.8067  EI=0.0076  rnum=151.3  len=18  syn_rate=0.44  mean=0.9460  worsen=17.00%  highvar=0.00%
GA search time: 13.06s, candidates: 349
  [iter   6/100] search_obj=0.8708  search_best=0.7741  validation_best=0.8067  EI=0.0101  rnum=149.1  len=19  syn_rate=0.45  mean=0.8498  worsen=14.00%  highvar=0.00%
GA search time: 7.50s, candidates: 346
  [iter   7/100] search_obj=0.9854  search_best=0.7741  validation_best=0.8067  EI=0.0091  rnum=147.0  len=42  syn_rate=0.45  mean=0.9614  worsen=16.00%  highvar=0.00%
GA search time: 5.32s, candidates: 344
  [iter   8/100] search_obj=0.9406  search_best=0.7741  validation_best=0.8067  EI=0.0074  rnum=144.8  len=18  syn_rate=0.32  mean=0.9136  worsen=18.00%  highvar=0.00%
GA search time: 3.45s, candidates: 342
  [iter   9/100] search_obj=1.1732  search_best=0.7741  validation_best=0.8067  EI=0.0057  rnum=142.7  len=16  syn_rate=0.19  mean=1.0997  worsen=49.00%  highvar=0.00%
GA search time: 2.79s, candidates: 340
  [iter  10/100] search_obj=0.7741  search_best=0.7741  validation_best=0.8067  EI=0.0048  rnum=140.5  len=15  syn_rate=0.32  mean=0.7606  worsen=9.00%  highvar=0.00%
GA search time: 3.48s, candidates: 338
  [iter  11/100] search_obj=0.9772  search_best=0.7741  validation_best=0.8067  EI=0.0088  rnum=138.4  len=16  syn_rate=0.28  mean=0.9472  worsen=20.00%  highvar=0.00%
GA search time: 4.43s, candidates: 336
  [iter  12/100] search_obj=0.9919  search_best=0.7741  validation_best=0.8067  EI=0.0106  rnum=136.3  len=19  syn_rate=0.37  mean=0.9394  worsen=35.00%  highvar=0.00%
GA search time: 2.83s, candidates: 334
  [iter  13/100] search_obj=0.7741  search_best=0.7741  validation_best=0.8067  EI=0.0103  rnum=134.2  len=16  syn_rate=0.32  mean=0.7606  worsen=9.00%  highvar=0.00%
GA search time: 6.16s, candidates: 332
  [iter  14/100] search_obj=1.0257  search_best=0.7741  validation_best=0.8067  EI=0.0083  rnum=132.1  len=44  syn_rate=0.48  mean=0.9957  worsen=20.00%  highvar=0.00%
GA search time: 4.10s, candidates: 329
  [iter  15/100] search_obj=0.7440  search_best=0.7440  validation_best=0.7733  EI=0.0081  rnum=130.0  len=19  syn_rate=0.32  mean=0.7305  worsen=9.00%  highvar=0.00%
GA search time: 8.27s, candidates: 327
  [iter  16/100] search_obj=0.7336  search_best=0.7336  validation_best=0.7385  EI=0.0093  rnum=127.9  len=23  syn_rate=0.38  mean=0.7201  worsen=9.00%  highvar=0.00%
GA search time: 8.93s, candidates: 325
  [iter  17/100] search_obj=0.8562  search_best=0.7336  validation_best=0.7385  EI=0.0236  rnum=125.8  len=38  syn_rate=0.46  mean=0.8382  worsen=12.00%  highvar=0.00%
GA search time: 4.90s, candidates: 323
  [iter  18/100] search_obj=0.7769  search_best=0.7336  validation_best=0.7385  EI=0.0168  rnum=123.7  len=20  syn_rate=0.31  mean=0.7649  worsen=8.00%  highvar=0.00%
GA search time: 4.44s, candidates: 321
  [iter  19/100] search_obj=0.7201  search_best=0.7201  validation_best=0.7193  EI=0.0191  rnum=121.6  len=29  syn_rate=0.39  mean=0.7066  worsen=9.00%  highvar=0.00%
GA search time: 5.72s, candidates: 319
  [iter  20/100] search_obj=0.7057  search_best=0.7057  validation_best=0.7183  EI=0.0170  rnum=119.6  len=29  syn_rate=0.39  mean=0.6982  worsen=5.00%  highvar=0.00%
GA search time: 4.62s, candidates: 317
  [iter  21/100] search_obj=0.7024  search_best=0.7024  validation_best=0.7165  EI=0.0170  rnum=117.5  len=30  syn_rate=0.39  mean=0.6949  worsen=5.00%  highvar=0.00%
GA search time: 6.54s, candidates: 315
  [iter  22/100] search_obj=0.7023  search_best=0.7023  validation_best=0.7151  EI=0.0195  rnum=115.5  len=60  syn_rate=0.47  mean=0.6948  worsen=5.00%  highvar=0.00%
GA search time: 12.11s, candidates: 313
  [iter  23/100] search_obj=0.9296  search_best=0.7023  validation_best=0.7151  EI=0.0233  rnum=113.5  len=91  syn_rate=0.53  mean=0.9086  worsen=14.00%  highvar=0.00%
GA search time: 8.60s, candidates: 311
  [iter  24/100] search_obj=0.7023  search_best=0.7023  validation_best=0.7151  EI=0.0182  rnum=111.5  len=70  syn_rate=0.47  mean=0.6948  worsen=5.00%  highvar=0.00%
GA search time: 11.19s, candidates: 309
  [iter  25/100] search_obj=0.7025  search_best=0.7023  validation_best=0.7151  EI=0.0199  rnum=109.5  len=76  syn_rate=0.51  mean=0.6950  worsen=5.00%  highvar=0.00%
GA search time: 17.73s, candidates: 307
  [iter  26/100] search_obj=1.0420  search_best=0.7023  validation_best=0.7151  EI=0.0206  rnum=107.6  len=88  syn_rate=0.43  mean=0.9865  worsen=37.00%  highvar=0.00%
GA search time: 16.34s, candidates: 305
  [iter  27/100] search_obj=0.9391  search_best=0.7023  validation_best=0.7151  EI=0.0226  rnum=105.6  len=83  syn_rate=0.51  mean=0.9136  worsen=17.00%  highvar=0.00%
GA search time: 9.62s, candidates: 303
  [iter  28/100] search_obj=0.7023  search_best=0.7023  validation_best=0.7151  EI=0.0216  rnum=103.7  len=72  syn_rate=0.47  mean=0.6948  worsen=5.00%  highvar=0.00%
GA search time: 6.95s, candidates: 301
  [iter  29/100] search_obj=0.9692  search_best=0.7023  validation_best=0.7151  EI=0.0187  rnum=101.7  len=76  syn_rate=0.31  mean=0.9422  worsen=18.00%  highvar=0.00%
GA search time: 11.07s, candidates: 299
  [iter  30/100] search_obj=0.7084  search_best=0.7023  validation_best=0.7150  EI=0.0213  rnum=99.8  len=74  syn_rate=0.47  mean=0.6994  worsen=6.00%  highvar=0.00%
GA search time: 10.86s, candidates: 297
  [iter  31/100] search_obj=0.7383  search_best=0.7023  validation_best=0.7150  EI=0.0207  rnum=97.9  len=63  syn_rate=0.47  mean=0.7293  worsen=6.00%  highvar=0.00%
GA search time: 9.70s, candidates: 296
  [iter  32/100] search_obj=0.7184  search_best=0.7023  validation_best=0.7150  EI=0.0211  rnum=96.1  len=30  syn_rate=0.44  mean=0.7049  worsen=9.00%  highvar=0.00%
GA search time: 7.39s, candidates: 294
  [iter  33/100] search_obj=0.7073  search_best=0.7023  validation_best=0.7150  EI=0.0212  rnum=94.2  len=73  syn_rate=0.47  mean=0.6998  worsen=5.00%  highvar=0.00%
GA search time: 9.35s, candidates: 292
  [iter  34/100] search_obj=0.7023  search_best=0.7023  validation_best=0.7150  EI=0.0232  rnum=92.4  len=106  syn_rate=0.47  mean=0.6948  worsen=5.00%  highvar=0.00%
GA search time: 14.17s, candidates: 290
  [iter  35/100] search_obj=1.4008  search_best=0.7023  validation_best=0.7150  EI=0.0229  rnum=90.5  len=35  syn_rate=0.42  mean=1.2703  worsen=87.00%  highvar=0.00%
GA search time: 10.67s, candidates: 288
  [iter  36/100] search_obj=1.0378  search_best=0.7023  validation_best=0.7150  EI=0.0281  rnum=88.7  len=49  syn_rate=0.39  mean=1.0048  worsen=22.00%  highvar=0.00%
GA search time: 11.52s, candidates: 286
  [iter  37/100] search_obj=0.9669  search_best=0.7023  validation_best=0.7150  EI=0.0217  rnum=87.0  len=48  syn_rate=0.43  mean=0.9429  worsen=16.00%  highvar=0.00%
GA search time: 15.34s, candidates: 285
  [iter  38/100] search_obj=0.7036  search_best=0.7023  validation_best=0.7150  EI=0.0272  rnum=85.2  len=35  syn_rate=0.41  mean=0.6961  worsen=5.00%  highvar=0.00%
GA search time: 13.55s, candidates: 283
  [iter  39/100] search_obj=0.7113  search_best=0.7023  validation_best=0.7150  EI=0.0243  rnum=83.5  len=43  syn_rate=0.35  mean=0.7038  worsen=5.00%  highvar=0.00%
GA search time: 12.63s, candidates: 281
  [iter  40/100] search_obj=0.9369  search_best=0.7023  validation_best=0.7150  EI=0.0220  rnum=81.7  len=120  syn_rate=0.44  mean=0.9114  worsen=17.00%  highvar=0.00%
GA search time: 13.56s, candidates: 280
  [iter  41/100] search_obj=0.7331  search_best=0.7023  validation_best=0.7150  EI=0.0234  rnum=80.0  len=31  syn_rate=0.36  mean=0.7256  worsen=5.00%  highvar=0.00%
GA search time: 9.56s, candidates: 278
  [iter  42/100] search_obj=0.9318  search_best=0.7023  validation_best=0.7150  EI=0.0204  rnum=78.4  len=75  syn_rate=0.51  mean=0.9093  worsen=15.00%  highvar=0.00%
GA search time: 10.74s, candidates: 276
  [iter  43/100] search_obj=0.9591  search_best=0.7023  validation_best=0.7150  EI=0.0290  rnum=76.7  len=30  syn_rate=0.40  mean=0.9411  worsen=12.00%  highvar=0.00%
GA search time: 11.98s, candidates: 275
  [iter  44/100] search_obj=0.9720  search_best=0.7023  validation_best=0.7150  EI=0.0211  rnum=75.1  len=36  syn_rate=0.40  mean=0.9510  worsen=14.00%  highvar=0.00%
GA search time: 9.84s, candidates: 273
  [iter  45/100] search_obj=0.7113  search_best=0.7023  validation_best=0.7150  EI=0.0234  rnum=73.4  len=38  syn_rate=0.39  mean=0.7038  worsen=5.00%  highvar=0.00%
GA search time: 12.11s, candidates: 271
  [iter  46/100] search_obj=0.7023  search_best=0.7023  validation_best=0.7150  EI=0.0196  rnum=71.8  len=95  syn_rate=0.47  mean=0.6948  worsen=5.00%  highvar=0.00%
GA search time: 12.52s, candidates: 270
  [iter  47/100] search_obj=0.9711  search_best=0.7023  validation_best=0.7150  EI=0.0256  rnum=70.3  len=95  syn_rate=0.48  mean=0.9501  worsen=14.00%  highvar=0.00%
GA search time: 12.03s, candidates: 268
  [iter  48/100] search_obj=0.7023  search_best=0.7023  validation_best=0.7150  EI=0.0224  rnum=68.7  len=58  syn_rate=0.47  mean=0.6948  worsen=5.00%  highvar=0.00%
GA search time: 13.58s, candidates: 267
  [iter  49/100] search_obj=0.7558  search_best=0.7023  validation_best=0.7150  EI=0.0252  rnum=67.2  len=70  syn_rate=0.47  mean=0.7453  worsen=7.00%  highvar=0.00%
GA search time: 15.03s, candidates: 265
  [iter  50/100] search_obj=0.7023  search_best=0.7023  validation_best=0.7150  EI=0.0237  rnum=65.7  len=60  syn_rate=0.47  mean=0.6948  worsen=5.00%  highvar=0.00%
GA search time: 14.33s, candidates: 264
  [iter  51/100] search_obj=1.0209  search_best=0.7023  validation_best=0.7150  EI=0.0244  rnum=64.2  len=80  syn_rate=0.47  mean=0.9939  worsen=18.00%  highvar=0.00%
GA search time: 13.25s, candidates: 262
  [iter  52/100] search_obj=0.7476  search_best=0.7023  validation_best=0.7150  EI=0.0248  rnum=62.7  len=59  syn_rate=0.47  mean=0.7386  worsen=6.00%  highvar=0.00%
GA search time: 14.61s, candidates: 261
  [iter  53/100] search_obj=0.7023  search_best=0.7023  validation_best=0.7150  EI=0.0218  rnum=61.3  len=107  syn_rate=0.47  mean=0.6948  worsen=5.00%  highvar=0.00%
GA search time: 14.00s, candidates: 259
  [iter  54/100] search_obj=0.7023  search_best=0.7023  validation_best=0.7150  EI=0.0242  rnum=59.8  len=79  syn_rate=0.47  mean=0.6948  worsen=5.00%  highvar=0.00%
GA search time: 14.57s, candidates: 258
  [iter  55/100] search_obj=0.7023  search_best=0.7023  validation_best=0.7143  EI=0.0231  rnum=58.4  len=81  syn_rate=0.47  mean=0.6948  worsen=5.00%  highvar=0.00%
GA search time: 13.89s, candidates: 257
  [iter  56/100] search_obj=0.7023  search_best=0.7023  validation_best=0.7143  EI=0.0241  rnum=57.0  len=84  syn_rate=0.47  mean=0.6948  worsen=5.00%  highvar=0.00%
GA search time: 15.20s, candidates: 255
  [iter  57/100] search_obj=0.7641  search_best=0.7023  validation_best=0.7143  EI=0.0225  rnum=55.7  len=91  syn_rate=0.47  mean=0.7551  worsen=6.00%  highvar=0.00%
GA search time: 15.28s, candidates: 254
  [iter  58/100] search_obj=0.7023  search_best=0.7023  validation_best=0.7143  EI=0.0226  rnum=54.3  len=95  syn_rate=0.47  mean=0.6948  worsen=5.00%  highvar=0.00%
GA search time: 14.63s, candidates: 253
  [iter  59/100] search_obj=0.9392  search_best=0.7023  validation_best=0.7143  EI=0.0235  rnum=53.0  len=84  syn_rate=0.40  mean=0.9122  worsen=18.00%  highvar=0.00%
GA search time: 16.43s, candidates: 251
  [iter  60/100] search_obj=0.7023  search_best=0.7023  validation_best=0.7143  EI=0.0225  rnum=51.7  len=110  syn_rate=0.47  mean=0.6948  worsen=5.00%  highvar=0.00%
GA search time: 15.29s, candidates: 250
  [iter  61/100] search_obj=1.0309  search_best=0.7023  validation_best=0.7143  EI=0.0227  rnum=50.5  len=50  syn_rate=0.47  mean=1.0024  worsen=19.00%  highvar=0.00%
GA search time: 15.79s, candidates: 249
  [iter  62/100] search_obj=0.7106  search_best=0.7023  validation_best=0.7143  EI=0.0226  rnum=49.2  len=98  syn_rate=0.47  mean=0.7031  worsen=5.00%  highvar=0.00%
GA search time: 17.06s, candidates: 247
  [iter  63/100] search_obj=0.9590  search_best=0.7023  validation_best=0.7143  EI=0.0224  rnum=48.0  len=74  syn_rate=0.46  mean=0.9395  worsen=13.00%  highvar=0.00%
GA search time: 14.41s, candidates: 246
  [iter  64/100] search_obj=0.7023  search_best=0.7023  validation_best=0.7143  EI=0.0210  rnum=46.8  len=99  syn_rate=0.47  mean=0.6948  worsen=5.00%  highvar=0.00%
GA search time: 14.76s, candidates: 245
  [iter  65/100] search_obj=0.7558  search_best=0.7023  validation_best=0.7143  EI=0.0233  rnum=45.6  len=99  syn_rate=0.47  mean=0.7453  worsen=7.00%  highvar=0.00%
GA search time: 16.15s, candidates: 244
  [iter  66/100] search_obj=0.7023  search_best=0.7023  validation_best=0.7143  EI=0.0224  rnum=44.4  len=95  syn_rate=0.47  mean=0.6948  worsen=5.00%  highvar=0.00%
GA search time: 16.16s, candidates: 243
  [iter  67/100] search_obj=0.7476  search_best=0.7023  validation_best=0.7143  EI=0.0216  rnum=43.3  len=69  syn_rate=0.47  mean=0.7386  worsen=6.00%  highvar=0.00%
GA search time: 14.57s, candidates: 242
  [iter  68/100] search_obj=0.7023  search_best=0.7023  validation_best=0.7143  EI=0.0203  rnum=42.2  len=86  syn_rate=0.47  mean=0.6948  worsen=5.00%  highvar=0.00%
GA search time: 14.78s, candidates: 241
  [iter  69/100] search_obj=0.7021  search_best=0.7021  validation_best=0.7126  EI=0.0202  rnum=41.1  len=99  syn_rate=0.47  mean=0.6946  worsen=5.00%  highvar=0.00%
GA search time: 13.99s, candidates: 239
  [iter  70/100] search_obj=0.7023  search_best=0.7021  validation_best=0.7126  EI=0.0225  rnum=40.0  len=113  syn_rate=0.47  mean=0.6948  worsen=5.00%  highvar=0.00%
GA search time: 13.90s, candidates: 238
  [iter  71/100] search_obj=1.6198  search_best=0.7021  validation_best=0.7126  EI=0.0314  rnum=38.9  len=25  syn_rate=0.34  mean=1.4923  worsen=85.00%  highvar=0.00%
GA search time: 12.03s, candidates: 237
  [iter  72/100] search_obj=0.7633  search_best=0.7021  validation_best=0.7126  EI=0.0205  rnum=37.9  len=62  syn_rate=0.47  mean=0.7543  worsen=6.00%  highvar=0.00%
GA search time: 11.44s, candidates: 236
  [iter  73/100] search_obj=0.9588  search_best=0.7021  validation_best=0.7126  EI=0.0236  rnum=36.9  len=71  syn_rate=0.47  mean=0.9393  worsen=13.00%  highvar=0.00%
GA search time: 13.30s, candidates: 235
  [iter  74/100] search_obj=0.7106  search_best=0.7021  validation_best=0.7126  EI=0.0213  rnum=35.9  len=108  syn_rate=0.47  mean=0.7031  worsen=5.00%  highvar=0.00%
GA search time: 12.98s, candidates: 234
  [iter  75/100] search_obj=0.9684  search_best=0.7021  validation_best=0.7126  EI=0.0226  rnum=34.9  len=108  syn_rate=0.31  mean=0.9414  worsen=18.00%  highvar=0.00%
GA search time: 14.43s, candidates: 233
  [iter  76/100] search_obj=0.7023  search_best=0.7021  validation_best=0.7126  EI=0.0197  rnum=33.9  len=95  syn_rate=0.47  mean=0.6948  worsen=5.00%  highvar=0.00%
GA search time: 11.68s, candidates: 233
  [iter  77/100] search_obj=0.7039  search_best=0.7021  validation_best=0.7126  EI=0.0220  rnum=33.0  len=49  syn_rate=0.44  mean=0.6964  worsen=5.00%  highvar=0.00%
GA search time: 13.53s, candidates: 232
  [iter  78/100] search_obj=0.7023  search_best=0.7021  validation_best=0.7126  EI=0.0221  rnum=32.1  len=94  syn_rate=0.47  mean=0.6948  worsen=5.00%  highvar=0.00%
GA search time: 13.37s, candidates: 231
  [iter  79/100] search_obj=0.9365  search_best=0.7021  validation_best=0.7126  EI=0.0294  rnum=31.2  len=30  syn_rate=0.34  mean=0.9110  worsen=17.00%  highvar=0.00%
GA search time: 11.61s, candidates: 230
  [iter  80/100] search_obj=0.7020  search_best=0.7020  validation_best=0.7126  EI=0.0209  rnum=30.3  len=75  syn_rate=0.47  mean=0.6945  worsen=5.00%  highvar=0.00%
GA search time: 11.31s, candidates: 229
  [iter  81/100] search_obj=0.7023  search_best=0.7020  validation_best=0.7126  EI=0.0218  rnum=29.5  len=64  syn_rate=0.47  mean=0.6948  worsen=5.00%  highvar=0.00%
GA search time: 11.41s, candidates: 228
  [iter  82/100] search_obj=0.7023  search_best=0.7020  validation_best=0.7126  EI=0.0205  rnum=28.6  len=83  syn_rate=0.47  mean=0.6948  worsen=5.00%  highvar=0.00%
GA search time: 13.71s, candidates: 227
  [iter  83/100] search_obj=0.7023  search_best=0.7020  validation_best=0.7126  EI=0.0204  rnum=27.8  len=95  syn_rate=0.47  mean=0.6948  worsen=5.00%  highvar=0.00%
GA search time: 11.09s, candidates: 226
  [iter  84/100] search_obj=0.7084  search_best=0.7020  validation_best=0.7126  EI=0.0191  rnum=27.0  len=64  syn_rate=0.47  mean=0.6994  worsen=6.00%  highvar=0.00%
GA search time: 13.37s, candidates: 226
  [iter  85/100] search_obj=0.7549  search_best=0.7020  validation_best=0.7126  EI=0.0214  rnum=26.2  len=75  syn_rate=0.47  mean=0.7444  worsen=7.00%  highvar=0.00%
GA search time: 11.48s, candidates: 225
  [iter  86/100] search_obj=0.9315  search_best=0.7020  validation_best=0.7126  EI=0.0198  rnum=25.4  len=120  syn_rate=0.47  mean=0.9090  worsen=15.00%  highvar=0.00%
GA search time: 10.68s, candidates: 224
  [iter  87/100] search_obj=0.9347  search_best=0.7020  validation_best=0.7126  EI=0.0194  rnum=24.7  len=73  syn_rate=0.47  mean=0.9122  worsen=15.00%  highvar=0.00%
GA search time: 8.85s, candidates: 223
  [iter  88/100] search_obj=0.7372  search_best=0.7020  validation_best=0.7126  EI=0.0196  rnum=24.0  len=36  syn_rate=0.42  mean=0.7297  worsen=5.00%  highvar=0.00%
GA search time: 9.33s, candidates: 223
  [iter  89/100] search_obj=0.7025  search_best=0.7020  validation_best=0.7126  EI=0.0198  rnum=23.3  len=58  syn_rate=0.46  mean=0.6950  worsen=5.00%  highvar=0.00%
GA search time: 7.56s, candidates: 222
  [iter  90/100] search_obj=0.7023  search_best=0.7020  validation_best=0.7126  EI=0.0199  rnum=22.6  len=75  syn_rate=0.47  mean=0.6948  worsen=5.00%  highvar=0.00%
GA search time: 8.46s, candidates: 221
  [iter  91/100] search_obj=0.7359  search_best=0.7020  validation_best=0.7126  EI=0.0202  rnum=21.9  len=30  syn_rate=0.40  mean=0.7284  worsen=5.00%  highvar=0.00%
GA search time: 9.86s, candidates: 221
  [iter  92/100] search_obj=0.7023  search_best=0.7020  validation_best=0.7126  EI=0.0194  rnum=21.2  len=108  syn_rate=0.47  mean=0.6948  worsen=5.00%  highvar=0.00%
GA search time: 8.95s, candidates: 220
  [iter  93/100] search_obj=1.0209  search_best=0.7020  validation_best=0.7126  EI=0.0178  rnum=20.6  len=89  syn_rate=0.45  mean=0.9939  worsen=18.00%  highvar=0.00%
GA search time: 8.82s, candidates: 219
  [iter  94/100] search_obj=0.9424  search_best=0.7020  validation_best=0.7126  EI=0.0191  rnum=19.9  len=89  syn_rate=0.47  mean=0.9169  worsen=17.00%  highvar=0.00%
GA search time: 11.27s, candidates: 219
  [iter  95/100] search_obj=0.9718  search_best=0.7020  validation_best=0.7126  EI=0.0222  rnum=19.3  len=72  syn_rate=0.47  mean=0.9508  worsen=14.00%  highvar=0.00%
GA search time: 9.45s, candidates: 218
  [iter  96/100] search_obj=0.7640  search_best=0.7020  validation_best=0.7126  EI=0.0190  rnum=18.7  len=77  syn_rate=0.46  mean=0.7550  worsen=6.00%  highvar=0.00%
GA search time: 9.40s, candidates: 218
  [iter  97/100] search_obj=0.7573  search_best=0.7020  validation_best=0.7126  EI=0.0189  rnum=18.1  len=78  syn_rate=0.47  mean=0.7483  worsen=6.00%  highvar=0.00%
GA search time: 10.14s, candidates: 217
  [iter  98/100] search_obj=1.7484  search_best=0.7020  validation_best=0.7126  EI=0.0212  rnum=17.6  len=29  syn_rate=0.40  mean=1.6074  worsen=94.00%  highvar=0.00%
GA search time: 12.88s, candidates: 216
  [iter  99/100] search_obj=0.7025  search_best=0.7020  validation_best=0.7126  EI=0.0192  rnum=17.0  len=76  syn_rate=0.51  mean=0.6950  worsen=5.00%  highvar=0.00%
GA search time: 9.44s, candidates: 216
  [iter 100/100] search_obj=1.0189  search_best=0.7020  validation_best=0.7126  EI=0.0190  rnum=16.5  len=65  syn_rate=0.44  mean=0.9934  worsen=17.00%  highvar=0.00%

[Step 5] 按 validation 选择最终通用序列...
  选择结果:
    search_train_obj=0.7020, search_train_mean=0.6945, search_train_worsen=5.00%, search_train_highvar=0.00%
    validation_obj=0.7126, validation_mean=0.7066, validation_worsen=4.00%, validation_highvar=0.00%

[Step 6] 在 validation 上执行消融后处理...

[Ablation-validation] 初始序列长度: 75, objective: 0.7126, mean_norm: 0.7066, worsen_rate: 4.00%
  移除 [74] module(iroutliner): objective 0.7126, mean_norm 0.7066, worsen_rate 4.00% (保留移除)
  移除 [73] module(elim-avail-extern): objective 0.7126, mean_norm 0.7066, worsen_rate 4.00% (保留移除)
  移除 [72] function(gvn-sink): objective 0.7126, mean_norm 0.7066, worsen_rate 4.00% (保留移除)
  移除 [71] function(gvn-sink): objective 0.7126, mean_norm 0.7066, worsen_rate 4.00% (保留移除)
  移除 [70] module(iroutliner): objective 0.7126, mean_norm 0.7066, worsen_rate 4.00% (保留移除)
  移除 [69] function(dce): objective 0.7126, mean_norm 0.7066, worsen_rate 4.00% (保留移除)
  移除 [68] module(elim-avail-extern): objective 0.7126, mean_norm 0.7066, worsen_rate 4.00% (保留移除)
  移除 [67] module(globalopt): objective 0.7126, mean_norm 0.7066, worsen_rate 4.00% (保留移除)
  移除 [66] module(scc-oz-module-inliner): objective 0.7126, mean_norm 0.7066, worsen_rate 4.00% (保留移除)
  移除 [65] module(attributor): objective 0.7126, mean_norm 0.7066, worsen_rate 4.00% (保留移除)
  移除 [64] module(globalopt): objective 0.7126, mean_norm 0.7066, worsen_rate 4.00% (保留移除)
  移除 [63] function(gvn-sink): objective 0.7126, mean_norm 0.7066, worsen_rate 4.00% (保留移除)
  移除 [62] module(scc-oz-module-inliner): objective 0.7126, mean_norm 0.7066, worsen_rate 4.00% (保留移除)
  移除 [61] module(scc-oz-module-inliner): objective 0.7133 > 0.7126 (恢复)
  移除 [60] module(attributor): objective 0.7126, mean_norm 0.7066, worsen_rate 4.00% (保留移除)
  移除 [59] module(attributor): objective 0.7126, mean_norm 0.7066, worsen_rate 4.00% (保留移除)
  移除 [58] module(globalopt): objective 0.7126, mean_norm 0.7066, worsen_rate 4.00% (保留移除)
  移除 [57] cgscc(attributor-cgscc): objective 0.7126, mean_norm 0.7066, worsen_rate 4.00% (保留移除)
  移除 [56] function(memcpyopt): objective 0.7126, mean_norm 0.7066, worsen_rate 4.00% (保留移除)
  移除 [55] function(memcpyopt): objective 0.7126, mean_norm 0.7066, worsen_rate 4.00% (保留移除)
  移除 [54] function(dse): objective 0.7126, mean_norm 0.7066, worsen_rate 4.00% (保留移除)
  移除 [53] function(jump-threading): objective 0.7126, mean_norm 0.7066, worsen_rate 4.00% (保留移除)
  移除 [52] module(iroutliner): objective 0.7126, mean_norm 0.7066, worsen_rate 4.00% (保留移除)
  移除 [51] module(attributor): objective 0.7126, mean_norm 0.7066, worsen_rate 4.00% (保留移除)
  移除 [50] module(globalopt): objective 0.7126, mean_norm 0.7066, worsen_rate 4.00% (保留移除)
  移除 [49] module(attributor): objective 0.7126, mean_norm 0.7066, worsen_rate 4.00% (保留移除)
  移除 [48] module(attributor): objective 0.7126, mean_norm 0.7066, worsen_rate 4.00% (保留移除)
  移除 [47] module(globalopt): objective 0.7126, mean_norm 0.7066, worsen_rate 4.00% (保留移除)
  移除 [46] cgscc(attributor-cgscc): objective 0.7126, mean_norm 0.7066, worsen_rate 4.00% (保留移除)
  移除 [45] function(memcpyopt): objective 0.7126, mean_norm 0.7066, worsen_rate 4.00% (保留移除)
  移除 [44] function(dse): objective 0.7126, mean_norm 0.7066, worsen_rate 4.00% (保留移除)
  移除 [43] function(jump-threading): objective 0.7126, mean_norm 0.7066, worsen_rate 4.00% (保留移除)
  移除 [42] module(iroutliner): objective 0.7126, mean_norm 0.7066, worsen_rate 4.00% (保留移除)
  移除 [41] module(attributor): objective 0.7126, mean_norm 0.7066, worsen_rate 4.00% (保留移除)
  移除 [40] module(globalopt): objective 0.7126, mean_norm 0.7066, worsen_rate 4.00% (保留移除)
  移除 [39] module(inferattrs): objective 0.7126, mean_norm 0.7066, worsen_rate 4.00% (保留移除)
  移除 [38] module(globalopt): objective 0.7126, mean_norm 0.7066, worsen_rate 4.00% (保留移除)
  移除 [37] module(iroutliner): objective 0.7126, mean_norm 0.7066, worsen_rate 4.00% (保留移除)
  移除 [36] module(elim-avail-extern): objective 0.7126, mean_norm 0.7066, worsen_rate 4.00% (保留移除)
  移除 [35] module(elim-avail-extern): objective 0.7126, mean_norm 0.7066, worsen_rate 4.00% (保留移除)
  移除 [34] module(iroutliner): objective 0.7126, mean_norm 0.7066, worsen_rate 4.00% (保留移除)
  移除 [33] module(elim-avail-extern): objective 0.7126, mean_norm 0.7066, worsen_rate 4.00% (保留移除)
  移除 [32] function(gvn-sink): objective 0.7126, mean_norm 0.7066, worsen_rate 4.00% (保留移除)
  移除 [31] function(gvn-sink): objective 0.7138 > 0.7126 (恢复)
  移除 [30] module(iroutliner): objective 0.7144 > 0.7126 (恢复)
  移除 [29] function(dce): objective 0.7126, mean_norm 0.7066, worsen_rate 4.00% (保留移除)
  移除 [28] module(elim-avail-extern): objective 0.7126, mean_norm 0.7066, worsen_rate 4.00% (保留移除)
  移除 [27] module(scc-oz-module-inliner): objective 0.7126, mean_norm 0.7066, worsen_rate 4.00% (保留移除)
  移除 [26] module(attributor): objective 0.7321 > 0.7126 (恢复)
  移除 [25] module(scc-oz-module-inliner): objective 0.7144 > 0.7126 (恢复)
  移除 [24] module(scc-oz-module-inliner): objective 0.7144 > 0.7126 (恢复)
  移除 [23] module(elim-avail-extern): objective 0.7126, mean_norm 0.7066, worsen_rate 4.00% (保留移除)
  移除 [22] module(globalopt): objective 0.7126, mean_norm 0.7066, worsen_rate 4.00% (保留移除)
  移除 [21] module(attributor): objective 0.7126, mean_norm 0.7066, worsen_rate 4.00% (保留移除)
  移除 [20] module(attributor): objective 0.7394 > 0.7126 (恢复)
  移除 [19] module(globalopt): objective 0.7126, mean_norm 0.7066, worsen_rate 4.00% (保留移除)
  移除 [18] cgscc(attributor-cgscc): objective 0.7148 > 0.7126 (恢复)
  移除 [17] function(memcpyopt): objective 0.7126, mean_norm 0.7066, worsen_rate 4.00% (保留移除)
  移除 [16] module(inferattrs): objective 0.7126, mean_norm 0.7066, worsen_rate 4.00% (保留移除)
  移除 [15] module(globalopt): objective 0.7126, mean_norm 0.7066, worsen_rate 4.00% (保留移除)
  移除 [14] module(iroutliner): objective 0.7126, mean_norm 0.7066, worsen_rate 4.00% (保留移除)
  移除 [13] module(elim-avail-extern): objective 0.7126, mean_norm 0.7066, worsen_rate 4.00% (保留移除)
  移除 [12] module(elim-avail-extern): objective 0.7126, mean_norm 0.7066, worsen_rate 4.00% (保留移除)
  移除 [11] module(iroutliner): objective 0.7151 > 0.7126 (恢复)
  移除 [10] function(memcpyopt): objective 0.7126, mean_norm 0.7066, worsen_rate 4.00% (保留移除)
  移除 [9] function(dse): objective 0.7236 > 0.7126 (恢复)
  移除 [8] function(jump-threading): objective 0.7239 > 0.7126 (恢复)
  移除 [7] module(iroutliner): objective 0.7300 > 0.7126 (恢复)
  移除 [6] module(attributor): objective 0.7725 > 0.7126 (恢复)
  移除 [5] module(globalopt): objective 0.7126, mean_norm 0.7066, worsen_rate 4.00% (保留移除)
  移除 [4] module(inferattrs): objective 0.7168 > 0.7126 (恢复)
  移除 [3] module(globalopt): objective 0.8510 > 0.7126 (恢复)
  移除 [2] module(iroutliner): objective 0.7417 > 0.7126 (恢复)
  移除 [1] module(elim-avail-extern): objective 0.7126, mean_norm 0.7066, worsen_rate 4.00% (保留移除)
  移除 [0] module(elim-avail-extern): objective 0.9430 > 0.7126 (恢复)
[Ablation-validation] 最终序列长度: 17, objective: 0.7126, mean_norm: 0.7066, worsen_rate: 4.00%, 移除了 58 个 pass
  消融有效: 75 → 17 passes, validation_objective: 0.7126 → 0.7126

最终通用 pass 序列（effective=17 个顶层 pass, raw=17 个 pass, syn_rate(raw)=0.24）:
  module(elim-avail-extern) → module(iroutliner) → module(globalopt) → module(inferattrs) → module(attributor) → module(iroutliner) → function(jump-threading) → function(dse) → module(iroutliner) → cgscc(attributor-cgscc) → module(attributor) → module(scc-oz-module-inliner) → module(scc-oz-module-inliner) → module(attributor) → module(iroutliner) → function(gvn-sink) → module(scc-oz-module-inliner)
  search_train_obj=0.7018, search_train_mean=0.6943, search_train_worsen=5.00%, search_train_highvar=0.00%
  validation_obj=0.7126, validation_mean=0.7066, validation_worsen=4.00%, validation_highvar=0.00%
  test_obj=0.7019, test_mean=0.6959, test_worsen=4.00%, test_highvar=0.00%

Top-5 最佳序列（按 validation 多目标 objective 升序）:
  #1: validation_obj=0.7126, validation_mean=0.7066, validation_worsen=4.00%, validation_highvar=0.00%, train_obj=0.7020, train_mean=0.6945, train_highvar=0.00%, len=75, syn_rate=0.47, test_obj=0.7019, test_mean=0.6959, test_worsen=4.00%, test_highvar=0.00%
     module(elim-avail-extern) → module(elim-avail-extern) → module(iroutliner) → module(globalopt) → module(inferattrs) → module(globalopt) → module(attributor) → module(iroutliner) → function(jump-threading) → function(dse) → function(memcpyopt) → module(iroutliner) → module(elim-avail-extern) → module(elim-avail-extern) → module(iroutliner) → module(globalopt) → module(inferattrs) → function(memcpyopt) → cgscc(attributor-cgscc) → module(globalopt) → module(attributor) → module(attributor) → module(globalopt) → module(elim-avail-extern) → module(scc-oz-module-inliner) → module(scc-oz-module-inliner) → module(attributor) → module(scc-oz-module-inliner) → module(elim-avail-extern) → function(dce) → module(iroutliner) → function(gvn-sink) → function(gvn-sink) → module(elim-avail-extern) → module(iroutliner) → module(elim-avail-extern) → module(elim-avail-extern) → module(iroutliner) → module(globalopt) → module(inferattrs) → module(globalopt) → module(attributor) → module(iroutliner) → function(jump-threading) → function(dse) → function(memcpyopt) → cgscc(attributor-cgscc) → module(globalopt) → module(attributor) → module(attributor) → module(globalopt) → module(attributor) → module(iroutliner) → function(jump-threading) → function(dse) → function(memcpyopt) → function(memcpyopt) → cgscc(attributor-cgscc) → module(globalopt) → module(attributor) → module(attributor) → module(scc-oz-module-inliner) → module(scc-oz-module-inliner) → function(gvn-sink) → module(globalopt) → module(attributor) → module(scc-oz-module-inliner) → module(globalopt) → module(elim-avail-extern) → function(dce) → module(iroutliner) → function(gvn-sink) → function(gvn-sink) → module(elim-avail-extern) → module(iroutliner)
  #2: validation_obj=0.7126, validation_mean=0.7066, validation_worsen=4.00%, validation_highvar=0.00%, train_obj=0.7021, train_mean=0.6946, train_highvar=0.00%, len=99, syn_rate=0.47, test_obj=0.7019, test_mean=0.6959, test_worsen=4.00%, test_highvar=0.00%
     module(elim-avail-extern) → module(elim-avail-extern) → module(iroutliner) → module(globalopt) → module(inferattrs) → module(globalopt) → module(attributor) → module(iroutliner) → function(jump-threading) → function(dse) → function(memcpyopt) → function(memcpyopt) → cgscc(attributor-cgscc) → module(globalopt) → module(attributor) → module(iroutliner) → module(elim-avail-extern) → module(attributor) → module(iroutliner) → module(globalopt) → module(inferattrs) → module(globalopt) → module(attributor) → module(iroutliner) → function(jump-threading) → function(dse) → function(memcpyopt) → cgscc(attributor-cgscc) → module(globalopt) → module(attributor) → module(attributor) → module(globalopt) → module(attributor) → module(iroutliner) → function(jump-threading) → function(dse) → function(memcpyopt) → function(memcpyopt) → cgscc(attributor-cgscc) → module(globalopt) → module(attributor) → module(attributor) → module(scc-oz-module-inliner) → module(scc-oz-module-inliner) → function(gvn-sink) → module(globalopt) → module(iroutliner) → module(scc-oz-module-inliner) → module(globalopt) → module(elim-avail-extern) → function(dce) → module(iroutliner) → function(gvn-sink) → function(gvn-sink) → module(elim-avail-extern) → module(iroutliner) → module(elim-avail-extern) → module(elim-avail-extern) → module(iroutliner) → module(globalopt) → module(inferattrs) → module(globalopt) → module(attributor) → function(dse) → function(jump-threading) → function(dse) → function(memcpyopt) → function(memcpyopt) → cgscc(attributor-cgscc) → module(globalopt) → module(elim-avail-extern) → module(attributor) → module(globalopt) → module(elim-avail-extern) → module(scc-oz-module-inliner) → module(scc-oz-module-inliner) → module(iroutliner) → module(scc-oz-module-inliner) → module(elim-avail-extern) → module(elim-avail-extern) → module(attributor) → module(scc-oz-module-inliner) → module(globalopt) → module(attributor) → module(iroutliner) → function(jump-threading) → function(dse) → function(memcpyopt) → function(memcpyopt) → cgscc(attributor-cgscc) → module(globalopt) → module(attributor) → module(attributor) → function(jump-threading) → module(elim-avail-extern) → module(globalopt) → module(elim-avail-extern) → module(scc-oz-module-inliner) → module(inferattrs)
  #3: validation_obj=0.7143, validation_mean=0.7083, validation_worsen=4.00%, validation_highvar=0.00%, train_obj=0.7023, train_mean=0.6948, train_highvar=0.00%, len=81, syn_rate=0.47, test_obj=0.7023, test_mean=0.6963, test_worsen=4.00%, test_highvar=0.00%
     module(elim-avail-extern) → function(memcpyopt) → module(iroutliner) → module(elim-avail-extern) → module(iroutliner) → module(globalopt) → module(inferattrs) → module(globalopt) → module(attributor) → module(iroutliner) → function(jump-threading) → function(dse) → function(memcpyopt) → function(memcpyopt) → cgscc(attributor-cgscc) → module(globalopt) → module(attributor) → module(attributor) → module(globalopt) → module(elim-avail-extern) → module(scc-oz-module-inliner) → module(scc-oz-module-inliner) → module(scc-oz-module-inliner) → module(iroutliner) → module(elim-avail-extern) → module(elim-avail-extern) → module(scc-oz-module-inliner) → function(gvn-sink) → module(globalopt) → module(elim-avail-extern) → function(dce) → module(iroutliner) → function(gvn-sink) → function(gvn-sink) → module(elim-avail-extern) → module(iroutliner) → module(elim-avail-extern) → cgscc(attributor-cgscc) → function(gvn-sink) → module(iroutliner) → module(globalopt) → module(inferattrs) → module(globalopt) → module(attributor) → module(iroutliner) → function(jump-threading) → function(dse) → function(memcpyopt) → function(memcpyopt) → cgscc(attributor-cgscc) → module(globalopt) → module(attributor) → module(attributor) → function(jump-threading) → module(elim-avail-extern) → module(globalopt) → module(elim-avail-extern) → module(scc-oz-module-inliner) → module(iroutliner) → module(attributor) → module(scc-oz-module-inliner) → function(memcpyopt) → function(memcpyopt) → cgscc(attributor-cgscc) → module(globalopt) → module(attributor) → module(attributor) → module(scc-oz-module-inliner) → module(scc-oz-module-inliner) → module(scc-oz-module-inliner) → function(gvn-sink) → module(globalopt) → module(iroutliner) → module(globalopt) → module(elim-avail-extern) → function(dce) → module(iroutliner) → function(gvn-sink) → function(gvn-sink) → module(elim-avail-extern) → module(iroutliner)
  #4: validation_obj=0.7150, validation_mean=0.7090, validation_worsen=4.00%, validation_highvar=0.00%, train_obj=0.7084, train_mean=0.6994, train_highvar=0.00%, len=64, syn_rate=0.47, test_obj=0.7005, test_mean=0.6945, test_worsen=4.00%, test_highvar=0.00%
     module(elim-avail-extern) → module(elim-avail-extern) → module(iroutliner) → module(globalopt) → module(inferattrs) → module(elim-avail-extern) → module(globalopt) → module(attributor) → module(iroutliner) → function(jump-threading) → function(dse) → function(memcpyopt) → function(memcpyopt) → cgscc(attributor-cgscc) → module(globalopt) → module(attributor) → module(attributor) → module(globalopt) → module(attributor) → function(gvn-sink) → module(elim-avail-extern) → module(scc-oz-module-inliner) → module(scc-oz-module-inliner) → module(attributor) → module(scc-oz-module-inliner) → module(globalopt) → module(elim-avail-extern) → function(dce) → module(iroutliner) → function(gvn-sink) → module(globalopt) → module(elim-avail-extern) → module(iroutliner) → module(elim-avail-extern) → module(elim-avail-extern) → module(iroutliner) → module(globalopt) → module(inferattrs) → module(globalopt) → module(attributor) → module(iroutliner) → function(jump-threading) → function(dse) → function(memcpyopt) → function(memcpyopt) → cgscc(attributor-cgscc) → module(globalopt) → module(attributor) → module(attributor) → module(scc-oz-module-inliner) → module(scc-oz-module-inliner) → function(gvn-sink) → module(globalopt) → module(attributor) → module(scc-oz-module-inliner) → module(globalopt) → module(iroutliner) → module(elim-avail-extern) → function(dce) → module(iroutliner) → function(gvn-sink) → function(gvn-sink) → module(elim-avail-extern) → module(iroutliner)
  #5: validation_obj=0.7150, validation_mean=0.7090, validation_worsen=4.00%, validation_highvar=0.00%, train_obj=0.7084, train_mean=0.6994, train_highvar=0.00%, len=74, syn_rate=0.47, test_obj=0.7005, test_mean=0.6945, test_worsen=4.00%, test_highvar=0.00%
     module(elim-avail-extern) → module(elim-avail-extern) → module(iroutliner) → module(globalopt) → module(inferattrs) → module(globalopt) → module(attributor) → module(iroutliner) → function(jump-threading) → function(dse) → function(memcpyopt) → function(memcpyopt) → cgscc(attributor-cgscc) → module(globalopt) → module(attributor) → module(attributor) → function(gvn-sink) → function(dce) → function(jump-threading) → module(elim-avail-extern) → module(globalopt) → module(elim-avail-extern) → module(scc-oz-module-inliner) → module(scc-oz-module-inliner) → module(attributor) → module(scc-oz-module-inliner) → module(globalopt) → module(elim-avail-extern) → function(dce) → module(iroutliner) → function(gvn-sink) → function(gvn-sink) → module(elim-avail-extern) → module(iroutliner) → module(elim-avail-extern) → module(elim-avail-extern) → module(iroutliner) → module(globalopt) → module(inferattrs) → module(globalopt) → module(attributor) → module(iroutliner) → function(jump-threading) → function(dse) → function(memcpyopt) → cgscc(attributor-cgscc) → module(globalopt) → module(attributor) → module(attributor) → module(globalopt) → module(attributor) → module(iroutliner) → function(jump-threading) → function(dse) → function(memcpyopt) → function(memcpyopt) → cgscc(attributor-cgscc) → module(globalopt) → module(attributor) → module(attributor) → module(scc-oz-module-inliner) → module(scc-oz-module-inliner) → module(scc-oz-module-inliner) → function(gvn-sink) → module(globalopt) → module(iroutliner) → module(globalopt) → module(elim-avail-extern) → function(dce) → module(iroutliner) → function(gvn-sink) → function(gvn-sink) → module(elim-avail-extern) → module(iroutliner)

============================================================
所有轮次中最优 validation objective: 0.7126
最优通用 pass 序列 (17 passes):
  module(elim-avail-extern) → module(iroutliner) → module(globalopt) → module(inferattrs) → module(attributor) → module(iroutliner) → function(jump-threading) → function(dse) → module(iroutliner) → cgscc(attributor-cgscc) → module(attributor) → module(scc-oz-module-inliner) → module(scc-oz-module-inliner) → module(attributor) → module(iroutliner) → function(gvn-sink) → module(scc-oz-module-inliner)
  search_train_obj=0.7018, search_train_mean=0.6943, search_train_worsen=5.00%, search_train_highvar=0.00%
  validation_obj=0.7126, validation_mean=0.7066, validation_worsen=4.00%, validation_highvar=0.00%
  test_obj=0.7019, test_mean=0.6959, test_worsen=4.00%, test_highvar=0.00%

最优轮次 Top-5 序列（含测试集效果，按 validation objective 升序）:
  #1: validation_obj=0.7126, validation_mean=0.7066, validation_worsen=4.00%, validation_highvar=0.00%, train_obj=0.7020, train_mean=0.6945, train_highvar=0.00%, len=75, syn_rate=0.47, test_obj=0.7019, test_mean=0.6959, test_worsen=4.00%, test_highvar=0.00%
     module(elim-avail-extern) → module(elim-avail-extern) → module(iroutliner) → module(globalopt) → module(inferattrs) → module(globalopt) → module(attributor) → module(iroutliner) → function(jump-threading) → function(dse) → function(memcpyopt) → module(iroutliner) → module(elim-avail-extern) → module(elim-avail-extern) → module(iroutliner) → module(globalopt) → module(inferattrs) → function(memcpyopt) → cgscc(attributor-cgscc) → module(globalopt) → module(attributor) → module(attributor) → module(globalopt) → module(elim-avail-extern) → module(scc-oz-module-inliner) → module(scc-oz-module-inliner) → module(attributor) → module(scc-oz-module-inliner) → module(elim-avail-extern) → function(dce) → module(iroutliner) → function(gvn-sink) → function(gvn-sink) → module(elim-avail-extern) → module(iroutliner) → module(elim-avail-extern) → module(elim-avail-extern) → module(iroutliner) → module(globalopt) → module(inferattrs) → module(globalopt) → module(attributor) → module(iroutliner) → function(jump-threading) → function(dse) → function(memcpyopt) → cgscc(attributor-cgscc) → module(globalopt) → module(attributor) → module(attributor) → module(globalopt) → module(attributor) → module(iroutliner) → function(jump-threading) → function(dse) → function(memcpyopt) → function(memcpyopt) → cgscc(attributor-cgscc) → module(globalopt) → module(attributor) → module(attributor) → module(scc-oz-module-inliner) → module(scc-oz-module-inliner) → function(gvn-sink) → module(globalopt) → module(attributor) → module(scc-oz-module-inliner) → module(globalopt) → module(elim-avail-extern) → function(dce) → module(iroutliner) → function(gvn-sink) → function(gvn-sink) → module(elim-avail-extern) → module(iroutliner)
  #2: validation_obj=0.7126, validation_mean=0.7066, validation_worsen=4.00%, validation_highvar=0.00%, train_obj=0.7021, train_mean=0.6946, train_highvar=0.00%, len=99, syn_rate=0.47, test_obj=0.7019, test_mean=0.6959, test_worsen=4.00%, test_highvar=0.00%
     module(elim-avail-extern) → module(elim-avail-extern) → module(iroutliner) → module(globalopt) → module(inferattrs) → module(globalopt) → module(attributor) → module(iroutliner) → function(jump-threading) → function(dse) → function(memcpyopt) → function(memcpyopt) → cgscc(attributor-cgscc) → module(globalopt) → module(attributor) → module(iroutliner) → module(elim-avail-extern) → module(attributor) → module(iroutliner) → module(globalopt) → module(inferattrs) → module(globalopt) → module(attributor) → module(iroutliner) → function(jump-threading) → function(dse) → function(memcpyopt) → cgscc(attributor-cgscc) → module(globalopt) → module(attributor) → module(attributor) → module(globalopt) → module(attributor) → module(iroutliner) → function(jump-threading) → function(dse) → function(memcpyopt) → function(memcpyopt) → cgscc(attributor-cgscc) → module(globalopt) → module(attributor) → module(attributor) → module(scc-oz-module-inliner) → module(scc-oz-module-inliner) → function(gvn-sink) → module(globalopt) → module(iroutliner) → module(scc-oz-module-inliner) → module(globalopt) → module(elim-avail-extern) → function(dce) → module(iroutliner) → function(gvn-sink) → function(gvn-sink) → module(elim-avail-extern) → module(iroutliner) → module(elim-avail-extern) → module(elim-avail-extern) → module(iroutliner) → module(globalopt) → module(inferattrs) → module(globalopt) → module(attributor) → function(dse) → function(jump-threading) → function(dse) → function(memcpyopt) → function(memcpyopt) → cgscc(attributor-cgscc) → module(globalopt) → module(elim-avail-extern) → module(attributor) → module(globalopt) → module(elim-avail-extern) → module(scc-oz-module-inliner) → module(scc-oz-module-inliner) → module(iroutliner) → module(scc-oz-module-inliner) → module(elim-avail-extern) → module(elim-avail-extern) → module(attributor) → module(scc-oz-module-inliner) → module(globalopt) → module(attributor) → module(iroutliner) → function(jump-threading) → function(dse) → function(memcpyopt) → function(memcpyopt) → cgscc(attributor-cgscc) → module(globalopt) → module(attributor) → module(attributor) → function(jump-threading) → module(elim-avail-extern) → module(globalopt) → module(elim-avail-extern) → module(scc-oz-module-inliner) → module(inferattrs)
  #3: validation_obj=0.7143, validation_mean=0.7083, validation_worsen=4.00%, validation_highvar=0.00%, train_obj=0.7023, train_mean=0.6948, train_highvar=0.00%, len=81, syn_rate=0.47, test_obj=0.7023, test_mean=0.6963, test_worsen=4.00%, test_highvar=0.00%
     module(elim-avail-extern) → function(memcpyopt) → module(iroutliner) → module(elim-avail-extern) → module(iroutliner) → module(globalopt) → module(inferattrs) → module(globalopt) → module(attributor) → module(iroutliner) → function(jump-threading) → function(dse) → function(memcpyopt) → function(memcpyopt) → cgscc(attributor-cgscc) → module(globalopt) → module(attributor) → module(attributor) → module(globalopt) → module(elim-avail-extern) → module(scc-oz-module-inliner) → module(scc-oz-module-inliner) → module(scc-oz-module-inliner) → module(iroutliner) → module(elim-avail-extern) → module(elim-avail-extern) → module(scc-oz-module-inliner) → function(gvn-sink) → module(globalopt) → module(elim-avail-extern) → function(dce) → module(iroutliner) → function(gvn-sink) → function(gvn-sink) → module(elim-avail-extern) → module(iroutliner) → module(elim-avail-extern) → cgscc(attributor-cgscc) → function(gvn-sink) → module(iroutliner) → module(globalopt) → module(inferattrs) → module(globalopt) → module(attributor) → module(iroutliner) → function(jump-threading) → function(dse) → function(memcpyopt) → function(memcpyopt) → cgscc(attributor-cgscc) → module(globalopt) → module(attributor) → module(attributor) → function(jump-threading) → module(elim-avail-extern) → module(globalopt) → module(elim-avail-extern) → module(scc-oz-module-inliner) → module(iroutliner) → module(attributor) → module(scc-oz-module-inliner) → function(memcpyopt) → function(memcpyopt) → cgscc(attributor-cgscc) → module(globalopt) → module(attributor) → module(attributor) → module(scc-oz-module-inliner) → module(scc-oz-module-inliner) → module(scc-oz-module-inliner) → function(gvn-sink) → module(globalopt) → module(iroutliner) → module(globalopt) → module(elim-avail-extern) → function(dce) → module(iroutliner) → function(gvn-sink) → function(gvn-sink) → module(elim-avail-extern) → module(iroutliner)
  #4: validation_obj=0.7150, validation_mean=0.7090, validation_worsen=4.00%, validation_highvar=0.00%, train_obj=0.7084, train_mean=0.6994, train_highvar=0.00%, len=64, syn_rate=0.47, test_obj=0.7005, test_mean=0.6945, test_worsen=4.00%, test_highvar=0.00%
     module(elim-avail-extern) → module(elim-avail-extern) → module(iroutliner) → module(globalopt) → module(inferattrs) → module(elim-avail-extern) → module(globalopt) → module(attributor) → module(iroutliner) → function(jump-threading) → function(dse) → function(memcpyopt) → function(memcpyopt) → cgscc(attributor-cgscc) → module(globalopt) → module(attributor) → module(attributor) → module(globalopt) → module(attributor) → function(gvn-sink) → module(elim-avail-extern) → module(scc-oz-module-inliner) → module(scc-oz-module-inliner) → module(attributor) → module(scc-oz-module-inliner) → module(globalopt) → module(elim-avail-extern) → function(dce) → module(iroutliner) → function(gvn-sink) → module(globalopt) → module(elim-avail-extern) → module(iroutliner) → module(elim-avail-extern) → module(elim-avail-extern) → module(iroutliner) → module(globalopt) → module(inferattrs) → module(globalopt) → module(attributor) → module(iroutliner) → function(jump-threading) → function(dse) → function(memcpyopt) → function(memcpyopt) → cgscc(attributor-cgscc) → module(globalopt) → module(attributor) → module(attributor) → module(scc-oz-module-inliner) → module(scc-oz-module-inliner) → function(gvn-sink) → module(globalopt) → module(attributor) → module(scc-oz-module-inliner) → module(globalopt) → module(iroutliner) → module(elim-avail-extern) → function(dce) → module(iroutliner) → function(gvn-sink) → function(gvn-sink) → module(elim-avail-extern) → module(iroutliner)
  #5: validation_obj=0.7150, validation_mean=0.7090, validation_worsen=4.00%, validation_highvar=0.00%, train_obj=0.7084, train_mean=0.6994, train_highvar=0.00%, len=74, syn_rate=0.47, test_obj=0.7005, test_mean=0.6945, test_worsen=4.00%, test_highvar=0.00%
     module(elim-avail-extern) → module(elim-avail-extern) → module(iroutliner) → module(globalopt) → module(inferattrs) → module(globalopt) → module(attributor) → module(iroutliner) → function(jump-threading) → function(dse) → function(memcpyopt) → function(memcpyopt) → cgscc(attributor-cgscc) → module(globalopt) → module(attributor) → module(attributor) → function(gvn-sink) → function(dce) → function(jump-threading) → module(elim-avail-extern) → module(globalopt) → module(elim-avail-extern) → module(scc-oz-module-inliner) → module(scc-oz-module-inliner) → module(attributor) → module(scc-oz-module-inliner) → module(globalopt) → module(elim-avail-extern) → function(dce) → module(iroutliner) → function(gvn-sink) → function(gvn-sink) → module(elim-avail-extern) → module(iroutliner) → module(elim-avail-extern) → module(elim-avail-extern) → module(iroutliner) → module(globalopt) → module(inferattrs) → module(globalopt) → module(attributor) → module(iroutliner) → function(jump-threading) → function(dse) → function(memcpyopt) → cgscc(attributor-cgscc) → module(globalopt) → module(attributor) → module(attributor) → module(globalopt) → module(attributor) → module(iroutliner) → function(jump-threading) → function(dse) → function(memcpyopt) → function(memcpyopt) → cgscc(attributor-cgscc) → module(globalopt) → module(attributor) → module(attributor) → module(scc-oz-module-inliner) → module(scc-oz-module-inliner) → module(scc-oz-module-inliner) → function(gvn-sink) → module(globalopt) → module(iroutliner) → module(globalopt) → module(elim-avail-extern) → function(dce) → module(iroutliner) → function(gvn-sink) → function(gvn-sink) → module(elim-avail-extern) → module(iroutliner)
binarysize_test: vs_none=0.999 (+0.1%)  vs_oz=0.999 (+0.1%)  vs_o3=0.981 (+1.9%) [metric=stripped_file_bytes]
binarysize_test[text_bytes]: vs_none=0.868 (+13.2%)  vs_oz=0.892 (+10.8%)  vs_o3=0.758 (+24.2%)
binarysize_test[data_bytes]: vs_none=0.984 (+1.6%)  vs_oz=0.992 (+0.8%)  vs_o3=0.986 (+1.4%)
binarysize_test[bss_bytes]: vs_none=1.000 (+0.0%)  vs_oz=1.000 (+0.0%)  vs_o3=1.000 (+0.0%)
binarysize_test[dec_bytes]: vs_none=0.894 (+10.6%)  vs_oz=0.918 (+8.2%)  vs_o3=0.820 (+18.0%)

最优轮次 Top-5 binarysize_test 序列面板（primary=stripped_file_bytes）:
  #1: len=75, syn_rate=0.47
     stripped_file_bytes: obj=1.0053, mean=0.9993, worsen=4.00%, vs_none=0.999 (+0.1%)  vs_oz=0.999 (+0.1%)  vs_o3=0.981 (+1.9%)
     text_bytes: obj=0.9023, mean=0.8903, worsen=8.00%, vs_none=0.867 (+13.3%)  vs_oz=0.890 (+11.0%)  vs_o3=0.757 (+24.3%)
     data_bytes: obj=1.0009, mean=0.9919, worsen=6.00%, vs_none=0.984 (+1.6%)  vs_oz=0.992 (+0.8%)  vs_o3=0.986 (+1.4%)
     bss_bytes: obj=1.0000, mean=1.0000, worsen=0.00%, vs_none=1.000 (+0.0%)  vs_oz=1.000 (+0.0%)  vs_o3=1.000 (+0.0%)
     dec_bytes: obj=0.9289, mean=0.9169, worsen=8.00%, vs_none=0.893 (+10.7%)  vs_oz=0.917 (+8.3%)  vs_o3=0.819 (+18.1%)
  #2: len=99, syn_rate=0.47
     stripped_file_bytes: obj=1.0053, mean=0.9993, worsen=4.00%, vs_none=0.999 (+0.1%)  vs_oz=0.999 (+0.1%)  vs_o3=0.981 (+1.9%)
     text_bytes: obj=0.9023, mean=0.8903, worsen=8.00%, vs_none=0.867 (+13.3%)  vs_oz=0.890 (+11.0%)  vs_o3=0.757 (+24.3%)
     data_bytes: obj=1.0009, mean=0.9919, worsen=6.00%, vs_none=0.984 (+1.6%)  vs_oz=0.992 (+0.8%)  vs_o3=0.986 (+1.4%)
     bss_bytes: obj=1.0000, mean=1.0000, worsen=0.00%, vs_none=1.000 (+0.0%)  vs_oz=1.000 (+0.0%)  vs_o3=1.000 (+0.0%)
     dec_bytes: obj=0.9289, mean=0.9169, worsen=8.00%, vs_none=0.893 (+10.7%)  vs_oz=0.917 (+8.3%)  vs_o3=0.819 (+18.1%)
  #3: len=81, syn_rate=0.47
     stripped_file_bytes: obj=1.0053, mean=0.9993, worsen=4.00%, vs_none=0.999 (+0.1%)  vs_oz=0.999 (+0.1%)  vs_o3=0.981 (+1.9%)
     text_bytes: obj=0.9023, mean=0.8903, worsen=8.00%, vs_none=0.867 (+13.3%)  vs_oz=0.890 (+11.0%)  vs_o3=0.757 (+24.3%)
     data_bytes: obj=1.0009, mean=0.9919, worsen=6.00%, vs_none=0.984 (+1.6%)  vs_oz=0.992 (+0.8%)  vs_o3=0.986 (+1.4%)
     bss_bytes: obj=1.0000, mean=1.0000, worsen=0.00%, vs_none=1.000 (+0.0%)  vs_oz=1.000 (+0.0%)  vs_o3=1.000 (+0.0%)
     dec_bytes: obj=0.9290, mean=0.9170, worsen=8.00%, vs_none=0.894 (+10.6%)  vs_oz=0.917 (+8.3%)  vs_o3=0.819 (+18.1%)
  #4: len=64, syn_rate=0.47
     stripped_file_bytes: obj=1.0053, mean=0.9993, worsen=4.00%, vs_none=0.999 (+0.1%)  vs_oz=0.999 (+0.1%)  vs_o3=0.981 (+1.9%)
     text_bytes: obj=0.9015, mean=0.8895, worsen=8.00%, vs_none=0.866 (+13.4%)  vs_oz=0.890 (+11.0%)  vs_o3=0.756 (+24.4%)
     data_bytes: obj=1.0009, mean=0.9919, worsen=6.00%, vs_none=0.984 (+1.6%)  vs_oz=0.992 (+0.8%)  vs_o3=0.986 (+1.4%)
     bss_bytes: obj=1.0000, mean=1.0000, worsen=0.00%, vs_none=1.000 (+0.0%)  vs_oz=1.000 (+0.0%)  vs_o3=1.000 (+0.0%)
     dec_bytes: obj=0.9283, mean=0.9163, worsen=8.00%, vs_none=0.893 (+10.7%)  vs_oz=0.916 (+8.4%)  vs_o3=0.818 (+18.2%)
  #5: len=74, syn_rate=0.47
     stripped_file_bytes: obj=1.0053, mean=0.9993, worsen=4.00%, vs_none=0.999 (+0.1%)  vs_oz=0.999 (+0.1%)  vs_o3=0.981 (+1.9%)
     text_bytes: obj=0.9015, mean=0.8895, worsen=8.00%, vs_none=0.866 (+13.4%)  vs_oz=0.890 (+11.0%)  vs_o3=0.756 (+24.4%)
     data_bytes: obj=1.0009, mean=0.9919, worsen=6.00%, vs_none=0.984 (+1.6%)  vs_oz=0.992 (+0.8%)  vs_o3=0.986 (+1.4%)
     bss_bytes: obj=1.0000, mean=1.0000, worsen=0.00%, vs_none=1.000 (+0.0%)  vs_oz=1.000 (+0.0%)  vs_o3=1.000 (+0.0%)
     dec_bytes: obj=0.9283, mean=0.9163, worsen=8.00%, vs_none=0.893 (+10.7%)  vs_oz=0.916 (+8.4%)  vs_o3=0.818 (+18.2%)
核心调优成本已写入: /root/exp/RFunipassLab/results/instrcount/summaries/20260508_075516_560175_feature_lite_seed460_core_tuning_cost.json
结果已写入: /root/exp/RFunipassLab/results/instrcount/summaries/20260508_075516_560175_feature_lite_seed460.json
总运行时间: 2683.44 秒
