# run_id: 20260508_101842_198035_feature_lite_seed458
# name: feature_lite
# group: feature_ablation
# description: 切换到 Lite 特征编码，保留其余搜索流程不变。
# changed: FEATURE_MODE=lite, GA_GEN=5, GA_POP=200, ITERS=100, MAX_SEQ_LEN=120, MIN_VAL_PROGRAMS=5, SEED_TOPK=0, TEST_TOPK=50, TRAIN_TOPK=200, VAL_RATIO=0.5
# result_json: /root/exp/RFunipassLab/results/instrcount/summaries/20260508_101842_198035_feature_lite_seed458.json
# started_at: 2026-05-08T10:18:42
# control_env:
#   BACKEND_OPT_LEVEL=-O0
#   BINARY_SIZE_METRIC=stripped_file_bytes
#   BINARY_SIZE_REPORT_METRICS=text_bytes,data_bytes,bss_bytes,dec_bytes
#   DECAY=0.5
#   EXPERIMENT_SEED=458
#   FEATURE_MODE=lite
#   GA_ELITE=0.1
#   GA_GEN=5
#   GA_MUT=0.8
#   GA_POP=200
#   GA_TOUR=3
#   ITERS=100
#   LOOP_NESTING_POLICY=wrap
#   MAX_SEQ_LEN=120
#   MIN_VAL_PROGRAMS=5
#   OBJECTIVE_BASELINE=oz
#   OBJECTIVE_KIND=instrcount
#   OBJ_HIGHVAR_W=0.0
#   OBJ_WORSEN_W=0.20
#   OFFSET=20
#   PROGRAM_POOL_KIND=auto
#   RF_EXPLAIN_COUNTERFACTUAL_ENABLE=1
#   RF_EXPLAIN_COUNTERFACTUAL_MAX_EVALS=50
#   RF_EXPLAIN_COUNTERFACTUAL_SPLIT=selection
#   RF_EXPLAIN_COUNTERFACTUAL_TOPK=5
#   RF_EXPLAIN_ENABLE=0
#   RF_EXPLAIN_HOLDOUT_RATIO=0.3
#   RF_EXPLAIN_MIN_SAMPLES=20
#   RF_EXPLAIN_MODE=final
#   RF_EXPLAIN_PERM_REPEATS=10
#   RF_EXPLAIN_TOPK=20
#   RNUM=256
#   RUNS=1
#   RUNTIME_EVAL_MAX_VARIANCE_PCT=15.0
#   RUNTIME_MAX_INNER_REPEATS=64
#   RUNTIME_MAX_VARIANCE_PCT=10.0
#   RUNTIME_REQUIRED_ROWS=0
#   RUNTIME_SAMPLES=5
#   RUNTIME_TARGET_SAMPLE_MS=30.0
#   RUNTIME_TIMEOUT_SEC=2.0
#   SCALE=10
#   SEED_TOPK=0
#   SPLIT_SEED=458
#   TEST_TOPK=50
#   TRAIN_TOPK=200
#   VAL_RATIO=0.5

Loading train/test rows from: /root/exp/RFunipassLab/data/tuning_results.csv
Loaded train programs:       200
Loaded initial seed seqs:    79
Loaded test programs:        50
Objective kind:              instrcount
Program pool kind:           tuning

Loading synergy graph from: /root/exp/RFunipassLab/data/Step3_EnumeratedPairs.csv
All passes (19): ['module(elim-avail-extern)', 'function(mem2reg)', 'function(instsimplify)', 'module(iroutliner)', 'function(reassociate)', 'function(memcpyopt)', 'function(gvn-hoist)', 'function(dce)', 'function(jump-threading)', 'module(globalopt)', 'module(attributor)', 'cgscc(attributor-cgscc)', 'function(gvn-sink)', 'module(scc-oz-module-inliner)', 'function(dse)', 'function(newgvn)', 'module(inferattrs)', 'loop(loop-simplifycfg)', 'function(lower-switch)']
Synergy edges: 176
Self-loop passes: {'module(attributor)', 'cgscc(attributor-cgscc)', 'function(newgvn)'}

============================================================
实验轮次 1 / 1
============================================================
============================================================
目标类型:      instrcount
目标基准:      -Oz
基准指标:      -Oz 基准指令数
优化指标:      归一化指令数
输入程序数:    200
输入次优序列数: 79
测试程序数:    50
Pass 词表大小: 19
协同边数:      176
自环 pass 数:  3
序列长度上限:  120
Loop 合法化策略: wrap
实验种子:      458
划分种子:      458
特征模式:      lite
RF 特征维度:   31
词表: ['module(elim-avail-extern)', 'function(mem2reg)', 'function(instsimplify)', 'module(iroutliner)', 'function(reassociate)', 'function(memcpyopt)', 'function(gvn-hoist)', 'function(dce)', 'function(jump-threading)', 'module(globalopt)', 'module(attributor)', 'cgscc(attributor-cgscc)', 'function(gvn-sink)', 'module(scc-oz-module-inliner)', 'function(dse)', 'function(newgvn)', 'module(inferattrs)', 'loop(loop-simplifycfg)', 'function(lower-switch)']
多目标权重:    mean=1.0, worsen=0.2, highvar=0.0

[Step 1.5] 训练程序切分...
  search_train 程序数: 100
  validation 程序数:   100
  split_signature(search_train): 8c651010a3ff27fec9f7e5d5efa9cee41062e869
  split_signature(validation):   dd8f07df3ff69242e6dacb9d6936f2a026580e81
  split_signature(test):         a482a9715f2cdbf9817e6c112cc95b7aa635e4fb

[Step 2] 计算 search_train 程序 -Oz 基准指令数...
[Step 2b] 计算 validation 程序 -Oz 基准指令数...
[Step 2c] 计算测试集程序 -Oz 基准指令数...

[Step 3] 评估初始 seed 序列（共 79 条）...

[Step 4] 开始贝叶斯优化（100 轮）...
GA search time: 14.39s, candidates: 383
  [iter   1/100] search_obj=1.2409  search_best=0.8033  validation_best=0.8017  EI=0.0268  rnum=183.2  len=47  syn_rate=0.61  mean=1.0989  worsen=71.00%  highvar=0.00%
GA search time: 18.30s, candidates: 381
  [iter   2/100] search_obj=1.2127  search_best=0.8033  validation_best=0.8017  EI=0.0151  rnum=181.1  len=31  syn_rate=0.51  mean=1.0447  worsen=84.00%  highvar=0.00%
GA search time: 11.62s, candidates: 379
  [iter   3/100] search_obj=0.8225  search_best=0.8033  validation_best=0.8017  EI=0.0189  rnum=179.0  len=24  syn_rate=0.52  mean=0.8045  worsen=9.00%  highvar=0.00%
GA search time: 8.84s, candidates: 376
  [iter   4/100] search_obj=0.8253  search_best=0.8033  validation_best=0.8017  EI=0.0188  rnum=176.9  len=30  syn_rate=0.55  mean=0.8053  worsen=10.00%  highvar=0.00%
GA search time: 10.38s, candidates: 374
  [iter   5/100] search_obj=0.8515  search_best=0.8033  validation_best=0.8017  EI=0.0208  rnum=174.8  len=43  syn_rate=0.55  mean=0.8355  worsen=8.00%  highvar=0.00%
GA search time: 12.51s, candidates: 372
  [iter   6/100] search_obj=0.8419  search_best=0.8033  validation_best=0.8017  EI=0.0198  rnum=172.7  len=29  syn_rate=0.50  mean=0.8259  worsen=8.00%  highvar=0.00%
GA search time: 11.33s, candidates: 370
  [iter   7/100] search_obj=1.2205  search_best=0.8033  validation_best=0.8017  EI=0.0188  rnum=170.6  len=37  syn_rate=0.50  mean=1.0485  worsen=86.00%  highvar=0.00%
GA search time: 5.89s, candidates: 368
  [iter   8/100] search_obj=0.8231  search_best=0.8033  validation_best=0.8017  EI=0.0214  rnum=168.4  len=33  syn_rate=0.63  mean=0.8031  worsen=10.00%  highvar=0.00%
GA search time: 12.52s, candidates: 366
  [iter   9/100] search_obj=1.1094  search_best=0.8033  validation_best=0.8017  EI=0.0220  rnum=166.3  len=41  syn_rate=0.41  mean=0.9794  worsen=65.00%  highvar=0.00%
GA search time: 7.52s, candidates: 364
  [iter  10/100] search_obj=1.2197  search_best=0.8033  validation_best=0.8017  EI=0.0220  rnum=164.2  len=34  syn_rate=0.57  mean=1.0477  worsen=86.00%  highvar=0.00%
GA search time: 4.08s, candidates: 362
  [iter  11/100] search_obj=0.8111  search_best=0.8033  validation_best=0.8017  EI=0.0215  rnum=162.0  len=25  syn_rate=0.57  mean=0.7951  worsen=8.00%  highvar=0.00%
GA search time: 6.04s, candidates: 359
  [iter  12/100] search_obj=1.1381  search_best=0.8033  validation_best=0.8017  EI=0.0205  rnum=159.9  len=33  syn_rate=0.55  mean=1.0221  worsen=58.00%  highvar=0.00%
GA search time: 3.41s, candidates: 357
  [iter  13/100] search_obj=1.2052  search_best=0.8033  validation_best=0.8017  EI=0.0222  rnum=157.7  len=31  syn_rate=0.46  mean=1.0592  worsen=73.00%  highvar=0.00%
GA search time: 4.54s, candidates: 355
  [iter  14/100] search_obj=1.1083  search_best=0.8033  validation_best=0.8017  EI=0.0212  rnum=155.6  len=30  syn_rate=0.52  mean=0.9803  worsen=64.00%  highvar=0.00%
GA search time: 4.30s, candidates: 353
  [iter  15/100] search_obj=1.1053  search_best=0.8033  validation_best=0.8017  EI=0.0209  rnum=153.4  len=30  syn_rate=0.50  mean=0.9793  worsen=63.00%  highvar=0.00%
GA search time: 4.72s, candidates: 351
  [iter  16/100] search_obj=1.2073  search_best=0.8033  validation_best=0.8017  EI=0.0198  rnum=151.3  len=53  syn_rate=0.66  mean=1.0433  worsen=82.00%  highvar=0.00%
GA search time: 2.55s, candidates: 349
  [iter  17/100] search_obj=0.8630  search_best=0.8033  validation_best=0.8017  EI=0.0180  rnum=149.1  len=27  syn_rate=0.52  mean=0.8430  worsen=10.00%  highvar=0.00%
GA search time: 2.22s, candidates: 346
  [iter  18/100] search_obj=0.9570  search_best=0.8033  validation_best=0.8017  EI=0.0175  rnum=147.0  len=22  syn_rate=0.38  mean=0.9190  worsen=19.00%  highvar=0.00%
GA search time: 2.30s, candidates: 344
  [iter  19/100] search_obj=1.0434  search_best=0.8033  validation_best=0.8017  EI=0.0174  rnum=144.8  len=25  syn_rate=0.45  mean=0.9994  worsen=22.00%  highvar=0.00%
GA search time: 2.26s, candidates: 342
  [iter  20/100] search_obj=0.8231  search_best=0.8033  validation_best=0.8017  EI=0.0171  rnum=142.7  len=33  syn_rate=0.64  mean=0.8031  worsen=10.00%  highvar=0.00%
GA search time: 2.39s, candidates: 340
  [iter  21/100] search_obj=1.1096  search_best=0.8033  validation_best=0.8017  EI=0.0185  rnum=140.5  len=26  syn_rate=0.52  mean=0.9816  worsen=64.00%  highvar=0.00%
GA search time: 2.38s, candidates: 338
  [iter  22/100] search_obj=0.7447  search_best=0.7447  validation_best=0.7765  EI=0.0176  rnum=138.4  len=32  syn_rate=0.55  mean=0.7267  worsen=9.00%  highvar=0.00%
GA search time: 3.80s, candidates: 336
  [iter  23/100] search_obj=0.7447  search_best=0.7447  validation_best=0.7765  EI=0.0212  rnum=136.3  len=34  syn_rate=0.55  mean=0.7267  worsen=9.00%  highvar=0.00%
GA search time: 4.37s, candidates: 334
  [iter  24/100] search_obj=0.7442  search_best=0.7442  validation_best=0.7764  EI=0.0305  rnum=134.2  len=35  syn_rate=0.55  mean=0.7262  worsen=9.00%  highvar=0.00%
GA search time: 4.59s, candidates: 332
  [iter  25/100] search_obj=0.7451  search_best=0.7442  validation_best=0.7764  EI=0.0348  rnum=132.1  len=37  syn_rate=0.55  mean=0.7271  worsen=9.00%  highvar=0.00%
GA search time: 6.08s, candidates: 329
  [iter  26/100] search_obj=0.7451  search_best=0.7442  validation_best=0.7764  EI=0.0324  rnum=130.0  len=46  syn_rate=0.56  mean=0.7271  worsen=9.00%  highvar=0.00%
GA search time: 5.57s, candidates: 327
  [iter  27/100] search_obj=0.7413  search_best=0.7413  validation_best=0.7709  EI=0.0360  rnum=127.9  len=38  syn_rate=0.57  mean=0.7253  worsen=8.00%  highvar=0.00%
GA search time: 8.75s, candidates: 325
  [iter  28/100] search_obj=0.9516  search_best=0.7413  validation_best=0.7709  EI=0.0344  rnum=125.8  len=93  syn_rate=0.69  mean=0.9076  worsen=22.00%  highvar=0.00%
GA search time: 7.93s, candidates: 323
  [iter  29/100] search_obj=0.7903  search_best=0.7413  validation_best=0.7709  EI=0.0308  rnum=123.7  len=39  syn_rate=0.61  mean=0.7323  worsen=29.00%  highvar=0.00%
GA search time: 5.49s, candidates: 321
  [iter  30/100] search_obj=0.7524  search_best=0.7413  validation_best=0.7709  EI=0.0285  rnum=121.6  len=36  syn_rate=0.63  mean=0.7344  worsen=9.00%  highvar=0.00%
GA search time: 8.46s, candidates: 319
  [iter  31/100] search_obj=0.7385  search_best=0.7385  validation_best=0.7709  EI=0.0271  rnum=119.6  len=40  syn_rate=0.57  mean=0.7205  worsen=9.00%  highvar=0.00%
GA search time: 6.34s, candidates: 317
  [iter  32/100] search_obj=0.8675  search_best=0.7385  validation_best=0.7709  EI=0.0294  rnum=117.5  len=59  syn_rate=0.57  mean=0.7935  worsen=37.00%  highvar=0.00%
GA search time: 6.24s, candidates: 315
  [iter  33/100] search_obj=1.3064  search_best=0.7385  validation_best=0.7709  EI=0.0289  rnum=115.5  len=41  syn_rate=0.52  mean=1.1244  worsen=91.00%  highvar=0.00%
GA search time: 5.59s, candidates: 313
  [iter  34/100] search_obj=1.0536  search_best=0.7385  validation_best=0.7709  EI=0.0298  rnum=113.5  len=36  syn_rate=0.55  mean=0.9376  worsen=58.00%  highvar=0.00%
GA search time: 6.47s, candidates: 311
  [iter  35/100] search_obj=0.7579  search_best=0.7385  validation_best=0.7700  EI=0.0277  rnum=111.5  len=39  syn_rate=0.55  mean=0.7479  worsen=5.00%  highvar=0.00%
GA search time: 4.65s, candidates: 309
  [iter  36/100] search_obj=0.7509  search_best=0.7385  validation_best=0.7700  EI=0.0328  rnum=109.5  len=38  syn_rate=0.65  mean=0.7329  worsen=9.00%  highvar=0.00%
GA search time: 5.42s, candidates: 307
  [iter  37/100] search_obj=1.2302  search_best=0.7385  validation_best=0.7700  EI=0.0299  rnum=107.6  len=80  syn_rate=0.56  mean=1.0922  worsen=69.00%  highvar=0.00%
GA search time: 6.73s, candidates: 305
  [iter  38/100] search_obj=0.7509  search_best=0.7385  validation_best=0.7700  EI=0.0355  rnum=105.6  len=42  syn_rate=0.65  mean=0.7329  worsen=9.00%  highvar=0.00%
GA search time: 5.95s, candidates: 303
  [iter  39/100] search_obj=0.7514  search_best=0.7385  validation_best=0.7700  EI=0.0342  rnum=103.7  len=37  syn_rate=0.63  mean=0.7334  worsen=9.00%  highvar=0.00%
GA search time: 6.17s, candidates: 301
  [iter  40/100] search_obj=0.7470  search_best=0.7385  validation_best=0.7497  EI=0.0338  rnum=101.7  len=40  syn_rate=0.64  mean=0.7310  worsen=8.00%  highvar=0.00%
GA search time: 4.95s, candidates: 299
  [iter  41/100] search_obj=0.8480  search_best=0.7385  validation_best=0.7497  EI=0.0275  rnum=99.8  len=41  syn_rate=0.57  mean=0.7780  worsen=35.00%  highvar=0.00%
GA search time: 6.47s, candidates: 297
  [iter  42/100] search_obj=0.8626  search_best=0.7385  validation_best=0.7497  EI=0.0289  rnum=97.9  len=59  syn_rate=0.60  mean=0.8366  worsen=13.00%  highvar=0.00%
GA search time: 5.55s, candidates: 296
  [iter  43/100] search_obj=0.8585  search_best=0.7385  validation_best=0.7497  EI=0.0240  rnum=96.1  len=36  syn_rate=0.55  mean=0.8345  worsen=12.00%  highvar=0.00%
GA search time: 5.43s, candidates: 294
  [iter  44/100] search_obj=0.7418  search_best=0.7385  validation_best=0.7497  EI=0.0259  rnum=94.2  len=38  syn_rate=0.60  mean=0.7238  worsen=9.00%  highvar=0.00%
GA search time: 4.35s, candidates: 292
  [iter  45/100] search_obj=0.7433  search_best=0.7385  validation_best=0.7497  EI=0.0258  rnum=92.4  len=49  syn_rate=0.62  mean=0.7253  worsen=9.00%  highvar=0.00%
GA search time: 5.79s, candidates: 290
  [iter  46/100] search_obj=0.8449  search_best=0.7385  validation_best=0.7497  EI=0.0331  rnum=90.5  len=39  syn_rate=0.68  mean=0.8249  worsen=10.00%  highvar=0.00%
GA search time: 7.01s, candidates: 288
  [iter  47/100] search_obj=1.2197  search_best=0.7385  validation_best=0.7497  EI=0.0374  rnum=88.7  len=43  syn_rate=0.59  mean=1.0477  worsen=86.00%  highvar=0.00%
GA search time: 6.66s, candidates: 286
  [iter  48/100] search_obj=0.7614  search_best=0.7385  validation_best=0.7497  EI=0.0266  rnum=87.0  len=35  syn_rate=0.54  mean=0.7514  worsen=5.00%  highvar=0.00%
GA search time: 5.59s, candidates: 285
  [iter  49/100] search_obj=0.7434  search_best=0.7385  validation_best=0.7497  EI=0.0313  rnum=85.2  len=40  syn_rate=0.66  mean=0.7274  worsen=8.00%  highvar=0.00%
GA search time: 5.84s, candidates: 283
  [iter  50/100] search_obj=0.7358  search_best=0.7358  validation_best=0.7497  EI=0.0296  rnum=83.5  len=40  syn_rate=0.61  mean=0.7198  worsen=8.00%  highvar=0.00%
GA search time: 5.05s, candidates: 281
  [iter  51/100] search_obj=0.7413  search_best=0.7358  validation_best=0.7249  EI=0.0265  rnum=81.7  len=39  syn_rate=0.56  mean=0.7273  worsen=7.00%  highvar=0.00%
GA search time: 4.59s, candidates: 280
  [iter  52/100] search_obj=1.3069  search_best=0.7358  validation_best=0.7249  EI=0.0282  rnum=80.0  len=39  syn_rate=0.55  mean=1.1249  worsen=91.00%  highvar=0.00%
GA search time: 5.63s, candidates: 278
  [iter  53/100] search_obj=0.8240  search_best=0.7358  validation_best=0.7249  EI=0.0341  rnum=78.4  len=40  syn_rate=0.53  mean=0.8060  worsen=9.00%  highvar=0.00%
GA search time: 5.30s, candidates: 276
  [iter  54/100] search_obj=0.7433  search_best=0.7358  validation_best=0.7249  EI=0.0291  rnum=76.7  len=52  syn_rate=0.62  mean=0.7253  worsen=9.00%  highvar=0.00%
GA search time: 4.71s, candidates: 275
  [iter  55/100] search_obj=0.8340  search_best=0.7358  validation_best=0.7249  EI=0.0293  rnum=75.1  len=39  syn_rate=0.55  mean=0.8160  worsen=9.00%  highvar=0.00%
GA search time: 4.65s, candidates: 273
  [iter  56/100] search_obj=0.7414  search_best=0.7358  validation_best=0.7249  EI=0.0297  rnum=73.4  len=39  syn_rate=0.54  mean=0.7274  worsen=7.00%  highvar=0.00%
GA search time: 5.33s, candidates: 271
  [iter  57/100] search_obj=0.8893  search_best=0.7358  validation_best=0.7249  EI=0.0252  rnum=71.8  len=48  syn_rate=0.64  mean=0.8673  worsen=11.00%  highvar=0.00%
GA search time: 5.23s, candidates: 270
  [iter  58/100] search_obj=1.2235  search_best=0.7358  validation_best=0.7249  EI=0.0218  rnum=70.3  len=37  syn_rate=0.39  mean=1.0495  worsen=87.00%  highvar=0.00%
GA search time: 5.30s, candidates: 268
  [iter  59/100] search_obj=0.7398  search_best=0.7358  validation_best=0.7249  EI=0.0289  rnum=68.7  len=46  syn_rate=0.58  mean=0.7238  worsen=8.00%  highvar=0.00%
GA search time: 5.58s, candidates: 267
  [iter  60/100] search_obj=0.7434  search_best=0.7358  validation_best=0.7249  EI=0.0292  rnum=67.2  len=42  syn_rate=0.66  mean=0.7274  worsen=8.00%  highvar=0.00%
GA search time: 5.81s, candidates: 265
  [iter  61/100] search_obj=0.7433  search_best=0.7358  validation_best=0.7249  EI=0.0292  rnum=65.7  len=55  syn_rate=0.62  mean=0.7253  worsen=9.00%  highvar=0.00%
GA search time: 6.23s, candidates: 264
  [iter  62/100] search_obj=0.7594  search_best=0.7358  validation_best=0.7249  EI=0.0243  rnum=64.2  len=37  syn_rate=0.52  mean=0.7434  worsen=8.00%  highvar=0.00%
GA search time: 7.05s, candidates: 262
  [iter  63/100] search_obj=0.7594  search_best=0.7358  validation_best=0.7249  EI=0.0308  rnum=62.7  len=37  syn_rate=0.52  mean=0.7434  worsen=8.00%  highvar=0.00%
GA search time: 6.27s, candidates: 261
  [iter  64/100] search_obj=1.3043  search_best=0.7358  validation_best=0.7249  EI=0.0262  rnum=61.3  len=43  syn_rate=0.53  mean=1.1223  worsen=91.00%  highvar=0.00%
GA search time: 5.52s, candidates: 259
  [iter  65/100] search_obj=0.7852  search_best=0.7358  validation_best=0.7249  EI=0.0316  rnum=59.8  len=39  syn_rate=0.61  mean=0.7672  worsen=9.00%  highvar=0.00%
GA search time: 7.09s, candidates: 258
  [iter  66/100] search_obj=0.7433  search_best=0.7358  validation_best=0.7249  EI=0.0330  rnum=58.4  len=49  syn_rate=0.66  mean=0.7273  worsen=8.00%  highvar=0.00%
GA search time: 6.36s, candidates: 257
  [iter  67/100] search_obj=0.7434  search_best=0.7358  validation_best=0.7249  EI=0.0369  rnum=57.0  len=40  syn_rate=0.63  mean=0.7274  worsen=8.00%  highvar=0.00%
GA search time: 5.92s, candidates: 255
  [iter  68/100] search_obj=1.3061  search_best=0.7358  validation_best=0.7249  EI=0.0358  rnum=55.7  len=42  syn_rate=0.53  mean=1.1241  worsen=91.00%  highvar=0.00%
GA search time: 6.39s, candidates: 254
  [iter  69/100] search_obj=0.7415  search_best=0.7358  validation_best=0.7249  EI=0.0368  rnum=54.3  len=49  syn_rate=0.65  mean=0.7255  worsen=8.00%  highvar=0.00%
GA search time: 5.79s, candidates: 253
  [iter  70/100] search_obj=0.7435  search_best=0.7358  validation_best=0.7249  EI=0.0391  rnum=53.0  len=44  syn_rate=0.66  mean=0.7275  worsen=8.00%  highvar=0.00%
GA search time: 5.95s, candidates: 251
  [iter  71/100] search_obj=0.7401  search_best=0.7358  validation_best=0.7249  EI=0.0341  rnum=51.7  len=55  syn_rate=0.62  mean=0.7221  worsen=9.00%  highvar=0.00%
GA search time: 6.71s, candidates: 250
  [iter  72/100] search_obj=1.3061  search_best=0.7358  validation_best=0.7249  EI=0.0363  rnum=50.5  len=47  syn_rate=0.56  mean=1.1241  worsen=91.00%  highvar=0.00%
GA search time: 6.80s, candidates: 249
  [iter  73/100] search_obj=0.7391  search_best=0.7358  validation_best=0.7249  EI=0.0385  rnum=49.2  len=42  syn_rate=0.56  mean=0.7251  worsen=7.00%  highvar=0.00%
GA search time: 5.49s, candidates: 247
  [iter  74/100] search_obj=0.7449  search_best=0.7358  validation_best=0.7249  EI=0.0400  rnum=48.0  len=52  syn_rate=0.58  mean=0.7289  worsen=8.00%  highvar=0.00%
GA search time: 5.88s, candidates: 246
  [iter  75/100] search_obj=0.7452  search_best=0.7358  validation_best=0.7249  EI=0.0366  rnum=46.8  len=51  syn_rate=0.56  mean=0.7312  worsen=7.00%  highvar=0.00%
GA search time: 5.71s, candidates: 245
  [iter  76/100] search_obj=0.7433  search_best=0.7358  validation_best=0.7249  EI=0.0375  rnum=45.6  len=51  syn_rate=0.66  mean=0.7273  worsen=8.00%  highvar=0.00%
GA search time: 7.70s, candidates: 244
  [iter  77/100] search_obj=0.7434  search_best=0.7358  validation_best=0.7249  EI=0.0416  rnum=44.4  len=46  syn_rate=0.66  mean=0.7274  worsen=8.00%  highvar=0.00%
GA search time: 6.81s, candidates: 243
  [iter  78/100] search_obj=0.7434  search_best=0.7358  validation_best=0.7249  EI=0.0400  rnum=43.3  len=48  syn_rate=0.66  mean=0.7274  worsen=8.00%  highvar=0.00%
GA search time: 6.55s, candidates: 242
  [iter  79/100] search_obj=0.7176  search_best=0.7176  validation_best=0.7249  EI=0.0370  rnum=42.2  len=54  syn_rate=0.67  mean=0.7076  worsen=5.00%  highvar=0.00%
GA search time: 7.08s, candidates: 241
  [iter  80/100] search_obj=0.7463  search_best=0.7176  validation_best=0.7249  EI=0.0351  rnum=41.1  len=41  syn_rate=0.59  mean=0.7303  worsen=8.00%  highvar=0.00%
GA search time: 7.63s, candidates: 239
  [iter  81/100] search_obj=0.7176  search_best=0.7176  validation_best=0.7249  EI=0.0360  rnum=40.0  len=56  syn_rate=0.68  mean=0.7076  worsen=5.00%  highvar=0.00%
GA search time: 6.85s, candidates: 238
  [iter  82/100] search_obj=0.7394  search_best=0.7176  validation_best=0.7249  EI=0.0371  rnum=38.9  len=55  syn_rate=0.65  mean=0.7214  worsen=9.00%  highvar=0.00%
GA search time: 6.99s, candidates: 237
  [iter  83/100] search_obj=0.7434  search_best=0.7176  validation_best=0.7249  EI=0.0327  rnum=37.9  len=51  syn_rate=0.63  mean=0.7274  worsen=8.00%  highvar=0.00%
GA search time: 6.57s, candidates: 236
  [iter  84/100] search_obj=0.8222  search_best=0.7176  validation_best=0.7249  EI=0.0294  rnum=36.9  len=48  syn_rate=0.54  mean=0.7762  worsen=23.00%  highvar=0.00%
GA search time: 5.86s, candidates: 235
  [iter  85/100] search_obj=1.1214  search_best=0.7176  validation_best=0.7249  EI=0.0332  rnum=35.9  len=51  syn_rate=0.60  mean=0.9894  worsen=66.00%  highvar=0.00%
GA search time: 6.63s, candidates: 234
  [iter  86/100] search_obj=0.8314  search_best=0.7176  validation_best=0.7249  EI=0.0321  rnum=34.9  len=47  syn_rate=0.67  mean=0.8094  worsen=11.00%  highvar=0.00%
GA search time: 7.06s, candidates: 233
  [iter  87/100] search_obj=1.2194  search_best=0.7176  validation_best=0.7249  EI=0.0302  rnum=33.9  len=50  syn_rate=0.60  mean=1.0474  worsen=86.00%  highvar=0.00%
GA search time: 6.55s, candidates: 233
  [iter  88/100] search_obj=0.7438  search_best=0.7176  validation_best=0.7249  EI=0.0335  rnum=33.0  len=41  syn_rate=0.57  mean=0.7278  worsen=8.00%  highvar=0.00%
GA search time: 7.06s, candidates: 232
  [iter  89/100] search_obj=1.2156  search_best=0.7176  validation_best=0.7249  EI=0.0298  rnum=32.1  len=59  syn_rate=0.60  mean=1.0456  worsen=85.00%  highvar=0.00%
GA search time: 6.54s, candidates: 231
  [iter  90/100] search_obj=0.7570  search_best=0.7176  validation_best=0.7249  EI=0.0312  rnum=31.2  len=41  syn_rate=0.61  mean=0.7410  worsen=8.00%  highvar=0.00%
GA search time: 6.79s, candidates: 230
  [iter  91/100] search_obj=0.7401  search_best=0.7176  validation_best=0.7249  EI=0.0294  rnum=30.3  len=50  syn_rate=0.66  mean=0.7241  worsen=8.00%  highvar=0.00%
GA search time: 5.66s, candidates: 229
  [iter  92/100] search_obj=0.7366  search_best=0.7176  validation_best=0.7249  EI=0.0308  rnum=29.5  len=55  syn_rate=0.66  mean=0.7206  worsen=8.00%  highvar=0.00%
GA search time: 6.18s, candidates: 228
  [iter  93/100] search_obj=1.1218  search_best=0.7176  validation_best=0.7249  EI=0.0315  rnum=28.6  len=42  syn_rate=0.57  mean=1.0158  worsen=53.00%  highvar=0.00%
GA search time: 7.00s, candidates: 227
  [iter  94/100] search_obj=0.7433  search_best=0.7176  validation_best=0.7249  EI=0.0348  rnum=27.8  len=53  syn_rate=0.66  mean=0.7273  worsen=8.00%  highvar=0.00%
GA search time: 6.10s, candidates: 226
  [iter  95/100] search_obj=0.7502  search_best=0.7176  validation_best=0.7249  EI=0.0291  rnum=27.0  len=48  syn_rate=0.64  mean=0.7322  worsen=9.00%  highvar=0.00%
GA search time: 4.95s, candidates: 226
  [iter  96/100] search_obj=0.7492  search_best=0.7176  validation_best=0.7249  EI=0.0318  rnum=26.2  len=47  syn_rate=0.66  mean=0.7312  worsen=9.00%  highvar=0.00%
GA search time: 5.79s, candidates: 225
  [iter  97/100] search_obj=0.7322  search_best=0.7176  validation_best=0.7249  EI=0.0276  rnum=25.4  len=46  syn_rate=0.63  mean=0.7182  worsen=7.00%  highvar=0.00%
GA search time: 5.15s, candidates: 224
  [iter  98/100] search_obj=0.8165  search_best=0.7176  validation_best=0.7249  EI=0.0280  rnum=24.7  len=43  syn_rate=0.57  mean=0.7565  worsen=30.00%  highvar=0.00%
GA search time: 5.77s, candidates: 223
  [iter  99/100] search_obj=0.8726  search_best=0.7176  validation_best=0.7249  EI=0.0275  rnum=24.0  len=49  syn_rate=0.55  mean=0.8066  worsen=33.00%  highvar=0.00%
GA search time: 6.77s, candidates: 223
  [iter 100/100] search_obj=0.7415  search_best=0.7176  validation_best=0.7246  EI=0.0310  rnum=23.3  len=42  syn_rate=0.59  mean=0.7275  worsen=7.00%  highvar=0.00%

[Step 5] 按 validation 选择最终通用序列...
  选择结果:
    search_train_obj=0.7415, search_train_mean=0.7275, search_train_worsen=7.00%, search_train_highvar=0.00%
    validation_obj=0.7246, validation_mean=0.7126, validation_worsen=6.00%, validation_highvar=0.00%

[Step 6] 在 validation 上执行消融后处理...

[Ablation-validation] 初始序列长度: 42, objective: 0.7246, mean_norm: 0.7126, worsen_rate: 6.00%
  移除 [41] function(gvn-sink): objective 0.7246, mean_norm 0.7126, worsen_rate 6.00% (保留移除)
  移除 [40] function(instsimplify): objective 0.7246, mean_norm 0.7126, worsen_rate 6.00% (保留移除)
  移除 [39] function(instsimplify): objective 0.7246, mean_norm 0.7126, worsen_rate 6.00% (保留移除)
  移除 [38] module(scc-oz-module-inliner): objective 1.2282 > 0.7246 (恢复)
  移除 [37] module(inferattrs): objective 0.7246, mean_norm 0.7126, worsen_rate 6.00% (保留移除)
  移除 [36] module(inferattrs): objective 0.7246, mean_norm 0.7126, worsen_rate 6.00% (保留移除)
  移除 [35] function(gvn-hoist): objective 0.7249 > 0.7246 (恢复)
  移除 [34] function(gvn-sink): objective 0.7346 > 0.7246 (恢复)
  移除 [33] module(attributor): objective 0.7246, mean_norm 0.7126, worsen_rate 6.00% (保留移除)
  移除 [32] module(iroutliner): objective 0.7246, mean_norm 0.7126, worsen_rate 6.00% (保留移除)
  移除 [31] module(globalopt): objective 0.7246, mean_norm 0.7126, worsen_rate 6.00% (保留移除)
  移除 [30] module(globalopt): objective 0.7253 > 0.7246 (恢复)
  移除 [29] cgscc(attributor-cgscc): objective 0.7249 > 0.7246 (恢复)
  移除 [28] function(memcpyopt): objective 0.7246, mean_norm 0.7126, worsen_rate 6.00% (保留移除)
  移除 [27] function(dse): objective 0.7289 > 0.7246 (恢复)
  移除 [26] module(iroutliner): objective 0.7246, mean_norm 0.7126, worsen_rate 6.00% (保留移除)
  移除 [25] module(attributor): objective 0.7246, mean_norm 0.7126, worsen_rate 6.00% (保留移除)
  移除 [24] module(elim-avail-extern): objective 0.7246, mean_norm 0.7126, worsen_rate 6.00% (保留移除)
  移除 [23] module(elim-avail-extern): objective 0.7246, mean_norm 0.7126, worsen_rate 6.00% (保留移除)
  移除 [22] module(elim-avail-extern): objective 0.7246, mean_norm 0.7126, worsen_rate 6.00% (保留移除)
  移除 [21] module(elim-avail-extern): objective 0.7246, mean_norm 0.7126, worsen_rate 6.00% (保留移除)
  移除 [20] module(attributor): objective 0.8369 > 0.7246 (恢复)
  移除 [19] module(inferattrs): objective 0.7246, mean_norm 0.7126, worsen_rate 6.00% (保留移除)
  移除 [18] loop(loop-simplifycfg): objective 0.7246, mean_norm 0.7126, worsen_rate 6.00% (保留移除)
  移除 [17] loop(loop-simplifycfg): objective 0.7246, mean_norm 0.7126, worsen_rate 6.00% (保留移除)
  移除 [16] module(inferattrs): objective 0.7284 > 0.7246 (恢复)
  移除 [15] function(reassociate): objective 0.7249 > 0.7246 (恢复)
  移除 [14] cgscc(attributor-cgscc): objective 0.7246, mean_norm 0.7126, worsen_rate 6.00% (保留移除)
  移除 [13] cgscc(attributor-cgscc): objective 0.7244, mean_norm 0.7124, worsen_rate 6.00% (保留移除)
  移除 [12] module(iroutliner): objective 0.7335 > 0.7244 (恢复)
  移除 [11] function(lower-switch): objective 0.7235, mean_norm 0.7115, worsen_rate 6.00% (保留移除)
  移除 [10] function(memcpyopt): objective 0.7235, mean_norm 0.7115, worsen_rate 6.00% (保留移除)
  移除 [9] function(newgvn): objective 0.7884 > 0.7235 (恢复)
  移除 [8] cgscc(attributor-cgscc): objective 0.7385 > 0.7235 (恢复)
  移除 [7] function(memcpyopt): objective 0.7235, mean_norm 0.7115, worsen_rate 6.00% (保留移除)
  移除 [6] function(dse): objective 0.7256 > 0.7235 (恢复)
  移除 [5] module(globalopt): objective 0.7235, mean_norm 0.7115, worsen_rate 6.00% (保留移除)
  移除 [4] function(jump-threading): objective 0.7201, mean_norm 0.7061, worsen_rate 7.00% (保留移除)
  移除 [3] module(iroutliner): objective 0.8418 > 0.7201 (恢复)
  移除 [2] module(attributor): objective 0.7246 > 0.7201 (恢复)
  移除 [1] module(globalopt): objective 0.7201, mean_norm 0.7061, worsen_rate 7.00% (保留移除)
  移除 [0] module(elim-avail-extern): objective 1.0509 > 0.7201 (恢复)
[Ablation-validation] 最终序列长度: 16, objective: 0.7201, mean_norm: 0.7061, worsen_rate: 7.00%, 移除了 26 个 pass
  消融有效: 42 → 16 passes, validation_objective: 0.7246 → 0.7201

最终通用 pass 序列（effective=16 个顶层 pass, raw=16 个 pass, syn_rate(raw)=0.28）:
  module(elim-avail-extern) → module(attributor) → module(iroutliner) → function(dse) → cgscc(attributor-cgscc) → function(newgvn) → module(iroutliner) → function(reassociate) → module(inferattrs) → module(attributor) → function(dse) → cgscc(attributor-cgscc) → module(globalopt) → function(gvn-sink) → function(gvn-hoist) → module(scc-oz-module-inliner)
  search_train_obj=0.7320, search_train_mean=0.7200, search_train_worsen=6.00%, search_train_highvar=0.00%
  validation_obj=0.7201, validation_mean=0.7061, validation_worsen=7.00%, validation_highvar=0.00%
  test_obj=0.8369, test_mean=0.8089, test_worsen=14.00%, test_highvar=0.00%

Top-5 最佳序列（按 validation 多目标 objective 升序）:
  #1: validation_obj=0.7246, validation_mean=0.7126, validation_worsen=6.00%, validation_highvar=0.00%, train_obj=0.7415, train_mean=0.7275, train_highvar=0.00%, len=42, syn_rate=0.59, test_obj=0.8367, test_mean=0.8087, test_worsen=14.00%, test_highvar=0.00%
     module(elim-avail-extern) → module(globalopt) → module(attributor) → module(iroutliner) → function(jump-threading) → module(globalopt) → function(dse) → function(memcpyopt) → cgscc(attributor-cgscc) → function(newgvn) → function(memcpyopt) → function(lower-switch) → module(iroutliner) → cgscc(attributor-cgscc) → cgscc(attributor-cgscc) → function(reassociate) → module(inferattrs) → function(loop(loop-simplifycfg)) → function(loop(loop-simplifycfg)) → module(inferattrs) → module(attributor) → module(elim-avail-extern) → module(elim-avail-extern) → module(elim-avail-extern) → module(elim-avail-extern) → module(attributor) → module(iroutliner) → function(dse) → function(memcpyopt) → cgscc(attributor-cgscc) → module(globalopt) → module(globalopt) → module(iroutliner) → module(attributor) → function(gvn-sink) → function(gvn-hoist) → module(inferattrs) → module(inferattrs) → module(scc-oz-module-inliner) → function(instsimplify) → function(instsimplify) → function(gvn-sink)
     raw: module(elim-avail-extern) → module(globalopt) → module(attributor) → module(iroutliner) → function(jump-threading) → module(globalopt) → function(dse) → function(memcpyopt) → cgscc(attributor-cgscc) → function(newgvn) → function(memcpyopt) → function(lower-switch) → module(iroutliner) → cgscc(attributor-cgscc) → cgscc(attributor-cgscc) → function(reassociate) → module(inferattrs) → loop(loop-simplifycfg) → loop(loop-simplifycfg) → module(inferattrs) → module(attributor) → module(elim-avail-extern) → module(elim-avail-extern) → module(elim-avail-extern) → module(elim-avail-extern) → module(attributor) → module(iroutliner) → function(dse) → function(memcpyopt) → cgscc(attributor-cgscc) → module(globalopt) → module(globalopt) → module(iroutliner) → module(attributor) → function(gvn-sink) → function(gvn-hoist) → module(inferattrs) → module(inferattrs) → module(scc-oz-module-inliner) → function(instsimplify) → function(instsimplify) → function(gvn-sink)
  #2: validation_obj=0.7249, validation_mean=0.7129, validation_worsen=6.00%, validation_highvar=0.00%, train_obj=0.7413, train_mean=0.7273, train_highvar=0.00%, len=39, syn_rate=0.56, test_obj=0.8439, test_mean=0.8159, test_worsen=14.00%, test_highvar=0.00%
     module(elim-avail-extern) → module(globalopt) → module(attributor) → module(iroutliner) → function(jump-threading) → function(dse) → function(memcpyopt) → cgscc(attributor-cgscc) → function(newgvn) → function(memcpyopt) → function(lower-switch) → cgscc(attributor-cgscc) → module(inferattrs) → function(loop(loop-simplifycfg)) → function(loop(loop-simplifycfg)) → module(inferattrs) → module(attributor) → module(elim-avail-extern) → module(elim-avail-extern) → module(elim-avail-extern) → module(elim-avail-extern) → module(attributor) → module(iroutliner) → function(jump-threading) → function(dse) → function(memcpyopt) → cgscc(attributor-cgscc) → module(globalopt) → module(globalopt) → module(iroutliner) → function(gvn-sink) → module(attributor) → function(gvn-hoist) → module(inferattrs) → module(inferattrs) → module(scc-oz-module-inliner) → function(instsimplify) → function(instsimplify) → function(gvn-sink)
     raw: module(elim-avail-extern) → module(globalopt) → module(attributor) → module(iroutliner) → function(jump-threading) → function(dse) → function(memcpyopt) → cgscc(attributor-cgscc) → function(newgvn) → function(memcpyopt) → function(lower-switch) → cgscc(attributor-cgscc) → module(inferattrs) → loop(loop-simplifycfg) → loop(loop-simplifycfg) → module(inferattrs) → module(attributor) → module(elim-avail-extern) → module(elim-avail-extern) → module(elim-avail-extern) → module(elim-avail-extern) → module(attributor) → module(iroutliner) → function(jump-threading) → function(dse) → function(memcpyopt) → cgscc(attributor-cgscc) → module(globalopt) → module(globalopt) → module(iroutliner) → function(gvn-sink) → module(attributor) → function(gvn-hoist) → module(inferattrs) → module(inferattrs) → module(scc-oz-module-inliner) → function(instsimplify) → function(instsimplify) → function(gvn-sink)
  #3: validation_obj=0.7249, validation_mean=0.7129, validation_worsen=6.00%, validation_highvar=0.00%, train_obj=0.7414, train_mean=0.7274, train_highvar=0.00%, len=39, syn_rate=0.54, test_obj=0.8365, test_mean=0.8085, test_worsen=14.00%, test_highvar=0.00%
     module(elim-avail-extern) → module(globalopt) → module(attributor) → module(iroutliner) → module(globalopt) → function(jump-threading) → function(dse) → function(memcpyopt) → cgscc(attributor-cgscc) → function(newgvn) → function(memcpyopt) → function(lower-switch) → cgscc(attributor-cgscc) → module(inferattrs) → function(loop(loop-simplifycfg)) → function(loop(loop-simplifycfg)) → module(inferattrs) → module(attributor) → module(elim-avail-extern) → module(elim-avail-extern) → module(elim-avail-extern) → module(elim-avail-extern) → module(attributor) → module(iroutliner) → function(dse) → function(memcpyopt) → cgscc(attributor-cgscc) → module(globalopt) → module(globalopt) → module(iroutliner) → function(gvn-sink) → module(attributor) → function(gvn-hoist) → module(inferattrs) → module(inferattrs) → module(scc-oz-module-inliner) → function(instsimplify) → function(instsimplify) → function(gvn-sink)
     raw: module(elim-avail-extern) → module(globalopt) → module(attributor) → module(iroutliner) → module(globalopt) → function(jump-threading) → function(dse) → function(memcpyopt) → cgscc(attributor-cgscc) → function(newgvn) → function(memcpyopt) → function(lower-switch) → cgscc(attributor-cgscc) → module(inferattrs) → loop(loop-simplifycfg) → loop(loop-simplifycfg) → module(inferattrs) → module(attributor) → module(elim-avail-extern) → module(elim-avail-extern) → module(elim-avail-extern) → module(elim-avail-extern) → module(attributor) → module(iroutliner) → function(dse) → function(memcpyopt) → cgscc(attributor-cgscc) → module(globalopt) → module(globalopt) → module(iroutliner) → function(gvn-sink) → module(attributor) → function(gvn-hoist) → module(inferattrs) → module(inferattrs) → module(scc-oz-module-inliner) → function(instsimplify) → function(instsimplify) → function(gvn-sink)
  #4: validation_obj=0.7268, validation_mean=0.7148, validation_worsen=6.00%, validation_highvar=0.00%, train_obj=0.7391, train_mean=0.7251, train_highvar=0.00%, len=42, syn_rate=0.56, test_obj=0.8367, test_mean=0.8087, test_worsen=14.00%, test_highvar=0.00%
     module(elim-avail-extern) → module(globalopt) → module(attributor) → module(iroutliner) → module(globalopt) → function(jump-threading) → function(dse) → function(memcpyopt) → cgscc(attributor-cgscc) → function(newgvn) → function(memcpyopt) → function(lower-switch) → cgscc(attributor-cgscc) → module(inferattrs) → function(loop(loop-simplifycfg)) → function(loop(loop-simplifycfg)) → module(iroutliner) → function(jump-threading) → function(dse) → module(globalopt) → module(inferattrs) → module(attributor) → module(elim-avail-extern) → module(elim-avail-extern) → module(elim-avail-extern) → module(elim-avail-extern) → module(attributor) → module(iroutliner) → function(dse) → function(memcpyopt) → cgscc(attributor-cgscc) → module(globalopt) → module(globalopt) → module(iroutliner) → function(gvn-sink) → module(attributor) → function(gvn-hoist) → module(inferattrs) → module(inferattrs) → module(scc-oz-module-inliner) → function(instsimplify) → function(gvn-sink)
     raw: module(elim-avail-extern) → module(globalopt) → module(attributor) → module(iroutliner) → module(globalopt) → function(jump-threading) → function(dse) → function(memcpyopt) → cgscc(attributor-cgscc) → function(newgvn) → function(memcpyopt) → function(lower-switch) → cgscc(attributor-cgscc) → module(inferattrs) → loop(loop-simplifycfg) → loop(loop-simplifycfg) → module(iroutliner) → function(jump-threading) → function(dse) → module(globalopt) → module(inferattrs) → module(attributor) → module(elim-avail-extern) → module(elim-avail-extern) → module(elim-avail-extern) → module(elim-avail-extern) → module(attributor) → module(iroutliner) → function(dse) → function(memcpyopt) → cgscc(attributor-cgscc) → module(globalopt) → module(globalopt) → module(iroutliner) → function(gvn-sink) → module(attributor) → function(gvn-hoist) → module(inferattrs) → module(inferattrs) → module(scc-oz-module-inliner) → function(instsimplify) → function(gvn-sink)
  #5: validation_obj=0.7338, validation_mean=0.7178, validation_worsen=8.00%, validation_highvar=0.00%, train_obj=0.7438, train_mean=0.7278, train_highvar=0.00%, len=41, syn_rate=0.57, test_obj=0.8356, test_mean=0.8076, test_worsen=14.00%, test_highvar=0.00%
     module(elim-avail-extern) → function(reassociate) → module(elim-avail-extern) → module(attributor) → module(iroutliner) → function(jump-threading) → module(elim-avail-extern) → cgscc(attributor-cgscc) → function(newgvn) → function(memcpyopt) → function(lower-switch) → cgscc(attributor-cgscc) → module(inferattrs) → function(loop(loop-simplifycfg)) → function(loop(loop-simplifycfg)) → module(iroutliner) → function(jump-threading) → function(dse) → module(globalopt) → module(inferattrs) → module(attributor) → module(attributor) → module(elim-avail-extern) → module(elim-avail-extern) → module(elim-avail-extern) → module(attributor) → module(iroutliner) → function(dse) → function(memcpyopt) → cgscc(attributor-cgscc) → module(globalopt) → module(globalopt) → module(iroutliner) → module(attributor) → function(gvn-sink) → function(gvn-hoist) → module(inferattrs) → module(inferattrs) → module(scc-oz-module-inliner) → function(instsimplify) → function(gvn-sink)
     raw: module(elim-avail-extern) → function(reassociate) → module(elim-avail-extern) → module(attributor) → module(iroutliner) → function(jump-threading) → module(elim-avail-extern) → cgscc(attributor-cgscc) → function(newgvn) → function(memcpyopt) → function(lower-switch) → cgscc(attributor-cgscc) → module(inferattrs) → loop(loop-simplifycfg) → loop(loop-simplifycfg) → module(iroutliner) → function(jump-threading) → function(dse) → module(globalopt) → module(inferattrs) → module(attributor) → module(attributor) → module(elim-avail-extern) → module(elim-avail-extern) → module(elim-avail-extern) → module(attributor) → module(iroutliner) → function(dse) → function(memcpyopt) → cgscc(attributor-cgscc) → module(globalopt) → module(globalopt) → module(iroutliner) → module(attributor) → function(gvn-sink) → function(gvn-hoist) → module(inferattrs) → module(inferattrs) → module(scc-oz-module-inliner) → function(instsimplify) → function(gvn-sink)

============================================================
所有轮次中最优 validation objective: 0.7201
最优通用 pass 序列 (16 passes):
  module(elim-avail-extern) → module(attributor) → module(iroutliner) → function(dse) → cgscc(attributor-cgscc) → function(newgvn) → module(iroutliner) → function(reassociate) → module(inferattrs) → module(attributor) → function(dse) → cgscc(attributor-cgscc) → module(globalopt) → function(gvn-sink) → function(gvn-hoist) → module(scc-oz-module-inliner)
  search_train_obj=0.7320, search_train_mean=0.7200, search_train_worsen=6.00%, search_train_highvar=0.00%
  validation_obj=0.7201, validation_mean=0.7061, validation_worsen=7.00%, validation_highvar=0.00%
  test_obj=0.8369, test_mean=0.8089, test_worsen=14.00%, test_highvar=0.00%

最优轮次 Top-5 序列（含测试集效果，按 validation objective 升序）:
  #1: validation_obj=0.7246, validation_mean=0.7126, validation_worsen=6.00%, validation_highvar=0.00%, train_obj=0.7415, train_mean=0.7275, train_highvar=0.00%, len=42, syn_rate=0.59, test_obj=0.8367, test_mean=0.8087, test_worsen=14.00%, test_highvar=0.00%
     module(elim-avail-extern) → module(globalopt) → module(attributor) → module(iroutliner) → function(jump-threading) → module(globalopt) → function(dse) → function(memcpyopt) → cgscc(attributor-cgscc) → function(newgvn) → function(memcpyopt) → function(lower-switch) → module(iroutliner) → cgscc(attributor-cgscc) → cgscc(attributor-cgscc) → function(reassociate) → module(inferattrs) → function(loop(loop-simplifycfg)) → function(loop(loop-simplifycfg)) → module(inferattrs) → module(attributor) → module(elim-avail-extern) → module(elim-avail-extern) → module(elim-avail-extern) → module(elim-avail-extern) → module(attributor) → module(iroutliner) → function(dse) → function(memcpyopt) → cgscc(attributor-cgscc) → module(globalopt) → module(globalopt) → module(iroutliner) → module(attributor) → function(gvn-sink) → function(gvn-hoist) → module(inferattrs) → module(inferattrs) → module(scc-oz-module-inliner) → function(instsimplify) → function(instsimplify) → function(gvn-sink)
     raw: module(elim-avail-extern) → module(globalopt) → module(attributor) → module(iroutliner) → function(jump-threading) → module(globalopt) → function(dse) → function(memcpyopt) → cgscc(attributor-cgscc) → function(newgvn) → function(memcpyopt) → function(lower-switch) → module(iroutliner) → cgscc(attributor-cgscc) → cgscc(attributor-cgscc) → function(reassociate) → module(inferattrs) → loop(loop-simplifycfg) → loop(loop-simplifycfg) → module(inferattrs) → module(attributor) → module(elim-avail-extern) → module(elim-avail-extern) → module(elim-avail-extern) → module(elim-avail-extern) → module(attributor) → module(iroutliner) → function(dse) → function(memcpyopt) → cgscc(attributor-cgscc) → module(globalopt) → module(globalopt) → module(iroutliner) → module(attributor) → function(gvn-sink) → function(gvn-hoist) → module(inferattrs) → module(inferattrs) → module(scc-oz-module-inliner) → function(instsimplify) → function(instsimplify) → function(gvn-sink)
  #2: validation_obj=0.7249, validation_mean=0.7129, validation_worsen=6.00%, validation_highvar=0.00%, train_obj=0.7413, train_mean=0.7273, train_highvar=0.00%, len=39, syn_rate=0.56, test_obj=0.8439, test_mean=0.8159, test_worsen=14.00%, test_highvar=0.00%
     module(elim-avail-extern) → module(globalopt) → module(attributor) → module(iroutliner) → function(jump-threading) → function(dse) → function(memcpyopt) → cgscc(attributor-cgscc) → function(newgvn) → function(memcpyopt) → function(lower-switch) → cgscc(attributor-cgscc) → module(inferattrs) → function(loop(loop-simplifycfg)) → function(loop(loop-simplifycfg)) → module(inferattrs) → module(attributor) → module(elim-avail-extern) → module(elim-avail-extern) → module(elim-avail-extern) → module(elim-avail-extern) → module(attributor) → module(iroutliner) → function(jump-threading) → function(dse) → function(memcpyopt) → cgscc(attributor-cgscc) → module(globalopt) → module(globalopt) → module(iroutliner) → function(gvn-sink) → module(attributor) → function(gvn-hoist) → module(inferattrs) → module(inferattrs) → module(scc-oz-module-inliner) → function(instsimplify) → function(instsimplify) → function(gvn-sink)
     raw: module(elim-avail-extern) → module(globalopt) → module(attributor) → module(iroutliner) → function(jump-threading) → function(dse) → function(memcpyopt) → cgscc(attributor-cgscc) → function(newgvn) → function(memcpyopt) → function(lower-switch) → cgscc(attributor-cgscc) → module(inferattrs) → loop(loop-simplifycfg) → loop(loop-simplifycfg) → module(inferattrs) → module(attributor) → module(elim-avail-extern) → module(elim-avail-extern) → module(elim-avail-extern) → module(elim-avail-extern) → module(attributor) → module(iroutliner) → function(jump-threading) → function(dse) → function(memcpyopt) → cgscc(attributor-cgscc) → module(globalopt) → module(globalopt) → module(iroutliner) → function(gvn-sink) → module(attributor) → function(gvn-hoist) → module(inferattrs) → module(inferattrs) → module(scc-oz-module-inliner) → function(instsimplify) → function(instsimplify) → function(gvn-sink)
  #3: validation_obj=0.7249, validation_mean=0.7129, validation_worsen=6.00%, validation_highvar=0.00%, train_obj=0.7414, train_mean=0.7274, train_highvar=0.00%, len=39, syn_rate=0.54, test_obj=0.8365, test_mean=0.8085, test_worsen=14.00%, test_highvar=0.00%
     module(elim-avail-extern) → module(globalopt) → module(attributor) → module(iroutliner) → module(globalopt) → function(jump-threading) → function(dse) → function(memcpyopt) → cgscc(attributor-cgscc) → function(newgvn) → function(memcpyopt) → function(lower-switch) → cgscc(attributor-cgscc) → module(inferattrs) → function(loop(loop-simplifycfg)) → function(loop(loop-simplifycfg)) → module(inferattrs) → module(attributor) → module(elim-avail-extern) → module(elim-avail-extern) → module(elim-avail-extern) → module(elim-avail-extern) → module(attributor) → module(iroutliner) → function(dse) → function(memcpyopt) → cgscc(attributor-cgscc) → module(globalopt) → module(globalopt) → module(iroutliner) → function(gvn-sink) → module(attributor) → function(gvn-hoist) → module(inferattrs) → module(inferattrs) → module(scc-oz-module-inliner) → function(instsimplify) → function(instsimplify) → function(gvn-sink)
     raw: module(elim-avail-extern) → module(globalopt) → module(attributor) → module(iroutliner) → module(globalopt) → function(jump-threading) → function(dse) → function(memcpyopt) → cgscc(attributor-cgscc) → function(newgvn) → function(memcpyopt) → function(lower-switch) → cgscc(attributor-cgscc) → module(inferattrs) → loop(loop-simplifycfg) → loop(loop-simplifycfg) → module(inferattrs) → module(attributor) → module(elim-avail-extern) → module(elim-avail-extern) → module(elim-avail-extern) → module(elim-avail-extern) → module(attributor) → module(iroutliner) → function(dse) → function(memcpyopt) → cgscc(attributor-cgscc) → module(globalopt) → module(globalopt) → module(iroutliner) → function(gvn-sink) → module(attributor) → function(gvn-hoist) → module(inferattrs) → module(inferattrs) → module(scc-oz-module-inliner) → function(instsimplify) → function(instsimplify) → function(gvn-sink)
  #4: validation_obj=0.7268, validation_mean=0.7148, validation_worsen=6.00%, validation_highvar=0.00%, train_obj=0.7391, train_mean=0.7251, train_highvar=0.00%, len=42, syn_rate=0.56, test_obj=0.8367, test_mean=0.8087, test_worsen=14.00%, test_highvar=0.00%
     module(elim-avail-extern) → module(globalopt) → module(attributor) → module(iroutliner) → module(globalopt) → function(jump-threading) → function(dse) → function(memcpyopt) → cgscc(attributor-cgscc) → function(newgvn) → function(memcpyopt) → function(lower-switch) → cgscc(attributor-cgscc) → module(inferattrs) → function(loop(loop-simplifycfg)) → function(loop(loop-simplifycfg)) → module(iroutliner) → function(jump-threading) → function(dse) → module(globalopt) → module(inferattrs) → module(attributor) → module(elim-avail-extern) → module(elim-avail-extern) → module(elim-avail-extern) → module(elim-avail-extern) → module(attributor) → module(iroutliner) → function(dse) → function(memcpyopt) → cgscc(attributor-cgscc) → module(globalopt) → module(globalopt) → module(iroutliner) → function(gvn-sink) → module(attributor) → function(gvn-hoist) → module(inferattrs) → module(inferattrs) → module(scc-oz-module-inliner) → function(instsimplify) → function(gvn-sink)
     raw: module(elim-avail-extern) → module(globalopt) → module(attributor) → module(iroutliner) → module(globalopt) → function(jump-threading) → function(dse) → function(memcpyopt) → cgscc(attributor-cgscc) → function(newgvn) → function(memcpyopt) → function(lower-switch) → cgscc(attributor-cgscc) → module(inferattrs) → loop(loop-simplifycfg) → loop(loop-simplifycfg) → module(iroutliner) → function(jump-threading) → function(dse) → module(globalopt) → module(inferattrs) → module(attributor) → module(elim-avail-extern) → module(elim-avail-extern) → module(elim-avail-extern) → module(elim-avail-extern) → module(attributor) → module(iroutliner) → function(dse) → function(memcpyopt) → cgscc(attributor-cgscc) → module(globalopt) → module(globalopt) → module(iroutliner) → function(gvn-sink) → module(attributor) → function(gvn-hoist) → module(inferattrs) → module(inferattrs) → module(scc-oz-module-inliner) → function(instsimplify) → function(gvn-sink)
  #5: validation_obj=0.7338, validation_mean=0.7178, validation_worsen=8.00%, validation_highvar=0.00%, train_obj=0.7438, train_mean=0.7278, train_highvar=0.00%, len=41, syn_rate=0.57, test_obj=0.8356, test_mean=0.8076, test_worsen=14.00%, test_highvar=0.00%
     module(elim-avail-extern) → function(reassociate) → module(elim-avail-extern) → module(attributor) → module(iroutliner) → function(jump-threading) → module(elim-avail-extern) → cgscc(attributor-cgscc) → function(newgvn) → function(memcpyopt) → function(lower-switch) → cgscc(attributor-cgscc) → module(inferattrs) → function(loop(loop-simplifycfg)) → function(loop(loop-simplifycfg)) → module(iroutliner) → function(jump-threading) → function(dse) → module(globalopt) → module(inferattrs) → module(attributor) → module(attributor) → module(elim-avail-extern) → module(elim-avail-extern) → module(elim-avail-extern) → module(attributor) → module(iroutliner) → function(dse) → function(memcpyopt) → cgscc(attributor-cgscc) → module(globalopt) → module(globalopt) → module(iroutliner) → module(attributor) → function(gvn-sink) → function(gvn-hoist) → module(inferattrs) → module(inferattrs) → module(scc-oz-module-inliner) → function(instsimplify) → function(gvn-sink)
     raw: module(elim-avail-extern) → function(reassociate) → module(elim-avail-extern) → module(attributor) → module(iroutliner) → function(jump-threading) → module(elim-avail-extern) → cgscc(attributor-cgscc) → function(newgvn) → function(memcpyopt) → function(lower-switch) → cgscc(attributor-cgscc) → module(inferattrs) → loop(loop-simplifycfg) → loop(loop-simplifycfg) → module(iroutliner) → function(jump-threading) → function(dse) → module(globalopt) → module(inferattrs) → module(attributor) → module(attributor) → module(elim-avail-extern) → module(elim-avail-extern) → module(elim-avail-extern) → module(attributor) → module(iroutliner) → function(dse) → function(memcpyopt) → cgscc(attributor-cgscc) → module(globalopt) → module(globalopt) → module(iroutliner) → module(attributor) → function(gvn-sink) → function(gvn-hoist) → module(inferattrs) → module(inferattrs) → module(scc-oz-module-inliner) → function(instsimplify) → function(gvn-sink)
binarysize_test: vs_none=0.999 (+0.1%)  vs_oz=1.000 (+0.0%)  vs_o3=0.995 (+0.5%) [metric=stripped_file_bytes]
binarysize_test[text_bytes]: vs_none=0.901 (+9.9%)  vs_oz=0.930 (+7.0%)  vs_o3=0.848 (+15.2%)
binarysize_test[data_bytes]: vs_none=0.990 (+1.0%)  vs_oz=0.995 (+0.5%)  vs_o3=0.991 (+0.9%)
binarysize_test[bss_bytes]: vs_none=1.000 (+0.0%)  vs_oz=1.000 (+0.0%)  vs_o3=1.000 (+0.0%)
binarysize_test[dec_bytes]: vs_none=0.924 (+7.6%)  vs_oz=0.947 (+5.3%)  vs_o3=0.883 (+11.7%)

最优轮次 Top-5 binarysize_test 序列面板（primary=stripped_file_bytes）:
  #1: len=42, syn_rate=0.59
     stripped_file_bytes: obj=1.0116, mean=0.9996, worsen=6.00%, vs_none=1.000 (+0.0%)  vs_oz=1.000 (+0.0%)  vs_o3=0.995 (+0.5%)
     text_bytes: obj=0.9690, mean=0.9330, worsen=18.00%, vs_none=0.905 (+9.5%)  vs_oz=0.933 (+6.7%)  vs_o3=0.852 (+14.8%)
     data_bytes: obj=1.0117, mean=0.9957, worsen=8.00%, vs_none=0.990 (+1.0%)  vs_oz=0.996 (+0.4%)  vs_o3=0.991 (+0.9%)
     bss_bytes: obj=1.0000, mean=1.0000, worsen=0.00%, vs_none=1.000 (+0.0%)  vs_oz=1.000 (+0.0%)  vs_o3=1.000 (+0.0%)
     dec_bytes: obj=0.9858, mean=0.9498, worsen=18.00%, vs_none=0.927 (+7.3%)  vs_oz=0.950 (+5.0%)  vs_o3=0.885 (+11.5%)
  #2: len=39, syn_rate=0.56
     stripped_file_bytes: obj=1.0116, mean=0.9996, worsen=6.00%, vs_none=1.000 (+0.0%)  vs_oz=1.000 (+0.0%)  vs_o3=0.995 (+0.5%)
     text_bytes: obj=0.9712, mean=0.9352, worsen=18.00%, vs_none=0.906 (+9.4%)  vs_oz=0.935 (+6.5%)  vs_o3=0.854 (+14.6%)
     data_bytes: obj=1.0117, mean=0.9957, worsen=8.00%, vs_none=0.990 (+1.0%)  vs_oz=0.996 (+0.4%)  vs_o3=0.991 (+0.9%)
     bss_bytes: obj=1.0000, mean=1.0000, worsen=0.00%, vs_none=1.000 (+0.0%)  vs_oz=1.000 (+0.0%)  vs_o3=1.000 (+0.0%)
     dec_bytes: obj=0.9875, mean=0.9515, worsen=18.00%, vs_none=0.929 (+7.1%)  vs_oz=0.952 (+4.8%)  vs_o3=0.887 (+11.3%)
  #3: len=39, syn_rate=0.54
     stripped_file_bytes: obj=1.0116, mean=0.9996, worsen=6.00%, vs_none=1.000 (+0.0%)  vs_oz=1.000 (+0.0%)  vs_o3=0.995 (+0.5%)
     text_bytes: obj=0.9688, mean=0.9328, worsen=18.00%, vs_none=0.904 (+9.6%)  vs_oz=0.933 (+6.7%)  vs_o3=0.852 (+14.8%)
     data_bytes: obj=1.0117, mean=0.9957, worsen=8.00%, vs_none=0.990 (+1.0%)  vs_oz=0.996 (+0.4%)  vs_o3=0.991 (+0.9%)
     bss_bytes: obj=1.0000, mean=1.0000, worsen=0.00%, vs_none=1.000 (+0.0%)  vs_oz=1.000 (+0.0%)  vs_o3=1.000 (+0.0%)
     dec_bytes: obj=0.9856, mean=0.9496, worsen=18.00%, vs_none=0.927 (+7.3%)  vs_oz=0.950 (+5.0%)  vs_o3=0.885 (+11.5%)
  #4: len=42, syn_rate=0.56
     stripped_file_bytes: obj=1.0116, mean=0.9996, worsen=6.00%, vs_none=0.999 (+0.1%)  vs_oz=1.000 (+0.0%)  vs_o3=0.995 (+0.5%)
     text_bytes: obj=0.9692, mean=0.9332, worsen=18.00%, vs_none=0.904 (+9.6%)  vs_oz=0.933 (+6.7%)  vs_o3=0.852 (+14.8%)
     data_bytes: obj=1.0114, mean=0.9954, worsen=8.00%, vs_none=0.990 (+1.0%)  vs_oz=0.995 (+0.5%)  vs_o3=0.991 (+0.9%)
     bss_bytes: obj=1.0000, mean=1.0000, worsen=0.00%, vs_none=1.000 (+0.0%)  vs_oz=1.000 (+0.0%)  vs_o3=1.000 (+0.0%)
     dec_bytes: obj=0.9860, mean=0.9500, worsen=18.00%, vs_none=0.927 (+7.3%)  vs_oz=0.950 (+5.0%)  vs_o3=0.886 (+11.4%)
  #5: len=41, syn_rate=0.57
     stripped_file_bytes: obj=1.0116, mean=0.9996, worsen=6.00%, vs_none=0.999 (+0.1%)  vs_oz=1.000 (+0.0%)  vs_o3=0.995 (+0.5%)
     text_bytes: obj=0.9691, mean=0.9331, worsen=18.00%, vs_none=0.904 (+9.6%)  vs_oz=0.933 (+6.7%)  vs_o3=0.852 (+14.8%)
     data_bytes: obj=1.0114, mean=0.9954, worsen=8.00%, vs_none=0.990 (+1.0%)  vs_oz=0.995 (+0.5%)  vs_o3=0.991 (+0.9%)
     bss_bytes: obj=1.0000, mean=1.0000, worsen=0.00%, vs_none=1.000 (+0.0%)  vs_oz=1.000 (+0.0%)  vs_o3=1.000 (+0.0%)
     dec_bytes: obj=0.9859, mean=0.9499, worsen=18.00%, vs_none=0.927 (+7.3%)  vs_oz=0.950 (+5.0%)  vs_o3=0.886 (+11.4%)
核心调优成本已写入: /root/exp/RFunipassLab/results/instrcount/summaries/20260508_101842_198035_feature_lite_seed458_core_tuning_cost.json
结果已写入: /root/exp/RFunipassLab/results/instrcount/summaries/20260508_101842_198035_feature_lite_seed458.json
总运行时间: 1527.19 秒
