# run_id: 20260510_181414_425950_feature_lite_seed458
# name: feature_lite
# group: feature_ablation
# description: 切换到 Lite 特征编码，保留其余搜索流程不变。
# changed: FEATURE_MODE=lite, GA_GEN=5, GA_POP=200, ITERS=100, MAX_SEQ_LEN=120, MIN_VAL_PROGRAMS=5, SEED_TOPK=0, TEST_TOPK=50, TRAIN_TOPK=200, VAL_RATIO=0.5
# result_json: /root/exp/RFunipassLab/results/instrcount/summaries/20260510_181414_425950_feature_lite_seed458.json
# started_at: 2026-05-10T18:14:14
# control_env:
#   BACKEND_OPT_LEVEL=-O0
#   BINARY_SIZE_METRIC=stripped_file_bytes
#   BINARY_SIZE_REPORT_METRICS=text_bytes,data_bytes,bss_bytes,dec_bytes
#   DECAY=0.5
#   EXPERIMENT_SEED=458
#   FEATURE_MODE=lite
#   GA_ELITE=0.1
#   GA_GEN=5
#   GA_MUT=0.8
#   GA_POP=200
#   GA_TOUR=3
#   ITERS=100
#   LOOP_NESTING_POLICY=wrap
#   MAX_SEQ_LEN=120
#   MIN_VAL_PROGRAMS=5
#   OBJECTIVE_BASELINE=oz
#   OBJECTIVE_KIND=instrcount
#   OBJ_HIGHVAR_W=0.0
#   OBJ_WORSEN_W=0.75
#   OFFSET=20
#   PROGRAM_POOL_KIND=auto
#   RF_EXPLAIN_COUNTERFACTUAL_ENABLE=1
#   RF_EXPLAIN_COUNTERFACTUAL_MAX_EVALS=50
#   RF_EXPLAIN_COUNTERFACTUAL_SPLIT=selection
#   RF_EXPLAIN_COUNTERFACTUAL_TOPK=5
#   RF_EXPLAIN_ENABLE=0
#   RF_EXPLAIN_HOLDOUT_RATIO=0.3
#   RF_EXPLAIN_MIN_SAMPLES=20
#   RF_EXPLAIN_MODE=final
#   RF_EXPLAIN_PERM_REPEATS=10
#   RF_EXPLAIN_TOPK=20
#   RNUM=256
#   RUNS=1
#   RUNTIME_EVAL_MAX_VARIANCE_PCT=15.0
#   RUNTIME_MAX_INNER_REPEATS=64
#   RUNTIME_MAX_VARIANCE_PCT=10.0
#   RUNTIME_REQUIRED_ROWS=0
#   RUNTIME_SAMPLES=5
#   RUNTIME_TARGET_SAMPLE_MS=30.0
#   RUNTIME_TIMEOUT_SEC=2.0
#   SCALE=10
#   SEED_TOPK=0
#   SPLIT_SEED=458
#   TEST_TOPK=50
#   TRAIN_TOPK=200
#   VAL_RATIO=0.5

Loading train/test rows from: /root/exp/RFunipassLab/data/tuning_results.csv
Loaded train programs:       200
Loaded initial seed seqs:    79
Loaded test programs:        50
Objective kind:              instrcount
Program pool kind:           tuning

Loading synergy graph from: /root/exp/RFunipassLab/data/Step3_EnumeratedPairs.csv
All passes (19): ['module(elim-avail-extern)', 'function(mem2reg)', 'function(instsimplify)', 'module(iroutliner)', 'function(reassociate)', 'function(memcpyopt)', 'function(gvn-hoist)', 'function(dce)', 'function(jump-threading)', 'module(globalopt)', 'module(attributor)', 'cgscc(attributor-cgscc)', 'function(gvn-sink)', 'module(scc-oz-module-inliner)', 'function(dse)', 'function(newgvn)', 'module(inferattrs)', 'loop(loop-simplifycfg)', 'function(lower-switch)']
Synergy edges: 176
Self-loop passes: {'function(newgvn)', 'cgscc(attributor-cgscc)', 'module(attributor)'}

============================================================
实验轮次 1 / 1
============================================================
============================================================
目标类型:      instrcount
目标基准:      -Oz
基准指标:      -Oz 基准指令数
优化指标:      归一化指令数
输入程序数:    200
输入次优序列数: 79
测试程序数:    50
Pass 词表大小: 19
协同边数:      176
自环 pass 数:  3
序列长度上限:  120
Loop 合法化策略: wrap
实验种子:      458
划分种子:      458
特征模式:      lite
RF 特征维度:   31
词表: ['module(elim-avail-extern)', 'function(mem2reg)', 'function(instsimplify)', 'module(iroutliner)', 'function(reassociate)', 'function(memcpyopt)', 'function(gvn-hoist)', 'function(dce)', 'function(jump-threading)', 'module(globalopt)', 'module(attributor)', 'cgscc(attributor-cgscc)', 'function(gvn-sink)', 'module(scc-oz-module-inliner)', 'function(dse)', 'function(newgvn)', 'module(inferattrs)', 'loop(loop-simplifycfg)', 'function(lower-switch)']
多目标权重:    mean=1.0, worsen=0.75, highvar=0.0

[Step 1.5] 训练程序切分...
  search_train 程序数: 100
  validation 程序数:   100
  split_signature(search_train): 8c651010a3ff27fec9f7e5d5efa9cee41062e869
  split_signature(validation):   dd8f07df3ff69242e6dacb9d6936f2a026580e81
  split_signature(test):         a482a9715f2cdbf9817e6c112cc95b7aa635e4fb

[Step 2] 计算 search_train 程序 -Oz 基准指令数...
[Step 2b] 计算 validation 程序 -Oz 基准指令数...
[Step 2c] 计算测试集程序 -Oz 基准指令数...

[Step 3] 评估初始 seed 序列（共 79 条）...

[Step 4] 开始贝叶斯优化（100 轮）...
GA search time: 11.65s, candidates: 383
  [iter   1/100] search_obj=1.3912  search_best=0.8638  validation_best=0.8397  EI=0.0409  rnum=183.2  len=74  syn_rate=0.78  mean=0.9487  worsen=59.00%  highvar=0.00%
GA search time: 9.52s, candidates: 381
  [iter   2/100] search_obj=1.7094  search_best=0.8638  validation_best=0.8397  EI=0.0289  rnum=181.1  len=24  syn_rate=0.32  mean=1.0494  worsen=88.00%  highvar=0.00%
GA search time: 12.39s, candidates: 379
  [iter   3/100] search_obj=1.6580  search_best=0.8638  validation_best=0.8397  EI=0.0356  rnum=179.0  len=57  syn_rate=0.60  mean=1.0430  worsen=82.00%  highvar=0.00%
GA search time: 3.46s, candidates: 376
  [iter   4/100] search_obj=1.6846  search_best=0.8638  validation_best=0.8397  EI=0.0394  rnum=176.9  len=24  syn_rate=0.46  mean=1.0471  worsen=85.00%  highvar=0.00%
GA search time: 2.56s, candidates: 374
  [iter   5/100] search_obj=1.1078  search_best=0.8638  validation_best=0.8397  EI=0.0473  rnum=174.8  len=21  syn_rate=0.45  mean=0.9428  worsen=22.00%  highvar=0.00%
GA search time: 2.19s, candidates: 372
  [iter   6/100] search_obj=0.8702  search_best=0.8638  validation_best=0.8397  EI=0.0381  rnum=172.7  len=21  syn_rate=0.36  mean=0.8177  worsen=7.00%  highvar=0.00%
GA search time: 2.28s, candidates: 370
  [iter   7/100] search_obj=0.7914  search_best=0.7914  validation_best=0.7620  EI=0.0542  rnum=170.6  len=26  syn_rate=0.38  mean=0.7539  worsen=5.00%  highvar=0.00%
GA search time: 2.79s, candidates: 368
  [iter   8/100] search_obj=1.1363  search_best=0.7914  validation_best=0.7620  EI=0.0447  rnum=168.4  len=32  syn_rate=0.41  mean=0.9863  worsen=20.00%  highvar=0.00%
GA search time: 2.74s, candidates: 366
  [iter   9/100] search_obj=1.6372  search_best=0.7914  validation_best=0.7620  EI=0.0382  rnum=166.3  len=33  syn_rate=0.39  mean=1.0297  worsen=81.00%  highvar=0.00%
GA search time: 2.16s, candidates: 364
  [iter  10/100] search_obj=1.6372  search_best=0.7914  validation_best=0.7620  EI=0.0461  rnum=164.2  len=25  syn_rate=0.32  mean=1.0297  worsen=81.00%  highvar=0.00%
GA search time: 2.38s, candidates: 362
  [iter  11/100] search_obj=1.3739  search_best=0.7914  validation_best=0.7620  EI=0.0391  rnum=162.0  len=26  syn_rate=0.40  mean=0.9389  worsen=58.00%  highvar=0.00%
GA search time: 2.56s, candidates: 359
  [iter  12/100] search_obj=1.3690  search_best=0.7914  validation_best=0.7620  EI=0.0316  rnum=159.9  len=26  syn_rate=0.34  mean=1.0015  worsen=49.00%  highvar=0.00%
GA search time: 2.13s, candidates: 357
  [iter  13/100] search_obj=0.8778  search_best=0.7914  validation_best=0.7620  EI=0.0270  rnum=157.7  len=21  syn_rate=0.31  mean=0.8178  worsen=8.00%  highvar=0.00%
GA search time: 2.16s, candidates: 355
  [iter  14/100] search_obj=1.0421  search_best=0.7914  validation_best=0.7620  EI=0.0297  rnum=155.6  len=21  syn_rate=0.35  mean=0.9446  worsen=13.00%  highvar=0.00%
GA search time: 2.24s, candidates: 353
  [iter  15/100] search_obj=0.8694  search_best=0.7914  validation_best=0.7620  EI=0.0257  rnum=153.4  len=22  syn_rate=0.32  mean=0.8169  worsen=7.00%  highvar=0.00%
GA search time: 1.75s, candidates: 351
  [iter  16/100] search_obj=0.8774  search_best=0.7914  validation_best=0.7620  EI=0.0266  rnum=151.3  len=22  syn_rate=0.32  mean=0.8174  worsen=8.00%  highvar=0.00%
GA search time: 1.72s, candidates: 349
  [iter  17/100] search_obj=1.0840  search_best=0.7914  validation_best=0.7620  EI=0.0333  rnum=149.1  len=22  syn_rate=0.38  mean=0.8440  worsen=32.00%  highvar=0.00%
GA search time: 2.25s, candidates: 346
  [iter  18/100] search_obj=0.8754  search_best=0.7914  validation_best=0.7620  EI=0.0279  rnum=147.0  len=24  syn_rate=0.39  mean=0.8154  worsen=8.00%  highvar=0.00%
GA search time: 1.77s, candidates: 344
  [iter  19/100] search_obj=0.8823  search_best=0.7914  validation_best=0.7620  EI=0.0267  rnum=144.8  len=25  syn_rate=0.39  mean=0.8148  worsen=9.00%  highvar=0.00%
GA search time: 1.68s, candidates: 342
  [iter  20/100] search_obj=0.8691  search_best=0.7914  validation_best=0.7620  EI=0.0290  rnum=142.7  len=24  syn_rate=0.34  mean=0.8166  worsen=7.00%  highvar=0.00%
GA search time: 1.63s, candidates: 340
  [iter  21/100] search_obj=1.6635  search_best=0.7914  validation_best=0.7620  EI=0.0323  rnum=140.5  len=25  syn_rate=0.34  mean=1.0335  worsen=84.00%  highvar=0.00%
GA search time: 1.24s, candidates: 338
  [iter  22/100] search_obj=1.4242  search_best=0.7914  validation_best=0.7620  EI=0.0323  rnum=138.4  len=24  syn_rate=0.39  mean=0.9667  worsen=61.00%  highvar=0.00%
GA search time: 1.44s, candidates: 336
  [iter  23/100] search_obj=0.8714  search_best=0.7914  validation_best=0.7620  EI=0.0305  rnum=136.3  len=25  syn_rate=0.39  mean=0.8114  worsen=8.00%  highvar=0.00%
GA search time: 1.74s, candidates: 334
  [iter  24/100] search_obj=0.8739  search_best=0.7914  validation_best=0.7620  EI=0.0338  rnum=134.2  len=25  syn_rate=0.41  mean=0.8139  worsen=8.00%  highvar=0.00%
GA search time: 1.66s, candidates: 332
  [iter  25/100] search_obj=1.6732  search_best=0.7914  validation_best=0.7620  EI=0.0282  rnum=132.1  len=24  syn_rate=0.30  mean=1.0357  worsen=85.00%  highvar=0.00%
GA search time: 1.65s, candidates: 329
  [iter  26/100] search_obj=0.8924  search_best=0.7914  validation_best=0.7620  EI=0.0344  rnum=130.0  len=25  syn_rate=0.36  mean=0.8174  worsen=10.00%  highvar=0.00%
GA search time: 1.97s, candidates: 327
  [iter  27/100] search_obj=1.4032  search_best=0.7914  validation_best=0.7620  EI=0.0347  rnum=127.9  len=22  syn_rate=0.34  mean=1.0057  worsen=53.00%  highvar=0.00%
GA search time: 1.56s, candidates: 325
  [iter  28/100] search_obj=0.9031  search_best=0.7914  validation_best=0.7620  EI=0.0329  rnum=125.8  len=22  syn_rate=0.30  mean=0.8431  worsen=8.00%  highvar=0.00%
GA search time: 1.72s, candidates: 323
  [iter  29/100] search_obj=0.9203  search_best=0.7914  validation_best=0.7620  EI=0.0312  rnum=123.7  len=36  syn_rate=0.44  mean=0.8453  worsen=10.00%  highvar=0.00%
GA search time: 1.93s, candidates: 321
  [iter  30/100] search_obj=1.7944  search_best=0.7914  validation_best=0.7620  EI=0.0326  rnum=121.6  len=28  syn_rate=0.35  mean=1.1119  worsen=91.00%  highvar=0.00%
GA search time: 1.98s, candidates: 319
  [iter  31/100] search_obj=1.4034  search_best=0.7914  validation_best=0.7620  EI=0.0351  rnum=119.6  len=25  syn_rate=0.34  mean=1.0059  worsen=53.00%  highvar=0.00%
GA search time: 1.65s, candidates: 317
  [iter  32/100] search_obj=0.8924  search_best=0.7914  validation_best=0.7620  EI=0.0354  rnum=117.5  len=26  syn_rate=0.36  mean=0.8174  worsen=10.00%  highvar=0.00%
GA search time: 2.08s, candidates: 315
  [iter  33/100] search_obj=0.9263  search_best=0.7914  validation_best=0.7620  EI=0.0341  rnum=115.5  len=41  syn_rate=0.41  mean=0.8438  worsen=11.00%  highvar=0.00%
GA search time: 2.16s, candidates: 313
  [iter  34/100] search_obj=0.8744  search_best=0.7914  validation_best=0.7620  EI=0.0391  rnum=113.5  len=33  syn_rate=0.40  mean=0.8144  worsen=8.00%  highvar=0.00%
GA search time: 1.85s, candidates: 311
  [iter  35/100] search_obj=1.6464  search_best=0.7914  validation_best=0.7620  EI=0.0352  rnum=111.5  len=24  syn_rate=0.35  mean=1.0314  worsen=82.00%  highvar=0.00%
GA search time: 1.97s, candidates: 309
  [iter  36/100] search_obj=0.8883  search_best=0.7914  validation_best=0.7620  EI=0.0332  rnum=109.5  len=37  syn_rate=0.41  mean=0.8133  worsen=10.00%  highvar=0.00%
GA search time: 2.03s, candidates: 307
  [iter  37/100] search_obj=0.8994  search_best=0.7914  validation_best=0.7620  EI=0.0336  rnum=107.6  len=31  syn_rate=0.39  mean=0.8319  worsen=9.00%  highvar=0.00%
GA search time: 2.47s, candidates: 305
  [iter  38/100] search_obj=0.9331  search_best=0.7914  validation_best=0.7620  EI=0.0383  rnum=105.6  len=42  syn_rate=0.41  mean=0.8581  worsen=10.00%  highvar=0.00%
GA search time: 3.04s, candidates: 303
  [iter  39/100] search_obj=1.6731  search_best=0.7914  validation_best=0.7620  EI=0.0383  rnum=103.7  len=23  syn_rate=0.28  mean=1.0356  worsen=85.00%  highvar=0.00%
GA search time: 2.73s, candidates: 301
  [iter  40/100] search_obj=1.0694  search_best=0.7914  validation_best=0.7620  EI=0.0335  rnum=101.7  len=31  syn_rate=0.38  mean=0.8669  worsen=27.00%  highvar=0.00%
GA search time: 2.61s, candidates: 299
  [iter  41/100] search_obj=1.6639  search_best=0.7914  validation_best=0.7620  EI=0.0295  rnum=99.8  len=22  syn_rate=0.31  mean=1.0339  worsen=84.00%  highvar=0.00%
GA search time: 2.58s, candidates: 297
  [iter  42/100] search_obj=0.8032  search_best=0.7914  validation_best=0.7620  EI=0.0327  rnum=97.9  len=34  syn_rate=0.45  mean=0.7657  worsen=5.00%  highvar=0.00%
GA search time: 3.56s, candidates: 296
  [iter  43/100] search_obj=0.9447  search_best=0.7914  validation_best=0.7620  EI=0.0414  rnum=96.1  len=55  syn_rate=0.51  mean=0.8547  worsen=12.00%  highvar=0.00%
GA search time: 4.08s, candidates: 294
  [iter  44/100] search_obj=1.6732  search_best=0.7914  validation_best=0.7620  EI=0.0378  rnum=94.2  len=22  syn_rate=0.28  mean=1.0357  worsen=85.00%  highvar=0.00%
GA search time: 4.25s, candidates: 292
  [iter  45/100] search_obj=1.3943  search_best=0.7914  validation_best=0.7620  EI=0.0414  rnum=92.4  len=59  syn_rate=0.51  mean=1.0043  worsen=52.00%  highvar=0.00%
GA search time: 1.83s, candidates: 290
  [iter  46/100] search_obj=0.8167  search_best=0.7914  validation_best=0.7620  EI=0.0336  rnum=90.5  len=23  syn_rate=0.38  mean=0.7717  worsen=6.00%  highvar=0.00%
GA search time: 2.38s, candidates: 288
  [iter  47/100] search_obj=1.0376  search_best=0.7914  validation_best=0.7620  EI=0.0390  rnum=88.7  len=37  syn_rate=0.46  mean=0.9401  worsen=13.00%  highvar=0.00%
GA search time: 2.23s, candidates: 286
  [iter  48/100] search_obj=1.0396  search_best=0.7914  validation_best=0.7620  EI=0.0422  rnum=87.0  len=28  syn_rate=0.46  mean=0.9421  worsen=13.00%  highvar=0.00%
GA search time: 2.48s, candidates: 285
  [iter  49/100] search_obj=1.6728  search_best=0.7914  validation_best=0.7620  EI=0.0330  rnum=85.2  len=33  syn_rate=0.36  mean=1.0353  worsen=85.00%  highvar=0.00%
GA search time: 1.51s, candidates: 283
  [iter  50/100] search_obj=1.3787  search_best=0.7914  validation_best=0.7620  EI=0.0411  rnum=83.5  len=24  syn_rate=0.37  mean=1.0037  worsen=50.00%  highvar=0.00%
GA search time: 1.70s, candidates: 281
  [iter  51/100] search_obj=1.0901  search_best=0.7914  validation_best=0.7620  EI=0.0410  rnum=81.7  len=26  syn_rate=0.39  mean=0.8651  worsen=30.00%  highvar=0.00%
GA search time: 2.03s, candidates: 280
  [iter  52/100] search_obj=0.8924  search_best=0.7914  validation_best=0.7620  EI=0.0374  rnum=80.0  len=23  syn_rate=0.36  mean=0.8174  worsen=10.00%  highvar=0.00%
GA search time: 1.78s, candidates: 278
  [iter  53/100] search_obj=1.1388  search_best=0.7914  validation_best=0.7620  EI=0.0305  rnum=78.4  len=32  syn_rate=0.36  mean=0.9888  worsen=20.00%  highvar=0.00%
GA search time: 1.77s, candidates: 276
  [iter  54/100] search_obj=0.8424  search_best=0.7914  validation_best=0.7620  EI=0.0378  rnum=76.7  len=23  syn_rate=0.38  mean=0.7824  worsen=8.00%  highvar=0.00%
GA search time: 2.05s, candidates: 275
  [iter  55/100] search_obj=1.6731  search_best=0.7914  validation_best=0.7620  EI=0.0327  rnum=75.1  len=27  syn_rate=0.32  mean=1.0356  worsen=85.00%  highvar=0.00%
GA search time: 1.87s, candidates: 273
  [iter  56/100] search_obj=0.8141  search_best=0.7914  validation_best=0.7620  EI=0.0318  rnum=73.4  len=26  syn_rate=0.38  mean=0.7691  worsen=6.00%  highvar=0.00%
GA search time: 1.70s, candidates: 271
  [iter  57/100] search_obj=0.7913  search_best=0.7913  validation_best=0.7620  EI=0.0375  rnum=71.8  len=28  syn_rate=0.39  mean=0.7538  worsen=5.00%  highvar=0.00%
GA search time: 1.54s, candidates: 270
  [iter  58/100] search_obj=0.8475  search_best=0.7913  validation_best=0.7620  EI=0.0393  rnum=70.3  len=29  syn_rate=0.41  mean=0.8025  worsen=6.00%  highvar=0.00%
GA search time: 1.67s, candidates: 268
  [iter  59/100] search_obj=0.8924  search_best=0.7913  validation_best=0.7620  EI=0.0334  rnum=68.7  len=25  syn_rate=0.36  mean=0.8174  worsen=10.00%  highvar=0.00%
GA search time: 1.74s, candidates: 267
  [iter  60/100] search_obj=1.0258  search_best=0.7913  validation_best=0.7620  EI=0.0377  rnum=67.2  len=26  syn_rate=0.41  mean=0.9433  worsen=11.00%  highvar=0.00%
GA search time: 1.52s, candidates: 265
  [iter  61/100] search_obj=0.8857  search_best=0.7913  validation_best=0.7620  EI=0.0368  rnum=65.7  len=30  syn_rate=0.41  mean=0.8257  worsen=8.00%  highvar=0.00%
GA search time: 1.82s, candidates: 264
  [iter  62/100] search_obj=1.6732  search_best=0.7913  validation_best=0.7620  EI=0.0360  rnum=64.2  len=21  syn_rate=0.28  mean=1.0357  worsen=85.00%  highvar=0.00%
GA search time: 1.61s, candidates: 262
  [iter  63/100] search_obj=0.8723  search_best=0.7913  validation_best=0.7620  EI=0.0353  rnum=62.7  len=22  syn_rate=0.32  mean=0.8123  worsen=8.00%  highvar=0.00%
GA search time: 1.50s, candidates: 261
  [iter  64/100] search_obj=1.6372  search_best=0.7913  validation_best=0.7620  EI=0.0543  rnum=61.3  len=28  syn_rate=0.36  mean=1.0297  worsen=81.00%  highvar=0.00%
GA search time: 1.42s, candidates: 259
  [iter  65/100] search_obj=1.1076  search_best=0.7913  validation_best=0.7620  EI=0.0358  rnum=59.8  len=24  syn_rate=0.36  mean=0.8376  worsen=36.00%  highvar=0.00%
GA search time: 1.80s, candidates: 258
  [iter  66/100] search_obj=0.9031  search_best=0.7913  validation_best=0.7620  EI=0.0326  rnum=58.4  len=20  syn_rate=0.30  mean=0.8431  worsen=8.00%  highvar=0.00%
GA search time: 1.91s, candidates: 257
  [iter  67/100] search_obj=0.7910  search_best=0.7910  validation_best=0.7620  EI=0.0478  rnum=57.0  len=28  syn_rate=0.40  mean=0.7535  worsen=5.00%  highvar=0.00%
GA search time: 1.78s, candidates: 255
  [iter  68/100] search_obj=1.1600  search_best=0.7910  validation_best=0.7620  EI=0.0417  rnum=55.7  len=28  syn_rate=0.36  mean=0.9125  worsen=33.00%  highvar=0.00%
GA search time: 1.59s, candidates: 254
  [iter  69/100] search_obj=1.8940  search_best=0.7910  validation_best=0.7620  EI=0.0324  rnum=54.3  len=29  syn_rate=0.43  mean=1.2415  worsen=87.00%  highvar=0.00%
GA search time: 2.01s, candidates: 253
  [iter  70/100] search_obj=1.1339  search_best=0.7910  validation_best=0.7620  EI=0.0457  rnum=53.0  len=31  syn_rate=0.44  mean=0.8864  worsen=33.00%  highvar=0.00%
GA search time: 2.28s, candidates: 251
  [iter  71/100] search_obj=1.3787  search_best=0.7910  validation_best=0.7620  EI=0.0326  rnum=51.7  len=26  syn_rate=0.38  mean=1.0037  worsen=50.00%  highvar=0.00%
GA search time: 1.69s, candidates: 250
  [iter  72/100] search_obj=0.8778  search_best=0.7910  validation_best=0.7620  EI=0.0370  rnum=50.5  len=22  syn_rate=0.33  mean=0.8178  worsen=8.00%  highvar=0.00%
GA search time: 2.04s, candidates: 249
  [iter  73/100] search_obj=0.8797  search_best=0.7910  validation_best=0.7620  EI=0.0381  rnum=49.2  len=22  syn_rate=0.31  mean=0.8197  worsen=8.00%  highvar=0.00%
GA search time: 1.51s, candidates: 247
  [iter  74/100] search_obj=0.8114  search_best=0.7910  validation_best=0.7620  EI=0.0351  rnum=48.0  len=23  syn_rate=0.35  mean=0.7664  worsen=6.00%  highvar=0.00%
GA search time: 1.27s, candidates: 246
  [iter  75/100] search_obj=0.8424  search_best=0.7910  validation_best=0.7620  EI=0.0367  rnum=46.8  len=22  syn_rate=0.38  mean=0.7824  worsen=8.00%  highvar=0.00%
GA search time: 1.24s, candidates: 245
  [iter  76/100] search_obj=0.8129  search_best=0.7910  validation_best=0.7620  EI=0.0368  rnum=45.6  len=28  syn_rate=0.39  mean=0.7679  worsen=6.00%  highvar=0.00%
GA search time: 1.23s, candidates: 244
  [iter  77/100] search_obj=0.8144  search_best=0.7910  validation_best=0.7620  EI=0.0402  rnum=44.4  len=29  syn_rate=0.38  mean=0.7694  worsen=6.00%  highvar=0.00%
GA search time: 2.25s, candidates: 243
  [iter  78/100] search_obj=0.8564  search_best=0.7910  validation_best=0.7620  EI=0.0404  rnum=43.3  len=23  syn_rate=0.34  mean=0.8039  worsen=7.00%  highvar=0.00%
GA search time: 1.87s, candidates: 242
  [iter  79/100] search_obj=1.3787  search_best=0.7910  validation_best=0.7620  EI=0.0360  rnum=42.2  len=26  syn_rate=0.30  mean=1.0037  worsen=50.00%  highvar=0.00%
GA search time: 2.01s, candidates: 241
  [iter  80/100] search_obj=0.8778  search_best=0.7910  validation_best=0.7620  EI=0.0365  rnum=41.1  len=19  syn_rate=0.31  mean=0.8178  worsen=8.00%  highvar=0.00%
GA search time: 1.79s, candidates: 239
  [iter  81/100] search_obj=0.8797  search_best=0.7910  validation_best=0.7620  EI=0.0447  rnum=40.0  len=23  syn_rate=0.34  mean=0.8197  worsen=8.00%  highvar=0.00%
GA search time: 2.07s, candidates: 238
  [iter  82/100] search_obj=1.6556  search_best=0.7910  validation_best=0.7620  EI=0.0380  rnum=38.9  len=23  syn_rate=0.32  mean=1.0331  worsen=83.00%  highvar=0.00%
GA search time: 1.71s, candidates: 237
  [iter  83/100] search_obj=0.8694  search_best=0.7910  validation_best=0.7620  EI=0.0314  rnum=37.9  len=20  syn_rate=0.33  mean=0.8169  worsen=7.00%  highvar=0.00%
GA search time: 1.35s, candidates: 236
  [iter  84/100] search_obj=1.4131  search_best=0.7910  validation_best=0.7620  EI=0.0403  rnum=36.9  len=23  syn_rate=0.35  mean=1.0081  worsen=54.00%  highvar=0.00%
GA search time: 1.87s, candidates: 235
  [iter  85/100] search_obj=0.8191  search_best=0.7910  validation_best=0.7620  EI=0.0349  rnum=35.9  len=23  syn_rate=0.36  mean=0.7741  worsen=6.00%  highvar=0.00%
GA search time: 1.47s, candidates: 234
  [iter  86/100] search_obj=0.8170  search_best=0.7910  validation_best=0.7620  EI=0.0344  rnum=34.9  len=23  syn_rate=0.35  mean=0.7720  worsen=6.00%  highvar=0.00%
GA search time: 1.19s, candidates: 233
  [iter  87/100] search_obj=1.1394  search_best=0.7910  validation_best=0.7620  EI=0.0360  rnum=33.9  len=23  syn_rate=0.32  mean=0.9894  worsen=20.00%  highvar=0.00%
GA search time: 1.32s, candidates: 233
  [iter  88/100] search_obj=0.7910  search_best=0.7910  validation_best=0.7620  EI=0.0423  rnum=33.0  len=28  syn_rate=0.40  mean=0.7535  worsen=5.00%  highvar=0.00%
GA search time: 1.76s, candidates: 232
  [iter  89/100] search_obj=0.8683  search_best=0.7910  validation_best=0.7620  EI=0.0434  rnum=32.1  len=28  syn_rate=0.38  mean=0.8158  worsen=7.00%  highvar=0.00%
GA search time: 1.82s, candidates: 231
  [iter  90/100] search_obj=0.8768  search_best=0.7910  validation_best=0.7620  EI=0.0381  rnum=31.2  len=23  syn_rate=0.31  mean=0.8168  worsen=8.00%  highvar=0.00%
GA search time: 1.57s, candidates: 230
  [iter  91/100] search_obj=0.8066  search_best=0.7910  validation_best=0.7620  EI=0.0359  rnum=30.3  len=22  syn_rate=0.36  mean=0.7691  worsen=5.00%  highvar=0.00%
GA search time: 1.79s, candidates: 229
  [iter  92/100] search_obj=0.8694  search_best=0.7910  validation_best=0.7620  EI=0.0387  rnum=29.5  len=23  syn_rate=0.33  mean=0.8169  worsen=7.00%  highvar=0.00%
GA search time: 1.49s, candidates: 228
  [iter  93/100] search_obj=0.8926  search_best=0.7910  validation_best=0.7620  EI=0.0365  rnum=28.6  len=23  syn_rate=0.36  mean=0.8251  worsen=9.00%  highvar=0.00%
GA search time: 1.62s, candidates: 227
  [iter  94/100] search_obj=0.8694  search_best=0.7910  validation_best=0.7620  EI=0.0353  rnum=27.8  len=22  syn_rate=0.31  mean=0.8169  worsen=7.00%  highvar=0.00%
GA search time: 1.20s, candidates: 226
  [iter  95/100] search_obj=0.8680  search_best=0.7910  validation_best=0.7620  EI=0.0353  rnum=27.0  len=25  syn_rate=0.35  mean=0.8080  worsen=8.00%  highvar=0.00%
GA search time: 1.19s, candidates: 226
  [iter  96/100] search_obj=0.8694  search_best=0.7910  validation_best=0.7620  EI=0.0406  rnum=26.2  len=23  syn_rate=0.32  mean=0.8169  worsen=7.00%  highvar=0.00%
GA search time: 1.35s, candidates: 225
  [iter  97/100] search_obj=0.8660  search_best=0.7910  validation_best=0.7620  EI=0.0415  rnum=25.4  len=23  syn_rate=0.36  mean=0.8135  worsen=7.00%  highvar=0.00%
GA search time: 1.01s, candidates: 224
  [iter  98/100] search_obj=0.9031  search_best=0.7910  validation_best=0.7620  EI=0.0385  rnum=24.7  len=23  syn_rate=0.30  mean=0.8431  worsen=8.00%  highvar=0.00%
GA search time: 1.07s, candidates: 223
  [iter  99/100] search_obj=0.8398  search_best=0.7910  validation_best=0.7620  EI=0.0352  rnum=24.0  len=30  syn_rate=0.39  mean=0.7723  worsen=9.00%  highvar=0.00%
GA search time: 1.47s, candidates: 223
  [iter 100/100] search_obj=1.0270  search_best=0.7910  validation_best=0.7620  EI=0.0361  rnum=23.3  len=20  syn_rate=0.36  mean=0.9070  worsen=16.00%  highvar=0.00%

[Step 5] 按 validation 选择最终通用序列...
  选择结果:
    search_train_obj=0.7914, search_train_mean=0.7539, search_train_worsen=5.00%, search_train_highvar=0.00%
    validation_obj=0.7620, validation_mean=0.7095, validation_worsen=7.00%, validation_highvar=0.00%

[Step 6] 在 validation 上执行消融后处理...

[Ablation-validation] 初始序列长度: 26, objective: 0.7620, mean_norm: 0.7095, worsen_rate: 7.00%
  移除 [25] module(scc-oz-module-inliner): objective 0.8057 > 0.7620 (恢复)
  移除 [24] module(elim-avail-extern): objective 0.7620, mean_norm 0.7095, worsen_rate 7.00% (保留移除)
  移除 [23] module(iroutliner): objective 0.7619, mean_norm 0.7094, worsen_rate 7.00% (保留移除)
  移除 [22] function(dce): objective 0.7619, mean_norm 0.7094, worsen_rate 7.00% (保留移除)
  移除 [21] module(attributor): objective 0.8320 > 0.7619 (恢复)
  移除 [20] module(iroutliner): objective 0.7623 > 0.7619 (恢复)
  移除 [19] module(scc-oz-module-inliner): objective 0.8475 > 0.7619 (恢复)
  移除 [18] module(elim-avail-extern): objective 0.7619, mean_norm 0.7094, worsen_rate 7.00% (保留移除)
  移除 [17] module(iroutliner): objective 0.7652 > 0.7619 (恢复)
  移除 [16] function(dce): objective 0.7619, mean_norm 0.7094, worsen_rate 7.00% (保留移除)
  移除 [15] module(attributor): objective 0.7746 > 0.7619 (恢复)
  移除 [14] loop(loop-simplifycfg): objective 0.7619, mean_norm 0.7094, worsen_rate 7.00% (保留移除)
  移除 [13] function(dce): objective 0.7619, mean_norm 0.7094, worsen_rate 7.00% (保留移除)
  移除 [12] function(gvn-sink): objective 0.7623 > 0.7619 (恢复)
  移除 [11] function(newgvn): objective 0.8026 > 0.7619 (恢复)
  移除 [10] function(gvn-sink): objective 0.7554, mean_norm 0.7104, worsen_rate 6.00% (保留移除)
  移除 [9] module(globalopt): objective 0.7554, mean_norm 0.7104, worsen_rate 6.00% (保留移除)
  移除 [8] function(jump-threading): objective 0.7582 > 0.7554 (恢复)
  移除 [7] function(memcpyopt): objective 0.7554, mean_norm 0.7104, worsen_rate 6.00% (保留移除)
  移除 [6] module(attributor): objective 0.7782 > 0.7554 (恢复)
  移除 [5] function(gvn-hoist): objective 0.7566 > 0.7554 (恢复)
  移除 [4] function(instsimplify): objective 0.7554, mean_norm 0.7104, worsen_rate 6.00% (保留移除)
  移除 [3] module(iroutliner): objective 0.8827 > 0.7554 (恢复)
  移除 [2] module(globalopt): objective 1.1088 > 0.7554 (恢复)
  移除 [1] module(attributor): objective 0.7657 > 0.7554 (恢复)
  移除 [0] module(elim-avail-extern): objective 1.2763 > 0.7554 (恢复)
[Ablation-validation] 最终序列长度: 15, objective: 0.7554, mean_norm: 0.7104, worsen_rate: 6.00%, 移除了 11 个 pass
  消融有效: 26 → 15 passes, validation_objective: 0.7620 → 0.7554

最终通用 pass 序列（effective=15 个顶层 pass, raw=15 个 pass, syn_rate(raw)=0.20）:
  module(elim-avail-extern) → module(attributor) → module(globalopt) → module(iroutliner) → function(gvn-hoist) → module(attributor) → function(jump-threading) → function(newgvn) → function(gvn-sink) → module(attributor) → module(iroutliner) → module(scc-oz-module-inliner) → module(iroutliner) → module(attributor) → module(scc-oz-module-inliner)
  search_train_obj=0.7909, search_train_mean=0.7534, search_train_worsen=5.00%, search_train_highvar=0.00%
  validation_obj=0.7554, validation_mean=0.7104, validation_worsen=6.00%, validation_highvar=0.00%
  test_obj=0.9363, test_mean=0.8013, test_worsen=18.00%, test_highvar=0.00%

Top-5 最佳序列（按 validation 多目标 objective 升序）:
  #1: validation_obj=0.7620, validation_mean=0.7095, validation_worsen=7.00%, validation_highvar=0.00%, train_obj=0.7914, train_mean=0.7539, train_highvar=0.00%, len=26, syn_rate=0.38, test_obj=0.9206, test_mean=0.8006, test_worsen=16.00%, test_highvar=0.00%
     module(elim-avail-extern) → module(attributor) → module(globalopt) → module(iroutliner) → function(instsimplify) → function(gvn-hoist) → module(attributor) → function(memcpyopt) → function(jump-threading) → module(globalopt) → function(gvn-sink) → function(newgvn) → function(gvn-sink) → function(dce) → function(loop(loop-simplifycfg)) → module(attributor) → function(dce) → module(iroutliner) → module(elim-avail-extern) → module(scc-oz-module-inliner) → module(iroutliner) → module(attributor) → function(dce) → module(iroutliner) → module(elim-avail-extern) → module(scc-oz-module-inliner)
     raw: module(elim-avail-extern) → module(attributor) → module(globalopt) → module(iroutliner) → function(instsimplify) → function(gvn-hoist) → module(attributor) → function(memcpyopt) → function(jump-threading) → module(globalopt) → function(gvn-sink) → function(newgvn) → function(gvn-sink) → function(dce) → loop(loop-simplifycfg) → module(attributor) → function(dce) → module(iroutliner) → module(elim-avail-extern) → module(scc-oz-module-inliner) → module(iroutliner) → module(attributor) → function(dce) → module(iroutliner) → module(elim-avail-extern) → module(scc-oz-module-inliner)
  #2: validation_obj=0.7620, validation_mean=0.7095, validation_worsen=7.00%, validation_highvar=0.00%, train_obj=0.7910, train_mean=0.7535, train_highvar=0.00%, len=28, syn_rate=0.40, test_obj=0.9206, test_mean=0.8006, test_worsen=16.00%, test_highvar=0.00%
     module(elim-avail-extern) → module(attributor) → module(globalopt) → module(iroutliner) → function(instsimplify) → function(gvn-hoist) → module(attributor) → function(memcpyopt) → function(jump-threading) → module(globalopt) → function(gvn-sink) → function(loop(loop-simplifycfg)) → function(newgvn) → function(gvn-sink) → function(dce) → function(newgvn) → module(attributor) → module(attributor) → function(dce) → module(iroutliner) → module(elim-avail-extern) → module(scc-oz-module-inliner) → module(iroutliner) → module(attributor) → function(dce) → module(iroutliner) → module(elim-avail-extern) → module(scc-oz-module-inliner)
     raw: module(elim-avail-extern) → module(attributor) → module(globalopt) → module(iroutliner) → function(instsimplify) → function(gvn-hoist) → module(attributor) → function(memcpyopt) → function(jump-threading) → module(globalopt) → function(gvn-sink) → loop(loop-simplifycfg) → function(newgvn) → function(gvn-sink) → function(dce) → function(newgvn) → module(attributor) → module(attributor) → function(dce) → module(iroutliner) → module(elim-avail-extern) → module(scc-oz-module-inliner) → module(iroutliner) → module(attributor) → function(dce) → module(iroutliner) → module(elim-avail-extern) → module(scc-oz-module-inliner)
  #3: validation_obj=0.7741, validation_mean=0.7216, validation_worsen=7.00%, validation_highvar=0.00%, train_obj=0.8191, train_mean=0.7741, train_highvar=0.00%, len=23, syn_rate=0.36, test_obj=0.9343, test_mean=0.8143, test_worsen=16.00%, test_highvar=0.00%
     module(elim-avail-extern) → module(attributor) → module(globalopt) → module(iroutliner) → module(attributor) → function(instsimplify) → function(memcpyopt) → module(elim-avail-extern) → function(jump-threading) → module(globalopt) → function(gvn-sink) → function(newgvn) → function(loop(loop-simplifycfg)) → module(scc-oz-module-inliner) → function(gvn-sink) → function(dce) → module(iroutliner) → module(attributor) → function(dce) → module(scc-oz-module-inliner) → module(iroutliner) → module(elim-avail-extern) → function(newgvn)
     raw: module(elim-avail-extern) → module(attributor) → module(globalopt) → module(iroutliner) → module(attributor) → function(instsimplify) → function(memcpyopt) → module(elim-avail-extern) → function(jump-threading) → module(globalopt) → function(gvn-sink) → function(newgvn) → loop(loop-simplifycfg) → module(scc-oz-module-inliner) → function(gvn-sink) → function(dce) → module(iroutliner) → module(attributor) → function(dce) → module(scc-oz-module-inliner) → module(iroutliner) → module(elim-avail-extern) → function(newgvn)
  #4: validation_obj=0.7746, validation_mean=0.7221, validation_worsen=7.00%, validation_highvar=0.00%, train_obj=0.8032, train_mean=0.7657, train_highvar=0.00%, len=34, syn_rate=0.45, test_obj=0.9322, test_mean=0.8122, test_worsen=16.00%, test_highvar=0.00%
     module(elim-avail-extern) → module(attributor) → module(globalopt) → module(iroutliner) → function(instsimplify) → function(gvn-hoist) → module(elim-avail-extern) → module(iroutliner) → module(iroutliner) → module(attributor) → function(memcpyopt) → function(jump-threading) → module(globalopt) → module(attributor) → module(scc-oz-module-inliner) → function(newgvn) → function(memcpyopt) → module(globalopt) → function(gvn-hoist) → function(newgvn) → module(iroutliner) → module(globalopt) → function(gvn-sink) → function(loop(loop-simplifycfg)) → function(newgvn) → function(gvn-sink) → function(dce) → module(iroutliner) → module(attributor) → function(dce) → module(iroutliner) → module(attributor) → module(elim-avail-extern) → module(scc-oz-module-inliner)
     raw: module(elim-avail-extern) → module(attributor) → module(globalopt) → module(iroutliner) → function(instsimplify) → function(gvn-hoist) → module(elim-avail-extern) → module(iroutliner) → module(iroutliner) → module(attributor) → function(memcpyopt) → function(jump-threading) → module(globalopt) → module(attributor) → module(scc-oz-module-inliner) → function(newgvn) → function(memcpyopt) → module(globalopt) → function(gvn-hoist) → function(newgvn) → module(iroutliner) → module(globalopt) → function(gvn-sink) → loop(loop-simplifycfg) → function(newgvn) → function(gvn-sink) → function(dce) → module(iroutliner) → module(attributor) → function(dce) → module(iroutliner) → module(attributor) → module(elim-avail-extern) → module(scc-oz-module-inliner)
  #5: validation_obj=0.7837, validation_mean=0.7387, validation_worsen=6.00%, validation_highvar=0.00%, train_obj=0.8144, train_mean=0.7694, train_highvar=0.00%, len=29, syn_rate=0.38, test_obj=0.9489, test_mean=0.8139, test_worsen=18.00%, test_highvar=0.00%
     module(elim-avail-extern) → module(attributor) → module(globalopt) → module(iroutliner) → module(attributor) → function(instsimplify) → function(memcpyopt) → module(elim-avail-extern) → module(scc-oz-module-inliner) → function(jump-threading) → module(globalopt) → module(elim-avail-extern) → module(attributor) → module(scc-oz-module-inliner) → function(gvn-sink) → function(newgvn) → module(globalopt) → function(loop(loop-simplifycfg)) → function(gvn-sink) → function(newgvn) → function(newgvn) → function(gvn-sink) → function(dce) → module(iroutliner) → module(attributor) → function(dce) → module(iroutliner) → module(elim-avail-extern) → module(scc-oz-module-inliner)
     raw: module(elim-avail-extern) → module(attributor) → module(globalopt) → module(iroutliner) → module(attributor) → function(instsimplify) → function(memcpyopt) → module(elim-avail-extern) → module(scc-oz-module-inliner) → function(jump-threading) → module(globalopt) → module(elim-avail-extern) → module(attributor) → module(scc-oz-module-inliner) → function(gvn-sink) → function(newgvn) → module(globalopt) → loop(loop-simplifycfg) → function(gvn-sink) → function(newgvn) → function(newgvn) → function(gvn-sink) → function(dce) → module(iroutliner) → module(attributor) → function(dce) → module(iroutliner) → module(elim-avail-extern) → module(scc-oz-module-inliner)

============================================================
所有轮次中最优 validation objective: 0.7554
最优通用 pass 序列 (15 passes):
  module(elim-avail-extern) → module(attributor) → module(globalopt) → module(iroutliner) → function(gvn-hoist) → module(attributor) → function(jump-threading) → function(newgvn) → function(gvn-sink) → module(attributor) → module(iroutliner) → module(scc-oz-module-inliner) → module(iroutliner) → module(attributor) → module(scc-oz-module-inliner)
  search_train_obj=0.7909, search_train_mean=0.7534, search_train_worsen=5.00%, search_train_highvar=0.00%
  validation_obj=0.7554, validation_mean=0.7104, validation_worsen=6.00%, validation_highvar=0.00%
  test_obj=0.9363, test_mean=0.8013, test_worsen=18.00%, test_highvar=0.00%

最优轮次 Top-5 序列（含测试集效果，按 validation objective 升序）:
  #1: validation_obj=0.7620, validation_mean=0.7095, validation_worsen=7.00%, validation_highvar=0.00%, train_obj=0.7914, train_mean=0.7539, train_highvar=0.00%, len=26, syn_rate=0.38, test_obj=0.9206, test_mean=0.8006, test_worsen=16.00%, test_highvar=0.00%
     module(elim-avail-extern) → module(attributor) → module(globalopt) → module(iroutliner) → function(instsimplify) → function(gvn-hoist) → module(attributor) → function(memcpyopt) → function(jump-threading) → module(globalopt) → function(gvn-sink) → function(newgvn) → function(gvn-sink) → function(dce) → function(loop(loop-simplifycfg)) → module(attributor) → function(dce) → module(iroutliner) → module(elim-avail-extern) → module(scc-oz-module-inliner) → module(iroutliner) → module(attributor) → function(dce) → module(iroutliner) → module(elim-avail-extern) → module(scc-oz-module-inliner)
     raw: module(elim-avail-extern) → module(attributor) → module(globalopt) → module(iroutliner) → function(instsimplify) → function(gvn-hoist) → module(attributor) → function(memcpyopt) → function(jump-threading) → module(globalopt) → function(gvn-sink) → function(newgvn) → function(gvn-sink) → function(dce) → loop(loop-simplifycfg) → module(attributor) → function(dce) → module(iroutliner) → module(elim-avail-extern) → module(scc-oz-module-inliner) → module(iroutliner) → module(attributor) → function(dce) → module(iroutliner) → module(elim-avail-extern) → module(scc-oz-module-inliner)
  #2: validation_obj=0.7620, validation_mean=0.7095, validation_worsen=7.00%, validation_highvar=0.00%, train_obj=0.7910, train_mean=0.7535, train_highvar=0.00%, len=28, syn_rate=0.40, test_obj=0.9206, test_mean=0.8006, test_worsen=16.00%, test_highvar=0.00%
     module(elim-avail-extern) → module(attributor) → module(globalopt) → module(iroutliner) → function(instsimplify) → function(gvn-hoist) → module(attributor) → function(memcpyopt) → function(jump-threading) → module(globalopt) → function(gvn-sink) → function(loop(loop-simplifycfg)) → function(newgvn) → function(gvn-sink) → function(dce) → function(newgvn) → module(attributor) → module(attributor) → function(dce) → module(iroutliner) → module(elim-avail-extern) → module(scc-oz-module-inliner) → module(iroutliner) → module(attributor) → function(dce) → module(iroutliner) → module(elim-avail-extern) → module(scc-oz-module-inliner)
     raw: module(elim-avail-extern) → module(attributor) → module(globalopt) → module(iroutliner) → function(instsimplify) → function(gvn-hoist) → module(attributor) → function(memcpyopt) → function(jump-threading) → module(globalopt) → function(gvn-sink) → loop(loop-simplifycfg) → function(newgvn) → function(gvn-sink) → function(dce) → function(newgvn) → module(attributor) → module(attributor) → function(dce) → module(iroutliner) → module(elim-avail-extern) → module(scc-oz-module-inliner) → module(iroutliner) → module(attributor) → function(dce) → module(iroutliner) → module(elim-avail-extern) → module(scc-oz-module-inliner)
  #3: validation_obj=0.7741, validation_mean=0.7216, validation_worsen=7.00%, validation_highvar=0.00%, train_obj=0.8191, train_mean=0.7741, train_highvar=0.00%, len=23, syn_rate=0.36, test_obj=0.9343, test_mean=0.8143, test_worsen=16.00%, test_highvar=0.00%
     module(elim-avail-extern) → module(attributor) → module(globalopt) → module(iroutliner) → module(attributor) → function(instsimplify) → function(memcpyopt) → module(elim-avail-extern) → function(jump-threading) → module(globalopt) → function(gvn-sink) → function(newgvn) → function(loop(loop-simplifycfg)) → module(scc-oz-module-inliner) → function(gvn-sink) → function(dce) → module(iroutliner) → module(attributor) → function(dce) → module(scc-oz-module-inliner) → module(iroutliner) → module(elim-avail-extern) → function(newgvn)
     raw: module(elim-avail-extern) → module(attributor) → module(globalopt) → module(iroutliner) → module(attributor) → function(instsimplify) → function(memcpyopt) → module(elim-avail-extern) → function(jump-threading) → module(globalopt) → function(gvn-sink) → function(newgvn) → loop(loop-simplifycfg) → module(scc-oz-module-inliner) → function(gvn-sink) → function(dce) → module(iroutliner) → module(attributor) → function(dce) → module(scc-oz-module-inliner) → module(iroutliner) → module(elim-avail-extern) → function(newgvn)
  #4: validation_obj=0.7746, validation_mean=0.7221, validation_worsen=7.00%, validation_highvar=0.00%, train_obj=0.8032, train_mean=0.7657, train_highvar=0.00%, len=34, syn_rate=0.45, test_obj=0.9322, test_mean=0.8122, test_worsen=16.00%, test_highvar=0.00%
     module(elim-avail-extern) → module(attributor) → module(globalopt) → module(iroutliner) → function(instsimplify) → function(gvn-hoist) → module(elim-avail-extern) → module(iroutliner) → module(iroutliner) → module(attributor) → function(memcpyopt) → function(jump-threading) → module(globalopt) → module(attributor) → module(scc-oz-module-inliner) → function(newgvn) → function(memcpyopt) → module(globalopt) → function(gvn-hoist) → function(newgvn) → module(iroutliner) → module(globalopt) → function(gvn-sink) → function(loop(loop-simplifycfg)) → function(newgvn) → function(gvn-sink) → function(dce) → module(iroutliner) → module(attributor) → function(dce) → module(iroutliner) → module(attributor) → module(elim-avail-extern) → module(scc-oz-module-inliner)
     raw: module(elim-avail-extern) → module(attributor) → module(globalopt) → module(iroutliner) → function(instsimplify) → function(gvn-hoist) → module(elim-avail-extern) → module(iroutliner) → module(iroutliner) → module(attributor) → function(memcpyopt) → function(jump-threading) → module(globalopt) → module(attributor) → module(scc-oz-module-inliner) → function(newgvn) → function(memcpyopt) → module(globalopt) → function(gvn-hoist) → function(newgvn) → module(iroutliner) → module(globalopt) → function(gvn-sink) → loop(loop-simplifycfg) → function(newgvn) → function(gvn-sink) → function(dce) → module(iroutliner) → module(attributor) → function(dce) → module(iroutliner) → module(attributor) → module(elim-avail-extern) → module(scc-oz-module-inliner)
  #5: validation_obj=0.7837, validation_mean=0.7387, validation_worsen=6.00%, validation_highvar=0.00%, train_obj=0.8144, train_mean=0.7694, train_highvar=0.00%, len=29, syn_rate=0.38, test_obj=0.9489, test_mean=0.8139, test_worsen=18.00%, test_highvar=0.00%
     module(elim-avail-extern) → module(attributor) → module(globalopt) → module(iroutliner) → module(attributor) → function(instsimplify) → function(memcpyopt) → module(elim-avail-extern) → module(scc-oz-module-inliner) → function(jump-threading) → module(globalopt) → module(elim-avail-extern) → module(attributor) → module(scc-oz-module-inliner) → function(gvn-sink) → function(newgvn) → module(globalopt) → function(loop(loop-simplifycfg)) → function(gvn-sink) → function(newgvn) → function(newgvn) → function(gvn-sink) → function(dce) → module(iroutliner) → module(attributor) → function(dce) → module(iroutliner) → module(elim-avail-extern) → module(scc-oz-module-inliner)
     raw: module(elim-avail-extern) → module(attributor) → module(globalopt) → module(iroutliner) → module(attributor) → function(instsimplify) → function(memcpyopt) → module(elim-avail-extern) → module(scc-oz-module-inliner) → function(jump-threading) → module(globalopt) → module(elim-avail-extern) → module(attributor) → module(scc-oz-module-inliner) → function(gvn-sink) → function(newgvn) → module(globalopt) → loop(loop-simplifycfg) → function(gvn-sink) → function(newgvn) → function(newgvn) → function(gvn-sink) → function(dce) → module(iroutliner) → module(attributor) → function(dce) → module(iroutliner) → module(elim-avail-extern) → module(scc-oz-module-inliner)
binarysize_test: vs_none=0.999 (+0.1%)  vs_oz=1.000 (+0.0%)  vs_o3=0.995 (+0.5%) [metric=stripped_file_bytes]
binarysize_test[text_bytes]: vs_none=0.899 (+10.1%)  vs_oz=0.929 (+7.1%)  vs_o3=0.849 (+15.1%)
binarysize_test[data_bytes]: vs_none=0.989 (+1.1%)  vs_oz=0.995 (+0.5%)  vs_o3=0.991 (+0.9%)
binarysize_test[bss_bytes]: vs_none=1.000 (+0.0%)  vs_oz=1.000 (+0.0%)  vs_o3=1.000 (+0.0%)
binarysize_test[dec_bytes]: vs_none=0.923 (+7.7%)  vs_oz=0.946 (+5.4%)  vs_o3=0.883 (+11.7%)

最优轮次 Top-5 binarysize_test 序列面板（primary=stripped_file_bytes）:
  #1: len=26, syn_rate=0.38
     stripped_file_bytes: obj=1.0446, mean=0.9996, worsen=6.00%, vs_none=0.999 (+0.1%)  vs_oz=1.000 (+0.0%)  vs_o3=0.995 (+0.5%)
     text_bytes: obj=1.0941, mean=0.9291, worsen=22.00%, vs_none=0.899 (+10.1%)  vs_oz=0.929 (+7.1%)  vs_o3=0.849 (+15.1%)
     data_bytes: obj=1.0552, mean=0.9952, worsen=8.00%, vs_none=0.989 (+1.1%)  vs_oz=0.995 (+0.5%)  vs_o3=0.991 (+0.9%)
     bss_bytes: obj=1.0000, mean=1.0000, worsen=0.00%, vs_none=1.000 (+0.0%)  vs_oz=1.000 (+0.0%)  vs_o3=1.000 (+0.0%)
     dec_bytes: obj=1.1114, mean=0.9464, worsen=22.00%, vs_none=0.923 (+7.7%)  vs_oz=0.946 (+5.4%)  vs_o3=0.883 (+11.7%)
  #2: len=28, syn_rate=0.40
     stripped_file_bytes: obj=1.0446, mean=0.9996, worsen=6.00%, vs_none=0.999 (+0.1%)  vs_oz=1.000 (+0.0%)  vs_o3=0.995 (+0.5%)
     text_bytes: obj=1.0942, mean=0.9292, worsen=22.00%, vs_none=0.899 (+10.1%)  vs_oz=0.929 (+7.1%)  vs_o3=0.849 (+15.1%)
     data_bytes: obj=1.0552, mean=0.9952, worsen=8.00%, vs_none=0.989 (+1.1%)  vs_oz=0.995 (+0.5%)  vs_o3=0.991 (+0.9%)
     bss_bytes: obj=1.0000, mean=1.0000, worsen=0.00%, vs_none=1.000 (+0.0%)  vs_oz=1.000 (+0.0%)  vs_o3=1.000 (+0.0%)
     dec_bytes: obj=1.1114, mean=0.9464, worsen=22.00%, vs_none=0.923 (+7.7%)  vs_oz=0.946 (+5.4%)  vs_o3=0.883 (+11.7%)
  #3: len=23, syn_rate=0.36
     stripped_file_bytes: obj=1.0446, mean=0.9996, worsen=6.00%, vs_none=0.999 (+0.1%)  vs_oz=1.000 (+0.0%)  vs_o3=0.995 (+0.5%)
     text_bytes: obj=1.0991, mean=0.9341, worsen=22.00%, vs_none=0.904 (+9.6%)  vs_oz=0.934 (+6.6%)  vs_o3=0.854 (+14.6%)
     data_bytes: obj=1.0552, mean=0.9952, worsen=8.00%, vs_none=0.989 (+1.1%)  vs_oz=0.995 (+0.5%)  vs_o3=0.991 (+0.9%)
     bss_bytes: obj=1.0000, mean=1.0000, worsen=0.00%, vs_none=1.000 (+0.0%)  vs_oz=1.000 (+0.0%)  vs_o3=1.000 (+0.0%)
     dec_bytes: obj=1.1153, mean=0.9503, worsen=22.00%, vs_none=0.927 (+7.3%)  vs_oz=0.950 (+5.0%)  vs_o3=0.887 (+11.3%)
  #4: len=34, syn_rate=0.45
     stripped_file_bytes: obj=1.0446, mean=0.9996, worsen=6.00%, vs_none=0.999 (+0.1%)  vs_oz=1.000 (+0.0%)  vs_o3=0.995 (+0.5%)
     text_bytes: obj=1.0966, mean=0.9316, worsen=22.00%, vs_none=0.901 (+9.9%)  vs_oz=0.932 (+6.8%)  vs_o3=0.851 (+14.9%)
     data_bytes: obj=1.0549, mean=0.9949, worsen=8.00%, vs_none=0.989 (+1.1%)  vs_oz=0.995 (+0.5%)  vs_o3=0.991 (+0.9%)
     bss_bytes: obj=1.0000, mean=1.0000, worsen=0.00%, vs_none=1.000 (+0.0%)  vs_oz=1.000 (+0.0%)  vs_o3=1.000 (+0.0%)
     dec_bytes: obj=1.1134, mean=0.9484, worsen=22.00%, vs_none=0.925 (+7.5%)  vs_oz=0.948 (+5.2%)  vs_o3=0.885 (+11.5%)
  #5: len=29, syn_rate=0.38
     stripped_file_bytes: obj=1.0446, mean=0.9996, worsen=6.00%, vs_none=0.999 (+0.1%)  vs_oz=1.000 (+0.0%)  vs_o3=0.995 (+0.5%)
     text_bytes: obj=1.0978, mean=0.9328, worsen=22.00%, vs_none=0.902 (+9.8%)  vs_oz=0.933 (+6.7%)  vs_o3=0.852 (+14.8%)
     data_bytes: obj=1.0552, mean=0.9952, worsen=8.00%, vs_none=0.989 (+1.1%)  vs_oz=0.995 (+0.5%)  vs_o3=0.991 (+0.9%)
     bss_bytes: obj=1.0000, mean=1.0000, worsen=0.00%, vs_none=1.000 (+0.0%)  vs_oz=1.000 (+0.0%)  vs_o3=1.000 (+0.0%)
     dec_bytes: obj=1.1144, mean=0.9494, worsen=22.00%, vs_none=0.925 (+7.5%)  vs_oz=0.949 (+5.1%)  vs_o3=0.886 (+11.4%)
核心调优成本已写入: /root/exp/RFunipassLab/results/instrcount/summaries/20260510_181414_425950_feature_lite_seed458_core_tuning_cost.json
结果已写入: /root/exp/RFunipassLab/results/instrcount/summaries/20260510_181414_425950_feature_lite_seed458.json
总运行时间: 927.18 秒
