# run_id: 20260408_214216_965311_baseline
# name: baseline
# group: baseline
# description: 参考基线配置，不覆盖任何默认参数。
# changed: baseline
# started_at: 2026-04-08T21:42:16
# control_env:
#   DECAY=0.5
#   GA_ELITE=0.1
#   GA_GEN=3
#   GA_MUT=0.8
#   GA_POP=30
#   GA_TOUR=3
#   ITERS=6
#   MAX_SEQ_LEN=60
#   MIN_VAL_PROGRAMS=4
#   OBJ_WORSEN_W=0.15
#   OFFSET=20
#   RNUM=256
#   RUNS=1
#   SCALE=10
#   SEED_TOPK=20
#   TEST_TOPK=40
#   TRAIN_TOPK=20
#   VAL_RATIO=0.3

Traceback (most recent call last):
  File "/root/exp/RFunipassLab/boca.py", line 25, in <module>
    raise SystemExit(cli_main())
                     ~~~~~~~~^^
  File "/root/exp/RFunipassLab/boca_exp/runner.py", line 328, in cli_main
    _require_existing_file(tuning_csv, 'TUNING_CSV')
    ~~~~~~~~~~~~~~~~~~~~~~^^^^^^^^^^^^^^^^^^^^^^^^^^
  File "/root/exp/RFunipassLab/boca_exp/runner.py", line 318, in _require_existing_file
    raise FileNotFoundError(
    ...<2 lines>...
    )
FileNotFoundError: TUNING_CSV resolved to /root/exp/RFunipassLab/data/tuning_results.csv, but the file does not exist. Place the file under /root/exp/RFunipassLab/data or set TUNING_CSV explicitly.
