# run_tag: rf_explain_formal_10seeds_20260505_021421
# started_at: 2026-05-05T02:14:21+08:00
# python: /root/miniconda3/envs/csibe313/bin/python
Python 3.13.0
[1/10] running feature_lite with EXPERIMENT_SEED=456, SPLIT_SEED=456
[done] name=feature_lite exit=0 runtime=2779.78s
[done] log=/root/exp/RFunipassLab/results/logs/20260505_021422_538513_feature_lite_seed456.log
[done] result_json=/root/exp/RFunipassLab/results/instrcount/summaries/20260505_021422_538513_feature_lite_seed456.json
[done] manifest=/root/exp/RFunipassLab/results/manifests/20260505_021422_538513_feature_lite_seed456.json
[2/10] running feature_lite with EXPERIMENT_SEED=457, SPLIT_SEED=457
[done] name=feature_lite exit=0 runtime=4315.65s
[done] log=/root/exp/RFunipassLab/results/logs/20260505_030042_375448_feature_lite_seed457.log
[done] result_json=/root/exp/RFunipassLab/results/instrcount/summaries/20260505_030042_375448_feature_lite_seed457.json
[done] manifest=/root/exp/RFunipassLab/results/manifests/20260505_030042_375448_feature_lite_seed457.json
[3/10] running feature_lite with EXPERIMENT_SEED=458, SPLIT_SEED=458
[done] name=feature_lite exit=0 runtime=2738.34s
[done] log=/root/exp/RFunipassLab/results/logs/20260505_041238_090656_feature_lite_seed458.log
[done] result_json=/root/exp/RFunipassLab/results/instrcount/summaries/20260505_041238_090656_feature_lite_seed458.json
[done] manifest=/root/exp/RFunipassLab/results/manifests/20260505_041238_090656_feature_lite_seed458.json
[4/10] running feature_lite with EXPERIMENT_SEED=459, SPLIT_SEED=459
[done] name=feature_lite exit=0 runtime=1079.02s
[done] log=/root/exp/RFunipassLab/results/logs/20260505_045816_489909_feature_lite_seed459.log
[done] result_json=/root/exp/RFunipassLab/results/instrcount/summaries/20260505_045816_489909_feature_lite_seed459.json
[done] manifest=/root/exp/RFunipassLab/results/manifests/20260505_045816_489909_feature_lite_seed459.json
[5/10] running feature_lite with EXPERIMENT_SEED=460, SPLIT_SEED=460
[done] name=feature_lite exit=0 runtime=1812.41s
[done] log=/root/exp/RFunipassLab/results/logs/20260505_051615_556780_feature_lite_seed460.log
[done] result_json=/root/exp/RFunipassLab/results/instrcount/summaries/20260505_051615_556780_feature_lite_seed460.json
[done] manifest=/root/exp/RFunipassLab/results/manifests/20260505_051615_556780_feature_lite_seed460.json
[6/10] running feature_lite with EXPERIMENT_SEED=461, SPLIT_SEED=461
[done] name=feature_lite exit=0 runtime=1244.89s
[done] log=/root/exp/RFunipassLab/results/logs/20260505_054628_012709_feature_lite_seed461.log
[done] result_json=/root/exp/RFunipassLab/results/instrcount/summaries/20260505_054628_012709_feature_lite_seed461.json
[done] manifest=/root/exp/RFunipassLab/results/manifests/20260505_054628_012709_feature_lite_seed461.json
[7/10] running feature_lite with EXPERIMENT_SEED=462, SPLIT_SEED=462
[done] name=feature_lite exit=0 runtime=3159.38s
[done] log=/root/exp/RFunipassLab/results/logs/20260505_060712_941720_feature_lite_seed462.log
[done] result_json=/root/exp/RFunipassLab/results/instrcount/summaries/20260505_060712_941720_feature_lite_seed462.json
[done] manifest=/root/exp/RFunipassLab/results/manifests/20260505_060712_941720_feature_lite_seed462.json
[8/10] running feature_lite with EXPERIMENT_SEED=463, SPLIT_SEED=463
[done] name=feature_lite exit=0 runtime=1232.13s
[done] log=/root/exp/RFunipassLab/results/logs/20260505_065952_368025_feature_lite_seed463.log
[done] result_json=/root/exp/RFunipassLab/results/instrcount/summaries/20260505_065952_368025_feature_lite_seed463.json
[done] manifest=/root/exp/RFunipassLab/results/manifests/20260505_065952_368025_feature_lite_seed463.json
[9/10] running feature_lite with EXPERIMENT_SEED=464, SPLIT_SEED=464
[done] name=feature_lite exit=0 runtime=1246.30s
[done] log=/root/exp/RFunipassLab/results/logs/20260505_072024_540076_feature_lite_seed464.log
[done] result_json=/root/exp/RFunipassLab/results/instrcount/summaries/20260505_072024_540076_feature_lite_seed464.json
[done] manifest=/root/exp/RFunipassLab/results/manifests/20260505_072024_540076_feature_lite_seed464.json
[10/10] running feature_lite with EXPERIMENT_SEED=465, SPLIT_SEED=465
[done] name=feature_lite exit=0 runtime=1418.82s
[done] log=/root/exp/RFunipassLab/results/logs/20260505_074110_879129_feature_lite_seed465.log
[done] result_json=/root/exp/RFunipassLab/results/instrcount/summaries/20260505_074110_879129_feature_lite_seed465.json
[done] manifest=/root/exp/RFunipassLab/results/manifests/20260505_074110_879129_feature_lite_seed465.json
[batch] manifest=/root/exp/RFunipassLab/results/manifests/20260505_021422_538199_feature_lite_multiseed_rf_explain_formal_10seeds_20260505_021421.json
[batch] csv=/root/exp/RFunipassLab/results/reports/20260505_021422_538199_feature_lite_multiseed_rf_explain_formal_10seeds_20260505_021421.csv
[batch] md=/root/exp/RFunipassLab/results/reports/20260505_021422_538199_feature_lite_multiseed_rf_explain_formal_10seeds_20260505_021421.md
[summary] csv=/root/exp/RFunipassLab/results/reports/summary.csv
[summary] md=/root/exp/RFunipassLab/results/reports/summary.md
# run_multi_seed_exit: 0
# batch_manifest: results/manifests/20260505_021422_538199_feature_lite_multiseed_rf_explain_formal_10seeds_20260505_021421.json
inputs=10
features_csv=results/reports/rf_explain_formal_10seeds_20260505_021421_rf_importance_ci_features.csv
groups_csv=results/reports/rf_explain_formal_10seeds_20260505_021421_rf_importance_ci_groups.csv
report_md=results/reports/rf_explain_formal_10seeds_20260505_021421_rf_importance_ci_top.md
# aggregate_exit: 0
# finished_at: 2026-05-05T08:04:50+08:00
